[2024-01-15T06:36:31.407+0000][170][gc,init] CardTable entry size: 512
[2024-01-15T06:36:31.410+0000][170][gc     ] Using G1
[2024-01-15T06:36:31.418+0000][170][gc,init] Version: 21.0.1+12-29 (release)
[2024-01-15T06:36:31.420+0000][170][gc,init] CPUs: 8 total, 8 available
[2024-01-15T06:36:31.421+0000][170][gc,init] Memory: 7858M
[2024-01-15T06:36:31.423+0000][170][gc,init] Large Page Support: Disabled
[2024-01-15T06:36:31.424+0000][170][gc,init] NUMA Support: Disabled
[2024-01-15T06:36:31.426+0000][170][gc,init] Compressed Oops: Enabled (32-bit)
[2024-01-15T06:36:31.427+0000][170][gc,init] Heap Region Size: 1M
[2024-01-15T06:36:31.428+0000][170][gc,init] Heap Min Capacity: 512M
[2024-01-15T06:36:31.429+0000][170][gc,init] Heap Initial Capacity: 512M
[2024-01-15T06:36:31.431+0000][170][gc,init] Heap Max Capacity: 512M
[2024-01-15T06:36:31.432+0000][170][gc,init] Pre-touch: Disabled
[2024-01-15T06:36:31.433+0000][170][gc,init] Parallel Workers: 8
[2024-01-15T06:36:31.434+0000][170][gc,init] Concurrent Workers: 2
[2024-01-15T06:36:31.435+0000][170][gc,init] Concurrent Refinement Workers: 8
[2024-01-15T06:36:31.436+0000][170][gc,init] Periodic GC: Disabled
[2024-01-15T06:36:31.437+0000][170][gc,metaspace] CDS archive(s) not mapped
[2024-01-15T06:36:31.438+0000][170][gc,metaspace] Compressed class space mapped at: 0x0000000100000000-0x0000000140000000, reserved size: 1073741824
[2024-01-15T06:36:31.439+0000][170][gc,metaspace] Narrow klass base: 0x0000000000000000, Narrow klass shift: 3, Narrow klass range: 0x140000000
[2024-01-15T06:36:31.518+0000][170][gc,heap,exit] Heap
[2024-01-15T06:36:31.520+0000][170][gc,heap,exit]  garbage-first heap   total 524288K, used 2050K [0x00000000e0000000, 0x0000000100000000)
[2024-01-15T06:36:31.521+0000][170][gc,heap,exit]   region size 1024K, 3 young (3072K), 0 survivors (0K)
[2024-01-15T06:36:31.522+0000][170][gc,heap,exit]  Metaspace       used 4095K, committed 4160K, reserved 1114112K
[2024-01-15T06:36:31.522+0000][170][gc,heap,exit]   class space    used 315K, committed 320K, reserved 1048576K
