[2024-01-15T06:36:31.602+0000][7][gc,init] CardTable entry size: 512
[2024-01-15T06:36:31.604+0000][7][gc     ] Using G1
[2024-01-15T06:36:31.680+0000][7][gc,init] Version: 21.0.1+12-29 (release)
[2024-01-15T06:36:31.682+0000][7][gc,init] CPUs: 8 total, 8 available
[2024-01-15T06:36:31.683+0000][7][gc,init] Memory: 7858M
[2024-01-15T06:36:31.685+0000][7][gc,init] Large Page Support: Disabled
[2024-01-15T06:36:31.686+0000][7][gc,init] NUMA Support: Disabled
[2024-01-15T06:36:31.687+0000][7][gc,init] Compressed Oops: Enabled (32-bit)
[2024-01-15T06:36:31.689+0000][7][gc,init] Heap Region Size: 4M
[2024-01-15T06:36:31.690+0000][7][gc,init] Heap Min Capacity: 512M
[2024-01-15T06:36:31.691+0000][7][gc,init] Heap Initial Capacity: 512M
[2024-01-15T06:36:31.693+0000][7][gc,init] Heap Max Capacity: 512M
[2024-01-15T06:36:31.694+0000][7][gc,init] Pre-touch: Enabled
[2024-01-15T06:36:31.695+0000][7][gc,init] Parallel Workers: 8
[2024-01-15T06:36:31.696+0000][7][gc,init] Concurrent Workers: 2
[2024-01-15T06:36:31.698+0000][7][gc,init] Concurrent Refinement Workers: 8
[2024-01-15T06:36:31.699+0000][7][gc,init] Periodic GC: Disabled
[2024-01-15T06:36:31.709+0000][7][gc,metaspace] CDS archive(s) mapped at: [0x00007faaa7000000-0x00007faaa7ca5000-0x00007faaa7ca5000), size 13258752, SharedBaseAddress: 0x00007faaa7000000, ArchiveRelocationMode: 1.
[2024-01-15T06:36:31.710+0000][7][gc,metaspace] Compressed class space mapped at: 0x00007faaa8000000-0x00007faae8000000, reserved size: 1073741824
[2024-01-15T06:36:31.711+0000][7][gc,metaspace] Narrow klass base: 0x00007faaa7000000, Narrow klass shift: 0, Narrow klass range: 0x100000000
[2024-01-15T06:36:32.218+0000][7][safepoint   ] Safepoint "ICBufferFull", Time since last: 500394638 ns, Reaching safepoint: 3530 ns, Cleanup: 74027 ns, At safepoint: 2263 ns, Total: 79820 ns
[2024-01-15T06:36:32.423+0000][7][gc,start    ] GC(0) Pause Young (Normal) (G1 Evacuation Pause)
[2024-01-15T06:36:32.425+0000][7][gc,task     ] GC(0) Using 8 workers of 8 for evacuation
[2024-01-15T06:36:32.426+0000][7][gc,age      ] GC(0) Desired survivor size 2097152 bytes, new threshold 15 (max threshold 15)
[2024-01-15T06:36:32.432+0000][7][gc,phases   ] GC(0)   Pre Evacuate Collection Set: 0.6ms
[2024-01-15T06:36:32.434+0000][7][gc,phases   ] GC(0)   Merge Heap Roots: 0.5ms
[2024-01-15T06:36:32.435+0000][7][gc,phases   ] GC(0)   Evacuate Collection Set: 2.8ms
[2024-01-15T06:36:32.436+0000][7][gc,phases   ] GC(0)   Post Evacuate Collection Set: 1.3ms
[2024-01-15T06:36:32.437+0000][7][gc,phases   ] GC(0)   Other: 2.4ms
[2024-01-15T06:36:32.439+0000][7][gc,age      ] GC(0) Age table with threshold 15 (max threshold 15)
[2024-01-15T06:36:32.440+0000][7][gc,age      ] GC(0) - age   1:    4156096 bytes,    4156096 total
[2024-01-15T06:36:32.441+0000][7][gc,heap     ] GC(0) Eden regions: 6->0(5)
[2024-01-15T06:36:32.442+0000][7][gc,heap     ] GC(0) Survivor regions: 0->1(1)
[2024-01-15T06:36:32.444+0000][7][gc,heap     ] GC(0) Old regions: 1->2
[2024-01-15T06:36:32.445+0000][7][gc,heap     ] GC(0) Humongous regions: 0->0
[2024-01-15T06:36:32.446+0000][7][gc,metaspace] GC(0) Metaspace: 9161K(9344K)->9161K(9344K) NonClass: 8118K(8192K)->8118K(8192K) Class: 1043K(1152K)->1043K(1152K)
[2024-01-15T06:36:32.448+0000][7][gc          ] GC(0) Pause Young (Normal) (G1 Evacuation Pause) 25M->5M(512M) 24.659ms
[2024-01-15T06:36:32.449+0000][7][gc,cpu      ] GC(0) User=0.05s Sys=0.00s Real=0.03s
[2024-01-15T06:36:32.450+0000][7][safepoint   ] Safepoint "G1CollectForAllocation", Time since last: 204906396 ns, Reaching safepoint: 3274 ns, Cleanup: 69178 ns, At safepoint: 26875494 ns, Total: 26947946 ns
[2024-01-15T06:36:32.785+0000][7][gc,start    ] GC(1) Pause Young (Normal) (G1 Evacuation Pause)
[2024-01-15T06:36:32.787+0000][7][gc,task     ] GC(1) Using 8 workers of 8 for evacuation
[2024-01-15T06:36:32.788+0000][7][gc,age      ] GC(1) Desired survivor size 2097152 bytes, new threshold 1 (max threshold 15)
[2024-01-15T06:36:32.793+0000][7][gc,phases   ] GC(1)   Pre Evacuate Collection Set: 0.4ms
[2024-01-15T06:36:32.795+0000][7][gc,phases   ] GC(1)   Merge Heap Roots: 0.1ms
[2024-01-15T06:36:32.797+0000][7][gc,phases   ] GC(1)   Evacuate Collection Set: 2.8ms
[2024-01-15T06:36:32.798+0000][7][gc,phases   ] GC(1)   Post Evacuate Collection Set: 1.1ms
[2024-01-15T06:36:32.799+0000][7][gc,phases   ] GC(1)   Other: 2.1ms
[2024-01-15T06:36:32.800+0000][7][gc,age      ] GC(1) Age table with threshold 1 (max threshold 15)
[2024-01-15T06:36:32.801+0000][7][gc,age      ] GC(1) - age   1:    1982336 bytes,    1982336 total
[2024-01-15T06:36:32.802+0000][7][gc,heap     ] GC(1) Eden regions: 5->0(11)
[2024-01-15T06:36:32.803+0000][7][gc,heap     ] GC(1) Survivor regions: 1->1(1)
[2024-01-15T06:36:32.805+0000][7][gc,heap     ] GC(1) Old regions: 2->3
[2024-01-15T06:36:32.806+0000][7][gc,heap     ] GC(1) Humongous regions: 0->0
[2024-01-15T06:36:32.806+0000][7][gc,metaspace] GC(1) Metaspace: 12325K(12672K)->12325K(12672K) NonClass: 10845K(11008K)->10845K(11008K) Class: 1480K(1664K)->1480K(1664K)
[2024-01-15T06:36:32.807+0000][7][gc          ] GC(1) Pause Young (Normal) (G1 Evacuation Pause) 25M->7M(512M) 21.922ms
[2024-01-15T06:36:32.808+0000][7][gc,cpu      ] GC(1) User=0.06s Sys=0.01s Real=0.03s
[2024-01-15T06:36:32.809+0000][7][safepoint   ] Safepoint "G1CollectForAllocation", Time since last: 335179675 ns, Reaching safepoint: 217636 ns, Cleanup: 62018 ns, At safepoint: 23845298 ns, Total: 24124952 ns
[2024-01-15T06:36:33.318+0000][7][safepoint   ] Safepoint "ICBufferFull", Time since last: 508171350 ns, Reaching safepoint: 161893 ns, Cleanup: 168402 ns, At safepoint: 24497 ns, Total: 354792 ns
[2024-01-15T06:36:33.424+0000][7][gc,start    ] GC(2) Pause Young (Normal) (G1 Evacuation Pause)
[2024-01-15T06:36:33.425+0000][7][gc,task     ] GC(2) Using 8 workers of 8 for evacuation
[2024-01-15T06:36:33.427+0000][7][gc,age      ] GC(2) Desired survivor size 4194304 bytes, new threshold 15 (max threshold 15)
[2024-01-15T06:36:33.434+0000][7][gc,phases   ] GC(2)   Pre Evacuate Collection Set: 0.5ms
[2024-01-15T06:36:33.435+0000][7][gc,phases   ] GC(2)   Merge Heap Roots: 0.2ms
[2024-01-15T06:36:33.436+0000][7][gc,phases   ] GC(2)   Evacuate Collection Set: 2.7ms
[2024-01-15T06:36:33.437+0000][7][gc,phases   ] GC(2)   Post Evacuate Collection Set: 2.1ms
[2024-01-15T06:36:33.438+0000][7][gc,phases   ] GC(2)   Other: 2.9ms
[2024-01-15T06:36:33.439+0000][7][gc,age      ] GC(2) Age table with threshold 15 (max threshold 15)
[2024-01-15T06:36:33.440+0000][7][gc,age      ] GC(2) - age   1:    1460856 bytes,    1460856 total
[2024-01-15T06:36:33.441+0000][7][gc,age      ] GC(2) - age   2:    1938928 bytes,    3399784 total
[2024-01-15T06:36:33.442+0000][7][gc,heap     ] GC(2) Eden regions: 11->0(42)
[2024-01-15T06:36:33.443+0000][7][gc,heap     ] GC(2) Survivor regions: 1->1(2)
[2024-01-15T06:36:33.444+0000][7][gc,heap     ] GC(2) Old regions: 3->3
[2024-01-15T06:36:33.445+0000][7][gc,heap     ] GC(2) Humongous regions: 0->0
[2024-01-15T06:36:33.446+0000][7][gc,metaspace] GC(2) Metaspace: 15793K(16064K)->15793K(16064K) NonClass: 13981K(14144K)->13981K(14144K) Class: 1811K(1920K)->1811K(1920K)
[2024-01-15T06:36:33.447+0000][7][gc          ] GC(2) Pause Young (Normal) (G1 Evacuation Pause) 51M->8M(512M) 23.365ms
[2024-01-15T06:36:33.448+0000][7][gc,cpu      ] GC(2) User=0.03s Sys=0.00s Real=0.03s
[2024-01-15T06:36:33.449+0000][7][safepoint   ] Safepoint "G1CollectForAllocation", Time since last: 105945203 ns, Reaching safepoint: 4090 ns, Cleanup: 35448 ns, At safepoint: 25443029 ns, Total: 25482567 ns
[2024-01-15T06:36:34.026+0000][7][safepoint   ] Safepoint "ICBufferFull", Time since last: 577073233 ns, Reaching safepoint: 3293 ns, Cleanup: 106051 ns, At safepoint: 2347 ns, Total: 111691 ns
[2024-01-15T06:36:34.039+0000][7][gc,start    ] GC(3) Pause Young (Normal) (G1 Evacuation Pause)
[2024-01-15T06:36:34.040+0000][7][gc,task     ] GC(3) Using 8 workers of 8 for evacuation
[2024-01-15T06:36:34.041+0000][7][gc,age      ] GC(3) Desired survivor size 12582912 bytes, new threshold 15 (max threshold 15)
[2024-01-15T06:36:34.048+0000][7][gc,phases   ] GC(3)   Pre Evacuate Collection Set: 0.3ms
[2024-01-15T06:36:34.050+0000][7][gc,phases   ] GC(3)   Merge Heap Roots: 0.3ms
[2024-01-15T06:36:34.051+0000][7][gc,phases   ] GC(3)   Evacuate Collection Set: 3.6ms
[2024-01-15T06:36:34.052+0000][7][gc,phases   ] GC(3)   Post Evacuate Collection Set: 1.7ms
[2024-01-15T06:36:34.053+0000][7][gc,phases   ] GC(3)   Other: 2.0ms
[2024-01-15T06:36:34.054+0000][7][gc,age      ] GC(3) Age table with threshold 15 (max threshold 15)
[2024-01-15T06:36:34.055+0000][7][gc,age      ] GC(3) - age   1:    4365392 bytes,    4365392 total
[2024-01-15T06:36:34.055+0000][7][gc,age      ] GC(3) - age   2:    1424072 bytes,    5789464 total
[2024-01-15T06:36:34.056+0000][7][gc,age      ] GC(3) - age   3:    1937480 bytes,    7726944 total
[2024-01-15T06:36:34.057+0000][7][gc,heap     ] GC(3) Eden regions: 42->0(74)
[2024-01-15T06:36:34.058+0000][7][gc,heap     ] GC(3) Survivor regions: 1->2(6)
[2024-01-15T06:36:34.059+0000][7][gc,heap     ] GC(3) Old regions: 3->3
[2024-01-15T06:36:34.060+0000][7][gc,heap     ] GC(3) Humongous regions: 0->0
[2024-01-15T06:36:34.060+0000][7][gc,metaspace] GC(3) Metaspace: 18538K(18944K)->18538K(18944K) NonClass: 16362K(16576K)->16362K(16576K) Class: 2176K(2368K)->2176K(2368K)
[2024-01-15T06:36:34.061+0000][7][gc          ] GC(3) Pause Young (Normal) (G1 Evacuation Pause) 176M->13M(512M) 22.233ms
[2024-01-15T06:36:34.062+0000][7][gc,cpu      ] GC(3) User=0.05s Sys=0.01s Real=0.02s
[2024-01-15T06:36:34.063+0000][7][safepoint   ] Safepoint "G1CollectForAllocation", Time since last: 12650985 ns, Reaching safepoint: 3297 ns, Cleanup: 6920 ns, At safepoint: 24320290 ns, Total: 24330507 ns
[2024-01-15T06:36:34.571+0000][7][gc,start    ] GC(4) Pause Young (Normal) (G1 Evacuation Pause)
[2024-01-15T06:36:34.572+0000][7][gc,task     ] GC(4) Using 8 workers of 8 for evacuation
[2024-01-15T06:36:34.573+0000][7][gc,age      ] GC(4) Desired survivor size 20971520 bytes, new threshold 15 (max threshold 15)
[2024-01-15T06:36:34.580+0000][7][gc,phases   ] GC(4)   Pre Evacuate Collection Set: 0.4ms
[2024-01-15T06:36:34.581+0000][7][gc,phases   ] GC(4)   Merge Heap Roots: 0.4ms
[2024-01-15T06:36:34.582+0000][7][gc,phases   ] GC(4)   Evacuate Collection Set: 3.5ms
[2024-01-15T06:36:34.583+0000][7][gc,phases   ] GC(4)   Post Evacuate Collection Set: 1.3ms
[2024-01-15T06:36:34.584+0000][7][gc,phases   ] GC(4)   Other: 2.2ms
[2024-01-15T06:36:34.585+0000][7][gc,age      ] GC(4) Age table with threshold 15 (max threshold 15)
[2024-01-15T06:36:34.586+0000][7][gc,age      ] GC(4) - age   1:    5439696 bytes,    5439696 total
[2024-01-15T06:36:34.586+0000][7][gc,age      ] GC(4) - age   2:    3421832 bytes,    8861528 total
[2024-01-15T06:36:34.587+0000][7][gc,age      ] GC(4) - age   3:    1423856 bytes,   10285384 total
[2024-01-15T06:36:34.588+0000][7][gc,age      ] GC(4) - age   4:    1937480 bytes,   12222864 total
[2024-01-15T06:36:34.589+0000][7][gc,heap     ] GC(4) Eden regions: 74->0(72)
[2024-01-15T06:36:34.590+0000][7][gc,heap     ] GC(4) Survivor regions: 2->4(10)
[2024-01-15T06:36:34.590+0000][7][gc,heap     ] GC(4) Old regions: 3->3
[2024-01-15T06:36:34.591+0000][7][gc,heap     ] GC(4) Humongous regions: 0->0
[2024-01-15T06:36:34.592+0000][7][gc,metaspace] GC(4) Metaspace: 19421K(19904K)->19421K(19904K) NonClass: 17127K(17408K)->17127K(17408K) Class: 2294K(2496K)->2294K(2496K)
[2024-01-15T06:36:34.593+0000][7][gc          ] GC(4) Pause Young (Normal) (G1 Evacuation Pause) 309M->17M(512M) 21.991ms
[2024-01-15T06:36:34.593+0000][7][gc,cpu      ] GC(4) User=0.04s Sys=0.00s Real=0.02s
[2024-01-15T06:36:34.594+0000][7][safepoint   ] Safepoint "G1CollectForAllocation", Time since last: 507191234 ns, Reaching safepoint: 3826 ns, Cleanup: 30771 ns, At safepoint: 23597174 ns, Total: 23631771 ns
[2024-01-15T06:36:35.003+0000][7][gc,start    ] GC(5) Pause Young (Normal) (G1 Evacuation Pause)
[2024-01-15T06:36:35.004+0000][7][gc,task     ] GC(5) Using 8 workers of 8 for evacuation
[2024-01-15T06:36:35.005+0000][7][gc,age      ] GC(5) Desired survivor size 20971520 bytes, new threshold 15 (max threshold 15)
[2024-01-15T06:36:35.015+0000][7][gc,phases   ] GC(5)   Pre Evacuate Collection Set: 0.4ms
[2024-01-15T06:36:35.017+0000][7][gc,phases   ] GC(5)   Merge Heap Roots: 0.0ms
[2024-01-15T06:36:35.019+0000][7][gc,phases   ] GC(5)   Evacuate Collection Set: 5.4ms
[2024-01-15T06:36:35.019+0000][7][gc,phases   ] GC(5)   Post Evacuate Collection Set: 1.8ms
[2024-01-15T06:36:35.021+0000][7][gc,phases   ] GC(5)   Other: 2.8ms
[2024-01-15T06:36:35.022+0000][7][gc,age      ] GC(5) Age table with threshold 15 (max threshold 15)
[2024-01-15T06:36:35.023+0000][7][gc,age      ] GC(5) - age   1:    2233976 bytes,    2233976 total
[2024-01-15T06:36:35.024+0000][7][gc,age      ] GC(5) - age   2:    2558040 bytes,    4792016 total
[2024-01-15T06:36:35.025+0000][7][gc,age      ] GC(5) - age   3:    3421352 bytes,    8213368 total
[2024-01-15T06:36:35.026+0000][7][gc,age      ] GC(5) - age   4:    1423552 bytes,    9636920 total
[2024-01-15T06:36:35.027+0000][7][gc,age      ] GC(5) - age   5:    1937416 bytes,   11574336 total
[2024-01-15T06:36:35.027+0000][7][gc,heap     ] GC(5) Eden regions: 72->0(73)
[2024-01-15T06:36:35.028+0000][7][gc,heap     ] GC(5) Survivor regions: 4->3(10)
[2024-01-15T06:36:35.029+0000][7][gc,heap     ] GC(5) Old regions: 3->3
[2024-01-15T06:36:35.030+0000][7][gc,heap     ] GC(5) Humongous regions: 0->0
[2024-01-15T06:36:35.031+0000][7][gc,metaspace] GC(5) Metaspace: 20172K(20672K)->20172K(20672K) NonClass: 17773K(18048K)->17773K(18048K) Class: 2399K(2624K)->2399K(2624K)
[2024-01-15T06:36:35.032+0000][7][gc          ] GC(5) Pause Young (Normal) (G1 Evacuation Pause) 305M->17M(512M) 29.477ms
[2024-01-15T06:36:35.034+0000][7][gc,cpu      ] GC(5) User=0.06s Sys=0.00s Real=0.03s
[2024-01-15T06:36:35.035+0000][7][safepoint   ] Safepoint "G1CollectForAllocation", Time since last: 408380045 ns, Reaching safepoint: 3607 ns, Cleanup: 86710 ns, At safepoint: 32125592 ns, Total: 32215909 ns
[2024-01-15T06:36:35.423+0000][7][gc,start    ] GC(6) Pause Young (Concurrent Start) (Metadata GC Threshold)
[2024-01-15T06:36:35.425+0000][7][gc,task     ] GC(6) Using 8 workers of 8 for evacuation
[2024-01-15T06:36:35.426+0000][7][gc,age      ] GC(6) Desired survivor size 20971520 bytes, new threshold 15 (max threshold 15)
[2024-01-15T06:36:35.436+0000][7][gc,phases   ] GC(6)   Pre Evacuate Collection Set: 0.8ms
[2024-01-15T06:36:35.438+0000][7][gc,phases   ] GC(6)   Merge Heap Roots: 0.4ms
[2024-01-15T06:36:35.439+0000][7][gc,phases   ] GC(6)   Evacuate Collection Set: 5.0ms
[2024-01-15T06:36:35.440+0000][7][gc,phases   ] GC(6)   Post Evacuate Collection Set: 2.5ms
[2024-01-15T06:36:35.441+0000][7][gc,phases   ] GC(6)   Other: 2.8ms
[2024-01-15T06:36:35.443+0000][7][gc,age      ] GC(6) Age table with threshold 15 (max threshold 15)
[2024-01-15T06:36:35.444+0000][7][gc,age      ] GC(6) - age   1:    1678088 bytes,    1678088 total
[2024-01-15T06:36:35.446+0000][7][gc,age      ] GC(6) - age   2:    2041448 bytes,    3719536 total
[2024-01-15T06:36:35.447+0000][7][gc,age      ] GC(6) - age   3:    2553320 bytes,    6272856 total
[2024-01-15T06:36:35.449+0000][7][gc,age      ] GC(6) - age   4:    3420264 bytes,    9693120 total
[2024-01-15T06:36:35.450+0000][7][gc,age      ] GC(6) - age   5:    1423552 bytes,   11116672 total
[2024-01-15T06:36:35.451+0000][7][gc,age      ] GC(6) - age   6:    1937416 bytes,   13054088 total
[2024-01-15T06:36:35.452+0000][7][gc,heap     ] GC(6) Eden regions: 70->0(72)
[2024-01-15T06:36:35.454+0000][7][gc,heap     ] GC(6) Survivor regions: 3->4(10)
[2024-01-15T06:36:35.456+0000][7][gc,heap     ] GC(6) Old regions: 3->3
[2024-01-15T06:36:35.457+0000][7][gc,heap     ] GC(6) Humongous regions: 0->0
[2024-01-15T06:36:35.459+0000][7][gc,metaspace] GC(6) Metaspace: 20960K(21504K)->20960K(21504K) NonClass: 18448K(18752K)->18448K(18752K) Class: 2512K(2752K)->2512K(2752K)
[2024-01-15T06:36:35.461+0000][7][gc          ] GC(6) Pause Young (Concurrent Start) (Metadata GC Threshold) 297M->19M(512M) 37.348ms
[2024-01-15T06:36:35.462+0000][7][gc,cpu      ] GC(6) User=0.08s Sys=0.01s Real=0.04s
[2024-01-15T06:36:35.462+0000][7][gc          ] GC(7) Concurrent Mark Cycle
[2024-01-15T06:36:35.467+0000][7][gc,marking  ] GC(7) Concurrent Scan Root Regions
[2024-01-15T06:36:35.464+0000][7][safepoint   ] Safepoint "CollectForMetadataAllocation", Time since last: 388393674 ns, Reaching safepoint: 4306 ns, Cleanup: 65651 ns, At safepoint: 41152603 ns, Total: 41222560 ns
[2024-01-15T06:36:35.473+0000][7][gc,marking  ] GC(7) Concurrent Scan Root Regions 5.352ms
[2024-01-15T06:36:35.474+0000][7][gc,marking  ] GC(7) Concurrent Mark
[2024-01-15T06:36:35.475+0000][7][gc,marking  ] GC(7) Concurrent Mark From Roots
[2024-01-15T06:36:35.476+0000][7][gc,task     ] GC(7) Using 2 workers of 2 for marking
[2024-01-15T06:36:35.482+0000][7][gc,marking  ] GC(7) Concurrent Mark From Roots 7.130ms
[2024-01-15T06:36:35.484+0000][7][gc,marking  ] GC(7) Concurrent Preclean
[2024-01-15T06:36:35.486+0000][7][gc,marking  ] GC(7) Concurrent Preclean 1.675ms
[2024-01-15T06:36:35.487+0000][7][gc,start    ] GC(7) Pause Remark
[2024-01-15T06:36:35.493+0000][7][gc          ] GC(7) Pause Remark 21M->21M(512M) 5.229ms
[2024-01-15T06:36:35.494+0000][7][gc,cpu      ] GC(7) User=0.02s Sys=0.00s Real=0.01s
[2024-01-15T06:36:35.496+0000][7][safepoint   ] Safepoint "G1PauseRemark", Time since last: 22938324 ns, Reaching safepoint: 182503 ns, Cleanup: 10497 ns, At safepoint: 8149439 ns, Total: 8342439 ns
[2024-01-15T06:36:35.497+0000][7][gc,marking  ] GC(7) Concurrent Mark 23.170ms
[2024-01-15T06:36:35.499+0000][7][gc,marking  ] GC(7) Concurrent Rebuild Remembered Sets and Scrub Regions
[2024-01-15T06:36:35.503+0000][7][gc,marking  ] GC(7) Concurrent Rebuild Remembered Sets and Scrub Regions 3.958ms
[2024-01-15T06:36:35.504+0000][7][gc,start    ] GC(7) Pause Cleanup
[2024-01-15T06:36:35.506+0000][7][gc          ] GC(7) Pause Cleanup 21M->21M(512M) 2.037ms
[2024-01-15T06:36:35.508+0000][7][gc,cpu      ] GC(7) User=0.00s Sys=0.00s Real=0.01s
[2024-01-15T06:36:35.509+0000][7][safepoint   ] Safepoint "G1PauseCleanup", Time since last: 8497324 ns, Reaching safepoint: 252988 ns, Cleanup: 5471 ns, At safepoint: 5035373 ns, Total: 5293832 ns
[2024-01-15T06:36:35.511+0000][7][gc,marking  ] GC(7) Concurrent Clear Claimed Marks
[2024-01-15T06:36:35.512+0000][7][gc,marking  ] GC(7) Concurrent Clear Claimed Marks 1.417ms
[2024-01-15T06:36:35.514+0000][7][gc,marking  ] GC(7) Concurrent Cleanup for Next Mark
[2024-01-15T06:36:35.516+0000][7][gc,marking  ] GC(7) Concurrent Cleanup for Next Mark 1.522ms
[2024-01-15T06:36:35.517+0000][7][gc          ] GC(7) Concurrent Mark Cycle 54.777ms
[2024-01-15T06:36:35.865+0000][7][gc,start    ] GC(8) Pause Young (Prepare Mixed) (G1 Evacuation Pause)
[2024-01-15T06:36:35.867+0000][7][gc,task     ] GC(8) Using 8 workers of 8 for evacuation
[2024-01-15T06:36:35.867+0000][7][gc,age      ] GC(8) Desired survivor size 20971520 bytes, new threshold 15 (max threshold 15)
[2024-01-15T06:36:35.874+0000][7][gc,phases   ] GC(8)   Pre Evacuate Collection Set: 0.5ms
[2024-01-15T06:36:35.876+0000][7][gc,phases   ] GC(8)   Merge Heap Roots: 0.2ms
[2024-01-15T06:36:35.877+0000][7][gc,phases   ] GC(8)   Evacuate Collection Set: 3.7ms
[2024-01-15T06:36:35.878+0000][7][gc,phases   ] GC(8)   Post Evacuate Collection Set: 1.5ms
[2024-01-15T06:36:35.878+0000][7][gc,phases   ] GC(8)   Other: 2.0ms
[2024-01-15T06:36:35.879+0000][7][gc,age      ] GC(8) Age table with threshold 15 (max threshold 15)
[2024-01-15T06:36:35.880+0000][7][gc,age      ] GC(8) - age   1:     971656 bytes,     971656 total
[2024-01-15T06:36:35.881+0000][7][gc,age      ] GC(8) - age   2:    1665408 bytes,    2637064 total
[2024-01-15T06:36:35.882+0000][7][gc,age      ] GC(8) - age   3:    2040264 bytes,    4677328 total
[2024-01-15T06:36:35.883+0000][7][gc,age      ] GC(8) - age   4:    2553104 bytes,    7230432 total
[2024-01-15T06:36:35.884+0000][7][gc,age      ] GC(8) - age   5:    3417592 bytes,   10648024 total
[2024-01-15T06:36:35.885+0000][7][gc,age      ] GC(8) - age   6:    1422512 bytes,   12070536 total
[2024-01-15T06:36:35.886+0000][7][gc,age      ] GC(8) - age   7:    1936152 bytes,   14006688 total
[2024-01-15T06:36:35.887+0000][7][gc,heap     ] GC(8) Eden regions: 72->0(72)
[2024-01-15T06:36:35.890+0000][7][gc,heap     ] GC(8) Survivor regions: 4->4(10)
[2024-01-15T06:36:35.891+0000][7][gc,heap     ] GC(8) Old regions: 3->3
[2024-01-15T06:36:35.892+0000][7][gc,heap     ] GC(8) Humongous regions: 0->0
[2024-01-15T06:36:35.892+0000][7][gc,metaspace] GC(8) Metaspace: 21642K(22336K)->21642K(22336K) NonClass: 19035K(19456K)->19035K(19456K) Class: 2607K(2880K)->2607K(2880K)
[2024-01-15T06:36:35.893+0000][7][gc          ] GC(8) Pause Young (Prepare Mixed) (G1 Evacuation Pause) 307M->19M(512M) 27.924ms
[2024-01-15T06:36:35.894+0000][7][gc,cpu      ] GC(8) User=0.03s Sys=0.00s Real=0.03s
[2024-01-15T06:36:35.895+0000][7][safepoint   ] Safepoint "G1CollectForAllocation", Time since last: 355932576 ns, Reaching safepoint: 2606 ns, Cleanup: 16465 ns, At safepoint: 29794842 ns, Total: 29813913 ns
[2024-01-15T06:36:36.773+0000][7][safepoint   ] Safepoint "ICBufferFull", Time since last: 877528415 ns, Reaching safepoint: 2975 ns, Cleanup: 111266 ns, At safepoint: 23156 ns, Total: 137397 ns
[2024-01-15T06:36:37.115+0000][7][gc,start    ] GC(9) Pause Young (Mixed) (G1 Evacuation Pause)
[2024-01-15T06:36:37.116+0000][7][gc,task     ] GC(9) Using 8 workers of 8 for evacuation
[2024-01-15T06:36:37.117+0000][7][gc,age      ] GC(9) Desired survivor size 20971520 bytes, new threshold 15 (max threshold 15)
[2024-01-15T06:36:37.130+0000][7][gc,phases   ] GC(9)   Pre Evacuate Collection Set: 0.3ms
[2024-01-15T06:36:37.131+0000][7][gc,phases   ] GC(9)   Merge Heap Roots: 0.1ms
[2024-01-15T06:36:37.132+0000][7][gc,phases   ] GC(9)   Evacuate Collection Set: 9.2ms
[2024-01-15T06:36:37.133+0000][7][gc,phases   ] GC(9)   Post Evacuate Collection Set: 2.1ms
[2024-01-15T06:36:37.134+0000][7][gc,phases   ] GC(9)   Other: 2.0ms
[2024-01-15T06:36:37.135+0000][7][gc,age      ] GC(9) Age table with threshold 15 (max threshold 15)
[2024-01-15T06:36:37.136+0000][7][gc,age      ] GC(9) - age   1:   10333944 bytes,   10333944 total
[2024-01-15T06:36:37.137+0000][7][gc,age      ] GC(9) - age   2:     937336 bytes,   11271280 total
[2024-01-15T06:36:37.138+0000][7][gc,age      ] GC(9) - age   3:    1643872 bytes,   12915152 total
[2024-01-15T06:36:37.139+0000][7][gc,age      ] GC(9) - age   4:    2025416 bytes,   14940568 total
[2024-01-15T06:36:37.140+0000][7][gc,age      ] GC(9) - age   5:    2536384 bytes,   17476952 total
[2024-01-15T06:36:37.141+0000][7][gc,age      ] GC(9) - age   6:    3339536 bytes,   20816488 total
[2024-01-15T06:36:37.141+0000][7][gc,age      ] GC(9) - age   7:    1384616 bytes,   22201104 total
[2024-01-15T06:36:37.143+0000][7][gc,age      ] GC(9) - age   8:    1929648 bytes,   24130752 total
[2024-01-15T06:36:37.143+0000][7][gc,heap     ] GC(9) Eden regions: 72->0(69)
[2024-01-15T06:36:37.144+0000][7][gc,heap     ] GC(9) Survivor regions: 4->7(10)
[2024-01-15T06:36:37.145+0000][7][gc,heap     ] GC(9) Old regions: 3->2
[2024-01-15T06:36:37.146+0000][7][gc,heap     ] GC(9) Humongous regions: 0->0
[2024-01-15T06:36:37.147+0000][7][gc,metaspace] GC(9) Metaspace: 30408K(31488K)->30408K(31488K) NonClass: 26576K(27264K)->26576K(27264K) Class: 3831K(4224K)->3831K(4224K)
[2024-01-15T06:36:37.148+0000][7][gc          ] GC(9) Pause Young (Mixed) (G1 Evacuation Pause) 307M->29M(512M) 32.874ms
[2024-01-15T06:36:37.149+0000][7][gc,cpu      ] GC(9) User=0.09s Sys=0.00s Real=0.04s
[2024-01-15T06:36:37.149+0000][7][safepoint   ] Safepoint "G1CollectForAllocation", Time since last: 341915840 ns, Reaching safepoint: 3205 ns, Cleanup: 59569 ns, At safepoint: 34694668 ns, Total: 34757442 ns
[2024-01-15T06:36:38.255+0000][7][gc,start    ] GC(10) Pause Young (Concurrent Start) (Metadata GC Threshold)
[2024-01-15T06:36:38.261+0000][7][gc,task     ] GC(10) Using 8 workers of 8 for evacuation
[2024-01-15T06:36:38.262+0000][7][gc,age      ] GC(10) Desired survivor size 20971520 bytes, new threshold 7 (max threshold 15)
[2024-01-15T06:36:38.288+0000][7][gc,phases   ] GC(10)   Pre Evacuate Collection Set: 2.0ms
[2024-01-15T06:36:38.290+0000][7][gc,phases   ] GC(10)   Merge Heap Roots: 0.1ms
[2024-01-15T06:36:38.292+0000][7][gc,phases   ] GC(10)   Evacuate Collection Set: 18.6ms
[2024-01-15T06:36:38.293+0000][7][gc,phases   ] GC(10)   Post Evacuate Collection Set: 3.0ms
[2024-01-15T06:36:38.295+0000][7][gc,phases   ] GC(10)   Other: 3.2ms
[2024-01-15T06:36:38.296+0000][7][gc,age      ] GC(10) Age table with threshold 7 (max threshold 15)
[2024-01-15T06:36:38.297+0000][7][gc,age      ] GC(10) - age   1:   17851832 bytes,   17851832 total
[2024-01-15T06:36:38.298+0000][7][gc,age      ] GC(10) - age   2:    9827952 bytes,   27679784 total
[2024-01-15T06:36:38.301+0000][7][gc,age      ] GC(10) - age   3:     936848 bytes,   28616632 total
[2024-01-15T06:36:38.303+0000][7][gc,age      ] GC(10) - age   4:    1643872 bytes,   30260504 total
[2024-01-15T06:36:38.306+0000][7][gc,age      ] GC(10) - age   5:    2025416 bytes,   32285920 total
[2024-01-15T06:36:38.307+0000][7][gc,age      ] GC(10) - age   6:    2534336 bytes,   34820256 total
[2024-01-15T06:36:38.309+0000][7][gc,age      ] GC(10) - age   7:    3336160 bytes,   38156416 total
[2024-01-15T06:36:38.310+0000][7][gc,heap     ] GC(10) Eden regions: 47->0(66)
[2024-01-15T06:36:38.311+0000][7][gc,heap     ] GC(10) Survivor regions: 7->10(10)
[2024-01-15T06:36:38.312+0000][7][gc,heap     ] GC(10) Old regions: 2->3
[2024-01-15T06:36:38.312+0000][7][gc,heap     ] GC(10) Humongous regions: 0->0
[2024-01-15T06:36:38.313+0000][7][gc,metaspace] GC(10) Metaspace: 35230K(36288K)->35230K(36288K) NonClass: 30662K(31296K)->30662K(31296K) Class: 4568K(4992K)->4568K(4992K)
[2024-01-15T06:36:38.314+0000][7][gc          ] GC(10) Pause Young (Concurrent Start) (Metadata GC Threshold) 217M->47M(512M) 59.649ms
[2024-01-15T06:36:38.315+0000][7][gc,cpu      ] GC(10) User=0.13s Sys=0.00s Real=0.06s
[2024-01-15T06:36:38.315+0000][7][gc          ] GC(11) Concurrent Mark Cycle
[2024-01-15T06:36:38.317+0000][7][gc,marking  ] GC(11) Concurrent Scan Root Regions
[2024-01-15T06:36:38.316+0000][7][safepoint   ] Safepoint "CollectForMetadataAllocation", Time since last: 1105174868 ns, Reaching safepoint: 3967 ns, Cleanup: 85323 ns, At safepoint: 61482374 ns, Total: 61571664 ns
[2024-01-15T06:36:38.331+0000][7][gc,marking  ] GC(11) Concurrent Scan Root Regions 13.516ms
[2024-01-15T06:36:38.332+0000][7][gc,marking  ] GC(11) Concurrent Mark
[2024-01-15T06:36:38.332+0000][7][gc,marking  ] GC(11) Concurrent Mark From Roots
[2024-01-15T06:36:38.333+0000][7][gc,task     ] GC(11) Using 2 workers of 2 for marking
[2024-01-15T06:36:38.337+0000][7][gc,marking  ] GC(11) Concurrent Mark From Roots 5.120ms
[2024-01-15T06:36:38.339+0000][7][gc,marking  ] GC(11) Concurrent Preclean
[2024-01-15T06:36:38.340+0000][7][gc,marking  ] GC(11) Concurrent Preclean 1.274ms
[2024-01-15T06:36:38.341+0000][7][gc,start    ] GC(11) Pause Remark
[2024-01-15T06:36:38.347+0000][7][gc          ] GC(11) Pause Remark 49M->49M(512M) 5.602ms
[2024-01-15T06:36:38.348+0000][7][gc,cpu      ] GC(11) User=0.01s Sys=0.00s Real=0.01s
[2024-01-15T06:36:38.349+0000][7][safepoint   ] Safepoint "G1PauseRemark", Time since last: 24861379 ns, Reaching safepoint: 184077 ns, Cleanup: 9776 ns, At safepoint: 7526719 ns, Total: 7720572 ns
[2024-01-15T06:36:38.350+0000][7][gc,marking  ] GC(11) Concurrent Mark 18.111ms
[2024-01-15T06:36:38.351+0000][7][gc,marking  ] GC(11) Concurrent Rebuild Remembered Sets and Scrub Regions
[2024-01-15T06:36:38.354+0000][7][gc,marking  ] GC(11) Concurrent Rebuild Remembered Sets and Scrub Regions 3.150ms
[2024-01-15T06:36:38.355+0000][7][gc,start    ] GC(11) Pause Cleanup
[2024-01-15T06:36:38.357+0000][7][gc          ] GC(11) Pause Cleanup 49M->49M(512M) 1.749ms
[2024-01-15T06:36:38.358+0000][7][gc,cpu      ] GC(11) User=0.00s Sys=0.00s Real=0.01s
[2024-01-15T06:36:38.360+0000][7][safepoint   ] Safepoint "G1PauseCleanup", Time since last: 6414961 ns, Reaching safepoint: 167679 ns, Cleanup: 30284 ns, At safepoint: 4332114 ns, Total: 4530077 ns
[2024-01-15T06:36:38.361+0000][7][gc,marking  ] GC(11) Concurrent Clear Claimed Marks
[2024-01-15T06:36:38.362+0000][7][gc,marking  ] GC(11) Concurrent Clear Claimed Marks 1.200ms
[2024-01-15T06:36:38.365+0000][7][gc,marking  ] GC(11) Concurrent Cleanup for Next Mark
[2024-01-15T06:36:38.366+0000][7][gc,marking  ] GC(11) Concurrent Cleanup for Next Mark 1.385ms
[2024-01-15T06:36:38.367+0000][7][gc          ] GC(11) Concurrent Mark Cycle 51.710ms
[2024-01-15T06:36:39.436+0000][7][safepoint   ] Safepoint "ICBufferFull", Time since last: 1076056421 ns, Reaching safepoint: 4490 ns, Cleanup: 96953 ns, At safepoint: 30818 ns, Total: 132261 ns
[2024-01-15T06:36:39.948+0000][7][gc,start    ] GC(12) Pause Young (Normal) (G1 Evacuation Pause)
[2024-01-15T06:36:39.950+0000][7][gc,task     ] GC(12) Using 8 workers of 8 for evacuation
[2024-01-15T06:36:39.951+0000][7][gc,age      ] GC(12) Desired survivor size 20971520 bytes, new threshold 2 (max threshold 15)
[2024-01-15T06:36:39.972+0000][7][gc,phases   ] GC(12)   Pre Evacuate Collection Set: 0.4ms
[2024-01-15T06:36:39.973+0000][7][gc,phases   ] GC(12)   Merge Heap Roots: 0.1ms
[2024-01-15T06:36:39.974+0000][7][gc,phases   ] GC(12)   Evacuate Collection Set: 17.2ms
[2024-01-15T06:36:39.975+0000][7][gc,phases   ] GC(12)   Post Evacuate Collection Set: 2.1ms
[2024-01-15T06:36:39.976+0000][7][gc,phases   ] GC(12)   Other: 2.7ms
[2024-01-15T06:36:39.977+0000][7][gc,age      ] GC(12) Age table with threshold 2 (max threshold 15)
[2024-01-15T06:36:39.978+0000][7][gc,age      ] GC(12) - age   1:    6027112 bytes,    6027112 total
[2024-01-15T06:36:39.979+0000][7][gc,age      ] GC(12) - age   2:   17688816 bytes,   23715928 total
[2024-01-15T06:36:39.980+0000][7][gc,heap     ] GC(12) Eden regions: 66->0(69)
[2024-01-15T06:36:39.980+0000][7][gc,heap     ] GC(12) Survivor regions: 10->7(10)
[2024-01-15T06:36:39.984+0000][7][gc,heap     ] GC(12) Old regions: 3->8
[2024-01-15T06:36:39.985+0000][7][gc,heap     ] GC(12) Humongous regions: 0->0
[2024-01-15T06:36:39.986+0000][7][gc,metaspace] GC(12) Metaspace: 52425K(53760K)->52425K(53760K) NonClass: 45459K(46272K)->45459K(46272K) Class: 6965K(7488K)->6965K(7488K)
[2024-01-15T06:36:39.987+0000][7][gc          ] GC(12) Pause Young (Normal) (G1 Evacuation Pause) 311M->53M(512M) 38.520ms
[2024-01-15T06:36:39.988+0000][7][gc,cpu      ] GC(12) User=0.16s Sys=0.00s Real=0.04s
[2024-01-15T06:36:39.989+0000][7][safepoint   ] Safepoint "G1CollectForAllocation", Time since last: 512251717 ns, Reaching safepoint: 4347 ns, Cleanup: 83909 ns, At safepoint: 40985676 ns, Total: 41073932 ns
[2024-01-15T06:36:40.951+0000][7][safepoint   ] Safepoint "ICBufferFull", Time since last: 961616903 ns, Reaching safepoint: 123286 ns, Cleanup: 88567 ns, At safepoint: 50120 ns, Total: 261973 ns
[2024-01-15T06:36:41.071+0000][7][gc,start    ] GC(13) Pause Young (Concurrent Start) (Metadata GC Threshold)
[2024-01-15T06:36:41.073+0000][7][gc,task     ] GC(13) Using 8 workers of 8 for evacuation
[2024-01-15T06:36:41.074+0000][7][gc,age      ] GC(13) Desired survivor size 20971520 bytes, new threshold 2 (max threshold 15)
[2024-01-15T06:36:41.089+0000][7][gc,phases   ] GC(13)   Pre Evacuate Collection Set: 0.4ms
[2024-01-15T06:36:41.090+0000][7][gc,phases   ] GC(13)   Merge Heap Roots: 0.0ms
[2024-01-15T06:36:41.091+0000][7][gc,phases   ] GC(13)   Evacuate Collection Set: 10.6ms
[2024-01-15T06:36:41.092+0000][7][gc,phases   ] GC(13)   Post Evacuate Collection Set: 2.2ms
[2024-01-15T06:36:41.093+0000][7][gc,phases   ] GC(13)   Other: 2.9ms
[2024-01-15T06:36:41.094+0000][7][gc,age      ] GC(13) Age table with threshold 2 (max threshold 15)
[2024-01-15T06:36:41.095+0000][7][gc,age      ] GC(13) - age   1:    4244416 bytes,    4244416 total
[2024-01-15T06:36:41.096+0000][7][gc,age      ] GC(13) - age   2:    5768288 bytes,   10012704 total
[2024-01-15T06:36:41.097+0000][7][gc,heap     ] GC(13) Eden regions: 31->0(73)
[2024-01-15T06:36:41.098+0000][7][gc,heap     ] GC(13) Survivor regions: 7->3(10)
[2024-01-15T06:36:41.099+0000][7][gc,heap     ] GC(13) Old regions: 8->12
[2024-01-15T06:36:41.100+0000][7][gc,heap     ] GC(13) Humongous regions: 0->0
[2024-01-15T06:36:41.100+0000][7][gc,metaspace] GC(13) Metaspace: 59811K(61056K)->59811K(61056K) NonClass: 51844K(52608K)->51844K(52608K) Class: 7966K(8448K)->7966K(8448K)
[2024-01-15T06:36:41.102+0000][7][gc          ] GC(13) Pause Young (Concurrent Start) (Metadata GC Threshold) 175M->58M(512M) 30.810ms
[2024-01-15T06:36:41.103+0000][7][gc,cpu      ] GC(13) User=0.11s Sys=0.00s Real=0.03s
[2024-01-15T06:36:41.103+0000][7][gc          ] GC(14) Concurrent Mark Cycle
[2024-01-15T06:36:41.104+0000][7][safepoint   ] Safepoint "CollectForMetadataAllocation", Time since last: 119944441 ns, Reaching safepoint: 4796 ns, Cleanup: 17126 ns, At safepoint: 32879468 ns, Total: 32901390 ns
[2024-01-15T06:36:41.105+0000][7][gc,marking  ] GC(14) Concurrent Scan Root Regions
[2024-01-15T06:36:41.117+0000][7][gc,marking  ] GC(14) Concurrent Scan Root Regions 12.445ms
[2024-01-15T06:36:41.119+0000][7][gc,marking  ] GC(14) Concurrent Mark
[2024-01-15T06:36:41.120+0000][7][gc,marking  ] GC(14) Concurrent Mark From Roots
[2024-01-15T06:36:41.120+0000][7][gc,task     ] GC(14) Using 2 workers of 2 for marking
[2024-01-15T06:36:41.138+0000][7][gc,marking  ] GC(14) Concurrent Mark From Roots 18.165ms
[2024-01-15T06:36:41.139+0000][7][gc,marking  ] GC(14) Concurrent Preclean
[2024-01-15T06:36:41.140+0000][7][gc,marking  ] GC(14) Concurrent Preclean 1.101ms
[2024-01-15T06:36:41.141+0000][7][gc,start    ] GC(14) Pause Remark
[2024-01-15T06:36:41.146+0000][7][gc          ] GC(14) Pause Remark 66M->66M(512M) 5.105ms
[2024-01-15T06:36:41.147+0000][7][gc,cpu      ] GC(14) User=0.01s Sys=0.00s Real=0.00s
[2024-01-15T06:36:41.148+0000][7][safepoint   ] Safepoint "G1PauseRemark", Time since last: 37118895 ns, Reaching safepoint: 131810 ns, Cleanup: 9085 ns, At safepoint: 6941373 ns, Total: 7082268 ns
[2024-01-15T06:36:41.149+0000][7][gc,marking  ] GC(14) Concurrent Mark 30.696ms
[2024-01-15T06:36:41.150+0000][7][gc,marking  ] GC(14) Concurrent Rebuild Remembered Sets and Scrub Regions
[2024-01-15T06:36:41.163+0000][7][gc,marking  ] GC(14) Concurrent Rebuild Remembered Sets and Scrub Regions 12.718ms
[2024-01-15T06:36:41.165+0000][7][gc,start    ] GC(14) Pause Cleanup
[2024-01-15T06:36:41.166+0000][7][gc          ] GC(14) Pause Cleanup 70M->70M(512M) 1.799ms
[2024-01-15T06:36:41.167+0000][7][gc,cpu      ] GC(14) User=0.01s Sys=0.00s Real=0.00s
[2024-01-15T06:36:41.168+0000][7][safepoint   ] Safepoint "G1PauseCleanup", Time since last: 16113372 ns, Reaching safepoint: 185167 ns, Cleanup: 11924 ns, At safepoint: 3731920 ns, Total: 3929011 ns
[2024-01-15T06:36:41.169+0000][7][gc,marking  ] GC(14) Concurrent Clear Claimed Marks
[2024-01-15T06:36:41.170+0000][7][gc,marking  ] GC(14) Concurrent Clear Claimed Marks 1.097ms
[2024-01-15T06:36:41.171+0000][7][gc,marking  ] GC(14) Concurrent Cleanup for Next Mark
[2024-01-15T06:36:41.172+0000][7][gc,marking  ] GC(14) Concurrent Cleanup for Next Mark 1.299ms
[2024-01-15T06:36:41.173+0000][7][gc          ] GC(14) Concurrent Mark Cycle 70.499ms
[2024-01-15T06:36:42.338+0000][7][safepoint   ] Safepoint "ICBufferFull", Time since last: 1169987265 ns, Reaching safepoint: 5199 ns, Cleanup: 131278 ns, At safepoint: 31149 ns, Total: 167626 ns
[2024-01-15T06:36:42.955+0000][7][safepoint   ] Safepoint "ICBufferFull", Time since last: 616377000 ns, Reaching safepoint: 4930 ns, Cleanup: 82704 ns, At safepoint: 27118 ns, Total: 114752 ns
[2024-01-15T06:36:43.789+0000][7][safepoint   ] Safepoint "ICBufferFull", Time since last: 833645756 ns, Reaching safepoint: 4347 ns, Cleanup: 127094 ns, At safepoint: 28891 ns, Total: 160332 ns
[2024-01-15T06:36:43.803+0000][7][gc,start    ] GC(15) Pause Young (Prepare Mixed) (G1 Evacuation Pause)
[2024-01-15T06:36:43.804+0000][7][gc,task     ] GC(15) Using 8 workers of 8 for evacuation
[2024-01-15T06:36:43.805+0000][7][gc,age      ] GC(15) Desired survivor size 20971520 bytes, new threshold 15 (max threshold 15)
[2024-01-15T06:36:43.819+0000][7][gc,phases   ] GC(15)   Pre Evacuate Collection Set: 0.4ms
[2024-01-15T06:36:43.821+0000][7][gc,phases   ] GC(15)   Merge Heap Roots: 0.2ms
[2024-01-15T06:36:43.822+0000][7][gc,phases   ] GC(15)   Evacuate Collection Set: 9.6ms
[2024-01-15T06:36:43.823+0000][7][gc,phases   ] GC(15)   Post Evacuate Collection Set: 3.4ms
[2024-01-15T06:36:43.824+0000][7][gc,phases   ] GC(15)   Other: 1.8ms
[2024-01-15T06:36:43.825+0000][7][gc,age      ] GC(15) Age table with threshold 15 (max threshold 15)
[2024-01-15T06:36:43.826+0000][7][gc,age      ] GC(15) - age   1:   14031568 bytes,   14031568 total
[2024-01-15T06:36:43.827+0000][7][gc,age      ] GC(15) - age   2:    4049264 bytes,   18080832 total
[2024-01-15T06:36:43.828+0000][7][gc,age      ] GC(15) - age   3:    5643432 bytes,   23724264 total
[2024-01-15T06:36:43.829+0000][7][gc,heap     ] GC(15) Eden regions: 73->0(69)
[2024-01-15T06:36:43.830+0000][7][gc,heap     ] GC(15) Survivor regions: 3->7(10)
[2024-01-15T06:36:43.831+0000][7][gc,heap     ] GC(15) Old regions: 12->12
[2024-01-15T06:36:43.832+0000][7][gc,heap     ] GC(15) Humongous regions: 0->0
[2024-01-15T06:36:43.833+0000][7][gc,metaspace] GC(15) Metaspace: 90640K(93568K)->90640K(93568K) NonClass: 78037K(79616K)->78037K(79616K) Class: 12602K(13952K)->12602K(13952K)
[2024-01-15T06:36:43.833+0000][7][gc          ] GC(15) Pause Young (Prepare Mixed) (G1 Evacuation Pause) 350M->71M(512M) 30.612ms
[2024-01-15T06:36:43.834+0000][7][gc,cpu      ] GC(15) User=0.08s Sys=0.01s Real=0.03s
[2024-01-15T06:36:43.835+0000][7][safepoint   ] Safepoint "G1CollectForAllocation", Time since last: 13923511 ns, Reaching safepoint: 4769 ns, Cleanup: 5539 ns, At safepoint: 32378233 ns, Total: 32388541 ns
[2024-01-15T06:36:44.870+0000][7][safepoint   ] Safepoint "ICBufferFull", Time since last: 1034990046 ns, Reaching safepoint: 7858 ns, Cleanup: 126562 ns, At safepoint: 5966 ns, Total: 140386 ns
[2024-01-15T06:36:45.231+0000][7][safepoint   ] Safepoint "ICBufferFull", Time since last: 360330664 ns, Reaching safepoint: 765667 ns, Cleanup: 152400 ns, At safepoint: 44801 ns, Total: 962868 ns
[2024-01-15T06:36:45.867+0000][7][gc,start    ] GC(16) Pause Young (Mixed) (Metadata GC Threshold)
[2024-01-15T06:36:45.869+0000][7][gc,task     ] GC(16) Using 8 workers of 8 for evacuation
[2024-01-15T06:36:45.870+0000][7][gc,age      ] GC(16) Desired survivor size 20971520 bytes, new threshold 3 (max threshold 15)
[2024-01-15T06:36:45.893+0000][7][gc,phases   ] GC(16)   Pre Evacuate Collection Set: 0.5ms
[2024-01-15T06:36:45.895+0000][7][gc,phases   ] GC(16)   Merge Heap Roots: 0.2ms
[2024-01-15T06:36:45.897+0000][7][gc,phases   ] GC(16)   Evacuate Collection Set: 17.9ms
[2024-01-15T06:36:45.898+0000][7][gc,phases   ] GC(16)   Post Evacuate Collection Set: 3.5ms
[2024-01-15T06:36:45.899+0000][7][gc,phases   ] GC(16)   Other: 2.6ms
[2024-01-15T06:36:45.900+0000][7][gc,age      ] GC(16) Age table with threshold 3 (max threshold 15)
[2024-01-15T06:36:45.901+0000][7][gc,age      ] GC(16) - age   1:    4295592 bytes,    4295592 total
[2024-01-15T06:36:45.902+0000][7][gc,age      ] GC(16) - age   2:   13616760 bytes,   17912352 total
[2024-01-15T06:36:45.903+0000][7][gc,age      ] GC(16) - age   3:    4037176 bytes,   21949528 total
[2024-01-15T06:36:45.904+0000][7][gc,heap     ] GC(16) Eden regions: 21->0(70)
[2024-01-15T06:36:45.906+0000][7][gc,heap     ] GC(16) Survivor regions: 7->6(10)
[2024-01-15T06:36:45.907+0000][7][gc,heap     ] GC(16) Old regions: 12->14
[2024-01-15T06:36:45.907+0000][7][gc,heap     ] GC(16) Humongous regions: 2->2
[2024-01-15T06:36:45.909+0000][7][gc,metaspace] GC(16) Metaspace: 99208K(102016K)->99208K(102016K) NonClass: 85268K(86784K)->85268K(86784K) Class: 13940K(15232K)->13940K(15232K)
[2024-01-15T06:36:45.910+0000][7][gc          ] GC(16) Pause Young (Mixed) (Metadata GC Threshold) 162M->83M(512M) 42.613ms
[2024-01-15T06:36:45.911+0000][7][gc,cpu      ] GC(16) User=0.15s Sys=0.01s Real=0.05s
[2024-01-15T06:36:45.912+0000][7][safepoint   ] Safepoint "CollectForMetadataAllocation", Time since last: 635225827 ns, Reaching safepoint: 204859 ns, Cleanup: 179177 ns, At safepoint: 44965145 ns, Total: 45349181 ns
[2024-01-15T06:36:46.745+0000][7][gc,start    ] GC(17) Pause Young (Concurrent Start) (Metadata GC Threshold)
[2024-01-15T06:36:46.746+0000][7][gc,task     ] GC(17) Using 8 workers of 8 for evacuation
[2024-01-15T06:36:46.748+0000][7][gc,age      ] GC(17) Desired survivor size 20971520 bytes, new threshold 3 (max threshold 15)
[2024-01-15T06:36:46.764+0000][7][gc,phases   ] GC(17)   Pre Evacuate Collection Set: 0.6ms
[2024-01-15T06:36:46.766+0000][7][gc,phases   ] GC(17)   Merge Heap Roots: 0.3ms
[2024-01-15T06:36:46.767+0000][7][gc,phases   ] GC(17)   Evacuate Collection Set: 9.7ms
[2024-01-15T06:36:46.769+0000][7][gc,phases   ] GC(17)   Post Evacuate Collection Set: 3.5ms
[2024-01-15T06:36:46.770+0000][7][gc,phases   ] GC(17)   Other: 3.7ms
[2024-01-15T06:36:46.772+0000][7][gc,age      ] GC(17) Age table with threshold 3 (max threshold 15)
[2024-01-15T06:36:46.774+0000][7][gc,age      ] GC(17) - age   1:     208592 bytes,     208592 total
[2024-01-15T06:36:46.775+0000][7][gc,age      ] GC(17) - age   2:    4092792 bytes,    4301384 total
[2024-01-15T06:36:46.776+0000][7][gc,age      ] GC(17) - age   3:   13616392 bytes,   17917776 total
[2024-01-15T06:36:46.777+0000][7][gc,heap     ] GC(17) Eden regions: 8->0(71)
[2024-01-15T06:36:46.778+0000][7][gc,heap     ] GC(17) Survivor regions: 6->5(10)
[2024-01-15T06:36:46.779+0000][7][gc,heap     ] GC(17) Old regions: 14->15
[2024-01-15T06:36:46.780+0000][7][gc,heap     ] GC(17) Humongous regions: 2->2
[2024-01-15T06:36:46.781+0000][7][gc,metaspace] GC(17) Metaspace: 99491K(102336K)->99491K(102336K) NonClass: 85527K(87040K)->85527K(87040K) Class: 13964K(15296K)->13964K(15296K)
[2024-01-15T06:36:46.782+0000][7][gc          ] GC(17) Pause Young (Concurrent Start) (Metadata GC Threshold) 112M->83M(512M) 37.067ms
[2024-01-15T06:36:46.782+0000][7][gc,cpu      ] GC(17) User=0.07s Sys=0.01s Real=0.04s
[2024-01-15T06:36:46.782+0000][7][gc          ] GC(18) Concurrent Mark Cycle
[2024-01-15T06:36:46.784+0000][7][gc,marking  ] GC(18) Concurrent Scan Root Regions
[2024-01-15T06:36:46.783+0000][7][safepoint   ] Safepoint "CollectForMetadataAllocation", Time since last: 832354898 ns, Reaching safepoint: 6340 ns, Cleanup: 94384 ns, At safepoint: 39029586 ns, Total: 39130310 ns
[2024-01-15T06:36:46.796+0000][7][gc,marking  ] GC(18) Concurrent Scan Root Regions 12.024ms
[2024-01-15T06:36:46.798+0000][7][gc,marking  ] GC(18) Concurrent Mark
[2024-01-15T06:36:46.799+0000][7][gc,marking  ] GC(18) Concurrent Mark From Roots
[2024-01-15T06:36:46.801+0000][7][gc,task     ] GC(18) Using 2 workers of 2 for marking
[2024-01-15T06:36:46.850+0000][7][gc,marking  ] GC(18) Concurrent Mark From Roots 50.747ms
[2024-01-15T06:36:46.851+0000][7][gc,marking  ] GC(18) Concurrent Preclean
[2024-01-15T06:36:46.853+0000][7][gc,marking  ] GC(18) Concurrent Preclean 1.965ms
[2024-01-15T06:36:46.855+0000][7][gc,start    ] GC(18) Pause Remark
[2024-01-15T06:36:46.864+0000][7][gc          ] GC(18) Pause Remark 89M->89M(512M) 8.918ms
[2024-01-15T06:36:46.866+0000][7][gc,cpu      ] GC(18) User=0.03s Sys=0.00s Real=0.01s
[2024-01-15T06:36:46.867+0000][7][safepoint   ] Safepoint "G1PauseRemark", Time since last: 71592198 ns, Reaching safepoint: 16196 ns, Cleanup: 43579 ns, At safepoint: 11552135 ns, Total: 11611910 ns
[2024-01-15T06:36:46.868+0000][7][gc,marking  ] GC(18) Concurrent Mark 70.400ms
[2024-01-15T06:36:46.869+0000][7][gc,marking  ] GC(18) Concurrent Rebuild Remembered Sets and Scrub Regions
[2024-01-15T06:36:46.892+0000][7][gc,marking  ] GC(18) Concurrent Rebuild Remembered Sets and Scrub Regions 22.390ms
[2024-01-15T06:36:46.893+0000][7][gc,start    ] GC(18) Pause Cleanup
[2024-01-15T06:36:46.895+0000][7][gc          ] GC(18) Pause Cleanup 89M->89M(512M) 1.693ms
[2024-01-15T06:36:46.896+0000][7][gc,cpu      ] GC(18) User=0.00s Sys=0.00s Real=0.00s
[2024-01-15T06:36:46.897+0000][7][safepoint   ] Safepoint "G1PauseCleanup", Time since last: 26299298 ns, Reaching safepoint: 8322 ns, Cleanup: 9721 ns, At safepoint: 4193103 ns, Total: 4211146 ns
[2024-01-15T06:36:46.899+0000][7][gc,marking  ] GC(18) Concurrent Clear Claimed Marks
[2024-01-15T06:36:46.900+0000][7][gc,marking  ] GC(18) Concurrent Clear Claimed Marks 1.405ms
[2024-01-15T06:36:46.901+0000][7][gc,marking  ] GC(18) Concurrent Cleanup for Next Mark
[2024-01-15T06:36:46.904+0000][7][gc,marking  ] GC(18) Concurrent Cleanup for Next Mark 2.456ms
[2024-01-15T06:36:46.905+0000][7][gc          ] GC(18) Concurrent Mark Cycle 122.174ms
[2024-01-15T06:36:47.899+0000][7][safepoint   ] Safepoint "Cleanup", Time since last: 1001680241 ns, Reaching safepoint: 14438 ns, Cleanup: 99974 ns, At safepoint: 5930 ns, Total: 120342 ns
[2024-01-15T06:36:48.901+0000][7][safepoint   ] Safepoint "Cleanup", Time since last: 1001628486 ns, Reaching safepoint: 29306 ns, Cleanup: 238729 ns, At safepoint: 2996 ns, Total: 271031 ns
[2024-01-15T06:36:49.903+0000][7][safepoint   ] Safepoint "Cleanup", Time since last: 1002038794 ns, Reaching safepoint: 8355 ns, Cleanup: 46829 ns, At safepoint: 3025 ns, Total: 58209 ns
[2024-01-15T06:36:50.904+0000][7][safepoint   ] Safepoint "Cleanup", Time since last: 1001356118 ns, Reaching safepoint: 10993 ns, Cleanup: 48314 ns, At safepoint: 3713 ns, Total: 63020 ns
[2024-01-15T06:36:51.906+0000][7][safepoint   ] Safepoint "Cleanup", Time since last: 1001462115 ns, Reaching safepoint: 12111 ns, Cleanup: 53867 ns, At safepoint: 34758 ns, Total: 100736 ns
[2024-01-15T06:36:53.893+0000][7][safepoint   ] Safepoint "Cleanup", Time since last: 1972573779 ns, Reaching safepoint: 11865 ns, Cleanup: 13916360 ns, At safepoint: 60518 ns, Total: 13988743 ns
[2024-01-15T06:36:55.104+0000][7][safepoint   ] Safepoint "Cleanup", Time since last: 1210906053 ns, Reaching safepoint: 25098 ns, Cleanup: 36016 ns, At safepoint: 4675 ns, Total: 65789 ns
[2024-01-15T06:36:56.108+0000][7][safepoint   ] Safepoint "Cleanup", Time since last: 1004318616 ns, Reaching safepoint: 10677 ns, Cleanup: 22607 ns, At safepoint: 2262 ns, Total: 35546 ns
[2024-01-15T06:36:57.233+0000][7][safepoint   ] Safepoint "Cleanup", Time since last: 1125131953 ns, Reaching safepoint: 5240 ns, Cleanup: 98014 ns, At safepoint: 7240 ns, Total: 110494 ns
[2024-01-15T06:36:58.292+0000][7][safepoint   ] Safepoint "Cleanup", Time since last: 1059171307 ns, Reaching safepoint: 3064 ns, Cleanup: 75692 ns, At safepoint: 27237 ns, Total: 105993 ns
[2024-01-15T06:37:00.133+0000][7][safepoint   ] Safepoint "Cleanup", Time since last: 1840574306 ns, Reaching safepoint: 134618 ns, Cleanup: 95482 ns, At safepoint: 28424 ns, Total: 258524 ns
[2024-01-15T06:37:00.379+0000][7][gc,start    ] GC(19) Pause Young (Prepare Mixed) (G1 Evacuation Pause)
[2024-01-15T06:37:00.383+0000][7][gc,task     ] GC(19) Using 8 workers of 8 for evacuation
[2024-01-15T06:37:00.386+0000][7][gc,age      ] GC(19) Desired survivor size 20971520 bytes, new threshold 15 (max threshold 15)
[2024-01-15T06:37:00.407+0000][7][gc,phases   ] GC(19)   Pre Evacuate Collection Set: 0.6ms
[2024-01-15T06:37:00.408+0000][7][gc,phases   ] GC(19)   Merge Heap Roots: 0.3ms
[2024-01-15T06:37:00.409+0000][7][gc,phases   ] GC(19)   Evacuate Collection Set: 14.9ms
[2024-01-15T06:37:00.410+0000][7][gc,phases   ] GC(19)   Post Evacuate Collection Set: 3.0ms
[2024-01-15T06:37:00.411+0000][7][gc,phases   ] GC(19)   Other: 5.1ms
[2024-01-15T06:37:00.412+0000][7][gc,age      ] GC(19) Age table with threshold 15 (max threshold 15)
[2024-01-15T06:37:00.413+0000][7][gc,age      ] GC(19) - age   1:   10028792 bytes,   10028792 total
[2024-01-15T06:37:00.414+0000][7][gc,age      ] GC(19) - age   2:     101560 bytes,   10130352 total
[2024-01-15T06:37:00.415+0000][7][gc,age      ] GC(19) - age   3:    3918984 bytes,   14049336 total
[2024-01-15T06:37:00.416+0000][7][gc,age      ] GC(19) - age   4:   13556424 bytes,   27605760 total
[2024-01-15T06:37:00.418+0000][7][gc,heap     ] GC(19) Eden regions: 71->0(68)
[2024-01-15T06:37:00.418+0000][7][gc,heap     ] GC(19) Survivor regions: 5->8(10)
[2024-01-15T06:37:00.420+0000][7][gc,heap     ] GC(19) Old regions: 15->15
[2024-01-15T06:37:00.420+0000][7][gc,heap     ] GC(19) Humongous regions: 2->2
[2024-01-15T06:37:00.421+0000][7][gc,metaspace] GC(19) Metaspace: 106360K(109312K)->106360K(109312K) NonClass: 91540K(93120K)->91540K(93120K) Class: 14820K(16192K)->14820K(16192K)
[2024-01-15T06:37:00.422+0000][7][gc          ] GC(19) Pause Young (Prepare Mixed) (G1 Evacuation Pause) 367M->94M(512M) 42.840ms
[2024-01-15T06:37:00.424+0000][7][gc,cpu      ] GC(19) User=0.08s Sys=0.01s Real=0.04s
[2024-01-15T06:37:00.425+0000][7][safepoint   ] Safepoint "G1CollectForAllocation", Time since last: 246052034 ns, Reaching safepoint: 60097 ns, Cleanup: 36057 ns, At safepoint: 45592800 ns, Total: 45688954 ns
[2024-01-15T06:37:01.426+0000][7][safepoint   ] Safepoint "Cleanup", Time since last: 1001392196 ns, Reaching safepoint: 14001 ns, Cleanup: 20069 ns, At safepoint: 2854 ns, Total: 36924 ns
[2024-01-15T06:37:02.427+0000][7][safepoint   ] Safepoint "Cleanup", Time since last: 1001051674 ns, Reaching safepoint: 16070 ns, Cleanup: 27766 ns, At safepoint: 3143 ns, Total: 46979 ns
[2024-01-15T06:37:03.429+0000][7][safepoint   ] Safepoint "Cleanup", Time since last: 1001322940 ns, Reaching safepoint: 12217 ns, Cleanup: 37595 ns, At safepoint: 4687 ns, Total: 54499 ns
[2024-01-15T06:37:04.432+0000][7][safepoint   ] Safepoint "Cleanup", Time since last: 1003348263 ns, Reaching safepoint: 13858 ns, Cleanup: 59640 ns, At safepoint: 5892 ns, Total: 79390 ns
[2024-01-15T06:37:05.434+0000][7][safepoint   ] Safepoint "Cleanup", Time since last: 1001974980 ns, Reaching safepoint: 9784 ns, Cleanup: 28397 ns, At safepoint: 2184 ns, Total: 40365 ns
[2024-01-15T06:37:06.437+0000][7][safepoint   ] Safepoint "Cleanup", Time since last: 1002324085 ns, Reaching safepoint: 183593 ns, Cleanup: 14337 ns, At safepoint: 42671 ns, Total: 240601 ns
[2024-01-15T06:37:07.438+0000][7][safepoint   ] Safepoint "Cleanup", Time since last: 1001498903 ns, Reaching safepoint: 10664 ns, Cleanup: 20390 ns, At safepoint: 2346 ns, Total: 33400 ns
[2024-01-15T06:37:08.440+0000][7][safepoint   ] Safepoint "Cleanup", Time since last: 1001228016 ns, Reaching safepoint: 10880 ns, Cleanup: 12480 ns, At safepoint: 2626 ns, Total: 25986 ns
[2024-01-15T06:37:09.441+0000][7][safepoint   ] Safepoint "Cleanup", Time since last: 1001370657 ns, Reaching safepoint: 12422 ns, Cleanup: 13873 ns, At safepoint: 2811 ns, Total: 29106 ns
[2024-01-15T06:37:10.443+0000][7][safepoint   ] Safepoint "Cleanup", Time since last: 1001346644 ns, Reaching safepoint: 56274 ns, Cleanup: 51630 ns, At safepoint: 180902 ns, Total: 288806 ns
[2024-01-15T06:37:11.444+0000][7][safepoint   ] Safepoint "Cleanup", Time since last: 1001799841 ns, Reaching safepoint: 10371 ns, Cleanup: 15120 ns, At safepoint: 2693 ns, Total: 28184 ns
[2024-01-15T06:37:14.440+0000][7][safepoint   ] Safepoint "Cleanup", Time since last: 2995619244 ns, Reaching safepoint: 4744 ns, Cleanup: 22924 ns, At safepoint: 1855 ns, Total: 29523 ns
[2024-01-15T06:37:14.470+0000][7][gc,start    ] GC(20) Pause Young (Mixed) (G1 Evacuation Pause)
[2024-01-15T06:37:14.471+0000][7][gc,task     ] GC(20) Using 8 workers of 8 for evacuation
[2024-01-15T06:37:14.472+0000][7][gc,age      ] GC(20) Desired survivor size 20971520 bytes, new threshold 4 (max threshold 15)
[2024-01-15T06:37:14.491+0000][7][gc,phases   ] GC(20)   Pre Evacuate Collection Set: 0.5ms
[2024-01-15T06:37:14.493+0000][7][gc,phases   ] GC(20)   Merge Heap Roots: 0.4ms
[2024-01-15T06:37:14.494+0000][7][gc,phases   ] GC(20)   Evacuate Collection Set: 14.9ms
[2024-01-15T06:37:14.494+0000][7][gc,phases   ] GC(20)   Post Evacuate Collection Set: 1.9ms
[2024-01-15T06:37:14.495+0000][7][gc,phases   ] GC(20)   Other: 2.4ms
[2024-01-15T06:37:14.496+0000][7][gc,age      ] GC(20) Age table with threshold 4 (max threshold 15)
[2024-01-15T06:37:14.497+0000][7][gc,age      ] GC(20) - age   1:    1148488 bytes,    1148488 total
[2024-01-15T06:37:14.498+0000][7][gc,age      ] GC(20) - age   2:    6923176 bytes,    8071664 total
[2024-01-15T06:37:14.499+0000][7][gc,age      ] GC(20) - age   3:     101560 bytes,    8173224 total
[2024-01-15T06:37:14.500+0000][7][gc,age      ] GC(20) - age   4:    3918792 bytes,   12092016 total
[2024-01-15T06:37:14.501+0000][7][gc,heap     ] GC(20) Eden regions: 68->0(72)
[2024-01-15T06:37:14.502+0000][7][gc,heap     ] GC(20) Survivor regions: 8->4(10)
[2024-01-15T06:37:14.503+0000][7][gc,heap     ] GC(20) Old regions: 15->18
[2024-01-15T06:37:14.505+0000][7][gc,heap     ] GC(20) Humongous regions: 2->2
[2024-01-15T06:37:14.506+0000][7][gc,metaspace] GC(20) Metaspace: 108120K(111040K)->108120K(111040K) NonClass: 93052K(94592K)->93052K(94592K) Class: 15068K(16448K)->15068K(16448K)
[2024-01-15T06:37:14.507+0000][7][gc          ] GC(20) Pause Young (Mixed) (G1 Evacuation Pause) 365M->90M(512M) 36.759ms
[2024-01-15T06:37:14.508+0000][7][gc,cpu      ] GC(20) User=0.09s Sys=0.01s Real=0.04s
[2024-01-15T06:37:14.509+0000][7][safepoint   ] Safepoint "G1CollectForAllocation", Time since last: 29331273 ns, Reaching safepoint: 657651 ns, Cleanup: 12308 ns, At safepoint: 38647890 ns, Total: 39317849 ns
[2024-01-15T06:37:15.514+0000][7][safepoint   ] Safepoint "Cleanup", Time since last: 1005624435 ns, Reaching safepoint: 12218 ns, Cleanup: 50450 ns, At safepoint: 26405 ns, Total: 89073 ns
[2024-01-15T06:37:16.516+0000][7][safepoint   ] Safepoint "Cleanup", Time since last: 1001501088 ns, Reaching safepoint: 36045 ns, Cleanup: 23266 ns, At safepoint: 5377 ns, Total: 64688 ns
[2024-01-15T06:37:17.517+0000][7][safepoint   ] Safepoint "Cleanup", Time since last: 1001422813 ns, Reaching safepoint: 15723 ns, Cleanup: 24461 ns, At safepoint: 3125 ns, Total: 43309 ns
[2024-01-15T06:37:18.519+0000][7][safepoint   ] Safepoint "Cleanup", Time since last: 1001605495 ns, Reaching safepoint: 11780 ns, Cleanup: 45059 ns, At safepoint: 2236 ns, Total: 59075 ns
[2024-01-15T06:37:21.521+0000][7][safepoint   ] Safepoint "Cleanup", Time since last: 3001814094 ns, Reaching safepoint: 15644 ns, Cleanup: 18429 ns, At safepoint: 4353 ns, Total: 38426 ns
[2024-01-15T06:37:24.524+0000][7][safepoint   ] Safepoint "Cleanup", Time since last: 3002774005 ns, Reaching safepoint: 14402 ns, Cleanup: 12113 ns, At safepoint: 2582 ns, Total: 29097 ns
[2024-01-15T06:37:26.526+0000][7][safepoint   ] Safepoint "Cleanup", Time since last: 2001860111 ns, Reaching safepoint: 13675 ns, Cleanup: 12227 ns, At safepoint: 3536 ns, Total: 29438 ns
[2024-01-15T06:37:27.527+0000][7][safepoint   ] Safepoint "Cleanup", Time since last: 1001640334 ns, Reaching safepoint: 12349 ns, Cleanup: 13881 ns, At safepoint: 2634 ns, Total: 28864 ns
[2024-01-15T06:37:33.776+0000][7][safepoint   ] Safepoint "Cleanup", Time since last: 6248342867 ns, Reaching safepoint: 13454 ns, Cleanup: 12537 ns, At safepoint: 3223 ns, Total: 29214 ns
[2024-01-15T06:37:38.962+0000][7][gc,heap,exit] Heap
[2024-01-15T06:37:38.964+0000][7][gc,heap,exit]  garbage-first heap   total 524288K, used 296778K [0x00000000e0000000, 0x0000000100000000)
[2024-01-15T06:37:38.965+0000][7][gc,heap,exit]   region size 4096K, 54 young (221184K), 4 survivors (16384K)
[2024-01-15T06:37:38.966+0000][7][gc,heap,exit]  Metaspace       used 109023K, committed 112000K, reserved 1179648K
[2024-01-15T06:37:38.967+0000][7][gc,heap,exit]   class space    used 15212K, committed 16576K, reserved 1048576K
