[2024-02-18T08:49:10.897+0000][7][gc,init] CardTable entry size: 512
[2024-02-18T08:49:10.897+0000][7][gc     ] Using G1
[2024-02-18T08:49:11.013+0000][7][gc,init] Version: 21.0.1+12-29 (release)
[2024-02-18T08:49:11.014+0000][7][gc,init] CPUs: 16 total, 16 available
[2024-02-18T08:49:11.014+0000][7][gc,init] Memory: 12259M
[2024-02-18T08:49:11.014+0000][7][gc,init] Large Page Support: Disabled
[2024-02-18T08:49:11.014+0000][7][gc,init] NUMA Support: Disabled
[2024-02-18T08:49:11.014+0000][7][gc,init] Compressed Oops: Enabled (32-bit)
[2024-02-18T08:49:11.014+0000][7][gc,init] Heap Region Size: 4M
[2024-02-18T08:49:11.014+0000][7][gc,init] Heap Min Capacity: 512M
[2024-02-18T08:49:11.015+0000][7][gc,init] Heap Initial Capacity: 512M
[2024-02-18T08:49:11.015+0000][7][gc,init] Heap Max Capacity: 512M
[2024-02-18T08:49:11.015+0000][7][gc,init] Pre-touch: Enabled
[2024-02-18T08:49:11.015+0000][7][gc,init] Parallel Workers: 13
[2024-02-18T08:49:11.015+0000][7][gc,init] Concurrent Workers: 3
[2024-02-18T08:49:11.015+0000][7][gc,init] Concurrent Refinement Workers: 13
[2024-02-18T08:49:11.016+0000][7][gc,init] Periodic GC: Disabled
[2024-02-18T08:49:11.022+0000][7][gc,metaspace] CDS archive(s) mapped at: [0x00007f69ef000000-0x00007f69efca5000-0x00007f69efca5000), size 13258752, SharedBaseAddress: 0x00007f69ef000000, ArchiveRelocationMode: 1.
[2024-02-18T08:49:11.022+0000][7][gc,metaspace] Compressed class space mapped at: 0x00007f69f0000000-0x00007f6a30000000, reserved size: 1073741824
[2024-02-18T08:49:11.022+0000][7][gc,metaspace] Narrow klass base: 0x00007f69ef000000, Narrow klass shift: 0, Narrow klass range: 0x100000000
[2024-02-18T08:49:11.456+0000][7][safepoint   ] Safepoint "ICBufferFull", Time since last: 429942011 ns, Reaching safepoint: 4689 ns, Cleanup: 150519 ns, At safepoint: 16111 ns, Total: 171319 ns
[2024-02-18T08:49:11.653+0000][7][gc,start    ] GC(0) Pause Young (Normal) (G1 Evacuation Pause)
[2024-02-18T08:49:11.654+0000][7][gc,task     ] GC(0) Using 12 workers of 13 for evacuation
[2024-02-18T08:49:11.654+0000][7][gc,age      ] GC(0) Desired survivor size 2097152 bytes, new threshold 15 (max threshold 15)
[2024-02-18T08:49:11.657+0000][7][gc,phases   ] GC(0)   Pre Evacuate Collection Set: 0.2ms
[2024-02-18T08:49:11.657+0000][7][gc,phases   ] GC(0)   Merge Heap Roots: 0.1ms
[2024-02-18T08:49:11.657+0000][7][gc,phases   ] GC(0)   Evacuate Collection Set: 2.1ms
[2024-02-18T08:49:11.658+0000][7][gc,phases   ] GC(0)   Post Evacuate Collection Set: 0.6ms
[2024-02-18T08:49:11.658+0000][7][gc,phases   ] GC(0)   Other: 0.3ms
[2024-02-18T08:49:11.658+0000][7][gc,age      ] GC(0) Age table with threshold 15 (max threshold 15)
[2024-02-18T08:49:11.658+0000][7][gc,age      ] GC(0) - age   1:    4128968 bytes,    4128968 total
[2024-02-18T08:49:11.658+0000][7][gc,heap     ] GC(0) Eden regions: 6->0(5)
[2024-02-18T08:49:11.658+0000][7][gc,heap     ] GC(0) Survivor regions: 0->1(1)
[2024-02-18T08:49:11.658+0000][7][gc,heap     ] GC(0) Old regions: 1->2
[2024-02-18T08:49:11.659+0000][7][gc,heap     ] GC(0) Humongous regions: 0->0
[2024-02-18T08:49:11.659+0000][7][gc,metaspace] GC(0) Metaspace: 9045K(9280K)->9045K(9280K) NonClass: 8029K(8128K)->8029K(8128K) Class: 1016K(1152K)->1016K(1152K)
[2024-02-18T08:49:11.659+0000][7][gc          ] GC(0) Pause Young (Normal) (G1 Evacuation Pause) 25M->5M(512M) 5.705ms
[2024-02-18T08:49:11.659+0000][7][gc,cpu      ] GC(0) User=0.02s Sys=0.02s Real=0.01s
[2024-02-18T08:49:11.659+0000][7][safepoint   ] Safepoint "G1CollectForAllocation", Time since last: 197070866 ns, Reaching safepoint: 4959 ns, Cleanup: 68872 ns, At safepoint: 6229962 ns, Total: 6303793 ns
[2024-02-18T08:49:11.972+0000][7][gc,start    ] GC(1) Pause Young (Normal) (G1 Evacuation Pause)
[2024-02-18T08:49:11.973+0000][7][gc,task     ] GC(1) Using 12 workers of 13 for evacuation
[2024-02-18T08:49:11.973+0000][7][gc,age      ] GC(1) Desired survivor size 2097152 bytes, new threshold 1 (max threshold 15)
[2024-02-18T08:49:11.976+0000][7][gc,phases   ] GC(1)   Pre Evacuate Collection Set: 0.2ms
[2024-02-18T08:49:11.976+0000][7][gc,phases   ] GC(1)   Merge Heap Roots: 0.1ms
[2024-02-18T08:49:11.977+0000][7][gc,phases   ] GC(1)   Evacuate Collection Set: 2.2ms
[2024-02-18T08:49:11.977+0000][7][gc,phases   ] GC(1)   Post Evacuate Collection Set: 0.6ms
[2024-02-18T08:49:11.977+0000][7][gc,phases   ] GC(1)   Other: 0.3ms
[2024-02-18T08:49:11.977+0000][7][gc,age      ] GC(1) Age table with threshold 1 (max threshold 15)
[2024-02-18T08:49:11.977+0000][7][gc,age      ] GC(1) - age   1:    1919648 bytes,    1919648 total
[2024-02-18T08:49:11.977+0000][7][gc,heap     ] GC(1) Eden regions: 5->0(11)
[2024-02-18T08:49:11.977+0000][7][gc,heap     ] GC(1) Survivor regions: 1->1(1)
[2024-02-18T08:49:11.977+0000][7][gc,heap     ] GC(1) Old regions: 2->3
[2024-02-18T08:49:11.977+0000][7][gc,heap     ] GC(1) Humongous regions: 0->0
[2024-02-18T08:49:11.978+0000][7][gc,metaspace] GC(1) Metaspace: 12085K(12352K)->12085K(12352K) NonClass: 10645K(10816K)->10645K(10816K) Class: 1439K(1536K)->1439K(1536K)
[2024-02-18T08:49:11.978+0000][7][gc          ] GC(1) Pause Young (Normal) (G1 Evacuation Pause) 25M->7M(512M) 5.310ms
[2024-02-18T08:49:11.978+0000][7][gc,cpu      ] GC(1) User=0.02s Sys=0.01s Real=0.01s
[2024-02-18T08:49:11.978+0000][7][safepoint   ] Safepoint "G1CollectForAllocation", Time since last: 312887000 ns, Reaching safepoint: 6403 ns, Cleanup: 109309 ns, At safepoint: 5554734 ns, Total: 5670446 ns
[2024-02-18T08:49:12.639+0000][7][safepoint   ] Safepoint "ICBufferFull", Time since last: 661214214 ns, Reaching safepoint: 5140 ns, Cleanup: 144126 ns, At safepoint: 2495 ns, Total: 151761 ns
[2024-02-18T08:49:12.823+0000][7][gc,start    ] GC(2) Pause Young (Normal) (G1 Evacuation Pause)
[2024-02-18T08:49:12.824+0000][7][gc,task     ] GC(2) Using 12 workers of 13 for evacuation
[2024-02-18T08:49:12.824+0000][7][gc,age      ] GC(2) Desired survivor size 4194304 bytes, new threshold 15 (max threshold 15)
[2024-02-18T08:49:12.828+0000][7][gc,phases   ] GC(2)   Pre Evacuate Collection Set: 0.3ms
[2024-02-18T08:49:12.828+0000][7][gc,phases   ] GC(2)   Merge Heap Roots: 0.1ms
[2024-02-18T08:49:12.829+0000][7][gc,phases   ] GC(2)   Evacuate Collection Set: 2.0ms
[2024-02-18T08:49:12.829+0000][7][gc,phases   ] GC(2)   Post Evacuate Collection Set: 1.1ms
[2024-02-18T08:49:12.829+0000][7][gc,phases   ] GC(2)   Other: 0.5ms
[2024-02-18T08:49:12.830+0000][7][gc,age      ] GC(2) Age table with threshold 15 (max threshold 15)
[2024-02-18T08:49:12.830+0000][7][gc,age      ] GC(2) - age   1:    1439800 bytes,    1439800 total
[2024-02-18T08:49:12.830+0000][7][gc,age      ] GC(2) - age   2:    1897344 bytes,    3337144 total
[2024-02-18T08:49:12.830+0000][7][gc,heap     ] GC(2) Eden regions: 11->0(59)
[2024-02-18T08:49:12.830+0000][7][gc,heap     ] GC(2) Survivor regions: 1->1(2)
[2024-02-18T08:49:12.830+0000][7][gc,heap     ] GC(2) Old regions: 3->3
[2024-02-18T08:49:12.831+0000][7][gc,heap     ] GC(2) Humongous regions: 0->0
[2024-02-18T08:49:12.831+0000][7][gc,metaspace] GC(2) Metaspace: 15748K(16064K)->15748K(16064K) NonClass: 13955K(14144K)->13955K(14144K) Class: 1793K(1920K)->1793K(1920K)
[2024-02-18T08:49:12.831+0000][7][gc          ] GC(2) Pause Young (Normal) (G1 Evacuation Pause) 51M->8M(512M) 7.543ms
[2024-02-18T08:49:12.831+0000][7][gc,cpu      ] GC(2) User=0.06s Sys=0.00s Real=0.01s
[2024-02-18T08:49:12.832+0000][7][safepoint   ] Safepoint "G1CollectForAllocation", Time since last: 184095109 ns, Reaching safepoint: 9638 ns, Cleanup: 61758 ns, At safepoint: 8259559 ns, Total: 8330955 ns
[2024-02-18T08:49:13.643+0000][7][safepoint   ] Safepoint "ICBufferFull", Time since last: 810881218 ns, Reaching safepoint: 284354 ns, Cleanup: 215112 ns, At safepoint: 68241 ns, Total: 567707 ns
[2024-02-18T08:49:13.919+0000][7][gc,start    ] GC(3) Pause Young (Normal) (G1 Evacuation Pause)
[2024-02-18T08:49:13.920+0000][7][gc,task     ] GC(3) Using 12 workers of 13 for evacuation
[2024-02-18T08:49:13.921+0000][7][gc,age      ] GC(3) Desired survivor size 16777216 bytes, new threshold 15 (max threshold 15)
[2024-02-18T08:49:13.930+0000][7][gc,phases   ] GC(3)   Pre Evacuate Collection Set: 0.5ms
[2024-02-18T08:49:13.930+0000][7][gc,phases   ] GC(3)   Merge Heap Roots: 0.1ms
[2024-02-18T08:49:13.931+0000][7][gc,phases   ] GC(3)   Evacuate Collection Set: 6.1ms
[2024-02-18T08:49:13.931+0000][7][gc,phases   ] GC(3)   Post Evacuate Collection Set: 2.0ms
[2024-02-18T08:49:13.931+0000][7][gc,phases   ] GC(3)   Other: 1.1ms
[2024-02-18T08:49:13.931+0000][7][gc,age      ] GC(3) Age table with threshold 15 (max threshold 15)
[2024-02-18T08:49:13.932+0000][7][gc,age      ] GC(3) - age   1:    4470304 bytes,    4470304 total
[2024-02-18T08:49:13.932+0000][7][gc,age      ] GC(3) - age   2:    1361144 bytes,    5831448 total
[2024-02-18T08:49:13.932+0000][7][gc,age      ] GC(3) - age   3:    1895800 bytes,    7727248 total
[2024-02-18T08:49:13.933+0000][7][gc,heap     ] GC(3) Eden regions: 59->0(74)
[2024-02-18T08:49:13.933+0000][7][gc,heap     ] GC(3) Survivor regions: 1->2(8)
[2024-02-18T08:49:13.933+0000][7][gc,heap     ] GC(3) Old regions: 3->3
[2024-02-18T08:49:13.933+0000][7][gc,heap     ] GC(3) Humongous regions: 0->0
[2024-02-18T08:49:13.933+0000][7][gc,metaspace] GC(3) Metaspace: 18830K(19200K)->18830K(19200K) NonClass: 16636K(16832K)->16636K(16832K) Class: 2193K(2368K)->2193K(2368K)
[2024-02-18T08:49:13.934+0000][7][gc          ] GC(3) Pause Young (Normal) (G1 Evacuation Pause) 244M->13M(512M) 14.266ms
[2024-02-18T08:49:13.934+0000][7][gc,cpu      ] GC(3) User=0.09s Sys=0.00s Real=0.01s
[2024-02-18T08:49:13.934+0000][7][safepoint   ] Safepoint "G1CollectForAllocation", Time since last: 276099186 ns, Reaching safepoint: 18966 ns, Cleanup: 78430 ns, At safepoint: 14726906 ns, Total: 14824302 ns
[2024-02-18T08:49:14.558+0000][7][gc,start    ] GC(4) Pause Young (Normal) (G1 Evacuation Pause)
[2024-02-18T08:49:14.558+0000][7][gc,task     ] GC(4) Using 12 workers of 13 for evacuation
[2024-02-18T08:49:14.558+0000][7][gc,age      ] GC(4) Desired survivor size 20971520 bytes, new threshold 15 (max threshold 15)
[2024-02-18T08:49:14.565+0000][7][gc,phases   ] GC(4)   Pre Evacuate Collection Set: 0.3ms
[2024-02-18T08:49:14.565+0000][7][gc,phases   ] GC(4)   Merge Heap Roots: 0.1ms
[2024-02-18T08:49:14.565+0000][7][gc,phases   ] GC(4)   Evacuate Collection Set: 4.5ms
[2024-02-18T08:49:14.565+0000][7][gc,phases   ] GC(4)   Post Evacuate Collection Set: 1.2ms
[2024-02-18T08:49:14.566+0000][7][gc,phases   ] GC(4)   Other: 0.5ms
[2024-02-18T08:49:14.566+0000][7][gc,age      ] GC(4) Age table with threshold 15 (max threshold 15)
[2024-02-18T08:49:14.566+0000][7][gc,age      ] GC(4) - age   1:    4122608 bytes,    4122608 total
[2024-02-18T08:49:14.566+0000][7][gc,age      ] GC(4) - age   2:    3856008 bytes,    7978616 total
[2024-02-18T08:49:14.566+0000][7][gc,age      ] GC(4) - age   3:    1361000 bytes,    9339616 total
[2024-02-18T08:49:14.566+0000][7][gc,age      ] GC(4) - age   4:    1895800 bytes,   11235416 total
[2024-02-18T08:49:14.566+0000][7][gc,heap     ] GC(4) Eden regions: 74->0(73)
[2024-02-18T08:49:14.566+0000][7][gc,heap     ] GC(4) Survivor regions: 2->3(10)
[2024-02-18T08:49:14.566+0000][7][gc,heap     ] GC(4) Old regions: 3->3
[2024-02-18T08:49:14.567+0000][7][gc,heap     ] GC(4) Humongous regions: 0->0
[2024-02-18T08:49:14.567+0000][7][gc,metaspace] GC(4) Metaspace: 20113K(20608K)->20113K(20608K) NonClass: 17745K(18048K)->17745K(18048K) Class: 2368K(2560K)->2368K(2560K)
[2024-02-18T08:49:14.567+0000][7][gc          ] GC(4) Pause Young (Normal) (G1 Evacuation Pause) 309M->16M(512M) 9.177ms
[2024-02-18T08:49:14.567+0000][7][gc,cpu      ] GC(4) User=0.04s Sys=0.01s Real=0.01s
[2024-02-18T08:49:14.567+0000][7][safepoint   ] Safepoint "G1CollectForAllocation", Time since last: 623497269 ns, Reaching safepoint: 6443 ns, Cleanup: 84692 ns, At safepoint: 9470599 ns, Total: 9561734 ns
[2024-02-18T08:49:15.118+0000][7][gc,start    ] GC(5) Pause Young (Normal) (G1 Evacuation Pause)
[2024-02-18T08:49:15.119+0000][7][gc,task     ] GC(5) Using 12 workers of 13 for evacuation
[2024-02-18T08:49:15.119+0000][7][gc,age      ] GC(5) Desired survivor size 20971520 bytes, new threshold 15 (max threshold 15)
[2024-02-18T08:49:15.127+0000][7][gc,phases   ] GC(5)   Pre Evacuate Collection Set: 0.2ms
[2024-02-18T08:49:15.128+0000][7][gc,phases   ] GC(5)   Merge Heap Roots: 0.1ms
[2024-02-18T08:49:15.128+0000][7][gc,phases   ] GC(5)   Evacuate Collection Set: 5.2ms
[2024-02-18T08:49:15.128+0000][7][gc,phases   ] GC(5)   Post Evacuate Collection Set: 2.4ms
[2024-02-18T08:49:15.128+0000][7][gc,phases   ] GC(5)   Other: 0.6ms
[2024-02-18T08:49:15.128+0000][7][gc,age      ] GC(5) Age table with threshold 15 (max threshold 15)
[2024-02-18T08:49:15.129+0000][7][gc,age      ] GC(5) - age   1:    1603712 bytes,    1603712 total
[2024-02-18T08:49:15.129+0000][7][gc,age      ] GC(5) - age   2:    4106432 bytes,    5710144 total
[2024-02-18T08:49:15.129+0000][7][gc,age      ] GC(5) - age   3:    3855496 bytes,    9565640 total
[2024-02-18T08:49:15.129+0000][7][gc,age      ] GC(5) - age   4:    1360872 bytes,   10926512 total
[2024-02-18T08:49:15.129+0000][7][gc,age      ] GC(5) - age   5:    1895736 bytes,   12822248 total
[2024-02-18T08:49:15.129+0000][7][gc,heap     ] GC(5) Eden regions: 73->0(72)
[2024-02-18T08:49:15.129+0000][7][gc,heap     ] GC(5) Survivor regions: 3->4(10)
[2024-02-18T08:49:15.129+0000][7][gc,heap     ] GC(5) Old regions: 3->3
[2024-02-18T08:49:15.130+0000][7][gc,heap     ] GC(5) Humongous regions: 0->0
[2024-02-18T08:49:15.130+0000][7][gc,metaspace] GC(5) Metaspace: 20619K(21184K)->20619K(21184K) NonClass: 18163K(18496K)->18163K(18496K) Class: 2455K(2688K)->2455K(2688K)
[2024-02-18T08:49:15.130+0000][7][gc          ] GC(5) Pause Young (Normal) (G1 Evacuation Pause) 308M->18M(512M) 11.774ms
[2024-02-18T08:49:15.130+0000][7][gc,cpu      ] GC(5) User=0.05s Sys=0.00s Real=0.01s
[2024-02-18T08:49:15.130+0000][7][safepoint   ] Safepoint "G1CollectForAllocation", Time since last: 550821344 ns, Reaching safepoint: 12153 ns, Cleanup: 69864 ns, At safepoint: 12109853 ns, Total: 12191870 ns
[2024-02-18T08:49:15.233+0000][7][gc,start    ] GC(6) Pause Young (Concurrent Start) (Metadata GC Threshold)
[2024-02-18T08:49:15.235+0000][7][gc,task     ] GC(6) Using 12 workers of 13 for evacuation
[2024-02-18T08:49:15.235+0000][7][gc,age      ] GC(6) Desired survivor size 20971520 bytes, new threshold 15 (max threshold 15)
[2024-02-18T08:49:15.244+0000][7][gc,phases   ] GC(6)   Pre Evacuate Collection Set: 0.4ms
[2024-02-18T08:49:15.245+0000][7][gc,phases   ] GC(6)   Merge Heap Roots: 0.1ms
[2024-02-18T08:49:15.245+0000][7][gc,phases   ] GC(6)   Evacuate Collection Set: 6.6ms
[2024-02-18T08:49:15.245+0000][7][gc,phases   ] GC(6)   Post Evacuate Collection Set: 1.3ms
[2024-02-18T08:49:15.245+0000][7][gc,phases   ] GC(6)   Other: 1.1ms
[2024-02-18T08:49:15.246+0000][7][gc,age      ] GC(6) Age table with threshold 15 (max threshold 15)
[2024-02-18T08:49:15.246+0000][7][gc,age      ] GC(6) - age   1:    1260824 bytes,    1260824 total
[2024-02-18T08:49:15.246+0000][7][gc,age      ] GC(6) - age   2:     664280 bytes,    1925104 total
[2024-02-18T08:49:15.247+0000][7][gc,age      ] GC(6) - age   3:    4102624 bytes,    6027728 total
[2024-02-18T08:49:15.247+0000][7][gc,age      ] GC(6) - age   4:    3854344 bytes,    9882072 total
[2024-02-18T08:49:15.247+0000][7][gc,age      ] GC(6) - age   5:    1360872 bytes,   11242944 total
[2024-02-18T08:49:15.247+0000][7][gc,age      ] GC(6) - age   6:    1895736 bytes,   13138680 total
[2024-02-18T08:49:15.248+0000][7][gc,heap     ] GC(6) Eden regions: 7->0(72)
[2024-02-18T08:49:15.248+0000][7][gc,heap     ] GC(6) Survivor regions: 4->4(10)
[2024-02-18T08:49:15.248+0000][7][gc,heap     ] GC(6) Old regions: 3->3
[2024-02-18T08:49:15.248+0000][7][gc,heap     ] GC(6) Humongous regions: 0->0
[2024-02-18T08:49:15.249+0000][7][gc,metaspace] GC(6) Metaspace: 21015K(21504K)->21015K(21504K) NonClass: 18506K(18816K)->18506K(18816K) Class: 2509K(2688K)->2509K(2688K)
[2024-02-18T08:49:15.249+0000][7][gc          ] GC(6) Pause Young (Concurrent Start) (Metadata GC Threshold) 46M->19M(512M) 15.618ms
[2024-02-18T08:49:15.249+0000][7][gc,cpu      ] GC(6) User=0.00s Sys=0.03s Real=0.02s
[2024-02-18T08:49:15.249+0000][7][gc          ] GC(7) Concurrent Mark Cycle
[2024-02-18T08:49:15.249+0000][7][safepoint   ] Safepoint "CollectForMetadataAllocation", Time since last: 103087115 ns, Reaching safepoint: 8756 ns, Cleanup: 21281 ns, At safepoint: 16203750 ns, Total: 16233787 ns
[2024-02-18T08:49:15.250+0000][7][gc,marking  ] GC(7) Concurrent Scan Root Regions
[2024-02-18T08:49:15.255+0000][7][gc,marking  ] GC(7) Concurrent Scan Root Regions 5.379ms
[2024-02-18T08:49:15.256+0000][7][gc,marking  ] GC(7) Concurrent Mark
[2024-02-18T08:49:15.256+0000][7][gc,marking  ] GC(7) Concurrent Mark From Roots
[2024-02-18T08:49:15.256+0000][7][gc,task     ] GC(7) Using 3 workers of 3 for marking
[2024-02-18T08:49:15.260+0000][7][gc,marking  ] GC(7) Concurrent Mark From Roots 4.425ms
[2024-02-18T08:49:15.262+0000][7][gc,marking  ] GC(7) Concurrent Preclean
[2024-02-18T08:49:15.262+0000][7][gc,marking  ] GC(7) Concurrent Preclean 0.671ms
[2024-02-18T08:49:15.263+0000][7][gc,start    ] GC(7) Pause Remark
[2024-02-18T08:49:15.267+0000][7][gc          ] GC(7) Pause Remark 21M->21M(512M) 3.779ms
[2024-02-18T08:49:15.268+0000][7][gc,cpu      ] GC(7) User=0.01s Sys=0.01s Real=0.01s
[2024-02-18T08:49:15.269+0000][7][safepoint   ] Safepoint "G1PauseRemark", Time since last: 13230826 ns, Reaching safepoint: 233852 ns, Cleanup: 7805 ns, At safepoint: 6055964 ns, Total: 6297621 ns
[2024-02-18T08:49:15.270+0000][7][gc,marking  ] GC(7) Concurrent Mark 14.186ms
[2024-02-18T08:49:15.272+0000][7][gc,marking  ] GC(7) Concurrent Rebuild Remembered Sets and Scrub Regions
[2024-02-18T08:49:15.275+0000][7][gc,marking  ] GC(7) Concurrent Rebuild Remembered Sets and Scrub Regions 2.945ms
[2024-02-18T08:49:15.276+0000][7][gc,start    ] GC(7) Pause Cleanup
[2024-02-18T08:49:15.276+0000][7][gc          ] GC(7) Pause Cleanup 21M->21M(512M) 0.436ms
[2024-02-18T08:49:15.276+0000][7][gc,cpu      ] GC(7) User=0.00s Sys=0.00s Real=0.01s
[2024-02-18T08:49:15.276+0000][7][safepoint   ] Safepoint "G1PauseCleanup", Time since last: 6442581 ns, Reaching safepoint: 100767 ns, Cleanup: 5521 ns, At safepoint: 844823 ns, Total: 951111 ns
[2024-02-18T08:49:15.277+0000][7][gc,marking  ] GC(7) Concurrent Clear Claimed Marks
[2024-02-18T08:49:15.277+0000][7][gc,marking  ] GC(7) Concurrent Clear Claimed Marks 0.234ms
[2024-02-18T08:49:15.277+0000][7][gc,marking  ] GC(7) Concurrent Cleanup for Next Mark
[2024-02-18T08:49:15.279+0000][7][gc,marking  ] GC(7) Concurrent Cleanup for Next Mark 2.006ms
[2024-02-18T08:49:15.279+0000][7][gc          ] GC(7) Concurrent Mark Cycle 30.212ms
[2024-02-18T08:49:15.827+0000][7][gc,start    ] GC(8) Pause Young (Prepare Mixed) (G1 Evacuation Pause)
[2024-02-18T08:49:15.828+0000][7][gc,task     ] GC(8) Using 12 workers of 13 for evacuation
[2024-02-18T08:49:15.828+0000][7][gc,age      ] GC(8) Desired survivor size 20971520 bytes, new threshold 15 (max threshold 15)
[2024-02-18T08:49:15.834+0000][7][gc,phases   ] GC(8)   Pre Evacuate Collection Set: 0.2ms
[2024-02-18T08:49:15.835+0000][7][gc,phases   ] GC(8)   Merge Heap Roots: 0.1ms
[2024-02-18T08:49:15.835+0000][7][gc,phases   ] GC(8)   Evacuate Collection Set: 4.9ms
[2024-02-18T08:49:15.835+0000][7][gc,phases   ] GC(8)   Post Evacuate Collection Set: 1.1ms
[2024-02-18T08:49:15.836+0000][7][gc,phases   ] GC(8)   Other: 0.6ms
[2024-02-18T08:49:15.836+0000][7][gc,age      ] GC(8) Age table with threshold 15 (max threshold 15)
[2024-02-18T08:49:15.836+0000][7][gc,age      ] GC(8) - age   1:    1401392 bytes,    1401392 total
[2024-02-18T08:49:15.836+0000][7][gc,age      ] GC(8) - age   2:    1209624 bytes,    2611016 total
[2024-02-18T08:49:15.836+0000][7][gc,age      ] GC(8) - age   3:     663424 bytes,    3274440 total
[2024-02-18T08:49:15.836+0000][7][gc,age      ] GC(8) - age   4:    4102016 bytes,    7376456 total
[2024-02-18T08:49:15.837+0000][7][gc,age      ] GC(8) - age   5:    3851520 bytes,   11227976 total
[2024-02-18T08:49:15.837+0000][7][gc,age      ] GC(8) - age   6:    1359720 bytes,   12587696 total
[2024-02-18T08:49:15.837+0000][7][gc,age      ] GC(8) - age   7:    1894488 bytes,   14482184 total
[2024-02-18T08:49:15.837+0000][7][gc,heap     ] GC(8) Eden regions: 72->0(72)
[2024-02-18T08:49:15.837+0000][7][gc,heap     ] GC(8) Survivor regions: 4->4(10)
[2024-02-18T08:49:15.837+0000][7][gc,heap     ] GC(8) Old regions: 3->3
[2024-02-18T08:49:15.838+0000][7][gc,heap     ] GC(8) Humongous regions: 0->0
[2024-02-18T08:49:15.838+0000][7][gc,metaspace] GC(8) Metaspace: 21802K(22464K)->21802K(22464K) NonClass: 19190K(19584K)->19190K(19584K) Class: 2612K(2880K)->2612K(2880K)
[2024-02-18T08:49:15.838+0000][7][gc          ] GC(8) Pause Young (Prepare Mixed) (G1 Evacuation Pause) 307M->20M(512M) 11.027ms
[2024-02-18T08:49:15.838+0000][7][gc,cpu      ] GC(8) User=0.04s Sys=0.00s Real=0.01s
[2024-02-18T08:49:15.838+0000][7][safepoint   ] Safepoint "G1CollectForAllocation", Time since last: 550561054 ns, Reaching safepoint: 8466 ns, Cleanup: 40538 ns, At safepoint: 11354567 ns, Total: 11403571 ns
[2024-02-18T08:49:17.293+0000][7][safepoint   ] Safepoint "Cleanup", Time since last: 1454248348 ns, Reaching safepoint: 12254 ns, Cleanup: 116323 ns, At safepoint: 5059 ns, Total: 133636 ns
[2024-02-18T08:49:18.297+0000][7][safepoint   ] Safepoint "ICBufferFull", Time since last: 1003812992 ns, Reaching safepoint: 117539 ns, Cleanup: 209021 ns, At safepoint: 46980 ns, Total: 373540 ns
[2024-02-18T08:49:19.130+0000][7][safepoint   ] Safepoint "ICBufferFull", Time since last: 832515043 ns, Reaching safepoint: 102376 ns, Cleanup: 128716 ns, At safepoint: 43744 ns, Total: 274836 ns
[2024-02-18T08:49:19.402+0000][7][gc,start    ] GC(9) Pause Young (Mixed) (G1 Evacuation Pause)
[2024-02-18T08:49:19.403+0000][7][gc,task     ] GC(9) Using 12 workers of 13 for evacuation
[2024-02-18T08:49:19.403+0000][7][gc,age      ] GC(9) Desired survivor size 20971520 bytes, new threshold 15 (max threshold 15)
[2024-02-18T08:49:19.422+0000][7][gc,phases   ] GC(9)   Pre Evacuate Collection Set: 0.2ms
[2024-02-18T08:49:19.422+0000][7][gc,phases   ] GC(9)   Merge Heap Roots: 0.1ms
[2024-02-18T08:49:19.423+0000][7][gc,phases   ] GC(9)   Evacuate Collection Set: 16.1ms
[2024-02-18T08:49:19.423+0000][7][gc,phases   ] GC(9)   Post Evacuate Collection Set: 2.2ms
[2024-02-18T08:49:19.423+0000][7][gc,phases   ] GC(9)   Other: 0.4ms
[2024-02-18T08:49:19.423+0000][7][gc,age      ] GC(9) Age table with threshold 15 (max threshold 15)
[2024-02-18T08:49:19.423+0000][7][gc,age      ] GC(9) - age   1:   18469888 bytes,   18469888 total
[2024-02-18T08:49:19.423+0000][7][gc,age      ] GC(9) - age   2:     957752 bytes,   19427640 total
[2024-02-18T08:49:19.424+0000][7][gc,age      ] GC(9) - age   3:    1198312 bytes,   20625952 total
[2024-02-18T08:49:19.424+0000][7][gc,age      ] GC(9) - age   4:     646720 bytes,   21272672 total
[2024-02-18T08:49:19.424+0000][7][gc,age      ] GC(9) - age   5:    4081080 bytes,   25353752 total
[2024-02-18T08:49:19.424+0000][7][gc,age      ] GC(9) - age   6:    3763704 bytes,   29117456 total
[2024-02-18T08:49:19.424+0000][7][gc,age      ] GC(9) - age   7:    1326040 bytes,   30443496 total
[2024-02-18T08:49:19.424+0000][7][gc,age      ] GC(9) - age   8:    1887744 bytes,   32331240 total
[2024-02-18T08:49:19.424+0000][7][gc,heap     ] GC(9) Eden regions: 72->0(67)
[2024-02-18T08:49:19.424+0000][7][gc,heap     ] GC(9) Survivor regions: 4->9(10)
[2024-02-18T08:49:19.424+0000][7][gc,heap     ] GC(9) Old regions: 3->2
[2024-02-18T08:49:19.425+0000][7][gc,heap     ] GC(9) Humongous regions: 0->0
[2024-02-18T08:49:19.425+0000][7][gc,metaspace] GC(9) Metaspace: 31666K(32704K)->31666K(32704K) NonClass: 27712K(28352K)->27712K(28352K) Class: 3953K(4352K)->3953K(4352K)
[2024-02-18T08:49:19.425+0000][7][gc          ] GC(9) Pause Young (Mixed) (G1 Evacuation Pause) 308M->38M(512M) 22.393ms
[2024-02-18T08:49:19.425+0000][7][gc,cpu      ] GC(9) User=0.18s Sys=0.00s Real=0.02s
[2024-02-18T08:49:19.425+0000][7][safepoint   ] Safepoint "G1CollectForAllocation", Time since last: 272632005 ns, Reaching safepoint: 10701 ns, Cleanup: 36780 ns, At safepoint: 22768057 ns, Total: 22815538 ns
[2024-02-18T08:49:20.426+0000][7][safepoint   ] Safepoint "Cleanup", Time since last: 1000275145 ns, Reaching safepoint: 8908 ns, Cleanup: 85623 ns, At safepoint: 39967 ns, Total: 134498 ns
[2024-02-18T08:49:20.504+0000][7][gc,start    ] GC(10) Pause Young (Concurrent Start) (Metadata GC Threshold)
[2024-02-18T08:49:20.508+0000][7][gc,task     ] GC(10) Using 12 workers of 13 for evacuation
[2024-02-18T08:49:20.509+0000][7][gc,age      ] GC(10) Desired survivor size 20971520 bytes, new threshold 4 (max threshold 15)
[2024-02-18T08:49:20.529+0000][7][gc,phases   ] GC(10)   Pre Evacuate Collection Set: 0.3ms
[2024-02-18T08:49:20.529+0000][7][gc,phases   ] GC(10)   Merge Heap Roots: 0.1ms
[2024-02-18T08:49:20.529+0000][7][gc,phases   ] GC(10)   Evacuate Collection Set: 16.7ms
[2024-02-18T08:49:20.530+0000][7][gc,phases   ] GC(10)   Post Evacuate Collection Set: 2.1ms
[2024-02-18T08:49:20.530+0000][7][gc,phases   ] GC(10)   Other: 1.0ms
[2024-02-18T08:49:20.530+0000][7][gc,age      ] GC(10) Age table with threshold 4 (max threshold 15)
[2024-02-18T08:49:20.531+0000][7][gc,age      ] GC(10) - age   1:    9568096 bytes,    9568096 total
[2024-02-18T08:49:20.531+0000][7][gc,age      ] GC(10) - age   2:   18037240 bytes,   27605336 total
[2024-02-18T08:49:20.531+0000][7][gc,age      ] GC(10) - age   3:     957440 bytes,   28562776 total
[2024-02-18T08:49:20.531+0000][7][gc,age      ] GC(10) - age   4:    1198312 bytes,   29761088 total
[2024-02-18T08:49:20.532+0000][7][gc,heap     ] GC(10) Eden regions: 27->0(68)
[2024-02-18T08:49:20.532+0000][7][gc,heap     ] GC(10) Survivor regions: 9->8(10)
[2024-02-18T08:49:20.532+0000][7][gc,heap     ] GC(10) Old regions: 2->5
[2024-02-18T08:49:20.532+0000][7][gc,heap     ] GC(10) Humongous regions: 0->0
[2024-02-18T08:49:20.532+0000][7][gc,metaspace] GC(10) Metaspace: 35142K(36160K)->35142K(36160K) NonClass: 30593K(31232K)->30593K(31232K) Class: 4549K(4928K)->4549K(4928K)
[2024-02-18T08:49:20.532+0000][7][gc          ] GC(10) Pause Young (Concurrent Start) (Metadata GC Threshold) 146M->48M(512M) 28.767ms
[2024-02-18T08:49:20.533+0000][7][gc,cpu      ] GC(10) User=0.18s Sys=0.00s Real=0.03s
[2024-02-18T08:49:20.533+0000][7][gc          ] GC(11) Concurrent Mark Cycle
[2024-02-18T08:49:20.533+0000][7][safepoint   ] Safepoint "CollectForMetadataAllocation", Time since last: 77945900 ns, Reaching safepoint: 10320 ns, Cleanup: 32141 ns, At safepoint: 29301117 ns, Total: 29343578 ns
[2024-02-18T08:49:20.533+0000][7][gc,marking  ] GC(11) Concurrent Scan Root Regions
[2024-02-18T08:49:20.550+0000][7][gc,marking  ] GC(11) Concurrent Scan Root Regions 17.201ms
[2024-02-18T08:49:20.551+0000][7][gc,marking  ] GC(11) Concurrent Mark
[2024-02-18T08:49:20.551+0000][7][gc,marking  ] GC(11) Concurrent Mark From Roots
[2024-02-18T08:49:20.551+0000][7][gc,task     ] GC(11) Using 3 workers of 3 for marking
[2024-02-18T08:49:20.557+0000][7][gc,marking  ] GC(11) Concurrent Mark From Roots 5.891ms
[2024-02-18T08:49:20.558+0000][7][gc,marking  ] GC(11) Concurrent Preclean
[2024-02-18T08:49:20.558+0000][7][gc,marking  ] GC(11) Concurrent Preclean 0.396ms
[2024-02-18T08:49:20.560+0000][7][gc,start    ] GC(11) Pause Remark
[2024-02-18T08:49:20.566+0000][7][gc          ] GC(11) Pause Remark 50M->50M(512M) 6.070ms
[2024-02-18T08:49:20.567+0000][7][gc,cpu      ] GC(11) User=0.04s Sys=0.00s Real=0.01s
[2024-02-18T08:49:20.567+0000][7][safepoint   ] Safepoint "G1PauseRemark", Time since last: 26783468 ns, Reaching safepoint: 538512 ns, Cleanup: 27502 ns, At safepoint: 6612906 ns, Total: 7178920 ns
[2024-02-18T08:49:20.567+0000][7][gc,marking  ] GC(11) Concurrent Mark 16.223ms
[2024-02-18T08:49:20.567+0000][7][gc,marking  ] GC(11) Concurrent Rebuild Remembered Sets and Scrub Regions
[2024-02-18T08:49:20.570+0000][7][gc,marking  ] GC(11) Concurrent Rebuild Remembered Sets and Scrub Regions 2.710ms
[2024-02-18T08:49:20.571+0000][7][gc,start    ] GC(11) Pause Cleanup
[2024-02-18T08:49:20.571+0000][7][gc          ] GC(11) Pause Cleanup 50M->50M(512M) 0.394ms
[2024-02-18T08:49:20.571+0000][7][gc,cpu      ] GC(11) User=0.00s Sys=0.00s Real=0.00s
[2024-02-18T08:49:20.571+0000][7][safepoint   ] Safepoint "G1PauseCleanup", Time since last: 3611637 ns, Reaching safepoint: 101619 ns, Cleanup: 14769 ns, At safepoint: 771938 ns, Total: 888326 ns
[2024-02-18T08:49:20.572+0000][7][gc,marking  ] GC(11) Concurrent Clear Claimed Marks
[2024-02-18T08:49:20.572+0000][7][gc,marking  ] GC(11) Concurrent Clear Claimed Marks 0.403ms
[2024-02-18T08:49:20.572+0000][7][gc,marking  ] GC(11) Concurrent Cleanup for Next Mark
[2024-02-18T08:49:20.574+0000][7][gc,marking  ] GC(11) Concurrent Cleanup for Next Mark 1.435ms
[2024-02-18T08:49:20.574+0000][7][gc          ] GC(11) Concurrent Mark Cycle 41.316ms
[2024-02-18T08:49:21.929+0000][7][safepoint   ] Safepoint "Cleanup", Time since last: 1357723519 ns, Reaching safepoint: 4429 ns, Cleanup: 133536 ns, At safepoint: 9808 ns, Total: 147773 ns
[2024-02-18T08:49:22.767+0000][7][gc,start    ] GC(12) Pause Young (Normal) (G1 Evacuation Pause)
[2024-02-18T08:49:22.767+0000][7][gc,task     ] GC(12) Using 12 workers of 13 for evacuation
[2024-02-18T08:49:22.768+0000][7][gc,age      ] GC(12) Desired survivor size 20971520 bytes, new threshold 2 (max threshold 15)
[2024-02-18T08:49:22.789+0000][7][gc,phases   ] GC(12)   Pre Evacuate Collection Set: 0.3ms
[2024-02-18T08:49:22.790+0000][7][gc,phases   ] GC(12)   Merge Heap Roots: 0.7ms
[2024-02-18T08:49:22.790+0000][7][gc,phases   ] GC(12)   Evacuate Collection Set: 17.5ms
[2024-02-18T08:49:22.790+0000][7][gc,phases   ] GC(12)   Post Evacuate Collection Set: 3.0ms
[2024-02-18T08:49:22.790+0000][7][gc,phases   ] GC(12)   Other: 0.6ms
[2024-02-18T08:49:22.791+0000][7][gc,age      ] GC(12) Age table with threshold 2 (max threshold 15)
[2024-02-18T08:49:22.791+0000][7][gc,age      ] GC(12) - age   1:    6259040 bytes,    6259040 total
[2024-02-18T08:49:22.791+0000][7][gc,age      ] GC(12) - age   2:    9487112 bytes,   15746152 total
[2024-02-18T08:49:22.791+0000][7][gc,heap     ] GC(12) Eden regions: 68->0(71)
[2024-02-18T08:49:22.791+0000][7][gc,heap     ] GC(12) Survivor regions: 8->5(10)
[2024-02-18T08:49:22.791+0000][7][gc,heap     ] GC(12) Old regions: 5->10
[2024-02-18T08:49:22.792+0000][7][gc,heap     ] GC(12) Humongous regions: 0->0
[2024-02-18T08:49:22.792+0000][7][gc,metaspace] GC(12) Metaspace: 53402K(54720K)->53402K(54720K) NonClass: 46341K(47168K)->46341K(47168K) Class: 7060K(7552K)->7060K(7552K)
[2024-02-18T08:49:22.792+0000][7][gc          ] GC(12) Pause Young (Normal) (G1 Evacuation Pause) 320M->54M(512M) 25.335ms
[2024-02-18T08:49:22.792+0000][7][gc,cpu      ] GC(12) User=0.22s Sys=0.01s Real=0.02s
[2024-02-18T08:49:22.793+0000][7][safepoint   ] Safepoint "G1CollectForAllocation", Time since last: 837307397 ns, Reaching safepoint: 16582 ns, Cleanup: 184123 ns, At safepoint: 25806597 ns, Total: 26007302 ns
[2024-02-18T08:49:23.625+0000][7][gc,start    ] GC(13) Pause Young (Concurrent Start) (Metadata GC Threshold)
[2024-02-18T08:49:23.626+0000][7][gc,task     ] GC(13) Using 12 workers of 13 for evacuation
[2024-02-18T08:49:23.626+0000][7][gc,age      ] GC(13) Desired survivor size 20971520 bytes, new threshold 15 (max threshold 15)
[2024-02-18T08:49:23.638+0000][7][gc,phases   ] GC(13)   Pre Evacuate Collection Set: 0.3ms
[2024-02-18T08:49:23.639+0000][7][gc,phases   ] GC(13)   Merge Heap Roots: 0.2ms
[2024-02-18T08:49:23.639+0000][7][gc,phases   ] GC(13)   Evacuate Collection Set: 9.4ms
[2024-02-18T08:49:23.639+0000][7][gc,phases   ] GC(13)   Post Evacuate Collection Set: 2.3ms
[2024-02-18T08:49:23.639+0000][7][gc,phases   ] GC(13)   Other: 0.4ms
[2024-02-18T08:49:23.640+0000][7][gc,age      ] GC(13) Age table with threshold 15 (max threshold 15)
[2024-02-18T08:49:23.640+0000][7][gc,age      ] GC(13) - age   1:    3492160 bytes,    3492160 total
[2024-02-18T08:49:23.640+0000][7][gc,age      ] GC(13) - age   2:    5981392 bytes,    9473552 total
[2024-02-18T08:49:23.640+0000][7][gc,age      ] GC(13) - age   3:    9486304 bytes,   18959856 total
[2024-02-18T08:49:23.640+0000][7][gc,heap     ] GC(13) Eden regions: 26->0(70)
[2024-02-18T08:49:23.640+0000][7][gc,heap     ] GC(13) Survivor regions: 5->6(10)
[2024-02-18T08:49:23.640+0000][7][gc,heap     ] GC(13) Old regions: 10->10
[2024-02-18T08:49:23.641+0000][7][gc,heap     ] GC(13) Humongous regions: 0->0
[2024-02-18T08:49:23.641+0000][7][gc,metaspace] GC(13) Metaspace: 59382K(60608K)->59382K(60608K) NonClass: 51484K(52224K)->51484K(52224K) Class: 7898K(8384K)->7898K(8384K)
[2024-02-18T08:49:23.641+0000][7][gc          ] GC(13) Pause Young (Concurrent Start) (Metadata GC Threshold) 156M->57M(512M) 15.415ms
[2024-02-18T08:49:23.641+0000][7][gc,cpu      ] GC(13) User=0.10s Sys=0.01s Real=0.02s
[2024-02-18T08:49:23.641+0000][7][gc          ] GC(14) Concurrent Mark Cycle
[2024-02-18T08:49:23.641+0000][7][safepoint   ] Safepoint "CollectForMetadataAllocation", Time since last: 832600302 ns, Reaching safepoint: 10039 ns, Cleanup: 186718 ns, At safepoint: 15878171 ns, Total: 16074928 ns
[2024-02-18T08:49:23.641+0000][7][gc,marking  ] GC(14) Concurrent Scan Root Regions
[2024-02-18T08:49:23.650+0000][7][gc,marking  ] GC(14) Concurrent Scan Root Regions 8.768ms
[2024-02-18T08:49:23.651+0000][7][gc,marking  ] GC(14) Concurrent Mark
[2024-02-18T08:49:23.651+0000][7][gc,marking  ] GC(14) Concurrent Mark From Roots
[2024-02-18T08:49:23.651+0000][7][gc,task     ] GC(14) Using 3 workers of 3 for marking
[2024-02-18T08:49:23.671+0000][7][gc,marking  ] GC(14) Concurrent Mark From Roots 20.411ms
[2024-02-18T08:49:23.672+0000][7][gc,marking  ] GC(14) Concurrent Preclean
[2024-02-18T08:49:23.672+0000][7][gc,marking  ] GC(14) Concurrent Preclean 0.549ms
[2024-02-18T08:49:23.673+0000][7][gc,start    ] GC(14) Pause Remark
[2024-02-18T08:49:23.679+0000][7][gc          ] GC(14) Pause Remark 59M->59M(512M) 6.297ms
[2024-02-18T08:49:23.679+0000][7][gc,cpu      ] GC(14) User=0.04s Sys=0.00s Real=0.01s
[2024-02-18T08:49:23.680+0000][7][safepoint   ] Safepoint "G1PauseRemark", Time since last: 31249431 ns, Reaching safepoint: 100724 ns, Cleanup: 42782 ns, At safepoint: 6965355 ns, Total: 7108861 ns
[2024-02-18T08:49:23.680+0000][7][gc,marking  ] GC(14) Concurrent Mark 29.264ms
[2024-02-18T08:49:23.680+0000][7][gc,marking  ] GC(14) Concurrent Rebuild Remembered Sets and Scrub Regions
[2024-02-18T08:49:23.686+0000][7][gc,marking  ] GC(14) Concurrent Rebuild Remembered Sets and Scrub Regions 6.388ms
[2024-02-18T08:49:23.687+0000][7][gc,start    ] GC(14) Pause Cleanup
[2024-02-18T08:49:23.687+0000][7][gc          ] GC(14) Pause Cleanup 59M->59M(512M) 0.354ms
[2024-02-18T08:49:23.687+0000][7][gc,cpu      ] GC(14) User=0.00s Sys=0.00s Real=0.00s
[2024-02-18T08:49:23.688+0000][7][safepoint   ] Safepoint "G1PauseCleanup", Time since last: 7255662 ns, Reaching safepoint: 9939 ns, Cleanup: 12594 ns, At safepoint: 678956 ns, Total: 701489 ns
[2024-02-18T08:49:23.688+0000][7][gc,marking  ] GC(14) Concurrent Clear Claimed Marks
[2024-02-18T08:49:23.688+0000][7][gc,marking  ] GC(14) Concurrent Clear Claimed Marks 0.247ms
[2024-02-18T08:49:23.688+0000][7][gc,marking  ] GC(14) Concurrent Cleanup for Next Mark
[2024-02-18T08:49:23.689+0000][7][gc,marking  ] GC(14) Concurrent Cleanup for Next Mark 1.333ms
[2024-02-18T08:49:23.690+0000][7][gc          ] GC(14) Concurrent Mark Cycle 48.693ms
[2024-02-18T08:49:24.831+0000][7][safepoint   ] Safepoint "ICBufferFull", Time since last: 1143294194 ns, Reaching safepoint: 9789 ns, Cleanup: 175296 ns, At safepoint: 3326 ns, Total: 188411 ns
[2024-02-18T08:49:26.004+0000][7][safepoint   ] Safepoint "Cleanup", Time since last: 1172767987 ns, Reaching safepoint: 4639 ns, Cleanup: 109019 ns, At safepoint: 9187 ns, Total: 122845 ns
[2024-02-18T08:49:26.796+0000][7][safepoint   ] Safepoint "ICBufferFull", Time since last: 791664256 ns, Reaching safepoint: 8146 ns, Cleanup: 153294 ns, At safepoint: 12353 ns, Total: 173793 ns
[2024-02-18T08:49:26.873+0000][7][gc,start    ] GC(15) Pause Young (Normal) (G1 Evacuation Pause)
[2024-02-18T08:49:26.873+0000][7][gc,task     ] GC(15) Using 12 workers of 13 for evacuation
[2024-02-18T08:49:26.873+0000][7][gc,age      ] GC(15) Desired survivor size 20971520 bytes, new threshold 15 (max threshold 15)
[2024-02-18T08:49:26.891+0000][7][gc,phases   ] GC(15)   Pre Evacuate Collection Set: 0.3ms
[2024-02-18T08:49:26.891+0000][7][gc,phases   ] GC(15)   Merge Heap Roots: 0.1ms
[2024-02-18T08:49:26.891+0000][7][gc,phases   ] GC(15)   Evacuate Collection Set: 14.9ms
[2024-02-18T08:49:26.892+0000][7][gc,phases   ] GC(15)   Post Evacuate Collection Set: 1.8ms
[2024-02-18T08:49:26.892+0000][7][gc,phases   ] GC(15)   Other: 0.5ms
[2024-02-18T08:49:26.892+0000][7][gc,age      ] GC(15) Age table with threshold 15 (max threshold 15)
[2024-02-18T08:49:26.892+0000][7][gc,age      ] GC(15) - age   1:   13024448 bytes,   13024448 total
[2024-02-18T08:49:26.892+0000][7][gc,age      ] GC(15) - age   2:    3302216 bytes,   16326664 total
[2024-02-18T08:49:26.892+0000][7][gc,age      ] GC(15) - age   3:    5860832 bytes,   22187496 total
[2024-02-18T08:49:26.892+0000][7][gc,age      ] GC(15) - age   4:    9468944 bytes,   31656440 total
[2024-02-18T08:49:26.893+0000][7][gc,heap     ] GC(15) Eden regions: 70->0(67)
[2024-02-18T08:49:26.893+0000][7][gc,heap     ] GC(15) Survivor regions: 6->9(10)
[2024-02-18T08:49:26.893+0000][7][gc,heap     ] GC(15) Old regions: 10->10
[2024-02-18T08:49:26.893+0000][7][gc,heap     ] GC(15) Humongous regions: 0->0
[2024-02-18T08:49:26.893+0000][7][gc,metaspace] GC(15) Metaspace: 86000K(88640K)->86000K(88640K) NonClass: 74064K(75520K)->74064K(75520K) Class: 11936K(13120K)->11936K(13120K)
[2024-02-18T08:49:26.893+0000][7][gc          ] GC(15) Pause Young (Normal) (G1 Evacuation Pause) 337M->69M(512M) 20.727ms
[2024-02-18T08:49:26.894+0000][7][gc,cpu      ] GC(15) User=0.18s Sys=0.00s Real=0.02s
[2024-02-18T08:49:26.894+0000][7][safepoint   ] Safepoint "G1CollectForAllocation", Time since last: 76713811 ns, Reaching safepoint: 13115 ns, Cleanup: 14338 ns, At safepoint: 21273164 ns, Total: 21300617 ns
[2024-02-18T08:49:27.478+0000][7][safepoint   ] Safepoint "ICBufferFull", Time since last: 583859601 ns, Reaching safepoint: 89883 ns, Cleanup: 101203 ns, At safepoint: 32092 ns, Total: 223178 ns
[2024-02-18T08:49:27.605+0000][7][safepoint   ] Safepoint "ICBufferFull", Time since last: 127226067 ns, Reaching safepoint: 5220 ns, Cleanup: 97888 ns, At safepoint: 1984 ns, Total: 105092 ns
[2024-02-18T08:49:27.714+0000][7][safepoint   ] Safepoint "ICBufferFull", Time since last: 109012051 ns, Reaching safepoint: 5641 ns, Cleanup: 104881 ns, At safepoint: 11352 ns, Total: 121874 ns
[2024-02-18T08:49:28.349+0000][7][safepoint   ] Safepoint "ICBufferFull", Time since last: 634380093 ns, Reaching safepoint: 20950 ns, Cleanup: 159385 ns, At safepoint: 9799 ns, Total: 190134 ns
[2024-02-18T08:49:28.471+0000][7][gc,start    ] GC(16) Pause Young (Concurrent Start) (Metadata GC Threshold)
[2024-02-18T08:49:28.471+0000][7][gc,task     ] GC(16) Using 12 workers of 13 for evacuation
[2024-02-18T08:49:28.471+0000][7][gc,age      ] GC(16) Desired survivor size 20971520 bytes, new threshold 3 (max threshold 15)
[2024-02-18T08:49:28.486+0000][7][gc,phases   ] GC(16)   Pre Evacuate Collection Set: 0.2ms
[2024-02-18T08:49:28.486+0000][7][gc,phases   ] GC(16)   Merge Heap Roots: 0.1ms
[2024-02-18T08:49:28.486+0000][7][gc,phases   ] GC(16)   Evacuate Collection Set: 12.9ms
[2024-02-18T08:49:28.486+0000][7][gc,phases   ] GC(16)   Post Evacuate Collection Set: 1.4ms
[2024-02-18T08:49:28.486+0000][7][gc,phases   ] GC(16)   Other: 0.4ms
[2024-02-18T08:49:28.487+0000][7][gc,age      ] GC(16) Age table with threshold 3 (max threshold 15)
[2024-02-18T08:49:28.487+0000][7][gc,age      ] GC(16) - age   1:    5136664 bytes,    5136664 total
[2024-02-18T08:49:28.487+0000][7][gc,age      ] GC(16) - age   2:   12226160 bytes,   17362824 total
[2024-02-18T08:49:28.487+0000][7][gc,age      ] GC(16) - age   3:    3292848 bytes,   20655672 total
[2024-02-18T08:49:28.487+0000][7][gc,heap     ] GC(16) Eden regions: 27->0(70)
[2024-02-18T08:49:28.487+0000][7][gc,heap     ] GC(16) Survivor regions: 9->6(10)
[2024-02-18T08:49:28.487+0000][7][gc,heap     ] GC(16) Old regions: 10->14
[2024-02-18T08:49:28.487+0000][7][gc,heap     ] GC(16) Humongous regions: 0->0
[2024-02-18T08:49:28.487+0000][7][gc,metaspace] GC(16) Metaspace: 98806K(101568K)->98806K(101568K) NonClass: 85013K(86528K)->85013K(86528K) Class: 13792K(15040K)->13792K(15040K)
[2024-02-18T08:49:28.488+0000][7][gc          ] GC(16) Pause Young (Concurrent Start) (Metadata GC Threshold) 176M->75M(512M) 17.010ms
[2024-02-18T08:49:28.488+0000][7][gc,cpu      ] GC(16) User=0.14s Sys=0.00s Real=0.02s
[2024-02-18T08:49:28.488+0000][7][gc          ] GC(17) Concurrent Mark Cycle
[2024-02-18T08:49:28.488+0000][7][safepoint   ] Safepoint "CollectForMetadataAllocation", Time since last: 121385460 ns, Reaching safepoint: 9378 ns, Cleanup: 62420 ns, At safepoint: 17401308 ns, Total: 17473106 ns
[2024-02-18T08:49:28.488+0000][7][gc,marking  ] GC(17) Concurrent Scan Root Regions
[2024-02-18T08:49:28.497+0000][7][gc,marking  ] GC(17) Concurrent Scan Root Regions 9.489ms
[2024-02-18T08:49:28.498+0000][7][gc,marking  ] GC(17) Concurrent Mark
[2024-02-18T08:49:28.498+0000][7][gc,marking  ] GC(17) Concurrent Mark From Roots
[2024-02-18T08:49:28.498+0000][7][gc,task     ] GC(17) Using 3 workers of 3 for marking
[2024-02-18T08:49:28.513+0000][7][safepoint   ] Safepoint "CollectForMetadataAllocation", Time since last: 24422321 ns, Reaching safepoint: 968225 ns, Cleanup: 18325 ns, At safepoint: 129608 ns, Total: 1116158 ns
[2024-02-18T08:49:28.514+0000][7][gc,marking  ] GC(17) Concurrent Mark From Roots 16.251ms
[2024-02-18T08:49:28.515+0000][7][gc,marking  ] GC(17) Concurrent Preclean
[2024-02-18T08:49:28.515+0000][7][gc,marking  ] GC(17) Concurrent Preclean 0.594ms
[2024-02-18T08:49:28.516+0000][7][gc,start    ] GC(17) Pause Remark
[2024-02-18T08:49:28.521+0000][7][gc          ] GC(17) Pause Remark 78M->78M(512M) 5.506ms
[2024-02-18T08:49:28.522+0000][7][gc,cpu      ] GC(17) User=0.04s Sys=0.01s Real=0.01s
[2024-02-18T08:49:28.522+0000][7][safepoint   ] Safepoint "G1PauseRemark", Time since last: 1907263 ns, Reaching safepoint: 526253 ns, Cleanup: 3316 ns, At safepoint: 6010713 ns, Total: 6540282 ns
[2024-02-18T08:49:28.522+0000][7][gc,marking  ] GC(17) Concurrent Mark 24.221ms
[2024-02-18T08:49:28.522+0000][7][gc,marking  ] GC(17) Concurrent Rebuild Remembered Sets and Scrub Regions
[2024-02-18T08:49:28.530+0000][7][gc,marking  ] GC(17) Concurrent Rebuild Remembered Sets and Scrub Regions 7.392ms
[2024-02-18T08:49:28.530+0000][7][gc,start    ] GC(17) Pause Cleanup
[2024-02-18T08:49:28.531+0000][7][gc          ] GC(17) Pause Cleanup 79M->79M(512M) 0.314ms
[2024-02-18T08:49:28.531+0000][7][gc,cpu      ] GC(17) User=0.00s Sys=0.00s Real=0.00s
[2024-02-18T08:49:28.531+0000][7][safepoint   ] Safepoint "G1PauseCleanup", Time since last: 8159022 ns, Reaching safepoint: 101805 ns, Cleanup: 29086 ns, At safepoint: 593131 ns, Total: 724022 ns
[2024-02-18T08:49:28.531+0000][7][gc,marking  ] GC(17) Concurrent Clear Claimed Marks
[2024-02-18T08:49:28.531+0000][7][gc,marking  ] GC(17) Concurrent Clear Claimed Marks 0.462ms
[2024-02-18T08:49:28.532+0000][7][gc,marking  ] GC(17) Concurrent Cleanup for Next Mark
[2024-02-18T08:49:28.533+0000][7][gc,marking  ] GC(17) Concurrent Cleanup for Next Mark 1.004ms
[2024-02-18T08:49:28.533+0000][7][gc          ] GC(17) Concurrent Mark Cycle 45.147ms
[2024-02-18T08:49:29.197+0000][7][safepoint   ] Safepoint "ICBufferFull", Time since last: 665606641 ns, Reaching safepoint: 12294 ns, Cleanup: 143384 ns, At safepoint: 3217 ns, Total: 158895 ns
[2024-02-18T08:49:29.801+0000][7][safepoint   ] Safepoint "ICBufferFull", Time since last: 603867232 ns, Reaching safepoint: 100061 ns, Cleanup: 181087 ns, At safepoint: 45928 ns, Total: 327076 ns
[2024-02-18T08:49:30.096+0000][7][safepoint   ] Safepoint "ICBufferFull", Time since last: 295065993 ns, Reaching safepoint: 103087 ns, Cleanup: 197709 ns, At safepoint: 49524 ns, Total: 350320 ns
[2024-02-18T08:49:30.432+0000][7][safepoint   ] Safepoint "ICBufferFull", Time since last: 335417598 ns, Reaching safepoint: 15389 ns, Cleanup: 150088 ns, At safepoint: 13506 ns, Total: 178983 ns
[2024-02-18T08:49:30.659+0000][7][safepoint   ] Safepoint "ICBufferFull", Time since last: 227571119 ns, Reaching safepoint: 16021 ns, Cleanup: 136361 ns, At safepoint: 17143 ns, Total: 169525 ns
[2024-02-18T08:49:30.959+0000][7][safepoint   ] Safepoint "ICBufferFull", Time since last: 299892766 ns, Reaching safepoint: 10781 ns, Cleanup: 102105 ns, At safepoint: 2675 ns, Total: 115561 ns
[2024-02-18T08:49:31.262+0000][7][safepoint   ] Safepoint "ICBufferFull", Time since last: 302637260 ns, Reaching safepoint: 11562 ns, Cleanup: 120240 ns, At safepoint: 17644 ns, Total: 149446 ns
[2024-02-18T08:49:32.036+0000][7][safepoint   ] Safepoint "ICBufferFull", Time since last: 773431906 ns, Reaching safepoint: 16201 ns, Cleanup: 128766 ns, At safepoint: 34156 ns, Total: 179123 ns
[2024-02-18T08:49:32.119+0000][7][gc,start    ] GC(18) Pause Young (Prepare Mixed) (G1 Evacuation Pause)
[2024-02-18T08:49:32.119+0000][7][gc,task     ] GC(18) Using 12 workers of 13 for evacuation
[2024-02-18T08:49:32.119+0000][7][gc,age      ] GC(18) Desired survivor size 20971520 bytes, new threshold 15 (max threshold 15)
[2024-02-18T08:49:32.143+0000][7][gc,phases   ] GC(18)   Pre Evacuate Collection Set: 0.2ms
[2024-02-18T08:49:32.143+0000][7][gc,phases   ] GC(18)   Merge Heap Roots: 0.1ms
[2024-02-18T08:49:32.143+0000][7][gc,phases   ] GC(18)   Evacuate Collection Set: 21.9ms
[2024-02-18T08:49:32.144+0000][7][gc,phases   ] GC(18)   Post Evacuate Collection Set: 1.7ms
[2024-02-18T08:49:32.144+0000][7][gc,phases   ] GC(18)   Other: 0.3ms
[2024-02-18T08:49:32.144+0000][7][gc,age      ] GC(18) Age table with threshold 15 (max threshold 15)
[2024-02-18T08:49:32.144+0000][7][gc,age      ] GC(18) - age   1:   21717376 bytes,   21717376 total
[2024-02-18T08:49:32.144+0000][7][gc,age      ] GC(18) - age   2:    4714944 bytes,   26432320 total
[2024-02-18T08:49:32.144+0000][7][gc,age      ] GC(18) - age   3:   12155768 bytes,   38588088 total
[2024-02-18T08:49:32.144+0000][7][gc,age      ] GC(18) - age   4:    3288304 bytes,   41876392 total
[2024-02-18T08:49:32.144+0000][7][gc,heap     ] GC(18) Eden regions: 70->0(66)
[2024-02-18T08:49:32.144+0000][7][gc,heap     ] GC(18) Survivor regions: 6->10(10)
[2024-02-18T08:49:32.144+0000][7][gc,heap     ] GC(18) Old regions: 14->18
[2024-02-18T08:49:32.144+0000][7][gc,heap     ] GC(18) Humongous regions: 2->2
[2024-02-18T08:49:32.145+0000][7][gc,metaspace] GC(18) Metaspace: 109292K(112128K)->109292K(112128K) NonClass: 94164K(95744K)->94164K(95744K) Class: 15127K(16384K)->15127K(16384K)
[2024-02-18T08:49:32.145+0000][7][gc          ] GC(18) Pause Young (Prepare Mixed) (G1 Evacuation Pause) 363M->118M(512M) 25.843ms
[2024-02-18T08:49:32.145+0000][7][gc,cpu      ] GC(18) User=0.23s Sys=0.00s Real=0.02s
[2024-02-18T08:49:32.145+0000][7][safepoint   ] Safepoint "G1CollectForAllocation", Time since last: 82191340 ns, Reaching safepoint: 708984 ns, Cleanup: 36530 ns, At safepoint: 26148187 ns, Total: 26893701 ns
[2024-02-18T08:49:32.404+0000][7][safepoint   ] Safepoint "ICBufferFull", Time since last: 258743999 ns, Reaching safepoint: 9288 ns, Cleanup: 103579 ns, At safepoint: 2384 ns, Total: 115251 ns
[2024-02-18T08:49:32.627+0000][7][safepoint   ] Safepoint "ICBufferFull", Time since last: 219068608 ns, Reaching safepoint: 4269133 ns, Cleanup: 124318 ns, At safepoint: 88369 ns, Total: 4481820 ns
[2024-02-18T08:49:32.895+0000][7][safepoint   ] Safepoint "ICBufferFull", Time since last: 267232407 ns, Reaching safepoint: 11782 ns, Cleanup: 102948 ns, At safepoint: 24957 ns, Total: 139687 ns
[2024-02-18T08:49:33.355+0000][7][safepoint   ] Safepoint "ICBufferFull", Time since last: 459700369 ns, Reaching safepoint: 13065 ns, Cleanup: 129458 ns, At safepoint: 2896 ns, Total: 145419 ns
[2024-02-18T08:49:34.311+0000][7][safepoint   ] Safepoint "ICBufferFull", Time since last: 956443498 ns, Reaching safepoint: 20429 ns, Cleanup: 191076 ns, At safepoint: 34396 ns, Total: 245901 ns
[2024-02-18T08:49:34.911+0000][7][safepoint   ] Safepoint "ICBufferFull", Time since last: 599595781 ns, Reaching safepoint: 7163 ns, Cleanup: 113718 ns, At safepoint: 3587 ns, Total: 124468 ns
[2024-02-18T08:49:35.937+0000][7][safepoint   ] Safepoint "Cleanup", Time since last: 1025431972 ns, Reaching safepoint: 18105 ns, Cleanup: 70956 ns, At safepoint: 3547 ns, Total: 92608 ns
[2024-02-18T08:49:37.961+0000][7][safepoint   ] Safepoint "Cleanup", Time since last: 1804295902 ns, Reaching safepoint: 219030892 ns, Cleanup: 119599 ns, At safepoint: 738225 ns, Total: 219888716 ns
[2024-02-18T08:49:38.753+0000][7][safepoint   ] Safepoint "ICBufferFull", Time since last: 792169598 ns, Reaching safepoint: 17754 ns, Cleanup: 129368 ns, At safepoint: 4539 ns, Total: 151661 ns
[2024-02-18T08:49:39.753+0000][7][safepoint   ] Safepoint "Cleanup", Time since last: 1000278191 ns, Reaching safepoint: 16141 ns, Cleanup: 119829 ns, At safepoint: 3337 ns, Total: 139307 ns
[2024-02-18T08:49:40.754+0000][7][safepoint   ] Safepoint "Cleanup", Time since last: 1000333386 ns, Reaching safepoint: 17544 ns, Cleanup: 144877 ns, At safepoint: 3788 ns, Total: 166209 ns
[2024-02-18T08:49:41.754+0000][7][safepoint   ] Safepoint "Cleanup", Time since last: 1000442075 ns, Reaching safepoint: 21000 ns, Cleanup: 17163 ns, At safepoint: 3286 ns, Total: 41449 ns
[2024-02-18T08:49:41.782+0000][7][gc,start    ] GC(19) Pause Young (Mixed) (G1 Evacuation Pause)
[2024-02-18T08:49:41.783+0000][7][gc,task     ] GC(19) Using 12 workers of 13 for evacuation
[2024-02-18T08:49:41.783+0000][7][gc,age      ] GC(19) Desired survivor size 20971520 bytes, new threshold 1 (max threshold 15)
[2024-02-18T08:49:41.817+0000][7][gc,phases   ] GC(19)   Pre Evacuate Collection Set: 0.2ms
[2024-02-18T08:49:41.817+0000][7][gc,phases   ] GC(19)   Merge Heap Roots: 0.2ms
[2024-02-18T08:49:41.817+0000][7][gc,phases   ] GC(19)   Evacuate Collection Set: 31.7ms
[2024-02-18T08:49:41.817+0000][7][gc,phases   ] GC(19)   Post Evacuate Collection Set: 1.5ms
[2024-02-18T08:49:41.817+0000][7][gc,phases   ] GC(19)   Other: 0.3ms
[2024-02-18T08:49:41.818+0000][7][gc,age      ] GC(19) Age table with threshold 1 (max threshold 15)
[2024-02-18T08:49:41.818+0000][7][gc,age      ] GC(19) - age   1:    7538424 bytes,    7538424 total
[2024-02-18T08:49:41.818+0000][7][gc,heap     ] GC(19) Eden regions: 66->0(73)
[2024-02-18T08:49:41.818+0000][7][gc,heap     ] GC(19) Survivor regions: 10->3(10)
[2024-02-18T08:49:41.818+0000][7][gc,heap     ] GC(19) Old regions: 18->29
[2024-02-18T08:49:41.818+0000][7][gc,heap     ] GC(19) Humongous regions: 2->2
[2024-02-18T08:49:41.818+0000][7][gc,metaspace] GC(19) Metaspace: 114712K(117696K)->114712K(117696K) NonClass: 98904K(100544K)->98904K(100544K) Class: 15807K(17152K)->15807K(17152K)
[2024-02-18T08:49:41.819+0000][7][gc          ] GC(19) Pause Young (Mixed) (G1 Evacuation Pause) 382M->132M(512M) 36.180ms
[2024-02-18T08:49:41.819+0000][7][gc,cpu      ] GC(19) User=0.19s Sys=0.06s Real=0.04s
[2024-02-18T08:49:41.819+0000][7][safepoint   ] Safepoint "G1CollectForAllocation", Time since last: 27915842 ns, Reaching safepoint: 22683 ns, Cleanup: 5270 ns, At safepoint: 36654189 ns, Total: 36682142 ns
[2024-02-18T08:49:42.820+0000][7][safepoint   ] Safepoint "Cleanup", Time since last: 1000347213 ns, Reaching safepoint: 109620 ns, Cleanup: 81416 ns, At safepoint: 55657 ns, Total: 246693 ns
[2024-02-18T08:49:43.768+0000][7][safepoint   ] Safepoint "ICBufferFull", Time since last: 948482010 ns, Reaching safepoint: 13606 ns, Cleanup: 131643 ns, At safepoint: 4358 ns, Total: 149607 ns
[2024-02-18T08:49:44.769+0000][7][safepoint   ] Safepoint "Cleanup", Time since last: 1000239001 ns, Reaching safepoint: 14237 ns, Cleanup: 23936 ns, At safepoint: 3036 ns, Total: 41209 ns
[2024-02-18T08:49:45.769+0000][7][safepoint   ] Safepoint "Cleanup", Time since last: 1000301670 ns, Reaching safepoint: 20860 ns, Cleanup: 34496 ns, At safepoint: 7054 ns, Total: 62410 ns
[2024-02-18T08:49:46.769+0000][7][safepoint   ] Safepoint "Cleanup", Time since last: 1000434210 ns, Reaching safepoint: 33404 ns, Cleanup: 77177 ns, At safepoint: 7605 ns, Total: 118186 ns
[2024-02-18T08:49:49.770+0000][7][safepoint   ] Safepoint "Cleanup", Time since last: 3000704604 ns, Reaching safepoint: 16451 ns, Cleanup: 78340 ns, At safepoint: 2896 ns, Total: 97687 ns
[2024-02-18T08:49:50.771+0000][7][safepoint   ] Safepoint "Cleanup", Time since last: 1000343155 ns, Reaching safepoint: 15239 ns, Cleanup: 33745 ns, At safepoint: 2895 ns, Total: 51879 ns
[2024-02-18T08:49:52.771+0000][7][safepoint   ] Safepoint "Cleanup", Time since last: 2000486548 ns, Reaching safepoint: 21271 ns, Cleanup: 24296 ns, At safepoint: 3387 ns, Total: 48954 ns
[2024-02-18T08:49:53.772+0000][7][safepoint   ] Safepoint "Cleanup", Time since last: 1000435803 ns, Reaching safepoint: 15670 ns, Cleanup: 15429 ns, At safepoint: 2735 ns, Total: 33834 ns
[2024-02-18T08:49:54.772+0000][7][safepoint   ] Safepoint "Cleanup", Time since last: 1000411932 ns, Reaching safepoint: 15960 ns, Cleanup: 27864 ns, At safepoint: 2525 ns, Total: 46349 ns
[2024-02-18T08:49:55.772+0000][7][safepoint   ] Safepoint "Cleanup", Time since last: 1000461301 ns, Reaching safepoint: 16782 ns, Cleanup: 63030 ns, At safepoint: 2966 ns, Total: 82778 ns
[2024-02-18T08:49:56.773+0000][7][safepoint   ] Safepoint "Cleanup", Time since last: 1000501053 ns, Reaching safepoint: 15881 ns, Cleanup: 13315 ns, At safepoint: 3026 ns, Total: 32222 ns
[2024-02-18T08:49:57.773+0000][7][safepoint   ] Safepoint "Cleanup", Time since last: 1000365218 ns, Reaching safepoint: 15970 ns, Cleanup: 13085 ns, At safepoint: 2926 ns, Total: 31981 ns
[2024-02-18T08:49:58.774+0000][7][safepoint   ] Safepoint "Cleanup", Time since last: 1000813175 ns, Reaching safepoint: 16632 ns, Cleanup: 33444 ns, At safepoint: 3377 ns, Total: 53453 ns
[2024-02-18T08:49:59.775+0000][7][safepoint   ] Safepoint "Cleanup", Time since last: 1000454022 ns, Reaching safepoint: 22764 ns, Cleanup: 22182 ns, At safepoint: 5080 ns, Total: 50026 ns
[2024-02-18T08:50:01.775+0000][7][safepoint   ] Safepoint "Cleanup", Time since last: 2000467837 ns, Reaching safepoint: 16722 ns, Cleanup: 36450 ns, At safepoint: 2505 ns, Total: 55677 ns
[2024-02-18T08:50:02.776+0000][7][safepoint   ] Safepoint "Cleanup", Time since last: 1000390390 ns, Reaching safepoint: 19357 ns, Cleanup: 12514 ns, At safepoint: 2345 ns, Total: 34216 ns
[2024-02-18T08:50:04.776+0000][7][safepoint   ] Safepoint "Cleanup", Time since last: 2000457111 ns, Reaching safepoint: 15991 ns, Cleanup: 16692 ns, At safepoint: 2615 ns, Total: 35298 ns
[2024-02-18T08:50:07.777+0000][7][safepoint   ] Safepoint "Cleanup", Time since last: 3000546476 ns, Reaching safepoint: 29927 ns, Cleanup: 193200 ns, At safepoint: 3968 ns, Total: 227095 ns
[2024-02-18T08:50:08.777+0000][7][safepoint   ] Safepoint "Cleanup", Time since last: 1000495702 ns, Reaching safepoint: 27463 ns, Cleanup: 51579 ns, At safepoint: 2314 ns, Total: 81356 ns
[2024-02-18T08:50:09.778+0000][7][safepoint   ] Safepoint "Cleanup", Time since last: 1000417698 ns, Reaching safepoint: 16772 ns, Cleanup: 15951 ns, At safepoint: 2815 ns, Total: 35538 ns
[2024-02-18T08:50:10.778+0000][7][safepoint   ] Safepoint "Cleanup", Time since last: 1000361701 ns, Reaching safepoint: 16622 ns, Cleanup: 25278 ns, At safepoint: 11362 ns, Total: 53262 ns
[2024-02-18T08:50:12.060+0000][7][safepoint   ] Safepoint "Cleanup", Time since last: 1281410000 ns, Reaching safepoint: 17243 ns, Cleanup: 23184 ns, At safepoint: 3868 ns, Total: 44295 ns
[2024-02-18T08:50:14.060+0000][7][safepoint   ] Safepoint "Cleanup", Time since last: 2000425461 ns, Reaching safepoint: 15860 ns, Cleanup: 51930 ns, At safepoint: 2855 ns, Total: 70645 ns
[2024-02-18T08:50:15.061+0000][7][safepoint   ] Safepoint "Cleanup", Time since last: 1000317316 ns, Reaching safepoint: 17493 ns, Cleanup: 47461 ns, At safepoint: 2655 ns, Total: 67609 ns
[2024-02-18T08:50:16.061+0000][7][safepoint   ] Safepoint "Cleanup", Time since last: 1000382381 ns, Reaching safepoint: 22292 ns, Cleanup: 23586 ns, At safepoint: 3116 ns, Total: 48994 ns
[2024-02-18T08:50:17.062+0000][7][safepoint   ] Safepoint "Cleanup", Time since last: 1000388216 ns, Reaching safepoint: 38113 ns, Cleanup: 67619 ns, At safepoint: 6322 ns, Total: 112054 ns
[2024-02-18T08:50:18.062+0000][7][safepoint   ] Safepoint "Cleanup", Time since last: 1000308855 ns, Reaching safepoint: 18646 ns, Cleanup: 34416 ns, At safepoint: 14638 ns, Total: 67700 ns
[2024-02-18T08:50:19.062+0000][7][safepoint   ] Safepoint "Cleanup", Time since last: 1000350149 ns, Reaching safepoint: 17443 ns, Cleanup: 26451 ns, At safepoint: 3026 ns, Total: 46920 ns
[2024-02-18T08:50:20.063+0000][7][safepoint   ] Safepoint "Cleanup", Time since last: 1000387785 ns, Reaching safepoint: 28665 ns, Cleanup: 84201 ns, At safepoint: 4308 ns, Total: 117174 ns
[2024-02-18T08:50:21.063+0000][7][safepoint   ] Safepoint "Cleanup", Time since last: 1000410540 ns, Reaching safepoint: 18806 ns, Cleanup: 34777 ns, At safepoint: 2895 ns, Total: 56478 ns
[2024-02-18T08:50:22.064+0000][7][safepoint   ] Safepoint "Cleanup", Time since last: 1000348426 ns, Reaching safepoint: 16371 ns, Cleanup: 23896 ns, At safepoint: 2815 ns, Total: 43082 ns
[2024-02-18T08:50:23.064+0000][7][safepoint   ] Safepoint "Cleanup", Time since last: 1000363048 ns, Reaching safepoint: 23155 ns, Cleanup: 40648 ns, At safepoint: 3466 ns, Total: 67269 ns
[2024-02-18T08:50:25.065+0000][7][safepoint   ] Safepoint "Cleanup", Time since last: 2000439137 ns, Reaching safepoint: 16481 ns, Cleanup: 21492 ns, At safepoint: 2815 ns, Total: 40788 ns
[2024-02-18T08:50:26.065+0000][7][safepoint   ] Safepoint "Cleanup", Time since last: 1000431674 ns, Reaching safepoint: 14147 ns, Cleanup: 43904 ns, At safepoint: 3216 ns, Total: 61267 ns
[2024-02-18T08:50:29.066+0000][7][safepoint   ] Safepoint "Cleanup", Time since last: 3000408698 ns, Reaching safepoint: 16151 ns, Cleanup: 29276 ns, At safepoint: 3837 ns, Total: 49264 ns
[2024-02-18T08:50:30.066+0000][7][safepoint   ] Safepoint "Cleanup", Time since last: 1000395706 ns, Reaching safepoint: 16772 ns, Cleanup: 16993 ns, At safepoint: 3737 ns, Total: 37502 ns
[2024-02-18T08:50:31.067+0000][7][safepoint   ] Safepoint "Cleanup", Time since last: 1000384474 ns, Reaching safepoint: 17063 ns, Cleanup: 17223 ns, At safepoint: 3497 ns, Total: 37783 ns
[2024-02-18T08:50:32.427+0000][7][safepoint   ] Safepoint "Cleanup", Time since last: 1360253284 ns, Reaching safepoint: 35027 ns, Cleanup: 65625 ns, At safepoint: 31090 ns, Total: 131742 ns
[2024-02-18T08:50:33.428+0000][7][safepoint   ] Safepoint "Cleanup", Time since last: 1000395706 ns, Reaching safepoint: 14087 ns, Cleanup: 9609 ns, At safepoint: 3236 ns, Total: 26932 ns
[2024-02-18T08:50:34.428+0000][7][safepoint   ] Safepoint "Cleanup", Time since last: 1000336802 ns, Reaching safepoint: 16452 ns, Cleanup: 69423 ns, At safepoint: 14969 ns, Total: 100844 ns
[2024-02-18T08:50:35.428+0000][7][safepoint   ] Safepoint "Cleanup", Time since last: 1000440571 ns, Reaching safepoint: 15049 ns, Cleanup: 14939 ns, At safepoint: 2915 ns, Total: 32903 ns
[2024-02-18T08:50:37.429+0000][7][safepoint   ] Safepoint "Cleanup", Time since last: 2000478633 ns, Reaching safepoint: 16251 ns, Cleanup: 22133 ns, At safepoint: 2765 ns, Total: 41149 ns
[2024-02-18T08:50:38.429+0000][7][safepoint   ] Safepoint "Cleanup", Time since last: 1000248704 ns, Reaching safepoint: 13967 ns, Cleanup: 89211 ns, At safepoint: 2715 ns, Total: 105893 ns
[2024-02-18T08:50:40.430+0000][7][safepoint   ] Safepoint "Cleanup", Time since last: 2000354857 ns, Reaching safepoint: 33504 ns, Cleanup: 22964 ns, At safepoint: 15519 ns, Total: 71987 ns
[2024-02-18T08:50:41.430+0000][7][safepoint   ] Safepoint "Cleanup", Time since last: 1000508752 ns, Reaching safepoint: 41409 ns, Cleanup: 49505 ns, At safepoint: 5260 ns, Total: 96174 ns
[2024-02-18T08:50:42.431+0000][7][safepoint   ] Safepoint "Cleanup", Time since last: 1000546816 ns, Reaching safepoint: 17213 ns, Cleanup: 15550 ns, At safepoint: 3497 ns, Total: 36260 ns
[2024-02-18T08:50:43.431+0000][7][safepoint   ] Safepoint "Cleanup", Time since last: 1000350839 ns, Reaching safepoint: 12133 ns, Cleanup: 23195 ns, At safepoint: 2344 ns, Total: 37672 ns
[2024-02-18T08:50:44.432+0000][7][safepoint   ] Safepoint "Cleanup", Time since last: 1000371189 ns, Reaching safepoint: 15620 ns, Cleanup: 13857 ns, At safepoint: 3016 ns, Total: 32493 ns
[2024-02-18T08:50:46.279+0000][7][gc,start    ] GC(20) Pause Young (Normal) (G1 Evacuation Pause)
[2024-02-18T08:50:46.279+0000][7][gc,task     ] GC(20) Using 12 workers of 13 for evacuation
[2024-02-18T08:50:46.279+0000][7][gc,age      ] GC(20) Desired survivor size 20971520 bytes, new threshold 15 (max threshold 15)
[2024-02-18T08:50:46.288+0000][7][gc,phases   ] GC(20)   Pre Evacuate Collection Set: 0.2ms
[2024-02-18T08:50:46.288+0000][7][gc,phases   ] GC(20)   Merge Heap Roots: 0.1ms
[2024-02-18T08:50:46.289+0000][7][gc,phases   ] GC(20)   Evacuate Collection Set: 7.7ms
[2024-02-18T08:50:46.289+0000][7][gc,phases   ] GC(20)   Post Evacuate Collection Set: 0.7ms
[2024-02-18T08:50:46.289+0000][7][gc,phases   ] GC(20)   Other: 0.3ms
[2024-02-18T08:50:46.289+0000][7][gc,age      ] GC(20) Age table with threshold 15 (max threshold 15)
[2024-02-18T08:50:46.289+0000][7][gc,age      ] GC(20) - age   1:    2368056 bytes,    2368056 total
[2024-02-18T08:50:46.289+0000][7][gc,age      ] GC(20) - age   2:    6199872 bytes,    8567928 total
[2024-02-18T08:50:46.289+0000][7][gc,heap     ] GC(20) Eden regions: 73->0(73)
[2024-02-18T08:50:46.289+0000][7][gc,heap     ] GC(20) Survivor regions: 3->3(10)
[2024-02-18T08:50:46.289+0000][7][gc,heap     ] GC(20) Old regions: 29->29
[2024-02-18T08:50:46.290+0000][7][gc,heap     ] GC(20) Humongous regions: 2->2
[2024-02-18T08:50:46.290+0000][7][gc,metaspace] GC(20) Metaspace: 116417K(119488K)->116417K(119488K) NonClass: 100572K(102272K)->100572K(102272K) Class: 15845K(17216K)->15845K(17216K)
[2024-02-18T08:50:46.290+0000][7][gc          ] GC(20) Pause Young (Normal) (G1 Evacuation Pause) 424M->130M(512M) 10.886ms
[2024-02-18T08:50:46.290+0000][7][gc,cpu      ] GC(20) User=0.03s Sys=0.01s Real=0.01s
[2024-02-18T08:50:46.290+0000][7][safepoint   ] Safepoint "G1CollectForAllocation", Time since last: 1847074215 ns, Reaching safepoint: 19447 ns, Cleanup: 17093 ns, At safepoint: 11198609 ns, Total: 11235149 ns
[2024-02-18T08:50:47.290+0000][7][safepoint   ] Safepoint "Cleanup", Time since last: 1000245679 ns, Reaching safepoint: 19577 ns, Cleanup: 15360 ns, At safepoint: 3106 ns, Total: 38043 ns
[2024-02-18T08:50:49.291+0000][7][safepoint   ] Safepoint "Cleanup", Time since last: 2000438306 ns, Reaching safepoint: 11963 ns, Cleanup: 16542 ns, At safepoint: 2294 ns, Total: 30799 ns
[2024-02-18T08:50:50.291+0000][7][safepoint   ] Safepoint "Cleanup", Time since last: 1000278571 ns, Reaching safepoint: 16743 ns, Cleanup: 33554 ns, At safepoint: 3036 ns, Total: 53333 ns
[2024-02-18T08:50:51.292+0000][7][safepoint   ] Safepoint "Cleanup", Time since last: 1000389052 ns, Reaching safepoint: 19658 ns, Cleanup: 37582 ns, At safepoint: 2815 ns, Total: 60055 ns
[2024-02-18T08:50:52.292+0000][7][safepoint   ] Safepoint "Cleanup", Time since last: 1000382952 ns, Reaching safepoint: 13305 ns, Cleanup: 16903 ns, At safepoint: 2635 ns, Total: 32843 ns
[2024-02-18T08:50:53.292+0000][7][safepoint   ] Safepoint "Cleanup", Time since last: 1000319810 ns, Reaching safepoint: 15510 ns, Cleanup: 15279 ns, At safepoint: 2805 ns, Total: 33594 ns
[2024-02-18T08:50:54.292+0000][7][safepoint   ] Safepoint "Cleanup", Time since last: 1000381659 ns, Reaching safepoint: 21431 ns, Cleanup: 19277 ns, At safepoint: 4729 ns, Total: 45437 ns
[2024-02-18T08:50:55.293+0000][7][safepoint   ] Safepoint "Cleanup", Time since last: 1000348937 ns, Reaching safepoint: 104896 ns, Cleanup: 22653 ns, At safepoint: 18095 ns, Total: 145644 ns
[2024-02-18T08:50:56.293+0000][7][safepoint   ] Safepoint "Cleanup", Time since last: 1000285079 ns, Reaching safepoint: 27071 ns, Cleanup: 78821 ns, At safepoint: 2976 ns, Total: 108868 ns
[2024-02-18T08:50:57.294+0000][7][safepoint   ] Safepoint "Cleanup", Time since last: 1000423680 ns, Reaching safepoint: 16742 ns, Cleanup: 17854 ns, At safepoint: 3006 ns, Total: 37602 ns
[2024-02-18T08:50:58.294+0000][7][safepoint   ] Safepoint "Cleanup", Time since last: 1000405835 ns, Reaching safepoint: 27613 ns, Cleanup: 22302 ns, At safepoint: 3998 ns, Total: 53913 ns
[2024-02-18T08:50:59.295+0000][7][safepoint   ] Safepoint "Cleanup", Time since last: 1000484306 ns, Reaching safepoint: 18084 ns, Cleanup: 28956 ns, At safepoint: 3006 ns, Total: 50046 ns
[2024-02-18T08:51:01.295+0000][7][safepoint   ] Safepoint "Cleanup", Time since last: 2000524636 ns, Reaching safepoint: 13606 ns, Cleanup: 19557 ns, At safepoint: 13045 ns, Total: 46208 ns
[2024-02-18T08:51:02.296+0000][7][safepoint   ] Safepoint "Cleanup", Time since last: 1000207015 ns, Reaching safepoint: 13716 ns, Cleanup: 29477 ns, At safepoint: 12233 ns, Total: 55426 ns
[2024-02-18T08:51:03.296+0000][7][safepoint   ] Safepoint "Cleanup", Time since last: 1000236415 ns, Reaching safepoint: 28275 ns, Cleanup: 25549 ns, At safepoint: 4087 ns, Total: 57911 ns
[2024-02-18T08:51:04.296+0000][7][safepoint   ] Safepoint "Cleanup", Time since last: 1000423389 ns, Reaching safepoint: 13926 ns, Cleanup: 36791 ns, At safepoint: 8166 ns, Total: 58883 ns
[2024-02-18T08:51:05.297+0000][7][safepoint   ] Safepoint "Cleanup", Time since last: 1000291216 ns, Reaching safepoint: 16491 ns, Cleanup: 18947 ns, At safepoint: 2785 ns, Total: 38223 ns
[2024-02-18T08:51:06.297+0000][7][safepoint   ] Safepoint "Cleanup", Time since last: 1000330191 ns, Reaching safepoint: 16551 ns, Cleanup: 24688 ns, At safepoint: 3286 ns, Total: 44525 ns
[2024-02-18T08:51:07.297+0000][7][safepoint   ] Safepoint "Cleanup", Time since last: 1000386358 ns, Reaching safepoint: 12534 ns, Cleanup: 10490 ns, At safepoint: 2244 ns, Total: 25268 ns
[2024-02-18T08:51:08.298+0000][7][safepoint   ] Safepoint "Cleanup", Time since last: 1000221593 ns, Reaching safepoint: 17153 ns, Cleanup: 18986 ns, At safepoint: 2775 ns, Total: 38914 ns
[2024-02-18T08:51:10.298+0000][7][safepoint   ] Safepoint "Cleanup", Time since last: 2000435140 ns, Reaching safepoint: 31690 ns, Cleanup: 8016 ns, At safepoint: 2715 ns, Total: 42421 ns
[2024-02-18T08:51:12.081+0000][7][safepoint   ] Safepoint "Cleanup", Time since last: 1783193144 ns, Reaching safepoint: 17393 ns, Cleanup: 15240 ns, At safepoint: 3005 ns, Total: 35638 ns
[2024-02-18T08:51:14.082+0000][7][safepoint   ] Safepoint "Cleanup", Time since last: 2000507057 ns, Reaching safepoint: 16352 ns, Cleanup: 31540 ns, At safepoint: 2705 ns, Total: 50597 ns
[2024-02-18T08:51:15.082+0000][7][safepoint   ] Safepoint "Cleanup", Time since last: 1000337144 ns, Reaching safepoint: 16271 ns, Cleanup: 19758 ns, At safepoint: 2795 ns, Total: 38824 ns
[2024-02-18T08:51:16.083+0000][7][safepoint   ] Safepoint "Cleanup", Time since last: 1000356301 ns, Reaching safepoint: 17523 ns, Cleanup: 17003 ns, At safepoint: 2856 ns, Total: 37382 ns
[2024-02-18T08:51:17.083+0000][7][safepoint   ] Safepoint "Cleanup", Time since last: 1000348635 ns, Reaching safepoint: 16672 ns, Cleanup: 34146 ns, At safepoint: 3667 ns, Total: 54485 ns
[2024-02-18T08:51:19.084+0000][7][safepoint   ] Safepoint "Cleanup", Time since last: 2000422595 ns, Reaching safepoint: 16622 ns, Cleanup: 13195 ns, At safepoint: 3056 ns, Total: 32873 ns
[2024-02-18T08:51:20.084+0000][7][safepoint   ] Safepoint "Cleanup", Time since last: 1000391097 ns, Reaching safepoint: 34616 ns, Cleanup: 47091 ns, At safepoint: 3947 ns, Total: 85654 ns
[2024-02-18T08:51:21.084+0000][7][safepoint   ] Safepoint "Cleanup", Time since last: 1000401527 ns, Reaching safepoint: 16572 ns, Cleanup: 23174 ns, At safepoint: 2776 ns, Total: 42522 ns
[2024-02-18T08:51:22.085+0000][7][safepoint   ] Safepoint "Cleanup", Time since last: 1000381679 ns, Reaching safepoint: 28695 ns, Cleanup: 15299 ns, At safepoint: 3417 ns, Total: 47411 ns
[2024-02-18T08:51:23.085+0000][7][safepoint   ] Safepoint "Cleanup", Time since last: 1000323688 ns, Reaching safepoint: 17864 ns, Cleanup: 20569 ns, At safepoint: 2956 ns, Total: 41389 ns
[2024-02-18T08:51:25.085+0000][7][safepoint   ] Safepoint "Cleanup", Time since last: 2000483711 ns, Reaching safepoint: 18486 ns, Cleanup: 20008 ns, At safepoint: 2775 ns, Total: 41269 ns
[2024-02-18T08:51:26.086+0000][7][safepoint   ] Safepoint "Cleanup", Time since last: 1000355368 ns, Reaching safepoint: 15520 ns, Cleanup: 51298 ns, At safepoint: 3748 ns, Total: 70566 ns
[2024-02-18T08:51:27.086+0000][7][safepoint   ] Safepoint "Cleanup", Time since last: 1000281076 ns, Reaching safepoint: 16221 ns, Cleanup: 14618 ns, At safepoint: 3056 ns, Total: 33895 ns
[2024-02-18T08:51:28.087+0000][7][safepoint   ] Safepoint "Cleanup", Time since last: 1000377101 ns, Reaching safepoint: 16471 ns, Cleanup: 22844 ns, At safepoint: 3206 ns, Total: 42521 ns
[2024-02-18T08:51:29.087+0000][7][safepoint   ] Safepoint "Cleanup", Time since last: 1000302177 ns, Reaching safepoint: 23224 ns, Cleanup: 56328 ns, At safepoint: 3106 ns, Total: 82658 ns
[2024-02-18T08:51:30.087+0000][7][safepoint   ] Safepoint "Cleanup", Time since last: 1000264204 ns, Reaching safepoint: 16161 ns, Cleanup: 29847 ns, At safepoint: 2676 ns, Total: 48684 ns
[2024-02-18T08:51:32.088+0000][7][safepoint   ] Safepoint "Cleanup", Time since last: 2000455788 ns, Reaching safepoint: 17353 ns, Cleanup: 22393 ns, At safepoint: 2756 ns, Total: 42502 ns
[2024-02-18T08:51:33.088+0000][7][safepoint   ] Safepoint "Cleanup", Time since last: 1000358444 ns, Reaching safepoint: 35899 ns, Cleanup: 32201 ns, At safepoint: 4880 ns, Total: 72980 ns
