[2024-02-18T10:51:24.068+0000][7][gc,init] CardTable entry size: 512
[2024-02-18T10:51:24.068+0000][7][gc     ] Using G1
[2024-02-18T10:51:24.190+0000][7][gc,init] Version: 21.0.1+12-29 (release)
[2024-02-18T10:51:24.190+0000][7][gc,init] CPUs: 16 total, 16 available
[2024-02-18T10:51:24.190+0000][7][gc,init] Memory: 12259M
[2024-02-18T10:51:24.191+0000][7][gc,init] Large Page Support: Disabled
[2024-02-18T10:51:24.191+0000][7][gc,init] NUMA Support: Disabled
[2024-02-18T10:51:24.191+0000][7][gc,init] Compressed Oops: Enabled (32-bit)
[2024-02-18T10:51:24.191+0000][7][gc,init] Heap Region Size: 4M
[2024-02-18T10:51:24.191+0000][7][gc,init] Heap Min Capacity: 512M
[2024-02-18T10:51:24.191+0000][7][gc,init] Heap Initial Capacity: 512M
[2024-02-18T10:51:24.191+0000][7][gc,init] Heap Max Capacity: 512M
[2024-02-18T10:51:24.191+0000][7][gc,init] Pre-touch: Enabled
[2024-02-18T10:51:24.192+0000][7][gc,init] Parallel Workers: 13
[2024-02-18T10:51:24.192+0000][7][gc,init] Concurrent Workers: 3
[2024-02-18T10:51:24.192+0000][7][gc,init] Concurrent Refinement Workers: 13
[2024-02-18T10:51:24.192+0000][7][gc,init] Periodic GC: Disabled
[2024-02-18T10:51:24.199+0000][7][gc,metaspace] CDS archive(s) mapped at: [0x00007f343f000000-0x00007f343fca5000-0x00007f343fca5000), size 13258752, SharedBaseAddress: 0x00007f343f000000, ArchiveRelocationMode: 1.
[2024-02-18T10:51:24.199+0000][7][gc,metaspace] Compressed class space mapped at: 0x00007f3440000000-0x00007f3480000000, reserved size: 1073741824
[2024-02-18T10:51:24.199+0000][7][gc,metaspace] Narrow klass base: 0x00007f343f000000, Narrow klass shift: 0, Narrow klass range: 0x100000000
[2024-02-18T10:51:24.602+0000][7][safepoint   ] Safepoint "ICBufferFull", Time since last: 398012486 ns, Reaching safepoint: 92772 ns, Cleanup: 109059 ns, At safepoint: 14839 ns, Total: 216670 ns
[2024-02-18T10:51:24.840+0000][7][gc,start    ] GC(0) Pause Young (Normal) (G1 Evacuation Pause)
[2024-02-18T10:51:24.841+0000][7][gc,task     ] GC(0) Using 12 workers of 13 for evacuation
[2024-02-18T10:51:24.841+0000][7][gc,age      ] GC(0) Desired survivor size 2097152 bytes, new threshold 15 (max threshold 15)
[2024-02-18T10:51:24.845+0000][7][gc,phases   ] GC(0)   Pre Evacuate Collection Set: 0.3ms
[2024-02-18T10:51:24.845+0000][7][gc,phases   ] GC(0)   Merge Heap Roots: 0.2ms
[2024-02-18T10:51:24.845+0000][7][gc,phases   ] GC(0)   Evacuate Collection Set: 2.3ms
[2024-02-18T10:51:24.846+0000][7][gc,phases   ] GC(0)   Post Evacuate Collection Set: 0.8ms
[2024-02-18T10:51:24.846+0000][7][gc,phases   ] GC(0)   Other: 0.6ms
[2024-02-18T10:51:24.846+0000][7][gc,age      ] GC(0) Age table with threshold 15 (max threshold 15)
[2024-02-18T10:51:24.846+0000][7][gc,age      ] GC(0) - age   1:    4102024 bytes,    4102024 total
[2024-02-18T10:51:24.846+0000][7][gc,heap     ] GC(0) Eden regions: 6->0(5)
[2024-02-18T10:51:24.846+0000][7][gc,heap     ] GC(0) Survivor regions: 0->1(1)
[2024-02-18T10:51:24.847+0000][7][gc,heap     ] GC(0) Old regions: 1->2
[2024-02-18T10:51:24.847+0000][7][gc,heap     ] GC(0) Humongous regions: 0->0
[2024-02-18T10:51:24.847+0000][7][gc,metaspace] GC(0) Metaspace: 8936K(9152K)->8936K(9152K) NonClass: 7936K(8064K)->7936K(8064K) Class: 1000K(1088K)->1000K(1088K)
[2024-02-18T10:51:24.847+0000][7][gc          ] GC(0) Pause Young (Normal) (G1 Evacuation Pause) 25M->5M(512M) 7.170ms
[2024-02-18T10:51:24.847+0000][7][gc,cpu      ] GC(0) User=0.05s Sys=0.00s Real=0.01s
[2024-02-18T10:51:24.847+0000][7][safepoint   ] Safepoint "G1CollectForAllocation", Time since last: 237856633 ns, Reaching safepoint: 6683 ns, Cleanup: 122314 ns, At safepoint: 7539205 ns, Total: 7668202 ns
[2024-02-18T10:51:25.186+0000][7][gc,start    ] GC(1) Pause Young (Normal) (G1 Evacuation Pause)
[2024-02-18T10:51:25.186+0000][7][gc,task     ] GC(1) Using 12 workers of 13 for evacuation
[2024-02-18T10:51:25.186+0000][7][gc,age      ] GC(1) Desired survivor size 2097152 bytes, new threshold 1 (max threshold 15)
[2024-02-18T10:51:25.190+0000][7][gc,phases   ] GC(1)   Pre Evacuate Collection Set: 0.3ms
[2024-02-18T10:51:25.190+0000][7][gc,phases   ] GC(1)   Merge Heap Roots: 0.1ms
[2024-02-18T10:51:25.190+0000][7][gc,phases   ] GC(1)   Evacuate Collection Set: 2.3ms
[2024-02-18T10:51:25.191+0000][7][gc,phases   ] GC(1)   Post Evacuate Collection Set: 0.7ms
[2024-02-18T10:51:25.191+0000][7][gc,phases   ] GC(1)   Other: 0.5ms
[2024-02-18T10:51:25.191+0000][7][gc,age      ] GC(1) Age table with threshold 1 (max threshold 15)
[2024-02-18T10:51:25.191+0000][7][gc,age      ] GC(1) - age   1:    1907128 bytes,    1907128 total
[2024-02-18T10:51:25.191+0000][7][gc,heap     ] GC(1) Eden regions: 5->0(11)
[2024-02-18T10:51:25.191+0000][7][gc,heap     ] GC(1) Survivor regions: 1->1(1)
[2024-02-18T10:51:25.192+0000][7][gc,heap     ] GC(1) Old regions: 2->3
[2024-02-18T10:51:25.192+0000][7][gc,heap     ] GC(1) Humongous regions: 0->0
[2024-02-18T10:51:25.192+0000][7][gc,metaspace] GC(1) Metaspace: 12057K(12352K)->12057K(12352K) NonClass: 10619K(10816K)->10619K(10816K) Class: 1437K(1536K)->1437K(1536K)
[2024-02-18T10:51:25.192+0000][7][gc          ] GC(1) Pause Young (Normal) (G1 Evacuation Pause) 25M->7M(512M) 6.535ms
[2024-02-18T10:51:25.192+0000][7][gc,cpu      ] GC(1) User=0.05s Sys=0.01s Real=0.01s
[2024-02-18T10:51:25.192+0000][7][safepoint   ] Safepoint "G1CollectForAllocation", Time since last: 338112290 ns, Reaching safepoint: 6853 ns, Cleanup: 105833 ns, At safepoint: 6896008 ns, Total: 7008694 ns
[2024-02-18T10:51:25.649+0000][7][safepoint   ] Safepoint "ICBufferFull", Time since last: 456251802 ns, Reaching safepoint: 106353 ns, Cleanup: 240130 ns, At safepoint: 28365 ns, Total: 374848 ns
[2024-02-18T10:51:25.962+0000][7][gc,start    ] GC(2) Pause Young (Normal) (G1 Evacuation Pause)
[2024-02-18T10:51:25.962+0000][7][gc,task     ] GC(2) Using 12 workers of 13 for evacuation
[2024-02-18T10:51:25.963+0000][7][gc,age      ] GC(2) Desired survivor size 4194304 bytes, new threshold 15 (max threshold 15)
[2024-02-18T10:51:25.967+0000][7][gc,phases   ] GC(2)   Pre Evacuate Collection Set: 0.2ms
[2024-02-18T10:51:25.967+0000][7][gc,phases   ] GC(2)   Merge Heap Roots: 0.1ms
[2024-02-18T10:51:25.967+0000][7][gc,phases   ] GC(2)   Evacuate Collection Set: 2.3ms
[2024-02-18T10:51:25.967+0000][7][gc,phases   ] GC(2)   Post Evacuate Collection Set: 1.2ms
[2024-02-18T10:51:25.967+0000][7][gc,phases   ] GC(2)   Other: 0.4ms
[2024-02-18T10:51:25.968+0000][7][gc,age      ] GC(2) Age table with threshold 15 (max threshold 15)
[2024-02-18T10:51:25.968+0000][7][gc,age      ] GC(2) - age   1:    1485144 bytes,    1485144 total
[2024-02-18T10:51:25.968+0000][7][gc,age      ] GC(2) - age   2:    1866200 bytes,    3351344 total
[2024-02-18T10:51:25.968+0000][7][gc,heap     ] GC(2) Eden regions: 11->0(55)
[2024-02-18T10:51:25.968+0000][7][gc,heap     ] GC(2) Survivor regions: 1->1(2)
[2024-02-18T10:51:25.968+0000][7][gc,heap     ] GC(2) Old regions: 3->3
[2024-02-18T10:51:25.968+0000][7][gc,heap     ] GC(2) Humongous regions: 0->0
[2024-02-18T10:51:25.969+0000][7][gc,metaspace] GC(2) Metaspace: 15750K(16064K)->15750K(16064K) NonClass: 13956K(14144K)->13956K(14144K) Class: 1793K(1920K)->1793K(1920K)
[2024-02-18T10:51:25.969+0000][7][gc          ] GC(2) Pause Young (Normal) (G1 Evacuation Pause) 51M->8M(512M) 6.657ms
[2024-02-18T10:51:25.969+0000][7][gc,cpu      ] GC(2) User=0.05s Sys=0.00s Real=0.01s
[2024-02-18T10:51:25.969+0000][7][safepoint   ] Safepoint "G1CollectForAllocation", Time since last: 312837215 ns, Reaching safepoint: 6692 ns, Cleanup: 63702 ns, At safepoint: 7255507 ns, Total: 7325901 ns
[2024-02-18T10:51:26.631+0000][7][safepoint   ] Safepoint "ICBufferFull", Time since last: 661237288 ns, Reaching safepoint: 8476 ns, Cleanup: 204608 ns, At safepoint: 72929 ns, Total: 286013 ns
[2024-02-18T10:51:26.807+0000][7][gc,start    ] GC(3) Pause Young (Normal) (G1 Evacuation Pause)
[2024-02-18T10:51:26.807+0000][7][gc,task     ] GC(3) Using 12 workers of 13 for evacuation
[2024-02-18T10:51:26.808+0000][7][gc,age      ] GC(3) Desired survivor size 14680064 bytes, new threshold 15 (max threshold 15)
[2024-02-18T10:51:26.815+0000][7][gc,phases   ] GC(3)   Pre Evacuate Collection Set: 0.3ms
[2024-02-18T10:51:26.815+0000][7][gc,phases   ] GC(3)   Merge Heap Roots: 0.2ms
[2024-02-18T10:51:26.816+0000][7][gc,phases   ] GC(3)   Evacuate Collection Set: 5.2ms
[2024-02-18T10:51:26.816+0000][7][gc,phases   ] GC(3)   Post Evacuate Collection Set: 1.0ms
[2024-02-18T10:51:26.816+0000][7][gc,phases   ] GC(3)   Other: 0.7ms
[2024-02-18T10:51:26.816+0000][7][gc,age      ] GC(3) Age table with threshold 15 (max threshold 15)
[2024-02-18T10:51:26.816+0000][7][gc,age      ] GC(3) - age   1:    4381032 bytes,    4381032 total
[2024-02-18T10:51:26.816+0000][7][gc,age      ] GC(3) - age   2:    1400040 bytes,    5781072 total
[2024-02-18T10:51:26.817+0000][7][gc,age      ] GC(3) - age   3:    1864592 bytes,    7645664 total
[2024-02-18T10:51:26.817+0000][7][gc,heap     ] GC(3) Eden regions: 55->0(74)
[2024-02-18T10:51:26.817+0000][7][gc,heap     ] GC(3) Survivor regions: 1->2(7)
[2024-02-18T10:51:26.817+0000][7][gc,heap     ] GC(3) Old regions: 3->3
[2024-02-18T10:51:26.817+0000][7][gc,heap     ] GC(3) Humongous regions: 0->0
[2024-02-18T10:51:26.817+0000][7][gc,metaspace] GC(3) Metaspace: 18825K(19200K)->18825K(19200K) NonClass: 16631K(16832K)->16631K(16832K) Class: 2193K(2368K)->2193K(2368K)
[2024-02-18T10:51:26.817+0000][7][gc          ] GC(3) Pause Young (Normal) (G1 Evacuation Pause) 228M->13M(512M) 10.546ms
[2024-02-18T10:51:26.818+0000][7][gc,cpu      ] GC(3) User=0.08s Sys=0.01s Real=0.01s
[2024-02-18T10:51:26.818+0000][7][safepoint   ] Safepoint "G1CollectForAllocation", Time since last: 176081656 ns, Reaching safepoint: 23365 ns, Cleanup: 46118 ns, At safepoint: 10879186 ns, Total: 10948669 ns
[2024-02-18T10:51:27.453+0000][7][gc,start    ] GC(4) Pause Young (Normal) (G1 Evacuation Pause)
[2024-02-18T10:51:27.454+0000][7][gc,task     ] GC(4) Using 12 workers of 13 for evacuation
[2024-02-18T10:51:27.454+0000][7][gc,age      ] GC(4) Desired survivor size 20971520 bytes, new threshold 15 (max threshold 15)
[2024-02-18T10:51:27.460+0000][7][gc,phases   ] GC(4)   Pre Evacuate Collection Set: 0.3ms
[2024-02-18T10:51:27.460+0000][7][gc,phases   ] GC(4)   Merge Heap Roots: 0.1ms
[2024-02-18T10:51:27.460+0000][7][gc,phases   ] GC(4)   Evacuate Collection Set: 4.1ms
[2024-02-18T10:51:27.461+0000][7][gc,phases   ] GC(4)   Post Evacuate Collection Set: 1.3ms
[2024-02-18T10:51:27.461+0000][7][gc,phases   ] GC(4)   Other: 0.3ms
[2024-02-18T10:51:27.461+0000][7][gc,age      ] GC(4) Age table with threshold 15 (max threshold 15)
[2024-02-18T10:51:27.461+0000][7][gc,age      ] GC(4) - age   1:    5031424 bytes,    5031424 total
[2024-02-18T10:51:27.461+0000][7][gc,age      ] GC(4) - age   2:    3855552 bytes,    8886976 total
[2024-02-18T10:51:27.461+0000][7][gc,age      ] GC(4) - age   3:    1399896 bytes,   10286872 total
[2024-02-18T10:51:27.462+0000][7][gc,age      ] GC(4) - age   4:    1864592 bytes,   12151464 total
[2024-02-18T10:51:27.462+0000][7][gc,heap     ] GC(4) Eden regions: 74->0(72)
[2024-02-18T10:51:27.462+0000][7][gc,heap     ] GC(4) Survivor regions: 2->4(10)
[2024-02-18T10:51:27.462+0000][7][gc,heap     ] GC(4) Old regions: 3->3
[2024-02-18T10:51:27.462+0000][7][gc,heap     ] GC(4) Humongous regions: 0->0
[2024-02-18T10:51:27.462+0000][7][gc,metaspace] GC(4) Metaspace: 20094K(20544K)->20094K(20544K) NonClass: 17728K(17984K)->17728K(17984K) Class: 2366K(2560K)->2366K(2560K)
[2024-02-18T10:51:27.462+0000][7][gc          ] GC(4) Pause Young (Normal) (G1 Evacuation Pause) 309M->17M(512M) 8.945ms
[2024-02-18T10:51:27.463+0000][7][gc,cpu      ] GC(4) User=0.05s Sys=0.00s Real=0.01s
[2024-02-18T10:51:27.463+0000][7][safepoint   ] Safepoint "G1CollectForAllocation", Time since last: 635566376 ns, Reaching safepoint: 7494 ns, Cleanup: 67249 ns, At safepoint: 9337364 ns, Total: 9412107 ns
[2024-02-18T10:51:27.938+0000][7][gc,start    ] GC(5) Pause Young (Normal) (G1 Evacuation Pause)
[2024-02-18T10:51:27.939+0000][7][gc,task     ] GC(5) Using 12 workers of 13 for evacuation
[2024-02-18T10:51:27.939+0000][7][gc,age      ] GC(5) Desired survivor size 20971520 bytes, new threshold 15 (max threshold 15)
[2024-02-18T10:51:27.948+0000][7][gc,phases   ] GC(5)   Pre Evacuate Collection Set: 0.6ms
[2024-02-18T10:51:27.948+0000][7][gc,phases   ] GC(5)   Merge Heap Roots: 0.1ms
[2024-02-18T10:51:27.949+0000][7][gc,phases   ] GC(5)   Evacuate Collection Set: 6.4ms
[2024-02-18T10:51:27.949+0000][7][gc,phases   ] GC(5)   Post Evacuate Collection Set: 1.4ms
[2024-02-18T10:51:27.949+0000][7][gc,phases   ] GC(5)   Other: 0.5ms
[2024-02-18T10:51:27.949+0000][7][gc,age      ] GC(5) Age table with threshold 15 (max threshold 15)
[2024-02-18T10:51:27.949+0000][7][gc,age      ] GC(5) - age   1:    1472320 bytes,    1472320 total
[2024-02-18T10:51:27.949+0000][7][gc,age      ] GC(5) - age   2:    4087720 bytes,    5560040 total
[2024-02-18T10:51:27.950+0000][7][gc,age      ] GC(5) - age   3:    3855040 bytes,    9415080 total
[2024-02-18T10:51:27.950+0000][7][gc,age      ] GC(5) - age   4:    1399768 bytes,   10814848 total
[2024-02-18T10:51:27.950+0000][7][gc,age      ] GC(5) - age   5:    1864528 bytes,   12679376 total
[2024-02-18T10:51:27.950+0000][7][gc,heap     ] GC(5) Eden regions: 72->0(72)
[2024-02-18T10:51:27.950+0000][7][gc,heap     ] GC(5) Survivor regions: 4->4(10)
[2024-02-18T10:51:27.950+0000][7][gc,heap     ] GC(5) Old regions: 3->3
[2024-02-18T10:51:27.950+0000][7][gc,heap     ] GC(5) Humongous regions: 0->0
[2024-02-18T10:51:27.950+0000][7][gc,metaspace] GC(5) Metaspace: 20601K(21184K)->20601K(21184K) NonClass: 18147K(18496K)->18147K(18496K) Class: 2454K(2688K)->2454K(2688K)
[2024-02-18T10:51:27.951+0000][7][gc          ] GC(5) Pause Young (Normal) (G1 Evacuation Pause) 305M->18M(512M) 12.148ms
[2024-02-18T10:51:27.951+0000][7][gc,cpu      ] GC(5) User=0.06s Sys=0.00s Real=0.01s
[2024-02-18T10:51:27.951+0000][7][safepoint   ] Safepoint "G1CollectForAllocation", Time since last: 475578219 ns, Reaching safepoint: 8406 ns, Cleanup: 58703 ns, At safepoint: 12478028 ns, Total: 12545137 ns
[2024-02-18T10:51:28.056+0000][7][gc,start    ] GC(6) Pause Young (Concurrent Start) (Metadata GC Threshold)
[2024-02-18T10:51:28.057+0000][7][gc,task     ] GC(6) Using 12 workers of 13 for evacuation
[2024-02-18T10:51:28.057+0000][7][gc,age      ] GC(6) Desired survivor size 20971520 bytes, new threshold 15 (max threshold 15)
[2024-02-18T10:51:28.065+0000][7][gc,phases   ] GC(6)   Pre Evacuate Collection Set: 0.3ms
[2024-02-18T10:51:28.065+0000][7][gc,phases   ] GC(6)   Merge Heap Roots: 0.1ms
[2024-02-18T10:51:28.065+0000][7][gc,phases   ] GC(6)   Evacuate Collection Set: 5.2ms
[2024-02-18T10:51:28.066+0000][7][gc,phases   ] GC(6)   Post Evacuate Collection Set: 1.6ms
[2024-02-18T10:51:28.066+0000][7][gc,phases   ] GC(6)   Other: 0.6ms
[2024-02-18T10:51:28.066+0000][7][gc,age      ] GC(6) Age table with threshold 15 (max threshold 15)
[2024-02-18T10:51:28.066+0000][7][gc,age      ] GC(6) - age   1:    1288808 bytes,    1288808 total
[2024-02-18T10:51:28.066+0000][7][gc,age      ] GC(6) - age   2:     655416 bytes,    1944224 total
[2024-02-18T10:51:28.066+0000][7][gc,age      ] GC(6) - age   3:    4083912 bytes,    6028136 total
[2024-02-18T10:51:28.066+0000][7][gc,age      ] GC(6) - age   4:    3853888 bytes,    9882024 total
[2024-02-18T10:51:28.066+0000][7][gc,age      ] GC(6) - age   5:    1399768 bytes,   11281792 total
[2024-02-18T10:51:28.067+0000][7][gc,age      ] GC(6) - age   6:    1864528 bytes,   13146320 total
[2024-02-18T10:51:28.067+0000][7][gc,heap     ] GC(6) Eden regions: 13->0(72)
[2024-02-18T10:51:28.067+0000][7][gc,heap     ] GC(6) Survivor regions: 4->4(10)
[2024-02-18T10:51:28.067+0000][7][gc,heap     ] GC(6) Old regions: 3->3
[2024-02-18T10:51:28.067+0000][7][gc,heap     ] GC(6) Humongous regions: 0->0
[2024-02-18T10:51:28.068+0000][7][gc,metaspace] GC(6) Metaspace: 21010K(21504K)->21010K(21504K) NonClass: 18500K(18816K)->18500K(18816K) Class: 2509K(2688K)->2509K(2688K)
[2024-02-18T10:51:28.068+0000][7][gc          ] GC(6) Pause Young (Concurrent Start) (Metadata GC Threshold) 68M->19M(512M) 11.439ms
[2024-02-18T10:51:28.068+0000][7][gc,cpu      ] GC(6) User=0.03s Sys=0.00s Real=0.01s
[2024-02-18T10:51:28.068+0000][7][gc          ] GC(7) Concurrent Mark Cycle
[2024-02-18T10:51:28.069+0000][7][safepoint   ] Safepoint "CollectForMetadataAllocation", Time since last: 105459609 ns, Reaching safepoint: 6983 ns, Cleanup: 35448 ns, At safepoint: 12212430 ns, Total: 12254861 ns
[2024-02-18T10:51:28.069+0000][7][gc,marking  ] GC(7) Concurrent Scan Root Regions
[2024-02-18T10:51:28.072+0000][7][gc,marking  ] GC(7) Concurrent Scan Root Regions 3.248ms
[2024-02-18T10:51:28.073+0000][7][gc,marking  ] GC(7) Concurrent Mark
[2024-02-18T10:51:28.073+0000][7][gc,marking  ] GC(7) Concurrent Mark From Roots
[2024-02-18T10:51:28.074+0000][7][gc,task     ] GC(7) Using 3 workers of 3 for marking
[2024-02-18T10:51:28.080+0000][7][gc,marking  ] GC(7) Concurrent Mark From Roots 7.068ms
[2024-02-18T10:51:28.081+0000][7][gc,marking  ] GC(7) Concurrent Preclean
[2024-02-18T10:51:28.081+0000][7][gc,marking  ] GC(7) Concurrent Preclean 0.255ms
[2024-02-18T10:51:28.082+0000][7][gc,start    ] GC(7) Pause Remark
[2024-02-18T10:51:28.085+0000][7][gc          ] GC(7) Pause Remark 21M->21M(512M) 3.655ms
[2024-02-18T10:51:28.086+0000][7][gc,cpu      ] GC(7) User=0.01s Sys=0.00s Real=0.00s
[2024-02-18T10:51:28.086+0000][7][safepoint   ] Safepoint "G1PauseRemark", Time since last: 12750572 ns, Reaching safepoint: 137267 ns, Cleanup: 12985 ns, At safepoint: 4290638 ns, Total: 4440890 ns
[2024-02-18T10:51:28.086+0000][7][gc,marking  ] GC(7) Concurrent Mark 12.975ms
[2024-02-18T10:51:28.086+0000][7][gc,marking  ] GC(7) Concurrent Rebuild Remembered Sets and Scrub Regions
[2024-02-18T10:51:28.088+0000][7][gc,marking  ] GC(7) Concurrent Rebuild Remembered Sets and Scrub Regions 2.133ms
[2024-02-18T10:51:28.089+0000][7][gc,start    ] GC(7) Pause Cleanup
[2024-02-18T10:51:28.089+0000][7][gc          ] GC(7) Pause Cleanup 21M->21M(512M) 0.481ms
[2024-02-18T10:51:28.090+0000][7][gc,cpu      ] GC(7) User=0.00s Sys=0.00s Real=0.00s
[2024-02-18T10:51:28.090+0000][7][safepoint   ] Safepoint "G1PauseCleanup", Time since last: 2891017 ns, Reaching safepoint: 109810 ns, Cleanup: 4509 ns, At safepoint: 958482 ns, Total: 1072801 ns
[2024-02-18T10:51:28.090+0000][7][gc,marking  ] GC(7) Concurrent Clear Claimed Marks
[2024-02-18T10:51:28.090+0000][7][gc,marking  ] GC(7) Concurrent Clear Claimed Marks 0.245ms
[2024-02-18T10:51:28.090+0000][7][gc,marking  ] GC(7) Concurrent Cleanup for Next Mark
[2024-02-18T10:51:28.092+0000][7][gc,marking  ] GC(7) Concurrent Cleanup for Next Mark 1.245ms
[2024-02-18T10:51:28.092+0000][7][gc          ] GC(7) Concurrent Mark Cycle 24.010ms
[2024-02-18T10:51:28.578+0000][7][gc,start    ] GC(8) Pause Young (Prepare Mixed) (G1 Evacuation Pause)
[2024-02-18T10:51:28.579+0000][7][gc,task     ] GC(8) Using 12 workers of 13 for evacuation
[2024-02-18T10:51:28.579+0000][7][gc,age      ] GC(8) Desired survivor size 20971520 bytes, new threshold 15 (max threshold 15)
[2024-02-18T10:51:28.587+0000][7][gc,phases   ] GC(8)   Pre Evacuate Collection Set: 0.2ms
[2024-02-18T10:51:28.588+0000][7][gc,phases   ] GC(8)   Merge Heap Roots: 0.1ms
[2024-02-18T10:51:28.588+0000][7][gc,phases   ] GC(8)   Evacuate Collection Set: 6.3ms
[2024-02-18T10:51:28.589+0000][7][gc,phases   ] GC(8)   Post Evacuate Collection Set: 1.0ms
[2024-02-18T10:51:28.590+0000][7][gc,phases   ] GC(8)   Other: 0.8ms
[2024-02-18T10:51:28.590+0000][7][gc,age      ] GC(8) Age table with threshold 15 (max threshold 15)
[2024-02-18T10:51:28.590+0000][7][gc,age      ] GC(8) - age   1:    1149232 bytes,    1149232 total
[2024-02-18T10:51:28.590+0000][7][gc,age      ] GC(8) - age   2:    1237256 bytes,    2386488 total
[2024-02-18T10:51:28.591+0000][7][gc,age      ] GC(8) - age   3:     654016 bytes,    3040504 total
[2024-02-18T10:51:28.591+0000][7][gc,age      ] GC(8) - age   4:    4083848 bytes,    7124352 total
[2024-02-18T10:51:28.591+0000][7][gc,age      ] GC(8) - age   5:    3851064 bytes,   10975416 total
[2024-02-18T10:51:28.591+0000][7][gc,age      ] GC(8) - age   6:    1398616 bytes,   12374032 total
[2024-02-18T10:51:28.591+0000][7][gc,age      ] GC(8) - age   7:    1863184 bytes,   14237216 total
[2024-02-18T10:51:28.592+0000][7][gc,heap     ] GC(8) Eden regions: 72->0(72)
[2024-02-18T10:51:28.592+0000][7][gc,heap     ] GC(8) Survivor regions: 4->4(10)
[2024-02-18T10:51:28.592+0000][7][gc,heap     ] GC(8) Old regions: 3->3
[2024-02-18T10:51:28.592+0000][7][gc,heap     ] GC(8) Humongous regions: 0->0
[2024-02-18T10:51:28.592+0000][7][gc,metaspace] GC(8) Metaspace: 21798K(22464K)->21798K(22464K) NonClass: 19186K(19584K)->19186K(19584K) Class: 2612K(2880K)->2612K(2880K)
[2024-02-18T10:51:28.592+0000][7][gc          ] GC(8) Pause Young (Prepare Mixed) (G1 Evacuation Pause) 307M->20M(512M) 14.346ms
[2024-02-18T10:51:28.593+0000][7][gc,cpu      ] GC(8) User=0.04s Sys=0.00s Real=0.01s
[2024-02-18T10:51:28.593+0000][7][safepoint   ] Safepoint "G1CollectForAllocation", Time since last: 488206195 ns, Reaching safepoint: 14758 ns, Cleanup: 54264 ns, At safepoint: 14677306 ns, Total: 14746328 ns
[2024-02-18T10:51:30.057+0000][7][safepoint   ] Safepoint "Cleanup", Time since last: 1463704405 ns, Reaching safepoint: 8366 ns, Cleanup: 106785 ns, At safepoint: 5260 ns, Total: 120411 ns
[2024-02-18T10:51:30.835+0000][7][safepoint   ] Safepoint "ICBufferFull", Time since last: 778462920 ns, Reaching safepoint: 264873 ns, Cleanup: 141541 ns, At safepoint: 26681 ns, Total: 433095 ns
[2024-02-18T10:51:31.281+0000][7][safepoint   ] Safepoint "ICBufferFull", Time since last: 445418138 ns, Reaching safepoint: 19718 ns, Cleanup: 161038 ns, At safepoint: 4519 ns, Total: 185275 ns
[2024-02-18T10:51:32.063+0000][7][gc,start    ] GC(9) Pause Young (Mixed) (G1 Evacuation Pause)
[2024-02-18T10:51:32.063+0000][7][gc,task     ] GC(9) Using 12 workers of 13 for evacuation
[2024-02-18T10:51:32.063+0000][7][gc,age      ] GC(9) Desired survivor size 20971520 bytes, new threshold 15 (max threshold 15)
[2024-02-18T10:51:32.082+0000][7][gc,phases   ] GC(9)   Pre Evacuate Collection Set: 0.3ms
[2024-02-18T10:51:32.082+0000][7][gc,phases   ] GC(9)   Merge Heap Roots: 0.2ms
[2024-02-18T10:51:32.082+0000][7][gc,phases   ] GC(9)   Evacuate Collection Set: 15.3ms
[2024-02-18T10:51:32.083+0000][7][gc,phases   ] GC(9)   Post Evacuate Collection Set: 2.5ms
[2024-02-18T10:51:32.083+0000][7][gc,phases   ] GC(9)   Other: 0.5ms
[2024-02-18T10:51:32.083+0000][7][gc,age      ] GC(9) Age table with threshold 15 (max threshold 15)
[2024-02-18T10:51:32.083+0000][7][gc,age      ] GC(9) - age   1:   17961688 bytes,   17961688 total
[2024-02-18T10:51:32.083+0000][7][gc,age      ] GC(9) - age   2:     957488 bytes,   18919176 total
[2024-02-18T10:51:32.084+0000][7][gc,age      ] GC(9) - age   3:    1224952 bytes,   20144128 total
[2024-02-18T10:51:32.084+0000][7][gc,age      ] GC(9) - age   4:     638064 bytes,   20782192 total
[2024-02-18T10:51:32.084+0000][7][gc,age      ] GC(9) - age   5:    4063064 bytes,   24845256 total
[2024-02-18T10:51:32.084+0000][7][gc,age      ] GC(9) - age   6:    3763304 bytes,   28608560 total
[2024-02-18T10:51:32.084+0000][7][gc,age      ] GC(9) - age   7:    1364712 bytes,   29973272 total
[2024-02-18T10:51:32.085+0000][7][gc,age      ] GC(9) - age   8:    1856184 bytes,   31829456 total
[2024-02-18T10:51:32.085+0000][7][gc,heap     ] GC(9) Eden regions: 72->0(67)
[2024-02-18T10:51:32.085+0000][7][gc,heap     ] GC(9) Survivor regions: 4->9(10)
[2024-02-18T10:51:32.085+0000][7][gc,heap     ] GC(9) Old regions: 3->2
[2024-02-18T10:51:32.085+0000][7][gc,heap     ] GC(9) Humongous regions: 0->0
[2024-02-18T10:51:32.085+0000][7][gc,metaspace] GC(9) Metaspace: 31644K(32576K)->31644K(32576K) NonClass: 27701K(28288K)->27701K(28288K) Class: 3943K(4288K)->3943K(4288K)
[2024-02-18T10:51:32.085+0000][7][gc          ] GC(9) Pause Young (Mixed) (G1 Evacuation Pause) 308M->38M(512M) 22.735ms
[2024-02-18T10:51:32.086+0000][7][gc,cpu      ] GC(9) User=0.18s Sys=0.00s Real=0.02s
[2024-02-18T10:51:32.086+0000][7][safepoint   ] Safepoint "G1CollectForAllocation", Time since last: 781426282 ns, Reaching safepoint: 14568 ns, Cleanup: 103638 ns, At safepoint: 23174006 ns, Total: 23292212 ns
[2024-02-18T10:51:33.086+0000][7][safepoint   ] Safepoint "Cleanup", Time since last: 1000350399 ns, Reaching safepoint: 83690 ns, Cleanup: 63211 ns, At safepoint: 19638 ns, Total: 166539 ns
[2024-02-18T10:51:33.157+0000][7][gc,start    ] GC(10) Pause Young (Concurrent Start) (Metadata GC Threshold)
[2024-02-18T10:51:33.157+0000][7][gc,task     ] GC(10) Using 12 workers of 13 for evacuation
[2024-02-18T10:51:33.158+0000][7][gc,age      ] GC(10) Desired survivor size 20971520 bytes, new threshold 5 (max threshold 15)
[2024-02-18T10:51:33.178+0000][7][gc,phases   ] GC(10)   Pre Evacuate Collection Set: 0.3ms
[2024-02-18T10:51:33.179+0000][7][gc,phases   ] GC(10)   Merge Heap Roots: 0.2ms
[2024-02-18T10:51:33.179+0000][7][gc,phases   ] GC(10)   Evacuate Collection Set: 17.8ms
[2024-02-18T10:51:33.179+0000][7][gc,phases   ] GC(10)   Post Evacuate Collection Set: 1.8ms
[2024-02-18T10:51:33.179+0000][7][gc,phases   ] GC(10)   Other: 0.5ms
[2024-02-18T10:51:33.179+0000][7][gc,age      ] GC(10) Age table with threshold 5 (max threshold 15)
[2024-02-18T10:51:33.180+0000][7][gc,age      ] GC(10) - age   1:   10153312 bytes,   10153312 total
[2024-02-18T10:51:33.180+0000][7][gc,age      ] GC(10) - age   2:   17510512 bytes,   27663824 total
[2024-02-18T10:51:33.180+0000][7][gc,age      ] GC(10) - age   3:     957176 bytes,   28621000 total
[2024-02-18T10:51:33.180+0000][7][gc,age      ] GC(10) - age   4:    1224952 bytes,   29845952 total
[2024-02-18T10:51:33.180+0000][7][gc,age      ] GC(10) - age   5:     638064 bytes,   30484016 total
[2024-02-18T10:51:33.180+0000][7][gc,heap     ] GC(10) Eden regions: 29->0(67)
[2024-02-18T10:51:33.180+0000][7][gc,heap     ] GC(10) Survivor regions: 9->9(10)
[2024-02-18T10:51:33.180+0000][7][gc,heap     ] GC(10) Old regions: 2->5
[2024-02-18T10:51:33.181+0000][7][gc,heap     ] GC(10) Humongous regions: 0->0
[2024-02-18T10:51:33.181+0000][7][gc,metaspace] GC(10) Metaspace: 35258K(36288K)->35258K(36288K) NonClass: 30705K(31360K)->30705K(31360K) Class: 4553K(4928K)->4553K(4928K)
[2024-02-18T10:51:33.181+0000][7][gc          ] GC(10) Pause Young (Concurrent Start) (Metadata GC Threshold) 152M->48M(512M) 23.939ms
[2024-02-18T10:51:33.181+0000][7][gc,cpu      ] GC(10) User=0.16s Sys=0.02s Real=0.02s
[2024-02-18T10:51:33.181+0000][7][gc          ] GC(11) Concurrent Mark Cycle
[2024-02-18T10:51:33.181+0000][7][safepoint   ] Safepoint "CollectForMetadataAllocation", Time since last: 70623080 ns, Reaching safepoint: 10450 ns, Cleanup: 29787 ns, At safepoint: 24385185 ns, Total: 24425422 ns
[2024-02-18T10:51:33.181+0000][7][gc,marking  ] GC(11) Concurrent Scan Root Regions
[2024-02-18T10:51:33.191+0000][7][gc,marking  ] GC(11) Concurrent Scan Root Regions 9.306ms
[2024-02-18T10:51:33.191+0000][7][gc,marking  ] GC(11) Concurrent Mark
[2024-02-18T10:51:33.191+0000][7][gc,marking  ] GC(11) Concurrent Mark From Roots
[2024-02-18T10:51:33.192+0000][7][gc,task     ] GC(11) Using 3 workers of 3 for marking
[2024-02-18T10:51:33.195+0000][7][gc,marking  ] GC(11) Concurrent Mark From Roots 3.315ms
[2024-02-18T10:51:33.195+0000][7][gc,marking  ] GC(11) Concurrent Preclean
[2024-02-18T10:51:33.195+0000][7][gc,marking  ] GC(11) Concurrent Preclean 0.233ms
[2024-02-18T10:51:33.197+0000][7][gc,start    ] GC(11) Pause Remark
[2024-02-18T10:51:33.203+0000][7][gc          ] GC(11) Pause Remark 52M->52M(512M) 5.778ms
[2024-02-18T10:51:33.203+0000][7][gc,cpu      ] GC(11) User=0.03s Sys=0.00s Real=0.00s
[2024-02-18T10:51:33.204+0000][7][safepoint   ] Safepoint "G1PauseRemark", Time since last: 15930041 ns, Reaching safepoint: 13747 ns, Cleanup: 4729 ns, At safepoint: 6356148 ns, Total: 6374624 ns
[2024-02-18T10:51:33.204+0000][7][gc,marking  ] GC(11) Concurrent Mark 12.639ms
[2024-02-18T10:51:33.204+0000][7][gc,marking  ] GC(11) Concurrent Rebuild Remembered Sets and Scrub Regions
[2024-02-18T10:51:33.207+0000][7][gc,marking  ] GC(11) Concurrent Rebuild Remembered Sets and Scrub Regions 3.317ms
[2024-02-18T10:51:33.208+0000][7][gc,start    ] GC(11) Pause Cleanup
[2024-02-18T10:51:33.209+0000][7][gc          ] GC(11) Pause Cleanup 52M->52M(512M) 0.471ms
[2024-02-18T10:51:33.209+0000][7][gc,cpu      ] GC(11) User=0.00s Sys=0.00s Real=0.00s
[2024-02-18T10:51:33.209+0000][7][safepoint   ] Safepoint "G1PauseCleanup", Time since last: 4292527 ns, Reaching safepoint: 277307 ns, Cleanup: 20198 ns, At safepoint: 929085 ns, Total: 1226590 ns
[2024-02-18T10:51:33.210+0000][7][gc,marking  ] GC(11) Concurrent Clear Claimed Marks
[2024-02-18T10:51:33.210+0000][7][gc,marking  ] GC(11) Concurrent Clear Claimed Marks 0.277ms
[2024-02-18T10:51:33.210+0000][7][gc,marking  ] GC(11) Concurrent Cleanup for Next Mark
[2024-02-18T10:51:33.211+0000][7][gc,marking  ] GC(11) Concurrent Cleanup for Next Mark 1.000ms
[2024-02-18T10:51:33.211+0000][7][gc          ] GC(11) Concurrent Mark Cycle 30.070ms
[2024-02-18T10:51:34.571+0000][7][safepoint   ] Safepoint "Cleanup", Time since last: 1361743983 ns, Reaching safepoint: 4208 ns, Cleanup: 96926 ns, At safepoint: 10239 ns, Total: 111373 ns
[2024-02-18T10:51:35.196+0000][7][gc,start    ] GC(12) Pause Young (Normal) (G1 Evacuation Pause)
[2024-02-18T10:51:35.196+0000][7][gc,task     ] GC(12) Using 12 workers of 13 for evacuation
[2024-02-18T10:51:35.197+0000][7][gc,age      ] GC(12) Desired survivor size 20971520 bytes, new threshold 2 (max threshold 15)
[2024-02-18T10:51:35.217+0000][7][gc,phases   ] GC(12)   Pre Evacuate Collection Set: 0.3ms
[2024-02-18T10:51:35.218+0000][7][gc,phases   ] GC(12)   Merge Heap Roots: 0.1ms
[2024-02-18T10:51:35.218+0000][7][gc,phases   ] GC(12)   Evacuate Collection Set: 16.3ms
[2024-02-18T10:51:35.218+0000][7][gc,phases   ] GC(12)   Post Evacuate Collection Set: 3.9ms
[2024-02-18T10:51:35.218+0000][7][gc,phases   ] GC(12)   Other: 0.4ms
[2024-02-18T10:51:35.219+0000][7][gc,age      ] GC(12) Age table with threshold 2 (max threshold 15)
[2024-02-18T10:51:35.219+0000][7][gc,age      ] GC(12) - age   1:    6184312 bytes,    6184312 total
[2024-02-18T10:51:35.219+0000][7][gc,age      ] GC(12) - age   2:   10069424 bytes,   16253736 total
[2024-02-18T10:51:35.219+0000][7][gc,heap     ] GC(12) Eden regions: 67->0(71)
[2024-02-18T10:51:35.219+0000][7][gc,heap     ] GC(12) Survivor regions: 9->5(10)
[2024-02-18T10:51:35.219+0000][7][gc,heap     ] GC(12) Old regions: 5->10
[2024-02-18T10:51:35.220+0000][7][gc,heap     ] GC(12) Humongous regions: 0->0
[2024-02-18T10:51:35.220+0000][7][gc,metaspace] GC(12) Metaspace: 53357K(54592K)->53357K(54592K) NonClass: 46312K(47040K)->46312K(47040K) Class: 7045K(7552K)->7045K(7552K)
[2024-02-18T10:51:35.220+0000][7][gc          ] GC(12) Pause Young (Normal) (G1 Evacuation Pause) 316M->55M(512M) 24.081ms
[2024-02-18T10:51:35.220+0000][7][gc,cpu      ] GC(12) User=0.15s Sys=0.02s Real=0.02s
[2024-02-18T10:51:35.221+0000][7][safepoint   ] Safepoint "G1CollectForAllocation", Time since last: 624637063 ns, Reaching safepoint: 13276 ns, Cleanup: 191847 ns, At safepoint: 24804443 ns, Total: 25009566 ns
[2024-02-18T10:51:36.047+0000][7][gc,start    ] GC(13) Pause Young (Concurrent Start) (Metadata GC Threshold)
[2024-02-18T10:51:36.047+0000][7][gc,task     ] GC(13) Using 12 workers of 13 for evacuation
[2024-02-18T10:51:36.047+0000][7][gc,age      ] GC(13) Desired survivor size 20971520 bytes, new threshold 15 (max threshold 15)
[2024-02-18T10:51:36.056+0000][7][gc,phases   ] GC(13)   Pre Evacuate Collection Set: 0.3ms
[2024-02-18T10:51:36.056+0000][7][gc,phases   ] GC(13)   Merge Heap Roots: 0.2ms
[2024-02-18T10:51:36.056+0000][7][gc,phases   ] GC(13)   Evacuate Collection Set: 6.8ms
[2024-02-18T10:51:36.056+0000][7][gc,phases   ] GC(13)   Post Evacuate Collection Set: 1.1ms
[2024-02-18T10:51:36.056+0000][7][gc,phases   ] GC(13)   Other: 0.4ms
[2024-02-18T10:51:36.057+0000][7][gc,age      ] GC(13) Age table with threshold 15 (max threshold 15)
[2024-02-18T10:51:36.057+0000][7][gc,age      ] GC(13) - age   1:    3476000 bytes,    3476000 total
[2024-02-18T10:51:36.057+0000][7][gc,age      ] GC(13) - age   2:    5909592 bytes,    9385592 total
[2024-02-18T10:51:36.057+0000][7][gc,age      ] GC(13) - age   3:   10068872 bytes,   19454464 total
[2024-02-18T10:51:36.057+0000][7][gc,heap     ] GC(13) Eden regions: 27->0(70)
[2024-02-18T10:51:36.057+0000][7][gc,heap     ] GC(13) Survivor regions: 5->6(10)
[2024-02-18T10:51:36.057+0000][7][gc,heap     ] GC(13) Old regions: 10->10
[2024-02-18T10:51:36.058+0000][7][gc,heap     ] GC(13) Humongous regions: 0->0
[2024-02-18T10:51:36.058+0000][7][gc,metaspace] GC(13) Metaspace: 59495K(60736K)->59495K(60736K) NonClass: 51604K(52352K)->51604K(52352K) Class: 7891K(8384K)->7891K(8384K)
[2024-02-18T10:51:36.058+0000][7][gc          ] GC(13) Pause Young (Concurrent Start) (Metadata GC Threshold) 163M->56M(512M) 11.400ms
[2024-02-18T10:51:36.058+0000][7][gc,cpu      ] GC(13) User=0.08s Sys=0.01s Real=0.01s
[2024-02-18T10:51:36.058+0000][7][gc          ] GC(14) Concurrent Mark Cycle
[2024-02-18T10:51:36.058+0000][7][safepoint   ] Safepoint "CollectForMetadataAllocation", Time since last: 825622291 ns, Reaching safepoint: 10971 ns, Cleanup: 170146 ns, At safepoint: 11860316 ns, Total: 12041433 ns
[2024-02-18T10:51:36.058+0000][7][gc,marking  ] GC(14) Concurrent Scan Root Regions
[2024-02-18T10:51:36.064+0000][7][gc,marking  ] GC(14) Concurrent Scan Root Regions 5.870ms
[2024-02-18T10:51:36.065+0000][7][gc,marking  ] GC(14) Concurrent Mark
[2024-02-18T10:51:36.065+0000][7][gc,marking  ] GC(14) Concurrent Mark From Roots
[2024-02-18T10:51:36.065+0000][7][gc,task     ] GC(14) Using 3 workers of 3 for marking
[2024-02-18T10:51:36.080+0000][7][gc,marking  ] GC(14) Concurrent Mark From Roots 15.363ms
[2024-02-18T10:51:36.080+0000][7][gc,marking  ] GC(14) Concurrent Preclean
[2024-02-18T10:51:36.081+0000][7][gc,marking  ] GC(14) Concurrent Preclean 0.388ms
[2024-02-18T10:51:36.081+0000][7][gc,start    ] GC(14) Pause Remark
[2024-02-18T10:51:36.085+0000][7][gc          ] GC(14) Pause Remark 59M->59M(512M) 4.096ms
[2024-02-18T10:51:36.086+0000][7][gc,cpu      ] GC(14) User=0.03s Sys=0.00s Real=0.00s
[2024-02-18T10:51:36.086+0000][7][safepoint   ] Safepoint "G1PauseRemark", Time since last: 22739047 ns, Reaching safepoint: 93880 ns, Cleanup: 17313 ns, At safepoint: 4571902 ns, Total: 4683095 ns
[2024-02-18T10:51:36.086+0000][7][gc,marking  ] GC(14) Concurrent Mark 21.301ms
[2024-02-18T10:51:36.086+0000][7][gc,marking  ] GC(14) Concurrent Rebuild Remembered Sets and Scrub Regions
[2024-02-18T10:51:36.092+0000][7][gc,marking  ] GC(14) Concurrent Rebuild Remembered Sets and Scrub Regions 6.169ms
[2024-02-18T10:51:36.093+0000][7][gc,start    ] GC(14) Pause Cleanup
[2024-02-18T10:51:36.093+0000][7][gc          ] GC(14) Pause Cleanup 59M->59M(512M) 0.360ms
[2024-02-18T10:51:36.093+0000][7][gc,cpu      ] GC(14) User=0.00s Sys=0.00s Real=0.00s
[2024-02-18T10:51:36.093+0000][7][safepoint   ] Safepoint "G1PauseCleanup", Time since last: 6883148 ns, Reaching safepoint: 85614 ns, Cleanup: 12534 ns, At safepoint: 686711 ns, Total: 784859 ns
[2024-02-18T10:51:36.094+0000][7][gc,marking  ] GC(14) Concurrent Clear Claimed Marks
[2024-02-18T10:51:36.094+0000][7][gc,marking  ] GC(14) Concurrent Clear Claimed Marks 0.268ms
[2024-02-18T10:51:36.094+0000][7][gc,marking  ] GC(14) Concurrent Cleanup for Next Mark
[2024-02-18T10:51:36.095+0000][7][gc,marking  ] GC(14) Concurrent Cleanup for Next Mark 0.959ms
[2024-02-18T10:51:36.095+0000][7][gc          ] GC(14) Concurrent Mark Cycle 37.142ms
[2024-02-18T10:51:37.120+0000][7][safepoint   ] Safepoint "Cleanup", Time since last: 1026732068 ns, Reaching safepoint: 6953 ns, Cleanup: 161194 ns, At safepoint: 15950 ns, Total: 184097 ns
[2024-02-18T10:51:38.293+0000][7][safepoint   ] Safepoint "Cleanup", Time since last: 1172808239 ns, Reaching safepoint: 3627 ns, Cleanup: 98779 ns, At safepoint: 13196 ns, Total: 115602 ns
[2024-02-18T10:51:39.093+0000][7][safepoint   ] Safepoint "ICBufferFull", Time since last: 799138886 ns, Reaching safepoint: 3958 ns, Cleanup: 141487 ns, At safepoint: 23795 ns, Total: 169240 ns
[2024-02-18T10:51:39.126+0000][7][gc,start    ] GC(15) Pause Young (Normal) (G1 Evacuation Pause)
[2024-02-18T10:51:39.127+0000][7][gc,task     ] GC(15) Using 12 workers of 13 for evacuation
[2024-02-18T10:51:39.127+0000][7][gc,age      ] GC(15) Desired survivor size 20971520 bytes, new threshold 15 (max threshold 15)
[2024-02-18T10:51:39.139+0000][7][gc,phases   ] GC(15)   Pre Evacuate Collection Set: 0.2ms
[2024-02-18T10:51:39.139+0000][7][gc,phases   ] GC(15)   Merge Heap Roots: 0.1ms
[2024-02-18T10:51:39.140+0000][7][gc,phases   ] GC(15)   Evacuate Collection Set: 10.5ms
[2024-02-18T10:51:39.140+0000][7][gc,phases   ] GC(15)   Post Evacuate Collection Set: 1.6ms
[2024-02-18T10:51:39.140+0000][7][gc,phases   ] GC(15)   Other: 0.3ms
[2024-02-18T10:51:39.140+0000][7][gc,age      ] GC(15) Age table with threshold 15 (max threshold 15)
[2024-02-18T10:51:39.140+0000][7][gc,age      ] GC(15) - age   1:   13266784 bytes,   13266784 total
[2024-02-18T10:51:39.140+0000][7][gc,age      ] GC(15) - age   2:    3318904 bytes,   16585688 total
[2024-02-18T10:51:39.140+0000][7][gc,age      ] GC(15) - age   3:    5793192 bytes,   22378880 total
[2024-02-18T10:51:39.140+0000][7][gc,age      ] GC(15) - age   4:   10051640 bytes,   32430520 total
[2024-02-18T10:51:39.140+0000][7][gc,heap     ] GC(15) Eden regions: 70->0(67)
[2024-02-18T10:51:39.141+0000][7][gc,heap     ] GC(15) Survivor regions: 6->9(10)
[2024-02-18T10:51:39.141+0000][7][gc,heap     ] GC(15) Old regions: 10->10
[2024-02-18T10:51:39.141+0000][7][gc,heap     ] GC(15) Humongous regions: 0->0
[2024-02-18T10:51:39.141+0000][7][gc,metaspace] GC(15) Metaspace: 87257K(89856K)->87257K(89856K) NonClass: 75200K(76608K)->75200K(76608K) Class: 12056K(13248K)->12056K(13248K)
[2024-02-18T10:51:39.141+0000][7][gc          ] GC(15) Pause Young (Normal) (G1 Evacuation Pause) 336M->70M(512M) 14.645ms
[2024-02-18T10:51:39.141+0000][7][gc,cpu      ] GC(15) User=0.09s Sys=0.02s Real=0.01s
[2024-02-18T10:51:39.141+0000][7][safepoint   ] Safepoint "G1CollectForAllocation", Time since last: 33655872 ns, Reaching safepoint: 4358 ns, Cleanup: 13516 ns, At safepoint: 14877886 ns, Total: 14895760 ns
[2024-02-18T10:51:39.601+0000][7][safepoint   ] Safepoint "ICBufferFull", Time since last: 459490661 ns, Reaching safepoint: 95642 ns, Cleanup: 129899 ns, At safepoint: 33254 ns, Total: 258795 ns
[2024-02-18T10:51:39.728+0000][7][safepoint   ] Safepoint "ICBufferFull", Time since last: 127189422 ns, Reaching safepoint: 4689 ns, Cleanup: 102467 ns, At safepoint: 1933 ns, Total: 109089 ns
[2024-02-18T10:51:39.846+0000][7][safepoint   ] Safepoint "ICBufferFull", Time since last: 117336180 ns, Reaching safepoint: 4308 ns, Cleanup: 88901 ns, At safepoint: 10379 ns, Total: 103588 ns
[2024-02-18T10:51:40.566+0000][7][safepoint   ] Safepoint "ICBufferFull", Time since last: 719942632 ns, Reaching safepoint: 8056 ns, Cleanup: 123236 ns, At safepoint: 2605 ns, Total: 133897 ns
[2024-02-18T10:51:40.628+0000][7][gc,start    ] GC(16) Pause Young (Concurrent Start) (Metadata GC Threshold)
[2024-02-18T10:51:40.628+0000][7][gc,task     ] GC(16) Using 12 workers of 13 for evacuation
[2024-02-18T10:51:40.628+0000][7][gc,age      ] GC(16) Desired survivor size 20971520 bytes, new threshold 3 (max threshold 15)
[2024-02-18T10:51:40.642+0000][7][gc,phases   ] GC(16)   Pre Evacuate Collection Set: 0.2ms
[2024-02-18T10:51:40.642+0000][7][gc,phases   ] GC(16)   Merge Heap Roots: 0.1ms
[2024-02-18T10:51:40.642+0000][7][gc,phases   ] GC(16)   Evacuate Collection Set: 11.5ms
[2024-02-18T10:51:40.643+0000][7][gc,phases   ] GC(16)   Post Evacuate Collection Set: 1.6ms
[2024-02-18T10:51:40.643+0000][7][gc,phases   ] GC(16)   Other: 0.3ms
[2024-02-18T10:51:40.643+0000][7][gc,age      ] GC(16) Age table with threshold 3 (max threshold 15)
[2024-02-18T10:51:40.643+0000][7][gc,age      ] GC(16) - age   1:    4525608 bytes,    4525608 total
[2024-02-18T10:51:40.643+0000][7][gc,age      ] GC(16) - age   2:   12858208 bytes,   17383816 total
[2024-02-18T10:51:40.643+0000][7][gc,age      ] GC(16) - age   3:    3309456 bytes,   20693272 total
[2024-02-18T10:51:40.643+0000][7][gc,heap     ] GC(16) Eden regions: 26->0(70)
[2024-02-18T10:51:40.643+0000][7][gc,heap     ] GC(16) Survivor regions: 9->6(10)
[2024-02-18T10:51:40.643+0000][7][gc,heap     ] GC(16) Old regions: 10->14
[2024-02-18T10:51:40.643+0000][7][gc,heap     ] GC(16) Humongous regions: 0->0
[2024-02-18T10:51:40.644+0000][7][gc,metaspace] GC(16) Metaspace: 99025K(101696K)->99025K(101696K) NonClass: 85264K(86720K)->85264K(86720K) Class: 13760K(14976K)->13760K(14976K)
[2024-02-18T10:51:40.644+0000][7][gc          ] GC(16) Pause Young (Concurrent Start) (Metadata GC Threshold) 174M->74M(512M) 15.845ms
[2024-02-18T10:51:40.644+0000][7][gc,cpu      ] GC(16) User=0.12s Sys=0.01s Real=0.01s
[2024-02-18T10:51:40.644+0000][7][gc          ] GC(17) Concurrent Mark Cycle
[2024-02-18T10:51:40.644+0000][7][gc,marking  ] GC(17) Concurrent Scan Root Regions
[2024-02-18T10:51:40.644+0000][7][safepoint   ] Safepoint "CollectForMetadataAllocation", Time since last: 62108161 ns, Reaching safepoint: 8847 ns, Cleanup: 64353 ns, At safepoint: 16188301 ns, Total: 16261501 ns
[2024-02-18T10:51:40.653+0000][7][gc,marking  ] GC(17) Concurrent Scan Root Regions 8.578ms
[2024-02-18T10:51:40.653+0000][7][gc,marking  ] GC(17) Concurrent Mark
[2024-02-18T10:51:40.653+0000][7][gc,marking  ] GC(17) Concurrent Mark From Roots
[2024-02-18T10:51:40.653+0000][7][gc,task     ] GC(17) Using 3 workers of 3 for marking
[2024-02-18T10:51:40.668+0000][7][gc,marking  ] GC(17) Concurrent Mark From Roots 14.557ms
[2024-02-18T10:51:40.668+0000][7][gc,marking  ] GC(17) Concurrent Preclean
[2024-02-18T10:51:40.668+0000][7][gc,marking  ] GC(17) Concurrent Preclean 0.305ms
[2024-02-18T10:51:40.669+0000][7][gc,start    ] GC(17) Pause Remark
[2024-02-18T10:51:40.673+0000][7][gc          ] GC(17) Pause Remark 79M->79M(512M) 4.364ms
[2024-02-18T10:51:40.673+0000][7][gc,cpu      ] GC(17) User=0.03s Sys=0.00s Real=0.00s
[2024-02-18T10:51:40.673+0000][7][safepoint   ] Safepoint "G1PauseRemark", Time since last: 24383532 ns, Reaching safepoint: 85454 ns, Cleanup: 12133 ns, At safepoint: 4849247 ns, Total: 4946834 ns
[2024-02-18T10:51:40.674+0000][7][gc,marking  ] GC(17) Concurrent Mark 20.614ms
[2024-02-18T10:51:40.674+0000][7][gc,marking  ] GC(17) Concurrent Rebuild Remembered Sets and Scrub Regions
[2024-02-18T10:51:40.682+0000][7][gc,marking  ] GC(17) Concurrent Rebuild Remembered Sets and Scrub Regions 7.781ms
[2024-02-18T10:51:40.682+0000][7][gc,start    ] GC(17) Pause Cleanup
[2024-02-18T10:51:40.682+0000][7][gc          ] GC(17) Pause Cleanup 80M->80M(512M) 0.337ms
[2024-02-18T10:51:40.683+0000][7][gc,cpu      ] GC(17) User=0.01s Sys=0.00s Real=0.00s
[2024-02-18T10:51:40.683+0000][7][safepoint   ] Safepoint "G1PauseCleanup", Time since last: 8582373 ns, Reaching safepoint: 99000 ns, Cleanup: 13576 ns, At safepoint: 692091 ns, Total: 804667 ns
[2024-02-18T10:51:40.683+0000][7][gc,marking  ] GC(17) Concurrent Clear Claimed Marks
[2024-02-18T10:51:40.683+0000][7][gc,marking  ] GC(17) Concurrent Clear Claimed Marks 0.370ms
[2024-02-18T10:51:40.683+0000][7][gc,marking  ] GC(17) Concurrent Cleanup for Next Mark
[2024-02-18T10:51:40.684+0000][7][gc,marking  ] GC(17) Concurrent Cleanup for Next Mark 0.776ms
[2024-02-18T10:51:40.684+0000][7][gc          ] GC(17) Concurrent Mark Cycle 40.543ms
[2024-02-18T10:51:41.671+0000][7][safepoint   ] Safepoint "ICBufferFull", Time since last: 988325798 ns, Reaching safepoint: 9989 ns, Cleanup: 109099 ns, At safepoint: 16181 ns, Total: 135269 ns
[2024-02-18T10:51:41.989+0000][7][safepoint   ] Safepoint "ICBufferFull", Time since last: 317017391 ns, Reaching safepoint: 155402 ns, Cleanup: 223388 ns, At safepoint: 28935 ns, Total: 407725 ns
[2024-02-18T10:51:42.443+0000][7][safepoint   ] Safepoint "ICBufferFull", Time since last: 454000402 ns, Reaching safepoint: 14858 ns, Cleanup: 140970 ns, At safepoint: 37622 ns, Total: 193450 ns
[2024-02-18T10:51:42.505+0000][7][safepoint   ] Safepoint "ICBufferFull", Time since last: 61703842 ns, Reaching safepoint: 10851 ns, Cleanup: 106934 ns, At safepoint: 21672 ns, Total: 139457 ns
[2024-02-18T10:51:43.049+0000][7][safepoint   ] Safepoint "ICBufferFull", Time since last: 544528019 ns, Reaching safepoint: 12954 ns, Cleanup: 130590 ns, At safepoint: 19648 ns, Total: 163192 ns
[2024-02-18T10:51:43.253+0000][7][safepoint   ] Safepoint "ICBufferFull", Time since last: 203772076 ns, Reaching safepoint: 94692 ns, Cleanup: 103538 ns, At safepoint: 31701 ns, Total: 229931 ns
[2024-02-18T10:51:43.462+0000][7][safepoint   ] Safepoint "ICBufferFull", Time since last: 208384421 ns, Reaching safepoint: 100632 ns, Cleanup: 109289 ns, At safepoint: 50026 ns, Total: 259947 ns
[2024-02-18T10:51:43.645+0000][7][safepoint   ] Safepoint "ICBufferFull", Time since last: 183125643 ns, Reaching safepoint: 17072 ns, Cleanup: 203640 ns, At safepoint: 32693 ns, Total: 253405 ns
[2024-02-18T10:51:43.647+0000][7][gc,start    ] GC(18) Pause Young (Normal) (G1 Evacuation Pause)
[2024-02-18T10:51:43.647+0000][7][gc,task     ] GC(18) Using 12 workers of 13 for evacuation
[2024-02-18T10:51:43.647+0000][7][gc,age      ] GC(18) Desired survivor size 20971520 bytes, new threshold 15 (max threshold 15)
[2024-02-18T10:51:43.671+0000][7][gc,phases   ] GC(18)   Pre Evacuate Collection Set: 0.2ms
[2024-02-18T10:51:43.672+0000][7][gc,phases   ] GC(18)   Merge Heap Roots: 0.1ms
[2024-02-18T10:51:43.672+0000][7][gc,phases   ] GC(18)   Evacuate Collection Set: 21.9ms
[2024-02-18T10:51:43.672+0000][7][gc,phases   ] GC(18)   Post Evacuate Collection Set: 1.8ms
[2024-02-18T10:51:43.672+0000][7][gc,phases   ] GC(18)   Other: 0.3ms
[2024-02-18T10:51:43.672+0000][7][gc,age      ] GC(18) Age table with threshold 15 (max threshold 15)
[2024-02-18T10:51:43.672+0000][7][gc,age      ] GC(18) - age   1:   22265632 bytes,   22265632 total
[2024-02-18T10:51:43.672+0000][7][gc,age      ] GC(18) - age   2:    3849648 bytes,   26115280 total
[2024-02-18T10:51:43.672+0000][7][gc,age      ] GC(18) - age   3:   12455264 bytes,   38570544 total
[2024-02-18T10:51:43.673+0000][7][gc,age      ] GC(18) - age   4:    3154664 bytes,   41725208 total
[2024-02-18T10:51:43.673+0000][7][gc,heap     ] GC(18) Eden regions: 70->0(66)
[2024-02-18T10:51:43.673+0000][7][gc,heap     ] GC(18) Survivor regions: 6->10(10)
[2024-02-18T10:51:43.673+0000][7][gc,heap     ] GC(18) Old regions: 14->19
[2024-02-18T10:51:43.673+0000][7][gc,heap     ] GC(18) Humongous regions: 2->2
[2024-02-18T10:51:43.673+0000][7][gc,metaspace] GC(18) Metaspace: 109346K(112064K)->109346K(112064K) NonClass: 94259K(95744K)->94259K(95744K) Class: 15087K(16320K)->15087K(16320K)
[2024-02-18T10:51:43.673+0000][7][gc          ] GC(18) Pause Young (Normal) (G1 Evacuation Pause) 362M->122M(512M) 26.598ms
[2024-02-18T10:51:43.674+0000][7][gc,cpu      ] GC(18) User=0.24s Sys=0.00s Real=0.02s
[2024-02-18T10:51:43.674+0000][7][safepoint   ] Safepoint "G1CollectForAllocation", Time since last: 1312389 ns, Reaching safepoint: 14487 ns, Cleanup: 6853 ns, At safepoint: 26980060 ns, Total: 27001400 ns
[2024-02-18T10:51:44.058+0000][7][safepoint   ] Safepoint "ICBufferFull", Time since last: 384429922 ns, Reaching safepoint: 11522 ns, Cleanup: 117395 ns, At safepoint: 3056 ns, Total: 131973 ns
[2024-02-18T10:51:44.452+0000][7][safepoint   ] Safepoint "ICBufferFull", Time since last: 393077986 ns, Reaching safepoint: 11822 ns, Cleanup: 115391 ns, At safepoint: 12805 ns, Total: 140018 ns
[2024-02-18T10:51:45.111+0000][7][safepoint   ] Safepoint "ICBufferFull", Time since last: 658982052 ns, Reaching safepoint: 17093 ns, Cleanup: 158193 ns, At safepoint: 45768 ns, Total: 221054 ns
[2024-02-18T10:51:45.892+0000][7][safepoint   ] Safepoint "ICBufferFull", Time since last: 781569526 ns, Reaching safepoint: 13106 ns, Cleanup: 163594 ns, At safepoint: 5871 ns, Total: 182571 ns
[2024-02-18T10:51:46.893+0000][7][safepoint   ] Safepoint "Cleanup", Time since last: 1000298699 ns, Reaching safepoint: 24287 ns, Cleanup: 64954 ns, At safepoint: 4228 ns, Total: 93469 ns
[2024-02-18T10:51:50.160+0000][7][safepoint   ] Safepoint "Cleanup", Time since last: 3266609444 ns, Reaching safepoint: 7384 ns, Cleanup: 39966 ns, At safepoint: 9689 ns, Total: 57039 ns
[2024-02-18T10:51:51.182+0000][7][safepoint   ] Safepoint "Cleanup", Time since last: 1022809655 ns, Reaching safepoint: 6683 ns, Cleanup: 92878 ns, At safepoint: 17213 ns, Total: 116774 ns
[2024-02-18T10:51:52.806+0000][7][safepoint   ] Safepoint "Cleanup", Time since last: 1622921054 ns, Reaching safepoint: 14277 ns, Cleanup: 132103 ns, At safepoint: 9578 ns, Total: 155958 ns
[2024-02-18T10:51:53.806+0000][7][safepoint   ] Safepoint "Cleanup", Time since last: 1000435592 ns, Reaching safepoint: 23776 ns, Cleanup: 50176 ns, At safepoint: 4909 ns, Total: 78861 ns
[2024-02-18T10:51:55.664+0000][7][safepoint   ] Safepoint "Cleanup", Time since last: 1858348520 ns, Reaching safepoint: 9839 ns, Cleanup: 49585 ns, At safepoint: 9819 ns, Total: 69243 ns
[2024-02-18T10:51:56.309+0000][7][safepoint   ] Safepoint "ICBufferFull", Time since last: 644463907 ns, Reaching safepoint: 12614 ns, Cleanup: 107987 ns, At safepoint: 19698 ns, Total: 140299 ns
[2024-02-18T10:51:57.310+0000][7][safepoint   ] Safepoint "Cleanup", Time since last: 1000345079 ns, Reaching safepoint: 15710 ns, Cleanup: 73561 ns, At safepoint: 3777 ns, Total: 93048 ns
[2024-02-18T10:51:59.310+0000][7][safepoint   ] Safepoint "Cleanup", Time since last: 2000442193 ns, Reaching safepoint: 15360 ns, Cleanup: 18325 ns, At safepoint: 3396 ns, Total: 37081 ns
[2024-02-18T10:52:00.310+0000][7][safepoint   ] Safepoint "Cleanup", Time since last: 1000346552 ns, Reaching safepoint: 16101 ns, Cleanup: 62370 ns, At safepoint: 3677 ns, Total: 82148 ns
[2024-02-18T10:52:01.311+0000][7][safepoint   ] Safepoint "Cleanup", Time since last: 1000383231 ns, Reaching safepoint: 109669 ns, Cleanup: 45287 ns, At safepoint: 19277 ns, Total: 174233 ns
[2024-02-18T10:52:02.293+0000][7][gc,start    ] GC(19) Pause Young (Normal) (G1 Evacuation Pause)
[2024-02-18T10:52:02.293+0000][7][gc,task     ] GC(19) Using 12 workers of 13 for evacuation
[2024-02-18T10:52:02.293+0000][7][gc,age      ] GC(19) Desired survivor size 20971520 bytes, new threshold 1 (max threshold 15)
[2024-02-18T10:52:02.317+0000][7][gc,phases   ] GC(19)   Pre Evacuate Collection Set: 0.2ms
[2024-02-18T10:52:02.317+0000][7][gc,phases   ] GC(19)   Merge Heap Roots: 0.2ms
[2024-02-18T10:52:02.317+0000][7][gc,phases   ] GC(19)   Evacuate Collection Set: 22.4ms
[2024-02-18T10:52:02.317+0000][7][gc,phases   ] GC(19)   Post Evacuate Collection Set: 1.0ms
[2024-02-18T10:52:02.317+0000][7][gc,phases   ] GC(19)   Other: 0.3ms
[2024-02-18T10:52:02.318+0000][7][gc,age      ] GC(19) Age table with threshold 1 (max threshold 15)
[2024-02-18T10:52:02.318+0000][7][gc,age      ] GC(19) - age   1:   12133312 bytes,   12133312 total
[2024-02-18T10:52:02.318+0000][7][gc,heap     ] GC(19) Eden regions: 66->0(72)
[2024-02-18T10:52:02.318+0000][7][gc,heap     ] GC(19) Survivor regions: 10->4(10)
[2024-02-18T10:52:02.318+0000][7][gc,heap     ] GC(19) Old regions: 19->29
[2024-02-18T10:52:02.318+0000][7][gc,heap     ] GC(19) Humongous regions: 2->2
[2024-02-18T10:52:02.318+0000][7][gc,metaspace] GC(19) Metaspace: 113943K(116864K)->113943K(116864K) NonClass: 98331K(99904K)->98331K(99904K) Class: 15611K(16960K)->15611K(16960K)
[2024-02-18T10:52:02.318+0000][7][gc          ] GC(19) Pause Young (Normal) (G1 Evacuation Pause) 386M->135M(512M) 25.675ms
[2024-02-18T10:52:02.318+0000][7][gc,cpu      ] GC(19) User=0.19s Sys=0.00s Real=0.03s
[2024-02-18T10:52:02.319+0000][7][safepoint   ] Safepoint "G1CollectForAllocation", Time since last: 981482402 ns, Reaching safepoint: 21962 ns, Cleanup: 49034 ns, At safepoint: 26089279 ns, Total: 26160275 ns
[2024-02-18T10:52:03.319+0000][7][safepoint   ] Safepoint "Cleanup", Time since last: 1000237964 ns, Reaching safepoint: 22182 ns, Cleanup: 51449 ns, At safepoint: 14057 ns, Total: 87688 ns
[2024-02-18T10:52:04.319+0000][7][safepoint   ] Safepoint "Cleanup", Time since last: 1000263914 ns, Reaching safepoint: 17463 ns, Cleanup: 22974 ns, At safepoint: 3887 ns, Total: 44324 ns
[2024-02-18T10:52:05.320+0000][7][safepoint   ] Safepoint "Cleanup", Time since last: 1000342695 ns, Reaching safepoint: 17734 ns, Cleanup: 12964 ns, At safepoint: 3537 ns, Total: 34235 ns
[2024-02-18T10:52:06.320+0000][7][safepoint   ] Safepoint "Cleanup", Time since last: 1000331253 ns, Reaching safepoint: 15299 ns, Cleanup: 35137 ns, At safepoint: 12023 ns, Total: 62459 ns
[2024-02-18T10:52:07.320+0000][7][safepoint   ] Safepoint "Cleanup", Time since last: 1000267210 ns, Reaching safepoint: 20730 ns, Cleanup: 122014 ns, At safepoint: 4178 ns, Total: 146922 ns
[2024-02-18T10:52:08.321+0000][7][safepoint   ] Safepoint "Cleanup", Time since last: 1000406676 ns, Reaching safepoint: 17143 ns, Cleanup: 26050 ns, At safepoint: 3276 ns, Total: 46469 ns
[2024-02-18T10:52:09.321+0000][7][safepoint   ] Safepoint "Cleanup", Time since last: 1000400476 ns, Reaching safepoint: 16782 ns, Cleanup: 22092 ns, At safepoint: 4529 ns, Total: 43403 ns
[2024-02-18T10:52:10.322+0000][7][safepoint   ] Safepoint "Cleanup", Time since last: 1000357663 ns, Reaching safepoint: 15730 ns, Cleanup: 18586 ns, At safepoint: 3306 ns, Total: 37622 ns
[2024-02-18T10:52:11.322+0000][7][safepoint   ] Safepoint "Cleanup", Time since last: 1000257501 ns, Reaching safepoint: 17404 ns, Cleanup: 45216 ns, At safepoint: 3487 ns, Total: 66107 ns
[2024-02-18T10:52:12.323+0000][7][safepoint   ] Safepoint "Cleanup", Time since last: 1000416806 ns, Reaching safepoint: 17023 ns, Cleanup: 46148 ns, At safepoint: 3587 ns, Total: 66758 ns
[2024-02-18T10:52:13.323+0000][7][safepoint   ] Safepoint "Cleanup", Time since last: 1000407629 ns, Reaching safepoint: 17694 ns, Cleanup: 16561 ns, At safepoint: 4138 ns, Total: 38393 ns
[2024-02-18T10:52:14.323+0000][7][safepoint   ] Safepoint "Cleanup", Time since last: 1000378183 ns, Reaching safepoint: 33464 ns, Cleanup: 24737 ns, At safepoint: 3888 ns, Total: 62089 ns
[2024-02-18T10:52:15.324+0000][7][safepoint   ] Safepoint "Cleanup", Time since last: 1000369285 ns, Reaching safepoint: 17022 ns, Cleanup: 22814 ns, At safepoint: 3396 ns, Total: 43232 ns
[2024-02-18T10:52:18.324+0000][7][safepoint   ] Safepoint "Cleanup", Time since last: 3000564346 ns, Reaching safepoint: 14858 ns, Cleanup: 37702 ns, At safepoint: 2585 ns, Total: 55145 ns
[2024-02-18T10:52:19.325+0000][7][safepoint   ] Safepoint "Cleanup", Time since last: 1000369786 ns, Reaching safepoint: 16893 ns, Cleanup: 24777 ns, At safepoint: 3447 ns, Total: 45117 ns
[2024-02-18T10:52:21.325+0000][7][safepoint   ] Safepoint "Cleanup", Time since last: 2000489483 ns, Reaching safepoint: 17364 ns, Cleanup: 20779 ns, At safepoint: 3908 ns, Total: 42051 ns
[2024-02-18T10:52:24.233+0000][7][safepoint   ] Safepoint "Cleanup", Time since last: 2907489217 ns, Reaching safepoint: 8486 ns, Cleanup: 32572 ns, At safepoint: 10941 ns, Total: 51999 ns
[2024-02-18T10:52:25.233+0000][7][safepoint   ] Safepoint "Cleanup", Time since last: 1000357819 ns, Reaching safepoint: 16571 ns, Cleanup: 14728 ns, At safepoint: 3357 ns, Total: 34656 ns
[2024-02-18T10:52:26.234+0000][7][safepoint   ] Safepoint "Cleanup", Time since last: 1000349858 ns, Reaching safepoint: 16101 ns, Cleanup: 12895 ns, At safepoint: 3416 ns, Total: 32412 ns
[2024-02-18T10:52:27.234+0000][7][safepoint   ] Safepoint "Cleanup", Time since last: 1000327706 ns, Reaching safepoint: 17163 ns, Cleanup: 17433 ns, At safepoint: 3757 ns, Total: 38353 ns
[2024-02-18T10:52:30.235+0000][7][safepoint   ] Safepoint "Cleanup", Time since last: 3000571729 ns, Reaching safepoint: 16011 ns, Cleanup: 19988 ns, At safepoint: 12945 ns, Total: 48944 ns
[2024-02-18T10:52:31.235+0000][7][safepoint   ] Safepoint "Cleanup", Time since last: 1000313048 ns, Reaching safepoint: 14347 ns, Cleanup: 57009 ns, At safepoint: 2685 ns, Total: 74041 ns
[2024-02-18T10:52:32.235+0000][7][safepoint   ] Safepoint "Cleanup", Time since last: 1000236251 ns, Reaching safepoint: 17263 ns, Cleanup: 55647 ns, At safepoint: 3647 ns, Total: 76557 ns
[2024-02-18T10:52:33.236+0000][7][safepoint   ] Safepoint "Cleanup", Time since last: 1000422206 ns, Reaching safepoint: 17053 ns, Cleanup: 27923 ns, At safepoint: 3487 ns, Total: 48463 ns
[2024-02-18T10:52:34.236+0000][7][safepoint   ] Safepoint "Cleanup", Time since last: 1000343546 ns, Reaching safepoint: 18025 ns, Cleanup: 12964 ns, At safepoint: 3597 ns, Total: 34586 ns
[2024-02-18T10:52:35.237+0000][7][safepoint   ] Safepoint "Cleanup", Time since last: 1000438528 ns, Reaching safepoint: 18876 ns, Cleanup: 15079 ns, At safepoint: 3577 ns, Total: 37532 ns
[2024-02-18T10:52:36.237+0000][7][safepoint   ] Safepoint "Cleanup", Time since last: 1000414783 ns, Reaching safepoint: 16070 ns, Cleanup: 36190 ns, At safepoint: 3667 ns, Total: 55927 ns
[2024-02-18T10:52:37.238+0000][7][safepoint   ] Safepoint "Cleanup", Time since last: 1000359571 ns, Reaching safepoint: 18104 ns, Cleanup: 15911 ns, At safepoint: 14548 ns, Total: 48563 ns
[2024-02-18T10:52:38.238+0000][7][safepoint   ] Safepoint "Cleanup", Time since last: 1000323834 ns, Reaching safepoint: 17894 ns, Cleanup: 42431 ns, At safepoint: 4098 ns, Total: 64423 ns
[2024-02-18T10:52:39.239+0000][7][safepoint   ] Safepoint "Cleanup", Time since last: 1000475018 ns, Reaching safepoint: 29366 ns, Cleanup: 37742 ns, At safepoint: 3557 ns, Total: 70665 ns
[2024-02-18T10:52:40.239+0000][7][safepoint   ] Safepoint "Cleanup", Time since last: 1000355169 ns, Reaching safepoint: 15048 ns, Cleanup: 56849 ns, At safepoint: 3176 ns, Total: 75073 ns
[2024-02-18T10:52:41.239+0000][7][safepoint   ] Safepoint "Cleanup", Time since last: 1000228817 ns, Reaching safepoint: 16842 ns, Cleanup: 46379 ns, At safepoint: 3727 ns, Total: 66948 ns
[2024-02-18T10:52:42.297+0000][7][safepoint   ] Safepoint "Cleanup", Time since last: 1057809030 ns, Reaching safepoint: 14748 ns, Cleanup: 98819 ns, At safepoint: 3457 ns, Total: 117024 ns
[2024-02-18T10:52:43.297+0000][7][safepoint   ] Safepoint "Cleanup", Time since last: 1000236355 ns, Reaching safepoint: 17674 ns, Cleanup: 25609 ns, At safepoint: 3287 ns, Total: 46570 ns
[2024-02-18T10:52:44.298+0000][7][safepoint   ] Safepoint "Cleanup", Time since last: 1000490517 ns, Reaching safepoint: 18075 ns, Cleanup: 26110 ns, At safepoint: 3947 ns, Total: 48132 ns
[2024-02-18T10:52:45.298+0000][7][safepoint   ] Safepoint "Cleanup", Time since last: 1000379455 ns, Reaching safepoint: 17634 ns, Cleanup: 29587 ns, At safepoint: 3566 ns, Total: 50787 ns
[2024-02-18T10:52:46.299+0000][7][safepoint   ] Safepoint "Cleanup", Time since last: 1000373895 ns, Reaching safepoint: 18174 ns, Cleanup: 13807 ns, At safepoint: 3587 ns, Total: 35568 ns
[2024-02-18T10:52:48.299+0000][7][safepoint   ] Safepoint "Cleanup", Time since last: 2000423843 ns, Reaching safepoint: 15339 ns, Cleanup: 23405 ns, At safepoint: 3767 ns, Total: 42511 ns
[2024-02-18T10:52:49.300+0000][7][safepoint   ] Safepoint "Cleanup", Time since last: 1000328107 ns, Reaching safepoint: 18255 ns, Cleanup: 23966 ns, At safepoint: 3596 ns, Total: 45817 ns
[2024-02-18T10:52:51.300+0000][7][safepoint   ] Safepoint "Cleanup", Time since last: 2000465592 ns, Reaching safepoint: 18325 ns, Cleanup: 61238 ns, At safepoint: 9879 ns, Total: 89442 ns
[2024-02-18T10:52:53.622+0000][7][safepoint   ] Safepoint "Cleanup", Time since last: 2322211540 ns, Reaching safepoint: 7655 ns, Cleanup: 23875 ns, At safepoint: 9559 ns, Total: 41089 ns
[2024-02-18T10:52:54.636+0000][7][safepoint   ] Safepoint "Cleanup", Time since last: 1013166737 ns, Reaching safepoint: 19477 ns, Cleanup: 86686 ns, At safepoint: 3366 ns, Total: 109529 ns
[2024-02-18T10:52:55.636+0000][7][safepoint   ] Safepoint "Cleanup", Time since last: 1000379966 ns, Reaching safepoint: 19357 ns, Cleanup: 13285 ns, At safepoint: 3627 ns, Total: 36269 ns
[2024-02-18T10:52:56.637+0000][7][safepoint   ] Safepoint "Cleanup", Time since last: 1000333923 ns, Reaching safepoint: 18145 ns, Cleanup: 14908 ns, At safepoint: 3687 ns, Total: 36740 ns
[2024-02-18T10:52:57.637+0000][7][safepoint   ] Safepoint "Cleanup", Time since last: 1000341843 ns, Reaching safepoint: 21601 ns, Cleanup: 96084 ns, At safepoint: 3758 ns, Total: 121443 ns
[2024-02-18T10:52:58.637+0000][7][safepoint   ] Safepoint "Cleanup", Time since last: 1000386553 ns, Reaching safepoint: 18515 ns, Cleanup: 30899 ns, At safepoint: 3697 ns, Total: 53111 ns
[2024-02-18T10:53:00.638+0000][7][safepoint   ] Safepoint "Cleanup", Time since last: 2000471314 ns, Reaching safepoint: 18806 ns, Cleanup: 35779 ns, At safepoint: 3687 ns, Total: 58272 ns
[2024-02-18T10:53:01.571+0000][7][gc,start    ] GC(20) Pause Young (Normal) (G1 Evacuation Pause)
[2024-02-18T10:53:01.571+0000][7][gc,task     ] GC(20) Using 12 workers of 13 for evacuation
[2024-02-18T10:53:01.571+0000][7][gc,age      ] GC(20) Desired survivor size 20971520 bytes, new threshold 15 (max threshold 15)
[2024-02-18T10:53:01.580+0000][7][gc,phases   ] GC(20)   Pre Evacuate Collection Set: 0.2ms
[2024-02-18T10:53:01.580+0000][7][gc,phases   ] GC(20)   Merge Heap Roots: 0.1ms
[2024-02-18T10:53:01.580+0000][7][gc,phases   ] GC(20)   Evacuate Collection Set: 7.2ms
[2024-02-18T10:53:01.580+0000][7][gc,phases   ] GC(20)   Post Evacuate Collection Set: 0.7ms
[2024-02-18T10:53:01.580+0000][7][gc,phases   ] GC(20)   Other: 0.3ms
[2024-02-18T10:53:01.580+0000][7][gc,age      ] GC(20) Age table with threshold 15 (max threshold 15)
[2024-02-18T10:53:01.580+0000][7][gc,age      ] GC(20) - age   1:    6213392 bytes,    6213392 total
[2024-02-18T10:53:01.581+0000][7][gc,age      ] GC(20) - age   2:    6503616 bytes,   12717008 total
[2024-02-18T10:53:01.581+0000][7][gc,heap     ] GC(20) Eden regions: 72->0(72)
[2024-02-18T10:53:01.581+0000][7][gc,heap     ] GC(20) Survivor regions: 4->4(10)
[2024-02-18T10:53:01.581+0000][7][gc,heap     ] GC(20) Old regions: 29->29
[2024-02-18T10:53:01.581+0000][7][gc,heap     ] GC(20) Humongous regions: 2->2
[2024-02-18T10:53:01.581+0000][7][gc,metaspace] GC(20) Metaspace: 116277K(119296K)->116277K(119296K) NonClass: 100461K(102144K)->100461K(102144K) Class: 15816K(17152K)->15816K(17152K)
[2024-02-18T10:53:01.581+0000][7][gc          ] GC(20) Pause Young (Normal) (G1 Evacuation Pause) 423M->134M(512M) 10.298ms
[2024-02-18T10:53:01.581+0000][7][gc,cpu      ] GC(20) User=0.04s Sys=0.00s Real=0.01s
[2024-02-18T10:53:01.582+0000][7][safepoint   ] Safepoint "G1CollectForAllocation", Time since last: 932986361 ns, Reaching safepoint: 14257 ns, Cleanup: 27222 ns, At safepoint: 10567295 ns, Total: 10608774 ns
[2024-02-18T10:53:02.596+0000][7][safepoint   ] Safepoint "Cleanup", Time since last: 1014510825 ns, Reaching safepoint: 16903 ns, Cleanup: 81866 ns, At safepoint: 23305 ns, Total: 122074 ns
[2024-02-18T10:53:03.597+0000][7][safepoint   ] Safepoint "Cleanup", Time since last: 1000292779 ns, Reaching safepoint: 33765 ns, Cleanup: 113197 ns, At safepoint: 3747 ns, Total: 150709 ns
[2024-02-18T10:53:04.597+0000][7][safepoint   ] Safepoint "Cleanup", Time since last: 1000390847 ns, Reaching safepoint: 17764 ns, Cleanup: 11973 ns, At safepoint: 3306 ns, Total: 33043 ns
[2024-02-18T10:53:05.597+0000][7][safepoint   ] Safepoint "Cleanup", Time since last: 1000341763 ns, Reaching safepoint: 27602 ns, Cleanup: 19538 ns, At safepoint: 3817 ns, Total: 50957 ns
[2024-02-18T10:53:06.598+0000][7][safepoint   ] Safepoint "Cleanup", Time since last: 1000393788 ns, Reaching safepoint: 16431 ns, Cleanup: 54264 ns, At safepoint: 11703 ns, Total: 82398 ns
[2024-02-18T10:53:07.598+0000][7][safepoint   ] Safepoint "Cleanup", Time since last: 1000293755 ns, Reaching safepoint: 32723 ns, Cleanup: 44795 ns, At safepoint: 4379 ns, Total: 81897 ns
[2024-02-18T10:53:11.599+0000][7][safepoint   ] Safepoint "Cleanup", Time since last: 4000790996 ns, Reaching safepoint: 42422 ns, Cleanup: 29005 ns, At safepoint: 3667 ns, Total: 75094 ns
[2024-02-18T10:53:12.600+0000][7][safepoint   ] Safepoint "Cleanup", Time since last: 1000362452 ns, Reaching safepoint: 19217 ns, Cleanup: 74793 ns, At safepoint: 3777 ns, Total: 97787 ns
[2024-02-18T10:53:15.600+0000][7][safepoint   ] Safepoint "Cleanup", Time since last: 3000562742 ns, Reaching safepoint: 18806 ns, Cleanup: 12615 ns, At safepoint: 3897 ns, Total: 35318 ns
[2024-02-18T10:53:16.601+0000][7][safepoint   ] Safepoint "Cleanup", Time since last: 1000398331 ns, Reaching safepoint: 22052 ns, Cleanup: 14237 ns, At safepoint: 3507 ns, Total: 39796 ns
[2024-02-18T10:53:18.601+0000][7][safepoint   ] Safepoint "Cleanup", Time since last: 2000513430 ns, Reaching safepoint: 17814 ns, Cleanup: 56879 ns, At safepoint: 3848 ns, Total: 78541 ns
[2024-02-18T10:53:19.602+0000][7][safepoint   ] Safepoint "Cleanup", Time since last: 1000432431 ns, Reaching safepoint: 46278 ns, Cleanup: 36530 ns, At safepoint: 6312 ns, Total: 89120 ns
[2024-02-18T10:53:20.603+0000][7][safepoint   ] Safepoint "Cleanup", Time since last: 1000701397 ns, Reaching safepoint: 18515 ns, Cleanup: 18115 ns, At safepoint: 3647 ns, Total: 40277 ns
[2024-02-18T10:53:21.603+0000][7][safepoint   ] Safepoint "Cleanup", Time since last: 1000388262 ns, Reaching safepoint: 19166 ns, Cleanup: 34507 ns, At safepoint: 3667 ns, Total: 57340 ns
[2024-02-18T10:53:24.254+0000][7][safepoint   ] Safepoint "Cleanup", Time since last: 2651358332 ns, Reaching safepoint: 11913 ns, Cleanup: 18736 ns, At safepoint: 31285 ns, Total: 61934 ns
[2024-02-18T10:53:25.255+0000][7][safepoint   ] Safepoint "Cleanup", Time since last: 1000431735 ns, Reaching safepoint: 16130 ns, Cleanup: 9569 ns, At safepoint: 2745 ns, Total: 28444 ns
[2024-02-18T10:53:26.255+0000][7][safepoint   ] Safepoint "Cleanup", Time since last: 1000220120 ns, Reaching safepoint: 18886 ns, Cleanup: 20389 ns, At safepoint: 3276 ns, Total: 42551 ns
[2024-02-18T10:53:27.256+0000][7][safepoint   ] Safepoint "Cleanup", Time since last: 1000351942 ns, Reaching safepoint: 19267 ns, Cleanup: 18506 ns, At safepoint: 3526 ns, Total: 41299 ns
[2024-02-18T10:53:29.256+0000][7][safepoint   ] Safepoint "Cleanup", Time since last: 2000443406 ns, Reaching safepoint: 35127 ns, Cleanup: 13877 ns, At safepoint: 3967 ns, Total: 52971 ns
[2024-02-18T10:53:30.256+0000][7][safepoint   ] Safepoint "Cleanup", Time since last: 1000357308 ns, Reaching safepoint: 18495 ns, Cleanup: 21501 ns, At safepoint: 4028 ns, Total: 44024 ns
[2024-02-18T10:53:31.257+0000][7][safepoint   ] Safepoint "Cleanup", Time since last: 1000278186 ns, Reaching safepoint: 18595 ns, Cleanup: 50507 ns, At safepoint: 7564 ns, Total: 76666 ns
[2024-02-18T10:53:32.257+0000][7][safepoint   ] Safepoint "Cleanup", Time since last: 1000430713 ns, Reaching safepoint: 24868 ns, Cleanup: 29837 ns, At safepoint: 6031 ns, Total: 60736 ns
[2024-02-18T10:53:33.258+0000][7][safepoint   ] Safepoint "Cleanup", Time since last: 1000434481 ns, Reaching safepoint: 19327 ns, Cleanup: 18104 ns, At safepoint: 3647 ns, Total: 41078 ns
[2024-02-18T10:53:34.258+0000][7][safepoint   ] Safepoint "Cleanup", Time since last: 1000371109 ns, Reaching safepoint: 18275 ns, Cleanup: 12414 ns, At safepoint: 3547 ns, Total: 34236 ns
[2024-02-18T10:53:36.509+0000][7][safepoint   ] Safepoint "Cleanup", Time since last: 2250856003 ns, Reaching safepoint: 53081 ns, Cleanup: 43494 ns, At safepoint: 6161 ns, Total: 102736 ns
[2024-02-18T10:53:37.510+0000][7][safepoint   ] Safepoint "Cleanup", Time since last: 1000485789 ns, Reaching safepoint: 34676 ns, Cleanup: 30058 ns, At safepoint: 5901 ns, Total: 70635 ns
[2024-02-18T10:53:38.510+0000][7][safepoint   ] Safepoint "Cleanup", Time since last: 1000458982 ns, Reaching safepoint: 23045 ns, Cleanup: 20569 ns, At safepoint: 3707 ns, Total: 47321 ns
[2024-02-18T10:53:39.511+0000][7][safepoint   ] Safepoint "Cleanup", Time since last: 1000382501 ns, Reaching safepoint: 17934 ns, Cleanup: 49385 ns, At safepoint: 4037 ns, Total: 71356 ns
[2024-02-18T10:53:41.511+0000][7][safepoint   ] Safepoint "Cleanup", Time since last: 2000470091 ns, Reaching safepoint: 42191 ns, Cleanup: 30879 ns, At safepoint: 4058 ns, Total: 77128 ns
[2024-02-18T10:53:42.512+0000][7][safepoint   ] Safepoint "Cleanup", Time since last: 1000369321 ns, Reaching safepoint: 18676 ns, Cleanup: 78961 ns, At safepoint: 4458 ns, Total: 102095 ns
[2024-02-18T10:53:43.512+0000][7][safepoint   ] Safepoint "Cleanup", Time since last: 1000388412 ns, Reaching safepoint: 17694 ns, Cleanup: 18355 ns, At safepoint: 3778 ns, Total: 39827 ns
[2024-02-18T10:53:44.513+0000][7][safepoint   ] Safepoint "Cleanup", Time since last: 1000438688 ns, Reaching safepoint: 17453 ns, Cleanup: 21932 ns, At safepoint: 3758 ns, Total: 43143 ns
[2024-02-18T10:53:45.513+0000][7][safepoint   ] Safepoint "Cleanup", Time since last: 1000368143 ns, Reaching safepoint: 18134 ns, Cleanup: 24798 ns, At safepoint: 3076 ns, Total: 46008 ns
[2024-02-18T10:53:46.513+0000][7][safepoint   ] Safepoint "Cleanup", Time since last: 1000334954 ns, Reaching safepoint: 18045 ns, Cleanup: 17253 ns, At safepoint: 3256 ns, Total: 38554 ns
[2024-02-18T10:53:47.514+0000][7][safepoint   ] Safepoint "Cleanup", Time since last: 1000372937 ns, Reaching safepoint: 16602 ns, Cleanup: 12855 ns, At safepoint: 3016 ns, Total: 32473 ns
[2024-02-18T10:53:48.514+0000][7][safepoint   ] Safepoint "Cleanup", Time since last: 1000339117 ns, Reaching safepoint: 19167 ns, Cleanup: 19868 ns, At safepoint: 3727 ns, Total: 42762 ns
[2024-02-18T10:53:49.515+0000][7][safepoint   ] Safepoint "Cleanup", Time since last: 1000358254 ns, Reaching safepoint: 17714 ns, Cleanup: 18055 ns, At safepoint: 3266 ns, Total: 39035 ns
[2024-02-18T10:53:51.515+0000][7][safepoint   ] Safepoint "Cleanup", Time since last: 2000424038 ns, Reaching safepoint: 18556 ns, Cleanup: 68761 ns, At safepoint: 4209 ns, Total: 91526 ns
[2024-02-18T10:53:54.516+0000][7][safepoint   ] Safepoint "Cleanup", Time since last: 3000531796 ns, Reaching safepoint: 18546 ns, Cleanup: 71356 ns, At safepoint: 3517 ns, Total: 93419 ns
[2024-02-18T10:53:55.517+0000][7][safepoint   ] Safepoint "Cleanup", Time since last: 1000335496 ns, Reaching safepoint: 18505 ns, Cleanup: 14107 ns, At safepoint: 3597 ns, Total: 36209 ns
[2024-02-18T10:53:57.517+0000][7][safepoint   ] Safepoint "Cleanup", Time since last: 2000495576 ns, Reaching safepoint: 18826 ns, Cleanup: 18735 ns, At safepoint: 2986 ns, Total: 40547 ns
[2024-02-18T10:54:00.518+0000][7][safepoint   ] Safepoint "Cleanup", Time since last: 3000532458 ns, Reaching safepoint: 25509 ns, Cleanup: 50286 ns, At safepoint: 12584 ns, Total: 88379 ns
[2024-02-18T10:54:01.518+0000][7][safepoint   ] Safepoint "Cleanup", Time since last: 1000275512 ns, Reaching safepoint: 17984 ns, Cleanup: 29076 ns, At safepoint: 3647 ns, Total: 50707 ns
[2024-02-18T10:54:03.519+0000][7][safepoint   ] Safepoint "Cleanup", Time since last: 2000415963 ns, Reaching safepoint: 18335 ns, Cleanup: 15530 ns, At safepoint: 3016 ns, Total: 36881 ns
[2024-02-18T10:54:06.520+0000][7][safepoint   ] Safepoint "Cleanup", Time since last: 3000597242 ns, Reaching safepoint: 17924 ns, Cleanup: 53693 ns, At safepoint: 3356 ns, Total: 74973 ns
[2024-02-18T10:54:06.641+0000][7][gc,start    ] GC(21) Pause Young (Normal) (G1 Evacuation Pause)
[2024-02-18T10:54:06.642+0000][7][gc,task     ] GC(21) Using 12 workers of 13 for evacuation
[2024-02-18T10:54:06.642+0000][7][gc,age      ] GC(21) Desired survivor size 20971520 bytes, new threshold 15 (max threshold 15)
[2024-02-18T10:54:06.651+0000][7][gc,phases   ] GC(21)   Pre Evacuate Collection Set: 0.2ms
[2024-02-18T10:54:06.652+0000][7][gc,phases   ] GC(21)   Merge Heap Roots: 0.1ms
[2024-02-18T10:54:06.652+0000][7][gc,phases   ] GC(21)   Evacuate Collection Set: 8.6ms
[2024-02-18T10:54:06.652+0000][7][gc,phases   ] GC(21)   Post Evacuate Collection Set: 0.7ms
[2024-02-18T10:54:06.652+0000][7][gc,phases   ] GC(21)   Other: 0.3ms
[2024-02-18T10:54:06.652+0000][7][gc,age      ] GC(21) Age table with threshold 15 (max threshold 15)
[2024-02-18T10:54:06.652+0000][7][gc,age      ] GC(21) - age   1:    5669720 bytes,    5669720 total
[2024-02-18T10:54:06.652+0000][7][gc,age      ] GC(21) - age   2:    1673096 bytes,    7342816 total
[2024-02-18T10:54:06.652+0000][7][gc,age      ] GC(21) - age   3:    6488024 bytes,   13830840 total
[2024-02-18T10:54:06.653+0000][7][gc,heap     ] GC(21) Eden regions: 72->0(72)
[2024-02-18T10:54:06.653+0000][7][gc,heap     ] GC(21) Survivor regions: 4->4(10)
[2024-02-18T10:54:06.653+0000][7][gc,heap     ] GC(21) Old regions: 29->29
[2024-02-18T10:54:06.653+0000][7][gc,heap     ] GC(21) Humongous regions: 2->2
[2024-02-18T10:54:06.653+0000][7][gc,metaspace] GC(21) Metaspace: 116967K(119936K)->116967K(119936K) NonClass: 101151K(102784K)->101151K(102784K) Class: 15816K(17152K)->15816K(17152K)
[2024-02-18T10:54:06.653+0000][7][gc          ] GC(21) Pause Young (Normal) (G1 Evacuation Pause) 422M->135M(512M) 11.588ms
[2024-02-18T10:54:06.653+0000][7][gc,cpu      ] GC(21) User=0.05s Sys=0.00s Real=0.01s
[2024-02-18T10:54:06.653+0000][7][safepoint   ] Safepoint "G1CollectForAllocation", Time since last: 121844861 ns, Reaching safepoint: 14057 ns, Cleanup: 2385 ns, At safepoint: 11873276 ns, Total: 11889718 ns
[2024-02-18T10:54:07.654+0000][7][safepoint   ] Safepoint "Cleanup", Time since last: 1000210085 ns, Reaching safepoint: 19728 ns, Cleanup: 34646 ns, At safepoint: 3497 ns, Total: 57871 ns
[2024-02-18T10:54:08.654+0000][7][safepoint   ] Safepoint "Cleanup", Time since last: 1000342068 ns, Reaching safepoint: 17624 ns, Cleanup: 19197 ns, At safepoint: 3497 ns, Total: 40318 ns
[2024-02-18T10:54:11.655+0000][7][safepoint   ] Safepoint "Cleanup", Time since last: 3000556710 ns, Reaching safepoint: 35889 ns, Cleanup: 15870 ns, At safepoint: 3667 ns, Total: 55426 ns
[2024-02-18T10:54:12.655+0000][7][safepoint   ] Safepoint "Cleanup", Time since last: 1000440281 ns, Reaching safepoint: 18907 ns, Cleanup: 18255 ns, At safepoint: 4037 ns, Total: 41199 ns
[2024-02-18T10:54:13.655+0000][7][safepoint   ] Safepoint "Cleanup", Time since last: 1000379766 ns, Reaching safepoint: 18285 ns, Cleanup: 15239 ns, At safepoint: 3456 ns, Total: 36980 ns
[2024-02-18T10:54:15.656+0000][7][safepoint   ] Safepoint "Cleanup", Time since last: 2000410082 ns, Reaching safepoint: 17463 ns, Cleanup: 46920 ns, At safepoint: 19868 ns, Total: 84251 ns
[2024-02-18T10:54:16.656+0000][7][safepoint   ] Safepoint "Cleanup", Time since last: 1000248729 ns, Reaching safepoint: 20229 ns, Cleanup: 33905 ns, At safepoint: 3817 ns, Total: 57951 ns
[2024-02-18T10:54:17.657+0000][7][safepoint   ] Safepoint "Cleanup", Time since last: 1000399184 ns, Reaching safepoint: 27753 ns, Cleanup: 27773 ns, At safepoint: 4809 ns, Total: 60335 ns
[2024-02-18T10:54:18.657+0000][7][safepoint   ] Safepoint "Cleanup", Time since last: 1000381618 ns, Reaching safepoint: 19287 ns, Cleanup: 18475 ns, At safepoint: 3236 ns, Total: 40998 ns
[2024-02-18T10:54:20.658+0000][7][safepoint   ] Safepoint "Cleanup", Time since last: 2000442274 ns, Reaching safepoint: 17423 ns, Cleanup: 9990 ns, At safepoint: 3556 ns, Total: 30969 ns
[2024-02-18T10:54:21.658+0000][7][safepoint   ] Safepoint "Cleanup", Time since last: 1000360695 ns, Reaching safepoint: 18936 ns, Cleanup: 34306 ns, At safepoint: 3606 ns, Total: 56848 ns
[2024-02-18T10:54:24.277+0000][7][safepoint   ] Safepoint "Cleanup", Time since last: 2619019179 ns, Reaching safepoint: 8646 ns, Cleanup: 9068 ns, At safepoint: 11021 ns, Total: 28735 ns
[2024-02-18T10:54:27.277+0000][7][safepoint   ] Safepoint "Cleanup", Time since last: 3000518311 ns, Reaching safepoint: 18696 ns, Cleanup: 17804 ns, At safepoint: 3426 ns, Total: 39926 ns
[2024-02-18T10:54:28.277+0000][7][safepoint   ] Safepoint "Cleanup", Time since last: 1000366416 ns, Reaching safepoint: 18685 ns, Cleanup: 12905 ns, At safepoint: 3547 ns, Total: 35137 ns
[2024-02-18T10:54:30.278+0000][7][safepoint   ] Safepoint "Cleanup", Time since last: 2000471589 ns, Reaching safepoint: 16512 ns, Cleanup: 21812 ns, At safepoint: 2825 ns, Total: 41149 ns
[2024-02-18T10:54:31.278+0000][7][safepoint   ] Safepoint "Cleanup", Time since last: 1000340560 ns, Reaching safepoint: 17674 ns, Cleanup: 28475 ns, At safepoint: 3296 ns, Total: 49445 ns
[2024-02-18T10:54:32.278+0000][7][safepoint   ] Safepoint "Cleanup", Time since last: 1000392540 ns, Reaching safepoint: 18064 ns, Cleanup: 35689 ns, At safepoint: 3136 ns, Total: 56889 ns
[2024-02-18T10:54:33.279+0000][7][safepoint   ] Safepoint "Cleanup", Time since last: 1000372792 ns, Reaching safepoint: 19607 ns, Cleanup: 25349 ns, At safepoint: 3346 ns, Total: 48302 ns
[2024-02-18T10:54:34.279+0000][7][safepoint   ] Safepoint "Cleanup", Time since last: 1000325672 ns, Reaching safepoint: 19447 ns, Cleanup: 21562 ns, At safepoint: 3456 ns, Total: 44465 ns
[2024-02-18T10:54:36.280+0000][7][safepoint   ] Safepoint "Cleanup", Time since last: 2000503134 ns, Reaching safepoint: 21491 ns, Cleanup: 27112 ns, At safepoint: 4368 ns, Total: 52971 ns
[2024-02-18T10:54:37.280+0000][7][safepoint   ] Safepoint "Cleanup", Time since last: 1000309427 ns, Reaching safepoint: 15430 ns, Cleanup: 14097 ns, At safepoint: 3386 ns, Total: 32913 ns
[2024-02-18T10:54:39.281+0000][7][safepoint   ] Safepoint "Cleanup", Time since last: 2000384893 ns, Reaching safepoint: 18626 ns, Cleanup: 15680 ns, At safepoint: 3517 ns, Total: 37823 ns
[2024-02-18T10:54:40.281+0000][7][safepoint   ] Safepoint "Cleanup", Time since last: 1000399012 ns, Reaching safepoint: 28114 ns, Cleanup: 23234 ns, At safepoint: 3237 ns, Total: 54585 ns
[2024-02-18T10:54:41.281+0000][7][safepoint   ] Safepoint "Cleanup", Time since last: 1000362843 ns, Reaching safepoint: 30187 ns, Cleanup: 10841 ns, At safepoint: 2715 ns, Total: 43743 ns
[2024-02-18T10:54:42.282+0000][7][safepoint   ] Safepoint "Cleanup", Time since last: 1000211443 ns, Reaching safepoint: 17814 ns, Cleanup: 18556 ns, At safepoint: 3717 ns, Total: 40087 ns
[2024-02-18T10:54:43.282+0000][7][safepoint   ] Safepoint "Cleanup", Time since last: 1000356200 ns, Reaching safepoint: 18686 ns, Cleanup: 16101 ns, At safepoint: 3958 ns, Total: 38745 ns
[2024-02-18T10:54:44.283+0000][7][safepoint   ] Safepoint "Cleanup", Time since last: 1000438051 ns, Reaching safepoint: 23926 ns, Cleanup: 25719 ns, At safepoint: 4529 ns, Total: 54174 ns
[2024-02-18T10:54:45.283+0000][7][safepoint   ] Safepoint "Cleanup", Time since last: 1000361045 ns, Reaching safepoint: 18275 ns, Cleanup: 13456 ns, At safepoint: 3346 ns, Total: 35077 ns
[2024-02-18T10:54:48.283+0000][7][safepoint   ] Safepoint "Cleanup", Time since last: 3000513237 ns, Reaching safepoint: 15229 ns, Cleanup: 25209 ns, At safepoint: 3506 ns, Total: 43944 ns
[2024-02-18T10:54:49.284+0000][7][safepoint   ] Safepoint "Cleanup", Time since last: 1000280776 ns, Reaching safepoint: 19568 ns, Cleanup: 14968 ns, At safepoint: 3627 ns, Total: 38163 ns
[2024-02-18T10:54:51.284+0000][7][safepoint   ] Safepoint "Cleanup", Time since last: 2000536058 ns, Reaching safepoint: 18886 ns, Cleanup: 75384 ns, At safepoint: 4499 ns, Total: 98769 ns
[2024-02-18T10:54:54.285+0000][7][safepoint   ] Safepoint "Cleanup", Time since last: 3000551099 ns, Reaching safepoint: 19668 ns, Cleanup: 52180 ns, At safepoint: 3416 ns, Total: 75264 ns
[2024-02-18T10:54:55.286+0000][7][safepoint   ] Safepoint "Cleanup", Time since last: 1000391669 ns, Reaching safepoint: 15800 ns, Cleanup: 31831 ns, At safepoint: 3106 ns, Total: 50737 ns
[2024-02-18T10:54:56.286+0000][7][safepoint   ] Safepoint "Cleanup", Time since last: 1000242417 ns, Reaching safepoint: 16923 ns, Cleanup: 15359 ns, At safepoint: 3296 ns, Total: 35578 ns
[2024-02-18T10:54:57.286+0000][7][safepoint   ] Safepoint "Cleanup", Time since last: 1000354998 ns, Reaching safepoint: 17103 ns, Cleanup: 19578 ns, At safepoint: 2915 ns, Total: 39596 ns
[2024-02-18T10:55:00.287+0000][7][safepoint   ] Safepoint "Cleanup", Time since last: 3000517681 ns, Reaching safepoint: 15058 ns, Cleanup: 43073 ns, At safepoint: 2725 ns, Total: 60856 ns
[2024-02-18T10:55:01.287+0000][7][safepoint   ] Safepoint "Cleanup", Time since last: 1000258784 ns, Reaching safepoint: 53363 ns, Cleanup: 46088 ns, At safepoint: 7815 ns, Total: 107266 ns
[2024-02-18T10:55:01.868+0000][7][gc,start    ] GC(22) Pause Young (Normal) (G1 Evacuation Pause)
[2024-02-18T10:55:01.868+0000][7][gc,task     ] GC(22) Using 12 workers of 13 for evacuation
[2024-02-18T10:55:01.868+0000][7][gc,age      ] GC(22) Desired survivor size 20971520 bytes, new threshold 15 (max threshold 15)
[2024-02-18T10:55:01.883+0000][7][gc,phases   ] GC(22)   Pre Evacuate Collection Set: 0.3ms
[2024-02-18T10:55:01.883+0000][7][gc,phases   ] GC(22)   Merge Heap Roots: 0.1ms
[2024-02-18T10:55:01.883+0000][7][gc,phases   ] GC(22)   Evacuate Collection Set: 11.3ms
[2024-02-18T10:55:01.883+0000][7][gc,phases   ] GC(22)   Post Evacuate Collection Set: 2.9ms
[2024-02-18T10:55:01.884+0000][7][gc,phases   ] GC(22)   Other: 0.4ms
[2024-02-18T10:55:01.884+0000][7][gc,age      ] GC(22) Age table with threshold 15 (max threshold 15)
[2024-02-18T10:55:01.884+0000][7][gc,age      ] GC(22) - age   1:    2588776 bytes,    2588776 total
[2024-02-18T10:55:01.884+0000][7][gc,age      ] GC(22) - age   2:     416016 bytes,    3004792 total
[2024-02-18T10:55:01.884+0000][7][gc,age      ] GC(22) - age   3:    1663640 bytes,    4668432 total
[2024-02-18T10:55:01.885+0000][7][gc,age      ] GC(22) - age   4:    6487016 bytes,   11155448 total
[2024-02-18T10:55:01.885+0000][7][gc,heap     ] GC(22) Eden regions: 72->0(72)
[2024-02-18T10:55:01.885+0000][7][gc,heap     ] GC(22) Survivor regions: 4->4(10)
[2024-02-18T10:55:01.885+0000][7][gc,heap     ] GC(22) Old regions: 29->29
[2024-02-18T10:55:01.885+0000][7][gc,heap     ] GC(22) Humongous regions: 2->2
[2024-02-18T10:55:01.885+0000][7][gc,metaspace] GC(22) Metaspace: 117381K(120448K)->117381K(120448K) NonClass: 101536K(103232K)->101536K(103232K) Class: 15845K(17216K)->15845K(17216K)
[2024-02-18T10:55:01.886+0000][7][gc          ] GC(22) Pause Young (Normal) (G1 Evacuation Pause) 423M->132M(512M) 17.892ms
[2024-02-18T10:55:01.886+0000][7][gc,cpu      ] GC(22) User=0.06s Sys=0.00s Real=0.01s
[2024-02-18T10:55:01.886+0000][7][safepoint   ] Safepoint "G1CollectForAllocation", Time since last: 580413900 ns, Reaching safepoint: 24166 ns, Cleanup: 19417 ns, At safepoint: 18542697 ns, Total: 18586280 ns
[2024-02-18T10:55:02.888+0000][7][safepoint   ] Safepoint "Cleanup", Time since last: 1001328351 ns, Reaching safepoint: 17613 ns, Cleanup: 35769 ns, At safepoint: 3136 ns, Total: 56518 ns
[2024-02-18T10:55:03.888+0000][7][safepoint   ] Safepoint "Cleanup", Time since last: 1000408731 ns, Reaching safepoint: 29928 ns, Cleanup: 30418 ns, At safepoint: 13666 ns, Total: 74012 ns
[2024-02-18T10:55:06.889+0000][7][safepoint   ] Safepoint "Cleanup", Time since last: 3000514801 ns, Reaching safepoint: 30909 ns, Cleanup: 26831 ns, At safepoint: 5190 ns, Total: 62930 ns
[2024-02-18T10:55:07.889+0000][7][safepoint   ] Safepoint "Cleanup", Time since last: 1000381474 ns, Reaching safepoint: 36299 ns, Cleanup: 30148 ns, At safepoint: 6653 ns, Total: 73100 ns
[2024-02-18T10:55:08.890+0000][7][safepoint   ] Safepoint "Cleanup", Time since last: 1000644677 ns, Reaching safepoint: 20539 ns, Cleanup: 29186 ns, At safepoint: 4098 ns, Total: 53823 ns
[2024-02-18T10:55:09.890+0000][7][safepoint   ] Safepoint "Cleanup", Time since last: 1000368785 ns, Reaching safepoint: 18766 ns, Cleanup: 13596 ns, At safepoint: 3487 ns, Total: 35849 ns
[2024-02-18T10:55:11.891+0000][7][safepoint   ] Safepoint "Cleanup", Time since last: 2000476177 ns, Reaching safepoint: 42691 ns, Cleanup: 18155 ns, At safepoint: 3737 ns, Total: 64583 ns
[2024-02-18T10:55:12.891+0000][7][safepoint   ] Safepoint "Cleanup", Time since last: 1000337746 ns, Reaching safepoint: 19147 ns, Cleanup: 27182 ns, At safepoint: 3136 ns, Total: 49465 ns
[2024-02-18T10:55:14.892+0000][7][safepoint   ] Safepoint "Cleanup", Time since last: 2000430980 ns, Reaching safepoint: 19869 ns, Cleanup: 13676 ns, At safepoint: 3577 ns, Total: 37122 ns
[2024-02-18T10:55:15.892+0000][7][safepoint   ] Safepoint "Cleanup", Time since last: 1000432722 ns, Reaching safepoint: 21040 ns, Cleanup: 13245 ns, At safepoint: 3106 ns, Total: 37391 ns
[2024-02-18T10:55:16.892+0000][7][safepoint   ] Safepoint "Cleanup", Time since last: 1000355464 ns, Reaching safepoint: 23495 ns, Cleanup: 30949 ns, At safepoint: 3918 ns, Total: 58362 ns
[2024-02-18T10:55:17.893+0000][7][safepoint   ] Safepoint "Cleanup", Time since last: 1000360439 ns, Reaching safepoint: 19498 ns, Cleanup: 12854 ns, At safepoint: 3617 ns, Total: 35969 ns
[2024-02-18T10:55:18.893+0000][7][safepoint   ] Safepoint "Cleanup", Time since last: 1000345860 ns, Reaching safepoint: 17093 ns, Cleanup: 45106 ns, At safepoint: 3327 ns, Total: 65526 ns
[2024-02-18T10:55:19.894+0000][7][safepoint   ] Safepoint "Cleanup", Time since last: 1000245899 ns, Reaching safepoint: 19047 ns, Cleanup: 13846 ns, At safepoint: 3607 ns, Total: 36500 ns
[2024-02-18T10:55:21.894+0000][7][safepoint   ] Safepoint "Cleanup", Time since last: 2000488882 ns, Reaching safepoint: 18806 ns, Cleanup: 19939 ns, At safepoint: 3737 ns, Total: 42482 ns
[2024-02-18T10:55:24.298+0000][7][safepoint   ] Safepoint "Cleanup", Time since last: 2403864230 ns, Reaching safepoint: 11192 ns, Cleanup: 19377 ns, At safepoint: 11662 ns, Total: 42231 ns
[2024-02-18T10:55:25.298+0000][7][safepoint   ] Safepoint "Cleanup", Time since last: 1000402999 ns, Reaching safepoint: 19397 ns, Cleanup: 13175 ns, At safepoint: 3858 ns, Total: 36430 ns
[2024-02-18T10:55:27.299+0000][7][safepoint   ] Safepoint "Cleanup", Time since last: 2000437223 ns, Reaching safepoint: 20219 ns, Cleanup: 16652 ns, At safepoint: 3947 ns, Total: 40818 ns
[2024-02-18T10:55:30.300+0000][7][safepoint   ] Safepoint "Cleanup", Time since last: 3000547508 ns, Reaching safepoint: 20168 ns, Cleanup: 16091 ns, At safepoint: 27683 ns, Total: 63942 ns
[2024-02-18T10:55:31.135+0000][7][gc,start    ] GC(23) Pause Young (Concurrent Start) (CodeCache GC Threshold)
[2024-02-18T10:55:31.135+0000][7][gc,task     ] GC(23) Using 12 workers of 13 for evacuation
[2024-02-18T10:55:31.135+0000][7][gc,age      ] GC(23) Desired survivor size 20971520 bytes, new threshold 15 (max threshold 15)
[2024-02-18T10:55:31.145+0000][7][gc,phases   ] GC(23)   Pre Evacuate Collection Set: 0.2ms
[2024-02-18T10:55:31.146+0000][7][gc,phases   ] GC(23)   Merge Heap Roots: 0.1ms
[2024-02-18T10:55:31.146+0000][7][gc,phases   ] GC(23)   Evacuate Collection Set: 8.9ms
[2024-02-18T10:55:31.146+0000][7][gc,phases   ] GC(23)   Post Evacuate Collection Set: 0.7ms
[2024-02-18T10:55:31.146+0000][7][gc,phases   ] GC(23)   Other: 0.4ms
[2024-02-18T10:55:31.146+0000][7][gc,age      ] GC(23) Age table with threshold 15 (max threshold 15)
[2024-02-18T10:55:31.146+0000][7][gc,age      ] GC(23) - age   1:    1249616 bytes,    1249616 total
[2024-02-18T10:55:31.146+0000][7][gc,age      ] GC(23) - age   2:     488376 bytes,    1737992 total
[2024-02-18T10:55:31.146+0000][7][gc,age      ] GC(23) - age   3:     244184 bytes,    1982176 total
[2024-02-18T10:55:31.146+0000][7][gc,age      ] GC(23) - age   4:    1367424 bytes,    3349600 total
[2024-02-18T10:55:31.147+0000][7][gc,age      ] GC(23) - age   5:    6486288 bytes,    9835888 total
[2024-02-18T10:55:31.147+0000][7][gc,heap     ] GC(23) Eden regions: 38->0(73)
[2024-02-18T10:55:31.147+0000][7][gc,heap     ] GC(23) Survivor regions: 4->3(10)
[2024-02-18T10:55:31.147+0000][7][gc,heap     ] GC(23) Old regions: 29->29
[2024-02-18T10:55:31.147+0000][7][gc,heap     ] GC(23) Humongous regions: 2->2
[2024-02-18T10:55:31.147+0000][7][gc,metaspace] GC(23) Metaspace: 117741K(120768K)->117741K(120768K) NonClass: 101896K(103552K)->101896K(103552K) Class: 15845K(17216K)->15845K(17216K)
[2024-02-18T10:55:31.147+0000][7][gc          ] GC(23) Pause Young (Concurrent Start) (CodeCache GC Threshold) 282M->131M(512M) 12.153ms
[2024-02-18T10:55:31.147+0000][7][gc          ] GC(24) Concurrent Mark Cycle
[2024-02-18T10:55:31.147+0000][7][gc,marking  ] GC(24) Concurrent Scan Root Regions
[2024-02-18T10:55:31.147+0000][7][gc,cpu      ] GC(23) User=0.02s Sys=0.02s Real=0.02s
[2024-02-18T10:55:31.149+0000][7][safepoint   ] Safepoint "G1TryInitiateConcMark", Time since last: 835378743 ns, Reaching safepoint: 15360 ns, Cleanup: 12033 ns, At safepoint: 14313595 ns, Total: 14340988 ns
[2024-02-18T10:55:31.149+0000][7][gc,marking  ] GC(24) Concurrent Scan Root Regions 2.047ms
[2024-02-18T10:55:31.150+0000][7][gc,marking  ] GC(24) Concurrent Mark
[2024-02-18T10:55:31.150+0000][7][gc,marking  ] GC(24) Concurrent Mark From Roots
[2024-02-18T10:55:31.150+0000][7][gc,task     ] GC(24) Using 3 workers of 3 for marking
[2024-02-18T10:55:31.184+0000][7][gc,marking  ] GC(24) Concurrent Mark From Roots 34.681ms
[2024-02-18T10:55:31.184+0000][7][gc,marking  ] GC(24) Concurrent Preclean
[2024-02-18T10:55:31.185+0000][7][gc,marking  ] GC(24) Concurrent Preclean 0.191ms
[2024-02-18T10:55:31.185+0000][7][gc,start    ] GC(24) Pause Remark
[2024-02-18T10:55:31.195+0000][7][gc          ] GC(24) Pause Remark 131M->131M(512M) 10.172ms
[2024-02-18T10:55:31.195+0000][7][gc,cpu      ] GC(24) User=0.04s Sys=0.01s Real=0.01s
[2024-02-18T10:55:31.196+0000][7][safepoint   ] Safepoint "G1PauseRemark", Time since last: 35600726 ns, Reaching safepoint: 16051 ns, Cleanup: 8416 ns, At safepoint: 10659465 ns, Total: 10683932 ns
[2024-02-18T10:55:31.196+0000][7][gc,marking  ] GC(24) Concurrent Mark 46.146ms
[2024-02-18T10:55:31.196+0000][7][gc,marking  ] GC(24) Concurrent Rebuild Remembered Sets and Scrub Regions
[2024-02-18T10:55:31.214+0000][7][gc,marking  ] GC(24) Concurrent Rebuild Remembered Sets and Scrub Regions 18.667ms
[2024-02-18T10:55:31.215+0000][7][gc,start    ] GC(24) Pause Cleanup
[2024-02-18T10:55:31.215+0000][7][gc          ] GC(24) Pause Cleanup 132M->132M(512M) 0.299ms
[2024-02-18T10:55:31.215+0000][7][gc,cpu      ] GC(24) User=0.00s Sys=0.00s Real=0.00s
[2024-02-18T10:55:31.215+0000][7][safepoint   ] Safepoint "G1PauseCleanup", Time since last: 19153866 ns, Reaching safepoint: 93554 ns, Cleanup: 14077 ns, At safepoint: 556827 ns, Total: 664458 ns
[2024-02-18T10:55:31.215+0000][7][gc,marking  ] GC(24) Concurrent Clear Claimed Marks
[2024-02-18T10:55:31.216+0000][7][gc,marking  ] GC(24) Concurrent Clear Claimed Marks 0.354ms
[2024-02-18T10:55:31.216+0000][7][gc,marking  ] GC(24) Concurrent Cleanup for Next Mark
[2024-02-18T10:55:31.216+0000][7][gc,marking  ] GC(24) Concurrent Cleanup for Next Mark 0.499ms
[2024-02-18T10:55:31.217+0000][7][gc          ] GC(24) Concurrent Mark Cycle 69.389ms
[2024-02-18T10:55:34.216+0000][7][safepoint   ] Safepoint "Cleanup", Time since last: 3000361326 ns, Reaching safepoint: 18455 ns, Cleanup: 12534 ns, At safepoint: 3227 ns, Total: 34216 ns
[2024-02-18T10:55:36.216+0000][7][safepoint   ] Safepoint "Cleanup", Time since last: 2000434201 ns, Reaching safepoint: 20880 ns, Cleanup: 10280 ns, At safepoint: 3577 ns, Total: 34737 ns
[2024-02-18T10:55:37.217+0000][7][safepoint   ] Safepoint "Cleanup", Time since last: 1000261805 ns, Reaching safepoint: 22373 ns, Cleanup: 35338 ns, At safepoint: 3747 ns, Total: 61458 ns
[2024-02-18T10:55:38.217+0000][7][safepoint   ] Safepoint "Cleanup", Time since last: 1000358875 ns, Reaching safepoint: 22022 ns, Cleanup: 28956 ns, At safepoint: 3877 ns, Total: 54855 ns
[2024-02-18T10:55:39.217+0000][7][safepoint   ] Safepoint "Cleanup", Time since last: 1000375247 ns, Reaching safepoint: 18876 ns, Cleanup: 13526 ns, At safepoint: 4078 ns, Total: 36480 ns
[2024-02-18T10:55:42.218+0000][7][safepoint   ] Safepoint "Cleanup", Time since last: 3000570657 ns, Reaching safepoint: 31520 ns, Cleanup: 19888 ns, At safepoint: 3116 ns, Total: 54524 ns
[2024-02-18T10:55:43.218+0000][7][safepoint   ] Safepoint "Cleanup", Time since last: 1000255758 ns, Reaching safepoint: 20249 ns, Cleanup: 41630 ns, At safepoint: 4478 ns, Total: 66357 ns
[2024-02-18T10:55:44.219+0000][7][safepoint   ] Safepoint "Cleanup", Time since last: 1000370618 ns, Reaching safepoint: 19978 ns, Cleanup: 22023 ns, At safepoint: 3947 ns, Total: 45948 ns
[2024-02-18T10:55:45.219+0000][7][safepoint   ] Safepoint "Cleanup", Time since last: 1000372932 ns, Reaching safepoint: 19187 ns, Cleanup: 22624 ns, At safepoint: 3937 ns, Total: 45748 ns
[2024-02-18T10:55:48.220+0000][7][safepoint   ] Safepoint "Cleanup", Time since last: 3000517771 ns, Reaching safepoint: 15219 ns, Cleanup: 6803 ns, At safepoint: 6162 ns, Total: 28184 ns
[2024-02-18T10:55:49.220+0000][7][safepoint   ] Safepoint "Cleanup", Time since last: 1000301705 ns, Reaching safepoint: 31731 ns, Cleanup: 30499 ns, At safepoint: 5500 ns, Total: 67730 ns
[2024-02-18T10:55:51.221+0000][7][safepoint   ] Safepoint "Cleanup", Time since last: 2000519136 ns, Reaching safepoint: 19677 ns, Cleanup: 35659 ns, At safepoint: 3787 ns, Total: 59123 ns
[2024-02-18T10:55:55.221+0000][7][safepoint   ] Safepoint "Cleanup", Time since last: 4000594831 ns, Reaching safepoint: 19808 ns, Cleanup: 27483 ns, At safepoint: 4067 ns, Total: 51358 ns
[2024-02-18T10:55:56.222+0000][7][safepoint   ] Safepoint "Cleanup", Time since last: 1000362703 ns, Reaching safepoint: 19037 ns, Cleanup: 14407 ns, At safepoint: 3287 ns, Total: 36731 ns
[2024-02-18T10:55:57.222+0000][7][safepoint   ] Safepoint "Cleanup", Time since last: 1000357427 ns, Reaching safepoint: 21842 ns, Cleanup: 20228 ns, At safepoint: 4399 ns, Total: 46469 ns
[2024-02-18T10:55:59.223+0000][7][safepoint   ] Safepoint "Cleanup", Time since last: 2000446576 ns, Reaching safepoint: 19468 ns, Cleanup: 13967 ns, At safepoint: 3947 ns, Total: 37382 ns
[2024-02-18T10:56:00.223+0000][7][safepoint   ] Safepoint "Cleanup", Time since last: 1000410789 ns, Reaching safepoint: 17233 ns, Cleanup: 7394 ns, At safepoint: 25519 ns, Total: 50146 ns
[2024-02-18T10:56:01.223+0000][7][safepoint   ] Safepoint "Cleanup", Time since last: 1000414222 ns, Reaching safepoint: 20620 ns, Cleanup: 21050 ns, At safepoint: 8496 ns, Total: 50166 ns
[2024-02-18T10:56:06.224+0000][7][safepoint   ] Safepoint "Cleanup", Time since last: 5000747081 ns, Reaching safepoint: 19768 ns, Cleanup: 20038 ns, At safepoint: 3346 ns, Total: 43152 ns
[2024-02-18T10:56:07.225+0000][7][safepoint   ] Safepoint "Cleanup", Time since last: 1000359939 ns, Reaching safepoint: 23304 ns, Cleanup: 12655 ns, At safepoint: 4248 ns, Total: 40207 ns
[2024-02-18T10:56:08.225+0000][7][safepoint   ] Safepoint "Cleanup", Time since last: 1000314018 ns, Reaching safepoint: 21261 ns, Cleanup: 21190 ns, At safepoint: 3627 ns, Total: 46078 ns
[2024-02-18T10:56:09.225+0000][7][safepoint   ] Safepoint "Cleanup", Time since last: 1000355971 ns, Reaching safepoint: 19447 ns, Cleanup: 15059 ns, At safepoint: 3727 ns, Total: 38233 ns
[2024-02-18T10:56:12.226+0000][7][safepoint   ] Safepoint "Cleanup", Time since last: 3000562602 ns, Reaching safepoint: 31440 ns, Cleanup: 14287 ns, At safepoint: 2726 ns, Total: 48453 ns
[2024-02-18T10:56:13.226+0000][7][safepoint   ] Safepoint "Cleanup", Time since last: 1000320491 ns, Reaching safepoint: 19548 ns, Cleanup: 13896 ns, At safepoint: 3848 ns, Total: 37292 ns
[2024-02-18T10:56:17.227+0000][7][safepoint   ] Safepoint "Cleanup", Time since last: 4000631041 ns, Reaching safepoint: 18405 ns, Cleanup: 16862 ns, At safepoint: 3407 ns, Total: 38674 ns
[2024-02-18T10:56:18.227+0000][7][safepoint   ] Safepoint "Cleanup", Time since last: 1000259655 ns, Reaching safepoint: 21481 ns, Cleanup: 28765 ns, At safepoint: 3617 ns, Total: 53863 ns
[2024-02-18T10:56:19.228+0000][7][safepoint   ] Safepoint "Cleanup", Time since last: 1000336082 ns, Reaching safepoint: 22192 ns, Cleanup: 40708 ns, At safepoint: 4349 ns, Total: 67249 ns
[2024-02-18T10:56:20.228+0000][7][safepoint   ] Safepoint "Cleanup", Time since last: 1000353565 ns, Reaching safepoint: 26230 ns, Cleanup: 16973 ns, At safepoint: 4308 ns, Total: 47511 ns
[2024-02-18T10:56:21.229+0000][7][safepoint   ] Safepoint "Cleanup", Time since last: 1000464537 ns, Reaching safepoint: 19707 ns, Cleanup: 18646 ns, At safepoint: 3547 ns, Total: 41900 ns
[2024-02-18T10:56:24.229+0000][7][safepoint   ] Safepoint "Cleanup", Time since last: 3000505983 ns, Reaching safepoint: 17033 ns, Cleanup: 18055 ns, At safepoint: 2564 ns, Total: 37652 ns
[2024-02-18T10:56:25.319+0000][7][safepoint   ] Safepoint "Cleanup", Time since last: 1089779114 ns, Reaching safepoint: 19517 ns, Cleanup: 19167 ns, At safepoint: 3847 ns, Total: 42531 ns
[2024-02-18T10:56:27.320+0000][7][safepoint   ] Safepoint "Cleanup", Time since last: 2000492068 ns, Reaching safepoint: 21130 ns, Cleanup: 12414 ns, At safepoint: 3266 ns, Total: 36810 ns
[2024-02-18T10:56:28.320+0000][7][safepoint   ] Safepoint "Cleanup", Time since last: 1000368084 ns, Reaching safepoint: 19067 ns, Cleanup: 11542 ns, At safepoint: 3416 ns, Total: 34025 ns
[2024-02-18T10:56:30.321+0000][7][safepoint   ] Safepoint "Cleanup", Time since last: 2000523920 ns, Reaching safepoint: 17293 ns, Cleanup: 22513 ns, At safepoint: 2956 ns, Total: 42762 ns
[2024-02-18T10:56:31.321+0000][7][safepoint   ] Safepoint "Cleanup", Time since last: 1000322546 ns, Reaching safepoint: 19737 ns, Cleanup: 14969 ns, At safepoint: 4258 ns, Total: 38964 ns
[2024-02-18T10:56:36.322+0000][7][safepoint   ] Safepoint "Cleanup", Time since last: 5000600736 ns, Reaching safepoint: 17483 ns, Cleanup: 31671 ns, At safepoint: 2956 ns, Total: 52110 ns
[2024-02-18T10:56:37.160+0000][7][gc,start    ] GC(25) Pause Young (Prepare Mixed) (G1 Evacuation Pause)
[2024-02-18T10:56:37.160+0000][7][gc,task     ] GC(25) Using 12 workers of 13 for evacuation
[2024-02-18T10:56:37.160+0000][7][gc,age      ] GC(25) Desired survivor size 20971520 bytes, new threshold 15 (max threshold 15)
[2024-02-18T10:56:37.172+0000][7][gc,phases   ] GC(25)   Pre Evacuate Collection Set: 0.2ms
[2024-02-18T10:56:37.172+0000][7][gc,phases   ] GC(25)   Merge Heap Roots: 0.1ms
[2024-02-18T10:56:37.172+0000][7][gc,phases   ] GC(25)   Evacuate Collection Set: 10.5ms
[2024-02-18T10:56:37.172+0000][7][gc,phases   ] GC(25)   Post Evacuate Collection Set: 0.8ms
[2024-02-18T10:56:37.173+0000][7][gc,phases   ] GC(25)   Other: 0.3ms
[2024-02-18T10:56:37.173+0000][7][gc,age      ] GC(25) Age table with threshold 15 (max threshold 15)
[2024-02-18T10:56:37.173+0000][7][gc,age      ] GC(25) - age   1:    2538160 bytes,    2538160 total
[2024-02-18T10:56:37.173+0000][7][gc,age      ] GC(25) - age   2:     355528 bytes,    2893688 total
[2024-02-18T10:56:37.173+0000][7][gc,age      ] GC(25) - age   3:     375136 bytes,    3268824 total
[2024-02-18T10:56:37.173+0000][7][gc,age      ] GC(25) - age   4:     236184 bytes,    3505008 total
[2024-02-18T10:56:37.173+0000][7][gc,age      ] GC(25) - age   5:    1246944 bytes,    4751952 total
[2024-02-18T10:56:37.173+0000][7][gc,age      ] GC(25) - age   6:    6464992 bytes,   11216944 total
[2024-02-18T10:56:37.173+0000][7][gc,heap     ] GC(25) Eden regions: 73->0(73)
[2024-02-18T10:56:37.173+0000][7][gc,heap     ] GC(25) Survivor regions: 3->3(10)
[2024-02-18T10:56:37.174+0000][7][gc,heap     ] GC(25) Old regions: 29->29
[2024-02-18T10:56:37.174+0000][7][gc,heap     ] GC(25) Humongous regions: 2->2
[2024-02-18T10:56:37.174+0000][7][gc,metaspace] GC(25) Metaspace: 118093K(121152K)->118093K(121152K) NonClass: 102247K(103936K)->102247K(103936K) Class: 15845K(17216K)->15845K(17216K)
[2024-02-18T10:56:37.174+0000][7][gc          ] GC(25) Pause Young (Prepare Mixed) (G1 Evacuation Pause) 423M->132M(512M) 13.853ms
[2024-02-18T10:56:37.174+0000][7][gc,cpu      ] GC(25) User=0.05s Sys=0.00s Real=0.01s
[2024-02-18T10:56:37.174+0000][7][safepoint   ] Safepoint "G1CollectForAllocation", Time since last: 838282148 ns, Reaching safepoint: 18506 ns, Cleanup: 22042 ns, At safepoint: 14127113 ns, Total: 14167661 ns
[2024-02-18T10:56:38.174+0000][7][safepoint   ] Safepoint "Cleanup", Time since last: 1000189305 ns, Reaching safepoint: 19878 ns, Cleanup: 32553 ns, At safepoint: 4418 ns, Total: 56849 ns
[2024-02-18T10:56:39.175+0000][7][safepoint   ] Safepoint "Cleanup", Time since last: 1000349177 ns, Reaching safepoint: 19026 ns, Cleanup: 14248 ns, At safepoint: 3576 ns, Total: 36850 ns
[2024-02-18T10:56:41.175+0000][7][safepoint   ] Safepoint "Cleanup", Time since last: 2000501166 ns, Reaching safepoint: 18556 ns, Cleanup: 14317 ns, At safepoint: 3427 ns, Total: 36300 ns
[2024-02-18T10:56:42.176+0000][7][safepoint   ] Safepoint "Cleanup", Time since last: 1000383908 ns, Reaching safepoint: 32192 ns, Cleanup: 19658 ns, At safepoint: 3296 ns, Total: 55146 ns
[2024-02-18T10:56:43.176+0000][7][safepoint   ] Safepoint "Cleanup", Time since last: 1000399087 ns, Reaching safepoint: 18716 ns, Cleanup: 13095 ns, At safepoint: 3697 ns, Total: 35508 ns
[2024-02-18T10:56:46.177+0000][7][safepoint   ] Safepoint "Cleanup", Time since last: 3000505462 ns, Reaching safepoint: 19758 ns, Cleanup: 32723 ns, At safepoint: 3416 ns, Total: 55897 ns
[2024-02-18T10:56:48.177+0000][7][safepoint   ] Safepoint "Cleanup", Time since last: 2000482856 ns, Reaching safepoint: 17434 ns, Cleanup: 16211 ns, At safepoint: 3326 ns, Total: 36971 ns
[2024-02-18T10:56:49.178+0000][7][safepoint   ] Safepoint "Cleanup", Time since last: 1000273116 ns, Reaching safepoint: 28204 ns, Cleanup: 38424 ns, At safepoint: 4358 ns, Total: 70986 ns
[2024-02-18T10:56:51.173+0000][7][safepoint   ] Safepoint "Cleanup", Time since last: 1995034425 ns, Reaching safepoint: 174103 ns, Cleanup: 78150 ns, At safepoint: 127785 ns, Total: 380038 ns
[2024-02-18T10:56:51.422+0000][7][safepoint   ] Safepoint "ICBufferFull", Time since last: 248675460 ns, Reaching safepoint: 117049 ns, Cleanup: 157882 ns, At safepoint: 105202 ns, Total: 380133 ns
[2024-02-18T10:56:52.423+0000][7][safepoint   ] Safepoint "Cleanup", Time since last: 1000437817 ns, Reaching safepoint: 18395 ns, Cleanup: 120812 ns, At safepoint: 4759 ns, Total: 143966 ns
[2024-02-18T10:56:54.423+0000][7][safepoint   ] Safepoint "Cleanup", Time since last: 2000435450 ns, Reaching safepoint: 16010 ns, Cleanup: 16783 ns, At safepoint: 2675 ns, Total: 35468 ns
[2024-02-18T10:56:55.423+0000][7][safepoint   ] Safepoint "Cleanup", Time since last: 1000256930 ns, Reaching safepoint: 27111 ns, Cleanup: 32252 ns, At safepoint: 3287 ns, Total: 62650 ns
[2024-02-18T10:56:56.424+0000][7][safepoint   ] Safepoint "Cleanup", Time since last: 1000340930 ns, Reaching safepoint: 20890 ns, Cleanup: 21331 ns, At safepoint: 2945 ns, Total: 45166 ns
[2024-02-18T10:56:57.424+0000][7][safepoint   ] Safepoint "Cleanup", Time since last: 1000345020 ns, Reaching safepoint: 22262 ns, Cleanup: 31791 ns, At safepoint: 4268 ns, Total: 58321 ns
[2024-02-18T10:56:58.425+0000][7][safepoint   ] Safepoint "Cleanup", Time since last: 1000395245 ns, Reaching safepoint: 19618 ns, Cleanup: 26921 ns, At safepoint: 2976 ns, Total: 49515 ns
[2024-02-18T10:56:59.425+0000][7][safepoint   ] Safepoint "Cleanup", Time since last: 1000460030 ns, Reaching safepoint: 20128 ns, Cleanup: 16973 ns, At safepoint: 3957 ns, Total: 41058 ns
[2024-02-18T10:57:00.425+0000][7][safepoint   ] Safepoint "Cleanup", Time since last: 1000359847 ns, Reaching safepoint: 18586 ns, Cleanup: 12865 ns, At safepoint: 3577 ns, Total: 35028 ns
[2024-02-18T10:57:01.426+0000][7][safepoint   ] Safepoint "Cleanup", Time since last: 1000348896 ns, Reaching safepoint: 19677 ns, Cleanup: 27353 ns, At safepoint: 3797 ns, Total: 50827 ns
[2024-02-18T10:57:03.426+0000][7][safepoint   ] Safepoint "Cleanup", Time since last: 2000527927 ns, Reaching safepoint: 16462 ns, Cleanup: 22653 ns, At safepoint: 4078 ns, Total: 43193 ns
[2024-02-18T10:57:06.427+0000][7][safepoint   ] Safepoint "Cleanup", Time since last: 3000445707 ns, Reaching safepoint: 16151 ns, Cleanup: 44385 ns, At safepoint: 2906 ns, Total: 63442 ns
[2024-02-18T10:57:07.427+0000][7][safepoint   ] Safepoint "Cleanup", Time since last: 1000220927 ns, Reaching safepoint: 19768 ns, Cleanup: 27101 ns, At safepoint: 3868 ns, Total: 50737 ns
[2024-02-18T10:57:09.428+0000][7][safepoint   ] Safepoint "Cleanup", Time since last: 2000418021 ns, Reaching safepoint: 18856 ns, Cleanup: 13126 ns, At safepoint: 3767 ns, Total: 35749 ns
[2024-02-18T10:57:10.428+0000][7][safepoint   ] Safepoint "Cleanup", Time since last: 1000322946 ns, Reaching safepoint: 19538 ns, Cleanup: 44575 ns, At safepoint: 3457 ns, Total: 67570 ns
[2024-02-18T10:57:12.429+0000][7][safepoint   ] Safepoint "Cleanup", Time since last: 2000447763 ns, Reaching safepoint: 33354 ns, Cleanup: 15350 ns, At safepoint: 3055 ns, Total: 51759 ns
[2024-02-18T10:57:14.429+0000][7][safepoint   ] Safepoint "Cleanup", Time since last: 2000365567 ns, Reaching safepoint: 18876 ns, Cleanup: 20399 ns, At safepoint: 3857 ns, Total: 43132 ns
[2024-02-18T10:57:15.429+0000][7][safepoint   ] Safepoint "Cleanup", Time since last: 1000367532 ns, Reaching safepoint: 16682 ns, Cleanup: 22163 ns, At safepoint: 3426 ns, Total: 42271 ns
[2024-02-18T10:57:16.430+0000][7][safepoint   ] Safepoint "Cleanup", Time since last: 1000294472 ns, Reaching safepoint: 18095 ns, Cleanup: 25389 ns, At safepoint: 3606 ns, Total: 47090 ns
[2024-02-18T10:57:18.430+0000][7][safepoint   ] Safepoint "Cleanup", Time since last: 2000465458 ns, Reaching safepoint: 15580 ns, Cleanup: 10249 ns, At safepoint: 2766 ns, Total: 28595 ns
[2024-02-18T10:57:21.431+0000][7][safepoint   ] Safepoint "Cleanup", Time since last: 3000511844 ns, Reaching safepoint: 14408 ns, Cleanup: 16852 ns, At safepoint: 3016 ns, Total: 34276 ns
[2024-02-18T10:57:22.431+0000][7][safepoint   ] Safepoint "Cleanup", Time since last: 1000361800 ns, Reaching safepoint: 20850 ns, Cleanup: 13806 ns, At safepoint: 3798 ns, Total: 38454 ns
[2024-02-18T10:57:27.339+0000][7][safepoint   ] Safepoint "Cleanup", Time since last: 4908341662 ns, Reaching safepoint: 19697 ns, Cleanup: 11342 ns, At safepoint: 3717 ns, Total: 34756 ns
[2024-02-18T10:57:28.340+0000][7][safepoint   ] Safepoint "Cleanup", Time since last: 1000225795 ns, Reaching safepoint: 17434 ns, Cleanup: 14127 ns, At safepoint: 3577 ns, Total: 35138 ns
[2024-02-18T10:57:29.340+0000][7][safepoint   ] Safepoint "Cleanup", Time since last: 1000366369 ns, Reaching safepoint: 17484 ns, Cleanup: 14928 ns, At safepoint: 3447 ns, Total: 35859 ns
[2024-02-18T10:57:30.218+0000][7][gc,start    ] GC(26) Pause Young (Mixed) (G1 Evacuation Pause)
[2024-02-18T10:57:30.218+0000][7][gc,task     ] GC(26) Using 12 workers of 13 for evacuation
[2024-02-18T10:57:30.219+0000][7][gc,age      ] GC(26) Desired survivor size 20971520 bytes, new threshold 15 (max threshold 15)
[2024-02-18T10:57:30.242+0000][7][gc,phases   ] GC(26)   Pre Evacuate Collection Set: 0.3ms
[2024-02-18T10:57:30.242+0000][7][gc,phases   ] GC(26)   Merge Heap Roots: 0.2ms
[2024-02-18T10:57:30.243+0000][7][gc,phases   ] GC(26)   Evacuate Collection Set: 22.0ms
[2024-02-18T10:57:30.243+0000][7][gc,phases   ] GC(26)   Post Evacuate Collection Set: 0.9ms
[2024-02-18T10:57:30.243+0000][7][gc,phases   ] GC(26)   Other: 0.3ms
[2024-02-18T10:57:30.243+0000][7][gc,age      ] GC(26) Age table with threshold 15 (max threshold 15)
[2024-02-18T10:57:30.243+0000][7][gc,age      ] GC(26) - age   1:    7476008 bytes,    7476008 total
[2024-02-18T10:57:30.243+0000][7][gc,age      ] GC(26) - age   2:     320432 bytes,    7796440 total
[2024-02-18T10:57:30.243+0000][7][gc,age      ] GC(26) - age   3:     353232 bytes,    8149672 total
[2024-02-18T10:57:30.243+0000][7][gc,age      ] GC(26) - age   4:     366680 bytes,    8516352 total
[2024-02-18T10:57:30.243+0000][7][gc,age      ] GC(26) - age   5:     235360 bytes,    8751712 total
[2024-02-18T10:57:30.244+0000][7][gc,age      ] GC(26) - age   6:    1210736 bytes,    9962448 total
[2024-02-18T10:57:30.244+0000][7][gc,age      ] GC(26) - age   7:    6408368 bytes,   16370816 total
[2024-02-18T10:57:30.244+0000][7][gc,heap     ] GC(26) Eden regions: 73->0(71)
[2024-02-18T10:57:30.244+0000][7][gc,heap     ] GC(26) Survivor regions: 3->5(10)
[2024-02-18T10:57:30.244+0000][7][gc,heap     ] GC(26) Old regions: 29->28
[2024-02-18T10:57:30.244+0000][7][gc,heap     ] GC(26) Humongous regions: 2->2
[2024-02-18T10:57:30.244+0000][7][gc,metaspace] GC(26) Metaspace: 120162K(123200K)->120162K(123200K) NonClass: 104042K(105728K)->104042K(105728K) Class: 16120K(17472K)->16120K(17472K)
[2024-02-18T10:57:30.244+0000][7][gc          ] GC(26) Pause Young (Mixed) (G1 Evacuation Pause) 424M->136M(512M) 25.986ms
[2024-02-18T10:57:30.244+0000][7][gc,cpu      ] GC(26) User=0.14s Sys=0.00s Real=0.02s
[2024-02-18T10:57:30.245+0000][7][safepoint   ] Safepoint "G1CollectForAllocation", Time since last: 878009298 ns, Reaching safepoint: 22934 ns, Cleanup: 4609 ns, At safepoint: 26373212 ns, Total: 26400755 ns
[2024-02-18T10:57:31.245+0000][7][safepoint   ] Safepoint "Cleanup", Time since last: 1000240980 ns, Reaching safepoint: 20860 ns, Cleanup: 67971 ns, At safepoint: 3917 ns, Total: 92748 ns
[2024-02-18T10:57:33.245+0000][7][safepoint   ] Safepoint "Cleanup", Time since last: 2000458554 ns, Reaching safepoint: 16221 ns, Cleanup: 13816 ns, At safepoint: 3497 ns, Total: 33534 ns
[2024-02-18T10:57:34.246+0000][7][safepoint   ] Safepoint "Cleanup", Time since last: 1000230235 ns, Reaching safepoint: 20098 ns, Cleanup: 37883 ns, At safepoint: 3396 ns, Total: 61377 ns
[2024-02-18T10:57:36.246+0000][7][safepoint   ] Safepoint "Cleanup", Time since last: 2000476699 ns, Reaching safepoint: 19117 ns, Cleanup: 17253 ns, At safepoint: 3527 ns, Total: 39897 ns
[2024-02-18T10:57:37.247+0000][7][safepoint   ] Safepoint "Cleanup", Time since last: 1000311048 ns, Reaching safepoint: 16201 ns, Cleanup: 9468 ns, At safepoint: 3677 ns, Total: 29346 ns
[2024-02-18T10:57:38.247+0000][7][safepoint   ] Safepoint "Cleanup", Time since last: 1000397981 ns, Reaching safepoint: 30548 ns, Cleanup: 23646 ns, At safepoint: 3396 ns, Total: 57590 ns
[2024-02-18T10:57:39.247+0000][7][safepoint   ] Safepoint "Cleanup", Time since last: 1000413566 ns, Reaching safepoint: 16712 ns, Cleanup: 9337 ns, At safepoint: 3046 ns, Total: 29095 ns
[2024-02-18T10:57:41.248+0000][7][safepoint   ] Safepoint "Cleanup", Time since last: 2000322499 ns, Reaching safepoint: 17583 ns, Cleanup: 12013 ns, At safepoint: 3718 ns, Total: 33314 ns
[2024-02-18T10:57:43.248+0000][7][safepoint   ] Safepoint "Cleanup", Time since last: 2000468522 ns, Reaching safepoint: 40358 ns, Cleanup: 14147 ns, At safepoint: 3426 ns, Total: 57931 ns
[2024-02-18T10:57:45.249+0000][7][safepoint   ] Safepoint "Cleanup", Time since last: 2000421129 ns, Reaching safepoint: 16030 ns, Cleanup: 15921 ns, At safepoint: 3336 ns, Total: 35287 ns
[2024-02-18T10:57:47.249+0000][7][safepoint   ] Safepoint "Cleanup", Time since last: 2000300547 ns, Reaching safepoint: 20679 ns, Cleanup: 20971 ns, At safepoint: 4548 ns, Total: 46198 ns
[2024-02-18T10:57:49.250+0000][7][safepoint   ] Safepoint "Cleanup", Time since last: 2000433717 ns, Reaching safepoint: 17824 ns, Cleanup: 28655 ns, At safepoint: 3156 ns, Total: 49635 ns
[2024-02-18T10:57:51.250+0000][7][safepoint   ] Safepoint "Cleanup", Time since last: 2000381592 ns, Reaching safepoint: 257548 ns, Cleanup: 34496 ns, At safepoint: 17704 ns, Total: 309748 ns
[2024-02-18T10:57:52.251+0000][7][safepoint   ] Safepoint "Cleanup", Time since last: 1000284989 ns, Reaching safepoint: 21151 ns, Cleanup: 16742 ns, At safepoint: 3607 ns, Total: 41500 ns
[2024-02-18T10:57:54.251+0000][7][safepoint   ] Safepoint "Cleanup", Time since last: 2000452973 ns, Reaching safepoint: 16712 ns, Cleanup: 17704 ns, At safepoint: 13747 ns, Total: 48163 ns
[2024-02-18T10:57:55.251+0000][7][safepoint   ] Safepoint "Cleanup", Time since last: 1000333997 ns, Reaching safepoint: 19377 ns, Cleanup: 15209 ns, At safepoint: 3987 ns, Total: 38573 ns
[2024-02-18T10:57:56.506+0000][7][safepoint   ] Safepoint "Cleanup", Time since last: 1000356275 ns, Reaching safepoint: 253677621 ns, Cleanup: 40838 ns, At safepoint: 122089 ns, Total: 253840548 ns
[2024-02-18T10:57:57.506+0000][7][safepoint   ] Safepoint "Cleanup", Time since last: 1000424255 ns, Reaching safepoint: 20169 ns, Cleanup: 13476 ns, At safepoint: 14467 ns, Total: 48112 ns
[2024-02-18T10:57:58.506+0000][7][safepoint   ] Safepoint "Cleanup", Time since last: 1000336944 ns, Reaching safepoint: 17363 ns, Cleanup: 12955 ns, At safepoint: 2966 ns, Total: 33284 ns
[2024-02-18T10:58:01.507+0000][7][safepoint   ] Safepoint "Cleanup", Time since last: 3000516945 ns, Reaching safepoint: 23826 ns, Cleanup: 24847 ns, At safepoint: 3246 ns, Total: 51919 ns
[2024-02-18T10:58:02.507+0000][7][safepoint   ] Safepoint "Cleanup", Time since last: 1000376539 ns, Reaching safepoint: 19668 ns, Cleanup: 20840 ns, At safepoint: 2795 ns, Total: 43303 ns
[2024-02-18T10:58:03.508+0000][7][safepoint   ] Safepoint "Cleanup", Time since last: 1000313539 ns, Reaching safepoint: 17233 ns, Cleanup: 12374 ns, At safepoint: 3456 ns, Total: 33063 ns
[2024-02-18T10:58:06.508+0000][7][safepoint   ] Safepoint "Cleanup", Time since last: 3000500904 ns, Reaching safepoint: 17213 ns, Cleanup: 20208 ns, At safepoint: 3427 ns, Total: 40848 ns
[2024-02-18T10:58:08.509+0000][7][safepoint   ] Safepoint "Cleanup", Time since last: 2000438035 ns, Reaching safepoint: 16872 ns, Cleanup: 12083 ns, At safepoint: 3106 ns, Total: 32061 ns
[2024-02-18T10:58:09.509+0000][7][safepoint   ] Safepoint "Cleanup", Time since last: 1000334719 ns, Reaching safepoint: 17053 ns, Cleanup: 18105 ns, At safepoint: 2985 ns, Total: 38143 ns
[2024-02-18T10:58:10.509+0000][7][safepoint   ] Safepoint "Cleanup", Time since last: 1000329960 ns, Reaching safepoint: 16061 ns, Cleanup: 7885 ns, At safepoint: 2825 ns, Total: 26771 ns
[2024-02-18T10:58:11.510+0000][7][safepoint   ] Safepoint "Cleanup", Time since last: 1000225290 ns, Reaching safepoint: 17794 ns, Cleanup: 13716 ns, At safepoint: 2936 ns, Total: 34446 ns
[2024-02-18T10:58:12.510+0000][7][safepoint   ] Safepoint "Cleanup", Time since last: 1000353215 ns, Reaching safepoint: 36560 ns, Cleanup: 13796 ns, At safepoint: 2705 ns, Total: 53061 ns
[2024-02-18T10:58:13.511+0000][7][safepoint   ] Safepoint "Cleanup", Time since last: 1000347564 ns, Reaching safepoint: 17974 ns, Cleanup: 13176 ns, At safepoint: 3356 ns, Total: 34506 ns
[2024-02-18T10:58:15.511+0000][7][safepoint   ] Safepoint "Cleanup", Time since last: 2000431432 ns, Reaching safepoint: 18205 ns, Cleanup: 19938 ns, At safepoint: 3517 ns, Total: 41660 ns
[2024-02-18T10:58:17.511+0000][7][safepoint   ] Safepoint "Cleanup", Time since last: 2000407747 ns, Reaching safepoint: 17935 ns, Cleanup: 11472 ns, At safepoint: 3166 ns, Total: 32573 ns
[2024-02-18T10:58:18.512+0000][7][safepoint   ] Safepoint "Cleanup", Time since last: 1000337434 ns, Reaching safepoint: 17443 ns, Cleanup: 13145 ns, At safepoint: 3557 ns, Total: 34145 ns
[2024-02-18T10:58:19.512+0000][7][safepoint   ] Safepoint "Cleanup", Time since last: 1000320612 ns, Reaching safepoint: 19598 ns, Cleanup: 19187 ns, At safepoint: 3416 ns, Total: 42201 ns
[2024-02-18T10:58:21.513+0000][7][safepoint   ] Safepoint "Cleanup", Time since last: 2000414560 ns, Reaching safepoint: 28976 ns, Cleanup: 18826 ns, At safepoint: 3186 ns, Total: 50988 ns
[2024-02-18T10:58:22.280+0000][7][gc,start    ] GC(27) Pause Young (Normal) (G1 Evacuation Pause)
[2024-02-18T10:58:22.281+0000][7][gc,task     ] GC(27) Using 12 workers of 13 for evacuation
[2024-02-18T10:58:22.281+0000][7][gc,age      ] GC(27) Desired survivor size 20971520 bytes, new threshold 15 (max threshold 15)
[2024-02-18T10:58:22.298+0000][7][gc,phases   ] GC(27)   Pre Evacuate Collection Set: 0.2ms
[2024-02-18T10:58:22.298+0000][7][gc,phases   ] GC(27)   Merge Heap Roots: 0.1ms
[2024-02-18T10:58:22.298+0000][7][gc,phases   ] GC(27)   Evacuate Collection Set: 16.1ms
[2024-02-18T10:58:22.298+0000][7][gc,phases   ] GC(27)   Post Evacuate Collection Set: 0.8ms
[2024-02-18T10:58:22.299+0000][7][gc,phases   ] GC(27)   Other: 0.3ms
[2024-02-18T10:58:22.299+0000][7][gc,age      ] GC(27) Age table with threshold 15 (max threshold 15)
[2024-02-18T10:58:22.299+0000][7][gc,age      ] GC(27) - age   1:    1098800 bytes,    1098800 total
[2024-02-18T10:58:22.299+0000][7][gc,age      ] GC(27) - age   2:    5398200 bytes,    6497000 total
[2024-02-18T10:58:22.299+0000][7][gc,age      ] GC(27) - age   3:     315520 bytes,    6812520 total
[2024-02-18T10:58:22.299+0000][7][gc,age      ] GC(27) - age   4:     352816 bytes,    7165336 total
[2024-02-18T10:58:22.299+0000][7][gc,age      ] GC(27) - age   5:     365080 bytes,    7530416 total
[2024-02-18T10:58:22.299+0000][7][gc,age      ] GC(27) - age   6:     234848 bytes,    7765264 total
[2024-02-18T10:58:22.299+0000][7][gc,age      ] GC(27) - age   7:    1210736 bytes,    8976000 total
[2024-02-18T10:58:22.299+0000][7][gc,age      ] GC(27) - age   8:    6408208 bytes,   15384208 total
[2024-02-18T10:58:22.300+0000][7][gc,heap     ] GC(27) Eden regions: 71->0(71)
[2024-02-18T10:58:22.300+0000][7][gc,heap     ] GC(27) Survivor regions: 5->5(10)
[2024-02-18T10:58:22.300+0000][7][gc,heap     ] GC(27) Old regions: 28->28
[2024-02-18T10:58:22.300+0000][7][gc,heap     ] GC(27) Humongous regions: 2->2
[2024-02-18T10:58:22.300+0000][7][gc,metaspace] GC(27) Metaspace: 120570K(123520K)->120570K(123520K) NonClass: 104450K(106048K)->104450K(106048K) Class: 16120K(17472K)->16120K(17472K)
[2024-02-18T10:58:22.300+0000][7][gc          ] GC(27) Pause Young (Normal) (G1 Evacuation Pause) 420M->135M(512M) 19.774ms
[2024-02-18T10:58:22.300+0000][7][gc,cpu      ] GC(27) User=0.06s Sys=0.02s Real=0.02s
[2024-02-18T10:58:22.300+0000][7][safepoint   ] Safepoint "G1CollectForAllocation", Time since last: 767657450 ns, Reaching safepoint: 15169 ns, Cleanup: 10150 ns, At safepoint: 20064188 ns, Total: 20089507 ns
[2024-02-18T10:58:24.301+0000][7][safepoint   ] Safepoint "Cleanup", Time since last: 2000347572 ns, Reaching safepoint: 20429 ns, Cleanup: 13756 ns, At safepoint: 3567 ns, Total: 37752 ns
[2024-02-18T10:58:27.360+0000][7][safepoint   ] Safepoint "Cleanup", Time since last: 3059236028 ns, Reaching safepoint: 16031 ns, Cleanup: 14548 ns, At safepoint: 3547 ns, Total: 34126 ns
[2024-02-18T10:58:28.360+0000][7][safepoint   ] Safepoint "Cleanup", Time since last: 1000247011 ns, Reaching safepoint: 18766 ns, Cleanup: 16241 ns, At safepoint: 14548 ns, Total: 49555 ns
[2024-02-18T10:58:30.361+0000][7][safepoint   ] Safepoint "Cleanup", Time since last: 2000333165 ns, Reaching safepoint: 16011 ns, Cleanup: 11041 ns, At safepoint: 2985 ns, Total: 30037 ns
[2024-02-18T10:58:33.362+0000][7][safepoint   ] Safepoint "Cleanup", Time since last: 3000520000 ns, Reaching safepoint: 136722 ns, Cleanup: 12303 ns, At safepoint: 20409 ns, Total: 169434 ns
[2024-02-18T10:58:34.362+0000][7][safepoint   ] Safepoint "Cleanup", Time since last: 1000306575 ns, Reaching safepoint: 21171 ns, Cleanup: 28074 ns, At safepoint: 4508 ns, Total: 53753 ns
[2024-02-18T10:58:35.362+0000][7][safepoint   ] Safepoint "Cleanup", Time since last: 1000411207 ns, Reaching safepoint: 24376 ns, Cleanup: 17464 ns, At safepoint: 4729 ns, Total: 46569 ns
[2024-02-18T10:58:37.363+0000][7][safepoint   ] Safepoint "Cleanup", Time since last: 2000495194 ns, Reaching safepoint: 19928 ns, Cleanup: 14228 ns, At safepoint: 3306 ns, Total: 37462 ns
[2024-02-18T10:58:39.364+0000][7][safepoint   ] Safepoint "Cleanup", Time since last: 2000539890 ns, Reaching safepoint: 28786 ns, Cleanup: 37281 ns, At safepoint: 3687 ns, Total: 69754 ns
[2024-02-18T10:58:40.364+0000][7][safepoint   ] Safepoint "Cleanup", Time since last: 1000360468 ns, Reaching safepoint: 18826 ns, Cleanup: 16121 ns, At safepoint: 3767 ns, Total: 38714 ns
[2024-02-18T10:58:43.365+0000][7][safepoint   ] Safepoint "Cleanup", Time since last: 3000596066 ns, Reaching safepoint: 37251 ns, Cleanup: 22664 ns, At safepoint: 3496 ns, Total: 63411 ns
[2024-02-18T10:58:45.365+0000][7][safepoint   ] Safepoint "Cleanup", Time since last: 2000642317 ns, Reaching safepoint: 17864 ns, Cleanup: 13165 ns, At safepoint: 3567 ns, Total: 34596 ns
[2024-02-18T10:58:46.366+0000][7][safepoint   ] Safepoint "Cleanup", Time since last: 1000341392 ns, Reaching safepoint: 16842 ns, Cleanup: 9318 ns, At safepoint: 3006 ns, Total: 29166 ns
[2024-02-18T10:58:51.366+0000][7][safepoint   ] Safepoint "Cleanup", Time since last: 5000576564 ns, Reaching safepoint: 16692 ns, Cleanup: 16121 ns, At safepoint: 2865 ns, Total: 35678 ns
[2024-02-18T10:58:53.367+0000][7][safepoint   ] Safepoint "Cleanup", Time since last: 2000441702 ns, Reaching safepoint: 30247 ns, Cleanup: 28705 ns, At safepoint: 3187 ns, Total: 62139 ns
[2024-02-18T10:58:54.367+0000][7][safepoint   ] Safepoint "Cleanup", Time since last: 1000387070 ns, Reaching safepoint: 19157 ns, Cleanup: 21391 ns, At safepoint: 3637 ns, Total: 44185 ns
[2024-02-18T10:58:55.368+0000][7][safepoint   ] Safepoint "Cleanup", Time since last: 1000390835 ns, Reaching safepoint: 21310 ns, Cleanup: 18075 ns, At safepoint: 3567 ns, Total: 42952 ns
[2024-02-18T10:58:57.368+0000][7][safepoint   ] Safepoint "Cleanup", Time since last: 2000466901 ns, Reaching safepoint: 16351 ns, Cleanup: 9638 ns, At safepoint: 3627 ns, Total: 29616 ns
[2024-02-18T10:59:01.369+0000][7][safepoint   ] Safepoint "Cleanup", Time since last: 4000613066 ns, Reaching safepoint: 19517 ns, Cleanup: 17634 ns, At safepoint: 3166 ns, Total: 40317 ns
[2024-02-18T10:59:04.369+0000][7][safepoint   ] Safepoint "Cleanup", Time since last: 3000576458 ns, Reaching safepoint: 18786 ns, Cleanup: 13536 ns, At safepoint: 3607 ns, Total: 35929 ns
[2024-02-18T10:59:06.370+0000][7][safepoint   ] Safepoint "Cleanup", Time since last: 2000445590 ns, Reaching safepoint: 22884 ns, Cleanup: 9969 ns, At safepoint: 3857 ns, Total: 36710 ns
[2024-02-18T10:59:07.370+0000][7][safepoint   ] Safepoint "Cleanup", Time since last: 1000233807 ns, Reaching safepoint: 28344 ns, Cleanup: 17363 ns, At safepoint: 3507 ns, Total: 49214 ns
[2024-02-18T10:59:08.370+0000][7][safepoint   ] Safepoint "Cleanup", Time since last: 1000238355 ns, Reaching safepoint: 18645 ns, Cleanup: 12925 ns, At safepoint: 3316 ns, Total: 34886 ns
[2024-02-18T10:59:09.371+0000][7][safepoint   ] Safepoint "Cleanup", Time since last: 1000333797 ns, Reaching safepoint: 16242 ns, Cleanup: 8756 ns, At safepoint: 3056 ns, Total: 28054 ns
[2024-02-18T10:59:10.371+0000][7][safepoint   ] Safepoint "Cleanup", Time since last: 1000260768 ns, Reaching safepoint: 20860 ns, Cleanup: 18355 ns, At safepoint: 3346 ns, Total: 42561 ns
[2024-02-18T10:59:11.372+0000][7][safepoint   ] Safepoint "Cleanup", Time since last: 1000373163 ns, Reaching safepoint: 22433 ns, Cleanup: 17584 ns, At safepoint: 3055 ns, Total: 43072 ns
[2024-02-18T10:59:13.372+0000][7][safepoint   ] Safepoint "Cleanup", Time since last: 2000480576 ns, Reaching safepoint: 18035 ns, Cleanup: 17834 ns, At safepoint: 3226 ns, Total: 39095 ns
[2024-02-18T10:59:13.638+0000][7][gc,start    ] GC(28) Pause Young (Normal) (G1 Evacuation Pause)
[2024-02-18T10:59:13.639+0000][7][gc,task     ] GC(28) Using 12 workers of 13 for evacuation
[2024-02-18T10:59:13.639+0000][7][gc,age      ] GC(28) Desired survivor size 20971520 bytes, new threshold 15 (max threshold 15)
[2024-02-18T10:59:13.665+0000][7][gc,phases   ] GC(28)   Pre Evacuate Collection Set: 0.4ms
[2024-02-18T10:59:13.665+0000][7][gc,phases   ] GC(28)   Merge Heap Roots: 0.1ms
[2024-02-18T10:59:13.665+0000][7][gc,phases   ] GC(28)   Evacuate Collection Set: 24.1ms
[2024-02-18T10:59:13.665+0000][7][gc,phases   ] GC(28)   Post Evacuate Collection Set: 1.0ms
[2024-02-18T10:59:13.665+0000][7][gc,phases   ] GC(28)   Other: 0.4ms
[2024-02-18T10:59:13.665+0000][7][gc,age      ] GC(28) Age table with threshold 15 (max threshold 15)
[2024-02-18T10:59:13.666+0000][7][gc,age      ] GC(28) - age   1:     988136 bytes,     988136 total
[2024-02-18T10:59:13.666+0000][7][gc,age      ] GC(28) - age   2:     351456 bytes,    1339592 total
[2024-02-18T10:59:13.666+0000][7][gc,age      ] GC(28) - age   3:    1980256 bytes,    3319848 total
[2024-02-18T10:59:13.666+0000][7][gc,age      ] GC(28) - age   4:     313992 bytes,    3633840 total
[2024-02-18T10:59:13.666+0000][7][gc,age      ] GC(28) - age   5:     352688 bytes,    3986528 total
[2024-02-18T10:59:13.666+0000][7][gc,age      ] GC(28) - age   6:     365048 bytes,    4351576 total
[2024-02-18T10:59:13.666+0000][7][gc,age      ] GC(28) - age   7:     234544 bytes,    4586120 total
[2024-02-18T10:59:13.666+0000][7][gc,age      ] GC(28) - age   8:    1147424 bytes,    5733544 total
[2024-02-18T10:59:13.666+0000][7][gc,age      ] GC(28) - age   9:    6362128 bytes,   12095672 total
[2024-02-18T10:59:13.667+0000][7][gc,heap     ] GC(28) Eden regions: 71->0(72)
[2024-02-18T10:59:13.667+0000][7][gc,heap     ] GC(28) Survivor regions: 5->4(10)
[2024-02-18T10:59:13.667+0000][7][gc,heap     ] GC(28) Old regions: 28->28
[2024-02-18T10:59:13.667+0000][7][gc,heap     ] GC(28) Humongous regions: 2->2
[2024-02-18T10:59:13.667+0000][7][gc,metaspace] GC(28) Metaspace: 120752K(123712K)->120752K(123712K) NonClass: 104629K(106240K)->104629K(106240K) Class: 16122K(17472K)->16122K(17472K)
[2024-02-18T10:59:13.667+0000][7][gc          ] GC(28) Pause Young (Normal) (G1 Evacuation Pause) 419M->131M(512M) 28.865ms
[2024-02-18T10:59:13.668+0000][7][gc,cpu      ] GC(28) User=0.08s Sys=0.01s Real=0.03s
[2024-02-18T10:59:13.668+0000][7][safepoint   ] Safepoint "G1CollectForAllocation", Time since last: 266327920 ns, Reaching safepoint: 24046 ns, Cleanup: 13726 ns, At safepoint: 29463302 ns, Total: 29501074 ns
[2024-02-18T10:59:14.668+0000][7][safepoint   ] Safepoint "Cleanup", Time since last: 1000258173 ns, Reaching safepoint: 20489 ns, Cleanup: 26651 ns, At safepoint: 3567 ns, Total: 50707 ns
[2024-02-18T10:59:15.669+0000][7][safepoint   ] Safepoint "Cleanup", Time since last: 1000393501 ns, Reaching safepoint: 18986 ns, Cleanup: 25709 ns, At safepoint: 3237 ns, Total: 47932 ns
[2024-02-18T10:59:16.669+0000][7][safepoint   ] Safepoint "Cleanup", Time since last: 1000353646 ns, Reaching safepoint: 19467 ns, Cleanup: 12855 ns, At safepoint: 3106 ns, Total: 35428 ns
[2024-02-18T10:59:18.669+0000][7][safepoint   ] Safepoint "Cleanup", Time since last: 2000410011 ns, Reaching safepoint: 22373 ns, Cleanup: 19828 ns, At safepoint: 3246 ns, Total: 45447 ns
[2024-02-18T10:59:19.670+0000][7][safepoint   ] Safepoint "Cleanup", Time since last: 1000423690 ns, Reaching safepoint: 19056 ns, Cleanup: 13997 ns, At safepoint: 3046 ns, Total: 36099 ns
[2024-02-18T10:59:22.671+0000][7][safepoint   ] Safepoint "Cleanup", Time since last: 3000595033 ns, Reaching safepoint: 20239 ns, Cleanup: 29627 ns, At safepoint: 3547 ns, Total: 53413 ns
[2024-02-18T10:59:27.382+0000][7][safepoint   ] Safepoint "Cleanup", Time since last: 4710806289 ns, Reaching safepoint: 15831 ns, Cleanup: 15129 ns, At safepoint: 2985 ns, Total: 33945 ns
[2024-02-18T10:59:28.382+0000][7][safepoint   ] Safepoint "Cleanup", Time since last: 1000233355 ns, Reaching safepoint: 17895 ns, Cleanup: 18164 ns, At safepoint: 3417 ns, Total: 39476 ns
[2024-02-18T10:59:29.382+0000][7][safepoint   ] Safepoint "Cleanup", Time since last: 1000254876 ns, Reaching safepoint: 27052 ns, Cleanup: 14868 ns, At safepoint: 3677 ns, Total: 45597 ns
[2024-02-18T10:59:30.382+0000][7][safepoint   ] Safepoint "Cleanup", Time since last: 1000355940 ns, Reaching safepoint: 16001 ns, Cleanup: 13476 ns, At safepoint: 3316 ns, Total: 32793 ns
[2024-02-18T10:59:31.383+0000][7][safepoint   ] Safepoint "Cleanup", Time since last: 1000360823 ns, Reaching safepoint: 18355 ns, Cleanup: 19418 ns, At safepoint: 2835 ns, Total: 40608 ns
[2024-02-18T10:59:33.383+0000][7][safepoint   ] Safepoint "Cleanup", Time since last: 2000415127 ns, Reaching safepoint: 18175 ns, Cleanup: 12384 ns, At safepoint: 3516 ns, Total: 34075 ns
[2024-02-18T10:59:34.384+0000][7][safepoint   ] Safepoint "Cleanup", Time since last: 1000361901 ns, Reaching safepoint: 19899 ns, Cleanup: 16291 ns, At safepoint: 3617 ns, Total: 39807 ns
[2024-02-18T10:59:37.384+0000][7][safepoint   ] Safepoint "Cleanup", Time since last: 3000596136 ns, Reaching safepoint: 20178 ns, Cleanup: 13396 ns, At safepoint: 3727 ns, Total: 37301 ns
[2024-02-18T10:59:38.385+0000][7][safepoint   ] Safepoint "Cleanup", Time since last: 1000385391 ns, Reaching safepoint: 20128 ns, Cleanup: 13667 ns, At safepoint: 3306 ns, Total: 37101 ns
[2024-02-18T10:59:40.385+0000][7][safepoint   ] Safepoint "Cleanup", Time since last: 2000452287 ns, Reaching safepoint: 20730 ns, Cleanup: 15911 ns, At safepoint: 4228 ns, Total: 40869 ns
[2024-02-18T10:59:42.386+0000][7][safepoint   ] Safepoint "Cleanup", Time since last: 2000467335 ns, Reaching safepoint: 21882 ns, Cleanup: 18395 ns, At safepoint: 22353 ns, Total: 62630 ns
[2024-02-18T10:59:44.386+0000][7][safepoint   ] Safepoint "Cleanup", Time since last: 2000441147 ns, Reaching safepoint: 20158 ns, Cleanup: 18275 ns, At safepoint: 3968 ns, Total: 42401 ns
[2024-02-18T10:59:45.387+0000][7][safepoint   ] Safepoint "Cleanup", Time since last: 1000376875 ns, Reaching safepoint: 23284 ns, Cleanup: 19137 ns, At safepoint: 3737 ns, Total: 46158 ns
[2024-02-18T10:59:46.387+0000][7][safepoint   ] Safepoint "Cleanup", Time since last: 1000365057 ns, Reaching safepoint: 20288 ns, Cleanup: 11372 ns, At safepoint: 3066 ns, Total: 34726 ns
[2024-02-18T10:59:51.388+0000][7][safepoint   ] Safepoint "Cleanup", Time since last: 5000692888 ns, Reaching safepoint: 17854 ns, Cleanup: 38564 ns, At safepoint: 4268 ns, Total: 60686 ns
[2024-02-18T10:59:52.388+0000][7][safepoint   ] Safepoint "Cleanup", Time since last: 1000343416 ns, Reaching safepoint: 17233 ns, Cleanup: 24367 ns, At safepoint: 3296 ns, Total: 44896 ns
[2024-02-18T10:59:57.389+0000][7][safepoint   ] Safepoint "Cleanup", Time since last: 5000577926 ns, Reaching safepoint: 18846 ns, Cleanup: 24988 ns, At safepoint: 3487 ns, Total: 47321 ns
[2024-02-18T10:59:58.389+0000][7][safepoint   ] Safepoint "Cleanup", Time since last: 1000474917 ns, Reaching safepoint: 18816 ns, Cleanup: 27834 ns, At safepoint: 3076 ns, Total: 49726 ns
[2024-02-18T10:59:59.390+0000][7][safepoint   ] Safepoint "Cleanup", Time since last: 1000349066 ns, Reaching safepoint: 18997 ns, Cleanup: 13395 ns, At safepoint: 3587 ns, Total: 35979 ns
[2024-02-18T11:00:00.390+0000][7][safepoint   ] Safepoint "Cleanup", Time since last: 1000379004 ns, Reaching safepoint: 32923 ns, Cleanup: 22764 ns, At safepoint: 3757 ns, Total: 59444 ns
[2024-02-18T11:00:01.391+0000][7][safepoint   ] Safepoint "Cleanup", Time since last: 1000685441 ns, Reaching safepoint: 18866 ns, Cleanup: 12915 ns, At safepoint: 2945 ns, Total: 34726 ns
[2024-02-18T11:00:04.391+0000][7][safepoint   ] Safepoint "Cleanup", Time since last: 3000455687 ns, Reaching safepoint: 18666 ns, Cleanup: 21060 ns, At safepoint: 13716 ns, Total: 53442 ns
[2024-02-18T11:00:06.392+0000][7][safepoint   ] Safepoint "Cleanup", Time since last: 2000447293 ns, Reaching safepoint: 17694 ns, Cleanup: 11452 ns, At safepoint: 2665 ns, Total: 31811 ns
[2024-02-18T11:00:07.392+0000][7][safepoint   ] Safepoint "Cleanup", Time since last: 1000329058 ns, Reaching safepoint: 19077 ns, Cleanup: 15259 ns, At safepoint: 3427 ns, Total: 37763 ns
[2024-02-18T11:00:09.393+0000][7][safepoint   ] Safepoint "Cleanup", Time since last: 2000494513 ns, Reaching safepoint: 18275 ns, Cleanup: 14969 ns, At safepoint: 3847 ns, Total: 37091 ns
[2024-02-18T11:00:10.250+0000][7][gc,start    ] GC(29) Pause Young (Normal) (G1 Evacuation Pause)
[2024-02-18T11:00:10.250+0000][7][gc,task     ] GC(29) Using 12 workers of 13 for evacuation
[2024-02-18T11:00:10.250+0000][7][gc,age      ] GC(29) Desired survivor size 20971520 bytes, new threshold 15 (max threshold 15)
[2024-02-18T11:00:10.267+0000][7][gc,phases   ] GC(29)   Pre Evacuate Collection Set: 0.2ms
[2024-02-18T11:00:10.267+0000][7][gc,phases   ] GC(29)   Merge Heap Roots: 0.1ms
[2024-02-18T11:00:10.267+0000][7][gc,phases   ] GC(29)   Evacuate Collection Set: 14.8ms
[2024-02-18T11:00:10.267+0000][7][gc,phases   ] GC(29)   Post Evacuate Collection Set: 1.0ms
[2024-02-18T11:00:10.267+0000][7][gc,phases   ] GC(29)   Other: 0.3ms
[2024-02-18T11:00:10.267+0000][7][gc,age      ] GC(29) Age table with threshold 15 (max threshold 15)
[2024-02-18T11:00:10.267+0000][7][gc,age      ] GC(29) - age   1:    5647608 bytes,    5647608 total
[2024-02-18T11:00:10.267+0000][7][gc,age      ] GC(29) - age   2:     255328 bytes,    5902936 total
[2024-02-18T11:00:10.268+0000][7][gc,age      ] GC(29) - age   3:     224248 bytes,    6127184 total
[2024-02-18T11:00:10.268+0000][7][gc,age      ] GC(29) - age   4:    1518264 bytes,    7645448 total
[2024-02-18T11:00:10.268+0000][7][gc,age      ] GC(29) - age   5:     256136 bytes,    7901584 total
[2024-02-18T11:00:10.268+0000][7][gc,age      ] GC(29) - age   6:     352688 bytes,    8254272 total
[2024-02-18T11:00:10.268+0000][7][gc,age      ] GC(29) - age   7:     364920 bytes,    8619192 total
[2024-02-18T11:00:10.268+0000][7][gc,age      ] GC(29) - age   8:     189112 bytes,    8808304 total
[2024-02-18T11:00:10.268+0000][7][gc,age      ] GC(29) - age   9:    1147152 bytes,    9955456 total
[2024-02-18T11:00:10.268+0000][7][gc,age      ] GC(29) - age  10:    6362128 bytes,   16317584 total
[2024-02-18T11:00:10.268+0000][7][gc,heap     ] GC(29) Eden regions: 72->0(71)
[2024-02-18T11:00:10.269+0000][7][gc,heap     ] GC(29) Survivor regions: 4->5(10)
[2024-02-18T11:00:10.269+0000][7][gc,heap     ] GC(29) Old regions: 28->28
[2024-02-18T11:00:10.269+0000][7][gc,heap     ] GC(29) Humongous regions: 2->2
[2024-02-18T11:00:10.269+0000][7][gc,metaspace] GC(29) Metaspace: 120879K(123904K)->120879K(123904K) NonClass: 104756K(106432K)->104756K(106432K) Class: 16123K(17472K)->16123K(17472K)
[2024-02-18T11:00:10.269+0000][7][gc          ] GC(29) Pause Young (Normal) (G1 Evacuation Pause) 419M->136M(512M) 18.935ms
[2024-02-18T11:00:10.269+0000][7][gc,cpu      ] GC(29) User=0.06s Sys=0.01s Real=0.02s
[2024-02-18T11:00:10.269+0000][7][safepoint   ] Safepoint "G1CollectForAllocation", Time since last: 857275817 ns, Reaching safepoint: 16983 ns, Cleanup: 9758 ns, At safepoint: 19250391 ns, Total: 19277132 ns
[2024-02-18T11:00:11.270+0000][7][safepoint   ] Safepoint "Cleanup", Time since last: 1000213427 ns, Reaching safepoint: 16802 ns, Cleanup: 11011 ns, At safepoint: 3426 ns, Total: 31239 ns
[2024-02-18T11:00:13.270+0000][7][safepoint   ] Safepoint "Cleanup", Time since last: 2000590032 ns, Reaching safepoint: 56167 ns, Cleanup: 18215 ns, At safepoint: 7775 ns, Total: 82157 ns
[2024-02-18T11:00:14.271+0000][7][safepoint   ] Safepoint "Cleanup", Time since last: 1000415328 ns, Reaching safepoint: 28866 ns, Cleanup: 19036 ns, At safepoint: 4038 ns, Total: 51940 ns
[2024-02-18T11:00:18.706+0000][7][safepoint   ] Safepoint "Cleanup", Time since last: 4434931099 ns, Reaching safepoint: 23214 ns, Cleanup: 41559 ns, At safepoint: 12895 ns, Total: 77668 ns
[2024-02-18T11:00:19.706+0000][7][safepoint   ] Safepoint "Cleanup", Time since last: 1000290556 ns, Reaching safepoint: 16762 ns, Cleanup: 10891 ns, At safepoint: 2685 ns, Total: 30338 ns
[2024-02-18T11:00:27.403+0000][7][safepoint   ] Safepoint "Cleanup", Time since last: 7696736679 ns, Reaching safepoint: 25800 ns, Cleanup: 20279 ns, At safepoint: 3937 ns, Total: 50016 ns
[2024-02-18T11:00:28.403+0000][7][safepoint   ] Safepoint "Cleanup", Time since last: 1000363705 ns, Reaching safepoint: 20289 ns, Cleanup: 13376 ns, At safepoint: 3517 ns, Total: 37182 ns
[2024-02-18T11:00:30.404+0000][7][safepoint   ] Safepoint "Cleanup", Time since last: 2000463804 ns, Reaching safepoint: 19678 ns, Cleanup: 13926 ns, At safepoint: 3567 ns, Total: 37171 ns
[2024-02-18T11:00:31.404+0000][7][safepoint   ] Safepoint "Cleanup", Time since last: 1000380848 ns, Reaching safepoint: 19367 ns, Cleanup: 13656 ns, At safepoint: 3356 ns, Total: 36379 ns
[2024-02-18T11:00:33.405+0000][7][safepoint   ] Safepoint "Cleanup", Time since last: 2000496598 ns, Reaching safepoint: 19587 ns, Cleanup: 12534 ns, At safepoint: 2916 ns, Total: 35037 ns
[2024-02-18T11:00:35.405+0000][7][safepoint   ] Safepoint "Cleanup", Time since last: 2000436257 ns, Reaching safepoint: 21340 ns, Cleanup: 50838 ns, At safepoint: 3336 ns, Total: 75514 ns
[2024-02-18T11:00:36.405+0000][7][safepoint   ] Safepoint "Cleanup", Time since last: 1000246715 ns, Reaching safepoint: 19618 ns, Cleanup: 14478 ns, At safepoint: 3366 ns, Total: 37462 ns
[2024-02-18T11:00:39.406+0000][7][safepoint   ] Safepoint "Cleanup", Time since last: 3000518818 ns, Reaching safepoint: 22914 ns, Cleanup: 15349 ns, At safepoint: 3998 ns, Total: 42261 ns
[2024-02-18T11:00:40.406+0000][7][safepoint   ] Safepoint "Cleanup", Time since last: 1000355739 ns, Reaching safepoint: 18255 ns, Cleanup: 14859 ns, At safepoint: 3336 ns, Total: 36450 ns
[2024-02-18T11:00:42.407+0000][7][safepoint   ] Safepoint "Cleanup", Time since last: 2000528498 ns, Reaching safepoint: 18947 ns, Cleanup: 12544 ns, At safepoint: 3386 ns, Total: 34877 ns
[2024-02-18T11:00:43.407+0000][7][safepoint   ] Safepoint "Cleanup", Time since last: 1000392320 ns, Reaching safepoint: 17804 ns, Cleanup: 13445 ns, At safepoint: 3267 ns, Total: 34516 ns
[2024-02-18T11:00:44.408+0000][7][safepoint   ] Safepoint "Cleanup", Time since last: 1000351050 ns, Reaching safepoint: 45708 ns, Cleanup: 22082 ns, At safepoint: 4719 ns, Total: 72509 ns
[2024-02-18T11:00:45.408+0000][7][safepoint   ] Safepoint "Cleanup", Time since last: 1000482131 ns, Reaching safepoint: 18766 ns, Cleanup: 16552 ns, At safepoint: 4058 ns, Total: 39376 ns
[2024-02-18T11:00:47.409+0000][7][safepoint   ] Safepoint "Cleanup", Time since last: 2000422190 ns, Reaching safepoint: 18686 ns, Cleanup: 12203 ns, At safepoint: 3727 ns, Total: 34616 ns
[2024-02-18T11:00:51.409+0000][7][safepoint   ] Safepoint "Cleanup", Time since last: 4000653999 ns, Reaching safepoint: 20359 ns, Cleanup: 26601 ns, At safepoint: 3406 ns, Total: 50366 ns
[2024-02-18T11:00:52.410+0000][7][safepoint   ] Safepoint "Cleanup", Time since last: 1000348476 ns, Reaching safepoint: 23305 ns, Cleanup: 15880 ns, At safepoint: 4409 ns, Total: 43594 ns
[2024-02-18T11:00:54.410+0000][7][safepoint   ] Safepoint "Cleanup", Time since last: 2000451650 ns, Reaching safepoint: 19968 ns, Cleanup: 11302 ns, At safepoint: 28495 ns, Total: 59765 ns
[2024-02-18T11:00:55.411+0000][7][safepoint   ] Safepoint "Cleanup", Time since last: 1000244176 ns, Reaching safepoint: 17243 ns, Cleanup: 15589 ns, At safepoint: 3587 ns, Total: 36419 ns
[2024-02-18T11:00:59.050+0000][7][gc,start    ] GC(30) Pause Young (Normal) (G1 Evacuation Pause)
[2024-02-18T11:00:59.051+0000][7][gc,task     ] GC(30) Using 12 workers of 13 for evacuation
[2024-02-18T11:00:59.051+0000][7][gc,age      ] GC(30) Desired survivor size 20971520 bytes, new threshold 15 (max threshold 15)
[2024-02-18T11:00:59.071+0000][7][gc,phases   ] GC(30)   Pre Evacuate Collection Set: 0.2ms
[2024-02-18T11:00:59.072+0000][7][gc,phases   ] GC(30)   Merge Heap Roots: 0.1ms
[2024-02-18T11:00:59.072+0000][7][gc,phases   ] GC(30)   Evacuate Collection Set: 18.9ms
[2024-02-18T11:00:59.072+0000][7][gc,phases   ] GC(30)   Post Evacuate Collection Set: 1.3ms
[2024-02-18T11:00:59.072+0000][7][gc,phases   ] GC(30)   Other: 0.4ms
[2024-02-18T11:00:59.072+0000][7][gc,age      ] GC(30) Age table with threshold 15 (max threshold 15)
[2024-02-18T11:00:59.072+0000][7][gc,age      ] GC(30) - age   1:    1019768 bytes,    1019768 total
[2024-02-18T11:00:59.072+0000][7][gc,age      ] GC(30) - age   2:     297944 bytes,    1317712 total
[2024-02-18T11:00:59.072+0000][7][gc,age      ] GC(30) - age   3:     248256 bytes,    1565968 total
[2024-02-18T11:00:59.073+0000][7][gc,age      ] GC(30) - age   4:     223264 bytes,    1789232 total
[2024-02-18T11:00:59.073+0000][7][gc,age      ] GC(30) - age   5:    1517776 bytes,    3307008 total
[2024-02-18T11:00:59.073+0000][7][gc,age      ] GC(30) - age   6:     256072 bytes,    3563080 total
[2024-02-18T11:00:59.073+0000][7][gc,age      ] GC(30) - age   7:     352688 bytes,    3915768 total
[2024-02-18T11:00:59.073+0000][7][gc,age      ] GC(30) - age   8:     364856 bytes,    4280624 total
[2024-02-18T11:00:59.073+0000][7][gc,age      ] GC(30) - age   9:     188952 bytes,    4469576 total
[2024-02-18T11:00:59.073+0000][7][gc,age      ] GC(30) - age  10:    1147016 bytes,    5616592 total
[2024-02-18T11:00:59.073+0000][7][gc,age      ] GC(30) - age  11:    6362128 bytes,   11978720 total
[2024-02-18T11:00:59.073+0000][7][gc,heap     ] GC(30) Eden regions: 71->0(72)
[2024-02-18T11:00:59.073+0000][7][gc,heap     ] GC(30) Survivor regions: 5->4(10)
[2024-02-18T11:00:59.074+0000][7][gc,heap     ] GC(30) Old regions: 28->28
[2024-02-18T11:00:59.074+0000][7][gc,heap     ] GC(30) Humongous regions: 2->2
[2024-02-18T11:00:59.074+0000][7][gc,metaspace] GC(30) Metaspace: 120942K(123968K)->120942K(123968K) NonClass: 104818K(106496K)->104818K(106496K) Class: 16123K(17472K)->16123K(17472K)
[2024-02-18T11:00:59.074+0000][7][gc          ] GC(30) Pause Young (Normal) (G1 Evacuation Pause) 420M->131M(512M) 23.673ms
[2024-02-18T11:00:59.074+0000][7][gc,cpu      ] GC(30) User=0.07s Sys=0.01s Real=0.02s
[2024-02-18T11:00:59.074+0000][7][safepoint   ] Safepoint "G1CollectForAllocation", Time since last: 3639542460 ns, Reaching safepoint: 15380 ns, Cleanup: 12083 ns, At safepoint: 23982919 ns, Total: 24010382 ns
[2024-02-18T11:01:02.075+0000][7][safepoint   ] Safepoint "Cleanup", Time since last: 3000361046 ns, Reaching safepoint: 21832 ns, Cleanup: 10770 ns, At safepoint: 3848 ns, Total: 36450 ns
[2024-02-18T11:01:04.075+0000][7][safepoint   ] Safepoint "Cleanup", Time since last: 2000343203 ns, Reaching safepoint: 19758 ns, Cleanup: 28585 ns, At safepoint: 3376 ns, Total: 51719 ns
[2024-02-18T11:01:07.076+0000][7][safepoint   ] Safepoint "Cleanup", Time since last: 3000562521 ns, Reaching safepoint: 22534 ns, Cleanup: 14798 ns, At safepoint: 3847 ns, Total: 41179 ns
[2024-02-18T11:01:10.076+0000][7][safepoint   ] Safepoint "Cleanup", Time since last: 3000606296 ns, Reaching safepoint: 23836 ns, Cleanup: 19607 ns, At safepoint: 15921 ns, Total: 59364 ns
[2024-02-18T11:01:11.077+0000][7][safepoint   ] Safepoint "Cleanup", Time since last: 1000329138 ns, Reaching safepoint: 19808 ns, Cleanup: 24357 ns, At safepoint: 3827 ns, Total: 47992 ns
[2024-02-18T11:01:15.077+0000][7][safepoint   ] Safepoint "Cleanup", Time since last: 4000655848 ns, Reaching safepoint: 40097 ns, Cleanup: 21992 ns, At safepoint: 3777 ns, Total: 65866 ns
[2024-02-18T11:01:17.078+0000][7][safepoint   ] Safepoint "Cleanup", Time since last: 2000398936 ns, Reaching safepoint: 19367 ns, Cleanup: 11852 ns, At safepoint: 3096 ns, Total: 34315 ns
[2024-02-18T11:01:19.078+0000][7][safepoint   ] Safepoint "Cleanup", Time since last: 2000488125 ns, Reaching safepoint: 19418 ns, Cleanup: 27943 ns, At safepoint: 4819 ns, Total: 52180 ns
[2024-02-18T11:01:22.079+0000][7][safepoint   ] Safepoint "Cleanup", Time since last: 3000599764 ns, Reaching safepoint: 20279 ns, Cleanup: 42050 ns, At safepoint: 4419 ns, Total: 66748 ns
[2024-02-18T11:01:27.424+0000][7][safepoint   ] Safepoint "Cleanup", Time since last: 5344500503 ns, Reaching safepoint: 15841 ns, Cleanup: 19076 ns, At safepoint: 7895 ns, Total: 42812 ns
[2024-02-18T11:01:28.424+0000][7][safepoint   ] Safepoint "Cleanup", Time since last: 1000263158 ns, Reaching safepoint: 19417 ns, Cleanup: 34526 ns, At safepoint: 3216 ns, Total: 57159 ns
[2024-02-18T11:01:30.424+0000][7][safepoint   ] Safepoint "Cleanup", Time since last: 2000461815 ns, Reaching safepoint: 16702 ns, Cleanup: 15610 ns, At safepoint: 3056 ns, Total: 35368 ns
[2024-02-18T11:01:32.425+0000][7][safepoint   ] Safepoint "Cleanup", Time since last: 2000407627 ns, Reaching safepoint: 19117 ns, Cleanup: 13145 ns, At safepoint: 3526 ns, Total: 35788 ns
[2024-02-18T11:01:37.426+0000][7][safepoint   ] Safepoint "Cleanup", Time since last: 5000744016 ns, Reaching safepoint: 18956 ns, Cleanup: 14057 ns, At safepoint: 3166 ns, Total: 36179 ns
[2024-02-18T11:01:39.426+0000][7][safepoint   ] Safepoint "Cleanup", Time since last: 2000428606 ns, Reaching safepoint: 19648 ns, Cleanup: 13796 ns, At safepoint: 13115 ns, Total: 46559 ns
[2024-02-18T11:01:41.426+0000][7][safepoint   ] Safepoint "Cleanup", Time since last: 2000405994 ns, Reaching safepoint: 20469 ns, Cleanup: 23545 ns, At safepoint: 3517 ns, Total: 47531 ns
[2024-02-18T11:01:42.427+0000][7][safepoint   ] Safepoint "Cleanup", Time since last: 1000356000 ns, Reaching safepoint: 16862 ns, Cleanup: 7925 ns, At safepoint: 12174 ns, Total: 36961 ns
[2024-02-18T11:01:44.427+0000][7][safepoint   ] Safepoint "Cleanup", Time since last: 2000296864 ns, Reaching safepoint: 34937 ns, Cleanup: 12394 ns, At safepoint: 3086 ns, Total: 50417 ns
[2024-02-18T11:01:45.428+0000][7][safepoint   ] Safepoint "Cleanup", Time since last: 1000238345 ns, Reaching safepoint: 16782 ns, Cleanup: 18516 ns, At safepoint: 3166 ns, Total: 38464 ns
[2024-02-18T11:01:46.428+0000][7][safepoint   ] Safepoint "Cleanup", Time since last: 1000407799 ns, Reaching safepoint: 18716 ns, Cleanup: 16150 ns, At safepoint: 3046 ns, Total: 37912 ns
[2024-02-18T11:01:48.220+0000][7][gc,start    ] GC(31) Pause Young (Normal) (G1 Evacuation Pause)
[2024-02-18T11:01:48.221+0000][7][gc,task     ] GC(31) Using 12 workers of 13 for evacuation
[2024-02-18T11:01:48.221+0000][7][gc,age      ] GC(31) Desired survivor size 20971520 bytes, new threshold 15 (max threshold 15)
[2024-02-18T11:01:48.243+0000][7][gc,phases   ] GC(31)   Pre Evacuate Collection Set: 0.3ms
[2024-02-18T11:01:48.243+0000][7][gc,phases   ] GC(31)   Merge Heap Roots: 0.2ms
[2024-02-18T11:01:48.243+0000][7][gc,phases   ] GC(31)   Evacuate Collection Set: 20.4ms
[2024-02-18T11:01:48.243+0000][7][gc,phases   ] GC(31)   Post Evacuate Collection Set: 1.0ms
[2024-02-18T11:01:48.243+0000][7][gc,phases   ] GC(31)   Other: 0.4ms
[2024-02-18T11:01:48.244+0000][7][gc,age      ] GC(31) Age table with threshold 15 (max threshold 15)
[2024-02-18T11:01:48.244+0000][7][gc,age      ] GC(31) - age   1:     978280 bytes,     978280 total
[2024-02-18T11:01:48.244+0000][7][gc,age      ] GC(31) - age   2:     142040 bytes,    1120320 total
[2024-02-18T11:01:48.244+0000][7][gc,age      ] GC(31) - age   3:     292120 bytes,    1412440 total
[2024-02-18T11:01:48.244+0000][7][gc,age      ] GC(31) - age   4:     247432 bytes,    1659872 total
[2024-02-18T11:01:48.244+0000][7][gc,age      ] GC(31) - age   5:     223072 bytes,    1882944 total
[2024-02-18T11:01:48.244+0000][7][gc,age      ] GC(31) - age   6:    1486832 bytes,    3369776 total
[2024-02-18T11:01:48.244+0000][7][gc,age      ] GC(31) - age   7:     255600 bytes,    3625376 total
[2024-02-18T11:01:48.244+0000][7][gc,age      ] GC(31) - age   8:     352688 bytes,    3978064 total
[2024-02-18T11:01:48.244+0000][7][gc,age      ] GC(31) - age   9:     314248 bytes,    4292312 total
[2024-02-18T11:01:48.244+0000][7][gc,age      ] GC(31) - age  10:     188952 bytes,    4481264 total
[2024-02-18T11:01:48.245+0000][7][gc,age      ] GC(31) - age  11:    1107584 bytes,    5588848 total
[2024-02-18T11:01:48.245+0000][7][gc,age      ] GC(31) - age  12:    6360976 bytes,   11949824 total
[2024-02-18T11:01:48.245+0000][7][gc,heap     ] GC(31) Eden regions: 72->0(72)
[2024-02-18T11:01:48.245+0000][7][gc,heap     ] GC(31) Survivor regions: 4->4(10)
[2024-02-18T11:01:48.245+0000][7][gc,heap     ] GC(31) Old regions: 28->28
[2024-02-18T11:01:48.245+0000][7][gc,heap     ] GC(31) Humongous regions: 2->2
[2024-02-18T11:01:48.245+0000][7][gc,metaspace] GC(31) Metaspace: 121208K(124224K)->121208K(124224K) NonClass: 105044K(106688K)->105044K(106688K) Class: 16163K(17536K)->16163K(17536K)
[2024-02-18T11:01:48.245+0000][7][gc          ] GC(31) Pause Young (Normal) (G1 Evacuation Pause) 419M->131M(512M) 24.951ms
[2024-02-18T11:01:48.245+0000][7][gc,cpu      ] GC(31) User=0.09s Sys=0.00s Real=0.02s
[2024-02-18T11:01:48.246+0000][7][safepoint   ] Safepoint "G1CollectForAllocation", Time since last: 1792256072 ns, Reaching safepoint: 27513 ns, Cleanup: 16321 ns, At safepoint: 25253779 ns, Total: 25297613 ns
[2024-02-18T11:01:49.246+0000][7][safepoint   ] Safepoint "Cleanup", Time since last: 1000199861 ns, Reaching safepoint: 18726 ns, Cleanup: 12554 ns, At safepoint: 3497 ns, Total: 34777 ns
[2024-02-18T11:01:50.246+0000][7][safepoint   ] Safepoint "Cleanup", Time since last: 1000389704 ns, Reaching safepoint: 19959 ns, Cleanup: 13586 ns, At safepoint: 3546 ns, Total: 37091 ns
[2024-02-18T11:01:51.247+0000][7][safepoint   ] Safepoint "Cleanup", Time since last: 1000343331 ns, Reaching safepoint: 17834 ns, Cleanup: 18696 ns, At safepoint: 2956 ns, Total: 39486 ns
[2024-02-18T11:01:52.247+0000][7][safepoint   ] Safepoint "Cleanup", Time since last: 1000260537 ns, Reaching safepoint: 19177 ns, Cleanup: 12974 ns, At safepoint: 3177 ns, Total: 35328 ns
[2024-02-18T11:01:55.247+0000][7][safepoint   ] Safepoint "Cleanup", Time since last: 3000539497 ns, Reaching safepoint: 19918 ns, Cleanup: 11161 ns, At safepoint: 3677 ns, Total: 34756 ns
[2024-02-18T11:01:56.248+0000][7][safepoint   ] Safepoint "Cleanup", Time since last: 1000520475 ns, Reaching safepoint: 35098 ns, Cleanup: 35117 ns, At safepoint: 5921 ns, Total: 76136 ns
[2024-02-18T11:01:57.248+0000][7][safepoint   ] Safepoint "Cleanup", Time since last: 1000324580 ns, Reaching safepoint: 17283 ns, Cleanup: 14498 ns, At safepoint: 12313 ns, Total: 44094 ns
[2024-02-18T11:01:58.249+0000][7][safepoint   ] Safepoint "Cleanup", Time since last: 1000236932 ns, Reaching safepoint: 17454 ns, Cleanup: 13215 ns, At safepoint: 3166 ns, Total: 33835 ns
[2024-02-18T11:02:00.249+0000][7][safepoint   ] Safepoint "Cleanup", Time since last: 2000348744 ns, Reaching safepoint: 18075 ns, Cleanup: 20038 ns, At safepoint: 3186 ns, Total: 41299 ns
[2024-02-18T11:02:01.249+0000][7][safepoint   ] Safepoint "Cleanup", Time since last: 1000276371 ns, Reaching safepoint: 27603 ns, Cleanup: 31210 ns, At safepoint: 3757 ns, Total: 62570 ns
[2024-02-18T11:02:02.250+0000][7][safepoint   ] Safepoint "Cleanup", Time since last: 1000356778 ns, Reaching safepoint: 19968 ns, Cleanup: 14798 ns, At safepoint: 3327 ns, Total: 38093 ns
[2024-02-18T11:02:04.250+0000][7][safepoint   ] Safepoint "Cleanup", Time since last: 2000433526 ns, Reaching safepoint: 20750 ns, Cleanup: 14898 ns, At safepoint: 3417 ns, Total: 39065 ns
[2024-02-18T11:02:08.251+0000][7][safepoint   ] Safepoint "Cleanup", Time since last: 4000619272 ns, Reaching safepoint: 28214 ns, Cleanup: 17383 ns, At safepoint: 4499 ns, Total: 50096 ns
[2024-02-18T11:02:11.252+0000][7][safepoint   ] Safepoint "Cleanup", Time since last: 3000583362 ns, Reaching safepoint: 21671 ns, Cleanup: 13997 ns, At safepoint: 3807 ns, Total: 39475 ns
[2024-02-18T11:02:12.252+0000][7][safepoint   ] Safepoint "Cleanup", Time since last: 1000439490 ns, Reaching safepoint: 20158 ns, Cleanup: 12254 ns, At safepoint: 3587 ns, Total: 35999 ns
[2024-02-18T11:02:17.253+0000][7][safepoint   ] Safepoint "Cleanup", Time since last: 5000708988 ns, Reaching safepoint: 20029 ns, Cleanup: 20569 ns, At safepoint: 3427 ns, Total: 44025 ns
[2024-02-18T11:02:18.253+0000][7][safepoint   ] Safepoint "Cleanup", Time since last: 1000341792 ns, Reaching safepoint: 17564 ns, Cleanup: 12935 ns, At safepoint: 2635 ns, Total: 33134 ns
[2024-02-18T11:02:19.254+0000][7][safepoint   ] Safepoint "Cleanup", Time since last: 1000413790 ns, Reaching safepoint: 19307 ns, Cleanup: 12484 ns, At safepoint: 3357 ns, Total: 35148 ns
[2024-02-18T11:02:22.254+0000][7][safepoint   ] Safepoint "Cleanup", Time since last: 3000481466 ns, Reaching safepoint: 19347 ns, Cleanup: 22793 ns, At safepoint: 3587 ns, Total: 45727 ns
[2024-02-18T11:02:24.255+0000][7][safepoint   ] Safepoint "Cleanup", Time since last: 2000415357 ns, Reaching safepoint: 19207 ns, Cleanup: 9228 ns, At safepoint: 3376 ns, Total: 31811 ns
[2024-02-18T11:02:25.445+0000][7][safepoint   ] Safepoint "Cleanup", Time since last: 1189985819 ns, Reaching safepoint: 20569 ns, Cleanup: 13386 ns, At safepoint: 3827 ns, Total: 37782 ns
[2024-02-18T11:02:27.445+0000][7][safepoint   ] Safepoint "Cleanup", Time since last: 2000470989 ns, Reaching safepoint: 18565 ns, Cleanup: 12234 ns, At safepoint: 3376 ns, Total: 34175 ns
[2024-02-18T11:02:28.446+0000][7][safepoint   ] Safepoint "Cleanup", Time since last: 1000387530 ns, Reaching safepoint: 19948 ns, Cleanup: 16773 ns, At safepoint: 3817 ns, Total: 40538 ns
[2024-02-18T11:02:30.446+0000][7][safepoint   ] Safepoint "Cleanup", Time since last: 2000605170 ns, Reaching safepoint: 19467 ns, Cleanup: 16301 ns, At safepoint: 3657 ns, Total: 39425 ns
[2024-02-18T11:02:33.447+0000][7][safepoint   ] Safepoint "Cleanup", Time since last: 3000591032 ns, Reaching safepoint: 18956 ns, Cleanup: 15650 ns, At safepoint: 3727 ns, Total: 38333 ns
[2024-02-18T11:02:38.448+0000][7][safepoint   ] Safepoint "Cleanup", Time since last: 5000798825 ns, Reaching safepoint: 19828 ns, Cleanup: 14748 ns, At safepoint: 3767 ns, Total: 38343 ns
[2024-02-18T11:02:40.665+0000][7][gc,start    ] GC(32) Pause Young (Normal) (G1 Evacuation Pause)
[2024-02-18T11:02:40.665+0000][7][gc,task     ] GC(32) Using 12 workers of 13 for evacuation
[2024-02-18T11:02:40.665+0000][7][gc,age      ] GC(32) Desired survivor size 20971520 bytes, new threshold 15 (max threshold 15)
[2024-02-18T11:02:40.683+0000][7][gc,phases   ] GC(32)   Pre Evacuate Collection Set: 0.2ms
[2024-02-18T11:02:40.683+0000][7][gc,phases   ] GC(32)   Merge Heap Roots: 0.1ms
[2024-02-18T11:02:40.683+0000][7][gc,phases   ] GC(32)   Evacuate Collection Set: 16.8ms
[2024-02-18T11:02:40.683+0000][7][gc,phases   ] GC(32)   Post Evacuate Collection Set: 0.8ms
[2024-02-18T11:02:40.683+0000][7][gc,phases   ] GC(32)   Other: 0.3ms
[2024-02-18T11:02:40.683+0000][7][gc,age      ] GC(32) Age table with threshold 15 (max threshold 15)
[2024-02-18T11:02:40.684+0000][7][gc,age      ] GC(32) - age   1:    5676424 bytes,    5676424 total
[2024-02-18T11:02:40.684+0000][7][gc,age      ] GC(32) - age   2:     258912 bytes,    5935336 total
[2024-02-18T11:02:40.684+0000][7][gc,age      ] GC(32) - age   3:     139568 bytes,    6074904 total
[2024-02-18T11:02:40.684+0000][7][gc,age      ] GC(32) - age   4:     289056 bytes,    6363960 total
[2024-02-18T11:02:40.684+0000][7][gc,age      ] GC(32) - age   5:     246952 bytes,    6610912 total
[2024-02-18T11:02:40.684+0000][7][gc,age      ] GC(32) - age   6:     223008 bytes,    6833920 total
[2024-02-18T11:02:40.684+0000][7][gc,age      ] GC(32) - age   7:    1473880 bytes,    8307800 total
[2024-02-18T11:02:40.684+0000][7][gc,age      ] GC(32) - age   8:     255600 bytes,    8563400 total
[2024-02-18T11:02:40.684+0000][7][gc,age      ] GC(32) - age   9:     352688 bytes,    8916088 total
[2024-02-18T11:02:40.684+0000][7][gc,age      ] GC(32) - age  10:     311144 bytes,    9227232 total
[2024-02-18T11:02:40.684+0000][7][gc,age      ] GC(32) - age  11:     188816 bytes,    9416048 total
[2024-02-18T11:02:40.684+0000][7][gc,age      ] GC(32) - age  12:     824296 bytes,   10240344 total
[2024-02-18T11:02:40.685+0000][7][gc,age      ] GC(32) - age  13:    6328568 bytes,   16568912 total
[2024-02-18T11:02:40.685+0000][7][gc,heap     ] GC(32) Eden regions: 72->0(71)
[2024-02-18T11:02:40.685+0000][7][gc,heap     ] GC(32) Survivor regions: 4->5(10)
[2024-02-18T11:02:40.685+0000][7][gc,heap     ] GC(32) Old regions: 28->28
[2024-02-18T11:02:40.685+0000][7][gc,heap     ] GC(32) Humongous regions: 2->2
[2024-02-18T11:02:40.685+0000][7][gc,metaspace] GC(32) Metaspace: 121277K(124288K)->121277K(124288K) NonClass: 105114K(106752K)->105114K(106752K) Class: 16163K(17536K)->16163K(17536K)
[2024-02-18T11:02:40.685+0000][7][gc          ] GC(32) Pause Young (Normal) (G1 Evacuation Pause) 419M->136M(512M) 20.504ms
[2024-02-18T11:02:40.685+0000][7][gc,cpu      ] GC(32) User=0.08s Sys=0.00s Real=0.02s
[2024-02-18T11:02:40.685+0000][7][safepoint   ] Safepoint "G1CollectForAllocation", Time since last: 2216794935 ns, Reaching safepoint: 15750 ns, Cleanup: 3177 ns, At safepoint: 20804196 ns, Total: 20823123 ns
[2024-02-18T11:02:42.686+0000][7][safepoint   ] Safepoint "Cleanup", Time since last: 2000378591 ns, Reaching safepoint: 19728 ns, Cleanup: 19688 ns, At safepoint: 3987 ns, Total: 43403 ns
[2024-02-18T11:02:43.686+0000][7][safepoint   ] Safepoint "Cleanup", Time since last: 1000394354 ns, Reaching safepoint: 19677 ns, Cleanup: 13286 ns, At safepoint: 2855 ns, Total: 35818 ns
[2024-02-18T11:02:51.687+0000][7][safepoint   ] Safepoint "Cleanup", Time since last: 8000963149 ns, Reaching safepoint: 20119 ns, Cleanup: 25018 ns, At safepoint: 3376 ns, Total: 48513 ns
[2024-02-18T11:03:01.689+0000][7][safepoint   ] Safepoint "Cleanup", Time since last: 10001407856 ns, Reaching safepoint: 19668 ns, Cleanup: 14899 ns, At safepoint: 3677 ns, Total: 38244 ns
[2024-02-18T11:03:03.689+0000][7][safepoint   ] Safepoint "Cleanup", Time since last: 2000426603 ns, Reaching safepoint: 19287 ns, Cleanup: 15409 ns, At safepoint: 3547 ns, Total: 38243 ns
[2024-02-18T11:03:07.690+0000][7][safepoint   ] Safepoint "Cleanup", Time since last: 4000578099 ns, Reaching safepoint: 19568 ns, Cleanup: 14478 ns, At safepoint: 3005 ns, Total: 37051 ns
[2024-02-18T11:03:08.690+0000][7][safepoint   ] Safepoint "Cleanup", Time since last: 1000336683 ns, Reaching safepoint: 20028 ns, Cleanup: 24968 ns, At safepoint: 3206 ns, Total: 48202 ns
[2024-02-18T11:03:18.691+0000][7][safepoint   ] Safepoint "Cleanup", Time since last: 10001218585 ns, Reaching safepoint: 18936 ns, Cleanup: 12714 ns, At safepoint: 3968 ns, Total: 35618 ns
[2024-02-18T11:03:20.692+0000][7][safepoint   ] Safepoint "Cleanup", Time since last: 2000348203 ns, Reaching safepoint: 18796 ns, Cleanup: 8787 ns, At safepoint: 2965 ns, Total: 30548 ns
[2024-02-18T11:03:21.692+0000][7][safepoint   ] Safepoint "Cleanup", Time since last: 1000369135 ns, Reaching safepoint: 18967 ns, Cleanup: 17052 ns, At safepoint: 2926 ns, Total: 38945 ns
[2024-02-18T11:03:26.466+0000][7][safepoint   ] Safepoint "Cleanup", Time since last: 4773607207 ns, Reaching safepoint: 20900 ns, Cleanup: 13827 ns, At safepoint: 3827 ns, Total: 38554 ns
[2024-02-18T11:03:27.466+0000][7][safepoint   ] Safepoint "Cleanup", Time since last: 1000419812 ns, Reaching safepoint: 16973 ns, Cleanup: 9127 ns, At safepoint: 3337 ns, Total: 29437 ns
[2024-02-18T11:03:28.467+0000][7][safepoint   ] Safepoint "Cleanup", Time since last: 1000308669 ns, Reaching safepoint: 20780 ns, Cleanup: 18976 ns, At safepoint: 3998 ns, Total: 43754 ns
[2024-02-18T11:03:30.467+0000][7][safepoint   ] Safepoint "Cleanup", Time since last: 2000431182 ns, Reaching safepoint: 20779 ns, Cleanup: 15741 ns, At safepoint: 4087 ns, Total: 40607 ns
[2024-02-18T11:03:33.468+0000][7][safepoint   ] Safepoint "Cleanup", Time since last: 3000571284 ns, Reaching safepoint: 18255 ns, Cleanup: 11372 ns, At safepoint: 3436 ns, Total: 33063 ns
[2024-02-18T11:03:39.274+0000][7][gc,start    ] GC(33) Pause Young (Normal) (G1 Evacuation Pause)
[2024-02-18T11:03:39.274+0000][7][gc,task     ] GC(33) Using 12 workers of 13 for evacuation
[2024-02-18T11:03:39.274+0000][7][gc,age      ] GC(33) Desired survivor size 20971520 bytes, new threshold 15 (max threshold 15)
[2024-02-18T11:03:39.295+0000][7][gc,phases   ] GC(33)   Pre Evacuate Collection Set: 0.2ms
[2024-02-18T11:03:39.295+0000][7][gc,phases   ] GC(33)   Merge Heap Roots: 0.1ms
[2024-02-18T11:03:39.295+0000][7][gc,phases   ] GC(33)   Evacuate Collection Set: 19.2ms
[2024-02-18T11:03:39.295+0000][7][gc,phases   ] GC(33)   Post Evacuate Collection Set: 1.0ms
[2024-02-18T11:03:39.296+0000][7][gc,phases   ] GC(33)   Other: 0.3ms
[2024-02-18T11:03:39.296+0000][7][gc,age      ] GC(33) Age table with threshold 15 (max threshold 15)
[2024-02-18T11:03:39.296+0000][7][gc,age      ] GC(33) - age   1:    1084440 bytes,    1084440 total
[2024-02-18T11:03:39.296+0000][7][gc,age      ] GC(33) - age   2:    4289832 bytes,    5374272 total
[2024-02-18T11:03:39.296+0000][7][gc,age      ] GC(33) - age   3:     256512 bytes,    5630784 total
[2024-02-18T11:03:39.296+0000][7][gc,age      ] GC(33) - age   4:     138128 bytes,    5768912 total
[2024-02-18T11:03:39.296+0000][7][gc,age      ] GC(33) - age   5:     288480 bytes,    6057392 total
[2024-02-18T11:03:39.297+0000][7][gc,age      ] GC(33) - age   6:     246760 bytes,    6304152 total
[2024-02-18T11:03:39.297+0000][7][gc,age      ] GC(33) - age   7:     222944 bytes,    6527096 total
[2024-02-18T11:03:39.297+0000][7][gc,age      ] GC(33) - age   8:    1473816 bytes,    8000912 total
[2024-02-18T11:03:39.297+0000][7][gc,age      ] GC(33) - age   9:     239448 bytes,    8240360 total
[2024-02-18T11:03:39.297+0000][7][gc,age      ] GC(33) - age  10:     352688 bytes,    8593048 total
[2024-02-18T11:03:39.297+0000][7][gc,age      ] GC(33) - age  11:     311144 bytes,    8904192 total
[2024-02-18T11:03:39.297+0000][7][gc,age      ] GC(33) - age  12:     188816 bytes,    9093008 total
[2024-02-18T11:03:39.297+0000][7][gc,age      ] GC(33) - age  13:     824264 bytes,    9917272 total
[2024-02-18T11:03:39.298+0000][7][gc,age      ] GC(33) - age  14:    6324384 bytes,   16241656 total
[2024-02-18T11:03:39.298+0000][7][gc,heap     ] GC(33) Eden regions: 71->0(71)
[2024-02-18T11:03:39.298+0000][7][gc,heap     ] GC(33) Survivor regions: 5->5(10)
[2024-02-18T11:03:39.298+0000][7][gc,heap     ] GC(33) Old regions: 28->28
[2024-02-18T11:03:39.298+0000][7][gc,heap     ] GC(33) Humongous regions: 2->2
[2024-02-18T11:03:39.298+0000][7][gc,metaspace] GC(33) Metaspace: 121338K(124352K)->121338K(124352K) NonClass: 105174K(106816K)->105174K(106816K) Class: 16163K(17536K)->16163K(17536K)
[2024-02-18T11:03:39.298+0000][7][gc          ] GC(33) Pause Young (Normal) (G1 Evacuation Pause) 420M->136M(512M) 24.329ms
[2024-02-18T11:03:39.298+0000][7][gc,cpu      ] GC(33) User=0.08s Sys=0.00s Real=0.03s
[2024-02-18T11:03:39.299+0000][7][safepoint   ] Safepoint "G1CollectForAllocation", Time since last: 5806304497 ns, Reaching safepoint: 17643 ns, Cleanup: 4058 ns, At safepoint: 24642107 ns, Total: 24663808 ns
[2024-02-18T11:03:42.299+0000][7][safepoint   ] Safepoint "Cleanup", Time since last: 3000425525 ns, Reaching safepoint: 18856 ns, Cleanup: 10330 ns, At safepoint: 3747 ns, Total: 32933 ns
[2024-02-18T11:03:51.300+0000][7][safepoint   ] Safepoint "Cleanup", Time since last: 9001036061 ns, Reaching safepoint: 41088 ns, Cleanup: 18856 ns, At safepoint: 4479 ns, Total: 64423 ns
[2024-02-18T11:03:52.300+0000][7][safepoint   ] Safepoint "Cleanup", Time since last: 1000291376 ns, Reaching safepoint: 21671 ns, Cleanup: 13306 ns, At safepoint: 3316 ns, Total: 38293 ns
[2024-02-18T11:03:55.301+0000][7][safepoint   ] Safepoint "Cleanup", Time since last: 3000526698 ns, Reaching safepoint: 16672 ns, Cleanup: 10590 ns, At safepoint: 3156 ns, Total: 30418 ns
[2024-02-18T11:03:56.301+0000][7][safepoint   ] Safepoint "Cleanup", Time since last: 1000275280 ns, Reaching safepoint: 18646 ns, Cleanup: 12594 ns, At safepoint: 2975 ns, Total: 34215 ns
[2024-02-18T11:03:57.301+0000][7][safepoint   ] Safepoint "Cleanup", Time since last: 1000326479 ns, Reaching safepoint: 18806 ns, Cleanup: 9549 ns, At safepoint: 3015 ns, Total: 31370 ns
[2024-02-18T11:03:58.302+0000][7][safepoint   ] Safepoint "Cleanup", Time since last: 1000291908 ns, Reaching safepoint: 19076 ns, Cleanup: 14348 ns, At safepoint: 4017 ns, Total: 37441 ns
[2024-02-18T11:04:02.303+0000][7][safepoint   ] Safepoint "Cleanup", Time since last: 4000747614 ns, Reaching safepoint: 19317 ns, Cleanup: 28284 ns, At safepoint: 3407 ns, Total: 51008 ns
[2024-02-18T11:04:07.303+0000][7][safepoint   ] Safepoint "Cleanup", Time since last: 5000698292 ns, Reaching safepoint: 33023 ns, Cleanup: 19798 ns, At safepoint: 4018 ns, Total: 56839 ns
[2024-02-18T11:04:10.304+0000][7][safepoint   ] Safepoint "Cleanup", Time since last: 3000458873 ns, Reaching safepoint: 20349 ns, Cleanup: 16111 ns, At safepoint: 3827 ns, Total: 40287 ns
[2024-02-18T11:04:11.304+0000][7][safepoint   ] Safepoint "Cleanup", Time since last: 1000364697 ns, Reaching safepoint: 19808 ns, Cleanup: 16030 ns, At safepoint: 3908 ns, Total: 39746 ns
[2024-02-18T11:04:12.305+0000][7][safepoint   ] Safepoint "Cleanup", Time since last: 1000274003 ns, Reaching safepoint: 21210 ns, Cleanup: 22533 ns, At safepoint: 3727 ns, Total: 47470 ns
[2024-02-18T11:04:13.305+0000][7][safepoint   ] Safepoint "Cleanup", Time since last: 1000314060 ns, Reaching safepoint: 19998 ns, Cleanup: 15630 ns, At safepoint: 3016 ns, Total: 38644 ns
[2024-02-18T11:04:14.305+0000][7][safepoint   ] Safepoint "Cleanup", Time since last: 1000326773 ns, Reaching safepoint: 21822 ns, Cleanup: 14107 ns, At safepoint: 4098 ns, Total: 40027 ns
[2024-02-18T11:04:15.306+0000][7][safepoint   ] Safepoint "Cleanup", Time since last: 1000333026 ns, Reaching safepoint: 38013 ns, Cleanup: 11292 ns, At safepoint: 3236 ns, Total: 52541 ns
[2024-02-18T11:04:16.306+0000][7][safepoint   ] Safepoint "Cleanup", Time since last: 1000217334 ns, Reaching safepoint: 19096 ns, Cleanup: 13025 ns, At safepoint: 3056 ns, Total: 35177 ns
[2024-02-18T11:04:17.306+0000][7][safepoint   ] Safepoint "Cleanup", Time since last: 1000235635 ns, Reaching safepoint: 20259 ns, Cleanup: 12554 ns, At safepoint: 2806 ns, Total: 35619 ns
[2024-02-18T11:04:21.307+0000][7][safepoint   ] Safepoint "Cleanup", Time since last: 4000604780 ns, Reaching safepoint: 17073 ns, Cleanup: 10520 ns, At safepoint: 3186 ns, Total: 30779 ns
[2024-02-18T11:04:26.487+0000][7][safepoint   ] Safepoint "Cleanup", Time since last: 5179724291 ns, Reaching safepoint: 21421 ns, Cleanup: 28935 ns, At safepoint: 3818 ns, Total: 54174 ns
[2024-02-18T11:04:27.487+0000][7][safepoint   ] Safepoint "Cleanup", Time since last: 1000362468 ns, Reaching safepoint: 19507 ns, Cleanup: 24717 ns, At safepoint: 3998 ns, Total: 48222 ns
[2024-02-18T11:04:28.488+0000][7][safepoint   ] Safepoint "Cleanup", Time since last: 1000328101 ns, Reaching safepoint: 20840 ns, Cleanup: 12634 ns, At safepoint: 2615 ns, Total: 36089 ns
[2024-02-18T11:04:36.556+0000][7][gc,start    ] GC(34) Pause Young (Normal) (G1 Evacuation Pause)
[2024-02-18T11:04:36.556+0000][7][gc,task     ] GC(34) Using 12 workers of 13 for evacuation
[2024-02-18T11:04:36.556+0000][7][gc,age      ] GC(34) Desired survivor size 20971520 bytes, new threshold 15 (max threshold 15)
[2024-02-18T11:04:36.583+0000][7][gc,phases   ] GC(34)   Pre Evacuate Collection Set: 0.2ms
[2024-02-18T11:04:36.583+0000][7][gc,phases   ] GC(34)   Merge Heap Roots: 0.1ms
[2024-02-18T11:04:36.583+0000][7][gc,phases   ] GC(34)   Evacuate Collection Set: 25.0ms
[2024-02-18T11:04:36.583+0000][7][gc,phases   ] GC(34)   Post Evacuate Collection Set: 1.0ms
[2024-02-18T11:04:36.583+0000][7][gc,phases   ] GC(34)   Other: 0.4ms
[2024-02-18T11:04:36.584+0000][7][gc,age      ] GC(34) Age table with threshold 15 (max threshold 15)
[2024-02-18T11:04:36.584+0000][7][gc,age      ] GC(34) - age   1:    1764704 bytes,    1764704 total
[2024-02-18T11:04:36.584+0000][7][gc,age      ] GC(34) - age   2:      83336 bytes,    1848040 total
[2024-02-18T11:04:36.584+0000][7][gc,age      ] GC(34) - age   3:    4275120 bytes,    6123160 total
[2024-02-18T11:04:36.584+0000][7][gc,age      ] GC(34) - age   4:     243664 bytes,    6366824 total
[2024-02-18T11:04:36.584+0000][7][gc,age      ] GC(34) - age   5:     108712 bytes,    6475536 total
[2024-02-18T11:04:36.584+0000][7][gc,age      ] GC(34) - age   6:     189328 bytes,    6664864 total
[2024-02-18T11:04:36.584+0000][7][gc,age      ] GC(34) - age   7:      49488 bytes,    6714352 total
[2024-02-18T11:04:36.584+0000][7][gc,age      ] GC(34) - age   8:      57408 bytes,    6771760 total
[2024-02-18T11:04:36.585+0000][7][gc,age      ] GC(34) - age   9:    1354552 bytes,    8126312 total
[2024-02-18T11:04:36.585+0000][7][gc,age      ] GC(34) - age  10:     156920 bytes,    8283232 total
[2024-02-18T11:04:36.585+0000][7][gc,age      ] GC(34) - age  11:     277792 bytes,    8561024 total
[2024-02-18T11:04:36.585+0000][7][gc,age      ] GC(34) - age  12:     311144 bytes,    8872168 total
[2024-02-18T11:04:36.585+0000][7][gc,age      ] GC(34) - age  13:     188816 bytes,    9060984 total
[2024-02-18T11:04:36.585+0000][7][gc,age      ] GC(34) - age  14:     823968 bytes,    9884952 total
[2024-02-18T11:04:36.585+0000][7][gc,age      ] GC(34) - age  15:    6297056 bytes,   16182008 total
[2024-02-18T11:04:36.585+0000][7][gc,heap     ] GC(34) Eden regions: 71->0(71)
[2024-02-18T11:04:36.585+0000][7][gc,heap     ] GC(34) Survivor regions: 5->5(10)
[2024-02-18T11:04:36.586+0000][7][gc,heap     ] GC(34) Old regions: 28->28
[2024-02-18T11:04:36.586+0000][7][gc,heap     ] GC(34) Humongous regions: 2->2
[2024-02-18T11:04:36.586+0000][7][gc,metaspace] GC(34) Metaspace: 121484K(124480K)->121484K(124480K) NonClass: 105312K(106944K)->105312K(106944K) Class: 16172K(17536K)->16172K(17536K)
[2024-02-18T11:04:36.586+0000][7][gc          ] GC(34) Pause Young (Normal) (G1 Evacuation Pause) 420M->136M(512M) 29.909ms
[2024-02-18T11:04:36.586+0000][7][gc,cpu      ] GC(34) User=0.07s Sys=0.02s Real=0.03s
[2024-02-18T11:04:36.586+0000][7][safepoint   ] Safepoint "G1CollectForAllocation", Time since last: 8068308682 ns, Reaching safepoint: 24146 ns, Cleanup: 4979 ns, At safepoint: 30240881 ns, Total: 30270006 ns
[2024-02-18T11:04:37.586+0000][7][safepoint   ] Safepoint "Cleanup", Time since last: 1000239572 ns, Reaching safepoint: 20619 ns, Cleanup: 12695 ns, At safepoint: 3577 ns, Total: 36891 ns
[2024-02-18T11:04:39.587+0000][7][safepoint   ] Safepoint "Cleanup", Time since last: 2000430225 ns, Reaching safepoint: 18946 ns, Cleanup: 18726 ns, At safepoint: 4188 ns, Total: 41860 ns
[2024-02-18T11:04:42.587+0000][7][safepoint   ] Safepoint "Cleanup", Time since last: 3000532137 ns, Reaching safepoint: 17273 ns, Cleanup: 11683 ns, At safepoint: 2925 ns, Total: 31881 ns
[2024-02-18T11:04:45.588+0000][7][safepoint   ] Safepoint "Cleanup", Time since last: 3000452020 ns, Reaching safepoint: 34356 ns, Cleanup: 11111 ns, At safepoint: 3287 ns, Total: 48754 ns
[2024-02-18T11:04:51.589+0000][7][safepoint   ] Safepoint "Cleanup", Time since last: 6000690296 ns, Reaching safepoint: 18726 ns, Cleanup: 31560 ns, At safepoint: 3557 ns, Total: 53843 ns
[2024-02-18T11:04:54.589+0000][7][safepoint   ] Safepoint "Cleanup", Time since last: 3000528667 ns, Reaching safepoint: 19737 ns, Cleanup: 14668 ns, At safepoint: 4168 ns, Total: 38573 ns
[2024-02-18T11:04:56.590+0000][7][safepoint   ] Safepoint "Cleanup", Time since last: 2000454596 ns, Reaching safepoint: 25259 ns, Cleanup: 13696 ns, At safepoint: 3216 ns, Total: 42171 ns
[2024-02-18T11:04:57.590+0000][7][safepoint   ] Safepoint "Cleanup", Time since last: 1000302328 ns, Reaching safepoint: 19517 ns, Cleanup: 22403 ns, At safepoint: 3948 ns, Total: 45868 ns
[2024-02-18T11:04:58.591+0000][7][safepoint   ] Safepoint "Cleanup", Time since last: 1000336216 ns, Reaching safepoint: 18886 ns, Cleanup: 12304 ns, At safepoint: 3296 ns, Total: 34486 ns
[2024-02-18T11:05:00.591+0000][7][safepoint   ] Safepoint "Cleanup", Time since last: 2000393870 ns, Reaching safepoint: 18305 ns, Cleanup: 9238 ns, At safepoint: 2946 ns, Total: 30489 ns
[2024-02-18T11:05:01.592+0000][7][safepoint   ] Safepoint "Cleanup", Time since last: 1000248825 ns, Reaching safepoint: 19096 ns, Cleanup: 16081 ns, At safepoint: 3236 ns, Total: 38413 ns
[2024-02-18T11:05:03.592+0000][7][safepoint   ] Safepoint "Cleanup", Time since last: 2000400559 ns, Reaching safepoint: 19988 ns, Cleanup: 19768 ns, At safepoint: 3777 ns, Total: 43533 ns
[2024-02-18T11:05:06.593+0000][7][safepoint   ] Safepoint "Cleanup", Time since last: 3000902558 ns, Reaching safepoint: 19778 ns, Cleanup: 14117 ns, At safepoint: 3677 ns, Total: 37572 ns
[2024-02-18T11:05:07.593+0000][7][safepoint   ] Safepoint "Cleanup", Time since last: 1000439049 ns, Reaching safepoint: 20318 ns, Cleanup: 18606 ns, At safepoint: 3557 ns, Total: 42481 ns
[2024-02-18T11:05:10.594+0000][7][safepoint   ] Safepoint "Cleanup", Time since last: 3000592995 ns, Reaching safepoint: 22543 ns, Cleanup: 20429 ns, At safepoint: 3848 ns, Total: 46820 ns
[2024-02-18T11:05:12.228+0000][7][gc,start    ] GC(35) Pause Young (Normal) (G1 Evacuation Pause)
[2024-02-18T11:05:12.229+0000][7][gc,task     ] GC(35) Using 12 workers of 13 for evacuation
[2024-02-18T11:05:12.229+0000][7][gc,age      ] GC(35) Desired survivor size 20971520 bytes, new threshold 15 (max threshold 15)
[2024-02-18T11:05:12.248+0000][7][gc,phases   ] GC(35)   Pre Evacuate Collection Set: 0.2ms
[2024-02-18T11:05:12.248+0000][7][gc,phases   ] GC(35)   Merge Heap Roots: 0.2ms
[2024-02-18T11:05:12.248+0000][7][gc,phases   ] GC(35)   Evacuate Collection Set: 17.8ms
[2024-02-18T11:05:12.248+0000][7][gc,phases   ] GC(35)   Post Evacuate Collection Set: 0.8ms
[2024-02-18T11:05:12.249+0000][7][gc,phases   ] GC(35)   Other: 0.4ms
[2024-02-18T11:05:12.249+0000][7][gc,age      ] GC(35) Age table with threshold 15 (max threshold 15)
[2024-02-18T11:05:12.249+0000][7][gc,age      ] GC(35) - age   1:    2435112 bytes,    2435112 total
[2024-02-18T11:05:12.249+0000][7][gc,age      ] GC(35) - age   2:     369640 bytes,    2804752 total
[2024-02-18T11:05:12.249+0000][7][gc,age      ] GC(35) - age   3:      71312 bytes,    2876064 total
[2024-02-18T11:05:12.249+0000][7][gc,age      ] GC(35) - age   4:     116744 bytes,    2992808 total
[2024-02-18T11:05:12.249+0000][7][gc,age      ] GC(35) - age   5:     119376 bytes,    3112184 total
[2024-02-18T11:05:12.249+0000][7][gc,age      ] GC(35) - age   6:     108208 bytes,    3220392 total
[2024-02-18T11:05:12.249+0000][7][gc,age      ] GC(35) - age   7:     188888 bytes,    3409280 total
[2024-02-18T11:05:12.249+0000][7][gc,age      ] GC(35) - age   8:      48680 bytes,    3457960 total
[2024-02-18T11:05:12.250+0000][7][gc,age      ] GC(35) - age   9:      57096 bytes,    3515056 total
[2024-02-18T11:05:12.250+0000][7][gc,age      ] GC(35) - age  10:    1318552 bytes,    4833608 total
[2024-02-18T11:05:12.250+0000][7][gc,age      ] GC(35) - age  11:     156760 bytes,    4990368 total
[2024-02-18T11:05:12.250+0000][7][gc,age      ] GC(35) - age  12:     277672 bytes,    5268040 total
[2024-02-18T11:05:12.250+0000][7][gc,age      ] GC(35) - age  13:     311144 bytes,    5579184 total
[2024-02-18T11:05:12.250+0000][7][gc,age      ] GC(35) - age  14:     188792 bytes,    5767976 total
[2024-02-18T11:05:12.250+0000][7][gc,age      ] GC(35) - age  15:     823704 bytes,    6591680 total
[2024-02-18T11:05:12.250+0000][7][gc,heap     ] GC(35) Eden regions: 71->0(74)
[2024-02-18T11:05:12.250+0000][7][gc,heap     ] GC(35) Survivor regions: 5->2(10)
[2024-02-18T11:05:12.250+0000][7][gc,heap     ] GC(35) Old regions: 28->30
[2024-02-18T11:05:12.250+0000][7][gc,heap     ] GC(35) Humongous regions: 2->2
[2024-02-18T11:05:12.251+0000][7][gc,metaspace] GC(35) Metaspace: 121544K(124544K)->121544K(124544K) NonClass: 105371K(107008K)->105371K(107008K) Class: 16173K(17536K)->16173K(17536K)
[2024-02-18T11:05:12.251+0000][7][gc          ] GC(35) Pause Young (Normal) (G1 Evacuation Pause) 420M->133M(512M) 22.388ms
[2024-02-18T11:05:12.251+0000][7][gc,cpu      ] GC(35) User=0.06s Sys=0.02s Real=0.02s
[2024-02-18T11:05:12.251+0000][7][safepoint   ] Safepoint "G1CollectForAllocation", Time since last: 1634207030 ns, Reaching safepoint: 15259 ns, Cleanup: 2695 ns, At safepoint: 22688455 ns, Total: 22706409 ns
[2024-02-18T11:05:13.251+0000][7][safepoint   ] Safepoint "Cleanup", Time since last: 1000212485 ns, Reaching safepoint: 19928 ns, Cleanup: 31711 ns, At safepoint: 26882 ns, Total: 78521 ns
[2024-02-18T11:05:14.252+0000][7][safepoint   ] Safepoint "Cleanup", Time since last: 1000433021 ns, Reaching safepoint: 18886 ns, Cleanup: 11893 ns, At safepoint: 17734 ns, Total: 48513 ns
[2024-02-18T11:05:15.252+0000][7][safepoint   ] Safepoint "Cleanup", Time since last: 1000347695 ns, Reaching safepoint: 100122 ns, Cleanup: 10700 ns, At safepoint: 44165 ns, Total: 154987 ns
[2024-02-18T11:05:16.252+0000][7][safepoint   ] Safepoint "Cleanup", Time since last: 1000215781 ns, Reaching safepoint: 45477 ns, Cleanup: 10891 ns, At safepoint: 4649 ns, Total: 61017 ns
[2024-02-18T11:05:19.253+0000][7][safepoint   ] Safepoint "Cleanup", Time since last: 3000499361 ns, Reaching safepoint: 17333 ns, Cleanup: 8937 ns, At safepoint: 13466 ns, Total: 39736 ns
[2024-02-18T11:05:21.254+0000][7][safepoint   ] Safepoint "Cleanup", Time since last: 2000388690 ns, Reaching safepoint: 103397 ns, Cleanup: 21321 ns, At safepoint: 19587 ns, Total: 144305 ns
[2024-02-18T11:05:27.508+0000][7][safepoint   ] Safepoint "Cleanup", Time since last: 6254409111 ns, Reaching safepoint: 20639 ns, Cleanup: 15600 ns, At safepoint: 3156 ns, Total: 39395 ns
[2024-02-18T11:05:28.508+0000][7][safepoint   ] Safepoint "Cleanup", Time since last: 1000351812 ns, Reaching safepoint: 19297 ns, Cleanup: 14538 ns, At safepoint: 3416 ns, Total: 37251 ns
[2024-02-18T11:05:30.509+0000][7][safepoint   ] Safepoint "Cleanup", Time since last: 2000494614 ns, Reaching safepoint: 18525 ns, Cleanup: 13035 ns, At safepoint: 3447 ns, Total: 35007 ns
[2024-02-18T11:05:32.509+0000][7][safepoint   ] Safepoint "Cleanup", Time since last: 2000379913 ns, Reaching safepoint: 19117 ns, Cleanup: 12354 ns, At safepoint: 2985 ns, Total: 34456 ns
[2024-02-18T11:05:33.509+0000][7][safepoint   ] Safepoint "Cleanup", Time since last: 1000308970 ns, Reaching safepoint: 19818 ns, Cleanup: 12925 ns, At safepoint: 2805 ns, Total: 35548 ns
[2024-02-18T11:05:34.510+0000][7][safepoint   ] Safepoint "Cleanup", Time since last: 1000329149 ns, Reaching safepoint: 25398 ns, Cleanup: 21812 ns, At safepoint: 3888 ns, Total: 51098 ns
[2024-02-18T11:05:37.510+0000][7][safepoint   ] Safepoint "Cleanup", Time since last: 3000604161 ns, Reaching safepoint: 19527 ns, Cleanup: 18034 ns, At safepoint: 3577 ns, Total: 41138 ns
[2024-02-18T11:05:38.511+0000][7][safepoint   ] Safepoint "Cleanup", Time since last: 1000409542 ns, Reaching safepoint: 23024 ns, Cleanup: 14658 ns, At safepoint: 4058 ns, Total: 41740 ns
[2024-02-18T11:05:39.511+0000][7][safepoint   ] Safepoint "Cleanup", Time since last: 1000382300 ns, Reaching safepoint: 20339 ns, Cleanup: 12564 ns, At safepoint: 3757 ns, Total: 36660 ns
[2024-02-18T11:05:41.512+0000][7][safepoint   ] Safepoint "Cleanup", Time since last: 2000493317 ns, Reaching safepoint: 32372 ns, Cleanup: 13326 ns, At safepoint: 4048 ns, Total: 49746 ns
[2024-02-18T11:05:42.512+0000][7][safepoint   ] Safepoint "Cleanup", Time since last: 1000417833 ns, Reaching safepoint: 20238 ns, Cleanup: 15921 ns, At safepoint: 3927 ns, Total: 40086 ns
[2024-02-18T11:05:45.513+0000][7][safepoint   ] Safepoint "Cleanup", Time since last: 3000527214 ns, Reaching safepoint: 18065 ns, Cleanup: 15429 ns, At safepoint: 3447 ns, Total: 36941 ns
[2024-02-18T11:05:46.513+0000][7][safepoint   ] Safepoint "Cleanup", Time since last: 1000338686 ns, Reaching safepoint: 61959 ns, Cleanup: 18656 ns, At safepoint: 6482 ns, Total: 87097 ns
[2024-02-18T11:05:51.514+0000][7][safepoint   ] Safepoint "Cleanup", Time since last: 5000666096 ns, Reaching safepoint: 24958 ns, Cleanup: 19347 ns, At safepoint: 19908 ns, Total: 64213 ns
[2024-02-18T11:05:53.515+0000][7][safepoint   ] Safepoint "Cleanup", Time since last: 2000410492 ns, Reaching safepoint: 19507 ns, Cleanup: 20950 ns, At safepoint: 3237 ns, Total: 43694 ns
[2024-02-18T11:05:57.515+0000][7][safepoint   ] Safepoint "Cleanup", Time since last: 4000621582 ns, Reaching safepoint: 17384 ns, Cleanup: 17233 ns, At safepoint: 3677 ns, Total: 38294 ns
[2024-02-18T11:05:58.515+0000][7][safepoint   ] Safepoint "Cleanup", Time since last: 1000313448 ns, Reaching safepoint: 20369 ns, Cleanup: 12845 ns, At safepoint: 3416 ns, Total: 36630 ns
[2024-02-18T11:06:00.516+0000][7][safepoint   ] Safepoint "Cleanup", Time since last: 2000415878 ns, Reaching safepoint: 19918 ns, Cleanup: 16572 ns, At safepoint: 3837 ns, Total: 40327 ns
[2024-02-18T11:06:03.517+0000][7][safepoint   ] Safepoint "Cleanup", Time since last: 3000699850 ns, Reaching safepoint: 20659 ns, Cleanup: 22784 ns, At safepoint: 4178 ns, Total: 47621 ns
[2024-02-18T11:06:06.517+0000][7][safepoint   ] Safepoint "Cleanup", Time since last: 3000558513 ns, Reaching safepoint: 35488 ns, Cleanup: 22262 ns, At safepoint: 4740 ns, Total: 62490 ns
[2024-02-18T11:06:07.518+0000][7][safepoint   ] Safepoint "Cleanup", Time since last: 1000361120 ns, Reaching safepoint: 16832 ns, Cleanup: 13776 ns, At safepoint: 3477 ns, Total: 34085 ns
[2024-02-18T11:06:08.518+0000][7][safepoint   ] Safepoint "Cleanup", Time since last: 1000308188 ns, Reaching safepoint: 28395 ns, Cleanup: 17483 ns, At safepoint: 3948 ns, Total: 49826 ns
[2024-02-18T11:06:09.408+0000][7][gc,start    ] GC(36) Pause Young (Normal) (G1 Evacuation Pause)
[2024-02-18T11:06:09.408+0000][7][gc,task     ] GC(36) Using 12 workers of 13 for evacuation
[2024-02-18T11:06:09.408+0000][7][gc,age      ] GC(36) Desired survivor size 20971520 bytes, new threshold 15 (max threshold 15)
[2024-02-18T11:06:09.421+0000][7][gc,phases   ] GC(36)   Pre Evacuate Collection Set: 0.2ms
[2024-02-18T11:06:09.421+0000][7][gc,phases   ] GC(36)   Merge Heap Roots: 0.1ms
[2024-02-18T11:06:09.421+0000][7][gc,phases   ] GC(36)   Evacuate Collection Set: 11.1ms
[2024-02-18T11:06:09.421+0000][7][gc,phases   ] GC(36)   Post Evacuate Collection Set: 0.9ms
[2024-02-18T11:06:09.421+0000][7][gc,phases   ] GC(36)   Other: 0.3ms
[2024-02-18T11:06:09.421+0000][7][gc,age      ] GC(36) Age table with threshold 15 (max threshold 15)
[2024-02-18T11:06:09.421+0000][7][gc,age      ] GC(36) - age   1:    6115976 bytes,    6115976 total
[2024-02-18T11:06:09.422+0000][7][gc,age      ] GC(36) - age   2:     585768 bytes,    6701744 total
[2024-02-18T11:06:09.422+0000][7][gc,age      ] GC(36) - age   3:     206328 bytes,    6908072 total
[2024-02-18T11:06:09.422+0000][7][gc,age      ] GC(36) - age   4:      70320 bytes,    6978392 total
[2024-02-18T11:06:09.422+0000][7][gc,age      ] GC(36) - age   5:     114384 bytes,    7092776 total
[2024-02-18T11:06:09.422+0000][7][gc,age      ] GC(36) - age   6:     118656 bytes,    7211432 total
[2024-02-18T11:06:09.422+0000][7][gc,age      ] GC(36) - age   7:     108208 bytes,    7319640 total
[2024-02-18T11:06:09.422+0000][7][gc,age      ] GC(36) - age   8:     188696 bytes,    7508336 total
[2024-02-18T11:06:09.422+0000][7][gc,age      ] GC(36) - age   9:      48592 bytes,    7556928 total
[2024-02-18T11:06:09.422+0000][7][gc,age      ] GC(36) - age  10:      56648 bytes,    7613576 total
[2024-02-18T11:06:09.422+0000][7][gc,age      ] GC(36) - age  11:    1147912 bytes,    8761488 total
[2024-02-18T11:06:09.423+0000][7][gc,age      ] GC(36) - age  12:     155800 bytes,    8917288 total
[2024-02-18T11:06:09.423+0000][7][gc,age      ] GC(36) - age  13:      93920 bytes,    9011208 total
[2024-02-18T11:06:09.423+0000][7][gc,age      ] GC(36) - age  14:     311144 bytes,    9322352 total
[2024-02-18T11:06:09.423+0000][7][gc,age      ] GC(36) - age  15:     188792 bytes,    9511144 total
[2024-02-18T11:06:09.423+0000][7][gc,heap     ] GC(36) Eden regions: 74->0(73)
[2024-02-18T11:06:09.423+0000][7][gc,heap     ] GC(36) Survivor regions: 2->3(10)
[2024-02-18T11:06:09.423+0000][7][gc,heap     ] GC(36) Old regions: 30->30
[2024-02-18T11:06:09.423+0000][7][gc,heap     ] GC(36) Humongous regions: 2->2
[2024-02-18T11:06:09.423+0000][7][gc,metaspace] GC(36) Metaspace: 121657K(124672K)->121657K(124672K) NonClass: 105480K(107136K)->105480K(107136K) Class: 16177K(17536K)->16177K(17536K)
[2024-02-18T11:06:09.423+0000][7][gc          ] GC(36) Pause Young (Normal) (G1 Evacuation Pause) 429M->136M(512M) 15.640ms
[2024-02-18T11:06:09.424+0000][7][gc,cpu      ] GC(36) User=0.05s Sys=0.00s Real=0.01s
[2024-02-18T11:06:09.424+0000][7][safepoint   ] Safepoint "G1CollectForAllocation", Time since last: 889779437 ns, Reaching safepoint: 17543 ns, Cleanup: 8116 ns, At safepoint: 16047566 ns, Total: 16073225 ns
[2024-02-18T11:06:10.424+0000][7][safepoint   ] Safepoint "Cleanup", Time since last: 1000254726 ns, Reaching safepoint: 22202 ns, Cleanup: 14588 ns, At safepoint: 3457 ns, Total: 40247 ns
[2024-02-18T11:06:15.425+0000][7][safepoint   ] Safepoint "Cleanup", Time since last: 5000705736 ns, Reaching safepoint: 19147 ns, Cleanup: 20008 ns, At safepoint: 26431 ns, Total: 65586 ns
[2024-02-18T11:06:16.425+0000][7][safepoint   ] Safepoint "Cleanup", Time since last: 1000297578 ns, Reaching safepoint: 41409 ns, Cleanup: 14097 ns, At safepoint: 3116 ns, Total: 58622 ns
[2024-02-18T11:06:18.426+0000][7][safepoint   ] Safepoint "Cleanup", Time since last: 2000402663 ns, Reaching safepoint: 19838 ns, Cleanup: 14848 ns, At safepoint: 3828 ns, Total: 38514 ns
[2024-02-18T11:06:21.426+0000][7][safepoint   ] Safepoint "Cleanup", Time since last: 3000497196 ns, Reaching safepoint: 17353 ns, Cleanup: 9168 ns, At safepoint: 3396 ns, Total: 29917 ns
[2024-02-18T11:06:27.630+0000][7][safepoint   ] Safepoint "Cleanup", Time since last: 6203222966 ns, Reaching safepoint: 19928 ns, Cleanup: 22694 ns, At safepoint: 3516 ns, Total: 46138 ns
[2024-02-18T11:06:28.630+0000][7][safepoint   ] Safepoint "Cleanup", Time since last: 1000342486 ns, Reaching safepoint: 20749 ns, Cleanup: 18816 ns, At safepoint: 3487 ns, Total: 43052 ns
[2024-02-18T11:06:29.630+0000][7][safepoint   ] Safepoint "Cleanup", Time since last: 1000359526 ns, Reaching safepoint: 19919 ns, Cleanup: 13215 ns, At safepoint: 3777 ns, Total: 36911 ns
[2024-02-18T11:06:30.631+0000][7][safepoint   ] Safepoint "Cleanup", Time since last: 1000352774 ns, Reaching safepoint: 19657 ns, Cleanup: 57150 ns, At safepoint: 3787 ns, Total: 80594 ns
[2024-02-18T11:06:31.631+0000][7][safepoint   ] Safepoint "Cleanup", Time since last: 1000332465 ns, Reaching safepoint: 17854 ns, Cleanup: 11913 ns, At safepoint: 3126 ns, Total: 32893 ns
[2024-02-18T11:06:33.632+0000][7][safepoint   ] Safepoint "Cleanup", Time since last: 2000298678 ns, Reaching safepoint: 18866 ns, Cleanup: 15851 ns, At safepoint: 3446 ns, Total: 38163 ns
[2024-02-18T11:06:34.632+0000][7][safepoint   ] Safepoint "Cleanup", Time since last: 1000334058 ns, Reaching safepoint: 19718 ns, Cleanup: 13486 ns, At safepoint: 2725 ns, Total: 35929 ns
[2024-02-18T11:06:36.633+0000][7][safepoint   ] Safepoint "Cleanup", Time since last: 2000653077 ns, Reaching safepoint: 20840 ns, Cleanup: 13195 ns, At safepoint: 3497 ns, Total: 37532 ns
[2024-02-18T11:06:39.633+0000][7][safepoint   ] Safepoint "Cleanup", Time since last: 3000463146 ns, Reaching safepoint: 19397 ns, Cleanup: 12263 ns, At safepoint: 3617 ns, Total: 35277 ns
[2024-02-18T11:06:41.634+0000][7][safepoint   ] Safepoint "Cleanup", Time since last: 2000421053 ns, Reaching safepoint: 20178 ns, Cleanup: 13226 ns, At safepoint: 3426 ns, Total: 36830 ns
[2024-02-18T11:06:42.634+0000][7][safepoint   ] Safepoint "Cleanup", Time since last: 1000356381 ns, Reaching safepoint: 19988 ns, Cleanup: 13807 ns, At safepoint: 3837 ns, Total: 37632 ns
[2024-02-18T11:06:45.634+0000][7][safepoint   ] Safepoint "Cleanup", Time since last: 3000533466 ns, Reaching safepoint: 20208 ns, Cleanup: 12765 ns, At safepoint: 4038 ns, Total: 37011 ns
[2024-02-18T11:06:46.635+0000][7][safepoint   ] Safepoint "Cleanup", Time since last: 1000332124 ns, Reaching safepoint: 36700 ns, Cleanup: 19918 ns, At safepoint: 3467 ns, Total: 60085 ns
[2024-02-18T11:06:48.635+0000][7][safepoint   ] Safepoint "Cleanup", Time since last: 2000440399 ns, Reaching safepoint: 30117 ns, Cleanup: 26221 ns, At safepoint: 4488 ns, Total: 60826 ns
[2024-02-18T11:06:50.636+0000][7][safepoint   ] Safepoint "Cleanup", Time since last: 2000554794 ns, Reaching safepoint: 20640 ns, Cleanup: 14237 ns, At safepoint: 3677 ns, Total: 38554 ns
[2024-02-18T11:06:51.636+0000][7][safepoint   ] Safepoint "Cleanup", Time since last: 1000345009 ns, Reaching safepoint: 51838 ns, Cleanup: 21742 ns, At safepoint: 5280 ns, Total: 78860 ns
[2024-02-18T11:06:54.369+0000][7][gc,start    ] GC(37) Pause Young (Normal) (G1 Evacuation Pause)
[2024-02-18T11:06:54.369+0000][7][gc,task     ] GC(37) Using 12 workers of 13 for evacuation
[2024-02-18T11:06:54.369+0000][7][gc,age      ] GC(37) Desired survivor size 20971520 bytes, new threshold 15 (max threshold 15)
[2024-02-18T11:06:54.379+0000][7][gc,phases   ] GC(37)   Pre Evacuate Collection Set: 0.2ms
[2024-02-18T11:06:54.379+0000][7][gc,phases   ] GC(37)   Merge Heap Roots: 0.1ms
[2024-02-18T11:06:54.379+0000][7][gc,phases   ] GC(37)   Evacuate Collection Set: 8.6ms
[2024-02-18T11:06:54.379+0000][7][gc,phases   ] GC(37)   Post Evacuate Collection Set: 0.7ms
[2024-02-18T11:06:54.380+0000][7][gc,phases   ] GC(37)   Other: 0.3ms
[2024-02-18T11:06:54.380+0000][7][gc,age      ] GC(37) Age table with threshold 15 (max threshold 15)
[2024-02-18T11:06:54.380+0000][7][gc,age      ] GC(37) - age   1:    2072176 bytes,    2072176 total
[2024-02-18T11:06:54.380+0000][7][gc,age      ] GC(37) - age   2:     128544 bytes,    2200720 total
[2024-02-18T11:06:54.380+0000][7][gc,age      ] GC(37) - age   3:     179392 bytes,    2380112 total
[2024-02-18T11:06:54.380+0000][7][gc,age      ] GC(37) - age   4:     205496 bytes,    2585608 total
[2024-02-18T11:06:54.380+0000][7][gc,age      ] GC(37) - age   5:      70192 bytes,    2655800 total
[2024-02-18T11:06:54.380+0000][7][gc,age      ] GC(37) - age   6:     114320 bytes,    2770120 total
[2024-02-18T11:06:54.380+0000][7][gc,age      ] GC(37) - age   7:      55792 bytes,    2825912 total
[2024-02-18T11:06:54.380+0000][7][gc,age      ] GC(37) - age   8:      45600 bytes,    2871512 total
[2024-02-18T11:06:54.380+0000][7][gc,age      ] GC(37) - age   9:     111168 bytes,    2982680 total
[2024-02-18T11:06:54.381+0000][7][gc,age      ] GC(37) - age  10:      47048 bytes,    3029728 total
[2024-02-18T11:06:54.381+0000][7][gc,age      ] GC(37) - age  11:      56648 bytes,    3086376 total
[2024-02-18T11:06:54.381+0000][7][gc,age      ] GC(37) - age  12:    1138664 bytes,    4225040 total
[2024-02-18T11:06:54.381+0000][7][gc,age      ] GC(37) - age  13:      92520 bytes,    4317560 total
[2024-02-18T11:06:54.381+0000][7][gc,age      ] GC(37) - age  14:      30800 bytes,    4348360 total
[2024-02-18T11:06:54.381+0000][7][gc,age      ] GC(37) - age  15:     240952 bytes,    4589312 total
[2024-02-18T11:06:54.381+0000][7][gc,heap     ] GC(37) Eden regions: 73->0(74)
[2024-02-18T11:06:54.381+0000][7][gc,heap     ] GC(37) Survivor regions: 3->2(10)
[2024-02-18T11:06:54.381+0000][7][gc,heap     ] GC(37) Old regions: 30->30
[2024-02-18T11:06:54.381+0000][7][gc,heap     ] GC(37) Humongous regions: 2->2
[2024-02-18T11:06:54.381+0000][7][gc,metaspace] GC(37) Metaspace: 121716K(124736K)->121716K(124736K) NonClass: 105535K(107200K)->105535K(107200K) Class: 16181K(17536K)->16181K(17536K)
[2024-02-18T11:06:54.381+0000][7][gc          ] GC(37) Pause Young (Normal) (G1 Evacuation Pause) 428M->132M(512M) 12.393ms
[2024-02-18T11:06:54.382+0000][7][gc,cpu      ] GC(37) User=0.04s Sys=0.00s Real=0.01s
[2024-02-18T11:06:54.382+0000][7][safepoint   ] Safepoint "G1CollectForAllocation", Time since last: 2732592162 ns, Reaching safepoint: 15009 ns, Cleanup: 2935 ns, At safepoint: 12647935 ns, Total: 12665879 ns
[2024-02-18T11:06:55.382+0000][7][safepoint   ] Safepoint "Cleanup", Time since last: 1000221060 ns, Reaching safepoint: 20009 ns, Cleanup: 13055 ns, At safepoint: 3466 ns, Total: 36530 ns
[2024-02-18T11:06:57.382+0000][7][safepoint   ] Safepoint "Cleanup", Time since last: 2000435695 ns, Reaching safepoint: 18576 ns, Cleanup: 7444 ns, At safepoint: 12534 ns, Total: 38554 ns
[2024-02-18T11:06:58.383+0000][7][safepoint   ] Safepoint "Cleanup", Time since last: 1000252593 ns, Reaching safepoint: 33113 ns, Cleanup: 15520 ns, At safepoint: 4879 ns, Total: 53512 ns
[2024-02-18T11:07:00.383+0000][7][safepoint   ] Safepoint "Cleanup", Time since last: 2000458379 ns, Reaching safepoint: 20589 ns, Cleanup: 26291 ns, At safepoint: 4018 ns, Total: 50898 ns
[2024-02-18T11:07:01.384+0000][7][safepoint   ] Safepoint "Cleanup", Time since last: 1000405765 ns, Reaching safepoint: 19377 ns, Cleanup: 13967 ns, At safepoint: 3637 ns, Total: 36981 ns
[2024-02-18T11:07:04.384+0000][7][safepoint   ] Safepoint "Cleanup", Time since last: 3000499260 ns, Reaching safepoint: 18676 ns, Cleanup: 12784 ns, At safepoint: 3527 ns, Total: 34987 ns
[2024-02-18T11:07:07.385+0000][7][safepoint   ] Safepoint "Cleanup", Time since last: 3000536772 ns, Reaching safepoint: 17854 ns, Cleanup: 8987 ns, At safepoint: 3397 ns, Total: 30238 ns
[2024-02-18T11:07:11.385+0000][7][safepoint   ] Safepoint "Cleanup", Time since last: 4000497956 ns, Reaching safepoint: 21270 ns, Cleanup: 16612 ns, At safepoint: 3697 ns, Total: 41579 ns
[2024-02-18T11:07:13.386+0000][7][safepoint   ] Safepoint "Cleanup", Time since last: 2000453218 ns, Reaching safepoint: 17875 ns, Cleanup: 15429 ns, At safepoint: 3106 ns, Total: 36410 ns
[2024-02-18T11:07:15.386+0000][7][safepoint   ] Safepoint "Cleanup", Time since last: 2000298128 ns, Reaching safepoint: 17764 ns, Cleanup: 10430 ns, At safepoint: 2986 ns, Total: 31180 ns
[2024-02-18T11:07:16.386+0000][7][safepoint   ] Safepoint "Cleanup", Time since last: 1000341236 ns, Reaching safepoint: 26451 ns, Cleanup: 16010 ns, At safepoint: 3848 ns, Total: 46309 ns
[2024-02-18T11:07:17.387+0000][7][safepoint   ] Safepoint "Cleanup", Time since last: 1000333727 ns, Reaching safepoint: 41690 ns, Cleanup: 12805 ns, At safepoint: 5821 ns, Total: 60316 ns
[2024-02-18T11:07:19.387+0000][7][safepoint   ] Safepoint "Cleanup", Time since last: 2000409981 ns, Reaching safepoint: 18586 ns, Cleanup: 13736 ns, At safepoint: 3817 ns, Total: 36139 ns
[2024-02-18T11:07:21.388+0000][7][safepoint   ] Safepoint "Cleanup", Time since last: 2000454761 ns, Reaching safepoint: 19899 ns, Cleanup: 9889 ns, At safepoint: 14577 ns, Total: 44365 ns
[2024-02-18T11:07:22.388+0000][7][safepoint   ] Safepoint "Cleanup", Time since last: 1000307207 ns, Reaching safepoint: 19587 ns, Cleanup: 18606 ns, At safepoint: 3717 ns, Total: 41910 ns
[2024-02-18T11:07:26.651+0000][7][safepoint   ] Safepoint "Cleanup", Time since last: 4262321074 ns, Reaching safepoint: 29446 ns, Cleanup: 15921 ns, At safepoint: 4178 ns, Total: 49545 ns
[2024-02-18T11:07:27.651+0000][7][safepoint   ] Safepoint "Cleanup", Time since last: 1000317876 ns, Reaching safepoint: 18556 ns, Cleanup: 12284 ns, At safepoint: 2955 ns, Total: 33795 ns
[2024-02-18T11:07:28.651+0000][7][safepoint   ] Safepoint "Cleanup", Time since last: 1000370211 ns, Reaching safepoint: 19748 ns, Cleanup: 14608 ns, At safepoint: 3176 ns, Total: 37532 ns
[2024-02-18T11:07:31.652+0000][7][safepoint   ] Safepoint "Cleanup", Time since last: 3000498204 ns, Reaching safepoint: 24217 ns, Cleanup: 13405 ns, At safepoint: 4239 ns, Total: 41861 ns
[2024-02-18T11:07:33.652+0000][7][safepoint   ] Safepoint "Cleanup", Time since last: 2000422625 ns, Reaching safepoint: 19477 ns, Cleanup: 17053 ns, At safepoint: 3186 ns, Total: 39716 ns
[2024-02-18T11:07:34.653+0000][7][safepoint   ] Safepoint "Cleanup", Time since last: 1000357187 ns, Reaching safepoint: 18806 ns, Cleanup: 13396 ns, At safepoint: 3657 ns, Total: 35859 ns
[2024-02-18T11:07:36.653+0000][7][safepoint   ] Safepoint "Cleanup", Time since last: 2000357516 ns, Reaching safepoint: 19928 ns, Cleanup: 17974 ns, At safepoint: 3687 ns, Total: 41589 ns
[2024-02-18T11:07:37.654+0000][7][safepoint   ] Safepoint "Cleanup", Time since last: 1000337560 ns, Reaching safepoint: 17744 ns, Cleanup: 18184 ns, At safepoint: 2816 ns, Total: 38744 ns
[2024-02-18T11:07:39.654+0000][7][safepoint   ] Safepoint "Cleanup", Time since last: 2000302571 ns, Reaching safepoint: 20409 ns, Cleanup: 16391 ns, At safepoint: 3417 ns, Total: 40217 ns
[2024-02-18T11:07:39.781+0000][7][gc,start    ] GC(38) Pause Young (Normal) (G1 Evacuation Pause)
[2024-02-18T11:07:39.781+0000][7][gc,task     ] GC(38) Using 12 workers of 13 for evacuation
[2024-02-18T11:07:39.781+0000][7][gc,age      ] GC(38) Desired survivor size 20971520 bytes, new threshold 15 (max threshold 15)
[2024-02-18T11:07:39.790+0000][7][gc,phases   ] GC(38)   Pre Evacuate Collection Set: 0.2ms
[2024-02-18T11:07:39.790+0000][7][gc,phases   ] GC(38)   Merge Heap Roots: 0.1ms
[2024-02-18T11:07:39.791+0000][7][gc,phases   ] GC(38)   Evacuate Collection Set: 7.6ms
[2024-02-18T11:07:39.791+0000][7][gc,phases   ] GC(38)   Post Evacuate Collection Set: 0.7ms
[2024-02-18T11:07:39.791+0000][7][gc,phases   ] GC(38)   Other: 0.3ms
[2024-02-18T11:07:39.791+0000][7][gc,age      ] GC(38) Age table with threshold 15 (max threshold 15)
[2024-02-18T11:07:39.791+0000][7][gc,age      ] GC(38) - age   1:    1092024 bytes,    1092024 total
[2024-02-18T11:07:39.791+0000][7][gc,age      ] GC(38) - age   2:     199824 bytes,    1291848 total
[2024-02-18T11:07:39.791+0000][7][gc,age      ] GC(38) - age   3:      18656 bytes,    1310504 total
[2024-02-18T11:07:39.791+0000][7][gc,age      ] GC(38) - age   4:     101072 bytes,    1411576 total
[2024-02-18T11:07:39.791+0000][7][gc,age      ] GC(38) - age   5:     205160 bytes,    1616736 total
[2024-02-18T11:07:39.791+0000][7][gc,age      ] GC(38) - age   6:      70128 bytes,    1686864 total
[2024-02-18T11:07:39.792+0000][7][gc,age      ] GC(38) - age   7:     114064 bytes,    1800928 total
[2024-02-18T11:07:39.792+0000][7][gc,age      ] GC(38) - age   8:      55632 bytes,    1856560 total
[2024-02-18T11:07:39.792+0000][7][gc,age      ] GC(38) - age   9:      29352 bytes,    1885912 total
[2024-02-18T11:07:39.792+0000][7][gc,age      ] GC(38) - age  10:     111104 bytes,    1997016 total
[2024-02-18T11:07:39.792+0000][7][gc,age      ] GC(38) - age  11:      47048 bytes,    2044064 total
[2024-02-18T11:07:39.792+0000][7][gc,age      ] GC(38) - age  12:      56560 bytes,    2100624 total
[2024-02-18T11:07:39.792+0000][7][gc,age      ] GC(38) - age  13:    1138280 bytes,    3238904 total
[2024-02-18T11:07:39.792+0000][7][gc,age      ] GC(38) - age  14:      92384 bytes,    3331288 total
[2024-02-18T11:07:39.792+0000][7][gc,age      ] GC(38) - age  15:      30768 bytes,    3362056 total
[2024-02-18T11:07:39.792+0000][7][gc,heap     ] GC(38) Eden regions: 74->0(75)
[2024-02-18T11:07:39.793+0000][7][gc,heap     ] GC(38) Survivor regions: 2->1(10)
[2024-02-18T11:07:39.793+0000][7][gc,heap     ] GC(38) Old regions: 30->30
[2024-02-18T11:07:39.793+0000][7][gc,heap     ] GC(38) Humongous regions: 2->2
[2024-02-18T11:07:39.793+0000][7][gc,metaspace] GC(38) Metaspace: 121727K(124736K)->121727K(124736K) NonClass: 105545K(107200K)->105545K(107200K) Class: 16181K(17536K)->16181K(17536K)
[2024-02-18T11:07:39.793+0000][7][gc          ] GC(38) Pause Young (Normal) (G1 Evacuation Pause) 428M->130M(512M) 11.887ms
[2024-02-18T11:07:39.793+0000][7][gc,cpu      ] GC(38) User=0.02s Sys=0.01s Real=0.01s
[2024-02-18T11:07:39.793+0000][7][safepoint   ] Safepoint "G1CollectForAllocation", Time since last: 127125349 ns, Reaching safepoint: 17433 ns, Cleanup: 4198 ns, At safepoint: 12317461 ns, Total: 12339092 ns
[2024-02-18T11:07:40.794+0000][7][safepoint   ] Safepoint "Cleanup", Time since last: 1000277085 ns, Reaching safepoint: 20730 ns, Cleanup: 11982 ns, At safepoint: 4058 ns, Total: 36770 ns
[2024-02-18T11:07:43.794+0000][7][safepoint   ] Safepoint "Cleanup", Time since last: 3000527184 ns, Reaching safepoint: 29026 ns, Cleanup: 27292 ns, At safepoint: 4609 ns, Total: 60927 ns
[2024-02-18T11:07:45.795+0000][7][safepoint   ] Safepoint "Cleanup", Time since last: 2000499583 ns, Reaching safepoint: 20098 ns, Cleanup: 13837 ns, At safepoint: 3176 ns, Total: 37111 ns
[2024-02-18T11:07:46.795+0000][7][safepoint   ] Safepoint "Cleanup", Time since last: 1000364766 ns, Reaching safepoint: 17714 ns, Cleanup: 10540 ns, At safepoint: 3167 ns, Total: 31421 ns
[2024-02-18T11:07:51.796+0000][7][safepoint   ] Safepoint "Cleanup", Time since last: 5000694514 ns, Reaching safepoint: 123837 ns, Cleanup: 36170 ns, At safepoint: 6131 ns, Total: 166138 ns
[2024-02-18T11:07:52.797+0000][7][safepoint   ] Safepoint "Cleanup", Time since last: 1000502571 ns, Reaching safepoint: 24777 ns, Cleanup: 22163 ns, At safepoint: 3677 ns, Total: 50617 ns
[2024-02-18T11:07:54.797+0000][7][safepoint   ] Safepoint "Cleanup", Time since last: 2000443511 ns, Reaching safepoint: 19828 ns, Cleanup: 13035 ns, At safepoint: 3907 ns, Total: 36770 ns
[2024-02-18T11:07:59.798+0000][7][safepoint   ] Safepoint "Cleanup", Time since last: 5000709995 ns, Reaching safepoint: 20399 ns, Cleanup: 20419 ns, At safepoint: 3647 ns, Total: 44465 ns
[2024-02-18T11:08:02.798+0000][7][safepoint   ] Safepoint "Cleanup", Time since last: 3000553985 ns, Reaching safepoint: 22052 ns, Cleanup: 16412 ns, At safepoint: 3266 ns, Total: 41730 ns
[2024-02-18T11:08:03.799+0000][7][safepoint   ] Safepoint "Cleanup", Time since last: 1000344232 ns, Reaching safepoint: 16682 ns, Cleanup: 9559 ns, At safepoint: 3036 ns, Total: 29277 ns
[2024-02-18T11:08:07.799+0000][7][safepoint   ] Safepoint "Cleanup", Time since last: 4000494212 ns, Reaching safepoint: 19097 ns, Cleanup: 12724 ns, At safepoint: 3447 ns, Total: 35268 ns
[2024-02-18T11:08:09.800+0000][7][safepoint   ] Safepoint "Cleanup", Time since last: 2000556923 ns, Reaching safepoint: 34997 ns, Cleanup: 32643 ns, At safepoint: 5521 ns, Total: 73161 ns
[2024-02-18T11:08:11.801+0000][7][safepoint   ] Safepoint "Cleanup", Time since last: 2000709966 ns, Reaching safepoint: 34776 ns, Cleanup: 27643 ns, At safepoint: 5050 ns, Total: 67469 ns
[2024-02-18T11:08:12.801+0000][7][safepoint   ] Safepoint "Cleanup", Time since last: 1000487967 ns, Reaching safepoint: 22614 ns, Cleanup: 18635 ns, At safepoint: 3787 ns, Total: 45036 ns
[2024-02-18T11:08:14.802+0000][7][safepoint   ] Safepoint "Cleanup", Time since last: 2000524586 ns, Reaching safepoint: 33093 ns, Cleanup: 34115 ns, At safepoint: 4800 ns, Total: 72008 ns
[2024-02-18T11:08:15.802+0000][7][safepoint   ] Safepoint "Cleanup", Time since last: 1000477798 ns, Reaching safepoint: 18386 ns, Cleanup: 11221 ns, At safepoint: 3306 ns, Total: 32913 ns
[2024-02-18T11:08:16.803+0000][7][safepoint   ] Safepoint "Cleanup", Time since last: 1000320803 ns, Reaching safepoint: 18615 ns, Cleanup: 12825 ns, At safepoint: 3908 ns, Total: 35348 ns
[2024-02-18T11:08:17.803+0000][7][safepoint   ] Safepoint "Cleanup", Time since last: 1000262495 ns, Reaching safepoint: 42040 ns, Cleanup: 14037 ns, At safepoint: 5681 ns, Total: 61758 ns
[2024-02-18T11:08:24.672+0000][7][safepoint   ] Safepoint "Cleanup", Time since last: 6868491262 ns, Reaching safepoint: 9338 ns, Cleanup: 11121 ns, At safepoint: 11893 ns, Total: 32352 ns
[2024-02-18T11:08:27.672+0000][7][safepoint   ] Safepoint "Cleanup", Time since last: 3000568918 ns, Reaching safepoint: 18886 ns, Cleanup: 23185 ns, At safepoint: 3156 ns, Total: 45227 ns
[2024-02-18T11:08:29.673+0000][7][safepoint   ] Safepoint "Cleanup", Time since last: 2000415542 ns, Reaching safepoint: 21751 ns, Cleanup: 17995 ns, At safepoint: 4478 ns, Total: 44224 ns
[2024-02-18T11:08:30.385+0000][7][gc,start    ] GC(39) Pause Young (Normal) (G1 Evacuation Pause)
[2024-02-18T11:08:30.385+0000][7][gc,task     ] GC(39) Using 12 workers of 13 for evacuation
[2024-02-18T11:08:30.385+0000][7][gc,age      ] GC(39) Desired survivor size 20971520 bytes, new threshold 15 (max threshold 15)
[2024-02-18T11:08:30.393+0000][7][gc,phases   ] GC(39)   Pre Evacuate Collection Set: 0.3ms
[2024-02-18T11:08:30.393+0000][7][gc,phases   ] GC(39)   Merge Heap Roots: 0.1ms
[2024-02-18T11:08:30.394+0000][7][gc,phases   ] GC(39)   Evacuate Collection Set: 7.3ms
[2024-02-18T11:08:30.394+0000][7][gc,phases   ] GC(39)   Post Evacuate Collection Set: 0.6ms
[2024-02-18T11:08:30.394+0000][7][gc,phases   ] GC(39)   Other: 0.3ms
[2024-02-18T11:08:30.394+0000][7][gc,age      ] GC(39) Age table with threshold 15 (max threshold 15)
[2024-02-18T11:08:30.394+0000][7][gc,age      ] GC(39) - age   1:    1230224 bytes,    1230224 total
[2024-02-18T11:08:30.394+0000][7][gc,age      ] GC(39) - age   2:     304872 bytes,    1535096 total
[2024-02-18T11:08:30.394+0000][7][gc,age      ] GC(39) - age   3:     196088 bytes,    1731184 total
[2024-02-18T11:08:30.394+0000][7][gc,age      ] GC(39) - age   4:      15056 bytes,    1746240 total
[2024-02-18T11:08:30.394+0000][7][gc,age      ] GC(39) - age   5:     100976 bytes,    1847216 total
[2024-02-18T11:08:30.394+0000][7][gc,age      ] GC(39) - age   6:     205160 bytes,    2052376 total
[2024-02-18T11:08:30.395+0000][7][gc,age      ] GC(39) - age   7:      70064 bytes,    2122440 total
[2024-02-18T11:08:30.395+0000][7][gc,age      ] GC(39) - age   8:     113744 bytes,    2236184 total
[2024-02-18T11:08:30.395+0000][7][gc,age      ] GC(39) - age   9:      55504 bytes,    2291688 total
[2024-02-18T11:08:30.395+0000][7][gc,age      ] GC(39) - age  10:      29352 bytes,    2321040 total
[2024-02-18T11:08:30.395+0000][7][gc,age      ] GC(39) - age  11:     110648 bytes,    2431688 total
[2024-02-18T11:08:30.395+0000][7][gc,age      ] GC(39) - age  12:      47016 bytes,    2478704 total
[2024-02-18T11:08:30.395+0000][7][gc,age      ] GC(39) - age  13:      56528 bytes,    2535232 total
[2024-02-18T11:08:30.395+0000][7][gc,age      ] GC(39) - age  14:    1138216 bytes,    3673448 total
[2024-02-18T11:08:30.395+0000][7][gc,age      ] GC(39) - age  15:      92248 bytes,    3765696 total
[2024-02-18T11:08:30.395+0000][7][gc,heap     ] GC(39) Eden regions: 75->0(74)
[2024-02-18T11:08:30.395+0000][7][gc,heap     ] GC(39) Survivor regions: 1->2(10)
[2024-02-18T11:08:30.396+0000][7][gc,heap     ] GC(39) Old regions: 30->30
[2024-02-18T11:08:30.396+0000][7][gc,heap     ] GC(39) Humongous regions: 2->2
[2024-02-18T11:08:30.396+0000][7][gc,metaspace] GC(39) Metaspace: 121753K(124736K)->121753K(124736K) NonClass: 105571K(107200K)->105571K(107200K) Class: 16181K(17536K)->16181K(17536K)
[2024-02-18T11:08:30.396+0000][7][gc          ] GC(39) Pause Young (Normal) (G1 Evacuation Pause) 430M->130M(512M) 11.313ms
[2024-02-18T11:08:30.396+0000][7][gc,cpu      ] GC(39) User=0.03s Sys=0.00s Real=0.02s
[2024-02-18T11:08:30.396+0000][7][safepoint   ] Safepoint "G1CollectForAllocation", Time since last: 711839262 ns, Reaching safepoint: 17243 ns, Cleanup: 6552 ns, At safepoint: 11614060 ns, Total: 11637855 ns
[2024-02-18T11:08:31.396+0000][7][safepoint   ] Safepoint "Cleanup", Time since last: 1000205973 ns, Reaching safepoint: 19798 ns, Cleanup: 15860 ns, At safepoint: 3998 ns, Total: 39656 ns
[2024-02-18T11:08:32.397+0000][7][safepoint   ] Safepoint "Cleanup", Time since last: 1000370908 ns, Reaching safepoint: 19568 ns, Cleanup: 14658 ns, At safepoint: 4128 ns, Total: 38354 ns
[2024-02-18T11:08:37.398+0000][7][safepoint   ] Safepoint "Cleanup", Time since last: 5000724718 ns, Reaching safepoint: 19898 ns, Cleanup: 13666 ns, At safepoint: 3697 ns, Total: 37261 ns
[2024-02-18T11:08:39.398+0000][7][safepoint   ] Safepoint "Cleanup", Time since last: 2000501371 ns, Reaching safepoint: 18655 ns, Cleanup: 13937 ns, At safepoint: 2896 ns, Total: 35488 ns
[2024-02-18T11:08:40.398+0000][7][safepoint   ] Safepoint "Cleanup", Time since last: 1000299367 ns, Reaching safepoint: 20369 ns, Cleanup: 16602 ns, At safepoint: 4178 ns, Total: 41149 ns
[2024-02-18T11:08:42.399+0000][7][safepoint   ] Safepoint "Cleanup", Time since last: 2000433005 ns, Reaching safepoint: 16872 ns, Cleanup: 11041 ns, At safepoint: 3106 ns, Total: 31019 ns
[2024-02-18T11:08:43.399+0000][7][safepoint   ] Safepoint "Cleanup", Time since last: 1000246270 ns, Reaching safepoint: 17153 ns, Cleanup: 11322 ns, At safepoint: 3426 ns, Total: 31901 ns
[2024-02-18T11:08:44.400+0000][7][safepoint   ] Safepoint "Cleanup", Time since last: 1000380116 ns, Reaching safepoint: 19678 ns, Cleanup: 13125 ns, At safepoint: 3747 ns, Total: 36550 ns
[2024-02-18T11:08:45.400+0000][7][safepoint   ] Safepoint "Cleanup", Time since last: 1000384228 ns, Reaching safepoint: 20670 ns, Cleanup: 13586 ns, At safepoint: 4027 ns, Total: 38283 ns
[2024-02-18T11:08:46.400+0000][7][safepoint   ] Safepoint "Cleanup", Time since last: 1000402319 ns, Reaching safepoint: 22874 ns, Cleanup: 14748 ns, At safepoint: 4309 ns, Total: 41931 ns
[2024-02-18T11:08:51.401+0000][7][safepoint   ] Safepoint "Cleanup", Time since last: 5000806009 ns, Reaching safepoint: 40037 ns, Cleanup: 25779 ns, At safepoint: 3787 ns, Total: 69603 ns
[2024-02-18T11:08:55.402+0000][7][safepoint   ] Safepoint "Cleanup", Time since last: 4000601609 ns, Reaching safepoint: 24276 ns, Cleanup: 10290 ns, At safepoint: 3847 ns, Total: 38413 ns
[2024-02-18T11:08:59.403+0000][7][safepoint   ] Safepoint "Cleanup", Time since last: 4000512750 ns, Reaching safepoint: 20479 ns, Cleanup: 13977 ns, At safepoint: 3407 ns, Total: 37863 ns
[2024-02-18T11:09:10.404+0000][7][safepoint   ] Safepoint "Cleanup", Time since last: 11001220781 ns, Reaching safepoint: 19818 ns, Cleanup: 13135 ns, At safepoint: 3466 ns, Total: 36419 ns
[2024-02-18T11:09:12.404+0000][7][safepoint   ] Safepoint "Cleanup", Time since last: 2000452198 ns, Reaching safepoint: 19888 ns, Cleanup: 17463 ns, At safepoint: 3748 ns, Total: 41099 ns
[2024-02-18T11:09:14.405+0000][7][safepoint   ] Safepoint "Cleanup", Time since last: 2000408543 ns, Reaching safepoint: 19988 ns, Cleanup: 16602 ns, At safepoint: 3547 ns, Total: 40137 ns
[2024-02-18T11:09:15.405+0000][7][safepoint   ] Safepoint "Cleanup", Time since last: 1000347679 ns, Reaching safepoint: 18956 ns, Cleanup: 18295 ns, At safepoint: 4228 ns, Total: 41479 ns
[2024-02-18T11:09:16.406+0000][7][safepoint   ] Safepoint "Cleanup", Time since last: 1000349181 ns, Reaching safepoint: 16983 ns, Cleanup: 19728 ns, At safepoint: 3536 ns, Total: 40247 ns
[2024-02-18T11:09:18.406+0000][7][safepoint   ] Safepoint "Cleanup", Time since last: 2000325486 ns, Reaching safepoint: 38684 ns, Cleanup: 12454 ns, At safepoint: 3587 ns, Total: 54725 ns
[2024-02-18T11:09:22.407+0000][7][safepoint   ] Safepoint "Cleanup", Time since last: 4000589330 ns, Reaching safepoint: 20119 ns, Cleanup: 15580 ns, At safepoint: 4088 ns, Total: 39787 ns
[2024-02-18T11:09:24.407+0000][7][safepoint   ] Safepoint "Cleanup", Time since last: 2000426828 ns, Reaching safepoint: 20158 ns, Cleanup: 12685 ns, At safepoint: 3056 ns, Total: 35899 ns
[2024-02-18T11:09:30.693+0000][7][safepoint   ] Safepoint "Cleanup", Time since last: 6286305531 ns, Reaching safepoint: 26140 ns, Cleanup: 23184 ns, At safepoint: 3837 ns, Total: 53161 ns
[2024-02-18T11:09:30.984+0000][7][gc,start    ] GC(40) Pause Young (Normal) (G1 Evacuation Pause)
[2024-02-18T11:09:30.984+0000][7][gc,task     ] GC(40) Using 12 workers of 13 for evacuation
[2024-02-18T11:09:30.984+0000][7][gc,age      ] GC(40) Desired survivor size 20971520 bytes, new threshold 15 (max threshold 15)
[2024-02-18T11:09:30.993+0000][7][gc,phases   ] GC(40)   Pre Evacuate Collection Set: 0.2ms
[2024-02-18T11:09:30.994+0000][7][gc,phases   ] GC(40)   Merge Heap Roots: 0.1ms
[2024-02-18T11:09:30.994+0000][7][gc,phases   ] GC(40)   Evacuate Collection Set: 8.1ms
[2024-02-18T11:09:30.994+0000][7][gc,phases   ] GC(40)   Post Evacuate Collection Set: 0.7ms
[2024-02-18T11:09:30.994+0000][7][gc,phases   ] GC(40)   Other: 0.3ms
[2024-02-18T11:09:30.994+0000][7][gc,age      ] GC(40) Age table with threshold 15 (max threshold 15)
[2024-02-18T11:09:30.994+0000][7][gc,age      ] GC(40) - age   1:    5441536 bytes,    5441536 total
[2024-02-18T11:09:30.994+0000][7][gc,age      ] GC(40) - age   2:     557824 bytes,    5999360 total
[2024-02-18T11:09:30.994+0000][7][gc,age      ] GC(40) - age   3:     299232 bytes,    6298592 total
[2024-02-18T11:09:30.994+0000][7][gc,age      ] GC(40) - age   4:     195832 bytes,    6494424 total
[2024-02-18T11:09:30.995+0000][7][gc,age      ] GC(40) - age   5:      14672 bytes,    6509096 total
[2024-02-18T11:09:30.995+0000][7][gc,age      ] GC(40) - age   6:     100848 bytes,    6609944 total
[2024-02-18T11:09:30.995+0000][7][gc,age      ] GC(40) - age   7:     205160 bytes,    6815104 total
[2024-02-18T11:09:30.995+0000][7][gc,age      ] GC(40) - age   8:      70064 bytes,    6885168 total
[2024-02-18T11:09:30.995+0000][7][gc,age      ] GC(40) - age   9:     113744 bytes,    6998912 total
[2024-02-18T11:09:30.995+0000][7][gc,age      ] GC(40) - age  10:      55504 bytes,    7054416 total
[2024-02-18T11:09:30.995+0000][7][gc,age      ] GC(40) - age  11:      29352 bytes,    7083768 total
[2024-02-18T11:09:30.995+0000][7][gc,age      ] GC(40) - age  12:     110616 bytes,    7194384 total
[2024-02-18T11:09:30.995+0000][7][gc,age      ] GC(40) - age  13:      47016 bytes,    7241400 total
[2024-02-18T11:09:30.995+0000][7][gc,age      ] GC(40) - age  14:      56528 bytes,    7297928 total
[2024-02-18T11:09:30.995+0000][7][gc,age      ] GC(40) - age  15:    1138216 bytes,    8436144 total
[2024-02-18T11:09:30.995+0000][7][gc,heap     ] GC(40) Eden regions: 74->0(73)
[2024-02-18T11:09:30.996+0000][7][gc,heap     ] GC(40) Survivor regions: 2->3(10)
[2024-02-18T11:09:30.996+0000][7][gc,heap     ] GC(40) Old regions: 30->30
[2024-02-18T11:09:30.996+0000][7][gc,heap     ] GC(40) Humongous regions: 2->2
[2024-02-18T11:09:30.996+0000][7][gc,metaspace] GC(40) Metaspace: 121788K(124800K)->121788K(124800K) NonClass: 105606K(107264K)->105606K(107264K) Class: 16181K(17536K)->16181K(17536K)
[2024-02-18T11:09:30.996+0000][7][gc          ] GC(40) Pause Young (Normal) (G1 Evacuation Pause) 426M->135M(512M) 12.055ms
[2024-02-18T11:09:30.996+0000][7][gc,cpu      ] GC(40) User=0.04s Sys=0.00s Real=0.02s
[2024-02-18T11:09:30.996+0000][7][safepoint   ] Safepoint "G1CollectForAllocation", Time since last: 290505748 ns, Reaching safepoint: 17404 ns, Cleanup: 3767 ns, At safepoint: 12344724 ns, Total: 12365895 ns
[2024-02-18T11:09:33.997+0000][7][safepoint   ] Safepoint "Cleanup", Time since last: 3000339053 ns, Reaching safepoint: 20269 ns, Cleanup: 19357 ns, At safepoint: 3517 ns, Total: 43143 ns
[2024-02-18T11:09:34.997+0000][7][safepoint   ] Safepoint "Cleanup", Time since last: 1000369024 ns, Reaching safepoint: 34406 ns, Cleanup: 14388 ns, At safepoint: 3597 ns, Total: 52391 ns
[2024-02-18T11:09:38.998+0000][7][safepoint   ] Safepoint "Cleanup", Time since last: 4000698360 ns, Reaching safepoint: 20108 ns, Cleanup: 13857 ns, At safepoint: 3567 ns, Total: 37532 ns
[2024-02-18T11:09:42.998+0000][7][safepoint   ] Safepoint "Cleanup", Time since last: 4000638314 ns, Reaching safepoint: 20369 ns, Cleanup: 17043 ns, At safepoint: 3797 ns, Total: 41209 ns
[2024-02-18T11:09:44.999+0000][7][safepoint   ] Safepoint "Cleanup", Time since last: 2000437654 ns, Reaching safepoint: 22353 ns, Cleanup: 13736 ns, At safepoint: 3657 ns, Total: 39746 ns
[2024-02-18T11:09:45.999+0000][7][safepoint   ] Safepoint "Cleanup", Time since last: 1000311846 ns, Reaching safepoint: 20278 ns, Cleanup: 17945 ns, At safepoint: 3476 ns, Total: 41699 ns
[2024-02-18T11:09:48.000+0000][7][safepoint   ] Safepoint "Cleanup", Time since last: 2000455678 ns, Reaching safepoint: 61077 ns, Cleanup: 16332 ns, At safepoint: 6091 ns, Total: 83500 ns
[2024-02-18T11:09:49.000+0000][7][safepoint   ] Safepoint "Cleanup", Time since last: 1000346001 ns, Reaching safepoint: 24387 ns, Cleanup: 15529 ns, At safepoint: 3738 ns, Total: 43654 ns
[2024-02-18T11:09:52.001+0000][7][safepoint   ] Safepoint "Cleanup", Time since last: 3000564836 ns, Reaching safepoint: 32964 ns, Cleanup: 40828 ns, At safepoint: 6813 ns, Total: 80605 ns
[2024-02-18T11:09:55.001+0000][7][safepoint   ] Safepoint "Cleanup", Time since last: 3000438604 ns, Reaching safepoint: 19768 ns, Cleanup: 13005 ns, At safepoint: 3346 ns, Total: 36119 ns
[2024-02-18T11:10:04.004+0000][7][safepoint   ] Safepoint "Cleanup", Time since last: 9001000568 ns, Reaching safepoint: 19808 ns, Cleanup: 20890 ns, At safepoint: 3316 ns, Total: 44014 ns
[2024-02-18T11:10:07.004+0000][7][safepoint   ] Safepoint "Cleanup", Time since last: 3000472299 ns, Reaching safepoint: 19367 ns, Cleanup: 20890 ns, At safepoint: 3576 ns, Total: 43833 ns
[2024-02-18T11:10:13.005+0000][7][safepoint   ] Safepoint "Cleanup", Time since last: 6000833705 ns, Reaching safepoint: 20149 ns, Cleanup: 13185 ns, At safepoint: 3928 ns, Total: 37262 ns
[2024-02-18T11:10:15.006+0000][7][safepoint   ] Safepoint "Cleanup", Time since last: 2000440700 ns, Reaching safepoint: 19918 ns, Cleanup: 18095 ns, At safepoint: 3546 ns, Total: 41559 ns
[2024-02-18T11:10:19.006+0000][7][safepoint   ] Safepoint "Cleanup", Time since last: 4000564915 ns, Reaching safepoint: 37351 ns, Cleanup: 14107 ns, At safepoint: 3557 ns, Total: 55015 ns
[2024-02-18T11:10:20.007+0000][7][safepoint   ] Safepoint "Cleanup", Time since last: 1000373103 ns, Reaching safepoint: 20058 ns, Cleanup: 13165 ns, At safepoint: 3096 ns, Total: 36319 ns
[2024-02-18T11:10:23.007+0000][7][safepoint   ] Safepoint "Cleanup", Time since last: 3000523337 ns, Reaching safepoint: 20549 ns, Cleanup: 16101 ns, At safepoint: 3427 ns, Total: 40077 ns
[2024-02-18T11:10:27.670+0000][7][gc,start    ] GC(41) Pause Young (Normal) (G1 Evacuation Pause)
[2024-02-18T11:10:27.670+0000][7][gc,task     ] GC(41) Using 12 workers of 13 for evacuation
[2024-02-18T11:10:27.670+0000][7][gc,age      ] GC(41) Desired survivor size 20971520 bytes, new threshold 15 (max threshold 15)
[2024-02-18T11:10:27.678+0000][7][gc,phases   ] GC(41)   Pre Evacuate Collection Set: 0.2ms
[2024-02-18T11:10:27.678+0000][7][gc,phases   ] GC(41)   Merge Heap Roots: 0.1ms
[2024-02-18T11:10:27.678+0000][7][gc,phases   ] GC(41)   Evacuate Collection Set: 7.0ms
[2024-02-18T11:10:27.678+0000][7][gc,phases   ] GC(41)   Post Evacuate Collection Set: 0.6ms
[2024-02-18T11:10:27.678+0000][7][gc,phases   ] GC(41)   Other: 0.2ms
[2024-02-18T11:10:27.679+0000][7][gc,age      ] GC(41) Age table with threshold 15 (max threshold 15)
[2024-02-18T11:10:27.679+0000][7][gc,age      ] GC(41) - age   1:    1458192 bytes,    1458192 total
[2024-02-18T11:10:27.679+0000][7][gc,age      ] GC(41) - age   2:    3864312 bytes,    5322504 total
[2024-02-18T11:10:27.679+0000][7][gc,age      ] GC(41) - age   3:     475088 bytes,    5797592 total
[2024-02-18T11:10:27.679+0000][7][gc,age      ] GC(41) - age   4:     298272 bytes,    6095864 total
[2024-02-18T11:10:27.679+0000][7][gc,age      ] GC(41) - age   5:     195736 bytes,    6291600 total
[2024-02-18T11:10:27.679+0000][7][gc,age      ] GC(41) - age   6:      14576 bytes,    6306176 total
[2024-02-18T11:10:27.679+0000][7][gc,age      ] GC(41) - age   7:     100848 bytes,    6407024 total
[2024-02-18T11:10:27.679+0000][7][gc,age      ] GC(41) - age   8:     205128 bytes,    6612152 total
[2024-02-18T11:10:27.679+0000][7][gc,age      ] GC(41) - age   9:      70064 bytes,    6682216 total
[2024-02-18T11:10:27.679+0000][7][gc,age      ] GC(41) - age  10:     113744 bytes,    6795960 total
[2024-02-18T11:10:27.679+0000][7][gc,age      ] GC(41) - age  11:      55504 bytes,    6851464 total
[2024-02-18T11:10:27.679+0000][7][gc,age      ] GC(41) - age  12:      29352 bytes,    6880816 total
[2024-02-18T11:10:27.680+0000][7][gc,age      ] GC(41) - age  13:     110584 bytes,    6991400 total
[2024-02-18T11:10:27.680+0000][7][gc,age      ] GC(41) - age  14:      47016 bytes,    7038416 total
[2024-02-18T11:10:27.680+0000][7][gc,age      ] GC(41) - age  15:      56528 bytes,    7094944 total
[2024-02-18T11:10:27.680+0000][7][gc,heap     ] GC(41) Eden regions: 73->0(74)
[2024-02-18T11:10:27.680+0000][7][gc,heap     ] GC(41) Survivor regions: 3->2(10)
[2024-02-18T11:10:27.680+0000][7][gc,heap     ] GC(41) Old regions: 30->31
[2024-02-18T11:10:27.680+0000][7][gc,heap     ] GC(41) Humongous regions: 2->2
[2024-02-18T11:10:27.680+0000][7][gc,metaspace] GC(41) Metaspace: 121830K(124800K)->121830K(124800K) NonClass: 105648K(107264K)->105648K(107264K) Class: 16181K(17536K)->16181K(17536K)
[2024-02-18T11:10:27.680+0000][7][gc          ] GC(41) Pause Young (Normal) (G1 Evacuation Pause) 427M->135M(512M) 10.300ms
[2024-02-18T11:10:27.680+0000][7][gc,cpu      ] GC(41) User=0.03s Sys=0.00s Real=0.01s
[2024-02-18T11:10:27.680+0000][7][safepoint   ] Safepoint "G1CollectForAllocation", Time since last: 4664008070 ns, Reaching safepoint: 16642 ns, Cleanup: 3868 ns, At safepoint: 10526221 ns, Total: 10546731 ns
[2024-02-18T11:10:30.681+0000][7][safepoint   ] Safepoint "Cleanup", Time since last: 3000372446 ns, Reaching safepoint: 20930 ns, Cleanup: 12344 ns, At safepoint: 3577 ns, Total: 36851 ns
[2024-02-18T11:10:33.681+0000][7][safepoint   ] Safepoint "Cleanup", Time since last: 3000495433 ns, Reaching safepoint: 20569 ns, Cleanup: 13516 ns, At safepoint: 3767 ns, Total: 37852 ns
[2024-02-18T11:10:37.682+0000][7][safepoint   ] Safepoint "Cleanup", Time since last: 4000713470 ns, Reaching safepoint: 29857 ns, Cleanup: 21080 ns, At safepoint: 3998 ns, Total: 54935 ns
[2024-02-18T11:10:42.683+0000][7][safepoint   ] Safepoint "Cleanup", Time since last: 5000714017 ns, Reaching safepoint: 20019 ns, Cleanup: 22553 ns, At safepoint: 4098 ns, Total: 46670 ns
[2024-02-18T11:10:47.683+0000][7][safepoint   ] Safepoint "Cleanup", Time since last: 5000691354 ns, Reaching safepoint: 19928 ns, Cleanup: 13676 ns, At safepoint: 3617 ns, Total: 37221 ns
[2024-02-18T11:10:48.684+0000][7][safepoint   ] Safepoint "Cleanup", Time since last: 1000356682 ns, Reaching safepoint: 75635 ns, Cleanup: 21651 ns, At safepoint: 5801 ns, Total: 103087 ns
[2024-02-18T11:10:49.684+0000][7][safepoint   ] Safepoint "Cleanup", Time since last: 1000412819 ns, Reaching safepoint: 21661 ns, Cleanup: 16041 ns, At safepoint: 3567 ns, Total: 41269 ns
[2024-02-18T11:10:51.685+0000][7][safepoint   ] Safepoint "Cleanup", Time since last: 2000452732 ns, Reaching safepoint: 24767 ns, Cleanup: 18816 ns, At safepoint: 3447 ns, Total: 47030 ns
[2024-02-18T11:10:52.685+0000][7][safepoint   ] Safepoint "Cleanup", Time since last: 1000415153 ns, Reaching safepoint: 100753 ns, Cleanup: 9859 ns, At safepoint: 12534 ns, Total: 123146 ns
[2024-02-18T11:10:53.686+0000][7][safepoint   ] Safepoint "Cleanup", Time since last: 1000303821 ns, Reaching safepoint: 45958 ns, Cleanup: 24607 ns, At safepoint: 6242 ns, Total: 76807 ns
[2024-02-18T11:10:54.686+0000][7][safepoint   ] Safepoint "Cleanup", Time since last: 1000349568 ns, Reaching safepoint: 19086 ns, Cleanup: 21992 ns, At safepoint: 4289 ns, Total: 45367 ns
[2024-02-18T11:10:55.687+0000][7][safepoint   ] Safepoint "Cleanup", Time since last: 1000352831 ns, Reaching safepoint: 20239 ns, Cleanup: 17243 ns, At safepoint: 3837 ns, Total: 41319 ns
[2024-02-18T11:11:01.687+0000][7][safepoint   ] Safepoint "Cleanup", Time since last: 6000695697 ns, Reaching safepoint: 25649 ns, Cleanup: 9979 ns, At safepoint: 3507 ns, Total: 39135 ns
[2024-02-18T11:11:02.688+0000][7][safepoint   ] Safepoint "Cleanup", Time since last: 1000217785 ns, Reaching safepoint: 19177 ns, Cleanup: 16050 ns, At safepoint: 3257 ns, Total: 38484 ns
[2024-02-18T11:11:03.688+0000][7][safepoint   ] Safepoint "Cleanup", Time since last: 1000378893 ns, Reaching safepoint: 20480 ns, Cleanup: 16772 ns, At safepoint: 3356 ns, Total: 40608 ns
[2024-02-18T11:11:04.733+0000][7][gc,start    ] GC(42) Pause Young (Normal) (G1 Evacuation Pause)
[2024-02-18T11:11:04.733+0000][7][gc,task     ] GC(42) Using 12 workers of 13 for evacuation
[2024-02-18T11:11:04.733+0000][7][gc,age      ] GC(42) Desired survivor size 20971520 bytes, new threshold 15 (max threshold 15)
[2024-02-18T11:11:04.741+0000][7][gc,phases   ] GC(42)   Pre Evacuate Collection Set: 0.2ms
[2024-02-18T11:11:04.741+0000][7][gc,phases   ] GC(42)   Merge Heap Roots: 0.1ms
[2024-02-18T11:11:04.741+0000][7][gc,phases   ] GC(42)   Evacuate Collection Set: 6.2ms
[2024-02-18T11:11:04.741+0000][7][gc,phases   ] GC(42)   Post Evacuate Collection Set: 0.7ms
[2024-02-18T11:11:04.741+0000][7][gc,phases   ] GC(42)   Other: 0.4ms
[2024-02-18T11:11:04.741+0000][7][gc,age      ] GC(42) Age table with threshold 15 (max threshold 15)
[2024-02-18T11:11:04.741+0000][7][gc,age      ] GC(42) - age   1:    1270584 bytes,    1270584 total
[2024-02-18T11:11:04.741+0000][7][gc,age      ] GC(42) - age   2:     648240 bytes,    1918824 total
[2024-02-18T11:11:04.742+0000][7][gc,age      ] GC(42) - age   3:       6824 bytes,    1925648 total
[2024-02-18T11:11:04.742+0000][7][gc,age      ] GC(42) - age   4:     418352 bytes,    2344000 total
[2024-02-18T11:11:04.742+0000][7][gc,age      ] GC(42) - age   5:     298240 bytes,    2642240 total
[2024-02-18T11:11:04.742+0000][7][gc,age      ] GC(42) - age   6:     195736 bytes,    2837976 total
[2024-02-18T11:11:04.742+0000][7][gc,age      ] GC(42) - age   7:      14480 bytes,    2852456 total
[2024-02-18T11:11:04.742+0000][7][gc,age      ] GC(42) - age   8:     100848 bytes,    2953304 total
[2024-02-18T11:11:04.742+0000][7][gc,age      ] GC(42) - age   9:     202704 bytes,    3156008 total
[2024-02-18T11:11:04.742+0000][7][gc,age      ] GC(42) - age  10:      70064 bytes,    3226072 total
[2024-02-18T11:11:04.742+0000][7][gc,age      ] GC(42) - age  11:     113680 bytes,    3339752 total
[2024-02-18T11:11:04.742+0000][7][gc,age      ] GC(42) - age  12:      55248 bytes,    3395000 total
[2024-02-18T11:11:04.742+0000][7][gc,age      ] GC(42) - age  13:      29256 bytes,    3424256 total
[2024-02-18T11:11:04.743+0000][7][gc,age      ] GC(42) - age  14:     110584 bytes,    3534840 total
[2024-02-18T11:11:04.743+0000][7][gc,age      ] GC(42) - age  15:      47016 bytes,    3581856 total
[2024-02-18T11:11:04.743+0000][7][gc,heap     ] GC(42) Eden regions: 74->0(74)
[2024-02-18T11:11:04.743+0000][7][gc,heap     ] GC(42) Survivor regions: 2->2(10)
[2024-02-18T11:11:04.743+0000][7][gc,heap     ] GC(42) Old regions: 31->31
[2024-02-18T11:11:04.743+0000][7][gc,heap     ] GC(42) Humongous regions: 2->2
[2024-02-18T11:11:04.743+0000][7][gc,metaspace] GC(42) Metaspace: 121849K(124800K)->121849K(124800K) NonClass: 105666K(107264K)->105666K(107264K) Class: 16182K(17536K)->16182K(17536K)
[2024-02-18T11:11:04.743+0000][7][gc          ] GC(42) Pause Young (Normal) (G1 Evacuation Pause) 431M->132M(512M) 10.349ms
[2024-02-18T11:11:04.743+0000][7][gc,cpu      ] GC(42) User=0.03s Sys=0.00s Real=0.01s
[2024-02-18T11:11:04.743+0000][7][safepoint   ] Safepoint "G1CollectForAllocation", Time since last: 1044766745 ns, Reaching safepoint: 19297 ns, Cleanup: 4739 ns, At safepoint: 10636262 ns, Total: 10660298 ns
[2024-02-18T11:11:06.744+0000][7][safepoint   ] Safepoint "Cleanup", Time since last: 2000307019 ns, Reaching safepoint: 24717 ns, Cleanup: 14448 ns, At safepoint: 3747 ns, Total: 42912 ns
[2024-02-18T11:11:09.744+0000][7][safepoint   ] Safepoint "Cleanup", Time since last: 3000493189 ns, Reaching safepoint: 20469 ns, Cleanup: 16572 ns, At safepoint: 3426 ns, Total: 40467 ns
[2024-02-18T11:11:11.745+0000][7][safepoint   ] Safepoint "Cleanup", Time since last: 2000457934 ns, Reaching safepoint: 19186 ns, Cleanup: 12895 ns, At safepoint: 3537 ns, Total: 35618 ns
[2024-02-18T11:11:13.745+0000][7][safepoint   ] Safepoint "Cleanup", Time since last: 2000428346 ns, Reaching safepoint: 19798 ns, Cleanup: 13847 ns, At safepoint: 4057 ns, Total: 37702 ns
[2024-02-18T11:11:15.746+0000][7][safepoint   ] Safepoint "Cleanup", Time since last: 2000471109 ns, Reaching safepoint: 21721 ns, Cleanup: 29577 ns, At safepoint: 3888 ns, Total: 55186 ns
[2024-02-18T11:11:16.746+0000][7][safepoint   ] Safepoint "Cleanup", Time since last: 1000423859 ns, Reaching safepoint: 20770 ns, Cleanup: 14408 ns, At safepoint: 3907 ns, Total: 39085 ns
[2024-02-18T11:11:19.747+0000][7][safepoint   ] Safepoint "Cleanup", Time since last: 3000518958 ns, Reaching safepoint: 41560 ns, Cleanup: 14247 ns, At safepoint: 5280 ns, Total: 61087 ns
[2024-02-18T11:11:21.747+0000][7][safepoint   ] Safepoint "Cleanup", Time since last: 2000455128 ns, Reaching safepoint: 19808 ns, Cleanup: 17323 ns, At safepoint: 3326 ns, Total: 40457 ns
[2024-02-18T11:11:30.735+0000][7][safepoint   ] Safepoint "Cleanup", Time since last: 8987952020 ns, Reaching safepoint: 20289 ns, Cleanup: 18365 ns, At safepoint: 3627 ns, Total: 42281 ns
[2024-02-18T11:11:31.736+0000][7][safepoint   ] Safepoint "Cleanup", Time since last: 1000341473 ns, Reaching safepoint: 21431 ns, Cleanup: 16301 ns, At safepoint: 3387 ns, Total: 41119 ns
[2024-02-18T11:11:40.737+0000][7][safepoint   ] Safepoint "Cleanup", Time since last: 9001126399 ns, Reaching safepoint: 19337 ns, Cleanup: 17113 ns, At safepoint: 2895 ns, Total: 39345 ns
[2024-02-18T11:11:42.737+0000][7][safepoint   ] Safepoint "Cleanup", Time since last: 2000427300 ns, Reaching safepoint: 19387 ns, Cleanup: 23185 ns, At safepoint: 3366 ns, Total: 45938 ns
[2024-02-18T11:11:45.738+0000][7][safepoint   ] Safepoint "Cleanup", Time since last: 3000573272 ns, Reaching safepoint: 34506 ns, Cleanup: 22894 ns, At safepoint: 5360 ns, Total: 62760 ns
[2024-02-18T11:11:51.739+0000][7][safepoint   ] Safepoint "Cleanup", Time since last: 6000955689 ns, Reaching safepoint: 16461 ns, Cleanup: 22604 ns, At safepoint: 3476 ns, Total: 42541 ns
[2024-02-18T11:11:54.739+0000][7][safepoint   ] Safepoint "Cleanup", Time since last: 3000451820 ns, Reaching safepoint: 18265 ns, Cleanup: 9999 ns, At safepoint: 3336 ns, Total: 31600 ns
[2024-02-18T11:12:03.741+0000][7][safepoint   ] Safepoint "Cleanup", Time since last: 9000990288 ns, Reaching safepoint: 20880 ns, Cleanup: 14017 ns, At safepoint: 3557 ns, Total: 38454 ns
[2024-02-18T11:12:04.357+0000][7][gc,start    ] GC(43) Pause Young (Normal) (G1 Evacuation Pause)
[2024-02-18T11:12:04.358+0000][7][gc,task     ] GC(43) Using 12 workers of 13 for evacuation
[2024-02-18T11:12:04.359+0000][7][gc,age      ] GC(43) Desired survivor size 20971520 bytes, new threshold 15 (max threshold 15)
[2024-02-18T11:12:04.368+0000][7][gc,phases   ] GC(43)   Pre Evacuate Collection Set: 0.4ms
[2024-02-18T11:12:04.369+0000][7][gc,phases   ] GC(43)   Merge Heap Roots: 0.1ms
[2024-02-18T11:12:04.371+0000][7][gc,phases   ] GC(43)   Evacuate Collection Set: 7.4ms
[2024-02-18T11:12:04.372+0000][7][gc,phases   ] GC(43)   Post Evacuate Collection Set: 1.1ms
[2024-02-18T11:12:04.372+0000][7][gc,phases   ] GC(43)   Other: 0.7ms
[2024-02-18T11:12:04.373+0000][7][gc,age      ] GC(43) Age table with threshold 15 (max threshold 15)
[2024-02-18T11:12:04.374+0000][7][gc,age      ] GC(43) - age   1:    6044392 bytes,    6044392 total
[2024-02-18T11:12:04.374+0000][7][gc,age      ] GC(43) - age   2:     246888 bytes,    6291280 total
[2024-02-18T11:12:04.374+0000][7][gc,age      ] GC(43) - age   3:     374088 bytes,    6665368 total
[2024-02-18T11:12:04.375+0000][7][gc,age      ] GC(43) - age   4:       4808 bytes,    6670176 total
[2024-02-18T11:12:04.375+0000][7][gc,age      ] GC(43) - age   5:     416880 bytes,    7087056 total
[2024-02-18T11:12:04.375+0000][7][gc,age      ] GC(43) - age   6:     298208 bytes,    7385264 total
[2024-02-18T11:12:04.376+0000][7][gc,age      ] GC(43) - age   7:     195736 bytes,    7581000 total
[2024-02-18T11:12:04.377+0000][7][gc,age      ] GC(43) - age   8:      14480 bytes,    7595480 total
[2024-02-18T11:12:04.377+0000][7][gc,age      ] GC(43) - age   9:      84696 bytes,    7680176 total
[2024-02-18T11:12:04.378+0000][7][gc,age      ] GC(43) - age  10:     202704 bytes,    7882880 total
[2024-02-18T11:12:04.378+0000][7][gc,age      ] GC(43) - age  11:      70064 bytes,    7952944 total
[2024-02-18T11:12:04.378+0000][7][gc,age      ] GC(43) - age  12:     113680 bytes,    8066624 total
[2024-02-18T11:12:04.379+0000][7][gc,age      ] GC(43) - age  13:      52344 bytes,    8118968 total
[2024-02-18T11:12:04.379+0000][7][gc,age      ] GC(43) - age  14:      29256 bytes,    8148224 total
[2024-02-18T11:12:04.380+0000][7][gc,age      ] GC(43) - age  15:     110584 bytes,    8258808 total
[2024-02-18T11:12:04.380+0000][7][gc,heap     ] GC(43) Eden regions: 74->0(73)
[2024-02-18T11:12:04.380+0000][7][gc,heap     ] GC(43) Survivor regions: 2->3(10)
[2024-02-18T11:12:04.380+0000][7][gc,heap     ] GC(43) Old regions: 31->31
[2024-02-18T11:12:04.381+0000][7][gc,heap     ] GC(43) Humongous regions: 2->2
[2024-02-18T11:12:04.381+0000][7][gc,metaspace] GC(43) Metaspace: 121897K(124864K)->121897K(124864K) NonClass: 105713K(107328K)->105713K(107328K) Class: 16184K(17536K)->16184K(17536K)
[2024-02-18T11:12:04.381+0000][7][gc          ] GC(43) Pause Young (Normal) (G1 Evacuation Pause) 428M->136M(512M) 24.122ms
[2024-02-18T11:12:04.381+0000][7][gc,cpu      ] GC(43) User=0.04s Sys=0.01s Real=0.02s
[2024-02-18T11:12:04.382+0000][7][safepoint   ] Safepoint "G1CollectForAllocation", Time since last: 616329175 ns, Reaching safepoint: 46920 ns, Cleanup: 8226 ns, At safepoint: 24932683 ns, Total: 24987829 ns
[2024-02-18T11:12:06.382+0000][7][safepoint   ] Safepoint "Cleanup", Time since last: 2000369163 ns, Reaching safepoint: 16942 ns, Cleanup: 9288 ns, At safepoint: 3416 ns, Total: 29646 ns
[2024-02-18T11:12:07.383+0000][7][safepoint   ] Safepoint "Cleanup", Time since last: 1000274425 ns, Reaching safepoint: 28955 ns, Cleanup: 19898 ns, At safepoint: 5160 ns, Total: 54013 ns
[2024-02-18T11:12:09.383+0000][7][safepoint   ] Safepoint "Cleanup", Time since last: 2000443926 ns, Reaching safepoint: 23926 ns, Cleanup: 12875 ns, At safepoint: 3767 ns, Total: 40568 ns
[2024-02-18T11:12:15.390+0000][7][safepoint   ] Safepoint "Cleanup", Time since last: 6007244464 ns, Reaching safepoint: 16812 ns, Cleanup: 10911 ns, At safepoint: 3888 ns, Total: 31611 ns
[2024-02-18T11:12:16.391+0000][7][safepoint   ] Safepoint "Cleanup", Time since last: 1000332314 ns, Reaching safepoint: 16091 ns, Cleanup: 10600 ns, At safepoint: 2846 ns, Total: 29537 ns
[2024-02-18T11:12:17.391+0000][7][safepoint   ] Safepoint "Cleanup", Time since last: 1000233245 ns, Reaching safepoint: 15670 ns, Cleanup: 11682 ns, At safepoint: 3006 ns, Total: 30358 ns
[2024-02-18T11:12:18.391+0000][7][safepoint   ] Safepoint "Cleanup", Time since last: 1000443547 ns, Reaching safepoint: 24698 ns, Cleanup: 14828 ns, At safepoint: 13596 ns, Total: 53122 ns
[2024-02-18T11:12:19.392+0000][7][safepoint   ] Safepoint "Cleanup", Time since last: 1000244826 ns, Reaching safepoint: 49134 ns, Cleanup: 15950 ns, At safepoint: 5110 ns, Total: 70194 ns
[2024-02-18T11:12:21.392+0000][7][safepoint   ] Safepoint "Cleanup", Time since last: 2000459286 ns, Reaching safepoint: 20329 ns, Cleanup: 12063 ns, At safepoint: 3928 ns, Total: 36320 ns
[2024-02-18T11:12:33.757+0000][7][safepoint   ] Safepoint "Cleanup", Time since last: 12364763075 ns, Reaching safepoint: 19226 ns, Cleanup: 14458 ns, At safepoint: 3417 ns, Total: 37101 ns
[2024-02-18T11:12:39.758+0000][7][safepoint   ] Safepoint "Cleanup", Time since last: 6000790873 ns, Reaching safepoint: 19487 ns, Cleanup: 16441 ns, At safepoint: 4168 ns, Total: 40096 ns
[2024-02-18T11:12:42.758+0000][7][safepoint   ] Safepoint "Cleanup", Time since last: 3000528416 ns, Reaching safepoint: 26682 ns, Cleanup: 18846 ns, At safepoint: 5761 ns, Total: 51289 ns
[2024-02-18T11:12:45.759+0000][7][safepoint   ] Safepoint "Cleanup", Time since last: 3000533976 ns, Reaching safepoint: 19648 ns, Cleanup: 17985 ns, At safepoint: 3466 ns, Total: 41099 ns
[2024-02-18T11:12:51.760+0000][7][safepoint   ] Safepoint "Cleanup", Time since last: 6000821687 ns, Reaching safepoint: 48193 ns, Cleanup: 30278 ns, At safepoint: 4308 ns, Total: 82779 ns
[2024-02-18T11:12:52.330+0000][7][gc,start    ] GC(44) Pause Young (Normal) (G1 Evacuation Pause)
[2024-02-18T11:12:52.330+0000][7][gc,task     ] GC(44) Using 12 workers of 13 for evacuation
[2024-02-18T11:12:52.330+0000][7][gc,age      ] GC(44) Desired survivor size 20971520 bytes, new threshold 15 (max threshold 15)
[2024-02-18T11:12:52.337+0000][7][gc,phases   ] GC(44)   Pre Evacuate Collection Set: 0.2ms
[2024-02-18T11:12:52.337+0000][7][gc,phases   ] GC(44)   Merge Heap Roots: 0.1ms
[2024-02-18T11:12:52.337+0000][7][gc,phases   ] GC(44)   Evacuate Collection Set: 5.3ms
[2024-02-18T11:12:52.337+0000][7][gc,phases   ] GC(44)   Post Evacuate Collection Set: 0.7ms
[2024-02-18T11:12:52.337+0000][7][gc,phases   ] GC(44)   Other: 0.3ms
[2024-02-18T11:12:52.337+0000][7][gc,age      ] GC(44) Age table with threshold 15 (max threshold 15)
[2024-02-18T11:12:52.337+0000][7][gc,age      ] GC(44) - age   1:    2016696 bytes,    2016696 total
[2024-02-18T11:12:52.337+0000][7][gc,age      ] GC(44) - age   2:      38424 bytes,    2055120 total
[2024-02-18T11:12:52.338+0000][7][gc,age      ] GC(44) - age   3:     155792 bytes,    2210912 total
[2024-02-18T11:12:52.338+0000][7][gc,age      ] GC(44) - age   4:     116096 bytes,    2327008 total
[2024-02-18T11:12:52.338+0000][7][gc,age      ] GC(44) - age   5:       4360 bytes,    2331368 total
[2024-02-18T11:12:52.338+0000][7][gc,age      ] GC(44) - age   6:     166344 bytes,    2497712 total
[2024-02-18T11:12:52.338+0000][7][gc,age      ] GC(44) - age   7:     194312 bytes,    2692024 total
[2024-02-18T11:12:52.338+0000][7][gc,age      ] GC(44) - age   8:     195736 bytes,    2887760 total
[2024-02-18T11:12:52.338+0000][7][gc,age      ] GC(44) - age   9:      14480 bytes,    2902240 total
[2024-02-18T11:12:52.339+0000][7][gc,age      ] GC(44) - age  10:      84560 bytes,    2986800 total
[2024-02-18T11:12:52.339+0000][7][gc,age      ] GC(44) - age  11:     202704 bytes,    3189504 total
[2024-02-18T11:12:52.339+0000][7][gc,age      ] GC(44) - age  12:      70032 bytes,    3259536 total
[2024-02-18T11:12:52.339+0000][7][gc,age      ] GC(44) - age  13:     113512 bytes,    3373048 total
[2024-02-18T11:12:52.339+0000][7][gc,age      ] GC(44) - age  14:      52344 bytes,    3425392 total
[2024-02-18T11:12:52.339+0000][7][gc,age      ] GC(44) - age  15:      29256 bytes,    3454648 total
[2024-02-18T11:12:52.339+0000][7][gc,heap     ] GC(44) Eden regions: 73->0(74)
[2024-02-18T11:12:52.339+0000][7][gc,heap     ] GC(44) Survivor regions: 3->2(10)
[2024-02-18T11:12:52.339+0000][7][gc,heap     ] GC(44) Old regions: 31->31
[2024-02-18T11:12:52.339+0000][7][gc,heap     ] GC(44) Humongous regions: 2->2
[2024-02-18T11:12:52.340+0000][7][gc,metaspace] GC(44) Metaspace: 121922K(124864K)->121922K(124864K) NonClass: 105738K(107328K)->105738K(107328K) Class: 16184K(17536K)->16184K(17536K)
[2024-02-18T11:12:52.340+0000][7][gc          ] GC(44) Pause Young (Normal) (G1 Evacuation Pause) 428M->132M(512M) 9.927ms
[2024-02-18T11:12:52.340+0000][7][gc,cpu      ] GC(44) User=0.01s Sys=0.02s Real=0.01s
[2024-02-18T11:12:52.340+0000][7][safepoint   ] Safepoint "G1CollectForAllocation", Time since last: 569806014 ns, Reaching safepoint: 19808 ns, Cleanup: 4899 ns, At safepoint: 10228431 ns, Total: 10253138 ns
[2024-02-18T11:12:56.341+0000][7][safepoint   ] Safepoint "Cleanup", Time since last: 4000504678 ns, Reaching safepoint: 27843 ns, Cleanup: 21501 ns, At safepoint: 3988 ns, Total: 53332 ns
[2024-02-18T11:12:57.341+0000][7][safepoint   ] Safepoint "Cleanup", Time since last: 1000375337 ns, Reaching safepoint: 17113 ns, Cleanup: 8676 ns, At safepoint: 2986 ns, Total: 28775 ns
[2024-02-18T11:12:58.341+0000][7][safepoint   ] Safepoint "Cleanup", Time since last: 1000237964 ns, Reaching safepoint: 20639 ns, Cleanup: 14859 ns, At safepoint: 3797 ns, Total: 39295 ns
[2024-02-18T11:13:06.342+0000][7][safepoint   ] Safepoint "Cleanup", Time since last: 8001035853 ns, Reaching safepoint: 18946 ns, Cleanup: 19988 ns, At safepoint: 3878 ns, Total: 42812 ns
[2024-02-18T11:13:08.343+0000][7][safepoint   ] Safepoint "Cleanup", Time since last: 2000295722 ns, Reaching safepoint: 17865 ns, Cleanup: 26300 ns, At safepoint: 3707 ns, Total: 47872 ns
[2024-02-18T11:13:10.343+0000][7][safepoint   ] Safepoint "Cleanup", Time since last: 2000322874 ns, Reaching safepoint: 19458 ns, Cleanup: 16481 ns, At safepoint: 3507 ns, Total: 39446 ns
[2024-02-18T11:13:12.343+0000][7][safepoint   ] Safepoint "Cleanup", Time since last: 2000414770 ns, Reaching safepoint: 19428 ns, Cleanup: 13926 ns, At safepoint: 3206 ns, Total: 36560 ns
[2024-02-18T11:13:16.344+0000][7][safepoint   ] Safepoint "Cleanup", Time since last: 4000702953 ns, Reaching safepoint: 18866 ns, Cleanup: 17694 ns, At safepoint: 3337 ns, Total: 39897 ns
[2024-02-18T11:13:18.345+0000][7][safepoint   ] Safepoint "Cleanup", Time since last: 2000332458 ns, Reaching safepoint: 20369 ns, Cleanup: 10079 ns, At safepoint: 3647 ns, Total: 34095 ns
[2024-02-18T11:13:21.345+0000][7][safepoint   ] Safepoint "Cleanup", Time since last: 3000425489 ns, Reaching safepoint: 31761 ns, Cleanup: 19227 ns, At safepoint: 12163 ns, Total: 63151 ns
[2024-02-18T11:13:29.777+0000][7][safepoint   ] Safepoint "Cleanup", Time since last: 8432241900 ns, Reaching safepoint: 20390 ns, Cleanup: 14798 ns, At safepoint: 4248 ns, Total: 39436 ns
[2024-02-18T11:13:30.778+0000][7][safepoint   ] Safepoint "Cleanup", Time since last: 1000423980 ns, Reaching safepoint: 19698 ns, Cleanup: 17193 ns, At safepoint: 3336 ns, Total: 40227 ns
[2024-02-18T11:13:32.778+0000][7][safepoint   ] Safepoint "Cleanup", Time since last: 2000418197 ns, Reaching safepoint: 20269 ns, Cleanup: 13285 ns, At safepoint: 4339 ns, Total: 37893 ns
[2024-02-18T11:13:36.779+0000][7][safepoint   ] Safepoint "Cleanup", Time since last: 4000608056 ns, Reaching safepoint: 18846 ns, Cleanup: 12735 ns, At safepoint: 3537 ns, Total: 35118 ns
[2024-02-18T11:13:42.372+0000][7][gc,start    ] GC(45) Pause Young (Normal) (G1 Evacuation Pause)
[2024-02-18T11:13:42.373+0000][7][gc,task     ] GC(45) Using 12 workers of 13 for evacuation
[2024-02-18T11:13:42.373+0000][7][gc,age      ] GC(45) Desired survivor size 20971520 bytes, new threshold 15 (max threshold 15)
[2024-02-18T11:13:42.379+0000][7][gc,phases   ] GC(45)   Pre Evacuate Collection Set: 0.2ms
[2024-02-18T11:13:42.380+0000][7][gc,phases   ] GC(45)   Merge Heap Roots: 0.1ms
[2024-02-18T11:13:42.380+0000][7][gc,phases   ] GC(45)   Evacuate Collection Set: 5.7ms
[2024-02-18T11:13:42.380+0000][7][gc,phases   ] GC(45)   Post Evacuate Collection Set: 0.6ms
[2024-02-18T11:13:42.380+0000][7][gc,phases   ] GC(45)   Other: 0.2ms
[2024-02-18T11:13:42.380+0000][7][gc,age      ] GC(45) Age table with threshold 15 (max threshold 15)
[2024-02-18T11:13:42.380+0000][7][gc,age      ] GC(45) - age   1:    1389904 bytes,    1389904 total
[2024-02-18T11:13:42.380+0000][7][gc,age      ] GC(45) - age   2:     402072 bytes,    1791976 total
[2024-02-18T11:13:42.380+0000][7][gc,age      ] GC(45) - age   3:      28376 bytes,    1820352 total
[2024-02-18T11:13:42.380+0000][7][gc,age      ] GC(45) - age   4:     153040 bytes,    1973392 total
[2024-02-18T11:13:42.380+0000][7][gc,age      ] GC(45) - age   5:     115336 bytes,    2088728 total
[2024-02-18T11:13:42.381+0000][7][gc,age      ] GC(45) - age   6:       4008 bytes,    2092736 total
[2024-02-18T11:13:42.381+0000][7][gc,age      ] GC(45) - age   7:     165800 bytes,    2258536 total
[2024-02-18T11:13:42.381+0000][7][gc,age      ] GC(45) - age   8:     193992 bytes,    2452528 total
[2024-02-18T11:13:42.381+0000][7][gc,age      ] GC(45) - age   9:     195576 bytes,    2648104 total
[2024-02-18T11:13:42.381+0000][7][gc,age      ] GC(45) - age  10:      14448 bytes,    2662552 total
[2024-02-18T11:13:42.381+0000][7][gc,age      ] GC(45) - age  11:      84560 bytes,    2747112 total
[2024-02-18T11:13:42.381+0000][7][gc,age      ] GC(45) - age  12:     202704 bytes,    2949816 total
[2024-02-18T11:13:42.381+0000][7][gc,age      ] GC(45) - age  13:      70032 bytes,    3019848 total
[2024-02-18T11:13:42.381+0000][7][gc,age      ] GC(45) - age  14:     113320 bytes,    3133168 total
[2024-02-18T11:13:42.381+0000][7][gc,age      ] GC(45) - age  15:      52344 bytes,    3185512 total
[2024-02-18T11:13:42.381+0000][7][gc,heap     ] GC(45) Eden regions: 74->0(75)
[2024-02-18T11:13:42.381+0000][7][gc,heap     ] GC(45) Survivor regions: 2->1(10)
[2024-02-18T11:13:42.382+0000][7][gc,heap     ] GC(45) Old regions: 31->31
[2024-02-18T11:13:42.382+0000][7][gc,heap     ] GC(45) Humongous regions: 2->2
[2024-02-18T11:13:42.382+0000][7][gc,metaspace] GC(45) Metaspace: 121995K(124928K)->121995K(124928K) NonClass: 105810K(107392K)->105810K(107392K) Class: 16185K(17536K)->16185K(17536K)
[2024-02-18T11:13:42.382+0000][7][gc          ] GC(45) Pause Young (Normal) (G1 Evacuation Pause) 428M->132M(512M) 9.538ms
[2024-02-18T11:13:42.382+0000][7][gc,cpu      ] GC(45) User=0.01s Sys=0.01s Real=0.01s
[2024-02-18T11:13:42.382+0000][7][safepoint   ] Safepoint "G1CollectForAllocation", Time since last: 5593412598 ns, Reaching safepoint: 21290 ns, Cleanup: 4058 ns, At safepoint: 9821276 ns, Total: 9846624 ns
[2024-02-18T11:13:44.383+0000][7][safepoint   ] Safepoint "Cleanup", Time since last: 2000269998 ns, Reaching safepoint: 20229 ns, Cleanup: 14628 ns, At safepoint: 3146 ns, Total: 38003 ns
[2024-02-18T11:13:47.383+0000][7][safepoint   ] Safepoint "Cleanup", Time since last: 3000530119 ns, Reaching safepoint: 20830 ns, Cleanup: 13937 ns, At safepoint: 3396 ns, Total: 38163 ns
[2024-02-18T11:13:49.384+0000][7][safepoint   ] Safepoint "Cleanup", Time since last: 2000465212 ns, Reaching safepoint: 20389 ns, Cleanup: 13025 ns, At safepoint: 3477 ns, Total: 36891 ns
[2024-02-18T11:13:50.384+0000][7][safepoint   ] Safepoint "Cleanup", Time since last: 1000382486 ns, Reaching safepoint: 54123 ns, Cleanup: 31992 ns, At safepoint: 6552 ns, Total: 92667 ns
[2024-02-18T11:13:52.385+0000][7][safepoint   ] Safepoint "Cleanup", Time since last: 2000429980 ns, Reaching safepoint: 19968 ns, Cleanup: 14648 ns, At safepoint: 3326 ns, Total: 37942 ns
[2024-02-18T11:13:56.385+0000][7][safepoint   ] Safepoint "Cleanup", Time since last: 4000627528 ns, Reaching safepoint: 21201 ns, Cleanup: 31861 ns, At safepoint: 3967 ns, Total: 57029 ns
[2024-02-18T11:13:57.386+0000][7][safepoint   ] Safepoint "Cleanup", Time since last: 1000393638 ns, Reaching safepoint: 17203 ns, Cleanup: 11312 ns, At safepoint: 2745 ns, Total: 31260 ns
[2024-02-18T11:14:00.386+0000][7][safepoint   ] Safepoint "Cleanup", Time since last: 3000385783 ns, Reaching safepoint: 17514 ns, Cleanup: 8826 ns, At safepoint: 2876 ns, Total: 29216 ns
[2024-02-18T11:14:16.387+0000][7][safepoint   ] Safepoint "Cleanup", Time since last: 16001375964 ns, Reaching safepoint: 21290 ns, Cleanup: 13506 ns, At safepoint: 3297 ns, Total: 38093 ns
[2024-02-18T11:14:21.388+0000][7][safepoint   ] Safepoint "Cleanup", Time since last: 5000689671 ns, Reaching safepoint: 203860 ns, Cleanup: 11722 ns, At safepoint: 19528 ns, Total: 235110 ns
[2024-02-18T11:14:27.798+0000][7][safepoint   ] Safepoint "Cleanup", Time since last: 6409232714 ns, Reaching safepoint: 19828 ns, Cleanup: 13285 ns, At safepoint: 3788 ns, Total: 36901 ns
[2024-02-18T11:14:30.396+0000][7][gc,start    ] GC(46) Pause Young (Normal) (G1 Evacuation Pause)
[2024-02-18T11:14:30.396+0000][7][gc,task     ] GC(46) Using 12 workers of 13 for evacuation
[2024-02-18T11:14:30.397+0000][7][gc,age      ] GC(46) Desired survivor size 20971520 bytes, new threshold 15 (max threshold 15)
[2024-02-18T11:14:30.405+0000][7][gc,phases   ] GC(46)   Pre Evacuate Collection Set: 0.2ms
[2024-02-18T11:14:30.405+0000][7][gc,phases   ] GC(46)   Merge Heap Roots: 0.1ms
[2024-02-18T11:14:30.405+0000][7][gc,phases   ] GC(46)   Evacuate Collection Set: 7.1ms
[2024-02-18T11:14:30.405+0000][7][gc,phases   ] GC(46)   Post Evacuate Collection Set: 0.6ms
[2024-02-18T11:14:30.405+0000][7][gc,phases   ] GC(46)   Other: 0.3ms
[2024-02-18T11:14:30.405+0000][7][gc,age      ] GC(46) Age table with threshold 15 (max threshold 15)
[2024-02-18T11:14:30.405+0000][7][gc,age      ] GC(46) - age   1:    1375616 bytes,    1375616 total
[2024-02-18T11:14:30.405+0000][7][gc,age      ] GC(46) - age   2:     170624 bytes,    1546240 total
[2024-02-18T11:14:30.406+0000][7][gc,age      ] GC(46) - age   3:     308736 bytes,    1854976 total
[2024-02-18T11:14:30.406+0000][7][gc,age      ] GC(46) - age   4:      25096 bytes,    1880072 total
[2024-02-18T11:14:30.406+0000][7][gc,age      ] GC(46) - age   5:     152280 bytes,    2032352 total
[2024-02-18T11:14:30.406+0000][7][gc,age      ] GC(46) - age   6:     115272 bytes,    2147624 total
[2024-02-18T11:14:30.406+0000][7][gc,age      ] GC(46) - age   7:       3912 bytes,    2151536 total
[2024-02-18T11:14:30.406+0000][7][gc,age      ] GC(46) - age   8:     165576 bytes,    2317112 total
[2024-02-18T11:14:30.406+0000][7][gc,age      ] GC(46) - age   9:     161208 bytes,    2478320 total
[2024-02-18T11:14:30.406+0000][7][gc,age      ] GC(46) - age  10:     195576 bytes,    2673896 total
[2024-02-18T11:14:30.406+0000][7][gc,age      ] GC(46) - age  11:      14448 bytes,    2688344 total
[2024-02-18T11:14:30.406+0000][7][gc,age      ] GC(46) - age  12:      84560 bytes,    2772904 total
[2024-02-18T11:14:30.406+0000][7][gc,age      ] GC(46) - age  13:     202704 bytes,    2975608 total
[2024-02-18T11:14:30.407+0000][7][gc,age      ] GC(46) - age  14:      70032 bytes,    3045640 total
[2024-02-18T11:14:30.407+0000][7][gc,age      ] GC(46) - age  15:     113256 bytes,    3158896 total
[2024-02-18T11:14:30.407+0000][7][gc,heap     ] GC(46) Eden regions: 75->0(75)
[2024-02-18T11:14:30.407+0000][7][gc,heap     ] GC(46) Survivor regions: 1->1(10)
[2024-02-18T11:14:30.407+0000][7][gc,heap     ] GC(46) Old regions: 31->31
[2024-02-18T11:14:30.407+0000][7][gc,heap     ] GC(46) Humongous regions: 2->2
[2024-02-18T11:14:30.407+0000][7][gc,metaspace] GC(46) Metaspace: 122063K(125056K)->122063K(125056K) NonClass: 105877K(107520K)->105877K(107520K) Class: 16185K(17536K)->16185K(17536K)
[2024-02-18T11:14:30.407+0000][7][gc          ] GC(46) Pause Young (Normal) (G1 Evacuation Pause) 432M->131M(512M) 11.040ms
[2024-02-18T11:14:30.407+0000][7][gc,cpu      ] GC(46) User=0.02s Sys=0.00s Real=0.01s
[2024-02-18T11:14:30.407+0000][7][safepoint   ] Safepoint "G1CollectForAllocation", Time since last: 2598421071 ns, Reaching safepoint: 14828 ns, Cleanup: 5511 ns, At safepoint: 11303069 ns, Total: 11323408 ns
[2024-02-18T11:14:31.408+0000][7][safepoint   ] Safepoint "Cleanup", Time since last: 1000183665 ns, Reaching safepoint: 18856 ns, Cleanup: 15580 ns, At safepoint: 3627 ns, Total: 38063 ns
[2024-02-18T11:14:33.408+0000][7][safepoint   ] Safepoint "Cleanup", Time since last: 2000426077 ns, Reaching safepoint: 34406 ns, Cleanup: 12594 ns, At safepoint: 4108 ns, Total: 51108 ns
[2024-02-18T11:14:34.408+0000][7][safepoint   ] Safepoint "Cleanup", Time since last: 1000317070 ns, Reaching safepoint: 21221 ns, Cleanup: 14628 ns, At safepoint: 3416 ns, Total: 39265 ns
[2024-02-18T11:14:43.410+0000][7][safepoint   ] Safepoint "Cleanup", Time since last: 9001117347 ns, Reaching safepoint: 20069 ns, Cleanup: 13335 ns, At safepoint: 3667 ns, Total: 37071 ns
[2024-02-18T11:14:51.411+0000][7][safepoint   ] Safepoint "Cleanup", Time since last: 8001005921 ns, Reaching safepoint: 46749 ns, Cleanup: 27353 ns, At safepoint: 3687 ns, Total: 77789 ns
[2024-02-18T11:14:58.412+0000][7][safepoint   ] Safepoint "Cleanup", Time since last: 7000770246 ns, Reaching safepoint: 20158 ns, Cleanup: 18596 ns, At safepoint: 3507 ns, Total: 42261 ns
[2024-02-18T11:15:00.413+0000][7][safepoint   ] Safepoint "Cleanup", Time since last: 2000396866 ns, Reaching safepoint: 17363 ns, Cleanup: 12855 ns, At safepoint: 3857 ns, Total: 34075 ns
[2024-02-18T11:15:01.413+0000][7][safepoint   ] Safepoint "Cleanup", Time since last: 1000363815 ns, Reaching safepoint: 18766 ns, Cleanup: 10951 ns, At safepoint: 3266 ns, Total: 32983 ns
[2024-02-18T11:15:02.413+0000][7][safepoint   ] Safepoint "Cleanup", Time since last: 1000261213 ns, Reaching safepoint: 18515 ns, Cleanup: 14959 ns, At safepoint: 2995 ns, Total: 36469 ns
[2024-02-18T11:15:04.414+0000][7][safepoint   ] Safepoint "Cleanup", Time since last: 2000555066 ns, Reaching safepoint: 19828 ns, Cleanup: 17373 ns, At safepoint: 3967 ns, Total: 41168 ns
[2024-02-18T11:15:06.414+0000][7][safepoint   ] Safepoint "Cleanup", Time since last: 2000422149 ns, Reaching safepoint: 16832 ns, Cleanup: 14408 ns, At safepoint: 3296 ns, Total: 34536 ns
[2024-02-18T11:15:07.415+0000][7][safepoint   ] Safepoint "Cleanup", Time since last: 1000313865 ns, Reaching safepoint: 16512 ns, Cleanup: 10690 ns, At safepoint: 3146 ns, Total: 30348 ns
[2024-02-18T11:15:15.416+0000][7][safepoint   ] Safepoint "Cleanup", Time since last: 8000793178 ns, Reaching safepoint: 98925 ns, Cleanup: 7214 ns, At safepoint: 35077 ns, Total: 141216 ns
[2024-02-18T11:15:16.416+0000][7][safepoint   ] Safepoint "Cleanup", Time since last: 1000231155 ns, Reaching safepoint: 19537 ns, Cleanup: 14638 ns, At safepoint: 3387 ns, Total: 37562 ns
[2024-02-18T11:15:18.863+0000][7][gc,start    ] GC(47) Pause Young (Normal) (G1 Evacuation Pause)
[2024-02-18T11:15:18.863+0000][7][gc,task     ] GC(47) Using 12 workers of 13 for evacuation
[2024-02-18T11:15:18.863+0000][7][gc,age      ] GC(47) Desired survivor size 20971520 bytes, new threshold 15 (max threshold 15)
[2024-02-18T11:15:18.870+0000][7][gc,phases   ] GC(47)   Pre Evacuate Collection Set: 0.2ms
[2024-02-18T11:15:18.870+0000][7][gc,phases   ] GC(47)   Merge Heap Roots: 0.1ms
[2024-02-18T11:15:18.871+0000][7][gc,phases   ] GC(47)   Evacuate Collection Set: 6.1ms
[2024-02-18T11:15:18.871+0000][7][gc,phases   ] GC(47)   Post Evacuate Collection Set: 0.6ms
[2024-02-18T11:15:18.871+0000][7][gc,phases   ] GC(47)   Other: 0.4ms
[2024-02-18T11:15:18.871+0000][7][gc,age      ] GC(47) Age table with threshold 15 (max threshold 15)
[2024-02-18T11:15:18.871+0000][7][gc,age      ] GC(47) - age   1:    1392456 bytes,    1392456 total
[2024-02-18T11:15:18.871+0000][7][gc,age      ] GC(47) - age   2:     483904 bytes,    1876360 total
[2024-02-18T11:15:18.871+0000][7][gc,age      ] GC(47) - age   3:     163848 bytes,    2040208 total
[2024-02-18T11:15:18.871+0000][7][gc,age      ] GC(47) - age   4:     307616 bytes,    2347824 total
[2024-02-18T11:15:18.872+0000][7][gc,age      ] GC(47) - age   5:      25032 bytes,    2372856 total
[2024-02-18T11:15:18.872+0000][7][gc,age      ] GC(47) - age   6:     152280 bytes,    2525136 total
[2024-02-18T11:15:18.872+0000][7][gc,age      ] GC(47) - age   7:     115272 bytes,    2640408 total
[2024-02-18T11:15:18.872+0000][7][gc,age      ] GC(47) - age   8:       3848 bytes,    2644256 total
[2024-02-18T11:15:18.872+0000][7][gc,age      ] GC(47) - age   9:     165576 bytes,    2809832 total
[2024-02-18T11:15:18.872+0000][7][gc,age      ] GC(47) - age  10:     161144 bytes,    2970976 total
[2024-02-18T11:15:18.872+0000][7][gc,age      ] GC(47) - age  11:     195576 bytes,    3166552 total
[2024-02-18T11:15:18.872+0000][7][gc,age      ] GC(47) - age  12:      14448 bytes,    3181000 total
[2024-02-18T11:15:18.872+0000][7][gc,age      ] GC(47) - age  13:      84560 bytes,    3265560 total
[2024-02-18T11:15:18.872+0000][7][gc,age      ] GC(47) - age  14:     202704 bytes,    3468264 total
[2024-02-18T11:15:18.873+0000][7][gc,age      ] GC(47) - age  15:      70032 bytes,    3538296 total
[2024-02-18T11:15:18.873+0000][7][gc,heap     ] GC(47) Eden regions: 75->0(75)
[2024-02-18T11:15:18.873+0000][7][gc,heap     ] GC(47) Survivor regions: 1->1(10)
[2024-02-18T11:15:18.873+0000][7][gc,heap     ] GC(47) Old regions: 31->31
[2024-02-18T11:15:18.873+0000][7][gc,heap     ] GC(47) Humongous regions: 2->2
[2024-02-18T11:15:18.873+0000][7][gc,metaspace] GC(47) Metaspace: 122081K(125056K)->122081K(125056K) NonClass: 105894K(107520K)->105894K(107520K) Class: 16186K(17536K)->16186K(17536K)
[2024-02-18T11:15:18.873+0000][7][gc          ] GC(47) Pause Young (Normal) (G1 Evacuation Pause) 431M->132M(512M) 10.640ms
[2024-02-18T11:15:18.873+0000][7][gc,cpu      ] GC(47) User=0.02s Sys=0.00s Real=0.01s
[2024-02-18T11:15:18.874+0000][7][safepoint   ] Safepoint "G1CollectForAllocation", Time since last: 2446695852 ns, Reaching safepoint: 17353 ns, Cleanup: 3968 ns, At safepoint: 10923887 ns, Total: 10945208 ns
[2024-02-18T11:15:31.819+0000][7][safepoint   ] Safepoint "Cleanup", Time since last: 12945873410 ns, Reaching safepoint: 20329 ns, Cleanup: 14919 ns, At safepoint: 4979 ns, Total: 40227 ns
[2024-02-18T11:15:46.821+0000][7][safepoint   ] Safepoint "Cleanup", Time since last: 15001675860 ns, Reaching safepoint: 19959 ns, Cleanup: 19527 ns, At safepoint: 3948 ns, Total: 43434 ns
[2024-02-18T11:15:51.821+0000][7][safepoint   ] Safepoint "Cleanup", Time since last: 5000661016 ns, Reaching safepoint: 41629 ns, Cleanup: 45097 ns, At safepoint: 4599 ns, Total: 91325 ns
[2024-02-18T11:15:54.822+0000][7][safepoint   ] Safepoint "Cleanup", Time since last: 3000557702 ns, Reaching safepoint: 20048 ns, Cleanup: 16392 ns, At safepoint: 3376 ns, Total: 39816 ns
[2024-02-18T11:16:00.823+0000][7][safepoint   ] Safepoint "Cleanup", Time since last: 6000898418 ns, Reaching safepoint: 19588 ns, Cleanup: 23355 ns, At safepoint: 3687 ns, Total: 46630 ns
[2024-02-18T11:16:01.823+0000][7][safepoint   ] Safepoint "Cleanup", Time since last: 1000381518 ns, Reaching safepoint: 20339 ns, Cleanup: 14789 ns, At safepoint: 3647 ns, Total: 38775 ns
[2024-02-18T11:16:03.824+0000][7][safepoint   ] Safepoint "Cleanup", Time since last: 2000487840 ns, Reaching safepoint: 17233 ns, Cleanup: 23746 ns, At safepoint: 3075 ns, Total: 44054 ns
[2024-02-18T11:16:11.825+0000][7][safepoint   ] Safepoint "Cleanup", Time since last: 8000892053 ns, Reaching safepoint: 20399 ns, Cleanup: 14107 ns, At safepoint: 3878 ns, Total: 38384 ns
[2024-02-18T11:16:17.826+0000][7][safepoint   ] Safepoint "Cleanup", Time since last: 6000865801 ns, Reaching safepoint: 20389 ns, Cleanup: 13776 ns, At safepoint: 3898 ns, Total: 38063 ns
[2024-02-18T11:16:21.267+0000][7][gc,start    ] GC(48) Pause Young (Normal) (G1 Evacuation Pause)
[2024-02-18T11:16:21.267+0000][7][gc,task     ] GC(48) Using 12 workers of 13 for evacuation
[2024-02-18T11:16:21.267+0000][7][gc,age      ] GC(48) Desired survivor size 20971520 bytes, new threshold 15 (max threshold 15)
[2024-02-18T11:16:21.274+0000][7][gc,phases   ] GC(48)   Pre Evacuate Collection Set: 0.2ms
[2024-02-18T11:16:21.274+0000][7][gc,phases   ] GC(48)   Merge Heap Roots: 0.1ms
[2024-02-18T11:16:21.274+0000][7][gc,phases   ] GC(48)   Evacuate Collection Set: 5.4ms
[2024-02-18T11:16:21.274+0000][7][gc,phases   ] GC(48)   Post Evacuate Collection Set: 0.6ms
[2024-02-18T11:16:21.274+0000][7][gc,phases   ] GC(48)   Other: 0.3ms
[2024-02-18T11:16:21.275+0000][7][gc,age      ] GC(48) Age table with threshold 15 (max threshold 15)
[2024-02-18T11:16:21.275+0000][7][gc,age      ] GC(48) - age   1:    6432336 bytes,    6432336 total
[2024-02-18T11:16:21.275+0000][7][gc,age      ] GC(48) - age   2:     264872 bytes,    6697208 total
[2024-02-18T11:16:21.275+0000][7][gc,age      ] GC(48) - age   3:     372824 bytes,    7070032 total
[2024-02-18T11:16:21.275+0000][7][gc,age      ] GC(48) - age   4:     163056 bytes,    7233088 total
[2024-02-18T11:16:21.275+0000][7][gc,age      ] GC(48) - age   5:     307296 bytes,    7540384 total
[2024-02-18T11:16:21.275+0000][7][gc,age      ] GC(48) - age   6:      25032 bytes,    7565416 total
[2024-02-18T11:16:21.275+0000][7][gc,age      ] GC(48) - age   7:     152248 bytes,    7717664 total
[2024-02-18T11:16:21.275+0000][7][gc,age      ] GC(48) - age   8:     115240 bytes,    7832904 total
[2024-02-18T11:16:21.275+0000][7][gc,age      ] GC(48) - age   9:       3816 bytes,    7836720 total
[2024-02-18T11:16:21.275+0000][7][gc,age      ] GC(48) - age  10:     165512 bytes,    8002232 total
[2024-02-18T11:16:21.275+0000][7][gc,age      ] GC(48) - age  11:     161120 bytes,    8163352 total
[2024-02-18T11:16:21.275+0000][7][gc,age      ] GC(48) - age  12:     195576 bytes,    8358928 total
[2024-02-18T11:16:21.276+0000][7][gc,age      ] GC(48) - age  13:      14448 bytes,    8373376 total
[2024-02-18T11:16:21.276+0000][7][gc,age      ] GC(48) - age  14:      84560 bytes,    8457936 total
[2024-02-18T11:16:21.276+0000][7][gc,age      ] GC(48) - age  15:     202704 bytes,    8660640 total
[2024-02-18T11:16:21.276+0000][7][gc,heap     ] GC(48) Eden regions: 75->0(73)
[2024-02-18T11:16:21.276+0000][7][gc,heap     ] GC(48) Survivor regions: 1->3(10)
[2024-02-18T11:16:21.276+0000][7][gc,heap     ] GC(48) Old regions: 31->31
[2024-02-18T11:16:21.276+0000][7][gc,heap     ] GC(48) Humongous regions: 2->2
[2024-02-18T11:16:21.276+0000][7][gc,metaspace] GC(48) Metaspace: 122098K(125120K)->122098K(125120K) NonClass: 105912K(107584K)->105912K(107584K) Class: 16186K(17536K)->16186K(17536K)
[2024-02-18T11:16:21.276+0000][7][gc          ] GC(48) Pause Young (Normal) (G1 Evacuation Pause) 432M->137M(512M) 9.259ms
[2024-02-18T11:16:21.276+0000][7][gc,cpu      ] GC(48) User=0.03s Sys=0.00s Real=0.01s
[2024-02-18T11:16:21.277+0000][7][safepoint   ] Safepoint "G1CollectForAllocation", Time since last: 3441365891 ns, Reaching safepoint: 33434 ns, Cleanup: 3266 ns, At safepoint: 9519457 ns, Total: 9556157 ns
[2024-02-18T11:16:27.838+0000][7][safepoint   ] Safepoint "Cleanup", Time since last: 6561773913 ns, Reaching safepoint: 17324 ns, Cleanup: 9859 ns, At safepoint: 3396 ns, Total: 30579 ns
[2024-02-18T11:16:38.839+0000][7][safepoint   ] Safepoint "Cleanup", Time since last: 11001048386 ns, Reaching safepoint: 19928 ns, Cleanup: 25329 ns, At safepoint: 4639 ns, Total: 49896 ns
[2024-02-18T11:16:42.840+0000][7][safepoint   ] Safepoint "Cleanup", Time since last: 4000643955 ns, Reaching safepoint: 20890 ns, Cleanup: 16041 ns, At safepoint: 3637 ns, Total: 40568 ns
[2024-02-18T11:16:51.842+0000][7][safepoint   ] Safepoint "Cleanup", Time since last: 9001550141 ns, Reaching safepoint: 31911 ns, Cleanup: 15049 ns, At safepoint: 14558 ns, Total: 61518 ns
[2024-02-18T11:16:54.842+0000][7][safepoint   ] Safepoint "Cleanup", Time since last: 3000388478 ns, Reaching safepoint: 28775 ns, Cleanup: 18105 ns, At safepoint: 3126 ns, Total: 50006 ns
[2024-02-18T11:17:21.256+0000][7][gc,start    ] GC(49) Pause Young (Normal) (G1 Evacuation Pause)
[2024-02-18T11:17:21.256+0000][7][gc,task     ] GC(49) Using 12 workers of 13 for evacuation
[2024-02-18T11:17:21.257+0000][7][gc,age      ] GC(49) Desired survivor size 20971520 bytes, new threshold 15 (max threshold 15)
[2024-02-18T11:17:21.263+0000][7][gc,phases   ] GC(49)   Pre Evacuate Collection Set: 0.2ms
[2024-02-18T11:17:21.263+0000][7][gc,phases   ] GC(49)   Merge Heap Roots: 0.1ms
[2024-02-18T11:17:21.264+0000][7][gc,phases   ] GC(49)   Evacuate Collection Set: 5.3ms
[2024-02-18T11:17:21.264+0000][7][gc,phases   ] GC(49)   Post Evacuate Collection Set: 0.7ms
[2024-02-18T11:17:21.264+0000][7][gc,phases   ] GC(49)   Other: 0.4ms
[2024-02-18T11:17:21.264+0000][7][gc,age      ] GC(49) Age table with threshold 15 (max threshold 15)
[2024-02-18T11:17:21.264+0000][7][gc,age      ] GC(49) - age   1:     827920 bytes,     827920 total
[2024-02-18T11:17:21.264+0000][7][gc,age      ] GC(49) - age   2:    4799008 bytes,    5626928 total
[2024-02-18T11:17:21.264+0000][7][gc,age      ] GC(49) - age   3:     261616 bytes,    5888544 total
[2024-02-18T11:17:21.264+0000][7][gc,age      ] GC(49) - age   4:     372536 bytes,    6261080 total
[2024-02-18T11:17:21.264+0000][7][gc,age      ] GC(49) - age   5:     162960 bytes,    6424040 total
[2024-02-18T11:17:21.265+0000][7][gc,age      ] GC(49) - age   6:     307184 bytes,    6731224 total
[2024-02-18T11:17:21.265+0000][7][gc,age      ] GC(49) - age   7:      25000 bytes,    6756224 total
[2024-02-18T11:17:21.265+0000][7][gc,age      ] GC(49) - age   8:     152248 bytes,    6908472 total
[2024-02-18T11:17:21.265+0000][7][gc,age      ] GC(49) - age   9:     115240 bytes,    7023712 total
[2024-02-18T11:17:21.265+0000][7][gc,age      ] GC(49) - age  10:       3816 bytes,    7027528 total
[2024-02-18T11:17:21.265+0000][7][gc,age      ] GC(49) - age  11:     165512 bytes,    7193040 total
[2024-02-18T11:17:21.265+0000][7][gc,age      ] GC(49) - age  12:     161120 bytes,    7354160 total
[2024-02-18T11:17:21.265+0000][7][gc,age      ] GC(49) - age  13:     195576 bytes,    7549736 total
[2024-02-18T11:17:21.265+0000][7][gc,age      ] GC(49) - age  14:      14448 bytes,    7564184 total
[2024-02-18T11:17:21.266+0000][7][gc,age      ] GC(49) - age  15:      84560 bytes,    7648744 total
[2024-02-18T11:17:21.266+0000][7][gc,heap     ] GC(49) Eden regions: 73->0(73)
[2024-02-18T11:17:21.266+0000][7][gc,heap     ] GC(49) Survivor regions: 3->3(10)
[2024-02-18T11:17:21.266+0000][7][gc,heap     ] GC(49) Old regions: 31->31
[2024-02-18T11:17:21.266+0000][7][gc,heap     ] GC(49) Humongous regions: 2->2
[2024-02-18T11:17:21.266+0000][7][gc,metaspace] GC(49) Metaspace: 122107K(125120K)->122107K(125120K) NonClass: 105921K(107584K)->105921K(107584K) Class: 16186K(17536K)->16186K(17536K)
[2024-02-18T11:17:21.266+0000][7][gc          ] GC(49) Pause Young (Normal) (G1 Evacuation Pause) 429M->137M(512M) 10.149ms
[2024-02-18T11:17:21.266+0000][7][gc,cpu      ] GC(49) User=0.02s Sys=0.00s Real=0.01s
[2024-02-18T11:17:21.267+0000][7][safepoint   ] Safepoint "G1CollectForAllocation", Time since last: 26413853650 ns, Reaching safepoint: 16972 ns, Cleanup: 3587 ns, At safepoint: 10456177 ns, Total: 10476736 ns
[2024-02-18T11:17:27.858+0000][7][safepoint   ] Safepoint "Cleanup", Time since last: 6592098413 ns, Reaching safepoint: 24798 ns, Cleanup: 13275 ns, At safepoint: 3417 ns, Total: 41490 ns
[2024-02-18T11:17:30.859+0000][7][safepoint   ] Safepoint "Cleanup", Time since last: 3000526989 ns, Reaching safepoint: 18896 ns, Cleanup: 14578 ns, At safepoint: 3166 ns, Total: 36640 ns
[2024-02-18T11:17:33.859+0000][7][safepoint   ] Safepoint "Cleanup", Time since last: 3000465055 ns, Reaching safepoint: 17453 ns, Cleanup: 13015 ns, At safepoint: 3056 ns, Total: 33524 ns
[2024-02-18T11:17:39.860+0000][7][safepoint   ] Safepoint "Cleanup", Time since last: 6000639774 ns, Reaching safepoint: 19948 ns, Cleanup: 15079 ns, At safepoint: 3486 ns, Total: 38513 ns
[2024-02-18T11:17:42.860+0000][7][safepoint   ] Safepoint "Cleanup", Time since last: 3000526102 ns, Reaching safepoint: 20539 ns, Cleanup: 22073 ns, At safepoint: 4047 ns, Total: 46659 ns
[2024-02-18T11:17:51.861+0000][7][safepoint   ] Safepoint "Cleanup", Time since last: 9000979949 ns, Reaching safepoint: 40268 ns, Cleanup: 15239 ns, At safepoint: 5811 ns, Total: 61318 ns
[2024-02-18T11:17:52.862+0000][7][safepoint   ] Safepoint "Cleanup", Time since last: 1000358374 ns, Reaching safepoint: 19097 ns, Cleanup: 13866 ns, At safepoint: 3557 ns, Total: 36520 ns
[2024-02-18T11:17:56.863+0000][7][safepoint   ] Safepoint "Cleanup", Time since last: 4000602045 ns, Reaching safepoint: 20048 ns, Cleanup: 12724 ns, At safepoint: 3617 ns, Total: 36389 ns
[2024-02-18T11:17:57.863+0000][7][safepoint   ] Safepoint "Cleanup", Time since last: 1000333347 ns, Reaching safepoint: 19998 ns, Cleanup: 13826 ns, At safepoint: 3617 ns, Total: 37441 ns
[2024-02-18T11:18:07.864+0000][7][safepoint   ] Safepoint "Cleanup", Time since last: 10001104395 ns, Reaching safepoint: 20910 ns, Cleanup: 13956 ns, At safepoint: 3908 ns, Total: 38774 ns
[2024-02-18T11:18:09.865+0000][7][safepoint   ] Safepoint "Cleanup", Time since last: 2000441032 ns, Reaching safepoint: 20870 ns, Cleanup: 17894 ns, At safepoint: 3978 ns, Total: 42742 ns
[2024-02-18T11:18:11.865+0000][7][safepoint   ] Safepoint "Cleanup", Time since last: 2000452272 ns, Reaching safepoint: 20259 ns, Cleanup: 13445 ns, At safepoint: 3487 ns, Total: 37191 ns
[2024-02-18T11:18:14.866+0000][7][safepoint   ] Safepoint "Cleanup", Time since last: 3000543195 ns, Reaching safepoint: 19387 ns, Cleanup: 14908 ns, At safepoint: 3697 ns, Total: 37992 ns
[2024-02-18T11:18:15.867+0000][7][safepoint   ] Safepoint "Cleanup", Time since last: 1000435703 ns, Reaching safepoint: 20619 ns, Cleanup: 25860 ns, At safepoint: 3436 ns, Total: 49915 ns
[2024-02-18T11:18:18.867+0000][7][safepoint   ] Safepoint "Cleanup", Time since last: 3000500413 ns, Reaching safepoint: 19467 ns, Cleanup: 16382 ns, At safepoint: 3587 ns, Total: 39436 ns
[2024-02-18T11:18:19.867+0000][7][safepoint   ] Safepoint "Cleanup", Time since last: 1000381198 ns, Reaching safepoint: 20268 ns, Cleanup: 13917 ns, At safepoint: 4088 ns, Total: 38273 ns
[2024-02-18T11:18:21.449+0000][7][gc,start    ] GC(50) Pause Young (Normal) (G1 Evacuation Pause)
[2024-02-18T11:18:21.449+0000][7][gc,task     ] GC(50) Using 12 workers of 13 for evacuation
[2024-02-18T11:18:21.449+0000][7][gc,age      ] GC(50) Desired survivor size 20971520 bytes, new threshold 15 (max threshold 15)
[2024-02-18T11:18:21.455+0000][7][gc,phases   ] GC(50)   Pre Evacuate Collection Set: 0.3ms
[2024-02-18T11:18:21.455+0000][7][gc,phases   ] GC(50)   Merge Heap Roots: 0.1ms
[2024-02-18T11:18:21.455+0000][7][gc,phases   ] GC(50)   Evacuate Collection Set: 4.3ms
[2024-02-18T11:18:21.455+0000][7][gc,phases   ] GC(50)   Post Evacuate Collection Set: 0.7ms
[2024-02-18T11:18:21.456+0000][7][gc,phases   ] GC(50)   Other: 0.3ms
[2024-02-18T11:18:21.456+0000][7][gc,age      ] GC(50) Age table with threshold 15 (max threshold 15)
[2024-02-18T11:18:21.456+0000][7][gc,age      ] GC(50) - age   1:    1119144 bytes,    1119144 total
[2024-02-18T11:18:21.456+0000][7][gc,age      ] GC(50) - age   2:     210040 bytes,    1329184 total
[2024-02-18T11:18:21.456+0000][7][gc,age      ] GC(50) - age   3:    4791504 bytes,    6120688 total
[2024-02-18T11:18:21.456+0000][7][gc,age      ] GC(50) - age   4:     261104 bytes,    6381792 total
[2024-02-18T11:18:21.456+0000][7][gc,age      ] GC(50) - age   5:     372408 bytes,    6754200 total
[2024-02-18T11:18:21.456+0000][7][gc,age      ] GC(50) - age   6:     162800 bytes,    6917000 total
[2024-02-18T11:18:21.456+0000][7][gc,age      ] GC(50) - age   7:     307184 bytes,    7224184 total
[2024-02-18T11:18:21.457+0000][7][gc,age      ] GC(50) - age   8:      25000 bytes,    7249184 total
[2024-02-18T11:18:21.457+0000][7][gc,age      ] GC(50) - age   9:     152248 bytes,    7401432 total
[2024-02-18T11:18:21.457+0000][7][gc,age      ] GC(50) - age  10:     115240 bytes,    7516672 total
[2024-02-18T11:18:21.457+0000][7][gc,age      ] GC(50) - age  11:       3816 bytes,    7520488 total
[2024-02-18T11:18:21.457+0000][7][gc,age      ] GC(50) - age  12:     165512 bytes,    7686000 total
[2024-02-18T11:18:21.457+0000][7][gc,age      ] GC(50) - age  13:     161120 bytes,    7847120 total
[2024-02-18T11:18:21.457+0000][7][gc,age      ] GC(50) - age  14:     195576 bytes,    8042696 total
[2024-02-18T11:18:21.457+0000][7][gc,age      ] GC(50) - age  15:      14448 bytes,    8057144 total
[2024-02-18T11:18:21.457+0000][7][gc,heap     ] GC(50) Eden regions: 73->0(73)
[2024-02-18T11:18:21.457+0000][7][gc,heap     ] GC(50) Survivor regions: 3->3(10)
[2024-02-18T11:18:21.458+0000][7][gc,heap     ] GC(50) Old regions: 31->31
[2024-02-18T11:18:21.458+0000][7][gc,heap     ] GC(50) Humongous regions: 2->2
[2024-02-18T11:18:21.458+0000][7][gc,metaspace] GC(50) Metaspace: 122127K(125120K)->122127K(125120K) NonClass: 105940K(107584K)->105940K(107584K) Class: 16186K(17536K)->16186K(17536K)
[2024-02-18T11:18:21.458+0000][7][gc          ] GC(50) Pause Young (Normal) (G1 Evacuation Pause) 429M->137M(512M) 8.954ms
[2024-02-18T11:18:21.458+0000][7][gc,cpu      ] GC(50) User=0.02s Sys=0.00s Real=0.01s
[2024-02-18T11:18:21.458+0000][7][safepoint   ] Safepoint "G1CollectForAllocation", Time since last: 1581485862 ns, Reaching safepoint: 17955 ns, Cleanup: 4508 ns, At safepoint: 9255878 ns, Total: 9278341 ns
[2024-02-18T11:18:27.878+0000][7][safepoint   ] Safepoint "Cleanup", Time since last: 6420357321 ns, Reaching safepoint: 17794 ns, Cleanup: 12905 ns, At safepoint: 3256 ns, Total: 33955 ns
[2024-02-18T11:18:30.879+0000][7][safepoint   ] Safepoint "Cleanup", Time since last: 3000406824 ns, Reaching safepoint: 19667 ns, Cleanup: 14438 ns, At safepoint: 3647 ns, Total: 37752 ns
[2024-02-18T11:18:36.879+0000][7][safepoint   ] Safepoint "Cleanup", Time since last: 6000815720 ns, Reaching safepoint: 20630 ns, Cleanup: 12744 ns, At safepoint: 3717 ns, Total: 37091 ns
[2024-02-18T11:18:41.880+0000][7][safepoint   ] Safepoint "Cleanup", Time since last: 5000646659 ns, Reaching safepoint: 20089 ns, Cleanup: 12604 ns, At safepoint: 3466 ns, Total: 36159 ns
[2024-02-18T11:18:45.881+0000][7][safepoint   ] Safepoint "Cleanup", Time since last: 4000705032 ns, Reaching safepoint: 17684 ns, Cleanup: 13937 ns, At safepoint: 3136 ns, Total: 34757 ns
[2024-02-18T11:18:48.881+0000][7][safepoint   ] Safepoint "Cleanup", Time since last: 3000409559 ns, Reaching safepoint: 20209 ns, Cleanup: 25188 ns, At safepoint: 3967 ns, Total: 49364 ns
[2024-02-18T11:18:49.882+0000][7][safepoint   ] Safepoint "Cleanup", Time since last: 1000354487 ns, Reaching safepoint: 29497 ns, Cleanup: 16912 ns, At safepoint: 3667 ns, Total: 50076 ns
[2024-02-18T11:18:51.882+0000][7][safepoint   ] Safepoint "Cleanup", Time since last: 2000435931 ns, Reaching safepoint: 20099 ns, Cleanup: 13536 ns, At safepoint: 3897 ns, Total: 37532 ns
[2024-02-18T11:18:55.883+0000][7][safepoint   ] Safepoint "Cleanup", Time since last: 4000560826 ns, Reaching safepoint: 42190 ns, Cleanup: 14278 ns, At safepoint: 3396 ns, Total: 59864 ns
[2024-02-18T11:18:57.884+0000][7][safepoint   ] Safepoint "Cleanup", Time since last: 2000441051 ns, Reaching safepoint: 21391 ns, Cleanup: 14929 ns, At safepoint: 3887 ns, Total: 40207 ns
[2024-02-18T11:19:11.885+0000][7][safepoint   ] Safepoint "Cleanup", Time since last: 14001414491 ns, Reaching safepoint: 20720 ns, Cleanup: 12745 ns, At safepoint: 3887 ns, Total: 37352 ns
[2024-02-18T11:19:12.886+0000][7][safepoint   ] Safepoint "Cleanup", Time since last: 1000417768 ns, Reaching safepoint: 20630 ns, Cleanup: 13686 ns, At safepoint: 3617 ns, Total: 37933 ns
[2024-02-18T11:19:18.887+0000][7][safepoint   ] Safepoint "Cleanup", Time since last: 6000786264 ns, Reaching safepoint: 26621 ns, Cleanup: 16431 ns, At safepoint: 4970 ns, Total: 48022 ns
[2024-02-18T11:19:19.976+0000][7][gc,start    ] GC(51) Pause Young (Normal) (G1 Evacuation Pause)
[2024-02-18T11:19:19.977+0000][7][gc,task     ] GC(51) Using 12 workers of 13 for evacuation
[2024-02-18T11:19:19.977+0000][7][gc,age      ] GC(51) Desired survivor size 20971520 bytes, new threshold 15 (max threshold 15)
[2024-02-18T11:19:19.984+0000][7][gc,phases   ] GC(51)   Pre Evacuate Collection Set: 0.2ms
[2024-02-18T11:19:19.984+0000][7][gc,phases   ] GC(51)   Merge Heap Roots: 0.2ms
[2024-02-18T11:19:19.984+0000][7][gc,phases   ] GC(51)   Evacuate Collection Set: 5.8ms
[2024-02-18T11:19:19.984+0000][7][gc,phases   ] GC(51)   Post Evacuate Collection Set: 0.6ms
[2024-02-18T11:19:19.984+0000][7][gc,phases   ] GC(51)   Other: 0.3ms
[2024-02-18T11:19:19.984+0000][7][gc,age      ] GC(51) Age table with threshold 15 (max threshold 15)
[2024-02-18T11:19:19.984+0000][7][gc,age      ] GC(51) - age   1:    1047344 bytes,    1047344 total
[2024-02-18T11:19:19.985+0000][7][gc,age      ] GC(51) - age   2:      40600 bytes,    1087944 total
[2024-02-18T11:19:19.985+0000][7][gc,age      ] GC(51) - age   3:      95656 bytes,    1183600 total
[2024-02-18T11:19:19.985+0000][7][gc,age      ] GC(51) - age   4:    4788248 bytes,    5971848 total
[2024-02-18T11:19:19.985+0000][7][gc,age      ] GC(51) - age   5:     260632 bytes,    6232480 total
[2024-02-18T11:19:19.985+0000][7][gc,age      ] GC(51) - age   6:     372248 bytes,    6604728 total
[2024-02-18T11:19:19.985+0000][7][gc,age      ] GC(51) - age   7:     162768 bytes,    6767496 total
[2024-02-18T11:19:19.985+0000][7][gc,age      ] GC(51) - age   8:     291032 bytes,    7058528 total
[2024-02-18T11:19:19.985+0000][7][gc,age      ] GC(51) - age   9:      25000 bytes,    7083528 total
[2024-02-18T11:19:19.985+0000][7][gc,age      ] GC(51) - age  10:     152248 bytes,    7235776 total
[2024-02-18T11:19:19.985+0000][7][gc,age      ] GC(51) - age  11:     115240 bytes,    7351016 total
[2024-02-18T11:19:19.985+0000][7][gc,age      ] GC(51) - age  12:       3816 bytes,    7354832 total
[2024-02-18T11:19:19.985+0000][7][gc,age      ] GC(51) - age  13:     165512 bytes,    7520344 total
[2024-02-18T11:19:19.985+0000][7][gc,age      ] GC(51) - age  14:     161120 bytes,    7681464 total
[2024-02-18T11:19:19.986+0000][7][gc,age      ] GC(51) - age  15:     195576 bytes,    7877040 total
[2024-02-18T11:19:19.986+0000][7][gc,heap     ] GC(51) Eden regions: 73->0(73)
[2024-02-18T11:19:19.986+0000][7][gc,heap     ] GC(51) Survivor regions: 3->3(10)
[2024-02-18T11:19:19.986+0000][7][gc,heap     ] GC(51) Old regions: 31->31
[2024-02-18T11:19:19.986+0000][7][gc,heap     ] GC(51) Humongous regions: 2->2
[2024-02-18T11:19:19.986+0000][7][gc,metaspace] GC(51) Metaspace: 122145K(125120K)->122145K(125120K) NonClass: 105959K(107584K)->105959K(107584K) Class: 16186K(17536K)->16186K(17536K)
[2024-02-18T11:19:19.986+0000][7][gc          ] GC(51) Pause Young (Normal) (G1 Evacuation Pause) 429M->137M(512M) 9.732ms
[2024-02-18T11:19:19.986+0000][7][gc,cpu      ] GC(51) User=0.02s Sys=0.00s Real=0.01s
[2024-02-18T11:19:19.986+0000][7][safepoint   ] Safepoint "G1CollectForAllocation", Time since last: 1089757020 ns, Reaching safepoint: 17143 ns, Cleanup: 6312 ns, At safepoint: 10028688 ns, Total: 10052143 ns
[2024-02-18T11:19:21.987+0000][7][safepoint   ] Safepoint "Cleanup", Time since last: 2000299199 ns, Reaching safepoint: 19588 ns, Cleanup: 19587 ns, At safepoint: 3337 ns, Total: 42512 ns
[2024-02-18T11:19:38.899+0000][7][safepoint   ] Safepoint "Cleanup", Time since last: 16912616659 ns, Reaching safepoint: 20459 ns, Cleanup: 13216 ns, At safepoint: 3596 ns, Total: 37271 ns
[2024-02-18T11:19:51.901+0000][7][safepoint   ] Safepoint "Cleanup", Time since last: 13001407499 ns, Reaching safepoint: 20610 ns, Cleanup: 21912 ns, At safepoint: 3376 ns, Total: 45898 ns
[2024-02-18T11:19:59.902+0000][7][safepoint   ] Safepoint "Cleanup", Time since last: 8000851395 ns, Reaching safepoint: 39766 ns, Cleanup: 12945 ns, At safepoint: 3396 ns, Total: 56107 ns
[2024-02-18T11:20:00.902+0000][7][safepoint   ] Safepoint "Cleanup", Time since last: 1000315833 ns, Reaching safepoint: 18656 ns, Cleanup: 12995 ns, At safepoint: 3066 ns, Total: 34717 ns
[2024-02-18T11:20:01.903+0000][7][safepoint   ] Safepoint "Cleanup", Time since last: 1000385747 ns, Reaching safepoint: 19778 ns, Cleanup: 13385 ns, At safepoint: 2966 ns, Total: 36129 ns
[2024-02-18T11:20:03.903+0000][7][safepoint   ] Safepoint "Cleanup", Time since last: 2000446641 ns, Reaching safepoint: 20269 ns, Cleanup: 12995 ns, At safepoint: 4088 ns, Total: 37352 ns
[2024-02-18T11:20:04.903+0000][7][safepoint   ] Safepoint "Cleanup", Time since last: 1000406451 ns, Reaching safepoint: 21181 ns, Cleanup: 16772 ns, At safepoint: 3487 ns, Total: 41440 ns
[2024-02-18T11:20:15.905+0000][7][safepoint   ] Safepoint "Cleanup", Time since last: 11001180339 ns, Reaching safepoint: 19808 ns, Cleanup: 13065 ns, At safepoint: 3717 ns, Total: 36590 ns
[2024-02-18T11:20:21.316+0000][7][gc,start    ] GC(52) Pause Young (Normal) (G1 Evacuation Pause)
[2024-02-18T11:20:21.316+0000][7][gc,task     ] GC(52) Using 12 workers of 13 for evacuation
[2024-02-18T11:20:21.316+0000][7][gc,age      ] GC(52) Desired survivor size 20971520 bytes, new threshold 15 (max threshold 15)
[2024-02-18T11:20:21.322+0000][7][gc,phases   ] GC(52)   Pre Evacuate Collection Set: 0.2ms
[2024-02-18T11:20:21.322+0000][7][gc,phases   ] GC(52)   Merge Heap Roots: 0.1ms
[2024-02-18T11:20:21.322+0000][7][gc,phases   ] GC(52)   Evacuate Collection Set: 4.9ms
[2024-02-18T11:20:21.323+0000][7][gc,phases   ] GC(52)   Post Evacuate Collection Set: 0.7ms
[2024-02-18T11:20:21.323+0000][7][gc,phases   ] GC(52)   Other: 0.3ms
[2024-02-18T11:20:21.323+0000][7][gc,age      ] GC(52) Age table with threshold 15 (max threshold 15)
[2024-02-18T11:20:21.323+0000][7][gc,age      ] GC(52) - age   1:    1939480 bytes,    1939480 total
[2024-02-18T11:20:21.323+0000][7][gc,age      ] GC(52) - age   2:      52632 bytes,    1992112 total
[2024-02-18T11:20:21.323+0000][7][gc,age      ] GC(52) - age   3:      35312 bytes,    2027424 total
[2024-02-18T11:20:21.323+0000][7][gc,age      ] GC(52) - age   4:      94656 bytes,    2122080 total
[2024-02-18T11:20:21.323+0000][7][gc,age      ] GC(52) - age   5:    4788216 bytes,    6910296 total
[2024-02-18T11:20:21.323+0000][7][gc,age      ] GC(52) - age   6:     260600 bytes,    7170896 total
[2024-02-18T11:20:21.323+0000][7][gc,age      ] GC(52) - age   7:     372184 bytes,    7543080 total
[2024-02-18T11:20:21.324+0000][7][gc,age      ] GC(52) - age   8:      97536 bytes,    7640616 total
[2024-02-18T11:20:21.324+0000][7][gc,age      ] GC(52) - age   9:     291032 bytes,    7931648 total
[2024-02-18T11:20:21.324+0000][7][gc,age      ] GC(52) - age  10:      25000 bytes,    7956648 total
[2024-02-18T11:20:21.324+0000][7][gc,age      ] GC(52) - age  11:     152248 bytes,    8108896 total
[2024-02-18T11:20:21.324+0000][7][gc,age      ] GC(52) - age  12:     115240 bytes,    8224136 total
[2024-02-18T11:20:21.324+0000][7][gc,age      ] GC(52) - age  13:       3816 bytes,    8227952 total
[2024-02-18T11:20:21.324+0000][7][gc,age      ] GC(52) - age  14:     165512 bytes,    8393464 total
[2024-02-18T11:20:21.324+0000][7][gc,age      ] GC(52) - age  15:     127984 bytes,    8521448 total
[2024-02-18T11:20:21.324+0000][7][gc,heap     ] GC(52) Eden regions: 73->0(73)
[2024-02-18T11:20:21.324+0000][7][gc,heap     ] GC(52) Survivor regions: 3->3(10)
[2024-02-18T11:20:21.324+0000][7][gc,heap     ] GC(52) Old regions: 31->31
[2024-02-18T11:20:21.325+0000][7][gc,heap     ] GC(52) Humongous regions: 2->2
[2024-02-18T11:20:21.325+0000][7][gc,metaspace] GC(52) Metaspace: 122168K(125120K)->122168K(125120K) NonClass: 105981K(107584K)->105981K(107584K) Class: 16186K(17536K)->16186K(17536K)
[2024-02-18T11:20:21.325+0000][7][gc          ] GC(52) Pause Young (Normal) (G1 Evacuation Pause) 429M->138M(512M) 9.009ms
[2024-02-18T11:20:21.325+0000][7][gc,cpu      ] GC(52) User=0.03s Sys=0.00s Real=0.01s
[2024-02-18T11:20:21.325+0000][7][safepoint   ] Safepoint "G1CollectForAllocation", Time since last: 5411029913 ns, Reaching safepoint: 17454 ns, Cleanup: 38684 ns, At safepoint: 9294407 ns, Total: 9350545 ns
[2024-02-18T11:20:22.325+0000][7][safepoint   ] Safepoint "Cleanup", Time since last: 1000224688 ns, Reaching safepoint: 17864 ns, Cleanup: 59695 ns, At safepoint: 3587 ns, Total: 81146 ns
[2024-02-18T11:20:30.919+0000][7][safepoint   ] Safepoint "Cleanup", Time since last: 8593183102 ns, Reaching safepoint: 19447 ns, Cleanup: 16422 ns, At safepoint: 3256 ns, Total: 39125 ns
[2024-02-18T11:20:50.920+0000][7][safepoint   ] Safepoint "Cleanup", Time since last: 20001831057 ns, Reaching safepoint: 18987 ns, Cleanup: 13195 ns, At safepoint: 3627 ns, Total: 35809 ns
[2024-02-18T11:20:51.921+0000][7][safepoint   ] Safepoint "Cleanup", Time since last: 1000455875 ns, Reaching safepoint: 20880 ns, Cleanup: 97337 ns, At safepoint: 3937 ns, Total: 122154 ns
[2024-02-18T11:21:03.922+0000][7][safepoint   ] Safepoint "Cleanup", Time since last: 12001383766 ns, Reaching safepoint: 19057 ns, Cleanup: 12544 ns, At safepoint: 3206 ns, Total: 34807 ns
[2024-02-18T11:21:06.923+0000][7][safepoint   ] Safepoint "Cleanup", Time since last: 3000549827 ns, Reaching safepoint: 18095 ns, Cleanup: 14558 ns, At safepoint: 3056 ns, Total: 35709 ns
[2024-02-18T11:21:07.923+0000][7][safepoint   ] Safepoint "Cleanup", Time since last: 1000247301 ns, Reaching safepoint: 22804 ns, Cleanup: 15670 ns, At safepoint: 3236 ns, Total: 41710 ns
[2024-02-18T11:21:16.924+0000][7][safepoint   ] Safepoint "Cleanup", Time since last: 9000976422 ns, Reaching safepoint: 20490 ns, Cleanup: 13285 ns, At safepoint: 3617 ns, Total: 37392 ns
[2024-02-18T11:21:21.543+0000][7][gc,start    ] GC(53) Pause Young (Normal) (G1 Evacuation Pause)
[2024-02-18T11:21:21.544+0000][7][gc,task     ] GC(53) Using 12 workers of 13 for evacuation
[2024-02-18T11:21:21.544+0000][7][gc,age      ] GC(53) Desired survivor size 20971520 bytes, new threshold 15 (max threshold 15)
[2024-02-18T11:21:21.550+0000][7][gc,phases   ] GC(53)   Pre Evacuate Collection Set: 0.2ms
[2024-02-18T11:21:21.550+0000][7][gc,phases   ] GC(53)   Merge Heap Roots: 0.1ms
[2024-02-18T11:21:21.550+0000][7][gc,phases   ] GC(53)   Evacuate Collection Set: 5.1ms
[2024-02-18T11:21:21.550+0000][7][gc,phases   ] GC(53)   Post Evacuate Collection Set: 0.6ms
[2024-02-18T11:21:21.551+0000][7][gc,phases   ] GC(53)   Other: 0.3ms
[2024-02-18T11:21:21.551+0000][7][gc,age      ] GC(53) Age table with threshold 15 (max threshold 15)
[2024-02-18T11:21:21.551+0000][7][gc,age      ] GC(53) - age   1:    1699616 bytes,    1699616 total
[2024-02-18T11:21:21.551+0000][7][gc,age      ] GC(53) - age   2:      32856 bytes,    1732472 total
[2024-02-18T11:21:21.551+0000][7][gc,age      ] GC(53) - age   3:      42768 bytes,    1775240 total
[2024-02-18T11:21:21.551+0000][7][gc,age      ] GC(53) - age   4:      29448 bytes,    1804688 total
[2024-02-18T11:21:21.551+0000][7][gc,age      ] GC(53) - age   5:      57832 bytes,    1862520 total
[2024-02-18T11:21:21.551+0000][7][gc,age      ] GC(53) - age   6:    4579880 bytes,    6442400 total
[2024-02-18T11:21:21.551+0000][7][gc,age      ] GC(53) - age   7:     260600 bytes,    6703000 total
[2024-02-18T11:21:21.551+0000][7][gc,age      ] GC(53) - age   8:      91184 bytes,    6794184 total
[2024-02-18T11:21:21.552+0000][7][gc,age      ] GC(53) - age   9:      97376 bytes,    6891560 total
[2024-02-18T11:21:21.552+0000][7][gc,age      ] GC(53) - age  10:     191776 bytes,    7083336 total
[2024-02-18T11:21:21.552+0000][7][gc,age      ] GC(53) - age  11:      25000 bytes,    7108336 total
[2024-02-18T11:21:21.552+0000][7][gc,age      ] GC(53) - age  12:     136096 bytes,    7244432 total
[2024-02-18T11:21:21.552+0000][7][gc,age      ] GC(53) - age  13:     115240 bytes,    7359672 total
[2024-02-18T11:21:21.552+0000][7][gc,age      ] GC(53) - age  14:       3816 bytes,    7363488 total
[2024-02-18T11:21:21.552+0000][7][gc,age      ] GC(53) - age  15:     116224 bytes,    7479712 total
[2024-02-18T11:21:21.552+0000][7][gc,heap     ] GC(53) Eden regions: 73->0(73)
[2024-02-18T11:21:21.552+0000][7][gc,heap     ] GC(53) Survivor regions: 3->3(10)
[2024-02-18T11:21:21.552+0000][7][gc,heap     ] GC(53) Old regions: 31->31
[2024-02-18T11:21:21.553+0000][7][gc,heap     ] GC(53) Humongous regions: 2->2
[2024-02-18T11:21:21.553+0000][7][gc,metaspace] GC(53) Metaspace: 122185K(125184K)->122185K(125184K) NonClass: 105998K(107648K)->105998K(107648K) Class: 16186K(17536K)->16186K(17536K)
[2024-02-18T11:21:21.553+0000][7][gc          ] GC(53) Pause Young (Normal) (G1 Evacuation Pause) 430M->137M(512M) 9.327ms
[2024-02-18T11:21:21.553+0000][7][gc,cpu      ] GC(53) User=0.03s Sys=0.00s Real=0.01s
[2024-02-18T11:21:21.553+0000][7][safepoint   ] Safepoint "G1CollectForAllocation", Time since last: 4619009286 ns, Reaching safepoint: 16872 ns, Cleanup: 4298 ns, At safepoint: 9600849 ns, Total: 9622019 ns
[2024-02-18T11:21:22.553+0000][7][safepoint   ] Safepoint "Cleanup", Time since last: 1000211318 ns, Reaching safepoint: 19166 ns, Cleanup: 28605 ns, At safepoint: 3427 ns, Total: 51198 ns
[2024-02-18T11:21:29.938+0000][7][safepoint   ] Safepoint "Cleanup", Time since last: 7384898665 ns, Reaching safepoint: 20318 ns, Cleanup: 13296 ns, At safepoint: 4248 ns, Total: 37862 ns
[2024-02-18T11:21:36.939+0000][7][safepoint   ] Safepoint "Cleanup", Time since last: 7000864452 ns, Reaching safepoint: 20309 ns, Cleanup: 13916 ns, At safepoint: 3888 ns, Total: 38113 ns
[2024-02-18T11:21:39.940+0000][7][safepoint   ] Safepoint "Cleanup", Time since last: 3000531853 ns, Reaching safepoint: 19467 ns, Cleanup: 13786 ns, At safepoint: 3707 ns, Total: 36960 ns
[2024-02-18T11:21:40.940+0000][7][safepoint   ] Safepoint "Cleanup", Time since last: 1000366110 ns, Reaching safepoint: 19046 ns, Cleanup: 14778 ns, At safepoint: 3176 ns, Total: 37000 ns
[2024-02-18T11:21:42.941+0000][7][safepoint   ] Safepoint "Cleanup", Time since last: 2001099292 ns, Reaching safepoint: 20259 ns, Cleanup: 13736 ns, At safepoint: 3627 ns, Total: 37622 ns
[2024-02-18T11:21:45.942+0000][7][safepoint   ] Safepoint "Cleanup", Time since last: 3000528146 ns, Reaching safepoint: 19066 ns, Cleanup: 15380 ns, At safepoint: 3787 ns, Total: 38233 ns
[2024-02-18T11:21:51.943+0000][7][safepoint   ] Safepoint "Cleanup", Time since last: 6000873786 ns, Reaching safepoint: 20128 ns, Cleanup: 17043 ns, At safepoint: 3316 ns, Total: 40487 ns
[2024-02-18T11:22:00.944+0000][7][safepoint   ] Safepoint "Cleanup", Time since last: 9000931156 ns, Reaching safepoint: 19998 ns, Cleanup: 22403 ns, At safepoint: 3256 ns, Total: 45657 ns
[2024-02-18T11:22:01.944+0000][7][safepoint   ] Safepoint "Cleanup", Time since last: 1000396623 ns, Reaching safepoint: 19407 ns, Cleanup: 13676 ns, At safepoint: 3367 ns, Total: 36450 ns
[2024-02-18T11:22:03.945+0000][7][safepoint   ] Safepoint "Cleanup", Time since last: 2000430160 ns, Reaching safepoint: 20279 ns, Cleanup: 28765 ns, At safepoint: 3897 ns, Total: 52941 ns
[2024-02-18T11:22:06.945+0000][7][safepoint   ] Safepoint "Cleanup", Time since last: 3000563504 ns, Reaching safepoint: 18806 ns, Cleanup: 13175 ns, At safepoint: 3346 ns, Total: 35327 ns
[2024-02-18T11:22:07.946+0000][7][safepoint   ] Safepoint "Cleanup", Time since last: 1000385446 ns, Reaching safepoint: 20540 ns, Cleanup: 13355 ns, At safepoint: 4128 ns, Total: 38023 ns
[2024-02-18T11:22:12.946+0000][7][safepoint   ] Safepoint "Cleanup", Time since last: 5000706223 ns, Reaching safepoint: 20439 ns, Cleanup: 17844 ns, At safepoint: 3778 ns, Total: 42061 ns
[2024-02-18T11:22:21.320+0000][7][gc,start    ] GC(54) Pause Young (Normal) (G1 Evacuation Pause)
[2024-02-18T11:22:21.320+0000][7][gc,task     ] GC(54) Using 12 workers of 13 for evacuation
[2024-02-18T11:22:21.320+0000][7][gc,age      ] GC(54) Desired survivor size 20971520 bytes, new threshold 15 (max threshold 15)
[2024-02-18T11:22:21.327+0000][7][gc,phases   ] GC(54)   Pre Evacuate Collection Set: 0.2ms
[2024-02-18T11:22:21.327+0000][7][gc,phases   ] GC(54)   Merge Heap Roots: 0.1ms
[2024-02-18T11:22:21.327+0000][7][gc,phases   ] GC(54)   Evacuate Collection Set: 5.5ms
[2024-02-18T11:22:21.327+0000][7][gc,phases   ] GC(54)   Post Evacuate Collection Set: 0.6ms
[2024-02-18T11:22:21.327+0000][7][gc,phases   ] GC(54)   Other: 0.3ms
[2024-02-18T11:22:21.328+0000][7][gc,age      ] GC(54) Age table with threshold 15 (max threshold 15)
[2024-02-18T11:22:21.328+0000][7][gc,age      ] GC(54) - age   1:    1849744 bytes,    1849744 total
[2024-02-18T11:22:21.328+0000][7][gc,age      ] GC(54) - age   2:     186232 bytes,    2035976 total
[2024-02-18T11:22:21.328+0000][7][gc,age      ] GC(54) - age   3:      27584 bytes,    2063560 total
[2024-02-18T11:22:21.328+0000][7][gc,age      ] GC(54) - age   4:      41848 bytes,    2105408 total
[2024-02-18T11:22:21.328+0000][7][gc,age      ] GC(54) - age   5:      27832 bytes,    2133240 total
[2024-02-18T11:22:21.328+0000][7][gc,age      ] GC(54) - age   6:      57528 bytes,    2190768 total
[2024-02-18T11:22:21.328+0000][7][gc,age      ] GC(54) - age   7:    4579240 bytes,    6770008 total
[2024-02-18T11:22:21.328+0000][7][gc,age      ] GC(54) - age   8:     235952 bytes,    7005960 total
[2024-02-18T11:22:21.328+0000][7][gc,age      ] GC(54) - age   9:      91024 bytes,    7096984 total
[2024-02-18T11:22:21.329+0000][7][gc,age      ] GC(54) - age  10:      88792 bytes,    7185776 total
[2024-02-18T11:22:21.329+0000][7][gc,age      ] GC(54) - age  11:     191776 bytes,    7377552 total
[2024-02-18T11:22:21.329+0000][7][gc,age      ] GC(54) - age  12:      22104 bytes,    7399656 total
[2024-02-18T11:22:21.329+0000][7][gc,age      ] GC(54) - age  13:     136096 bytes,    7535752 total
[2024-02-18T11:22:21.329+0000][7][gc,age      ] GC(54) - age  14:     115240 bytes,    7650992 total
[2024-02-18T11:22:21.329+0000][7][gc,age      ] GC(54) - age  15:       3816 bytes,    7654808 total
[2024-02-18T11:22:21.329+0000][7][gc,heap     ] GC(54) Eden regions: 73->0(73)
[2024-02-18T11:22:21.329+0000][7][gc,heap     ] GC(54) Survivor regions: 3->3(10)
[2024-02-18T11:22:21.329+0000][7][gc,heap     ] GC(54) Old regions: 31->31
[2024-02-18T11:22:21.329+0000][7][gc,heap     ] GC(54) Humongous regions: 2->2
[2024-02-18T11:22:21.329+0000][7][gc,metaspace] GC(54) Metaspace: 122208K(125184K)->122208K(125184K) NonClass: 106021K(107648K)->106021K(107648K) Class: 16186K(17536K)->16186K(17536K)
[2024-02-18T11:22:21.329+0000][7][gc          ] GC(54) Pause Young (Normal) (G1 Evacuation Pause) 429M->137M(512M) 9.417ms
[2024-02-18T11:22:21.330+0000][7][gc,cpu      ] GC(54) User=0.02s Sys=0.01s Real=0.01s
[2024-02-18T11:22:21.330+0000][7][safepoint   ] Safepoint "G1CollectForAllocation", Time since last: 8373736249 ns, Reaching safepoint: 17072 ns, Cleanup: 3998 ns, At safepoint: 9688251 ns, Total: 9709321 ns
[2024-02-18T11:22:22.346+0000][7][safepoint   ] Safepoint "Cleanup", Time since last: 1016240413 ns, Reaching safepoint: 19698 ns, Cleanup: 16261 ns, At safepoint: 3757 ns, Total: 39716 ns
[2024-02-18T11:22:23.346+0000][7][safepoint   ] Safepoint "Cleanup", Time since last: 1000244471 ns, Reaching safepoint: 18786 ns, Cleanup: 12534 ns, At safepoint: 4870 ns, Total: 36190 ns
[2024-02-18T11:22:27.958+0000][7][safepoint   ] Safepoint "Cleanup", Time since last: 4611634144 ns, Reaching safepoint: 31651 ns, Cleanup: 14157 ns, At safepoint: 3968 ns, Total: 49776 ns
[2024-02-18T11:22:28.958+0000][7][safepoint   ] Safepoint "Cleanup", Time since last: 1000452379 ns, Reaching safepoint: 20880 ns, Cleanup: 13385 ns, At safepoint: 3327 ns, Total: 37592 ns
[2024-02-18T11:22:30.959+0000][7][safepoint   ] Safepoint "Cleanup", Time since last: 2000461505 ns, Reaching safepoint: 19828 ns, Cleanup: 14979 ns, At safepoint: 3737 ns, Total: 38544 ns
[2024-02-18T11:22:31.959+0000][7][safepoint   ] Safepoint "Cleanup", Time since last: 1000395109 ns, Reaching safepoint: 19678 ns, Cleanup: 15420 ns, At safepoint: 3216 ns, Total: 38314 ns
[2024-02-18T11:22:39.960+0000][7][safepoint   ] Safepoint "Cleanup", Time since last: 8000937770 ns, Reaching safepoint: 17754 ns, Cleanup: 9919 ns, At safepoint: 3196 ns, Total: 30869 ns
[2024-02-18T11:22:42.961+0000][7][safepoint   ] Safepoint "Cleanup", Time since last: 3000412745 ns, Reaching safepoint: 20238 ns, Cleanup: 16262 ns, At safepoint: 3526 ns, Total: 40026 ns
[2024-02-18T11:22:45.961+0000][7][safepoint   ] Safepoint "Cleanup", Time since last: 3000570677 ns, Reaching safepoint: 26681 ns, Cleanup: 22834 ns, At safepoint: 15660 ns, Total: 65175 ns
[2024-02-18T11:22:51.962+0000][7][safepoint   ] Safepoint "Cleanup", Time since last: 6000914219 ns, Reaching safepoint: 20399 ns, Cleanup: 34015 ns, At safepoint: 4209 ns, Total: 58623 ns
[2024-02-18T11:22:54.963+0000][7][safepoint   ] Safepoint "Cleanup", Time since last: 3000543454 ns, Reaching safepoint: 20750 ns, Cleanup: 18836 ns, At safepoint: 3768 ns, Total: 43354 ns
[2024-02-18T11:22:57.964+0000][7][safepoint   ] Safepoint "Cleanup", Time since last: 3000515259 ns, Reaching safepoint: 19969 ns, Cleanup: 12333 ns, At safepoint: 3237 ns, Total: 35539 ns
[2024-02-18T11:23:00.964+0000][7][safepoint   ] Safepoint "Cleanup", Time since last: 3000525906 ns, Reaching safepoint: 20339 ns, Cleanup: 13215 ns, At safepoint: 3537 ns, Total: 37091 ns
[2024-02-18T11:23:03.965+0000][7][safepoint   ] Safepoint "Cleanup", Time since last: 3000545634 ns, Reaching safepoint: 18445 ns, Cleanup: 12414 ns, At safepoint: 3106 ns, Total: 33965 ns
[2024-02-18T11:23:06.965+0000][7][safepoint   ] Safepoint "Cleanup", Time since last: 3000403798 ns, Reaching safepoint: 19898 ns, Cleanup: 13365 ns, At safepoint: 4018 ns, Total: 37281 ns
[2024-02-18T11:23:07.966+0000][7][safepoint   ] Safepoint "Cleanup", Time since last: 1000396713 ns, Reaching safepoint: 19898 ns, Cleanup: 13135 ns, At safepoint: 3507 ns, Total: 36540 ns
[2024-02-18T11:23:08.966+0000][7][safepoint   ] Safepoint "Cleanup", Time since last: 1000474131 ns, Reaching safepoint: 21190 ns, Cleanup: 13386 ns, At safepoint: 3186 ns, Total: 37762 ns
[2024-02-18T11:23:09.966+0000][7][safepoint   ] Safepoint "Cleanup", Time since last: 1000335551 ns, Reaching safepoint: 20519 ns, Cleanup: 21101 ns, At safepoint: 3627 ns, Total: 45247 ns
[2024-02-18T11:23:15.967+0000][7][safepoint   ] Safepoint "Cleanup", Time since last: 6000769572 ns, Reaching safepoint: 19928 ns, Cleanup: 18114 ns, At safepoint: 4118 ns, Total: 42160 ns
[2024-02-18T11:23:16.968+0000][7][safepoint   ] Safepoint "Cleanup", Time since last: 1000384375 ns, Reaching safepoint: 20469 ns, Cleanup: 13375 ns, At safepoint: 3477 ns, Total: 37321 ns
[2024-02-18T11:23:21.316+0000][7][gc,start    ] GC(55) Pause Young (Normal) (G1 Evacuation Pause)
[2024-02-18T11:23:21.316+0000][7][gc,task     ] GC(55) Using 12 workers of 13 for evacuation
[2024-02-18T11:23:21.316+0000][7][gc,age      ] GC(55) Desired survivor size 20971520 bytes, new threshold 15 (max threshold 15)
[2024-02-18T11:23:21.323+0000][7][gc,phases   ] GC(55)   Pre Evacuate Collection Set: 0.2ms
[2024-02-18T11:23:21.323+0000][7][gc,phases   ] GC(55)   Merge Heap Roots: 0.1ms
[2024-02-18T11:23:21.323+0000][7][gc,phases   ] GC(55)   Evacuate Collection Set: 5.2ms
[2024-02-18T11:23:21.323+0000][7][gc,phases   ] GC(55)   Post Evacuate Collection Set: 0.6ms
[2024-02-18T11:23:21.323+0000][7][gc,phases   ] GC(55)   Other: 0.3ms
[2024-02-18T11:23:21.323+0000][7][gc,age      ] GC(55) Age table with threshold 15 (max threshold 15)
[2024-02-18T11:23:21.323+0000][7][gc,age      ] GC(55) - age   1:    1309272 bytes,    1309272 total
[2024-02-18T11:23:21.323+0000][7][gc,age      ] GC(55) - age   2:      71912 bytes,    1381184 total
[2024-02-18T11:23:21.324+0000][7][gc,age      ] GC(55) - age   3:     181144 bytes,    1562328 total
[2024-02-18T11:23:21.324+0000][7][gc,age      ] GC(55) - age   4:      25536 bytes,    1587864 total
[2024-02-18T11:23:21.324+0000][7][gc,age      ] GC(55) - age   5:      39456 bytes,    1627320 total
[2024-02-18T11:23:21.324+0000][7][gc,age      ] GC(55) - age   6:      25912 bytes,    1653232 total
[2024-02-18T11:23:21.324+0000][7][gc,age      ] GC(55) - age   7:      55832 bytes,    1709064 total
[2024-02-18T11:23:21.324+0000][7][gc,age      ] GC(55) - age   8:    4577104 bytes,    6286168 total
[2024-02-18T11:23:21.324+0000][7][gc,age      ] GC(55) - age   9:     235888 bytes,    6522056 total
[2024-02-18T11:23:21.324+0000][7][gc,age      ] GC(55) - age  10:      90928 bytes,    6612984 total
[2024-02-18T11:23:21.324+0000][7][gc,age      ] GC(55) - age  11:      88760 bytes,    6701744 total
[2024-02-18T11:23:21.324+0000][7][gc,age      ] GC(55) - age  12:     191680 bytes,    6893424 total
[2024-02-18T11:23:21.324+0000][7][gc,age      ] GC(55) - age  13:      22104 bytes,    6915528 total
[2024-02-18T11:23:21.324+0000][7][gc,age      ] GC(55) - age  14:     136096 bytes,    7051624 total
[2024-02-18T11:23:21.325+0000][7][gc,age      ] GC(55) - age  15:     115240 bytes,    7166864 total
[2024-02-18T11:23:21.325+0000][7][gc,heap     ] GC(55) Eden regions: 73->0(74)
[2024-02-18T11:23:21.325+0000][7][gc,heap     ] GC(55) Survivor regions: 3->2(10)
[2024-02-18T11:23:21.325+0000][7][gc,heap     ] GC(55) Old regions: 31->31
[2024-02-18T11:23:21.325+0000][7][gc,heap     ] GC(55) Humongous regions: 2->2
[2024-02-18T11:23:21.325+0000][7][gc,metaspace] GC(55) Metaspace: 122259K(125184K)->122259K(125184K) NonClass: 106072K(107648K)->106072K(107648K) Class: 16186K(17536K)->16186K(17536K)
[2024-02-18T11:23:21.325+0000][7][gc          ] GC(55) Pause Young (Normal) (G1 Evacuation Pause) 429M->137M(512M) 8.755ms
[2024-02-18T11:23:21.325+0000][7][gc,cpu      ] GC(55) User=0.02s Sys=0.00s Real=0.00s
[2024-02-18T11:23:21.325+0000][7][safepoint   ] Safepoint "G1CollectForAllocation", Time since last: 4348489957 ns, Reaching safepoint: 17263 ns, Cleanup: 9007 ns, At safepoint: 9004813 ns, Total: 9031083 ns
[2024-02-18T11:23:22.325+0000][7][safepoint   ] Safepoint "Cleanup", Time since last: 1000185037 ns, Reaching safepoint: 18235 ns, Cleanup: 10560 ns, At safepoint: 3757 ns, Total: 32552 ns
[2024-02-18T11:23:24.326+0000][7][safepoint   ] Safepoint "Cleanup", Time since last: 2000306103 ns, Reaching safepoint: 32863 ns, Cleanup: 11021 ns, At safepoint: 4599 ns, Total: 48483 ns
[2024-02-18T11:23:26.979+0000][7][safepoint   ] Safepoint "Cleanup", Time since last: 2653425546 ns, Reaching safepoint: 18626 ns, Cleanup: 14628 ns, At safepoint: 3316 ns, Total: 36570 ns
[2024-02-18T11:23:30.980+0000][7][safepoint   ] Safepoint "Cleanup", Time since last: 4000619619 ns, Reaching safepoint: 20329 ns, Cleanup: 13656 ns, At safepoint: 3477 ns, Total: 37462 ns
[2024-02-18T11:23:42.981+0000][7][safepoint   ] Safepoint "Cleanup", Time since last: 12001317770 ns, Reaching safepoint: 28945 ns, Cleanup: 12444 ns, At safepoint: 3787 ns, Total: 45176 ns
[2024-02-18T11:23:45.982+0000][7][safepoint   ] Safepoint "Cleanup", Time since last: 3000511324 ns, Reaching safepoint: 17934 ns, Cleanup: 12715 ns, At safepoint: 3035 ns, Total: 33684 ns
[2024-02-18T11:23:51.983+0000][7][safepoint   ] Safepoint "Cleanup", Time since last: 6000633542 ns, Reaching safepoint: 20128 ns, Cleanup: 25750 ns, At safepoint: 4128 ns, Total: 50006 ns
[2024-02-18T11:23:54.983+0000][7][safepoint   ] Safepoint "Cleanup", Time since last: 3000511844 ns, Reaching safepoint: 39436 ns, Cleanup: 13856 ns, At safepoint: 4699 ns, Total: 57991 ns
[2024-02-18T11:24:02.984+0000][7][safepoint   ] Safepoint "Cleanup", Time since last: 8000904997 ns, Reaching safepoint: 20339 ns, Cleanup: 14007 ns, At safepoint: 3998 ns, Total: 38344 ns
[2024-02-18T11:24:03.984+0000][7][safepoint   ] Safepoint "Cleanup", Time since last: 1000338616 ns, Reaching safepoint: 19568 ns, Cleanup: 14277 ns, At safepoint: 3226 ns, Total: 37071 ns
[2024-02-18T11:24:18.472+0000][7][gc,start    ] GC(56) Pause Young (Normal) (G1 Evacuation Pause)
[2024-02-18T11:24:18.472+0000][7][gc,task     ] GC(56) Using 12 workers of 13 for evacuation
[2024-02-18T11:24:18.472+0000][7][gc,age      ] GC(56) Desired survivor size 20971520 bytes, new threshold 15 (max threshold 15)
[2024-02-18T11:24:18.477+0000][7][gc,phases   ] GC(56)   Pre Evacuate Collection Set: 0.2ms
[2024-02-18T11:24:18.477+0000][7][gc,phases   ] GC(56)   Merge Heap Roots: 0.1ms
[2024-02-18T11:24:18.477+0000][7][gc,phases   ] GC(56)   Evacuate Collection Set: 4.0ms
[2024-02-18T11:24:18.477+0000][7][gc,phases   ] GC(56)   Post Evacuate Collection Set: 0.6ms
[2024-02-18T11:24:18.477+0000][7][gc,phases   ] GC(56)   Other: 0.2ms
[2024-02-18T11:24:18.477+0000][7][gc,age      ] GC(56) Age table with threshold 15 (max threshold 15)
[2024-02-18T11:24:18.477+0000][7][gc,age      ] GC(56) - age   1:    1746696 bytes,    1746696 total
[2024-02-18T11:24:18.478+0000][7][gc,age      ] GC(56) - age   2:      72224 bytes,    1818920 total
[2024-02-18T11:24:18.478+0000][7][gc,age      ] GC(56) - age   3:      67816 bytes,    1886736 total
[2024-02-18T11:24:18.478+0000][7][gc,age      ] GC(56) - age   4:     180432 bytes,    2067168 total
[2024-02-18T11:24:18.478+0000][7][gc,age      ] GC(56) - age   5:      25376 bytes,    2092544 total
[2024-02-18T11:24:18.478+0000][7][gc,age      ] GC(56) - age   6:      38256 bytes,    2130800 total
[2024-02-18T11:24:18.478+0000][7][gc,age      ] GC(56) - age   7:      25880 bytes,    2156680 total
[2024-02-18T11:24:18.478+0000][7][gc,age      ] GC(56) - age   8:      55688 bytes,    2212368 total
[2024-02-18T11:24:18.478+0000][7][gc,age      ] GC(56) - age   9:    4574568 bytes,    6786936 total
[2024-02-18T11:24:18.478+0000][7][gc,age      ] GC(56) - age  10:     235888 bytes,    7022824 total
[2024-02-18T11:24:18.478+0000][7][gc,age      ] GC(56) - age  11:      90928 bytes,    7113752 total
[2024-02-18T11:24:18.478+0000][7][gc,age      ] GC(56) - age  12:      88728 bytes,    7202480 total
[2024-02-18T11:24:18.479+0000][7][gc,age      ] GC(56) - age  13:     191680 bytes,    7394160 total
[2024-02-18T11:24:18.479+0000][7][gc,age      ] GC(56) - age  14:      22104 bytes,    7416264 total
[2024-02-18T11:24:18.479+0000][7][gc,age      ] GC(56) - age  15:     136096 bytes,    7552360 total
[2024-02-18T11:24:18.479+0000][7][gc,heap     ] GC(56) Eden regions: 74->0(73)
[2024-02-18T11:24:18.479+0000][7][gc,heap     ] GC(56) Survivor regions: 2->3(10)
[2024-02-18T11:24:18.479+0000][7][gc,heap     ] GC(56) Old regions: 31->31
[2024-02-18T11:24:18.479+0000][7][gc,heap     ] GC(56) Humongous regions: 2->2
[2024-02-18T11:24:18.479+0000][7][gc,metaspace] GC(56) Metaspace: 122271K(125248K)->122271K(125248K) NonClass: 106084K(107712K)->106084K(107712K) Class: 16186K(17536K)->16186K(17536K)
[2024-02-18T11:24:18.479+0000][7][gc          ] GC(56) Pause Young (Normal) (G1 Evacuation Pause) 433M->137M(512M) 7.668ms
[2024-02-18T11:24:18.479+0000][7][gc,cpu      ] GC(56) User=0.02s Sys=0.00s Real=0.01s
[2024-02-18T11:24:18.479+0000][7][safepoint   ] Safepoint "G1CollectForAllocation", Time since last: 14487558587 ns, Reaching safepoint: 17664 ns, Cleanup: 3817 ns, At safepoint: 7908397 ns, Total: 7929878 ns
[2024-02-18T11:24:21.480+0000][7][safepoint   ] Safepoint "Cleanup", Time since last: 3000331609 ns, Reaching safepoint: 21241 ns, Cleanup: 5921 ns, At safepoint: 2625 ns, Total: 29787 ns
[2024-02-18T11:24:22.480+0000][7][safepoint   ] Safepoint "Cleanup", Time since last: 1000234668 ns, Reaching safepoint: 23645 ns, Cleanup: 12695 ns, At safepoint: 3727 ns, Total: 40067 ns
[2024-02-18T11:24:24.480+0000][7][safepoint   ] Safepoint "Cleanup", Time since last: 2000388981 ns, Reaching safepoint: 19447 ns, Cleanup: 23756 ns, At safepoint: 3196 ns, Total: 46399 ns
[2024-02-18T11:24:25.999+0000][7][safepoint   ] Safepoint "Cleanup", Time since last: 1518203737 ns, Reaching safepoint: 20529 ns, Cleanup: 16292 ns, At safepoint: 3917 ns, Total: 40738 ns
[2024-02-18T11:24:31.000+0000][7][safepoint   ] Safepoint "Cleanup", Time since last: 5000725490 ns, Reaching safepoint: 17553 ns, Cleanup: 9549 ns, At safepoint: 3426 ns, Total: 30528 ns
[2024-02-18T11:24:34.000+0000][7][safepoint   ] Safepoint "Cleanup", Time since last: 3000439967 ns, Reaching safepoint: 18646 ns, Cleanup: 9438 ns, At safepoint: 2765 ns, Total: 30849 ns
[2024-02-18T11:24:42.001+0000][7][safepoint   ] Safepoint "Cleanup", Time since last: 8000891562 ns, Reaching safepoint: 19277 ns, Cleanup: 12544 ns, At safepoint: 2995 ns, Total: 34816 ns
[2024-02-18T11:24:44.002+0000][7][safepoint   ] Safepoint "Cleanup", Time since last: 2000443766 ns, Reaching safepoint: 19468 ns, Cleanup: 13606 ns, At safepoint: 2464 ns, Total: 35538 ns
[2024-02-18T11:24:46.002+0000][7][safepoint   ] Safepoint "Cleanup", Time since last: 2000418578 ns, Reaching safepoint: 19938 ns, Cleanup: 13176 ns, At safepoint: 3316 ns, Total: 36430 ns
[2024-02-18T11:24:52.003+0000][7][safepoint   ] Safepoint "Cleanup", Time since last: 6000806984 ns, Reaching safepoint: 18976 ns, Cleanup: 14107 ns, At safepoint: 2916 ns, Total: 35999 ns
[2024-02-18T11:24:53.003+0000][7][safepoint   ] Safepoint "Cleanup", Time since last: 1000274864 ns, Reaching safepoint: 19167 ns, Cleanup: 12344 ns, At safepoint: 3607 ns, Total: 35118 ns
[2024-02-18T11:25:08.005+0000][7][safepoint   ] Safepoint "Cleanup", Time since last: 15001587129 ns, Reaching safepoint: 22002 ns, Cleanup: 13176 ns, At safepoint: 3787 ns, Total: 38965 ns
[2024-02-18T11:25:18.903+0000][7][gc,start    ] GC(57) Pause Young (Normal) (G1 Evacuation Pause)
[2024-02-18T11:25:18.903+0000][7][gc,task     ] GC(57) Using 12 workers of 13 for evacuation
[2024-02-18T11:25:18.904+0000][7][gc,age      ] GC(57) Desired survivor size 20971520 bytes, new threshold 15 (max threshold 15)
[2024-02-18T11:25:18.910+0000][7][gc,phases   ] GC(57)   Pre Evacuate Collection Set: 0.3ms
[2024-02-18T11:25:18.910+0000][7][gc,phases   ] GC(57)   Merge Heap Roots: 0.1ms
[2024-02-18T11:25:18.910+0000][7][gc,phases   ] GC(57)   Evacuate Collection Set: 5.0ms
[2024-02-18T11:25:18.910+0000][7][gc,phases   ] GC(57)   Post Evacuate Collection Set: 0.7ms
[2024-02-18T11:25:18.910+0000][7][gc,phases   ] GC(57)   Other: 0.3ms
[2024-02-18T11:25:18.910+0000][7][gc,age      ] GC(57) Age table with threshold 15 (max threshold 15)
[2024-02-18T11:25:18.910+0000][7][gc,age      ] GC(57) - age   1:    1457960 bytes,    1457960 total
[2024-02-18T11:25:18.911+0000][7][gc,age      ] GC(57) - age   2:      65944 bytes,    1523904 total
[2024-02-18T11:25:18.911+0000][7][gc,age      ] GC(57) - age   3:      66048 bytes,    1589952 total
[2024-02-18T11:25:18.911+0000][7][gc,age      ] GC(57) - age   4:      66928 bytes,    1656880 total
[2024-02-18T11:25:18.911+0000][7][gc,age      ] GC(57) - age   5:     179768 bytes,    1836648 total
[2024-02-18T11:25:18.911+0000][7][gc,age      ] GC(57) - age   6:      25344 bytes,    1861992 total
[2024-02-18T11:25:18.911+0000][7][gc,age      ] GC(57) - age   7:      37936 bytes,    1899928 total
[2024-02-18T11:25:18.911+0000][7][gc,age      ] GC(57) - age   8:      25736 bytes,    1925664 total
[2024-02-18T11:25:18.911+0000][7][gc,age      ] GC(57) - age   9:      54616 bytes,    1980280 total
[2024-02-18T11:25:18.911+0000][7][gc,age      ] GC(57) - age  10:    4574192 bytes,    6554472 total
[2024-02-18T11:25:18.911+0000][7][gc,age      ] GC(57) - age  11:     235888 bytes,    6790360 total
[2024-02-18T11:25:18.911+0000][7][gc,age      ] GC(57) - age  12:      90928 bytes,    6881288 total
[2024-02-18T11:25:18.912+0000][7][gc,age      ] GC(57) - age  13:      88696 bytes,    6969984 total
[2024-02-18T11:25:18.912+0000][7][gc,age      ] GC(57) - age  14:     191680 bytes,    7161664 total
[2024-02-18T11:25:18.912+0000][7][gc,age      ] GC(57) - age  15:      22104 bytes,    7183768 total
[2024-02-18T11:25:18.912+0000][7][gc,heap     ] GC(57) Eden regions: 73->0(74)
[2024-02-18T11:25:18.912+0000][7][gc,heap     ] GC(57) Survivor regions: 3->2(10)
[2024-02-18T11:25:18.912+0000][7][gc,heap     ] GC(57) Old regions: 31->31
[2024-02-18T11:25:18.912+0000][7][gc,heap     ] GC(57) Humongous regions: 2->2
[2024-02-18T11:25:18.912+0000][7][gc,metaspace] GC(57) Metaspace: 122280K(125248K)->122280K(125248K) NonClass: 106093K(107712K)->106093K(107712K) Class: 16187K(17536K)->16187K(17536K)
[2024-02-18T11:25:18.912+0000][7][gc          ] GC(57) Pause Young (Normal) (G1 Evacuation Pause) 429M->137M(512M) 8.966ms
[2024-02-18T11:25:18.912+0000][7][gc,cpu      ] GC(57) User=0.02s Sys=0.00s Real=0.01s
[2024-02-18T11:25:18.912+0000][7][safepoint   ] Safepoint "G1CollectForAllocation", Time since last: 10898186163 ns, Reaching safepoint: 26982 ns, Cleanup: 4218 ns, At safepoint: 9234262 ns, Total: 9265462 ns
[2024-02-18T11:25:22.913+0000][7][safepoint   ] Safepoint "Cleanup", Time since last: 4000437550 ns, Reaching safepoint: 15720 ns, Cleanup: 8667 ns, At safepoint: 11451 ns, Total: 35838 ns
[2024-02-18T11:25:26.020+0000][7][safepoint   ] Safepoint "Cleanup", Time since last: 3107003444 ns, Reaching safepoint: 38083 ns, Cleanup: 13505 ns, At safepoint: 3708 ns, Total: 55296 ns
[2024-02-18T11:25:28.021+0000][7][safepoint   ] Safepoint "Cleanup", Time since last: 2000452061 ns, Reaching safepoint: 20209 ns, Cleanup: 15540 ns, At safepoint: 3336 ns, Total: 39085 ns
[2024-02-18T11:25:34.021+0000][7][safepoint   ] Safepoint "Cleanup", Time since last: 6000767568 ns, Reaching safepoint: 19949 ns, Cleanup: 17132 ns, At safepoint: 3527 ns, Total: 40608 ns
[2024-02-18T11:25:40.022+0000][7][safepoint   ] Safepoint "Cleanup", Time since last: 6000870365 ns, Reaching safepoint: 23565 ns, Cleanup: 15731 ns, At safepoint: 3566 ns, Total: 42862 ns
[2024-02-18T11:25:43.023+0000][7][safepoint   ] Safepoint "Cleanup", Time since last: 3000544878 ns, Reaching safepoint: 16632 ns, Cleanup: 10310 ns, At safepoint: 3005 ns, Total: 29947 ns
[2024-02-18T11:25:45.023+0000][7][safepoint   ] Safepoint "Cleanup", Time since last: 2000316312 ns, Reaching safepoint: 21161 ns, Cleanup: 14508 ns, At safepoint: 3446 ns, Total: 39115 ns
[2024-02-18T11:25:46.024+0000][7][safepoint   ] Safepoint "Cleanup", Time since last: 1000454719 ns, Reaching safepoint: 21030 ns, Cleanup: 14298 ns, At safepoint: 3657 ns, Total: 38985 ns
[2024-02-18T11:25:52.025+0000][7][safepoint   ] Safepoint "Cleanup", Time since last: 6000809879 ns, Reaching safepoint: 20079 ns, Cleanup: 15940 ns, At safepoint: 3236 ns, Total: 39255 ns
[2024-02-18T11:26:07.026+0000][7][safepoint   ] Safepoint "Cleanup", Time since last: 15001621565 ns, Reaching safepoint: 21071 ns, Cleanup: 16511 ns, At safepoint: 3627 ns, Total: 41209 ns
[2024-02-18T11:26:12.028+0000][7][safepoint   ] Safepoint "Cleanup", Time since last: 5001316722 ns, Reaching safepoint: 20820 ns, Cleanup: 14037 ns, At safepoint: 3787 ns, Total: 38644 ns
[2024-02-18T11:26:21.285+0000][7][gc,start    ] GC(58) Pause Young (Normal) (G1 Evacuation Pause)
[2024-02-18T11:26:21.285+0000][7][gc,task     ] GC(58) Using 12 workers of 13 for evacuation
[2024-02-18T11:26:21.286+0000][7][gc,age      ] GC(58) Desired survivor size 20971520 bytes, new threshold 15 (max threshold 15)
[2024-02-18T11:26:21.292+0000][7][gc,phases   ] GC(58)   Pre Evacuate Collection Set: 0.2ms
[2024-02-18T11:26:21.292+0000][7][gc,phases   ] GC(58)   Merge Heap Roots: 0.1ms
[2024-02-18T11:26:21.292+0000][7][gc,phases   ] GC(58)   Evacuate Collection Set: 4.8ms
[2024-02-18T11:26:21.292+0000][7][gc,phases   ] GC(58)   Post Evacuate Collection Set: 0.7ms
[2024-02-18T11:26:21.292+0000][7][gc,phases   ] GC(58)   Other: 0.4ms
[2024-02-18T11:26:21.292+0000][7][gc,age      ] GC(58) Age table with threshold 15 (max threshold 15)
[2024-02-18T11:26:21.292+0000][7][gc,age      ] GC(58) - age   1:     473776 bytes,     473776 total
[2024-02-18T11:26:21.293+0000][7][gc,age      ] GC(58) - age   2:      20336 bytes,     494112 total
[2024-02-18T11:26:21.293+0000][7][gc,age      ] GC(58) - age   3:      61480 bytes,     555592 total
[2024-02-18T11:26:21.293+0000][7][gc,age      ] GC(58) - age   4:      64704 bytes,     620296 total
[2024-02-18T11:26:21.293+0000][7][gc,age      ] GC(58) - age   5:      66592 bytes,     686888 total
[2024-02-18T11:26:21.293+0000][7][gc,age      ] GC(58) - age   6:     179768 bytes,     866656 total
[2024-02-18T11:26:21.293+0000][7][gc,age      ] GC(58) - age   7:      25344 bytes,     892000 total
[2024-02-18T11:26:21.293+0000][7][gc,age      ] GC(58) - age   8:      37936 bytes,     929936 total
[2024-02-18T11:26:21.293+0000][7][gc,age      ] GC(58) - age   9:      25736 bytes,     955672 total
[2024-02-18T11:26:21.293+0000][7][gc,age      ] GC(58) - age  10:      54616 bytes,    1010288 total
[2024-02-18T11:26:21.293+0000][7][gc,age      ] GC(58) - age  11:    4573912 bytes,    5584200 total
[2024-02-18T11:26:21.294+0000][7][gc,age      ] GC(58) - age  12:     235888 bytes,    5820088 total
[2024-02-18T11:26:21.294+0000][7][gc,age      ] GC(58) - age  13:      90928 bytes,    5911016 total
[2024-02-18T11:26:21.294+0000][7][gc,age      ] GC(58) - age  14:      88664 bytes,    5999680 total
[2024-02-18T11:26:21.294+0000][7][gc,age      ] GC(58) - age  15:     191680 bytes,    6191360 total
[2024-02-18T11:26:21.294+0000][7][gc,heap     ] GC(58) Eden regions: 74->0(74)
[2024-02-18T11:26:21.294+0000][7][gc,heap     ] GC(58) Survivor regions: 2->2(10)
[2024-02-18T11:26:21.294+0000][7][gc,heap     ] GC(58) Old regions: 31->31
[2024-02-18T11:26:21.295+0000][7][gc,heap     ] GC(58) Humongous regions: 2->2
[2024-02-18T11:26:21.295+0000][7][gc,metaspace] GC(58) Metaspace: 122297K(125312K)->122297K(125312K) NonClass: 106110K(107776K)->106110K(107776K) Class: 16187K(17536K)->16187K(17536K)
[2024-02-18T11:26:21.295+0000][7][gc          ] GC(58) Pause Young (Normal) (G1 Evacuation Pause) 433M->136M(512M) 9.720ms
[2024-02-18T11:26:21.295+0000][7][gc,cpu      ] GC(58) User=0.01s Sys=0.01s Real=0.01s
[2024-02-18T11:26:21.295+0000][7][safepoint   ] Safepoint "G1CollectForAllocation", Time since last: 9257501277 ns, Reaching safepoint: 16301 ns, Cleanup: 3366 ns, At safepoint: 10014827 ns, Total: 10034494 ns
[2024-02-18T11:26:23.295+0000][7][safepoint   ] Safepoint "Cleanup", Time since last: 2000287842 ns, Reaching safepoint: 18525 ns, Cleanup: 9518 ns, At safepoint: 3397 ns, Total: 31440 ns
[2024-02-18T11:26:24.296+0000][7][safepoint   ] Safepoint "Cleanup", Time since last: 1000258514 ns, Reaching safepoint: 16581 ns, Cleanup: 11633 ns, At safepoint: 4087 ns, Total: 32301 ns
[2024-02-18T11:26:27.043+0000][7][safepoint   ] Safepoint "Cleanup", Time since last: 2746775712 ns, Reaching safepoint: 48242 ns, Cleanup: 14257 ns, At safepoint: 3948 ns, Total: 66447 ns
[2024-02-18T11:26:28.043+0000][7][safepoint   ] Safepoint "Cleanup", Time since last: 1000352703 ns, Reaching safepoint: 20239 ns, Cleanup: 14187 ns, At safepoint: 3076 ns, Total: 37502 ns
[2024-02-18T11:26:32.044+0000][7][safepoint   ] Safepoint "Cleanup", Time since last: 4000610281 ns, Reaching safepoint: 19988 ns, Cleanup: 14208 ns, At safepoint: 3326 ns, Total: 37522 ns
[2024-02-18T11:26:44.045+0000][7][safepoint   ] Safepoint "Cleanup", Time since last: 12001803139 ns, Reaching safepoint: 20479 ns, Cleanup: 12304 ns, At safepoint: 2895 ns, Total: 35678 ns
[2024-02-18T11:26:46.046+0000][7][safepoint   ] Safepoint "Cleanup", Time since last: 2000452910 ns, Reaching safepoint: 19758 ns, Cleanup: 25238 ns, At safepoint: 3867 ns, Total: 48863 ns
[2024-02-18T11:26:52.047+0000][7][safepoint   ] Safepoint "Cleanup", Time since last: 6000773720 ns, Reaching safepoint: 28675 ns, Cleanup: 10731 ns, At safepoint: 2966 ns, Total: 42372 ns
[2024-02-18T11:26:54.047+0000][7][safepoint   ] Safepoint "Cleanup", Time since last: 2000315861 ns, Reaching safepoint: 19327 ns, Cleanup: 13225 ns, At safepoint: 3316 ns, Total: 35868 ns
[2024-02-18T11:27:10.049+0000][7][safepoint   ] Safepoint "Cleanup", Time since last: 16001609150 ns, Reaching safepoint: 22072 ns, Cleanup: 13666 ns, At safepoint: 3748 ns, Total: 39486 ns
[2024-02-18T11:27:13.049+0000][7][safepoint   ] Safepoint "Cleanup", Time since last: 3000657934 ns, Reaching safepoint: 20399 ns, Cleanup: 16732 ns, At safepoint: 3647 ns, Total: 40778 ns
[2024-02-18T11:27:16.051+0000][7][safepoint   ] Safepoint "Cleanup", Time since last: 3001047781 ns, Reaching safepoint: 20419 ns, Cleanup: 21752 ns, At safepoint: 3146 ns, Total: 45317 ns
[2024-02-18T11:27:19.051+0000][7][safepoint   ] Safepoint "Cleanup", Time since last: 3000430693 ns, Reaching safepoint: 21230 ns, Cleanup: 12073 ns, At safepoint: 3217 ns, Total: 36520 ns
[2024-02-18T11:27:21.071+0000][7][gc,start    ] GC(59) Pause Young (Normal) (G1 Evacuation Pause)
[2024-02-18T11:27:21.071+0000][7][gc,task     ] GC(59) Using 12 workers of 13 for evacuation
[2024-02-18T11:27:21.071+0000][7][gc,age      ] GC(59) Desired survivor size 20971520 bytes, new threshold 15 (max threshold 15)
[2024-02-18T11:27:21.077+0000][7][gc,phases   ] GC(59)   Pre Evacuate Collection Set: 0.3ms
[2024-02-18T11:27:21.078+0000][7][gc,phases   ] GC(59)   Merge Heap Roots: 0.1ms
[2024-02-18T11:27:21.078+0000][7][gc,phases   ] GC(59)   Evacuate Collection Set: 4.6ms
[2024-02-18T11:27:21.078+0000][7][gc,phases   ] GC(59)   Post Evacuate Collection Set: 0.8ms
[2024-02-18T11:27:21.078+0000][7][gc,phases   ] GC(59)   Other: 0.5ms
[2024-02-18T11:27:21.078+0000][7][gc,age      ] GC(59) Age table with threshold 15 (max threshold 15)
[2024-02-18T11:27:21.078+0000][7][gc,age      ] GC(59) - age   1:    1417216 bytes,    1417216 total
[2024-02-18T11:27:21.078+0000][7][gc,age      ] GC(59) - age   2:      23896 bytes,    1441112 total
[2024-02-18T11:27:21.079+0000][7][gc,age      ] GC(59) - age   3:      15416 bytes,    1456528 total
[2024-02-18T11:27:21.079+0000][7][gc,age      ] GC(59) - age   4:      60672 bytes,    1517200 total
[2024-02-18T11:27:21.079+0000][7][gc,age      ] GC(59) - age   5:      64512 bytes,    1581712 total
[2024-02-18T11:27:21.079+0000][7][gc,age      ] GC(59) - age   6:      66592 bytes,    1648304 total
[2024-02-18T11:27:21.079+0000][7][gc,age      ] GC(59) - age   7:     179728 bytes,    1828032 total
[2024-02-18T11:27:21.079+0000][7][gc,age      ] GC(59) - age   8:      25344 bytes,    1853376 total
[2024-02-18T11:27:21.079+0000][7][gc,age      ] GC(59) - age   9:      37936 bytes,    1891312 total
[2024-02-18T11:27:21.079+0000][7][gc,age      ] GC(59) - age  10:      25736 bytes,    1917048 total
[2024-02-18T11:27:21.079+0000][7][gc,age      ] GC(59) - age  11:      54616 bytes,    1971664 total
[2024-02-18T11:27:21.079+0000][7][gc,age      ] GC(59) - age  12:    4572792 bytes,    6544456 total
[2024-02-18T11:27:21.079+0000][7][gc,age      ] GC(59) - age  13:     235888 bytes,    6780344 total
[2024-02-18T11:27:21.080+0000][7][gc,age      ] GC(59) - age  14:      90896 bytes,    6871240 total
[2024-02-18T11:27:21.080+0000][7][gc,age      ] GC(59) - age  15:      88664 bytes,    6959904 total
[2024-02-18T11:27:21.080+0000][7][gc,heap     ] GC(59) Eden regions: 74->0(74)
[2024-02-18T11:27:21.080+0000][7][gc,heap     ] GC(59) Survivor regions: 2->2(10)
[2024-02-18T11:27:21.080+0000][7][gc,heap     ] GC(59) Old regions: 31->31
[2024-02-18T11:27:21.080+0000][7][gc,heap     ] GC(59) Humongous regions: 2->2
[2024-02-18T11:27:21.080+0000][7][gc,metaspace] GC(59) Metaspace: 122315K(125312K)->122315K(125312K) NonClass: 106127K(107776K)->106127K(107776K) Class: 16187K(17536K)->16187K(17536K)
[2024-02-18T11:27:21.080+0000][7][gc          ] GC(59) Pause Young (Normal) (G1 Evacuation Pause) 432M->137M(512M) 9.455ms
[2024-02-18T11:27:21.080+0000][7][gc,cpu      ] GC(59) User=0.02s Sys=0.00s Real=0.01s
[2024-02-18T11:27:21.081+0000][7][safepoint   ] Safepoint "G1CollectForAllocation", Time since last: 2019757558 ns, Reaching safepoint: 18004 ns, Cleanup: 3978 ns, At safepoint: 9787786 ns, Total: 9809768 ns
[2024-02-18T11:27:25.063+0000][7][safepoint   ] Safepoint "Cleanup", Time since last: 3982377786 ns, Reaching safepoint: 9208 ns, Cleanup: 12013 ns, At safepoint: 12293 ns, Total: 33514 ns
[2024-02-18T11:27:28.064+0000][7][safepoint   ] Safepoint "Cleanup", Time since last: 3000890474 ns, Reaching safepoint: 41920 ns, Cleanup: 23635 ns, At safepoint: 3858 ns, Total: 69413 ns
[2024-02-18T11:27:31.065+0000][7][safepoint   ] Safepoint "Cleanup", Time since last: 3000562988 ns, Reaching safepoint: 20539 ns, Cleanup: 16853 ns, At safepoint: 3607 ns, Total: 40999 ns
[2024-02-18T11:27:43.066+0000][7][safepoint   ] Safepoint "Cleanup", Time since last: 12001401600 ns, Reaching safepoint: 20700 ns, Cleanup: 13065 ns, At safepoint: 3797 ns, Total: 37562 ns
[2024-02-18T11:27:46.067+0000][7][safepoint   ] Safepoint "Cleanup", Time since last: 3000690817 ns, Reaching safepoint: 20189 ns, Cleanup: 12805 ns, At safepoint: 3456 ns, Total: 36450 ns
[2024-02-18T11:27:52.068+0000][7][safepoint   ] Safepoint "Cleanup", Time since last: 6000881216 ns, Reaching safepoint: 20379 ns, Cleanup: 21942 ns, At safepoint: 4659 ns, Total: 46980 ns
[2024-02-18T11:27:55.069+0000][7][safepoint   ] Safepoint "Cleanup", Time since last: 3000745532 ns, Reaching safepoint: 20289 ns, Cleanup: 18215 ns, At safepoint: 3527 ns, Total: 42031 ns
[2024-02-18T11:28:01.069+0000][7][safepoint   ] Safepoint "Cleanup", Time since last: 6000826190 ns, Reaching safepoint: 20088 ns, Cleanup: 13987 ns, At safepoint: 3467 ns, Total: 37542 ns
[2024-02-18T11:28:04.070+0000][7][safepoint   ] Safepoint "Cleanup", Time since last: 3000577635 ns, Reaching safepoint: 19948 ns, Cleanup: 13696 ns, At safepoint: 3697 ns, Total: 37341 ns
[2024-02-18T11:28:12.071+0000][7][safepoint   ] Safepoint "Cleanup", Time since last: 8000885235 ns, Reaching safepoint: 20019 ns, Cleanup: 13195 ns, At safepoint: 3396 ns, Total: 36610 ns
[2024-02-18T11:28:18.420+0000][7][gc,start    ] GC(60) Pause Young (Normal) (G1 Evacuation Pause)
[2024-02-18T11:28:18.421+0000][7][gc,task     ] GC(60) Using 12 workers of 13 for evacuation
[2024-02-18T11:28:18.421+0000][7][gc,age      ] GC(60) Desired survivor size 20971520 bytes, new threshold 15 (max threshold 15)
[2024-02-18T11:28:18.426+0000][7][gc,phases   ] GC(60)   Pre Evacuate Collection Set: 0.2ms
[2024-02-18T11:28:18.426+0000][7][gc,phases   ] GC(60)   Merge Heap Roots: 0.1ms
[2024-02-18T11:28:18.427+0000][7][gc,phases   ] GC(60)   Evacuate Collection Set: 4.4ms
[2024-02-18T11:28:18.427+0000][7][gc,phases   ] GC(60)   Post Evacuate Collection Set: 0.7ms
[2024-02-18T11:28:18.427+0000][7][gc,phases   ] GC(60)   Other: 0.3ms
[2024-02-18T11:28:18.427+0000][7][gc,age      ] GC(60) Age table with threshold 15 (max threshold 15)
[2024-02-18T11:28:18.427+0000][7][gc,age      ] GC(60) - age   1:     917648 bytes,     917648 total
[2024-02-18T11:28:18.427+0000][7][gc,age      ] GC(60) - age   2:     156480 bytes,    1074128 total
[2024-02-18T11:28:18.427+0000][7][gc,age      ] GC(60) - age   3:      18488 bytes,    1092616 total
[2024-02-18T11:28:18.427+0000][7][gc,age      ] GC(60) - age   4:      14208 bytes,    1106824 total
[2024-02-18T11:28:18.427+0000][7][gc,age      ] GC(60) - age   5:      60608 bytes,    1167432 total
[2024-02-18T11:28:18.427+0000][7][gc,age      ] GC(60) - age   6:      64448 bytes,    1231880 total
[2024-02-18T11:28:18.428+0000][7][gc,age      ] GC(60) - age   7:      66464 bytes,    1298344 total
[2024-02-18T11:28:18.428+0000][7][gc,age      ] GC(60) - age   8:     179064 bytes,    1477408 total
[2024-02-18T11:28:18.428+0000][7][gc,age      ] GC(60) - age   9:      25344 bytes,    1502752 total
[2024-02-18T11:28:18.428+0000][7][gc,age      ] GC(60) - age  10:      37936 bytes,    1540688 total
[2024-02-18T11:28:18.428+0000][7][gc,age      ] GC(60) - age  11:      24664 bytes,    1565352 total
[2024-02-18T11:28:18.428+0000][7][gc,age      ] GC(60) - age  12:      54616 bytes,    1619968 total
[2024-02-18T11:28:18.428+0000][7][gc,age      ] GC(60) - age  13:    4571672 bytes,    6191640 total
[2024-02-18T11:28:18.428+0000][7][gc,age      ] GC(60) - age  14:     235888 bytes,    6427528 total
[2024-02-18T11:28:18.428+0000][7][gc,age      ] GC(60) - age  15:      90864 bytes,    6518392 total
[2024-02-18T11:28:18.428+0000][7][gc,heap     ] GC(60) Eden regions: 74->0(74)
[2024-02-18T11:28:18.428+0000][7][gc,heap     ] GC(60) Survivor regions: 2->2(10)
[2024-02-18T11:28:18.429+0000][7][gc,heap     ] GC(60) Old regions: 31->31
[2024-02-18T11:28:18.429+0000][7][gc,heap     ] GC(60) Humongous regions: 2->2
[2024-02-18T11:28:18.429+0000][7][gc,metaspace] GC(60) Metaspace: 122343K(125376K)->122343K(125376K) NonClass: 106156K(107840K)->106156K(107840K) Class: 16187K(17536K)->16187K(17536K)
[2024-02-18T11:28:18.429+0000][7][gc          ] GC(60) Pause Young (Normal) (G1 Evacuation Pause) 433M->137M(512M) 8.626ms
[2024-02-18T11:28:18.429+0000][7][gc,cpu      ] GC(60) User=0.02s Sys=0.00s Real=0.01s
[2024-02-18T11:28:18.429+0000][7][safepoint   ] Safepoint "G1CollectForAllocation", Time since last: 6349467637 ns, Reaching safepoint: 15129 ns, Cleanup: 16171 ns, At safepoint: 8927363 ns, Total: 8958663 ns
[2024-02-18T11:28:19.446+0000][7][safepoint   ] Safepoint "Cleanup", Time since last: 1016739950 ns, Reaching safepoint: 19979 ns, Cleanup: 24817 ns, At safepoint: 2996 ns, Total: 47792 ns
[2024-02-18T11:28:28.085+0000][7][safepoint   ] Safepoint "Cleanup", Time since last: 8638422119 ns, Reaching safepoint: 17062 ns, Cleanup: 15681 ns, At safepoint: 3035 ns, Total: 35778 ns
[2024-02-18T11:28:34.085+0000][7][safepoint   ] Safepoint "Cleanup", Time since last: 6000822554 ns, Reaching safepoint: 20059 ns, Cleanup: 13165 ns, At safepoint: 3156 ns, Total: 36380 ns
[2024-02-18T11:28:43.087+0000][7][safepoint   ] Safepoint "Cleanup", Time since last: 9001130367 ns, Reaching safepoint: 20098 ns, Cleanup: 15831 ns, At safepoint: 3566 ns, Total: 39495 ns
[2024-02-18T11:28:46.087+0000][7][safepoint   ] Safepoint "Cleanup", Time since last: 3000661742 ns, Reaching safepoint: 16932 ns, Cleanup: 9709 ns, At safepoint: 2845 ns, Total: 29486 ns
[2024-02-18T11:28:51.088+0000][7][safepoint   ] Safepoint "Cleanup", Time since last: 5000544864 ns, Reaching safepoint: 20189 ns, Cleanup: 12103 ns, At safepoint: 3437 ns, Total: 35729 ns
[2024-02-18T11:28:52.088+0000][7][safepoint   ] Safepoint "Cleanup", Time since last: 1000357843 ns, Reaching safepoint: 35618 ns, Cleanup: 13396 ns, At safepoint: 3767 ns, Total: 52781 ns
[2024-02-18T11:28:53.089+0000][7][safepoint   ] Safepoint "Cleanup", Time since last: 1000419932 ns, Reaching safepoint: 19798 ns, Cleanup: 17804 ns, At safepoint: 3386 ns, Total: 40988 ns
[2024-02-18T11:28:55.089+0000][7][safepoint   ] Safepoint "Cleanup", Time since last: 2000458495 ns, Reaching safepoint: 20659 ns, Cleanup: 16071 ns, At safepoint: 3657 ns, Total: 40387 ns
[2024-02-18T11:29:04.090+0000][7][safepoint   ] Safepoint "Cleanup", Time since last: 9001109717 ns, Reaching safepoint: 19357 ns, Cleanup: 14538 ns, At safepoint: 4087 ns, Total: 37982 ns
[2024-02-18T11:29:14.092+0000][7][safepoint   ] Safepoint "Cleanup", Time since last: 10001290292 ns, Reaching safepoint: 19437 ns, Cleanup: 12073 ns, At safepoint: 3046 ns, Total: 34556 ns
[2024-02-18T11:29:21.284+0000][7][gc,start    ] GC(61) Pause Young (Normal) (G1 Evacuation Pause)
[2024-02-18T11:29:21.284+0000][7][gc,task     ] GC(61) Using 12 workers of 13 for evacuation
[2024-02-18T11:29:21.284+0000][7][gc,age      ] GC(61) Desired survivor size 20971520 bytes, new threshold 15 (max threshold 15)
[2024-02-18T11:29:21.290+0000][7][gc,phases   ] GC(61)   Pre Evacuate Collection Set: 0.2ms
[2024-02-18T11:29:21.291+0000][7][gc,phases   ] GC(61)   Merge Heap Roots: 0.1ms
[2024-02-18T11:29:21.291+0000][7][gc,phases   ] GC(61)   Evacuate Collection Set: 5.0ms
[2024-02-18T11:29:21.291+0000][7][gc,phases   ] GC(61)   Post Evacuate Collection Set: 0.6ms
[2024-02-18T11:29:21.291+0000][7][gc,phases   ] GC(61)   Other: 0.4ms
[2024-02-18T11:29:21.291+0000][7][gc,age      ] GC(61) Age table with threshold 15 (max threshold 15)
[2024-02-18T11:29:21.291+0000][7][gc,age      ] GC(61) - age   1:    1485888 bytes,    1485888 total
[2024-02-18T11:29:21.291+0000][7][gc,age      ] GC(61) - age   2:      17672 bytes,    1503560 total
[2024-02-18T11:29:21.291+0000][7][gc,age      ] GC(61) - age   3:     150112 bytes,    1653672 total
[2024-02-18T11:29:21.292+0000][7][gc,age      ] GC(61) - age   4:      18208 bytes,    1671880 total
[2024-02-18T11:29:21.292+0000][7][gc,age      ] GC(61) - age   5:      13736 bytes,    1685616 total
[2024-02-18T11:29:21.292+0000][7][gc,age      ] GC(61) - age   6:      60576 bytes,    1746192 total
[2024-02-18T11:29:21.292+0000][7][gc,age      ] GC(61) - age   7:      64448 bytes,    1810640 total
[2024-02-18T11:29:21.292+0000][7][gc,age      ] GC(61) - age   8:      66400 bytes,    1877040 total
[2024-02-18T11:29:21.292+0000][7][gc,age      ] GC(61) - age   9:     179032 bytes,    2056072 total
[2024-02-18T11:29:21.292+0000][7][gc,age      ] GC(61) - age  10:      25280 bytes,    2081352 total
[2024-02-18T11:29:21.292+0000][7][gc,age      ] GC(61) - age  11:      37616 bytes,    2118968 total
[2024-02-18T11:29:21.293+0000][7][gc,age      ] GC(61) - age  12:      24552 bytes,    2143520 total
[2024-02-18T11:29:21.293+0000][7][gc,age      ] GC(61) - age  13:      54616 bytes,    2198136 total
[2024-02-18T11:29:21.293+0000][7][gc,age      ] GC(61) - age  14:    4568152 bytes,    6766288 total
[2024-02-18T11:29:21.293+0000][7][gc,age      ] GC(61) - age  15:     235888 bytes,    7002176 total
[2024-02-18T11:29:21.293+0000][7][gc,heap     ] GC(61) Eden regions: 74->0(74)
[2024-02-18T11:29:21.293+0000][7][gc,heap     ] GC(61) Survivor regions: 2->2(10)
[2024-02-18T11:29:21.293+0000][7][gc,heap     ] GC(61) Old regions: 31->31
[2024-02-18T11:29:21.293+0000][7][gc,heap     ] GC(61) Humongous regions: 2->2
[2024-02-18T11:29:21.293+0000][7][gc,metaspace] GC(61) Metaspace: 122363K(125376K)->122363K(125376K) NonClass: 106174K(107840K)->106174K(107840K) Class: 16188K(17536K)->16188K(17536K)
[2024-02-18T11:29:21.293+0000][7][gc          ] GC(61) Pause Young (Normal) (G1 Evacuation Pause) 433M->137M(512M) 9.839ms
[2024-02-18T11:29:21.294+0000][7][gc,cpu      ] GC(61) User=0.02s Sys=0.00s Real=0.01s
[2024-02-18T11:29:21.294+0000][7][safepoint   ] Safepoint "G1CollectForAllocation", Time since last: 7191835340 ns, Reaching safepoint: 53562 ns, Cleanup: 4208 ns, At safepoint: 10141971 ns, Total: 10199741 ns
[2024-02-18T11:29:22.306+0000][7][safepoint   ] Safepoint "Cleanup", Time since last: 1012308102 ns, Reaching safepoint: 20629 ns, Cleanup: 14558 ns, At safepoint: 3577 ns, Total: 38764 ns
[2024-02-18T11:29:28.106+0000][7][safepoint   ] Safepoint "Cleanup", Time since last: 5800239720 ns, Reaching safepoint: 56177 ns, Cleanup: 12735 ns, At safepoint: 4989 ns, Total: 73901 ns
[2024-02-18T11:29:29.107+0000][7][safepoint   ] Safepoint "Cleanup", Time since last: 1000349438 ns, Reaching safepoint: 18455 ns, Cleanup: 17684 ns, At safepoint: 3106 ns, Total: 39245 ns
[2024-02-18T11:29:41.108+0000][7][safepoint   ] Safepoint "Cleanup", Time since last: 12001382479 ns, Reaching safepoint: 19748 ns, Cleanup: 16181 ns, At safepoint: 3577 ns, Total: 39506 ns
[2024-02-18T11:29:51.109+0000][7][safepoint   ] Safepoint "Cleanup", Time since last: 10001098759 ns, Reaching safepoint: 24206 ns, Cleanup: 15380 ns, At safepoint: 4188 ns, Total: 43774 ns
[2024-02-18T11:29:55.110+0000][7][safepoint   ] Safepoint "Cleanup", Time since last: 4000746942 ns, Reaching safepoint: 20229 ns, Cleanup: 21351 ns, At safepoint: 4418 ns, Total: 45998 ns
[2024-02-18T11:29:58.110+0000][7][safepoint   ] Safepoint "Cleanup", Time since last: 3000498389 ns, Reaching safepoint: 20218 ns, Cleanup: 11402 ns, At safepoint: 3427 ns, Total: 35047 ns
[2024-02-18T11:30:01.114+0000][7][safepoint   ] Safepoint "Cleanup", Time since last: 3003474238 ns, Reaching safepoint: 18044 ns, Cleanup: 12103 ns, At safepoint: 2816 ns, Total: 32963 ns
[2024-02-18T11:30:03.114+0000][7][safepoint   ] Safepoint "Cleanup", Time since last: 2000436999 ns, Reaching safepoint: 17864 ns, Cleanup: 13385 ns, At safepoint: 3657 ns, Total: 34906 ns
[2024-02-18T11:30:15.116+0000][7][safepoint   ] Safepoint "Cleanup", Time since last: 12001353379 ns, Reaching safepoint: 18846 ns, Cleanup: 12414 ns, At safepoint: 3196 ns, Total: 34456 ns
[2024-02-18T11:30:21.295+0000][7][gc,start    ] GC(62) Pause Young (Normal) (G1 Evacuation Pause)
[2024-02-18T11:30:21.295+0000][7][gc,task     ] GC(62) Using 12 workers of 13 for evacuation
[2024-02-18T11:30:21.295+0000][7][gc,age      ] GC(62) Desired survivor size 20971520 bytes, new threshold 15 (max threshold 15)
[2024-02-18T11:30:21.301+0000][7][gc,phases   ] GC(62)   Pre Evacuate Collection Set: 0.3ms
[2024-02-18T11:30:21.301+0000][7][gc,phases   ] GC(62)   Merge Heap Roots: 0.2ms
[2024-02-18T11:30:21.302+0000][7][gc,phases   ] GC(62)   Evacuate Collection Set: 4.8ms
[2024-02-18T11:30:21.302+0000][7][gc,phases   ] GC(62)   Post Evacuate Collection Set: 0.7ms
[2024-02-18T11:30:21.302+0000][7][gc,phases   ] GC(62)   Other: 0.4ms
[2024-02-18T11:30:21.302+0000][7][gc,age      ] GC(62) Age table with threshold 15 (max threshold 15)
[2024-02-18T11:30:21.302+0000][7][gc,age      ] GC(62) - age   1:    1123368 bytes,    1123368 total
[2024-02-18T11:30:21.302+0000][7][gc,age      ] GC(62) - age   2:      57680 bytes,    1181048 total
[2024-02-18T11:30:21.302+0000][7][gc,age      ] GC(62) - age   3:      12304 bytes,    1193352 total
[2024-02-18T11:30:21.302+0000][7][gc,age      ] GC(62) - age   4:     139096 bytes,    1332448 total
[2024-02-18T11:30:21.303+0000][7][gc,age      ] GC(62) - age   5:      11920 bytes,    1344368 total
[2024-02-18T11:30:21.303+0000][7][gc,age      ] GC(62) - age   6:      12104 bytes,    1356472 total
[2024-02-18T11:30:21.303+0000][7][gc,age      ] GC(62) - age   7:      57888 bytes,    1414360 total
[2024-02-18T11:30:21.303+0000][7][gc,age      ] GC(62) - age   8:      61600 bytes,    1475960 total
[2024-02-18T11:30:21.303+0000][7][gc,age      ] GC(62) - age   9:      18904 bytes,    1494864 total
[2024-02-18T11:30:21.303+0000][7][gc,age      ] GC(62) - age  10:      57952 bytes,    1552816 total
[2024-02-18T11:30:21.303+0000][7][gc,age      ] GC(62) - age  11:      25280 bytes,    1578096 total
[2024-02-18T11:30:21.303+0000][7][gc,age      ] GC(62) - age  12:      37296 bytes,    1615392 total
[2024-02-18T11:30:21.303+0000][7][gc,age      ] GC(62) - age  13:      24552 bytes,    1639944 total
[2024-02-18T11:30:21.304+0000][7][gc,age      ] GC(62) - age  14:      54472 bytes,    1694416 total
[2024-02-18T11:30:21.304+0000][7][gc,age      ] GC(62) - age  15:    4491888 bytes,    6186304 total
[2024-02-18T11:30:21.304+0000][7][gc,heap     ] GC(62) Eden regions: 74->0(74)
[2024-02-18T11:30:21.304+0000][7][gc,heap     ] GC(62) Survivor regions: 2->2(10)
[2024-02-18T11:30:21.304+0000][7][gc,heap     ] GC(62) Old regions: 31->31
[2024-02-18T11:30:21.304+0000][7][gc,heap     ] GC(62) Humongous regions: 2->2
[2024-02-18T11:30:21.304+0000][7][gc,metaspace] GC(62) Metaspace: 122396K(125440K)->122396K(125440K) NonClass: 106207K(107904K)->106207K(107904K) Class: 16189K(17536K)->16189K(17536K)
[2024-02-18T11:30:21.304+0000][7][gc          ] GC(62) Pause Young (Normal) (G1 Evacuation Pause) 433M->137M(512M) 9.513ms
[2024-02-18T11:30:21.304+0000][7][gc,cpu      ] GC(62) User=0.01s Sys=0.01s Real=0.01s
[2024-02-18T11:30:21.305+0000][7][safepoint   ] Safepoint "G1CollectForAllocation", Time since last: 6178911078 ns, Reaching safepoint: 16722 ns, Cleanup: 3637 ns, At safepoint: 9784034 ns, Total: 9804393 ns
[2024-02-18T11:30:30.129+0000][7][safepoint   ] Safepoint "Cleanup", Time since last: 8824279097 ns, Reaching safepoint: 41109 ns, Cleanup: 14618 ns, At safepoint: 3416 ns, Total: 59143 ns
[2024-02-18T11:30:31.131+0000][7][safepoint   ] Safepoint "Cleanup", Time since last: 1002344899 ns, Reaching safepoint: 23776 ns, Cleanup: 15830 ns, At safepoint: 4449 ns, Total: 44055 ns
[2024-02-18T11:30:34.132+0000][7][safepoint   ] Safepoint "Cleanup", Time since last: 3000546891 ns, Reaching safepoint: 16201 ns, Cleanup: 10110 ns, At safepoint: 2995 ns, Total: 29306 ns
[2024-02-18T11:30:55.134+0000][7][safepoint   ] Safepoint "Cleanup", Time since last: 21002140938 ns, Reaching safepoint: 16853 ns, Cleanup: 8175 ns, At safepoint: 2956 ns, Total: 27984 ns
[2024-02-18T11:31:09.136+0000][7][safepoint   ] Safepoint "Cleanup", Time since last: 14001601524 ns, Reaching safepoint: 19989 ns, Cleanup: 11652 ns, At safepoint: 3527 ns, Total: 35168 ns
[2024-02-18T11:31:22.117+0000][7][gc,start    ] GC(63) Pause Young (Normal) (G1 Evacuation Pause)
[2024-02-18T11:31:22.117+0000][7][gc,task     ] GC(63) Using 12 workers of 13 for evacuation
[2024-02-18T11:31:22.117+0000][7][gc,age      ] GC(63) Desired survivor size 20971520 bytes, new threshold 15 (max threshold 15)
[2024-02-18T11:31:22.123+0000][7][gc,phases   ] GC(63)   Pre Evacuate Collection Set: 0.2ms
[2024-02-18T11:31:22.123+0000][7][gc,phases   ] GC(63)   Merge Heap Roots: 0.1ms
[2024-02-18T11:31:22.123+0000][7][gc,phases   ] GC(63)   Evacuate Collection Set: 4.4ms
[2024-02-18T11:31:22.123+0000][7][gc,phases   ] GC(63)   Post Evacuate Collection Set: 0.6ms
[2024-02-18T11:31:22.123+0000][7][gc,phases   ] GC(63)   Other: 0.2ms
[2024-02-18T11:31:22.123+0000][7][gc,age      ] GC(63) Age table with threshold 15 (max threshold 15)
[2024-02-18T11:31:22.124+0000][7][gc,age      ] GC(63) - age   1:    1530144 bytes,    1530144 total
[2024-02-18T11:31:22.124+0000][7][gc,age      ] GC(63) - age   2:     214224 bytes,    1744368 total
[2024-02-18T11:31:22.124+0000][7][gc,age      ] GC(63) - age   3:      50136 bytes,    1794504 total
[2024-02-18T11:31:22.124+0000][7][gc,age      ] GC(63) - age   4:      10456 bytes,    1804960 total
[2024-02-18T11:31:22.124+0000][7][gc,age      ] GC(63) - age   5:     138840 bytes,    1943800 total
[2024-02-18T11:31:22.124+0000][7][gc,age      ] GC(63) - age   6:      11920 bytes,    1955720 total
[2024-02-18T11:31:22.124+0000][7][gc,age      ] GC(63) - age   7:      12104 bytes,    1967824 total
[2024-02-18T11:31:22.124+0000][7][gc,age      ] GC(63) - age   8:      57888 bytes,    2025712 total
[2024-02-18T11:31:22.124+0000][7][gc,age      ] GC(63) - age   9:      61600 bytes,    2087312 total
[2024-02-18T11:31:22.124+0000][7][gc,age      ] GC(63) - age  10:      18712 bytes,    2106024 total
[2024-02-18T11:31:22.124+0000][7][gc,age      ] GC(63) - age  11:      57856 bytes,    2163880 total
[2024-02-18T11:31:22.124+0000][7][gc,age      ] GC(63) - age  12:      25280 bytes,    2189160 total
[2024-02-18T11:31:22.125+0000][7][gc,age      ] GC(63) - age  13:      37296 bytes,    2226456 total
[2024-02-18T11:31:22.125+0000][7][gc,age      ] GC(63) - age  14:      24552 bytes,    2251008 total
[2024-02-18T11:31:22.125+0000][7][gc,age      ] GC(63) - age  15:      54440 bytes,    2305448 total
[2024-02-18T11:31:22.125+0000][7][gc,heap     ] GC(63) Eden regions: 74->0(75)
[2024-02-18T11:31:22.125+0000][7][gc,heap     ] GC(63) Survivor regions: 2->1(10)
[2024-02-18T11:31:22.125+0000][7][gc,heap     ] GC(63) Old regions: 31->32
[2024-02-18T11:31:22.125+0000][7][gc,heap     ] GC(63) Humongous regions: 2->2
[2024-02-18T11:31:22.125+0000][7][gc,metaspace] GC(63) Metaspace: 122407K(125440K)->122407K(125440K) NonClass: 106218K(107904K)->106218K(107904K) Class: 16189K(17536K)->16189K(17536K)
[2024-02-18T11:31:22.125+0000][7][gc          ] GC(63) Pause Young (Normal) (G1 Evacuation Pause) 433M->137M(512M) 8.102ms
[2024-02-18T11:31:22.125+0000][7][gc,cpu      ] GC(63) User=0.02s Sys=0.00s Real=0.00s
[2024-02-18T11:31:22.125+0000][7][safepoint   ] Safepoint "G1CollectForAllocation", Time since last: 12981218212 ns, Reaching safepoint: 16722 ns, Cleanup: 3346 ns, At safepoint: 8364670 ns, Total: 8384738 ns
[2024-02-18T11:31:31.150+0000][7][safepoint   ] Safepoint "Cleanup", Time since last: 9024647901 ns, Reaching safepoint: 48072 ns, Cleanup: 25810 ns, At safepoint: 9217 ns, Total: 83099 ns
[2024-02-18T11:31:41.152+0000][7][safepoint   ] Safepoint "Cleanup", Time since last: 10001514170 ns, Reaching safepoint: 17974 ns, Cleanup: 20329 ns, At safepoint: 3597 ns, Total: 41900 ns
[2024-02-18T11:31:49.153+0000][7][safepoint   ] Safepoint "Cleanup", Time since last: 8001007214 ns, Reaching safepoint: 22814 ns, Cleanup: 8736 ns, At safepoint: 2996 ns, Total: 34546 ns
[2024-02-18T11:31:50.153+0000][7][safepoint   ] Safepoint "Cleanup", Time since last: 1000355278 ns, Reaching safepoint: 17874 ns, Cleanup: 10681 ns, At safepoint: 3757 ns, Total: 32312 ns
[2024-02-18T11:31:51.154+0000][7][safepoint   ] Safepoint "Cleanup", Time since last: 1000391398 ns, Reaching safepoint: 19407 ns, Cleanup: 19738 ns, At safepoint: 2805 ns, Total: 41950 ns
[2024-02-18T11:31:56.154+0000][7][safepoint   ] Safepoint "Cleanup", Time since last: 5000775696 ns, Reaching safepoint: 29076 ns, Cleanup: 13756 ns, At safepoint: 3717 ns, Total: 46549 ns
[2024-02-18T11:31:58.155+0000][7][safepoint   ] Safepoint "Cleanup", Time since last: 2000895401 ns, Reaching safepoint: 37762 ns, Cleanup: 25930 ns, At safepoint: 5210 ns, Total: 68902 ns
[2024-02-18T11:32:13.158+0000][7][safepoint   ] Safepoint "Cleanup", Time since last: 15002325945 ns, Reaching safepoint: 16361 ns, Cleanup: 11001 ns, At safepoint: 2926 ns, Total: 30288 ns
[2024-02-18T11:32:14.158+0000][7][safepoint   ] Safepoint "Cleanup", Time since last: 1000429360 ns, Reaching safepoint: 27784 ns, Cleanup: 9348 ns, At safepoint: 3476 ns, Total: 40608 ns
[2024-02-18T11:32:16.159+0000][7][safepoint   ] Safepoint "Cleanup", Time since last: 2000489153 ns, Reaching safepoint: 19638 ns, Cleanup: 14447 ns, At safepoint: 3247 ns, Total: 37332 ns
[2024-02-18T11:32:21.334+0000][7][gc,start    ] GC(64) Pause Young (Normal) (G1 Evacuation Pause)
[2024-02-18T11:32:21.334+0000][7][gc,task     ] GC(64) Using 12 workers of 13 for evacuation
[2024-02-18T11:32:21.334+0000][7][gc,age      ] GC(64) Desired survivor size 20971520 bytes, new threshold 15 (max threshold 15)
[2024-02-18T11:32:21.339+0000][7][gc,phases   ] GC(64)   Pre Evacuate Collection Set: 0.2ms
[2024-02-18T11:32:21.340+0000][7][gc,phases   ] GC(64)   Merge Heap Roots: 0.1ms
[2024-02-18T11:32:21.340+0000][7][gc,phases   ] GC(64)   Evacuate Collection Set: 4.3ms
[2024-02-18T11:32:21.340+0000][7][gc,phases   ] GC(64)   Post Evacuate Collection Set: 0.6ms
[2024-02-18T11:32:21.340+0000][7][gc,phases   ] GC(64)   Other: 0.2ms
[2024-02-18T11:32:21.340+0000][7][gc,age      ] GC(64) Age table with threshold 15 (max threshold 15)
[2024-02-18T11:32:21.340+0000][7][gc,age      ] GC(64) - age   1:    1333264 bytes,    1333264 total
[2024-02-18T11:32:21.340+0000][7][gc,age      ] GC(64) - age   2:      93504 bytes,    1426768 total
[2024-02-18T11:32:21.340+0000][7][gc,age      ] GC(64) - age   3:     210728 bytes,    1637496 total
[2024-02-18T11:32:21.341+0000][7][gc,age      ] GC(64) - age   4:      46672 bytes,    1684168 total
[2024-02-18T11:32:21.341+0000][7][gc,age      ] GC(64) - age   5:      10392 bytes,    1694560 total
[2024-02-18T11:32:21.341+0000][7][gc,age      ] GC(64) - age   6:     137224 bytes,    1831784 total
[2024-02-18T11:32:21.341+0000][7][gc,age      ] GC(64) - age   7:      11856 bytes,    1843640 total
[2024-02-18T11:32:21.341+0000][7][gc,age      ] GC(64) - age   8:      12104 bytes,    1855744 total
[2024-02-18T11:32:21.341+0000][7][gc,age      ] GC(64) - age   9:      57888 bytes,    1913632 total
[2024-02-18T11:32:21.341+0000][7][gc,age      ] GC(64) - age  10:      61600 bytes,    1975232 total
[2024-02-18T11:32:21.341+0000][7][gc,age      ] GC(64) - age  11:      15840 bytes,    1991072 total
[2024-02-18T11:32:21.341+0000][7][gc,age      ] GC(64) - age  12:      56840 bytes,    2047912 total
[2024-02-18T11:32:21.341+0000][7][gc,age      ] GC(64) - age  13:      25280 bytes,    2073192 total
[2024-02-18T11:32:21.341+0000][7][gc,age      ] GC(64) - age  14:      37296 bytes,    2110488 total
[2024-02-18T11:32:21.342+0000][7][gc,age      ] GC(64) - age  15:      24552 bytes,    2135040 total
[2024-02-18T11:32:21.342+0000][7][gc,heap     ] GC(64) Eden regions: 75->0(75)
[2024-02-18T11:32:21.342+0000][7][gc,heap     ] GC(64) Survivor regions: 1->1(10)
[2024-02-18T11:32:21.342+0000][7][gc,heap     ] GC(64) Old regions: 32->32
[2024-02-18T11:32:21.342+0000][7][gc,heap     ] GC(64) Humongous regions: 2->2
[2024-02-18T11:32:21.342+0000][7][gc,metaspace] GC(64) Metaspace: 122416K(125440K)->122416K(125440K) NonClass: 106227K(107904K)->106227K(107904K) Class: 16189K(17536K)->16189K(17536K)
[2024-02-18T11:32:21.342+0000][7][gc          ] GC(64) Pause Young (Normal) (G1 Evacuation Pause) 437M->137M(512M) 8.257ms
[2024-02-18T11:32:21.342+0000][7][gc,cpu      ] GC(64) User=0.02s Sys=0.00s Real=0.01s
[2024-02-18T11:32:21.342+0000][7][safepoint   ] Safepoint "G1CollectForAllocation", Time since last: 5175279344 ns, Reaching safepoint: 17443 ns, Cleanup: 3637 ns, At safepoint: 8524877 ns, Total: 8545957 ns
[2024-02-18T11:32:31.172+0000][7][safepoint   ] Safepoint "Cleanup", Time since last: 9829893394 ns, Reaching safepoint: 15570 ns, Cleanup: 11301 ns, At safepoint: 2756 ns, Total: 29627 ns
[2024-02-18T11:32:32.173+0000][7][safepoint   ] Safepoint "Cleanup", Time since last: 1000247552 ns, Reaching safepoint: 17022 ns, Cleanup: 11182 ns, At safepoint: 2935 ns, Total: 31139 ns
[2024-02-18T11:32:38.174+0000][7][safepoint   ] Safepoint "Cleanup", Time since last: 6000869423 ns, Reaching safepoint: 21141 ns, Cleanup: 18615 ns, At safepoint: 3647 ns, Total: 43403 ns
[2024-02-18T11:32:51.176+0000][7][safepoint   ] Safepoint "Cleanup", Time since last: 13001946939 ns, Reaching safepoint: 17564 ns, Cleanup: 9909 ns, At safepoint: 3556 ns, Total: 31029 ns
[2024-02-18T11:32:52.176+0000][7][safepoint   ] Safepoint "Cleanup", Time since last: 1000528871 ns, Reaching safepoint: 35729 ns, Cleanup: 20629 ns, At safepoint: 4248 ns, Total: 60606 ns
[2024-02-18T11:33:16.179+0000][7][safepoint   ] Safepoint "Cleanup", Time since last: 24002445196 ns, Reaching safepoint: 108342 ns, Cleanup: 11713 ns, At safepoint: 25619 ns, Total: 145674 ns
[2024-02-18T11:33:22.395+0000][7][gc,start    ] GC(65) Pause Young (Normal) (G1 Evacuation Pause)
[2024-02-18T11:33:22.396+0000][7][gc,task     ] GC(65) Using 12 workers of 13 for evacuation
[2024-02-18T11:33:22.396+0000][7][gc,age      ] GC(65) Desired survivor size 20971520 bytes, new threshold 15 (max threshold 15)
[2024-02-18T11:33:22.401+0000][7][gc,phases   ] GC(65)   Pre Evacuate Collection Set: 0.3ms
[2024-02-18T11:33:22.401+0000][7][gc,phases   ] GC(65)   Merge Heap Roots: 0.1ms
[2024-02-18T11:33:22.401+0000][7][gc,phases   ] GC(65)   Evacuate Collection Set: 4.2ms
[2024-02-18T11:33:22.401+0000][7][gc,phases   ] GC(65)   Post Evacuate Collection Set: 0.6ms
[2024-02-18T11:33:22.402+0000][7][gc,phases   ] GC(65)   Other: 0.2ms
[2024-02-18T11:33:22.402+0000][7][gc,age      ] GC(65) Age table with threshold 15 (max threshold 15)
[2024-02-18T11:33:22.402+0000][7][gc,age      ] GC(65) - age   1:    1681088 bytes,    1681088 total
[2024-02-18T11:33:22.402+0000][7][gc,age      ] GC(65) - age   2:      94520 bytes,    1775608 total
[2024-02-18T11:33:22.402+0000][7][gc,age      ] GC(65) - age   3:      85880 bytes,    1861488 total
[2024-02-18T11:33:22.402+0000][7][gc,age      ] GC(65) - age   4:     206656 bytes,    2068144 total
[2024-02-18T11:33:22.402+0000][7][gc,age      ] GC(65) - age   5:      46096 bytes,    2114240 total
[2024-02-18T11:33:22.402+0000][7][gc,age      ] GC(65) - age   6:      10360 bytes,    2124600 total
[2024-02-18T11:33:22.402+0000][7][gc,age      ] GC(65) - age   7:     137224 bytes,    2261824 total
[2024-02-18T11:33:22.402+0000][7][gc,age      ] GC(65) - age   8:      11856 bytes,    2273680 total
[2024-02-18T11:33:22.402+0000][7][gc,age      ] GC(65) - age   9:      12104 bytes,    2285784 total
[2024-02-18T11:33:22.403+0000][7][gc,age      ] GC(65) - age  10:      57888 bytes,    2343672 total
[2024-02-18T11:33:22.403+0000][7][gc,age      ] GC(65) - age  11:      61600 bytes,    2405272 total
[2024-02-18T11:33:22.403+0000][7][gc,age      ] GC(65) - age  12:      15176 bytes,    2420448 total
[2024-02-18T11:33:22.403+0000][7][gc,age      ] GC(65) - age  13:      56520 bytes,    2476968 total
[2024-02-18T11:33:22.403+0000][7][gc,age      ] GC(65) - age  14:      25280 bytes,    2502248 total
[2024-02-18T11:33:22.403+0000][7][gc,age      ] GC(65) - age  15:      36112 bytes,    2538360 total
[2024-02-18T11:33:22.403+0000][7][gc,heap     ] GC(65) Eden regions: 75->0(75)
[2024-02-18T11:33:22.403+0000][7][gc,heap     ] GC(65) Survivor regions: 1->1(10)
[2024-02-18T11:33:22.403+0000][7][gc,heap     ] GC(65) Old regions: 32->32
[2024-02-18T11:33:22.403+0000][7][gc,heap     ] GC(65) Humongous regions: 2->2
[2024-02-18T11:33:22.403+0000][7][gc,metaspace] GC(65) Metaspace: 122468K(125504K)->122468K(125504K) NonClass: 106279K(107968K)->106279K(107968K) Class: 16189K(17536K)->16189K(17536K)
[2024-02-18T11:33:22.404+0000][7][gc          ] GC(65) Pause Young (Normal) (G1 Evacuation Pause) 437M->137M(512M) 8.191ms
[2024-02-18T11:33:22.404+0000][7][gc,cpu      ] GC(65) User=0.01s Sys=0.01s Real=0.01s
[2024-02-18T11:33:22.404+0000][7][safepoint   ] Safepoint "G1CollectForAllocation", Time since last: 6216510948 ns, Reaching safepoint: 16311 ns, Cleanup: 3607 ns, At safepoint: 8465489 ns, Total: 8485407 ns
[2024-02-18T11:33:26.194+0000][7][safepoint   ] Safepoint "Cleanup", Time since last: 3790252231 ns, Reaching safepoint: 18425 ns, Cleanup: 12163 ns, At safepoint: 3798 ns, Total: 34386 ns
[2024-02-18T11:33:33.195+0000][7][safepoint   ] Safepoint "Cleanup", Time since last: 7000868489 ns, Reaching safepoint: 32663 ns, Cleanup: 23314 ns, At safepoint: 4960 ns, Total: 60937 ns
[2024-02-18T11:33:38.196+0000][7][safepoint   ] Safepoint "Cleanup", Time since last: 5000869225 ns, Reaching safepoint: 18345 ns, Cleanup: 14989 ns, At safepoint: 4168 ns, Total: 37502 ns
[2024-02-18T11:33:42.197+0000][7][safepoint   ] Safepoint "Cleanup", Time since last: 4000713398 ns, Reaching safepoint: 17854 ns, Cleanup: 11703 ns, At safepoint: 3546 ns, Total: 33103 ns
[2024-02-18T11:33:51.071+0000][7][gc,start    ] GC(66) Pause Young (Concurrent Start) (CodeCache GC Threshold)
[2024-02-18T11:33:51.072+0000][7][gc,task     ] GC(66) Using 12 workers of 13 for evacuation
[2024-02-18T11:33:51.072+0000][7][gc,age      ] GC(66) Desired survivor size 20971520 bytes, new threshold 15 (max threshold 15)
[2024-02-18T11:33:51.077+0000][7][gc,phases   ] GC(66)   Pre Evacuate Collection Set: 0.2ms
[2024-02-18T11:33:51.077+0000][7][gc,phases   ] GC(66)   Merge Heap Roots: 0.1ms
[2024-02-18T11:33:51.077+0000][7][gc,phases   ] GC(66)   Evacuate Collection Set: 3.7ms
[2024-02-18T11:33:51.077+0000][7][gc,phases   ] GC(66)   Post Evacuate Collection Set: 0.5ms
[2024-02-18T11:33:51.077+0000][7][gc,phases   ] GC(66)   Other: 0.5ms
[2024-02-18T11:33:51.077+0000][7][gc,age      ] GC(66) Age table with threshold 15 (max threshold 15)
[2024-02-18T11:33:51.077+0000][7][gc,age      ] GC(66) - age   1:     655368 bytes,     655368 total
[2024-02-18T11:33:51.077+0000][7][gc,age      ] GC(66) - age   2:     168592 bytes,     823960 total
[2024-02-18T11:33:51.078+0000][7][gc,age      ] GC(66) - age   3:      92760 bytes,     916720 total
[2024-02-18T11:33:51.078+0000][7][gc,age      ] GC(66) - age   4:      85560 bytes,    1002280 total
[2024-02-18T11:33:51.078+0000][7][gc,age      ] GC(66) - age   5:     206592 bytes,    1208872 total
[2024-02-18T11:33:51.078+0000][7][gc,age      ] GC(66) - age   6:      45720 bytes,    1254592 total
[2024-02-18T11:33:51.078+0000][7][gc,age      ] GC(66) - age   7:      10360 bytes,    1264952 total
[2024-02-18T11:33:51.078+0000][7][gc,age      ] GC(66) - age   8:     137224 bytes,    1402176 total
[2024-02-18T11:33:51.078+0000][7][gc,age      ] GC(66) - age   9:      11856 bytes,    1414032 total
[2024-02-18T11:33:51.078+0000][7][gc,age      ] GC(66) - age  10:      12104 bytes,    1426136 total
[2024-02-18T11:33:51.078+0000][7][gc,age      ] GC(66) - age  11:      57888 bytes,    1484024 total
[2024-02-18T11:33:51.078+0000][7][gc,age      ] GC(66) - age  12:      61600 bytes,    1545624 total
[2024-02-18T11:33:51.079+0000][7][gc,age      ] GC(66) - age  13:      15176 bytes,    1560800 total
[2024-02-18T11:33:51.079+0000][7][gc,age      ] GC(66) - age  14:      56520 bytes,    1617320 total
[2024-02-18T11:33:51.079+0000][7][gc,age      ] GC(66) - age  15:      25280 bytes,    1642600 total
[2024-02-18T11:33:51.079+0000][7][gc,heap     ] GC(66) Eden regions: 29->0(75)
[2024-02-18T11:33:51.079+0000][7][gc,heap     ] GC(66) Survivor regions: 1->1(10)
[2024-02-18T11:33:51.079+0000][7][gc,heap     ] GC(66) Old regions: 32->32
[2024-02-18T11:33:51.079+0000][7][gc,heap     ] GC(66) Humongous regions: 2->2
[2024-02-18T11:33:51.079+0000][7][gc,metaspace] GC(66) Metaspace: 122489K(125504K)->122489K(125504K) NonClass: 106300K(107968K)->106300K(107968K) Class: 16189K(17536K)->16189K(17536K)
[2024-02-18T11:33:51.079+0000][7][gc          ] GC(66) Pause Young (Concurrent Start) (CodeCache GC Threshold) 250M->137M(512M) 8.158ms
[2024-02-18T11:33:51.080+0000][7][gc          ] GC(67) Concurrent Mark Cycle
[2024-02-18T11:33:51.080+0000][7][gc,marking  ] GC(67) Concurrent Scan Root Regions
[2024-02-18T11:33:51.080+0000][7][gc,cpu      ] GC(66) User=0.02s Sys=0.00s Real=0.01s
[2024-02-18T11:33:51.080+0000][7][safepoint   ] Safepoint "G1TryInitiateConcMark", Time since last: 8874551380 ns, Reaching safepoint: 16201 ns, Cleanup: 8266 ns, At safepoint: 8747915 ns, Total: 8772382 ns
[2024-02-18T11:33:51.081+0000][7][gc,marking  ] GC(67) Concurrent Scan Root Regions 1.323ms
[2024-02-18T11:33:51.081+0000][7][gc,marking  ] GC(67) Concurrent Mark
[2024-02-18T11:33:51.081+0000][7][gc,marking  ] GC(67) Concurrent Mark From Roots
[2024-02-18T11:33:51.081+0000][7][gc,task     ] GC(67) Using 3 workers of 3 for marking
[2024-02-18T11:33:51.117+0000][7][gc,marking  ] GC(67) Concurrent Mark From Roots 36.164ms
[2024-02-18T11:33:51.118+0000][7][gc,marking  ] GC(67) Concurrent Preclean
[2024-02-18T11:33:51.118+0000][7][gc,marking  ] GC(67) Concurrent Preclean 0.593ms
[2024-02-18T11:33:51.119+0000][7][gc,start    ] GC(67) Pause Remark
[2024-02-18T11:33:51.163+0000][7][gc          ] GC(67) Pause Remark 138M->138M(512M) 44.797ms
[2024-02-18T11:33:51.164+0000][7][gc,cpu      ] GC(67) User=0.15s Sys=0.00s Real=0.04s
[2024-02-18T11:33:51.164+0000][7][safepoint   ] Safepoint "G1PauseRemark", Time since last: 38519622 ns, Reaching safepoint: 17162 ns, Cleanup: 3397 ns, At safepoint: 45299658 ns, Total: 45320217 ns
[2024-02-18T11:33:51.164+0000][7][gc,marking  ] GC(67) Concurrent Mark 82.828ms
[2024-02-18T11:33:51.164+0000][7][gc,marking  ] GC(67) Concurrent Rebuild Remembered Sets and Scrub Regions
[2024-02-18T11:33:51.178+0000][7][gc,marking  ] GC(67) Concurrent Rebuild Remembered Sets and Scrub Regions 13.964ms
[2024-02-18T11:33:51.179+0000][7][gc,start    ] GC(67) Pause Cleanup
[2024-02-18T11:33:51.179+0000][7][gc          ] GC(67) Pause Cleanup 141M->141M(512M) 0.261ms
[2024-02-18T11:33:51.179+0000][7][gc,cpu      ] GC(67) User=0.00s Sys=0.00s Real=0.00s
[2024-02-18T11:33:51.179+0000][7][safepoint   ] Safepoint "G1PauseCleanup", Time since last: 14550213 ns, Reaching safepoint: 94466 ns, Cleanup: 48763 ns, At safepoint: 501380 ns, Total: 644609 ns
[2024-02-18T11:33:51.179+0000][7][gc,marking  ] GC(67) Concurrent Clear Claimed Marks
[2024-02-18T11:33:51.179+0000][7][gc,marking  ] GC(67) Concurrent Clear Claimed Marks 0.210ms
[2024-02-18T11:33:51.179+0000][7][gc,marking  ] GC(67) Concurrent Cleanup for Next Mark
[2024-02-18T11:33:51.180+0000][7][gc,marking  ] GC(67) Concurrent Cleanup for Next Mark 0.434ms
[2024-02-18T11:33:51.180+0000][7][gc          ] GC(67) Concurrent Mark Cycle 100.412ms
[2024-02-18T11:33:58.180+0000][7][safepoint   ] Safepoint "Cleanup", Time since last: 7000681081 ns, Reaching safepoint: 17924 ns, Cleanup: 11762 ns, At safepoint: 3818 ns, Total: 33504 ns
[2024-02-18T11:34:20.182+0000][7][safepoint   ] Safepoint "Cleanup", Time since last: 22002591194 ns, Reaching safepoint: 24056 ns, Cleanup: 15911 ns, At safepoint: 3947 ns, Total: 43914 ns
[2024-02-18T11:34:51.220+0000][7][safepoint   ] Safepoint "Cleanup", Time since last: 31037314822 ns, Reaching safepoint: 25650 ns, Cleanup: 14748 ns, At safepoint: 3647 ns, Total: 44045 ns
[2024-02-18T11:34:54.332+0000][7][gc,start    ] GC(68) Pause Young (Prepare Mixed) (G1 Evacuation Pause)
[2024-02-18T11:34:54.333+0000][7][gc,task     ] GC(68) Using 12 workers of 13 for evacuation
[2024-02-18T11:34:54.333+0000][7][gc,age      ] GC(68) Desired survivor size 20971520 bytes, new threshold 15 (max threshold 15)
[2024-02-18T11:34:54.338+0000][7][gc,phases   ] GC(68)   Pre Evacuate Collection Set: 0.2ms
[2024-02-18T11:34:54.338+0000][7][gc,phases   ] GC(68)   Merge Heap Roots: 0.1ms
[2024-02-18T11:34:54.338+0000][7][gc,phases   ] GC(68)   Evacuate Collection Set: 4.1ms
[2024-02-18T11:34:54.338+0000][7][gc,phases   ] GC(68)   Post Evacuate Collection Set: 0.5ms
[2024-02-18T11:34:54.338+0000][7][gc,phases   ] GC(68)   Other: 0.2ms
[2024-02-18T11:34:54.338+0000][7][gc,age      ] GC(68) Age table with threshold 15 (max threshold 15)
[2024-02-18T11:34:54.338+0000][7][gc,age      ] GC(68) - age   1:    1692512 bytes,    1692512 total
[2024-02-18T11:34:54.338+0000][7][gc,age      ] GC(68) - age   2:      41696 bytes,    1734208 total
[2024-02-18T11:34:54.339+0000][7][gc,age      ] GC(68) - age   3:      26632 bytes,    1760840 total
[2024-02-18T11:34:54.339+0000][7][gc,age      ] GC(68) - age   4:      86960 bytes,    1847800 total
[2024-02-18T11:34:54.339+0000][7][gc,age      ] GC(68) - age   5:      83984 bytes,    1931784 total
[2024-02-18T11:34:54.339+0000][7][gc,age      ] GC(68) - age   6:     203432 bytes,    2135216 total
[2024-02-18T11:34:54.339+0000][7][gc,age      ] GC(68) - age   7:      45688 bytes,    2180904 total
[2024-02-18T11:34:54.339+0000][7][gc,age      ] GC(68) - age   8:      10360 bytes,    2191264 total
[2024-02-18T11:34:54.339+0000][7][gc,age      ] GC(68) - age   9:     137224 bytes,    2328488 total
[2024-02-18T11:34:54.339+0000][7][gc,age      ] GC(68) - age  10:      11856 bytes,    2340344 total
[2024-02-18T11:34:54.339+0000][7][gc,age      ] GC(68) - age  11:      10664 bytes,    2351008 total
[2024-02-18T11:34:54.339+0000][7][gc,age      ] GC(68) - age  12:      56816 bytes,    2407824 total
[2024-02-18T11:34:54.339+0000][7][gc,age      ] GC(68) - age  13:      61488 bytes,    2469312 total
[2024-02-18T11:34:54.339+0000][7][gc,age      ] GC(68) - age  14:      15152 bytes,    2484464 total
[2024-02-18T11:34:54.339+0000][7][gc,age      ] GC(68) - age  15:      56520 bytes,    2540984 total
[2024-02-18T11:34:54.340+0000][7][gc,heap     ] GC(68) Eden regions: 75->0(75)
[2024-02-18T11:34:54.340+0000][7][gc,heap     ] GC(68) Survivor regions: 1->1(10)
[2024-02-18T11:34:54.340+0000][7][gc,heap     ] GC(68) Old regions: 32->32
[2024-02-18T11:34:54.340+0000][7][gc,heap     ] GC(68) Humongous regions: 2->2
[2024-02-18T11:34:54.340+0000][7][gc,metaspace] GC(68) Metaspace: 120550K(125504K)->120550K(125504K) NonClass: 104851K(107968K)->104851K(107968K) Class: 15699K(17536K)->15699K(17536K)
[2024-02-18T11:34:54.340+0000][7][gc          ] GC(68) Pause Young (Prepare Mixed) (G1 Evacuation Pause) 437M->138M(512M) 7.588ms
[2024-02-18T11:34:54.340+0000][7][gc,cpu      ] GC(68) User=0.01s Sys=0.02s Real=0.01s
[2024-02-18T11:34:54.340+0000][7][safepoint   ] Safepoint "G1CollectForAllocation", Time since last: 3112622852 ns, Reaching safepoint: 16722 ns, Cleanup: 3977 ns, At safepoint: 7931311 ns, Total: 7952010 ns
[2024-02-18T11:35:06.342+0000][7][safepoint   ] Safepoint "Cleanup", Time since last: 12001231445 ns, Reaching safepoint: 18295 ns, Cleanup: 11872 ns, At safepoint: 2926 ns, Total: 33093 ns
[2024-02-18T11:35:07.342+0000][7][safepoint   ] Safepoint "Cleanup", Time since last: 1000228405 ns, Reaching safepoint: 16742 ns, Cleanup: 10170 ns, At safepoint: 3176 ns, Total: 30088 ns
[2024-02-18T11:35:38.241+0000][7][safepoint   ] Safepoint "Cleanup", Time since last: 30899113098 ns, Reaching safepoint: 17604 ns, Cleanup: 15109 ns, At safepoint: 3427 ns, Total: 36140 ns
[2024-02-18T11:35:46.242+0000][7][safepoint   ] Safepoint "Cleanup", Time since last: 8000921067 ns, Reaching safepoint: 16882 ns, Cleanup: 11162 ns, At safepoint: 3607 ns, Total: 31651 ns
[2024-02-18T11:35:51.243+0000][7][safepoint   ] Safepoint "Cleanup", Time since last: 5000853395 ns, Reaching safepoint: 19398 ns, Cleanup: 10810 ns, At safepoint: 13917 ns, Total: 44125 ns
[2024-02-18T11:35:52.243+0000][7][safepoint   ] Safepoint "Cleanup", Time since last: 1000388592 ns, Reaching safepoint: 18976 ns, Cleanup: 12294 ns, At safepoint: 3476 ns, Total: 34746 ns
[2024-02-18T11:35:54.503+0000][7][gc,start    ] GC(69) Pause Young (Mixed) (G1 Evacuation Pause)
[2024-02-18T11:35:54.503+0000][7][gc,task     ] GC(69) Using 12 workers of 13 for evacuation
[2024-02-18T11:35:54.503+0000][7][gc,age      ] GC(69) Desired survivor size 20971520 bytes, new threshold 15 (max threshold 15)
[2024-02-18T11:35:54.512+0000][7][gc,phases   ] GC(69)   Pre Evacuate Collection Set: 0.3ms
[2024-02-18T11:35:54.512+0000][7][gc,phases   ] GC(69)   Merge Heap Roots: 0.1ms
[2024-02-18T11:35:54.512+0000][7][gc,phases   ] GC(69)   Evacuate Collection Set: 7.6ms
[2024-02-18T11:35:54.512+0000][7][gc,phases   ] GC(69)   Post Evacuate Collection Set: 0.7ms
[2024-02-18T11:35:54.512+0000][7][gc,phases   ] GC(69)   Other: 0.3ms
[2024-02-18T11:35:54.512+0000][7][gc,age      ] GC(69) Age table with threshold 15 (max threshold 15)
[2024-02-18T11:35:54.513+0000][7][gc,age      ] GC(69) - age   1:    1370232 bytes,    1370232 total
[2024-02-18T11:35:54.513+0000][7][gc,age      ] GC(69) - age   2:      25584 bytes,    1395816 total
[2024-02-18T11:35:54.513+0000][7][gc,age      ] GC(69) - age   3:      40552 bytes,    1436368 total
[2024-02-18T11:35:54.513+0000][7][gc,age      ] GC(69) - age   4:      13512 bytes,    1449880 total
[2024-02-18T11:35:54.513+0000][7][gc,age      ] GC(69) - age   5:      50896 bytes,    1500776 total
[2024-02-18T11:35:54.513+0000][7][gc,age      ] GC(69) - age   6:      39384 bytes,    1540160 total
[2024-02-18T11:35:54.513+0000][7][gc,age      ] GC(69) - age   7:     107136 bytes,    1647296 total
[2024-02-18T11:35:54.513+0000][7][gc,age      ] GC(69) - age   8:      44312 bytes,    1691608 total
[2024-02-18T11:35:54.513+0000][7][gc,age      ] GC(69) - age   9:      10360 bytes,    1701968 total
[2024-02-18T11:35:54.513+0000][7][gc,age      ] GC(69) - age  10:     137192 bytes,    1839160 total
[2024-02-18T11:35:54.513+0000][7][gc,age      ] GC(69) - age  11:      11856 bytes,    1851016 total
[2024-02-18T11:35:54.513+0000][7][gc,age      ] GC(69) - age  12:      10664 bytes,    1861680 total
[2024-02-18T11:35:54.514+0000][7][gc,age      ] GC(69) - age  13:      56816 bytes,    1918496 total
[2024-02-18T11:35:54.514+0000][7][gc,age      ] GC(69) - age  14:      61488 bytes,    1979984 total
[2024-02-18T11:35:54.514+0000][7][gc,age      ] GC(69) - age  15:      15152 bytes,    1995136 total
[2024-02-18T11:35:54.514+0000][7][gc,heap     ] GC(69) Eden regions: 75->0(75)
[2024-02-18T11:35:54.514+0000][7][gc,heap     ] GC(69) Survivor regions: 1->1(10)
[2024-02-18T11:35:54.514+0000][7][gc,heap     ] GC(69) Old regions: 32->32
[2024-02-18T11:35:54.514+0000][7][gc,heap     ] GC(69) Humongous regions: 2->2
[2024-02-18T11:35:54.514+0000][7][gc,metaspace] GC(69) Metaspace: 120555K(125504K)->120555K(125504K) NonClass: 104856K(107968K)->104856K(107968K) Class: 15699K(17536K)->15699K(17536K)
[2024-02-18T11:35:54.514+0000][7][gc          ] GC(69) Pause Young (Mixed) (G1 Evacuation Pause) 438M->136M(512M) 11.444ms
[2024-02-18T11:35:54.514+0000][7][gc,cpu      ] GC(69) User=0.02s Sys=0.02s Real=0.01s
[2024-02-18T11:35:54.515+0000][7][safepoint   ] Safepoint "G1CollectForAllocation", Time since last: 2259524857 ns, Reaching safepoint: 17213 ns, Cleanup: 11562 ns, At safepoint: 11729065 ns, Total: 11757840 ns
[2024-02-18T11:36:01.515+0000][7][safepoint   ] Safepoint "Cleanup", Time since last: 7000669116 ns, Reaching safepoint: 17363 ns, Cleanup: 18295 ns, At safepoint: 3427 ns, Total: 39085 ns
[2024-02-18T11:36:15.517+0000][7][safepoint   ] Safepoint "Cleanup", Time since last: 14001570560 ns, Reaching safepoint: 20750 ns, Cleanup: 10761 ns, At safepoint: 14127 ns, Total: 45638 ns
[2024-02-18T11:36:16.517+0000][7][safepoint   ] Safepoint "Cleanup", Time since last: 1000296617 ns, Reaching safepoint: 22022 ns, Cleanup: 11031 ns, At safepoint: 2795 ns, Total: 35848 ns
[2024-02-18T11:36:21.518+0000][7][safepoint   ] Safepoint "Cleanup", Time since last: 5000535596 ns, Reaching safepoint: 15811 ns, Cleanup: 12373 ns, At safepoint: 3317 ns, Total: 31501 ns
[2024-02-18T11:36:31.263+0000][7][safepoint   ] Safepoint "Cleanup", Time since last: 9745348813 ns, Reaching safepoint: 32423 ns, Cleanup: 9718 ns, At safepoint: 4399 ns, Total: 46540 ns
[2024-02-18T11:36:40.264+0000][7][safepoint   ] Safepoint "Cleanup", Time since last: 9000935413 ns, Reaching safepoint: 16542 ns, Cleanup: 11432 ns, At safepoint: 2545 ns, Total: 30519 ns
[2024-02-18T11:36:51.266+0000][7][safepoint   ] Safepoint "Cleanup", Time since last: 11001814863 ns, Reaching safepoint: 28815 ns, Cleanup: 25859 ns, At safepoint: 4699 ns, Total: 59373 ns
[2024-02-18T11:36:52.044+0000][7][gc,start    ] GC(70) Pause Young (Normal) (G1 Evacuation Pause)
[2024-02-18T11:36:52.044+0000][7][gc,task     ] GC(70) Using 12 workers of 13 for evacuation
[2024-02-18T11:36:52.044+0000][7][gc,age      ] GC(70) Desired survivor size 20971520 bytes, new threshold 15 (max threshold 15)
[2024-02-18T11:36:52.048+0000][7][gc,phases   ] GC(70)   Pre Evacuate Collection Set: 0.2ms
[2024-02-18T11:36:52.049+0000][7][gc,phases   ] GC(70)   Merge Heap Roots: 0.1ms
[2024-02-18T11:36:52.049+0000][7][gc,phases   ] GC(70)   Evacuate Collection Set: 3.4ms
[2024-02-18T11:36:52.049+0000][7][gc,phases   ] GC(70)   Post Evacuate Collection Set: 0.6ms
[2024-02-18T11:36:52.049+0000][7][gc,phases   ] GC(70)   Other: 0.2ms
[2024-02-18T11:36:52.049+0000][7][gc,age      ] GC(70) Age table with threshold 15 (max threshold 15)
[2024-02-18T11:36:52.049+0000][7][gc,age      ] GC(70) - age   1:    1790520 bytes,    1790520 total
[2024-02-18T11:36:52.049+0000][7][gc,age      ] GC(70) - age   2:     185104 bytes,    1975624 total
[2024-02-18T11:36:52.049+0000][7][gc,age      ] GC(70) - age   3:      18976 bytes,    1994600 total
[2024-02-18T11:36:52.049+0000][7][gc,age      ] GC(70) - age   4:      40032 bytes,    2034632 total
[2024-02-18T11:36:52.050+0000][7][gc,age      ] GC(70) - age   5:      13320 bytes,    2047952 total
[2024-02-18T11:36:52.050+0000][7][gc,age      ] GC(70) - age   6:      50640 bytes,    2098592 total
[2024-02-18T11:36:52.050+0000][7][gc,age      ] GC(70) - age   7:      39256 bytes,    2137848 total
[2024-02-18T11:36:52.050+0000][7][gc,age      ] GC(70) - age   8:     107008 bytes,    2244856 total
[2024-02-18T11:36:52.050+0000][7][gc,age      ] GC(70) - age   9:      44312 bytes,    2289168 total
[2024-02-18T11:36:52.050+0000][7][gc,age      ] GC(70) - age  10:      10360 bytes,    2299528 total
[2024-02-18T11:36:52.050+0000][7][gc,age      ] GC(70) - age  11:     137192 bytes,    2436720 total
[2024-02-18T11:36:52.050+0000][7][gc,age      ] GC(70) - age  12:      11856 bytes,    2448576 total
[2024-02-18T11:36:52.050+0000][7][gc,age      ] GC(70) - age  13:      10664 bytes,    2459240 total
[2024-02-18T11:36:52.050+0000][7][gc,age      ] GC(70) - age  14:      56816 bytes,    2516056 total
[2024-02-18T11:36:52.050+0000][7][gc,age      ] GC(70) - age  15:      61488 bytes,    2577544 total
[2024-02-18T11:36:52.050+0000][7][gc,heap     ] GC(70) Eden regions: 75->0(75)
[2024-02-18T11:36:52.050+0000][7][gc,heap     ] GC(70) Survivor regions: 1->1(10)
[2024-02-18T11:36:52.051+0000][7][gc,heap     ] GC(70) Old regions: 32->32
[2024-02-18T11:36:52.051+0000][7][gc,heap     ] GC(70) Humongous regions: 2->2
[2024-02-18T11:36:52.051+0000][7][gc,metaspace] GC(70) Metaspace: 120564K(125504K)->120564K(125504K) NonClass: 104865K(107968K)->104865K(107968K) Class: 15699K(17536K)->15699K(17536K)
[2024-02-18T11:36:52.051+0000][7][gc          ] GC(70) Pause Young (Normal) (G1 Evacuation Pause) 436M->137M(512M) 6.944ms
[2024-02-18T11:36:52.051+0000][7][gc,cpu      ] GC(70) User=0.00s Sys=0.01s Real=0.01s
[2024-02-18T11:36:52.051+0000][7][safepoint   ] Safepoint "G1CollectForAllocation", Time since last: 777774960 ns, Reaching safepoint: 18055 ns, Cleanup: 3657 ns, At safepoint: 7179521 ns, Total: 7201233 ns
[2024-02-18T11:37:00.052+0000][7][safepoint   ] Safepoint "Cleanup", Time since last: 8000899687 ns, Reaching safepoint: 18255 ns, Cleanup: 13075 ns, At safepoint: 3797 ns, Total: 35127 ns
[2024-02-18T11:37:54.437+0000][7][gc,start    ] GC(71) Pause Young (Concurrent Start) (G1 Evacuation Pause)
[2024-02-18T11:37:54.438+0000][7][gc,task     ] GC(71) Using 12 workers of 13 for evacuation
[2024-02-18T11:37:54.438+0000][7][gc,age      ] GC(71) Desired survivor size 20971520 bytes, new threshold 15 (max threshold 15)
[2024-02-18T11:37:54.442+0000][7][gc,phases   ] GC(71)   Pre Evacuate Collection Set: 0.2ms
[2024-02-18T11:37:54.442+0000][7][gc,phases   ] GC(71)   Merge Heap Roots: 0.1ms
[2024-02-18T11:37:54.442+0000][7][gc,phases   ] GC(71)   Evacuate Collection Set: 3.4ms
[2024-02-18T11:37:54.443+0000][7][gc,phases   ] GC(71)   Post Evacuate Collection Set: 0.6ms
[2024-02-18T11:37:54.443+0000][7][gc,phases   ] GC(71)   Other: 0.4ms
[2024-02-18T11:37:54.443+0000][7][gc,age      ] GC(71) Age table with threshold 15 (max threshold 15)
[2024-02-18T11:37:54.443+0000][7][gc,age      ] GC(71) - age   1:    1234664 bytes,    1234664 total
[2024-02-18T11:37:54.443+0000][7][gc,age      ] GC(71) - age   2:      78584 bytes,    1313248 total
[2024-02-18T11:37:54.443+0000][7][gc,age      ] GC(71) - age   3:     172288 bytes,    1485536 total
[2024-02-18T11:37:54.443+0000][7][gc,age      ] GC(71) - age   4:      10872 bytes,    1496408 total
[2024-02-18T11:37:54.443+0000][7][gc,age      ] GC(71) - age   5:      39720 bytes,    1536128 total
[2024-02-18T11:37:54.443+0000][7][gc,age      ] GC(71) - age   6:      13064 bytes,    1549192 total
[2024-02-18T11:37:54.443+0000][7][gc,age      ] GC(71) - age   7:      50528 bytes,    1599720 total
[2024-02-18T11:37:54.444+0000][7][gc,age      ] GC(71) - age   8:      39256 bytes,    1638976 total
[2024-02-18T11:37:54.444+0000][7][gc,age      ] GC(71) - age   9:     107008 bytes,    1745984 total
[2024-02-18T11:37:54.444+0000][7][gc,age      ] GC(71) - age  10:      44280 bytes,    1790264 total
[2024-02-18T11:37:54.444+0000][7][gc,age      ] GC(71) - age  11:      10360 bytes,    1800624 total
[2024-02-18T11:37:54.444+0000][7][gc,age      ] GC(71) - age  12:     137192 bytes,    1937816 total
[2024-02-18T11:37:54.444+0000][7][gc,age      ] GC(71) - age  13:      11536 bytes,    1949352 total
[2024-02-18T11:37:54.444+0000][7][gc,age      ] GC(71) - age  14:      10344 bytes,    1959696 total
[2024-02-18T11:37:54.444+0000][7][gc,age      ] GC(71) - age  15:      56816 bytes,    2016512 total
[2024-02-18T11:37:54.444+0000][7][gc,heap     ] GC(71) Eden regions: 75->0(75)
[2024-02-18T11:37:54.444+0000][7][gc,heap     ] GC(71) Survivor regions: 1->1(10)
[2024-02-18T11:37:54.445+0000][7][gc,heap     ] GC(71) Old regions: 32->32
[2024-02-18T11:37:54.445+0000][7][gc,heap     ] GC(71) Humongous regions: 2->2
[2024-02-18T11:37:54.445+0000][7][gc,metaspace] GC(71) Metaspace: 120566K(125504K)->120566K(125504K) NonClass: 104867K(107968K)->104867K(107968K) Class: 15699K(17536K)->15699K(17536K)
[2024-02-18T11:37:54.445+0000][7][gc          ] GC(71) Pause Young (Concurrent Start) (G1 Evacuation Pause) 437M->136M(512M) 7.645ms
[2024-02-18T11:37:54.445+0000][7][gc          ] GC(72) Concurrent Mark Cycle
[2024-02-18T11:37:54.445+0000][7][gc,marking  ] GC(72) Concurrent Scan Root Regions
[2024-02-18T11:37:54.445+0000][7][gc,cpu      ] GC(71) User=0.02s Sys=0.00s Real=0.00s
[2024-02-18T11:37:54.445+0000][7][safepoint   ] Safepoint "G1CollectForAllocation", Time since last: 54385397462 ns, Reaching safepoint: 13987 ns, Cleanup: 3166 ns, At safepoint: 8233534 ns, Total: 8250687 ns
[2024-02-18T11:37:54.446+0000][7][gc,marking  ] GC(72) Concurrent Scan Root Regions 1.248ms
[2024-02-18T11:37:54.447+0000][7][gc,marking  ] GC(72) Concurrent Mark
[2024-02-18T11:37:54.447+0000][7][gc,marking  ] GC(72) Concurrent Mark From Roots
[2024-02-18T11:37:54.447+0000][7][gc,task     ] GC(72) Using 3 workers of 3 for marking
[2024-02-18T11:37:54.488+0000][7][gc,marking  ] GC(72) Concurrent Mark From Roots 40.974ms
[2024-02-18T11:37:54.488+0000][7][gc,marking  ] GC(72) Concurrent Preclean
[2024-02-18T11:37:54.488+0000][7][gc,marking  ] GC(72) Concurrent Preclean 0.317ms
[2024-02-18T11:37:54.489+0000][7][gc,start    ] GC(72) Pause Remark
[2024-02-18T11:37:54.541+0000][7][gc          ] GC(72) Pause Remark 139M->139M(512M) 52.018ms
[2024-02-18T11:37:54.541+0000][7][gc,cpu      ] GC(72) User=0.09s Sys=0.00s Real=0.05s
[2024-02-18T11:37:54.541+0000][7][safepoint   ] Safepoint "G1PauseRemark", Time since last: 43054905 ns, Reaching safepoint: 14948 ns, Cleanup: 3106 ns, At safepoint: 52450459 ns, Total: 52468513 ns
[2024-02-18T11:37:54.541+0000][7][gc,marking  ] GC(72) Concurrent Mark 94.522ms
[2024-02-18T11:37:54.541+0000][7][gc,marking  ] GC(72) Concurrent Rebuild Remembered Sets and Scrub Regions
[2024-02-18T11:37:54.555+0000][7][gc,marking  ] GC(72) Concurrent Rebuild Remembered Sets and Scrub Regions 13.835ms
[2024-02-18T11:37:54.555+0000][7][gc,start    ] GC(72) Pause Cleanup
[2024-02-18T11:37:54.556+0000][7][gc          ] GC(72) Pause Cleanup 140M->140M(512M) 0.265ms
[2024-02-18T11:37:54.556+0000][7][gc,cpu      ] GC(72) User=0.00s Sys=0.00s Real=0.01s
[2024-02-18T11:37:54.556+0000][7][safepoint   ] Safepoint "G1PauseCleanup", Time since last: 14358721 ns, Reaching safepoint: 11492 ns, Cleanup: 49204 ns, At safepoint: 583287 ns, Total: 643983 ns
[2024-02-18T11:37:54.556+0000][7][gc,marking  ] GC(72) Concurrent Clear Claimed Marks
[2024-02-18T11:37:54.556+0000][7][gc,marking  ] GC(72) Concurrent Clear Claimed Marks 0.236ms
[2024-02-18T11:37:54.556+0000][7][gc,marking  ] GC(72) Concurrent Cleanup for Next Mark
[2024-02-18T11:37:54.557+0000][7][gc,marking  ] GC(72) Concurrent Cleanup for Next Mark 0.472ms
[2024-02-18T11:37:54.557+0000][7][gc          ] GC(72) Concurrent Mark Cycle 112.064ms
[2024-02-18T11:38:19.559+0000][7][safepoint   ] Safepoint "Cleanup", Time since last: 25002530537 ns, Reaching safepoint: 18515 ns, Cleanup: 12214 ns, At safepoint: 3086 ns, Total: 33815 ns
[2024-02-18T11:38:38.309+0000][7][safepoint   ] Safepoint "Cleanup", Time since last: 18750167550 ns, Reaching safepoint: 16992 ns, Cleanup: 12234 ns, At safepoint: 4118 ns, Total: 33344 ns
[2024-02-18T11:38:51.310+0000][7][safepoint   ] Safepoint "Cleanup", Time since last: 13001429376 ns, Reaching safepoint: 14868 ns, Cleanup: 7745 ns, At safepoint: 13406 ns, Total: 36019 ns
[2024-02-18T11:38:52.311+0000][7][safepoint   ] Safepoint "Cleanup", Time since last: 1000371605 ns, Reaching safepoint: 16282 ns, Cleanup: 11602 ns, At safepoint: 3005 ns, Total: 30889 ns
[2024-02-18T11:38:56.266+0000][7][gc,start    ] GC(73) Pause Young (Prepare Mixed) (G1 Evacuation Pause)
[2024-02-18T11:38:56.266+0000][7][gc,task     ] GC(73) Using 12 workers of 13 for evacuation
[2024-02-18T11:38:56.266+0000][7][gc,age      ] GC(73) Desired survivor size 20971520 bytes, new threshold 15 (max threshold 15)
[2024-02-18T11:38:56.270+0000][7][gc,phases   ] GC(73)   Pre Evacuate Collection Set: 0.3ms
[2024-02-18T11:38:56.270+0000][7][gc,phases   ] GC(73)   Merge Heap Roots: 0.2ms
[2024-02-18T11:38:56.270+0000][7][gc,phases   ] GC(73)   Evacuate Collection Set: 2.6ms
[2024-02-18T11:38:56.270+0000][7][gc,phases   ] GC(73)   Post Evacuate Collection Set: 0.6ms
[2024-02-18T11:38:56.271+0000][7][gc,phases   ] GC(73)   Other: 0.5ms
[2024-02-18T11:38:56.271+0000][7][gc,age      ] GC(73) Age table with threshold 15 (max threshold 15)
[2024-02-18T11:38:56.271+0000][7][gc,age      ] GC(73) - age   1:     633288 bytes,     633288 total
[2024-02-18T11:38:56.271+0000][7][gc,age      ] GC(73) - age   2:      42136 bytes,     675424 total
[2024-02-18T11:38:56.271+0000][7][gc,age      ] GC(73) - age   3:      74320 bytes,     749744 total
[2024-02-18T11:38:56.271+0000][7][gc,age      ] GC(73) - age   4:     170400 bytes,     920144 total
[2024-02-18T11:38:56.271+0000][7][gc,age      ] GC(73) - age   5:      10776 bytes,     930920 total
[2024-02-18T11:38:56.271+0000][7][gc,age      ] GC(73) - age   6:      39720 bytes,     970640 total
[2024-02-18T11:38:56.271+0000][7][gc,age      ] GC(73) - age   7:      12936 bytes,     983576 total
[2024-02-18T11:38:56.271+0000][7][gc,age      ] GC(73) - age   8:      50400 bytes,    1033976 total
[2024-02-18T11:38:56.272+0000][7][gc,age      ] GC(73) - age   9:      39256 bytes,    1073232 total
[2024-02-18T11:38:56.272+0000][7][gc,age      ] GC(73) - age  10:     107008 bytes,    1180240 total
[2024-02-18T11:38:56.272+0000][7][gc,age      ] GC(73) - age  11:      44280 bytes,    1224520 total
[2024-02-18T11:38:56.272+0000][7][gc,age      ] GC(73) - age  12:      10360 bytes,    1234880 total
[2024-02-18T11:38:56.272+0000][7][gc,age      ] GC(73) - age  13:     137192 bytes,    1372072 total
[2024-02-18T11:38:56.272+0000][7][gc,age      ] GC(73) - age  14:      11536 bytes,    1383608 total
[2024-02-18T11:38:56.272+0000][7][gc,age      ] GC(73) - age  15:      10344 bytes,    1393952 total
[2024-02-18T11:38:56.272+0000][7][gc,heap     ] GC(73) Eden regions: 75->0(75)
[2024-02-18T11:38:56.272+0000][7][gc,heap     ] GC(73) Survivor regions: 1->1(10)
[2024-02-18T11:38:56.272+0000][7][gc,heap     ] GC(73) Old regions: 32->32
[2024-02-18T11:38:56.273+0000][7][gc,heap     ] GC(73) Humongous regions: 2->2
[2024-02-18T11:38:56.273+0000][7][gc,metaspace] GC(73) Metaspace: 120568K(125504K)->120568K(125504K) NonClass: 104869K(107968K)->104869K(107968K) Class: 15699K(17536K)->15699K(17536K)
[2024-02-18T11:38:56.273+0000][7][gc          ] GC(73) Pause Young (Prepare Mixed) (G1 Evacuation Pause) 436M->136M(512M) 7.212ms
[2024-02-18T11:38:56.273+0000][7][gc,cpu      ] GC(73) User=0.01s Sys=0.01s Real=0.01s
[2024-02-18T11:38:56.273+0000][7][safepoint   ] Safepoint "G1CollectForAllocation", Time since last: 3954739248 ns, Reaching safepoint: 17042 ns, Cleanup: 3447 ns, At safepoint: 7501618 ns, Total: 7522107 ns
[2024-02-18T11:39:30.335+0000][7][safepoint   ] Safepoint "Cleanup", Time since last: 34059967749 ns, Reaching safepoint: 16221 ns, Cleanup: 9929 ns, At safepoint: 3697 ns, Total: 29847 ns
[2024-02-18T11:39:46.337+0000][7][safepoint   ] Safepoint "Cleanup", Time since last: 16001422172 ns, Reaching safepoint: 15029 ns, Cleanup: 9759 ns, At safepoint: 2525 ns, Total: 27313 ns
[2024-02-18T11:39:51.338+0000][7][safepoint   ] Safepoint "Cleanup", Time since last: 5000853224 ns, Reaching safepoint: 14538 ns, Cleanup: 10059 ns, At safepoint: 3407 ns, Total: 28004 ns
[2024-02-18T11:39:52.338+0000][7][safepoint   ] Safepoint "Cleanup", Time since last: 1000228445 ns, Reaching safepoint: 17854 ns, Cleanup: 15720 ns, At safepoint: 3718 ns, Total: 37292 ns
[2024-02-18T11:40:00.657+0000][7][gc,start    ] GC(74) Pause Young (Mixed) (G1 Evacuation Pause)
[2024-02-18T11:40:00.657+0000][7][gc,task     ] GC(74) Using 12 workers of 13 for evacuation
[2024-02-18T11:40:00.657+0000][7][gc,age      ] GC(74) Desired survivor size 20971520 bytes, new threshold 15 (max threshold 15)
[2024-02-18T11:40:00.664+0000][7][gc,phases   ] GC(74)   Pre Evacuate Collection Set: 0.2ms
[2024-02-18T11:40:00.664+0000][7][gc,phases   ] GC(74)   Merge Heap Roots: 0.1ms
[2024-02-18T11:40:00.664+0000][7][gc,phases   ] GC(74)   Evacuate Collection Set: 4.9ms
[2024-02-18T11:40:00.664+0000][7][gc,phases   ] GC(74)   Post Evacuate Collection Set: 0.7ms
[2024-02-18T11:40:00.664+0000][7][gc,phases   ] GC(74)   Other: 0.3ms
[2024-02-18T11:40:00.664+0000][7][gc,age      ] GC(74) Age table with threshold 15 (max threshold 15)
[2024-02-18T11:40:00.664+0000][7][gc,age      ] GC(74) - age   1:    1250832 bytes,    1250832 total
[2024-02-18T11:40:00.665+0000][7][gc,age      ] GC(74) - age   2:      39208 bytes,    1290040 total
[2024-02-18T11:40:00.665+0000][7][gc,age      ] GC(74) - age   3:      38048 bytes,    1328088 total
[2024-02-18T11:40:00.665+0000][7][gc,age      ] GC(74) - age   4:      73512 bytes,    1401600 total
[2024-02-18T11:40:00.665+0000][7][gc,age      ] GC(74) - age   5:     165768 bytes,    1567368 total
[2024-02-18T11:40:00.665+0000][7][gc,age      ] GC(74) - age   6:      10616 bytes,    1577984 total
[2024-02-18T11:40:00.665+0000][7][gc,age      ] GC(74) - age   7:      39720 bytes,    1617704 total
[2024-02-18T11:40:00.665+0000][7][gc,age      ] GC(74) - age   8:      12936 bytes,    1630640 total
[2024-02-18T11:40:00.665+0000][7][gc,age      ] GC(74) - age   9:      50400 bytes,    1681040 total
[2024-02-18T11:40:00.665+0000][7][gc,age      ] GC(74) - age  10:      39256 bytes,    1720296 total
[2024-02-18T11:40:00.666+0000][7][gc,age      ] GC(74) - age  11:     107008 bytes,    1827304 total
[2024-02-18T11:40:00.666+0000][7][gc,age      ] GC(74) - age  12:      44280 bytes,    1871584 total
[2024-02-18T11:40:00.666+0000][7][gc,age      ] GC(74) - age  13:      10360 bytes,    1881944 total
[2024-02-18T11:40:00.666+0000][7][gc,age      ] GC(74) - age  14:     137192 bytes,    2019136 total
[2024-02-18T11:40:00.666+0000][7][gc,age      ] GC(74) - age  15:      11536 bytes,    2030672 total
[2024-02-18T11:40:00.666+0000][7][gc,heap     ] GC(74) Eden regions: 75->0(75)
[2024-02-18T11:40:00.666+0000][7][gc,heap     ] GC(74) Survivor regions: 1->1(10)
[2024-02-18T11:40:00.666+0000][7][gc,heap     ] GC(74) Old regions: 32->32
[2024-02-18T11:40:00.666+0000][7][gc,heap     ] GC(74) Humongous regions: 2->2
[2024-02-18T11:40:00.666+0000][7][gc,metaspace] GC(74) Metaspace: 120577K(125504K)->120577K(125504K) NonClass: 104878K(107968K)->104878K(107968K) Class: 15699K(17536K)->15699K(17536K)
[2024-02-18T11:40:00.666+0000][7][gc          ] GC(74) Pause Young (Mixed) (G1 Evacuation Pause) 436M->135M(512M) 9.359ms
[2024-02-18T11:40:00.667+0000][7][gc,cpu      ] GC(74) User=0.02s Sys=0.00s Real=0.01s
[2024-02-18T11:40:00.667+0000][7][safepoint   ] Safepoint "G1CollectForAllocation", Time since last: 8321383256 ns, Reaching safepoint: 111378 ns, Cleanup: 4839 ns, At safepoint: 9692034 ns, Total: 9808251 ns
[2024-02-18T11:40:01.667+0000][7][safepoint   ] Safepoint "Cleanup", Time since last: 1000620456 ns, Reaching safepoint: 19167 ns, Cleanup: 16261 ns, At safepoint: 4168 ns, Total: 39596 ns
[2024-02-18T11:40:12.669+0000][7][safepoint   ] Safepoint "Cleanup", Time since last: 11001436034 ns, Reaching safepoint: 18616 ns, Cleanup: 13315 ns, At safepoint: 3557 ns, Total: 35488 ns
[2024-02-18T11:40:34.357+0000][7][safepoint   ] Safepoint "Cleanup", Time since last: 21688117199 ns, Reaching safepoint: 18886 ns, Cleanup: 14508 ns, At safepoint: 3827 ns, Total: 37221 ns
[2024-02-18T11:40:37.358+0000][7][safepoint   ] Safepoint "Cleanup", Time since last: 3000630512 ns, Reaching safepoint: 17684 ns, Cleanup: 15519 ns, At safepoint: 3707 ns, Total: 36910 ns
[2024-02-18T11:40:40.358+0000][7][safepoint   ] Safepoint "Cleanup", Time since last: 3000577210 ns, Reaching safepoint: 17764 ns, Cleanup: 14187 ns, At safepoint: 3447 ns, Total: 35398 ns
[2024-02-18T11:40:43.359+0000][7][safepoint   ] Safepoint "Cleanup", Time since last: 3000555007 ns, Reaching safepoint: 17644 ns, Cleanup: 13877 ns, At safepoint: 3296 ns, Total: 34817 ns
[2024-02-18T11:40:46.359+0000][7][safepoint   ] Safepoint "Cleanup", Time since last: 3000497416 ns, Reaching safepoint: 17834 ns, Cleanup: 14178 ns, At safepoint: 3877 ns, Total: 35889 ns
[2024-02-18T11:40:57.343+0000][7][gc,start    ] GC(75) Pause Young (Concurrent Start) (G1 Evacuation Pause)
[2024-02-18T11:40:57.343+0000][7][gc,task     ] GC(75) Using 12 workers of 13 for evacuation
[2024-02-18T11:40:57.343+0000][7][gc,age      ] GC(75) Desired survivor size 20971520 bytes, new threshold 15 (max threshold 15)
[2024-02-18T11:40:57.347+0000][7][gc,phases   ] GC(75)   Pre Evacuate Collection Set: 0.2ms
[2024-02-18T11:40:57.348+0000][7][gc,phases   ] GC(75)   Merge Heap Roots: 0.1ms
[2024-02-18T11:40:57.348+0000][7][gc,phases   ] GC(75)   Evacuate Collection Set: 3.2ms
[2024-02-18T11:40:57.348+0000][7][gc,phases   ] GC(75)   Post Evacuate Collection Set: 0.6ms
[2024-02-18T11:40:57.348+0000][7][gc,phases   ] GC(75)   Other: 0.3ms
[2024-02-18T11:40:57.348+0000][7][gc,age      ] GC(75) Age table with threshold 15 (max threshold 15)
[2024-02-18T11:40:57.348+0000][7][gc,age      ] GC(75) - age   1:    1169768 bytes,    1169768 total
[2024-02-18T11:40:57.348+0000][7][gc,age      ] GC(75) - age   2:      23120 bytes,    1192888 total
[2024-02-18T11:40:57.348+0000][7][gc,age      ] GC(75) - age   3:      34136 bytes,    1227024 total
[2024-02-18T11:40:57.348+0000][7][gc,age      ] GC(75) - age   4:      24136 bytes,    1251160 total
[2024-02-18T11:40:57.348+0000][7][gc,age      ] GC(75) - age   5:      73448 bytes,    1324608 total
[2024-02-18T11:40:57.349+0000][7][gc,age      ] GC(75) - age   6:     164104 bytes,    1488712 total
[2024-02-18T11:40:57.349+0000][7][gc,age      ] GC(75) - age   7:      10552 bytes,    1499264 total
[2024-02-18T11:40:57.349+0000][7][gc,age      ] GC(75) - age   8:      15136 bytes,    1514400 total
[2024-02-18T11:40:57.349+0000][7][gc,age      ] GC(75) - age   9:      12936 bytes,    1527336 total
[2024-02-18T11:40:57.349+0000][7][gc,age      ] GC(75) - age  10:      50400 bytes,    1577736 total
[2024-02-18T11:40:57.349+0000][7][gc,age      ] GC(75) - age  11:      39256 bytes,    1616992 total
[2024-02-18T11:40:57.349+0000][7][gc,age      ] GC(75) - age  12:     107008 bytes,    1724000 total
[2024-02-18T11:40:57.349+0000][7][gc,age      ] GC(75) - age  13:      44280 bytes,    1768280 total
[2024-02-18T11:40:57.349+0000][7][gc,age      ] GC(75) - age  14:      10360 bytes,    1778640 total
[2024-02-18T11:40:57.349+0000][7][gc,age      ] GC(75) - age  15:     137192 bytes,    1915832 total
[2024-02-18T11:40:57.349+0000][7][gc,heap     ] GC(75) Eden regions: 75->0(75)
[2024-02-18T11:40:57.350+0000][7][gc,heap     ] GC(75) Survivor regions: 1->1(10)
[2024-02-18T11:40:57.350+0000][7][gc,heap     ] GC(75) Old regions: 32->32
[2024-02-18T11:40:57.350+0000][7][gc,heap     ] GC(75) Humongous regions: 2->2
[2024-02-18T11:40:57.350+0000][7][gc,metaspace] GC(75) Metaspace: 120598K(125504K)->120598K(125504K) NonClass: 104897K(107968K)->104897K(107968K) Class: 15700K(17536K)->15700K(17536K)
[2024-02-18T11:40:57.350+0000][7][gc          ] GC(75) Pause Young (Concurrent Start) (G1 Evacuation Pause) 435M->136M(512M) 7.048ms
[2024-02-18T11:40:57.350+0000][7][gc          ] GC(76) Concurrent Mark Cycle
[2024-02-18T11:40:57.350+0000][7][gc,cpu      ] GC(75) User=0.01s Sys=0.02s Real=0.01s
[2024-02-18T11:40:57.350+0000][7][gc,marking  ] GC(76) Concurrent Scan Root Regions
[2024-02-18T11:40:57.350+0000][7][safepoint   ] Safepoint "G1CollectForAllocation", Time since last: 10983459878 ns, Reaching safepoint: 15630 ns, Cleanup: 3898 ns, At safepoint: 7490485 ns, Total: 7510013 ns
[2024-02-18T11:40:57.352+0000][7][gc,marking  ] GC(76) Concurrent Scan Root Regions 1.337ms
[2024-02-18T11:40:57.352+0000][7][gc,marking  ] GC(76) Concurrent Mark
[2024-02-18T11:40:57.352+0000][7][gc,marking  ] GC(76) Concurrent Mark From Roots
[2024-02-18T11:40:57.352+0000][7][gc,task     ] GC(76) Using 3 workers of 3 for marking
[2024-02-18T11:40:57.395+0000][7][gc,marking  ] GC(76) Concurrent Mark From Roots 42.981ms
[2024-02-18T11:40:57.395+0000][7][gc,marking  ] GC(76) Concurrent Preclean
[2024-02-18T11:40:57.395+0000][7][gc,marking  ] GC(76) Concurrent Preclean 0.274ms
[2024-02-18T11:40:57.395+0000][7][gc,start    ] GC(76) Pause Remark
[2024-02-18T11:40:57.404+0000][7][gc          ] GC(76) Pause Remark 139M->139M(512M) 8.441ms
[2024-02-18T11:40:57.404+0000][7][gc,cpu      ] GC(76) User=0.03s Sys=0.01s Real=0.01s
[2024-02-18T11:40:57.404+0000][7][safepoint   ] Safepoint "G1PauseRemark", Time since last: 44994980 ns, Reaching safepoint: 15580 ns, Cleanup: 2826 ns, At safepoint: 8941395 ns, Total: 8959801 ns
[2024-02-18T11:40:57.404+0000][7][gc,marking  ] GC(76) Concurrent Mark 52.782ms
[2024-02-18T11:40:57.405+0000][7][gc,marking  ] GC(76) Concurrent Rebuild Remembered Sets and Scrub Regions
[2024-02-18T11:40:57.421+0000][7][gc,marking  ] GC(76) Concurrent Rebuild Remembered Sets and Scrub Regions 16.020ms
[2024-02-18T11:40:57.421+0000][7][gc,start    ] GC(76) Pause Cleanup
[2024-02-18T11:40:57.421+0000][7][gc          ] GC(76) Pause Cleanup 139M->139M(512M) 0.311ms
[2024-02-18T11:40:57.421+0000][7][gc,cpu      ] GC(76) User=0.00s Sys=0.00s Real=0.00s
[2024-02-18T11:40:57.421+0000][7][safepoint   ] Safepoint "G1PauseCleanup", Time since last: 16491767 ns, Reaching safepoint: 12805 ns, Cleanup: 4709 ns, At safepoint: 626329 ns, Total: 643843 ns
[2024-02-18T11:40:57.422+0000][7][gc,marking  ] GC(76) Concurrent Clear Claimed Marks
[2024-02-18T11:40:57.422+0000][7][gc,marking  ] GC(76) Concurrent Clear Claimed Marks 0.268ms
[2024-02-18T11:40:57.422+0000][7][gc,marking  ] GC(76) Concurrent Cleanup for Next Mark
[2024-02-18T11:40:57.423+0000][7][gc,marking  ] GC(76) Concurrent Cleanup for Next Mark 0.568ms
[2024-02-18T11:40:57.423+0000][7][gc          ] GC(76) Concurrent Mark Cycle 72.608ms
[2024-02-18T11:41:01.422+0000][7][safepoint   ] Safepoint "Cleanup", Time since last: 4000815464 ns, Reaching safepoint: 17574 ns, Cleanup: 12193 ns, At safepoint: 3487 ns, Total: 33254 ns
[2024-02-18T11:41:03.423+0000][7][safepoint   ] Safepoint "Cleanup", Time since last: 2000491567 ns, Reaching safepoint: 32793 ns, Cleanup: 8837 ns, At safepoint: 3046 ns, Total: 44676 ns
[2024-02-18T11:41:11.424+0000][7][safepoint   ] Safepoint "Cleanup", Time since last: 8000881312 ns, Reaching safepoint: 18135 ns, Cleanup: 13175 ns, At safepoint: 3807 ns, Total: 35117 ns
[2024-02-18T11:41:15.425+0000][7][safepoint   ] Safepoint "Cleanup", Time since last: 4000648725 ns, Reaching safepoint: 99029 ns, Cleanup: 9789 ns, At safepoint: 13015 ns, Total: 121833 ns
[2024-02-18T11:41:22.425+0000][7][safepoint   ] Safepoint "Cleanup", Time since last: 7000726817 ns, Reaching safepoint: 18195 ns, Cleanup: 27463 ns, At safepoint: 3777 ns, Total: 49435 ns
[2024-02-18T11:41:27.381+0000][7][safepoint   ] Safepoint "Cleanup", Time since last: 4955922169 ns, Reaching safepoint: 16652 ns, Cleanup: 9508 ns, At safepoint: 2845 ns, Total: 29005 ns
[2024-02-18T11:41:31.382+0000][7][safepoint   ] Safepoint "Cleanup", Time since last: 4000654906 ns, Reaching safepoint: 21802 ns, Cleanup: 16000 ns, At safepoint: 3858 ns, Total: 41660 ns
[2024-02-18T11:41:43.383+0000][7][safepoint   ] Safepoint "Cleanup", Time since last: 12001376462 ns, Reaching safepoint: 15249 ns, Cleanup: 15059 ns, At safepoint: 3286 ns, Total: 33594 ns
[2024-02-18T11:41:46.384+0000][7][safepoint   ] Safepoint "Cleanup", Time since last: 3000554918 ns, Reaching safepoint: 17193 ns, Cleanup: 13155 ns, At safepoint: 3036 ns, Total: 33384 ns
[2024-02-18T11:41:51.385+0000][7][safepoint   ] Safepoint "Cleanup", Time since last: 5001009593 ns, Reaching safepoint: 248001 ns, Cleanup: 17213 ns, At safepoint: 24937 ns, Total: 290151 ns
[2024-02-18T11:41:54.386+0000][7][safepoint   ] Safepoint "Cleanup", Time since last: 3000445082 ns, Reaching safepoint: 15930 ns, Cleanup: 12174 ns, At safepoint: 12614 ns, Total: 40718 ns
[2024-02-18T11:41:54.829+0000][7][gc,start    ] GC(77) Pause Young (Prepare Mixed) (G1 Evacuation Pause)
[2024-02-18T11:41:54.830+0000][7][gc,task     ] GC(77) Using 12 workers of 13 for evacuation
[2024-02-18T11:41:54.830+0000][7][gc,age      ] GC(77) Desired survivor size 20971520 bytes, new threshold 15 (max threshold 15)
[2024-02-18T11:41:54.834+0000][7][gc,phases   ] GC(77)   Pre Evacuate Collection Set: 0.2ms
[2024-02-18T11:41:54.834+0000][7][gc,phases   ] GC(77)   Merge Heap Roots: 0.1ms
[2024-02-18T11:41:54.834+0000][7][gc,phases   ] GC(77)   Evacuate Collection Set: 2.9ms
[2024-02-18T11:41:54.834+0000][7][gc,phases   ] GC(77)   Post Evacuate Collection Set: 0.6ms
[2024-02-18T11:41:54.834+0000][7][gc,phases   ] GC(77)   Other: 0.4ms
[2024-02-18T11:41:54.834+0000][7][gc,age      ] GC(77) Age table with threshold 15 (max threshold 15)
[2024-02-18T11:41:54.834+0000][7][gc,age      ] GC(77) - age   1:    1968544 bytes,    1968544 total
[2024-02-18T11:41:54.835+0000][7][gc,age      ] GC(77) - age   2:      32008 bytes,    2000552 total
[2024-02-18T11:41:54.835+0000][7][gc,age      ] GC(77) - age   3:      18064 bytes,    2018616 total
[2024-02-18T11:41:54.835+0000][7][gc,age      ] GC(77) - age   4:      32120 bytes,    2050736 total
[2024-02-18T11:41:54.835+0000][7][gc,age      ] GC(77) - age   5:      20680 bytes,    2071416 total
[2024-02-18T11:41:54.835+0000][7][gc,age      ] GC(77) - age   6:      68424 bytes,    2139840 total
[2024-02-18T11:41:54.835+0000][7][gc,age      ] GC(77) - age   7:     162392 bytes,    2302232 total
[2024-02-18T11:41:54.835+0000][7][gc,age      ] GC(77) - age   8:       8952 bytes,    2311184 total
[2024-02-18T11:41:54.835+0000][7][gc,age      ] GC(77) - age   9:      15136 bytes,    2326320 total
[2024-02-18T11:41:54.835+0000][7][gc,age      ] GC(77) - age  10:      11272 bytes,    2337592 total
[2024-02-18T11:41:54.836+0000][7][gc,age      ] GC(77) - age  11:      45904 bytes,    2383496 total
[2024-02-18T11:41:54.836+0000][7][gc,age      ] GC(77) - age  12:      37656 bytes,    2421152 total
[2024-02-18T11:41:54.836+0000][7][gc,age      ] GC(77) - age  13:     105408 bytes,    2526560 total
[2024-02-18T11:41:54.836+0000][7][gc,age      ] GC(77) - age  14:      43064 bytes,    2569624 total
[2024-02-18T11:41:54.836+0000][7][gc,age      ] GC(77) - age  15:      10360 bytes,    2579984 total
[2024-02-18T11:41:54.836+0000][7][gc,heap     ] GC(77) Eden regions: 75->0(75)
[2024-02-18T11:41:54.836+0000][7][gc,heap     ] GC(77) Survivor regions: 1->1(10)
[2024-02-18T11:41:54.837+0000][7][gc,heap     ] GC(77) Old regions: 32->32
[2024-02-18T11:41:54.837+0000][7][gc,heap     ] GC(77) Humongous regions: 2->2
[2024-02-18T11:41:54.837+0000][7][gc,metaspace] GC(77) Metaspace: 120605K(125504K)->120605K(125504K) NonClass: 104904K(107968K)->104904K(107968K) Class: 15700K(17536K)->15700K(17536K)
[2024-02-18T11:41:54.837+0000][7][gc          ] GC(77) Pause Young (Prepare Mixed) (G1 Evacuation Pause) 436M->136M(512M) 7.548ms
[2024-02-18T11:41:54.837+0000][7][gc,cpu      ] GC(77) User=0.02s Sys=0.01s Real=0.01s
[2024-02-18T11:41:54.837+0000][7][safepoint   ] Safepoint "G1CollectForAllocation", Time since last: 443478302 ns, Reaching safepoint: 24858 ns, Cleanup: 21541 ns, At safepoint: 7918761 ns, Total: 7965160 ns
[2024-02-18T11:41:55.837+0000][7][safepoint   ] Safepoint "Cleanup", Time since last: 1000230575 ns, Reaching safepoint: 19287 ns, Cleanup: 34426 ns, At safepoint: 3758 ns, Total: 57471 ns
[2024-02-18T11:42:06.839+0000][7][safepoint   ] Safepoint "Cleanup", Time since last: 11001208132 ns, Reaching safepoint: 58392 ns, Cleanup: 16341 ns, At safepoint: 5039 ns, Total: 79772 ns
[2024-02-18T11:42:09.839+0000][7][safepoint   ] Safepoint "Cleanup", Time since last: 3000483024 ns, Reaching safepoint: 18626 ns, Cleanup: 13295 ns, At safepoint: 3617 ns, Total: 35538 ns
[2024-02-18T11:42:31.404+0000][7][safepoint   ] Safepoint "Cleanup", Time since last: 21565080286 ns, Reaching safepoint: 18917 ns, Cleanup: 13696 ns, At safepoint: 3266 ns, Total: 35879 ns
[2024-02-18T11:42:33.317+0000][7][gc,start    ] GC(78) Pause Young (Mixed) (G1 Evacuation Pause)
[2024-02-18T11:42:33.317+0000][7][gc,task     ] GC(78) Using 12 workers of 13 for evacuation
[2024-02-18T11:42:33.317+0000][7][gc,age      ] GC(78) Desired survivor size 20971520 bytes, new threshold 15 (max threshold 15)
[2024-02-18T11:42:33.325+0000][7][gc,phases   ] GC(78)   Pre Evacuate Collection Set: 0.2ms
[2024-02-18T11:42:33.325+0000][7][gc,phases   ] GC(78)   Merge Heap Roots: 0.1ms
[2024-02-18T11:42:33.325+0000][7][gc,phases   ] GC(78)   Evacuate Collection Set: 6.3ms
[2024-02-18T11:42:33.325+0000][7][gc,phases   ] GC(78)   Post Evacuate Collection Set: 0.7ms
[2024-02-18T11:42:33.325+0000][7][gc,phases   ] GC(78)   Other: 0.4ms
[2024-02-18T11:42:33.325+0000][7][gc,age      ] GC(78) Age table with threshold 15 (max threshold 15)
[2024-02-18T11:42:33.326+0000][7][gc,age      ] GC(78) - age   1:    1107616 bytes,    1107616 total
[2024-02-18T11:42:33.326+0000][7][gc,age      ] GC(78) - age   2:     253840 bytes,    1361456 total
[2024-02-18T11:42:33.326+0000][7][gc,age      ] GC(78) - age   3:      28168 bytes,    1389624 total
[2024-02-18T11:42:33.326+0000][7][gc,age      ] GC(78) - age   4:      12992 bytes,    1402616 total
[2024-02-18T11:42:33.326+0000][7][gc,age      ] GC(78) - age   5:      32040 bytes,    1434656 total
[2024-02-18T11:42:33.326+0000][7][gc,age      ] GC(78) - age   6:      11432 bytes,    1446088 total
[2024-02-18T11:42:33.326+0000][7][gc,age      ] GC(78) - age   7:      23760 bytes,    1469848 total
[2024-02-18T11:42:33.327+0000][7][gc,age      ] GC(78) - age   8:      46600 bytes,    1516448 total
[2024-02-18T11:42:33.327+0000][7][gc,age      ] GC(78) - age   9:       8920 bytes,    1525368 total
[2024-02-18T11:42:33.327+0000][7][gc,age      ] GC(78) - age  10:      15136 bytes,    1540504 total
[2024-02-18T11:42:33.327+0000][7][gc,age      ] GC(78) - age  11:      11272 bytes,    1551776 total
[2024-02-18T11:42:33.327+0000][7][gc,age      ] GC(78) - age  12:      45904 bytes,    1597680 total
[2024-02-18T11:42:33.327+0000][7][gc,age      ] GC(78) - age  13:      37656 bytes,    1635336 total
[2024-02-18T11:42:33.327+0000][7][gc,age      ] GC(78) - age  14:      30400 bytes,    1665736 total
[2024-02-18T11:42:33.327+0000][7][gc,age      ] GC(78) - age  15:      43064 bytes,    1708800 total
[2024-02-18T11:42:33.327+0000][7][gc,heap     ] GC(78) Eden regions: 75->0(75)
[2024-02-18T11:42:33.328+0000][7][gc,heap     ] GC(78) Survivor regions: 1->1(10)
[2024-02-18T11:42:33.328+0000][7][gc,heap     ] GC(78) Old regions: 32->32
[2024-02-18T11:42:33.328+0000][7][gc,heap     ] GC(78) Humongous regions: 2->2
[2024-02-18T11:42:33.328+0000][7][gc,metaspace] GC(78) Metaspace: 120610K(125504K)->120610K(125504K) NonClass: 104910K(107968K)->104910K(107968K) Class: 15700K(17536K)->15700K(17536K)
[2024-02-18T11:42:33.328+0000][7][gc          ] GC(78) Pause Young (Mixed) (G1 Evacuation Pause) 436M->135M(512M) 11.166ms
[2024-02-18T11:42:33.328+0000][7][gc,cpu      ] GC(78) User=0.02s Sys=0.00s Real=0.01s
[2024-02-18T11:42:33.328+0000][7][safepoint   ] Safepoint "G1CollectForAllocation", Time since last: 1912348511 ns, Reaching safepoint: 15370 ns, Cleanup: 3516 ns, At safepoint: 11511343 ns, Total: 11530229 ns
[2024-02-18T11:42:34.329+0000][7][safepoint   ] Safepoint "Cleanup", Time since last: 1000223611 ns, Reaching safepoint: 29707 ns, Cleanup: 13166 ns, At safepoint: 3196 ns, Total: 46069 ns
[2024-02-18T11:42:42.330+0000][7][safepoint   ] Safepoint "Cleanup", Time since last: 8000840319 ns, Reaching safepoint: 104264 ns, Cleanup: 10741 ns, At safepoint: 21020 ns, Total: 136025 ns
[2024-02-18T11:42:45.330+0000][7][safepoint   ] Safepoint "Cleanup", Time since last: 3000468356 ns, Reaching safepoint: 17143 ns, Cleanup: 6863 ns, At safepoint: 3196 ns, Total: 27202 ns
[2024-02-18T11:42:51.331+0000][7][safepoint   ] Safepoint "Cleanup", Time since last: 6000692189 ns, Reaching safepoint: 18545 ns, Cleanup: 17604 ns, At safepoint: 12524 ns, Total: 48673 ns
[2024-02-18T11:43:05.332+0000][7][safepoint   ] Safepoint "Cleanup", Time since last: 14001261808 ns, Reaching safepoint: 20529 ns, Cleanup: 17985 ns, At safepoint: 3797 ns, Total: 42311 ns
[2024-02-18T11:43:33.427+0000][7][safepoint   ] Safepoint "Cleanup", Time since last: 28094456933 ns, Reaching safepoint: 18065 ns, Cleanup: 12584 ns, At safepoint: 3597 ns, Total: 34246 ns
[2024-02-18T11:43:33.526+0000][7][gc,start    ] GC(79) Pause Young (Concurrent Start) (G1 Evacuation Pause)
[2024-02-18T11:43:33.526+0000][7][gc,task     ] GC(79) Using 12 workers of 13 for evacuation
[2024-02-18T11:43:33.526+0000][7][gc,age      ] GC(79) Desired survivor size 20971520 bytes, new threshold 15 (max threshold 15)
[2024-02-18T11:43:33.530+0000][7][gc,phases   ] GC(79)   Pre Evacuate Collection Set: 0.2ms
[2024-02-18T11:43:33.530+0000][7][gc,phases   ] GC(79)   Merge Heap Roots: 0.1ms
[2024-02-18T11:43:33.530+0000][7][gc,phases   ] GC(79)   Evacuate Collection Set: 2.8ms
[2024-02-18T11:43:33.530+0000][7][gc,phases   ] GC(79)   Post Evacuate Collection Set: 0.6ms
[2024-02-18T11:43:33.531+0000][7][gc,phases   ] GC(79)   Other: 0.3ms
[2024-02-18T11:43:33.531+0000][7][gc,age      ] GC(79) Age table with threshold 15 (max threshold 15)
[2024-02-18T11:43:33.531+0000][7][gc,age      ] GC(79) - age   1:    5349736 bytes,    5349736 total
[2024-02-18T11:43:33.531+0000][7][gc,age      ] GC(79) - age   2:     631968 bytes,    5981704 total
[2024-02-18T11:43:33.531+0000][7][gc,age      ] GC(79) - age   3:     245048 bytes,    6226752 total
[2024-02-18T11:43:33.531+0000][7][gc,age      ] GC(79) - age   4:      27560 bytes,    6254312 total
[2024-02-18T11:43:33.531+0000][7][gc,age      ] GC(79) - age   5:      12672 bytes,    6266984 total
[2024-02-18T11:43:33.531+0000][7][gc,age      ] GC(79) - age   6:      31880 bytes,    6298864 total
[2024-02-18T11:43:33.531+0000][7][gc,age      ] GC(79) - age   7:      11432 bytes,    6310296 total
[2024-02-18T11:43:33.531+0000][7][gc,age      ] GC(79) - age   8:      23696 bytes,    6333992 total
[2024-02-18T11:43:33.532+0000][7][gc,age      ] GC(79) - age   9:      46600 bytes,    6380592 total
[2024-02-18T11:43:33.532+0000][7][gc,age      ] GC(79) - age  10:       8920 bytes,    6389512 total
[2024-02-18T11:43:33.532+0000][7][gc,age      ] GC(79) - age  11:      15136 bytes,    6404648 total
[2024-02-18T11:43:33.532+0000][7][gc,age      ] GC(79) - age  12:      11272 bytes,    6415920 total
[2024-02-18T11:43:33.532+0000][7][gc,age      ] GC(79) - age  13:      45904 bytes,    6461824 total
[2024-02-18T11:43:33.532+0000][7][gc,age      ] GC(79) - age  14:      37656 bytes,    6499480 total
[2024-02-18T11:43:33.532+0000][7][gc,age      ] GC(79) - age  15:      30304 bytes,    6529784 total
[2024-02-18T11:43:33.532+0000][7][gc,heap     ] GC(79) Eden regions: 75->0(74)
[2024-02-18T11:43:33.532+0000][7][gc,heap     ] GC(79) Survivor regions: 1->2(10)
[2024-02-18T11:43:33.532+0000][7][gc,heap     ] GC(79) Old regions: 32->32
[2024-02-18T11:43:33.532+0000][7][gc,heap     ] GC(79) Humongous regions: 2->2
[2024-02-18T11:43:33.533+0000][7][gc,metaspace] GC(79) Metaspace: 120634K(125504K)->120634K(125504K) NonClass: 104933K(107968K)->104933K(107968K) Class: 15700K(17536K)->15700K(17536K)
[2024-02-18T11:43:33.533+0000][7][gc          ] GC(79) Pause Young (Concurrent Start) (G1 Evacuation Pause) 435M->140M(512M) 6.987ms
[2024-02-18T11:43:33.533+0000][7][gc          ] GC(80) Concurrent Mark Cycle
[2024-02-18T11:43:33.533+0000][7][gc,marking  ] GC(80) Concurrent Scan Root Regions
[2024-02-18T11:43:33.533+0000][7][gc,cpu      ] GC(79) User=0.02s Sys=0.01s Real=0.01s
[2024-02-18T11:43:33.533+0000][7][safepoint   ] Safepoint "G1CollectForAllocation", Time since last: 99097903 ns, Reaching safepoint: 16742 ns, Cleanup: 3887 ns, At safepoint: 7556984 ns, Total: 7577613 ns
[2024-02-18T11:43:33.534+0000][7][gc,marking  ] GC(80) Concurrent Scan Root Regions 1.383ms
[2024-02-18T11:43:33.534+0000][7][gc,marking  ] GC(80) Concurrent Mark
[2024-02-18T11:43:33.535+0000][7][gc,marking  ] GC(80) Concurrent Mark From Roots
[2024-02-18T11:43:33.535+0000][7][gc,task     ] GC(80) Using 3 workers of 3 for marking
[2024-02-18T11:43:33.577+0000][7][gc,marking  ] GC(80) Concurrent Mark From Roots 42.523ms
[2024-02-18T11:43:33.577+0000][7][gc,marking  ] GC(80) Concurrent Preclean
[2024-02-18T11:43:33.578+0000][7][gc,marking  ] GC(80) Concurrent Preclean 0.261ms
[2024-02-18T11:43:33.578+0000][7][gc,start    ] GC(80) Pause Remark
[2024-02-18T11:43:33.700+0000][7][gc          ] GC(80) Pause Remark 142M->142M(512M) 121.832ms
[2024-02-18T11:43:33.700+0000][7][gc,cpu      ] GC(80) User=0.16s Sys=0.00s Real=0.12s
[2024-02-18T11:43:33.700+0000][7][safepoint   ] Safepoint "G1PauseRemark", Time since last: 44537934 ns, Reaching safepoint: 16442 ns, Cleanup: 3376 ns, At safepoint: 122347207 ns, Total: 122367025 ns
[2024-02-18T11:43:33.700+0000][7][gc,marking  ] GC(80) Concurrent Mark 165.826ms
[2024-02-18T11:43:33.701+0000][7][gc,marking  ] GC(80) Concurrent Rebuild Remembered Sets and Scrub Regions
[2024-02-18T11:43:33.715+0000][7][gc,marking  ] GC(80) Concurrent Rebuild Remembered Sets and Scrub Regions 14.439ms
[2024-02-18T11:43:33.715+0000][7][gc,start    ] GC(80) Pause Cleanup
[2024-02-18T11:43:33.716+0000][7][gc          ] GC(80) Pause Cleanup 142M->142M(512M) 0.282ms
[2024-02-18T11:43:33.716+0000][7][gc,cpu      ] GC(80) User=0.00s Sys=0.00s Real=0.00s
[2024-02-18T11:43:33.716+0000][7][safepoint   ] Safepoint "G1PauseCleanup", Time since last: 15130756 ns, Reaching safepoint: 12283 ns, Cleanup: 47531 ns, At safepoint: 580346 ns, Total: 640160 ns
[2024-02-18T11:43:33.716+0000][7][gc,marking  ] GC(80) Concurrent Clear Claimed Marks
[2024-02-18T11:43:33.716+0000][7][gc,marking  ] GC(80) Concurrent Clear Claimed Marks 0.239ms
[2024-02-18T11:43:33.716+0000][7][gc,marking  ] GC(80) Concurrent Cleanup for Next Mark
[2024-02-18T11:43:33.717+0000][7][gc,marking  ] GC(80) Concurrent Cleanup for Next Mark 0.532ms
[2024-02-18T11:43:33.717+0000][7][gc          ] GC(80) Concurrent Mark Cycle 184.199ms
[2024-02-18T11:43:34.716+0000][7][safepoint   ] Safepoint "Cleanup", Time since last: 1000196190 ns, Reaching safepoint: 17824 ns, Cleanup: 12644 ns, At safepoint: 24156 ns, Total: 54624 ns
[2024-02-18T11:43:51.718+0000][7][safepoint   ] Safepoint "Cleanup", Time since last: 17001731723 ns, Reaching safepoint: 15760 ns, Cleanup: 14087 ns, At safepoint: 3397 ns, Total: 33244 ns
[2024-02-18T11:44:09.720+0000][7][safepoint   ] Safepoint "Cleanup", Time since last: 18001788233 ns, Reaching safepoint: 17564 ns, Cleanup: 12314 ns, At safepoint: 2975 ns, Total: 32853 ns
[2024-02-18T11:44:30.509+0000][7][gc,start    ] GC(81) Pause Young (Prepare Mixed) (G1 Evacuation Pause)
[2024-02-18T11:44:30.509+0000][7][gc,task     ] GC(81) Using 12 workers of 13 for evacuation
[2024-02-18T11:44:30.509+0000][7][gc,age      ] GC(81) Desired survivor size 20971520 bytes, new threshold 15 (max threshold 15)
[2024-02-18T11:44:30.512+0000][7][gc,phases   ] GC(81)   Pre Evacuate Collection Set: 0.2ms
[2024-02-18T11:44:30.512+0000][7][gc,phases   ] GC(81)   Merge Heap Roots: 0.1ms
[2024-02-18T11:44:30.512+0000][7][gc,phases   ] GC(81)   Evacuate Collection Set: 1.8ms
[2024-02-18T11:44:30.512+0000][7][gc,phases   ] GC(81)   Post Evacuate Collection Set: 0.6ms
[2024-02-18T11:44:30.513+0000][7][gc,phases   ] GC(81)   Other: 0.3ms
[2024-02-18T11:44:30.513+0000][7][gc,age      ] GC(81) Age table with threshold 15 (max threshold 15)
[2024-02-18T11:44:30.513+0000][7][gc,age      ] GC(81) - age   1:    1056136 bytes,    1056136 total
[2024-02-18T11:44:30.513+0000][7][gc,age      ] GC(81) - age   2:    3803760 bytes,    4859896 total
[2024-02-18T11:44:30.513+0000][7][gc,age      ] GC(81) - age   3:     432136 bytes,    5292032 total
[2024-02-18T11:44:30.513+0000][7][gc,age      ] GC(81) - age   4:      93168 bytes,    5385200 total
[2024-02-18T11:44:30.513+0000][7][gc,age      ] GC(81) - age   5:      18880 bytes,    5404080 total
[2024-02-18T11:44:30.513+0000][7][gc,age      ] GC(81) - age   6:       6144 bytes,    5410224 total
[2024-02-18T11:44:30.513+0000][7][gc,age      ] GC(81) - age   7:      27024 bytes,    5437248 total
[2024-02-18T11:44:30.513+0000][7][gc,age      ] GC(81) - age   8:       4496 bytes,    5441744 total
[2024-02-18T11:44:30.513+0000][7][gc,age      ] GC(81) - age   9:      19344 bytes,    5461088 total
[2024-02-18T11:44:30.514+0000][7][gc,age      ] GC(81) - age  10:      40440 bytes,    5501528 total
[2024-02-18T11:44:30.514+0000][7][gc,age      ] GC(81) - age  11:       1184 bytes,    5502712 total
[2024-02-18T11:44:30.514+0000][7][gc,age      ] GC(81) - age  12:      15136 bytes,    5517848 total
[2024-02-18T11:44:30.514+0000][7][gc,age      ] GC(81) - age  13:       5112 bytes,    5522960 total
[2024-02-18T11:44:30.514+0000][7][gc,age      ] GC(81) - age  14:      40520 bytes,    5563480 total
[2024-02-18T11:44:30.514+0000][7][gc,age      ] GC(81) - age  15:      35464 bytes,    5598944 total
[2024-02-18T11:44:30.514+0000][7][gc,heap     ] GC(81) Eden regions: 74->0(74)
[2024-02-18T11:44:30.514+0000][7][gc,heap     ] GC(81) Survivor regions: 2->2(10)
[2024-02-18T11:44:30.514+0000][7][gc,heap     ] GC(81) Old regions: 32->32
[2024-02-18T11:44:30.514+0000][7][gc,heap     ] GC(81) Humongous regions: 2->2
[2024-02-18T11:44:30.514+0000][7][gc,metaspace] GC(81) Metaspace: 120669K(125504K)->120669K(125504K) NonClass: 104966K(107968K)->104966K(107968K) Class: 15703K(17536K)->15703K(17536K)
[2024-02-18T11:44:30.515+0000][7][gc          ] GC(81) Pause Young (Prepare Mixed) (G1 Evacuation Pause) 436M->139M(512M) 5.692ms
[2024-02-18T11:44:30.515+0000][7][gc,cpu      ] GC(81) User=0.01s Sys=0.00s Real=0.00s
[2024-02-18T11:44:30.515+0000][7][safepoint   ] Safepoint "G1CollectForAllocation", Time since last: 20788999397 ns, Reaching safepoint: 16412 ns, Cleanup: 4378 ns, At safepoint: 5956093 ns, Total: 5976883 ns
[2024-02-18T11:44:31.515+0000][7][safepoint   ] Safepoint "Cleanup", Time since last: 1000204410 ns, Reaching safepoint: 18515 ns, Cleanup: 16201 ns, At safepoint: 3697 ns, Total: 38413 ns
[2024-02-18T11:44:51.517+0000][7][safepoint   ] Safepoint "Cleanup", Time since last: 20002050989 ns, Reaching safepoint: 18005 ns, Cleanup: 12524 ns, At safepoint: 3496 ns, Total: 34025 ns
[2024-02-18T11:45:04.519+0000][7][safepoint   ] Safepoint "Cleanup", Time since last: 13001279058 ns, Reaching safepoint: 17874 ns, Cleanup: 13356 ns, At safepoint: 3236 ns, Total: 34466 ns
[2024-02-18T11:45:07.519+0000][7][safepoint   ] Safepoint "Cleanup", Time since last: 3000607914 ns, Reaching safepoint: 39526 ns, Cleanup: 13075 ns, At safepoint: 5149 ns, Total: 57750 ns
[2024-02-18T11:45:24.521+0000][7][safepoint   ] Safepoint "Cleanup", Time since last: 17001777607 ns, Reaching safepoint: 18876 ns, Cleanup: 12173 ns, At safepoint: 3918 ns, Total: 34967 ns
[2024-02-18T11:45:33.436+0000][7][gc,start    ] GC(82) Pause Young (Mixed) (G1 Evacuation Pause)
[2024-02-18T11:45:33.436+0000][7][gc,task     ] GC(82) Using 12 workers of 13 for evacuation
[2024-02-18T11:45:33.436+0000][7][gc,age      ] GC(82) Desired survivor size 20971520 bytes, new threshold 15 (max threshold 15)
[2024-02-18T11:45:33.441+0000][7][gc,phases   ] GC(82)   Pre Evacuate Collection Set: 0.3ms
[2024-02-18T11:45:33.441+0000][7][gc,phases   ] GC(82)   Merge Heap Roots: 0.1ms
[2024-02-18T11:45:33.441+0000][7][gc,phases   ] GC(82)   Evacuate Collection Set: 3.1ms
[2024-02-18T11:45:33.441+0000][7][gc,phases   ] GC(82)   Post Evacuate Collection Set: 0.6ms
[2024-02-18T11:45:33.441+0000][7][gc,phases   ] GC(82)   Other: 0.3ms
[2024-02-18T11:45:33.441+0000][7][gc,age      ] GC(82) Age table with threshold 15 (max threshold 15)
[2024-02-18T11:45:33.441+0000][7][gc,age      ] GC(82) - age   1:    1459560 bytes,    1459560 total
[2024-02-18T11:45:33.441+0000][7][gc,age      ] GC(82) - age   2:     275744 bytes,    1735304 total
[2024-02-18T11:45:33.442+0000][7][gc,age      ] GC(82) - age   3:    3796312 bytes,    5531616 total
[2024-02-18T11:45:33.442+0000][7][gc,age      ] GC(82) - age   4:     398896 bytes,    5930512 total
[2024-02-18T11:45:33.442+0000][7][gc,age      ] GC(82) - age   5:      60920 bytes,    5991432 total
[2024-02-18T11:45:33.442+0000][7][gc,age      ] GC(82) - age   6:       7744 bytes,    5999176 total
[2024-02-18T11:45:33.442+0000][7][gc,age      ] GC(82) - age   7:       5832 bytes,    6005008 total
[2024-02-18T11:45:33.442+0000][7][gc,age      ] GC(82) - age   8:      27024 bytes,    6032032 total
[2024-02-18T11:45:33.442+0000][7][gc,age      ] GC(82) - age   9:       4496 bytes,    6036528 total
[2024-02-18T11:45:33.442+0000][7][gc,age      ] GC(82) - age  10:      19344 bytes,    6055872 total
[2024-02-18T11:45:33.442+0000][7][gc,age      ] GC(82) - age  11:      40440 bytes,    6096312 total
[2024-02-18T11:45:33.442+0000][7][gc,age      ] GC(82) - age  12:       1184 bytes,    6097496 total
[2024-02-18T11:45:33.442+0000][7][gc,age      ] GC(82) - age  13:      15136 bytes,    6112632 total
[2024-02-18T11:45:33.443+0000][7][gc,age      ] GC(82) - age  14:       5112 bytes,    6117744 total
[2024-02-18T11:45:33.443+0000][7][gc,age      ] GC(82) - age  15:      40520 bytes,    6158264 total
[2024-02-18T11:45:33.443+0000][7][gc,heap     ] GC(82) Eden regions: 74->0(74)
[2024-02-18T11:45:33.443+0000][7][gc,heap     ] GC(82) Survivor regions: 2->2(10)
[2024-02-18T11:45:33.443+0000][7][gc,heap     ] GC(82) Old regions: 32->31
[2024-02-18T11:45:33.443+0000][7][gc,heap     ] GC(82) Humongous regions: 2->2
[2024-02-18T11:45:33.443+0000][7][gc,metaspace] GC(82) Metaspace: 120674K(125504K)->120674K(125504K) NonClass: 104970K(107968K)->104970K(107968K) Class: 15703K(17536K)->15703K(17536K)
[2024-02-18T11:45:33.443+0000][7][gc          ] GC(82) Pause Young (Mixed) (G1 Evacuation Pause) 435M->137M(512M) 7.195ms
[2024-02-18T11:45:33.443+0000][7][gc,cpu      ] GC(82) User=0.02s Sys=0.01s Real=0.00s
[2024-02-18T11:45:33.444+0000][7][safepoint   ] Safepoint "G1CollectForAllocation", Time since last: 8915169159 ns, Reaching safepoint: 28044 ns, Cleanup: 7083 ns, At safepoint: 7495867 ns, Total: 7530994 ns
[2024-02-18T11:45:34.444+0000][7][safepoint   ] Safepoint "Cleanup", Time since last: 1000189055 ns, Reaching safepoint: 16131 ns, Cleanup: 8777 ns, At safepoint: 3336 ns, Total: 28244 ns
[2024-02-18T11:45:43.445+0000][7][safepoint   ] Safepoint "Cleanup", Time since last: 9000928761 ns, Reaching safepoint: 43293 ns, Cleanup: 24617 ns, At safepoint: 5691 ns, Total: 73601 ns
[2024-02-18T11:45:45.445+0000][7][safepoint   ] Safepoint "Cleanup", Time since last: 2000482806 ns, Reaching safepoint: 16241 ns, Cleanup: 13747 ns, At safepoint: 3216 ns, Total: 33204 ns
[2024-02-18T11:45:51.446+0000][7][safepoint   ] Safepoint "Cleanup", Time since last: 6000705805 ns, Reaching safepoint: 16411 ns, Cleanup: 8847 ns, At safepoint: 3106 ns, Total: 28364 ns
[2024-02-18T11:46:01.447+0000][7][safepoint   ] Safepoint "Cleanup", Time since last: 10000955009 ns, Reaching safepoint: 18616 ns, Cleanup: 13616 ns, At safepoint: 3907 ns, Total: 36139 ns
[2024-02-18T11:46:21.449+0000][7][safepoint   ] Safepoint "Cleanup", Time since last: 20001969172 ns, Reaching safepoint: 15730 ns, Cleanup: 10260 ns, At safepoint: 3296 ns, Total: 29286 ns
[2024-02-18T11:46:31.491+0000][7][safepoint   ] Safepoint "Cleanup", Time since last: 10042381423 ns, Reaching safepoint: 17103 ns, Cleanup: 12554 ns, At safepoint: 3176 ns, Total: 32833 ns
[2024-02-18T11:46:33.959+0000][7][gc,start    ] GC(83) Pause Young (Concurrent Start) (G1 Evacuation Pause)
[2024-02-18T11:46:33.959+0000][7][gc,task     ] GC(83) Using 12 workers of 13 for evacuation
[2024-02-18T11:46:33.959+0000][7][gc,age      ] GC(83) Desired survivor size 20971520 bytes, new threshold 15 (max threshold 15)
[2024-02-18T11:46:33.962+0000][7][gc,phases   ] GC(83)   Pre Evacuate Collection Set: 0.2ms
[2024-02-18T11:46:33.962+0000][7][gc,phases   ] GC(83)   Merge Heap Roots: 0.1ms
[2024-02-18T11:46:33.963+0000][7][gc,phases   ] GC(83)   Evacuate Collection Set: 1.9ms
[2024-02-18T11:46:33.963+0000][7][gc,phases   ] GC(83)   Post Evacuate Collection Set: 0.6ms
[2024-02-18T11:46:33.963+0000][7][gc,phases   ] GC(83)   Other: 0.3ms
[2024-02-18T11:46:33.963+0000][7][gc,age      ] GC(83) Age table with threshold 15 (max threshold 15)
[2024-02-18T11:46:33.963+0000][7][gc,age      ] GC(83) - age   1:    1172848 bytes,    1172848 total
[2024-02-18T11:46:33.963+0000][7][gc,age      ] GC(83) - age   2:      62288 bytes,    1235136 total
[2024-02-18T11:46:33.963+0000][7][gc,age      ] GC(83) - age   3:     271608 bytes,    1506744 total
[2024-02-18T11:46:33.963+0000][7][gc,age      ] GC(83) - age   4:    3793088 bytes,    5299832 total
[2024-02-18T11:46:33.963+0000][7][gc,age      ] GC(83) - age   5:     398480 bytes,    5698312 total
[2024-02-18T11:46:33.963+0000][7][gc,age      ] GC(83) - age   6:      60824 bytes,    5759136 total
[2024-02-18T11:46:33.963+0000][7][gc,age      ] GC(83) - age   7:       7744 bytes,    5766880 total
[2024-02-18T11:46:33.963+0000][7][gc,age      ] GC(83) - age   8:       5832 bytes,    5772712 total
[2024-02-18T11:46:33.964+0000][7][gc,age      ] GC(83) - age   9:      27024 bytes,    5799736 total
[2024-02-18T11:46:33.964+0000][7][gc,age      ] GC(83) - age  10:       4496 bytes,    5804232 total
[2024-02-18T11:46:33.964+0000][7][gc,age      ] GC(83) - age  11:      19344 bytes,    5823576 total
[2024-02-18T11:46:33.964+0000][7][gc,age      ] GC(83) - age  12:      40440 bytes,    5864016 total
[2024-02-18T11:46:33.964+0000][7][gc,age      ] GC(83) - age  13:       1184 bytes,    5865200 total
[2024-02-18T11:46:33.964+0000][7][gc,age      ] GC(83) - age  14:      15136 bytes,    5880336 total
[2024-02-18T11:46:33.964+0000][7][gc,age      ] GC(83) - age  15:       5112 bytes,    5885448 total
[2024-02-18T11:46:33.964+0000][7][gc,heap     ] GC(83) Eden regions: 74->0(74)
[2024-02-18T11:46:33.964+0000][7][gc,heap     ] GC(83) Survivor regions: 2->2(10)
[2024-02-18T11:46:33.964+0000][7][gc,heap     ] GC(83) Old regions: 31->31
[2024-02-18T11:46:33.964+0000][7][gc,heap     ] GC(83) Humongous regions: 2->2
[2024-02-18T11:46:33.964+0000][7][gc,metaspace] GC(83) Metaspace: 120675K(125504K)->120675K(125504K) NonClass: 104972K(107968K)->104972K(107968K) Class: 15703K(17536K)->15703K(17536K)
[2024-02-18T11:46:33.965+0000][7][gc          ] GC(83) Pause Young (Concurrent Start) (G1 Evacuation Pause) 433M->137M(512M) 5.488ms
[2024-02-18T11:46:33.965+0000][7][gc          ] GC(84) Concurrent Mark Cycle
[2024-02-18T11:46:33.965+0000][7][gc,marking  ] GC(84) Concurrent Scan Root Regions
[2024-02-18T11:46:33.965+0000][7][gc,cpu      ] GC(83) User=0.02s Sys=0.00s Real=0.00s
[2024-02-18T11:46:33.966+0000][7][gc,marking  ] GC(84) Concurrent Scan Root Regions 1.065ms
[2024-02-18T11:46:33.966+0000][7][gc,marking  ] GC(84) Concurrent Mark
[2024-02-18T11:46:33.966+0000][7][gc,marking  ] GC(84) Concurrent Mark From Roots
[2024-02-18T11:46:33.966+0000][7][gc,task     ] GC(84) Using 3 workers of 3 for marking
[2024-02-18T11:46:33.966+0000][7][safepoint   ] Safepoint "G1CollectForAllocation", Time since last: 2467481136 ns, Reaching safepoint: 15209 ns, Cleanup: 3888 ns, At safepoint: 6848907 ns, Total: 6868004 ns
[2024-02-18T11:46:34.001+0000][7][gc,marking  ] GC(84) Concurrent Mark From Roots 34.483ms
[2024-02-18T11:46:34.001+0000][7][gc,marking  ] GC(84) Concurrent Preclean
[2024-02-18T11:46:34.001+0000][7][gc,marking  ] GC(84) Concurrent Preclean 0.228ms
[2024-02-18T11:46:34.001+0000][7][gc,start    ] GC(84) Pause Remark
[2024-02-18T11:46:34.005+0000][7][gc          ] GC(84) Pause Remark 140M->140M(512M) 4.177ms
[2024-02-18T11:46:34.006+0000][7][gc,cpu      ] GC(84) User=0.02s Sys=0.00s Real=0.00s
[2024-02-18T11:46:34.006+0000][7][safepoint   ] Safepoint "G1PauseRemark", Time since last: 35204739 ns, Reaching safepoint: 16361 ns, Cleanup: 2986 ns, At safepoint: 4622382 ns, Total: 4641729 ns
[2024-02-18T11:46:34.006+0000][7][gc,marking  ] GC(84) Concurrent Mark 39.902ms
[2024-02-18T11:46:34.006+0000][7][gc,marking  ] GC(84) Concurrent Rebuild Remembered Sets and Scrub Regions
[2024-02-18T11:46:34.020+0000][7][gc,marking  ] GC(84) Concurrent Rebuild Remembered Sets and Scrub Regions 14.267ms
[2024-02-18T11:46:34.021+0000][7][gc,start    ] GC(84) Pause Cleanup
[2024-02-18T11:46:34.021+0000][7][gc          ] GC(84) Pause Cleanup 140M->140M(512M) 0.242ms
[2024-02-18T11:46:34.021+0000][7][gc,cpu      ] GC(84) User=0.00s Sys=0.00s Real=0.00s
[2024-02-18T11:46:34.021+0000][7][safepoint   ] Safepoint "G1PauseCleanup", Time since last: 14796090 ns, Reaching safepoint: 12214 ns, Cleanup: 6111 ns, At safepoint: 530136 ns, Total: 548461 ns
[2024-02-18T11:46:34.021+0000][7][gc,marking  ] GC(84) Concurrent Clear Claimed Marks
[2024-02-18T11:46:34.021+0000][7][gc,marking  ] GC(84) Concurrent Clear Claimed Marks 0.271ms
[2024-02-18T11:46:34.022+0000][7][gc,marking  ] GC(84) Concurrent Cleanup for Next Mark
[2024-02-18T11:46:34.022+0000][7][gc,marking  ] GC(84) Concurrent Cleanup for Next Mark 0.585ms
[2024-02-18T11:46:34.022+0000][7][gc          ] GC(84) Concurrent Mark Cycle 57.670ms
[2024-02-18T11:46:40.022+0000][7][safepoint   ] Safepoint "Cleanup", Time since last: 6000642569 ns, Reaching safepoint: 42962 ns, Cleanup: 13335 ns, At safepoint: 5371 ns, Total: 61668 ns
[2024-02-18T11:47:19.026+0000][7][safepoint   ] Safepoint "Cleanup", Time since last: 39003759542 ns, Reaching safepoint: 58763 ns, Cleanup: 16030 ns, At safepoint: 4098 ns, Total: 78891 ns
[2024-02-18T11:47:27.513+0000][7][safepoint   ] Safepoint "Cleanup", Time since last: 8487667127 ns, Reaching safepoint: 18375 ns, Cleanup: 13265 ns, At safepoint: 3617 ns, Total: 35257 ns
[2024-02-18T11:47:39.351+0000][7][gc,start    ] GC(85) Pause Young (Prepare Mixed) (G1 Evacuation Pause)
[2024-02-18T11:47:39.351+0000][7][gc,task     ] GC(85) Using 12 workers of 13 for evacuation
[2024-02-18T11:47:39.351+0000][7][gc,age      ] GC(85) Desired survivor size 20971520 bytes, new threshold 15 (max threshold 15)
[2024-02-18T11:47:39.354+0000][7][gc,phases   ] GC(85)   Pre Evacuate Collection Set: 0.2ms
[2024-02-18T11:47:39.354+0000][7][gc,phases   ] GC(85)   Merge Heap Roots: 0.1ms
[2024-02-18T11:47:39.354+0000][7][gc,phases   ] GC(85)   Evacuate Collection Set: 2.1ms
[2024-02-18T11:47:39.354+0000][7][gc,phases   ] GC(85)   Post Evacuate Collection Set: 0.6ms
[2024-02-18T11:47:39.354+0000][7][gc,phases   ] GC(85)   Other: 0.3ms
[2024-02-18T11:47:39.355+0000][7][gc,age      ] GC(85) Age table with threshold 15 (max threshold 15)
[2024-02-18T11:47:39.355+0000][7][gc,age      ] GC(85) - age   1:    1821808 bytes,    1821808 total
[2024-02-18T11:47:39.355+0000][7][gc,age      ] GC(85) - age   2:      92688 bytes,    1914496 total
[2024-02-18T11:47:39.355+0000][7][gc,age      ] GC(85) - age   3:      57248 bytes,    1971744 total
[2024-02-18T11:47:39.355+0000][7][gc,age      ] GC(85) - age   4:     270608 bytes,    2242352 total
[2024-02-18T11:47:39.355+0000][7][gc,age      ] GC(85) - age   5:    3792896 bytes,    6035248 total
[2024-02-18T11:47:39.355+0000][7][gc,age      ] GC(85) - age   6:     397824 bytes,    6433072 total
[2024-02-18T11:47:39.355+0000][7][gc,age      ] GC(85) - age   7:      59792 bytes,    6492864 total
[2024-02-18T11:47:39.355+0000][7][gc,age      ] GC(85) - age   8:       7744 bytes,    6500608 total
[2024-02-18T11:47:39.355+0000][7][gc,age      ] GC(85) - age   9:       5832 bytes,    6506440 total
[2024-02-18T11:47:39.355+0000][7][gc,age      ] GC(85) - age  10:      27024 bytes,    6533464 total
[2024-02-18T11:47:39.356+0000][7][gc,age      ] GC(85) - age  11:       4496 bytes,    6537960 total
[2024-02-18T11:47:39.356+0000][7][gc,age      ] GC(85) - age  12:      19344 bytes,    6557304 total
[2024-02-18T11:47:39.356+0000][7][gc,age      ] GC(85) - age  13:      40440 bytes,    6597744 total
[2024-02-18T11:47:39.356+0000][7][gc,age      ] GC(85) - age  14:       1184 bytes,    6598928 total
[2024-02-18T11:47:39.356+0000][7][gc,age      ] GC(85) - age  15:      15136 bytes,    6614064 total
[2024-02-18T11:47:39.356+0000][7][gc,heap     ] GC(85) Eden regions: 74->0(74)
[2024-02-18T11:47:39.356+0000][7][gc,heap     ] GC(85) Survivor regions: 2->2(10)
[2024-02-18T11:47:39.356+0000][7][gc,heap     ] GC(85) Old regions: 31->31
[2024-02-18T11:47:39.356+0000][7][gc,heap     ] GC(85) Humongous regions: 2->2
[2024-02-18T11:47:39.356+0000][7][gc,metaspace] GC(85) Metaspace: 120686K(125504K)->120686K(125504K) NonClass: 104982K(107968K)->104982K(107968K) Class: 15703K(17536K)->15703K(17536K)
[2024-02-18T11:47:39.356+0000][7][gc          ] GC(85) Pause Young (Prepare Mixed) (G1 Evacuation Pause) 433M->137M(512M) 5.893ms
[2024-02-18T11:47:39.357+0000][7][gc,cpu      ] GC(85) User=0.02s Sys=0.00s Real=0.01s
[2024-02-18T11:47:39.357+0000][7][safepoint   ] Safepoint "G1CollectForAllocation", Time since last: 11837223229 ns, Reaching safepoint: 34195 ns, Cleanup: 3857 ns, At safepoint: 6163395 ns, Total: 6201447 ns
[2024-02-18T11:47:47.358+0000][7][safepoint   ] Safepoint "Cleanup", Time since last: 8001558419 ns, Reaching safepoint: 17624 ns, Cleanup: 15971 ns, At safepoint: 3386 ns, Total: 36981 ns
[2024-02-18T11:48:10.361+0000][7][safepoint   ] Safepoint "Cleanup", Time since last: 23002652613 ns, Reaching safepoint: 18816 ns, Cleanup: 13536 ns, At safepoint: 4008 ns, Total: 36360 ns
[2024-02-18T11:48:14.362+0000][7][safepoint   ] Safepoint "Cleanup", Time since last: 4000675777 ns, Reaching safepoint: 17724 ns, Cleanup: 12734 ns, At safepoint: 3617 ns, Total: 34075 ns
[2024-02-18T11:48:36.483+0000][7][gc,start    ] GC(86) Pause Young (Mixed) (G1 Evacuation Pause)
[2024-02-18T11:48:36.483+0000][7][gc,task     ] GC(86) Using 12 workers of 13 for evacuation
[2024-02-18T11:48:36.483+0000][7][gc,age      ] GC(86) Desired survivor size 20971520 bytes, new threshold 15 (max threshold 15)
[2024-02-18T11:48:36.488+0000][7][gc,phases   ] GC(86)   Pre Evacuate Collection Set: 0.3ms
[2024-02-18T11:48:36.488+0000][7][gc,phases   ] GC(86)   Merge Heap Roots: 0.1ms
[2024-02-18T11:48:36.488+0000][7][gc,phases   ] GC(86)   Evacuate Collection Set: 3.6ms
[2024-02-18T11:48:36.489+0000][7][gc,phases   ] GC(86)   Post Evacuate Collection Set: 0.7ms
[2024-02-18T11:48:36.489+0000][7][gc,phases   ] GC(86)   Other: 0.3ms
[2024-02-18T11:48:36.489+0000][7][gc,age      ] GC(86) Age table with threshold 15 (max threshold 15)
[2024-02-18T11:48:36.489+0000][7][gc,age      ] GC(86) - age   1:    1035256 bytes,    1035256 total
[2024-02-18T11:48:36.489+0000][7][gc,age      ] GC(86) - age   2:      21624 bytes,    1056880 total
[2024-02-18T11:48:36.489+0000][7][gc,age      ] GC(86) - age   3:      89584 bytes,    1146464 total
[2024-02-18T11:48:36.489+0000][7][gc,age      ] GC(86) - age   4:      53240 bytes,    1199704 total
[2024-02-18T11:48:36.489+0000][7][gc,age      ] GC(86) - age   5:     269136 bytes,    1468840 total
[2024-02-18T11:48:36.489+0000][7][gc,age      ] GC(86) - age   6:    3792424 bytes,    5261264 total
[2024-02-18T11:48:36.490+0000][7][gc,age      ] GC(86) - age   7:     391984 bytes,    5653248 total
[2024-02-18T11:48:36.490+0000][7][gc,age      ] GC(86) - age   8:      33192 bytes,    5686440 total
[2024-02-18T11:48:36.490+0000][7][gc,age      ] GC(86) - age   9:       3312 bytes,    5689752 total
[2024-02-18T11:48:36.490+0000][7][gc,age      ] GC(86) - age  10:       4664 bytes,    5694416 total
[2024-02-18T11:48:36.490+0000][7][gc,age      ] GC(86) - age  11:      27024 bytes,    5721440 total
[2024-02-18T11:48:36.490+0000][7][gc,age      ] GC(86) - age  12:       4496 bytes,    5725936 total
[2024-02-18T11:48:36.490+0000][7][gc,age      ] GC(86) - age  13:      19344 bytes,    5745280 total
[2024-02-18T11:48:36.490+0000][7][gc,age      ] GC(86) - age  14:      40440 bytes,    5785720 total
[2024-02-18T11:48:36.491+0000][7][gc,age      ] GC(86) - age  15:       1184 bytes,    5786904 total
[2024-02-18T11:48:36.491+0000][7][gc,heap     ] GC(86) Eden regions: 74->0(74)
[2024-02-18T11:48:36.491+0000][7][gc,heap     ] GC(86) Survivor regions: 2->2(10)
[2024-02-18T11:48:36.491+0000][7][gc,heap     ] GC(86) Old regions: 31->31
[2024-02-18T11:48:36.491+0000][7][gc,heap     ] GC(86) Humongous regions: 2->2
[2024-02-18T11:48:36.491+0000][7][gc,metaspace] GC(86) Metaspace: 120686K(125504K)->120686K(125504K) NonClass: 104983K(107968K)->104983K(107968K) Class: 15703K(17536K)->15703K(17536K)
[2024-02-18T11:48:36.491+0000][7][gc          ] GC(86) Pause Young (Mixed) (G1 Evacuation Pause) 433M->134M(512M) 8.366ms
[2024-02-18T11:48:36.491+0000][7][gc,cpu      ] GC(86) User=0.02s Sys=0.00s Real=0.01s
[2024-02-18T11:48:36.491+0000][7][safepoint   ] Safepoint "G1CollectForAllocation", Time since last: 22121194732 ns, Reaching safepoint: 30658 ns, Cleanup: 3006 ns, At safepoint: 8668071 ns, Total: 8701735 ns
[2024-02-18T11:48:42.492+0000][7][safepoint   ] Safepoint "Cleanup", Time since last: 6000656576 ns, Reaching safepoint: 17764 ns, Cleanup: 12915 ns, At safepoint: 3506 ns, Total: 34185 ns
[2024-02-18T11:48:45.493+0000][7][safepoint   ] Safepoint "Cleanup", Time since last: 3000547043 ns, Reaching safepoint: 16341 ns, Cleanup: 10400 ns, At safepoint: 4098 ns, Total: 30839 ns
[2024-02-18T11:48:51.494+0000][7][safepoint   ] Safepoint "Cleanup", Time since last: 6000799730 ns, Reaching safepoint: 17854 ns, Cleanup: 11743 ns, At safepoint: 3957 ns, Total: 33554 ns
[2024-02-18T11:49:18.496+0000][7][safepoint   ] Safepoint "Cleanup", Time since last: 27002725146 ns, Reaching safepoint: 41108 ns, Cleanup: 8046 ns, At safepoint: 3446 ns, Total: 52600 ns
[2024-02-18T11:49:19.496+0000][7][safepoint   ] Safepoint "Cleanup", Time since last: 1000347364 ns, Reaching safepoint: 18395 ns, Cleanup: 17503 ns, At safepoint: 3357 ns, Total: 39255 ns
[2024-02-18T11:49:33.556+0000][7][safepoint   ] Safepoint "Cleanup", Time since last: 14059242970 ns, Reaching safepoint: 16331 ns, Cleanup: 9950 ns, At safepoint: 3176 ns, Total: 29457 ns
[2024-02-18T11:49:34.005+0000][7][gc,start    ] GC(87) Pause Young (Concurrent Start) (G1 Evacuation Pause)
[2024-02-18T11:49:34.005+0000][7][gc,task     ] GC(87) Using 12 workers of 13 for evacuation
[2024-02-18T11:49:34.006+0000][7][gc,age      ] GC(87) Desired survivor size 20971520 bytes, new threshold 15 (max threshold 15)
[2024-02-18T11:49:34.008+0000][7][gc,phases   ] GC(87)   Pre Evacuate Collection Set: 0.2ms
[2024-02-18T11:49:34.009+0000][7][gc,phases   ] GC(87)   Merge Heap Roots: 0.1ms
[2024-02-18T11:49:34.009+0000][7][gc,phases   ] GC(87)   Evacuate Collection Set: 1.8ms
[2024-02-18T11:49:34.009+0000][7][gc,phases   ] GC(87)   Post Evacuate Collection Set: 0.6ms
[2024-02-18T11:49:34.009+0000][7][gc,phases   ] GC(87)   Other: 0.3ms
[2024-02-18T11:49:34.009+0000][7][gc,age      ] GC(87) Age table with threshold 15 (max threshold 15)
[2024-02-18T11:49:34.009+0000][7][gc,age      ] GC(87) - age   1:    1875512 bytes,    1875512 total
[2024-02-18T11:49:34.009+0000][7][gc,age      ] GC(87) - age   2:      19584 bytes,    1895096 total
[2024-02-18T11:49:34.009+0000][7][gc,age      ] GC(87) - age   3:       6896 bytes,    1901992 total
[2024-02-18T11:49:34.009+0000][7][gc,age      ] GC(87) - age   4:      39384 bytes,    1941376 total
[2024-02-18T11:49:34.009+0000][7][gc,age      ] GC(87) - age   5:      41968 bytes,    1983344 total
[2024-02-18T11:49:34.010+0000][7][gc,age      ] GC(87) - age   6:     113672 bytes,    2097016 total
[2024-02-18T11:49:34.010+0000][7][gc,age      ] GC(87) - age   7:    3789920 bytes,    5886936 total
[2024-02-18T11:49:34.010+0000][7][gc,age      ] GC(87) - age   8:     171256 bytes,    6058192 total
[2024-02-18T11:49:34.010+0000][7][gc,age      ] GC(87) - age   9:      33192 bytes,    6091384 total
[2024-02-18T11:49:34.010+0000][7][gc,age      ] GC(87) - age  10:       3312 bytes,    6094696 total
[2024-02-18T11:49:34.010+0000][7][gc,age      ] GC(87) - age  11:       4664 bytes,    6099360 total
[2024-02-18T11:49:34.010+0000][7][gc,age      ] GC(87) - age  12:      27024 bytes,    6126384 total
[2024-02-18T11:49:34.010+0000][7][gc,age      ] GC(87) - age  13:       4496 bytes,    6130880 total
[2024-02-18T11:49:34.011+0000][7][gc,age      ] GC(87) - age  14:      19344 bytes,    6150224 total
[2024-02-18T11:49:34.011+0000][7][gc,age      ] GC(87) - age  15:      17704 bytes,    6167928 total
[2024-02-18T11:49:34.011+0000][7][gc,heap     ] GC(87) Eden regions: 74->0(74)
[2024-02-18T11:49:34.011+0000][7][gc,heap     ] GC(87) Survivor regions: 2->2(10)
[2024-02-18T11:49:34.011+0000][7][gc,heap     ] GC(87) Old regions: 31->31
[2024-02-18T11:49:34.011+0000][7][gc,heap     ] GC(87) Humongous regions: 2->2
[2024-02-18T11:49:34.011+0000][7][gc,metaspace] GC(87) Metaspace: 120696K(125504K)->120696K(125504K) NonClass: 104992K(107968K)->104992K(107968K) Class: 15703K(17536K)->15703K(17536K)
[2024-02-18T11:49:34.011+0000][7][gc          ] GC(87) Pause Young (Concurrent Start) (G1 Evacuation Pause) 430M->134M(512M) 6.094ms
[2024-02-18T11:49:34.011+0000][7][gc          ] GC(88) Concurrent Mark Cycle
[2024-02-18T11:49:34.012+0000][7][gc,marking  ] GC(88) Concurrent Scan Root Regions
[2024-02-18T11:49:34.011+0000][7][gc,cpu      ] GC(87) User=0.01s Sys=0.02s Real=0.01s
[2024-02-18T11:49:34.012+0000][7][safepoint   ] Safepoint "G1CollectForAllocation", Time since last: 449104774 ns, Reaching safepoint: 15610 ns, Cleanup: 9047 ns, At safepoint: 6646289 ns, Total: 6670946 ns
[2024-02-18T11:49:34.013+0000][7][gc,marking  ] GC(88) Concurrent Scan Root Regions 1.255ms
[2024-02-18T11:49:34.013+0000][7][gc,marking  ] GC(88) Concurrent Mark
[2024-02-18T11:49:34.013+0000][7][gc,marking  ] GC(88) Concurrent Mark From Roots
[2024-02-18T11:49:34.013+0000][7][gc,task     ] GC(88) Using 3 workers of 3 for marking
[2024-02-18T11:49:34.049+0000][7][gc,marking  ] GC(88) Concurrent Mark From Roots 36.190ms
[2024-02-18T11:49:34.049+0000][7][gc,marking  ] GC(88) Concurrent Preclean
[2024-02-18T11:49:34.050+0000][7][gc,marking  ] GC(88) Concurrent Preclean 0.272ms
[2024-02-18T11:49:34.050+0000][7][gc,start    ] GC(88) Pause Remark
[2024-02-18T11:49:34.056+0000][7][gc          ] GC(88) Pause Remark 137M->137M(512M) 6.014ms
[2024-02-18T11:49:34.056+0000][7][gc,cpu      ] GC(88) User=0.03s Sys=0.00s Real=0.01s
[2024-02-18T11:49:34.056+0000][7][safepoint   ] Safepoint "G1PauseRemark", Time since last: 37937918 ns, Reaching safepoint: 15119 ns, Cleanup: 2966 ns, At safepoint: 6445570 ns, Total: 6463655 ns
[2024-02-18T11:49:34.056+0000][7][gc,marking  ] GC(88) Concurrent Mark 43.468ms
[2024-02-18T11:49:34.057+0000][7][gc,marking  ] GC(88) Concurrent Rebuild Remembered Sets and Scrub Regions
[2024-02-18T11:49:34.074+0000][7][gc,marking  ] GC(88) Concurrent Rebuild Remembered Sets and Scrub Regions 17.010ms
[2024-02-18T11:49:34.074+0000][7][gc,start    ] GC(88) Pause Cleanup
[2024-02-18T11:49:34.074+0000][7][gc          ] GC(88) Pause Cleanup 137M->137M(512M) 0.271ms
[2024-02-18T11:49:34.074+0000][7][gc,cpu      ] GC(88) User=0.00s Sys=0.00s Real=0.00s
[2024-02-18T11:49:34.074+0000][7][safepoint   ] Safepoint "G1PauseCleanup", Time since last: 17573724 ns, Reaching safepoint: 12214 ns, Cleanup: 3947 ns, At safepoint: 551351 ns, Total: 567512 ns
[2024-02-18T11:49:34.075+0000][7][gc,marking  ] GC(88) Concurrent Clear Claimed Marks
[2024-02-18T11:49:34.075+0000][7][gc,marking  ] GC(88) Concurrent Clear Claimed Marks 0.244ms
[2024-02-18T11:49:34.075+0000][7][gc,marking  ] GC(88) Concurrent Cleanup for Next Mark
[2024-02-18T11:49:34.075+0000][7][gc,marking  ] GC(88) Concurrent Cleanup for Next Mark 0.502ms
[2024-02-18T11:49:34.075+0000][7][gc          ] GC(88) Concurrent Mark Cycle 64.025ms
[2024-02-18T11:49:40.075+0000][7][safepoint   ] Safepoint "Cleanup", Time since last: 6000580565 ns, Reaching safepoint: 52431 ns, Cleanup: 14738 ns, At safepoint: 4018 ns, Total: 71187 ns
[2024-02-18T11:49:43.076+0000][7][safepoint   ] Safepoint "Cleanup", Time since last: 3000444525 ns, Reaching safepoint: 17223 ns, Cleanup: 15019 ns, At safepoint: 3426 ns, Total: 35668 ns
[2024-02-18T11:49:49.076+0000][7][safepoint   ] Safepoint "Cleanup", Time since last: 6000751929 ns, Reaching safepoint: 17904 ns, Cleanup: 15179 ns, At safepoint: 3417 ns, Total: 36500 ns
[2024-02-18T11:49:52.077+0000][7][safepoint   ] Safepoint "Cleanup", Time since last: 3000557191 ns, Reaching safepoint: 17303 ns, Cleanup: 14428 ns, At safepoint: 2685 ns, Total: 34416 ns
[2024-02-18T11:50:19.079+0000][7][safepoint   ] Safepoint "Cleanup", Time since last: 27002507282 ns, Reaching safepoint: 18155 ns, Cleanup: 13316 ns, At safepoint: 4087 ns, Total: 35558 ns
[2024-02-18T11:50:39.506+0000][7][gc,start    ] GC(89) Pause Young (Prepare Mixed) (G1 Evacuation Pause)
[2024-02-18T11:50:39.507+0000][7][gc,task     ] GC(89) Using 12 workers of 13 for evacuation
[2024-02-18T11:50:39.507+0000][7][gc,age      ] GC(89) Desired survivor size 20971520 bytes, new threshold 15 (max threshold 15)
[2024-02-18T11:50:39.511+0000][7][gc,phases   ] GC(89)   Pre Evacuate Collection Set: 0.3ms
[2024-02-18T11:50:39.512+0000][7][gc,phases   ] GC(89)   Merge Heap Roots: 0.1ms
[2024-02-18T11:50:39.512+0000][7][gc,phases   ] GC(89)   Evacuate Collection Set: 2.9ms
[2024-02-18T11:50:39.512+0000][7][gc,phases   ] GC(89)   Post Evacuate Collection Set: 0.9ms
[2024-02-18T11:50:39.512+0000][7][gc,phases   ] GC(89)   Other: 0.4ms
[2024-02-18T11:50:39.512+0000][7][gc,age      ] GC(89) Age table with threshold 15 (max threshold 15)
[2024-02-18T11:50:39.512+0000][7][gc,age      ] GC(89) - age   1:    1178352 bytes,    1178352 total
[2024-02-18T11:50:39.513+0000][7][gc,age      ] GC(89) - age   2:     174256 bytes,    1352608 total
[2024-02-18T11:50:39.513+0000][7][gc,age      ] GC(89) - age   3:      16240 bytes,    1368848 total
[2024-02-18T11:50:39.513+0000][7][gc,age      ] GC(89) - age   4:       5904 bytes,    1374752 total
[2024-02-18T11:50:39.513+0000][7][gc,age      ] GC(89) - age   5:      37328 bytes,    1412080 total
[2024-02-18T11:50:39.513+0000][7][gc,age      ] GC(89) - age   6:      40896 bytes,    1452976 total
[2024-02-18T11:50:39.514+0000][7][gc,age      ] GC(89) - age   7:     113200 bytes,    1566176 total
[2024-02-18T11:50:39.514+0000][7][gc,age      ] GC(89) - age   8:    3788760 bytes,    5354936 total
[2024-02-18T11:50:39.514+0000][7][gc,age      ] GC(89) - age   9:     170864 bytes,    5525800 total
[2024-02-18T11:50:39.514+0000][7][gc,age      ] GC(89) - age  10:      33192 bytes,    5558992 total
[2024-02-18T11:50:39.514+0000][7][gc,age      ] GC(89) - age  11:       2200 bytes,    5561192 total
[2024-02-18T11:50:39.515+0000][7][gc,age      ] GC(89) - age  12:       4664 bytes,    5565856 total
[2024-02-18T11:50:39.515+0000][7][gc,age      ] GC(89) - age  13:      27024 bytes,    5592880 total
[2024-02-18T11:50:39.515+0000][7][gc,age      ] GC(89) - age  14:       4496 bytes,    5597376 total
[2024-02-18T11:50:39.515+0000][7][gc,age      ] GC(89) - age  15:      19344 bytes,    5616720 total
[2024-02-18T11:50:39.515+0000][7][gc,heap     ] GC(89) Eden regions: 74->0(74)
[2024-02-18T11:50:39.515+0000][7][gc,heap     ] GC(89) Survivor regions: 2->2(10)
[2024-02-18T11:50:39.515+0000][7][gc,heap     ] GC(89) Old regions: 31->31
[2024-02-18T11:50:39.516+0000][7][gc,heap     ] GC(89) Humongous regions: 2->2
[2024-02-18T11:50:39.516+0000][7][gc,metaspace] GC(89) Metaspace: 120705K(125504K)->120705K(125504K) NonClass: 105001K(107968K)->105001K(107968K) Class: 15704K(17536K)->15704K(17536K)
[2024-02-18T11:50:39.516+0000][7][gc          ] GC(89) Pause Young (Prepare Mixed) (G1 Evacuation Pause) 430M->134M(512M) 9.520ms
[2024-02-18T11:50:39.516+0000][7][gc,cpu      ] GC(89) User=0.02s Sys=0.00s Real=0.01s
[2024-02-18T11:50:39.516+0000][7][safepoint   ] Safepoint "G1CollectForAllocation", Time since last: 20426710858 ns, Reaching safepoint: 139898 ns, Cleanup: 4939 ns, At safepoint: 10081294 ns, Total: 10226131 ns
[2024-02-18T11:50:43.517+0000][7][safepoint   ] Safepoint "Cleanup", Time since last: 4000503832 ns, Reaching safepoint: 18335 ns, Cleanup: 16071 ns, At safepoint: 3567 ns, Total: 37973 ns
[2024-02-18T11:50:46.517+0000][7][safepoint   ] Safepoint "Cleanup", Time since last: 3000516724 ns, Reaching safepoint: 18435 ns, Cleanup: 15920 ns, At safepoint: 4038 ns, Total: 38393 ns
[2024-02-18T11:50:51.518+0000][7][safepoint   ] Safepoint "Cleanup", Time since last: 5000683419 ns, Reaching safepoint: 15510 ns, Cleanup: 18315 ns, At safepoint: 3998 ns, Total: 37823 ns
[2024-02-18T11:50:57.519+0000][7][safepoint   ] Safepoint "Cleanup", Time since last: 6000756296 ns, Reaching safepoint: 18214 ns, Cleanup: 12815 ns, At safepoint: 4158 ns, Total: 35187 ns
[2024-02-18T11:50:59.519+0000][7][safepoint   ] Safepoint "Cleanup", Time since last: 2000430500 ns, Reaching safepoint: 17474 ns, Cleanup: 13205 ns, At safepoint: 3657 ns, Total: 34336 ns
[2024-02-18T11:51:04.520+0000][7][safepoint   ] Safepoint "Cleanup", Time since last: 5000706924 ns, Reaching safepoint: 82148 ns, Cleanup: 36650 ns, At safepoint: 7244 ns, Total: 126042 ns
[2024-02-18T11:51:09.521+0000][7][safepoint   ] Safepoint "Cleanup", Time since last: 5000992330 ns, Reaching safepoint: 33935 ns, Cleanup: 8116 ns, At safepoint: 3246 ns, Total: 45297 ns
[2024-02-18T11:51:12.522+0000][7][safepoint   ] Safepoint "Cleanup", Time since last: 3000518237 ns, Reaching safepoint: 19347 ns, Cleanup: 15660 ns, At safepoint: 4018 ns, Total: 39025 ns
[2024-02-18T11:51:15.522+0000][7][safepoint   ] Safepoint "Cleanup", Time since last: 3000523216 ns, Reaching safepoint: 17844 ns, Cleanup: 12824 ns, At safepoint: 3227 ns, Total: 33895 ns
[2024-02-18T11:51:32.599+0000][7][safepoint   ] Safepoint "Cleanup", Time since last: 17076397265 ns, Reaching safepoint: 98875 ns, Cleanup: 9327 ns, At safepoint: 17975 ns, Total: 126177 ns
[2024-02-18T11:51:39.568+0000][7][gc,start    ] GC(90) Pause Young (Mixed) (G1 Evacuation Pause)
[2024-02-18T11:51:39.569+0000][7][gc,task     ] GC(90) Using 12 workers of 13 for evacuation
[2024-02-18T11:51:39.569+0000][7][gc,age      ] GC(90) Desired survivor size 20971520 bytes, new threshold 15 (max threshold 15)
[2024-02-18T11:51:39.574+0000][7][gc,phases   ] GC(90)   Pre Evacuate Collection Set: 0.2ms
[2024-02-18T11:51:39.574+0000][7][gc,phases   ] GC(90)   Merge Heap Roots: 0.1ms
[2024-02-18T11:51:39.575+0000][7][gc,phases   ] GC(90)   Evacuate Collection Set: 4.4ms
[2024-02-18T11:51:39.575+0000][7][gc,phases   ] GC(90)   Post Evacuate Collection Set: 0.7ms
[2024-02-18T11:51:39.575+0000][7][gc,phases   ] GC(90)   Other: 0.3ms
[2024-02-18T11:51:39.575+0000][7][gc,age      ] GC(90) Age table with threshold 15 (max threshold 15)
[2024-02-18T11:51:39.575+0000][7][gc,age      ] GC(90) - age   1:    1981112 bytes,    1981112 total
[2024-02-18T11:51:39.575+0000][7][gc,age      ] GC(90) - age   2:      29864 bytes,    2010976 total
[2024-02-18T11:51:39.575+0000][7][gc,age      ] GC(90) - age   3:      55024 bytes,    2066000 total
[2024-02-18T11:51:39.575+0000][7][gc,age      ] GC(90) - age   4:      14736 bytes,    2080736 total
[2024-02-18T11:51:39.575+0000][7][gc,age      ] GC(90) - age   5:       5840 bytes,    2086576 total
[2024-02-18T11:51:39.575+0000][7][gc,age      ] GC(90) - age   6:      36912 bytes,    2123488 total
[2024-02-18T11:51:39.576+0000][7][gc,age      ] GC(90) - age   7:      40200 bytes,    2163688 total
[2024-02-18T11:51:39.576+0000][7][gc,age      ] GC(90) - age   8:      37056 bytes,    2200744 total
[2024-02-18T11:51:39.576+0000][7][gc,age      ] GC(90) - age   9:    3788320 bytes,    5989064 total
[2024-02-18T11:51:39.576+0000][7][gc,age      ] GC(90) - age  10:     170672 bytes,    6159736 total
[2024-02-18T11:51:39.576+0000][7][gc,age      ] GC(90) - age  11:      33192 bytes,    6192928 total
[2024-02-18T11:51:39.576+0000][7][gc,age      ] GC(90) - age  12:       2200 bytes,    6195128 total
[2024-02-18T11:51:39.576+0000][7][gc,age      ] GC(90) - age  13:       4664 bytes,    6199792 total
[2024-02-18T11:51:39.576+0000][7][gc,age      ] GC(90) - age  14:      27024 bytes,    6226816 total
[2024-02-18T11:51:39.576+0000][7][gc,age      ] GC(90) - age  15:       4496 bytes,    6231312 total
[2024-02-18T11:51:39.576+0000][7][gc,heap     ] GC(90) Eden regions: 74->0(74)
[2024-02-18T11:51:39.577+0000][7][gc,heap     ] GC(90) Survivor regions: 2->2(10)
[2024-02-18T11:51:39.577+0000][7][gc,heap     ] GC(90) Old regions: 31->30
[2024-02-18T11:51:39.577+0000][7][gc,heap     ] GC(90) Humongous regions: 2->2
[2024-02-18T11:51:39.577+0000][7][gc,metaspace] GC(90) Metaspace: 120714K(125504K)->120714K(125504K) NonClass: 105010K(107968K)->105010K(107968K) Class: 15704K(17536K)->15704K(17536K)
[2024-02-18T11:51:39.577+0000][7][gc          ] GC(90) Pause Young (Mixed) (G1 Evacuation Pause) 430M->134M(512M) 8.513ms
[2024-02-18T11:51:39.577+0000][7][gc,cpu      ] GC(90) User=0.03s Sys=0.01s Real=0.01s
[2024-02-18T11:51:39.577+0000][7][safepoint   ] Safepoint "G1CollectForAllocation", Time since last: 6969442484 ns, Reaching safepoint: 16902 ns, Cleanup: 4278 ns, At safepoint: 8852184 ns, Total: 8873364 ns
[2024-02-18T11:51:40.596+0000][7][safepoint   ] Safepoint "Cleanup", Time since last: 1018710060 ns, Reaching safepoint: 17603 ns, Cleanup: 18105 ns, At safepoint: 3356 ns, Total: 39064 ns
[2024-02-18T11:51:41.596+0000][7][safepoint   ] Safepoint "Cleanup", Time since last: 1000346703 ns, Reaching safepoint: 34185 ns, Cleanup: 23475 ns, At safepoint: 4869 ns, Total: 62529 ns
[2024-02-18T11:51:51.598+0000][7][safepoint   ] Safepoint "Cleanup", Time since last: 10001172215 ns, Reaching safepoint: 28735 ns, Cleanup: 20339 ns, At safepoint: 32592 ns, Total: 81666 ns
[2024-02-18T11:51:58.599+0000][7][safepoint   ] Safepoint "Cleanup", Time since last: 7001162839 ns, Reaching safepoint: 19527 ns, Cleanup: 13366 ns, At safepoint: 3156 ns, Total: 36049 ns
[2024-02-18T11:52:15.601+0000][7][safepoint   ] Safepoint "Cleanup", Time since last: 17001876200 ns, Reaching safepoint: 18475 ns, Cleanup: 11753 ns, At safepoint: 3697 ns, Total: 33925 ns
[2024-02-18T11:52:16.601+0000][7][safepoint   ] Safepoint "Cleanup", Time since last: 1000327815 ns, Reaching safepoint: 18656 ns, Cleanup: 13546 ns, At safepoint: 3918 ns, Total: 36120 ns
[2024-02-18T11:52:31.620+0000][7][safepoint   ] Safepoint "Cleanup", Time since last: 15019075254 ns, Reaching safepoint: 16342 ns, Cleanup: 14618 ns, At safepoint: 2945 ns, Total: 33905 ns
[2024-02-18T11:52:39.506+0000][7][gc,start    ] GC(91) Pause Young (Concurrent Start) (G1 Evacuation Pause)
[2024-02-18T11:52:39.506+0000][7][gc,task     ] GC(91) Using 12 workers of 13 for evacuation
[2024-02-18T11:52:39.506+0000][7][gc,age      ] GC(91) Desired survivor size 20971520 bytes, new threshold 15 (max threshold 15)
[2024-02-18T11:52:39.509+0000][7][gc,phases   ] GC(91)   Pre Evacuate Collection Set: 0.2ms
[2024-02-18T11:52:39.509+0000][7][gc,phases   ] GC(91)   Merge Heap Roots: 0.1ms
[2024-02-18T11:52:39.509+0000][7][gc,phases   ] GC(91)   Evacuate Collection Set: 1.8ms
[2024-02-18T11:52:39.509+0000][7][gc,phases   ] GC(91)   Post Evacuate Collection Set: 0.6ms
[2024-02-18T11:52:39.510+0000][7][gc,phases   ] GC(91)   Other: 0.3ms
[2024-02-18T11:52:39.510+0000][7][gc,age      ] GC(91) Age table with threshold 15 (max threshold 15)
[2024-02-18T11:52:39.510+0000][7][gc,age      ] GC(91) - age   1:    1220232 bytes,    1220232 total
[2024-02-18T11:52:39.510+0000][7][gc,age      ] GC(91) - age   2:     247936 bytes,    1468168 total
[2024-02-18T11:52:39.510+0000][7][gc,age      ] GC(91) - age   3:      26832 bytes,    1495000 total
[2024-02-18T11:52:39.510+0000][7][gc,age      ] GC(91) - age   4:      53552 bytes,    1548552 total
[2024-02-18T11:52:39.510+0000][7][gc,age      ] GC(91) - age   5:      14672 bytes,    1563224 total
[2024-02-18T11:52:39.510+0000][7][gc,age      ] GC(91) - age   6:       5632 bytes,    1568856 total
[2024-02-18T11:52:39.510+0000][7][gc,age      ] GC(91) - age   7:      35840 bytes,    1604696 total
[2024-02-18T11:52:39.510+0000][7][gc,age      ] GC(91) - age   8:      39880 bytes,    1644576 total
[2024-02-18T11:52:39.510+0000][7][gc,age      ] GC(91) - age   9:      37056 bytes,    1681632 total
[2024-02-18T11:52:39.511+0000][7][gc,age      ] GC(91) - age  10:    3787944 bytes,    5469576 total
[2024-02-18T11:52:39.511+0000][7][gc,age      ] GC(91) - age  11:     170672 bytes,    5640248 total
[2024-02-18T11:52:39.511+0000][7][gc,age      ] GC(91) - age  12:      30200 bytes,    5670448 total
[2024-02-18T11:52:39.511+0000][7][gc,age      ] GC(91) - age  13:       2200 bytes,    5672648 total
[2024-02-18T11:52:39.511+0000][7][gc,age      ] GC(91) - age  14:       4664 bytes,    5677312 total
[2024-02-18T11:52:39.511+0000][7][gc,age      ] GC(91) - age  15:      27024 bytes,    5704336 total
[2024-02-18T11:52:39.511+0000][7][gc,heap     ] GC(91) Eden regions: 74->0(74)
[2024-02-18T11:52:39.511+0000][7][gc,heap     ] GC(91) Survivor regions: 2->2(10)
[2024-02-18T11:52:39.511+0000][7][gc,heap     ] GC(91) Old regions: 30->30
[2024-02-18T11:52:39.511+0000][7][gc,heap     ] GC(91) Humongous regions: 2->2
[2024-02-18T11:52:39.511+0000][7][gc,metaspace] GC(91) Metaspace: 120719K(125504K)->120719K(125504K) NonClass: 105014K(107968K)->105014K(107968K) Class: 15705K(17536K)->15705K(17536K)
[2024-02-18T11:52:39.512+0000][7][gc          ] GC(91) Pause Young (Concurrent Start) (G1 Evacuation Pause) 430M->133M(512M) 5.855ms
[2024-02-18T11:52:39.512+0000][7][gc          ] GC(92) Concurrent Mark Cycle
[2024-02-18T11:52:39.512+0000][7][gc,marking  ] GC(92) Concurrent Scan Root Regions
[2024-02-18T11:52:39.512+0000][7][gc,cpu      ] GC(91) User=0.02s Sys=0.00s Real=0.01s
[2024-02-18T11:52:39.512+0000][7][safepoint   ] Safepoint "G1CollectForAllocation", Time since last: 7885432502 ns, Reaching safepoint: 15449 ns, Cleanup: 2906 ns, At safepoint: 6307341 ns, Total: 6325696 ns
[2024-02-18T11:52:39.513+0000][7][gc,marking  ] GC(92) Concurrent Scan Root Regions 1.487ms
[2024-02-18T11:52:39.513+0000][7][gc,marking  ] GC(92) Concurrent Mark
[2024-02-18T11:52:39.514+0000][7][gc,marking  ] GC(92) Concurrent Mark From Roots
[2024-02-18T11:52:39.514+0000][7][gc,task     ] GC(92) Using 3 workers of 3 for marking
[2024-02-18T11:52:39.548+0000][7][gc,marking  ] GC(92) Concurrent Mark From Roots 34.899ms
[2024-02-18T11:52:39.549+0000][7][gc,marking  ] GC(92) Concurrent Preclean
[2024-02-18T11:52:39.549+0000][7][gc,marking  ] GC(92) Concurrent Preclean 0.266ms
[2024-02-18T11:52:39.549+0000][7][gc,start    ] GC(92) Pause Remark
[2024-02-18T11:52:39.553+0000][7][gc          ] GC(92) Pause Remark 134M->134M(512M) 3.718ms
[2024-02-18T11:52:39.553+0000][7][gc,cpu      ] GC(92) User=0.03s Sys=0.00s Real=0.00s
[2024-02-18T11:52:39.553+0000][7][safepoint   ] Safepoint "G1PauseRemark", Time since last: 37046045 ns, Reaching safepoint: 17143 ns, Cleanup: 3787 ns, At safepoint: 4119691 ns, Total: 4140621 ns
[2024-02-18T11:52:39.553+0000][7][gc,marking  ] GC(92) Concurrent Mark 39.897ms
[2024-02-18T11:52:39.553+0000][7][gc,marking  ] GC(92) Concurrent Rebuild Remembered Sets and Scrub Regions
[2024-02-18T11:52:39.568+0000][7][gc,marking  ] GC(92) Concurrent Rebuild Remembered Sets and Scrub Regions 14.490ms
[2024-02-18T11:52:39.568+0000][7][gc,start    ] GC(92) Pause Cleanup
[2024-02-18T11:52:39.568+0000][7][gc          ] GC(92) Pause Cleanup 135M->135M(512M) 0.266ms
[2024-02-18T11:52:39.569+0000][7][gc,cpu      ] GC(92) User=0.00s Sys=0.00s Real=0.00s
[2024-02-18T11:52:39.569+0000][7][safepoint   ] Safepoint "G1PauseCleanup", Time since last: 14904576 ns, Reaching safepoint: 13777 ns, Cleanup: 3927 ns, At safepoint: 533873 ns, Total: 551577 ns
[2024-02-18T11:52:39.569+0000][7][gc,marking  ] GC(92) Concurrent Clear Claimed Marks
[2024-02-18T11:52:39.569+0000][7][gc,marking  ] GC(92) Concurrent Clear Claimed Marks 0.217ms
[2024-02-18T11:52:39.569+0000][7][gc,marking  ] GC(92) Concurrent Cleanup for Next Mark
[2024-02-18T11:52:39.570+0000][7][gc,marking  ] GC(92) Concurrent Cleanup for Next Mark 0.535ms
[2024-02-18T11:52:39.570+0000][7][gc          ] GC(92) Concurrent Mark Cycle 58.062ms
[2024-02-18T11:52:52.570+0000][7][safepoint   ] Safepoint "Cleanup", Time since last: 13001406553 ns, Reaching safepoint: 18776 ns, Cleanup: 12464 ns, At safepoint: 3667 ns, Total: 34907 ns
[2024-02-18T11:53:00.571+0000][7][safepoint   ] Safepoint "Cleanup", Time since last: 8000943982 ns, Reaching safepoint: 18485 ns, Cleanup: 13336 ns, At safepoint: 4148 ns, Total: 35969 ns
[2024-02-18T11:53:01.572+0000][7][safepoint   ] Safepoint "Cleanup", Time since last: 1000468495 ns, Reaching safepoint: 29326 ns, Cleanup: 17023 ns, At safepoint: 5771 ns, Total: 52120 ns
[2024-02-18T11:53:03.572+0000][7][safepoint   ] Safepoint "Cleanup", Time since last: 2000407727 ns, Reaching safepoint: 17113 ns, Cleanup: 12434 ns, At safepoint: 3306 ns, Total: 32853 ns
[2024-02-18T11:53:08.573+0000][7][safepoint   ] Safepoint "Cleanup", Time since last: 5000501501 ns, Reaching safepoint: 37491 ns, Cleanup: 11793 ns, At safepoint: 5050 ns, Total: 54334 ns
[2024-02-18T11:53:09.573+0000][7][safepoint   ] Safepoint "Cleanup", Time since last: 1000361099 ns, Reaching safepoint: 18446 ns, Cleanup: 10981 ns, At safepoint: 3647 ns, Total: 33074 ns
[2024-02-18T11:53:11.573+0000][7][safepoint   ] Safepoint "Cleanup", Time since last: 2000363787 ns, Reaching safepoint: 17283 ns, Cleanup: 13787 ns, At safepoint: 3015 ns, Total: 34085 ns
[2024-02-18T11:53:33.937+0000][7][gc,start    ] GC(93) Pause Young (Prepare Mixed) (G1 Evacuation Pause)
[2024-02-18T11:53:33.938+0000][7][gc,task     ] GC(93) Using 12 workers of 13 for evacuation
[2024-02-18T11:53:33.938+0000][7][gc,age      ] GC(93) Desired survivor size 20971520 bytes, new threshold 15 (max threshold 15)
[2024-02-18T11:53:33.941+0000][7][gc,phases   ] GC(93)   Pre Evacuate Collection Set: 0.2ms
[2024-02-18T11:53:33.941+0000][7][gc,phases   ] GC(93)   Merge Heap Roots: 0.1ms
[2024-02-18T11:53:33.941+0000][7][gc,phases   ] GC(93)   Evacuate Collection Set: 1.9ms
[2024-02-18T11:53:33.941+0000][7][gc,phases   ] GC(93)   Post Evacuate Collection Set: 0.7ms
[2024-02-18T11:53:33.941+0000][7][gc,phases   ] GC(93)   Other: 0.2ms
[2024-02-18T11:53:33.942+0000][7][gc,age      ] GC(93) Age table with threshold 15 (max threshold 15)
[2024-02-18T11:53:33.942+0000][7][gc,age      ] GC(93) - age   1:    2022848 bytes,    2022848 total
[2024-02-18T11:53:33.942+0000][7][gc,age      ] GC(93) - age   2:      44856 bytes,    2067704 total
[2024-02-18T11:53:33.942+0000][7][gc,age      ] GC(93) - age   3:     174968 bytes,    2242672 total
[2024-02-18T11:53:33.942+0000][7][gc,age      ] GC(93) - age   4:      23304 bytes,    2265976 total
[2024-02-18T11:53:33.942+0000][7][gc,age      ] GC(93) - age   5:      53136 bytes,    2319112 total
[2024-02-18T11:53:33.942+0000][7][gc,age      ] GC(93) - age   6:      14544 bytes,    2333656 total
[2024-02-18T11:53:33.943+0000][7][gc,age      ] GC(93) - age   7:       5536 bytes,    2339192 total
[2024-02-18T11:53:33.943+0000][7][gc,age      ] GC(93) - age   8:      34576 bytes,    2373768 total
[2024-02-18T11:53:33.943+0000][7][gc,age      ] GC(93) - age   9:      38488 bytes,    2412256 total
[2024-02-18T11:53:33.943+0000][7][gc,age      ] GC(93) - age  10:      36896 bytes,    2449152 total
[2024-02-18T11:53:33.943+0000][7][gc,age      ] GC(93) - age  11:    3786384 bytes,    6235536 total
[2024-02-18T11:53:33.943+0000][7][gc,age      ] GC(93) - age  12:     170672 bytes,    6406208 total
[2024-02-18T11:53:33.943+0000][7][gc,age      ] GC(93) - age  13:      30200 bytes,    6436408 total
[2024-02-18T11:53:33.943+0000][7][gc,age      ] GC(93) - age  14:       2200 bytes,    6438608 total
[2024-02-18T11:53:33.943+0000][7][gc,age      ] GC(93) - age  15:       4664 bytes,    6443272 total
[2024-02-18T11:53:33.943+0000][7][gc,heap     ] GC(93) Eden regions: 74->0(74)
[2024-02-18T11:53:33.943+0000][7][gc,heap     ] GC(93) Survivor regions: 2->2(10)
[2024-02-18T11:53:33.944+0000][7][gc,heap     ] GC(93) Old regions: 30->30
[2024-02-18T11:53:33.944+0000][7][gc,heap     ] GC(93) Humongous regions: 2->2
[2024-02-18T11:53:33.944+0000][7][gc,metaspace] GC(93) Metaspace: 120726K(125504K)->120726K(125504K) NonClass: 105020K(107968K)->105020K(107968K) Class: 15705K(17536K)->15705K(17536K)
[2024-02-18T11:53:33.944+0000][7][gc          ] GC(93) Pause Young (Prepare Mixed) (G1 Evacuation Pause) 429M->134M(512M) 6.592ms
[2024-02-18T11:53:33.944+0000][7][gc,cpu      ] GC(93) User=0.02s Sys=0.00s Real=0.00s
[2024-02-18T11:53:33.944+0000][7][safepoint   ] Safepoint "G1CollectForAllocation", Time since last: 22363830924 ns, Reaching safepoint: 17484 ns, Cleanup: 4599 ns, At safepoint: 7027330 ns, Total: 7049413 ns
[2024-02-18T11:53:45.946+0000][7][safepoint   ] Safepoint "Cleanup", Time since last: 12001265971 ns, Reaching safepoint: 60416 ns, Cleanup: 12855 ns, At safepoint: 3607 ns, Total: 76878 ns
[2024-02-18T11:53:51.947+0000][7][safepoint   ] Safepoint "Cleanup", Time since last: 6000886335 ns, Reaching safepoint: 33494 ns, Cleanup: 19828 ns, At safepoint: 6282 ns, Total: 59604 ns
[2024-02-18T11:53:52.947+0000][7][safepoint   ] Safepoint "Cleanup", Time since last: 1000557450 ns, Reaching safepoint: 22654 ns, Cleanup: 16471 ns, At safepoint: 3387 ns, Total: 42512 ns
[2024-02-18T11:53:54.948+0000][7][safepoint   ] Safepoint "Cleanup", Time since last: 2000502975 ns, Reaching safepoint: 17824 ns, Cleanup: 10159 ns, At safepoint: 3367 ns, Total: 31350 ns
[2024-02-18T11:54:02.950+0000][7][safepoint   ] Safepoint "Cleanup", Time since last: 8000907151 ns, Reaching safepoint: 26421 ns, Cleanup: 15810 ns, At safepoint: 3687 ns, Total: 45918 ns
[2024-02-18T11:54:03.950+0000][7][safepoint   ] Safepoint "Cleanup", Time since last: 1000398240 ns, Reaching safepoint: 38003 ns, Cleanup: 28014 ns, At safepoint: 5069 ns, Total: 71086 ns
[2024-02-18T11:54:10.951+0000][7][safepoint   ] Safepoint "Cleanup", Time since last: 7001044818 ns, Reaching safepoint: 24748 ns, Cleanup: 13305 ns, At safepoint: 4078 ns, Total: 42131 ns
[2024-02-18T11:54:11.952+0000][7][safepoint   ] Safepoint "Cleanup", Time since last: 1000360418 ns, Reaching safepoint: 18085 ns, Cleanup: 11432 ns, At safepoint: 3757 ns, Total: 33274 ns
[2024-02-18T11:54:15.953+0000][7][safepoint   ] Safepoint "Cleanup", Time since last: 4000596174 ns, Reaching safepoint: 24237 ns, Cleanup: 12584 ns, At safepoint: 4097 ns, Total: 40918 ns
[2024-02-18T11:54:37.665+0000][7][safepoint   ] Safepoint "Cleanup", Time since last: 21713642734 ns, Reaching safepoint: 18054 ns, Cleanup: 13526 ns, At safepoint: 2816 ns, Total: 34396 ns
[2024-02-18T11:54:39.421+0000][7][gc,start    ] GC(94) Pause Young (Mixed) (G1 Evacuation Pause)
[2024-02-18T11:54:39.421+0000][7][gc,task     ] GC(94) Using 12 workers of 13 for evacuation
[2024-02-18T11:54:39.421+0000][7][gc,age      ] GC(94) Desired survivor size 20971520 bytes, new threshold 15 (max threshold 15)
[2024-02-18T11:54:39.425+0000][7][gc,phases   ] GC(94)   Pre Evacuate Collection Set: 0.2ms
[2024-02-18T11:54:39.425+0000][7][gc,phases   ] GC(94)   Merge Heap Roots: 0.1ms
[2024-02-18T11:54:39.425+0000][7][gc,phases   ] GC(94)   Evacuate Collection Set: 2.3ms
[2024-02-18T11:54:39.425+0000][7][gc,phases   ] GC(94)   Post Evacuate Collection Set: 0.7ms
[2024-02-18T11:54:39.425+0000][7][gc,phases   ] GC(94)   Other: 0.3ms
[2024-02-18T11:54:39.425+0000][7][gc,age      ] GC(94) Age table with threshold 15 (max threshold 15)
[2024-02-18T11:54:39.425+0000][7][gc,age      ] GC(94) - age   1:    1544416 bytes,    1544416 total
[2024-02-18T11:54:39.426+0000][7][gc,age      ] GC(94) - age   2:     285416 bytes,    1829832 total
[2024-02-18T11:54:39.426+0000][7][gc,age      ] GC(94) - age   3:      39112 bytes,    1868944 total
[2024-02-18T11:54:39.426+0000][7][gc,age      ] GC(94) - age   4:     173504 bytes,    2042448 total
[2024-02-18T11:54:39.426+0000][7][gc,age      ] GC(94) - age   5:      23128 bytes,    2065576 total
[2024-02-18T11:54:39.426+0000][7][gc,age      ] GC(94) - age   6:      53072 bytes,    2118648 total
[2024-02-18T11:54:39.426+0000][7][gc,age      ] GC(94) - age   7:      14384 bytes,    2133032 total
[2024-02-18T11:54:39.426+0000][7][gc,age      ] GC(94) - age   8:       5216 bytes,    2138248 total
[2024-02-18T11:54:39.426+0000][7][gc,age      ] GC(94) - age   9:      34512 bytes,    2172760 total
[2024-02-18T11:54:39.427+0000][7][gc,age      ] GC(94) - age  10:      38488 bytes,    2211248 total
[2024-02-18T11:54:39.427+0000][7][gc,age      ] GC(94) - age  11:      36896 bytes,    2248144 total
[2024-02-18T11:54:39.427+0000][7][gc,age      ] GC(94) - age  12:    3786224 bytes,    6034368 total
[2024-02-18T11:54:39.427+0000][7][gc,age      ] GC(94) - age  13:     170672 bytes,    6205040 total
[2024-02-18T11:54:39.427+0000][7][gc,age      ] GC(94) - age  14:      30200 bytes,    6235240 total
[2024-02-18T11:54:39.427+0000][7][gc,age      ] GC(94) - age  15:       2200 bytes,    6237440 total
[2024-02-18T11:54:39.427+0000][7][gc,heap     ] GC(94) Eden regions: 74->0(74)
[2024-02-18T11:54:39.427+0000][7][gc,heap     ] GC(94) Survivor regions: 2->2(10)
[2024-02-18T11:54:39.427+0000][7][gc,heap     ] GC(94) Old regions: 30->30
[2024-02-18T11:54:39.427+0000][7][gc,heap     ] GC(94) Humongous regions: 2->2
[2024-02-18T11:54:39.428+0000][7][gc,metaspace] GC(94) Metaspace: 120759K(125504K)->120759K(125504K) NonClass: 105053K(107968K)->105053K(107968K) Class: 15706K(17536K)->15706K(17536K)
[2024-02-18T11:54:39.428+0000][7][gc          ] GC(94) Pause Young (Mixed) (G1 Evacuation Pause) 430M->133M(512M) 6.770ms
[2024-02-18T11:54:39.428+0000][7][gc,cpu      ] GC(94) User=0.02s Sys=0.01s Real=0.01s
[2024-02-18T11:54:39.428+0000][7][safepoint   ] Safepoint "G1CollectForAllocation", Time since last: 1755488440 ns, Reaching safepoint: 32392 ns, Cleanup: 4028 ns, At safepoint: 7059291 ns, Total: 7095711 ns
[2024-02-18T11:54:51.466+0000][7][safepoint   ] Safepoint "Cleanup", Time since last: 12038126610 ns, Reaching safepoint: 18996 ns, Cleanup: 10360 ns, At safepoint: 13606 ns, Total: 42962 ns
[2024-02-18T11:54:54.467+0000][7][safepoint   ] Safepoint "Cleanup", Time since last: 3000423145 ns, Reaching safepoint: 16151 ns, Cleanup: 9428 ns, At safepoint: 2735 ns, Total: 28314 ns
[2024-02-18T11:55:07.467+0000][7][safepoint   ] Safepoint "Cleanup", Time since last: 13001306983 ns, Reaching safepoint: 28785 ns, Cleanup: 18335 ns, At safepoint: 6583 ns, Total: 53703 ns
[2024-02-18T11:55:34.686+0000][7][safepoint   ] Safepoint "Cleanup", Time since last: 27218894311 ns, Reaching safepoint: 18184 ns, Cleanup: 15119 ns, At safepoint: 3768 ns, Total: 37071 ns
[2024-02-18T11:55:40.175+0000][7][gc,start    ] GC(95) Pause Young (Concurrent Start) (G1 Evacuation Pause)
[2024-02-18T11:55:40.175+0000][7][gc,task     ] GC(95) Using 12 workers of 13 for evacuation
[2024-02-18T11:55:40.175+0000][7][gc,age      ] GC(95) Desired survivor size 20971520 bytes, new threshold 15 (max threshold 15)
[2024-02-18T11:55:40.178+0000][7][gc,phases   ] GC(95)   Pre Evacuate Collection Set: 0.2ms
[2024-02-18T11:55:40.178+0000][7][gc,phases   ] GC(95)   Merge Heap Roots: 0.1ms
[2024-02-18T11:55:40.178+0000][7][gc,phases   ] GC(95)   Evacuate Collection Set: 1.9ms
[2024-02-18T11:55:40.179+0000][7][gc,phases   ] GC(95)   Post Evacuate Collection Set: 0.6ms
[2024-02-18T11:55:40.179+0000][7][gc,phases   ] GC(95)   Other: 0.3ms
[2024-02-18T11:55:40.179+0000][7][gc,age      ] GC(95) Age table with threshold 15 (max threshold 15)
[2024-02-18T11:55:40.179+0000][7][gc,age      ] GC(95) - age   1:    2034736 bytes,    2034736 total
[2024-02-18T11:55:40.179+0000][7][gc,age      ] GC(95) - age   2:      46080 bytes,    2080816 total
[2024-02-18T11:55:40.179+0000][7][gc,age      ] GC(95) - age   3:     277440 bytes,    2358256 total
[2024-02-18T11:55:40.179+0000][7][gc,age      ] GC(95) - age   4:      38760 bytes,    2397016 total
[2024-02-18T11:55:40.179+0000][7][gc,age      ] GC(95) - age   5:     173344 bytes,    2570360 total
[2024-02-18T11:55:40.179+0000][7][gc,age      ] GC(95) - age   6:      21656 bytes,    2592016 total
[2024-02-18T11:55:40.180+0000][7][gc,age      ] GC(95) - age   7:      53072 bytes,    2645088 total
[2024-02-18T11:55:40.180+0000][7][gc,age      ] GC(95) - age   8:      14384 bytes,    2659472 total
[2024-02-18T11:55:40.180+0000][7][gc,age      ] GC(95) - age   9:       4896 bytes,    2664368 total
[2024-02-18T11:55:40.180+0000][7][gc,age      ] GC(95) - age  10:      34192 bytes,    2698560 total
[2024-02-18T11:55:40.180+0000][7][gc,age      ] GC(95) - age  11:      38488 bytes,    2737048 total
[2024-02-18T11:55:40.180+0000][7][gc,age      ] GC(95) - age  12:      36896 bytes,    2773944 total
[2024-02-18T11:55:40.180+0000][7][gc,age      ] GC(95) - age  13:    3784784 bytes,    6558728 total
[2024-02-18T11:55:40.180+0000][7][gc,age      ] GC(95) - age  14:     170672 bytes,    6729400 total
[2024-02-18T11:55:40.180+0000][7][gc,age      ] GC(95) - age  15:      30200 bytes,    6759600 total
[2024-02-18T11:55:40.180+0000][7][gc,heap     ] GC(95) Eden regions: 74->0(74)
[2024-02-18T11:55:40.181+0000][7][gc,heap     ] GC(95) Survivor regions: 2->2(10)
[2024-02-18T11:55:40.181+0000][7][gc,heap     ] GC(95) Old regions: 30->30
[2024-02-18T11:55:40.181+0000][7][gc,heap     ] GC(95) Humongous regions: 2->2
[2024-02-18T11:55:40.181+0000][7][gc,metaspace] GC(95) Metaspace: 120794K(125504K)->120794K(125504K) NonClass: 105088K(107968K)->105088K(107968K) Class: 15706K(17536K)->15706K(17536K)
[2024-02-18T11:55:40.181+0000][7][gc          ] GC(95) Pause Young (Concurrent Start) (G1 Evacuation Pause) 429M->134M(512M) 6.031ms
[2024-02-18T11:55:40.181+0000][7][gc          ] GC(96) Concurrent Mark Cycle
[2024-02-18T11:55:40.181+0000][7][gc,marking  ] GC(96) Concurrent Scan Root Regions
[2024-02-18T11:55:40.181+0000][7][gc,cpu      ] GC(95) User=0.01s Sys=0.01s Real=0.01s
[2024-02-18T11:55:40.181+0000][7][safepoint   ] Safepoint "G1CollectForAllocation", Time since last: 5488354779 ns, Reaching safepoint: 18015 ns, Cleanup: 3787 ns, At safepoint: 6487245 ns, Total: 6509047 ns
[2024-02-18T11:55:40.182+0000][7][gc,marking  ] GC(96) Concurrent Scan Root Regions 1.374ms
[2024-02-18T11:55:40.183+0000][7][gc,marking  ] GC(96) Concurrent Mark
[2024-02-18T11:55:40.183+0000][7][gc,marking  ] GC(96) Concurrent Mark From Roots
[2024-02-18T11:55:40.183+0000][7][gc,task     ] GC(96) Using 3 workers of 3 for marking
[2024-02-18T11:55:40.218+0000][7][gc,marking  ] GC(96) Concurrent Mark From Roots 35.112ms
[2024-02-18T11:55:40.218+0000][7][gc,marking  ] GC(96) Concurrent Preclean
[2024-02-18T11:55:40.219+0000][7][gc,marking  ] GC(96) Concurrent Preclean 0.249ms
[2024-02-18T11:55:40.219+0000][7][gc,start    ] GC(96) Pause Remark
[2024-02-18T11:55:40.227+0000][7][gc          ] GC(96) Pause Remark 139M->139M(512M) 7.714ms
[2024-02-18T11:55:40.227+0000][7][gc,cpu      ] GC(96) User=0.03s Sys=0.00s Real=0.01s
[2024-02-18T11:55:40.227+0000][7][safepoint   ] Safepoint "G1PauseRemark", Time since last: 37487039 ns, Reaching safepoint: 15881 ns, Cleanup: 2815 ns, At safepoint: 8167834 ns, Total: 8186530 ns
[2024-02-18T11:55:40.227+0000][7][gc,marking  ] GC(96) Concurrent Mark 44.157ms
[2024-02-18T11:55:40.227+0000][7][gc,marking  ] GC(96) Concurrent Rebuild Remembered Sets and Scrub Regions
[2024-02-18T11:55:40.241+0000][7][gc,marking  ] GC(96) Concurrent Rebuild Remembered Sets and Scrub Regions 13.887ms
[2024-02-18T11:55:40.241+0000][7][gc,start    ] GC(96) Pause Cleanup
[2024-02-18T11:55:40.242+0000][7][gc          ] GC(96) Pause Cleanup 140M->140M(512M) 0.275ms
[2024-02-18T11:55:40.242+0000][7][gc,cpu      ] GC(96) User=0.00s Sys=0.00s Real=0.00s
[2024-02-18T11:55:40.242+0000][7][safepoint   ] Safepoint "G1PauseCleanup", Time since last: 14347535 ns, Reaching safepoint: 13346 ns, Cleanup: 10781 ns, At safepoint: 596272 ns, Total: 620399 ns
[2024-02-18T11:55:40.242+0000][7][gc,marking  ] GC(96) Concurrent Clear Claimed Marks
[2024-02-18T11:55:40.242+0000][7][gc,marking  ] GC(96) Concurrent Clear Claimed Marks 0.254ms
[2024-02-18T11:55:40.242+0000][7][gc,marking  ] GC(96) Concurrent Cleanup for Next Mark
[2024-02-18T11:55:40.243+0000][7][gc,marking  ] GC(96) Concurrent Cleanup for Next Mark 0.773ms
[2024-02-18T11:55:40.243+0000][7][gc          ] GC(96) Concurrent Mark Cycle 62.446ms
[2024-02-18T11:55:51.243+0000][7][safepoint   ] Safepoint "Cleanup", Time since last: 11001309060 ns, Reaching safepoint: 65866 ns, Cleanup: 28124 ns, At safepoint: 4629 ns, Total: 98619 ns
[2024-02-18T11:55:52.244+0000][7][safepoint   ] Safepoint "Cleanup", Time since last: 1000540172 ns, Reaching safepoint: 17203 ns, Cleanup: 13005 ns, At safepoint: 3387 ns, Total: 33595 ns
[2024-02-18T11:56:05.245+0000][7][safepoint   ] Safepoint "Cleanup", Time since last: 13001476120 ns, Reaching safepoint: 18766 ns, Cleanup: 13876 ns, At safepoint: 3597 ns, Total: 36239 ns
[2024-02-18T11:56:42.521+0000][7][gc,start    ] GC(97) Pause Young (Prepare Mixed) (G1 Evacuation Pause)
[2024-02-18T11:56:42.522+0000][7][gc,task     ] GC(97) Using 12 workers of 13 for evacuation
[2024-02-18T11:56:42.522+0000][7][gc,age      ] GC(97) Desired survivor size 20971520 bytes, new threshold 15 (max threshold 15)
[2024-02-18T11:56:42.525+0000][7][gc,phases   ] GC(97)   Pre Evacuate Collection Set: 0.2ms
[2024-02-18T11:56:42.525+0000][7][gc,phases   ] GC(97)   Merge Heap Roots: 0.1ms
[2024-02-18T11:56:42.525+0000][7][gc,phases   ] GC(97)   Evacuate Collection Set: 2.0ms
[2024-02-18T11:56:42.525+0000][7][gc,phases   ] GC(97)   Post Evacuate Collection Set: 0.6ms
[2024-02-18T11:56:42.525+0000][7][gc,phases   ] GC(97)   Other: 0.3ms
[2024-02-18T11:56:42.525+0000][7][gc,age      ] GC(97) Age table with threshold 15 (max threshold 15)
[2024-02-18T11:56:42.526+0000][7][gc,age      ] GC(97) - age   1:    1020064 bytes,    1020064 total
[2024-02-18T11:56:42.526+0000][7][gc,age      ] GC(97) - age   2:      48920 bytes,    1068984 total
[2024-02-18T11:56:42.526+0000][7][gc,age      ] GC(97) - age   3:      39728 bytes,    1108712 total
[2024-02-18T11:56:42.526+0000][7][gc,age      ] GC(97) - age   4:     275896 bytes,    1384608 total
[2024-02-18T11:56:42.526+0000][7][gc,age      ] GC(97) - age   5:      38256 bytes,    1422864 total
[2024-02-18T11:56:42.526+0000][7][gc,age      ] GC(97) - age   6:     173344 bytes,    1596208 total
[2024-02-18T11:56:42.526+0000][7][gc,age      ] GC(97) - age   7:      21560 bytes,    1617768 total
[2024-02-18T11:56:42.526+0000][7][gc,age      ] GC(97) - age   8:      53072 bytes,    1670840 total
[2024-02-18T11:56:42.526+0000][7][gc,age      ] GC(97) - age   9:      13608 bytes,    1684448 total
[2024-02-18T11:56:42.527+0000][7][gc,age      ] GC(97) - age  10:       4896 bytes,    1689344 total
[2024-02-18T11:56:42.527+0000][7][gc,age      ] GC(97) - age  11:      34192 bytes,    1723536 total
[2024-02-18T11:56:42.527+0000][7][gc,age      ] GC(97) - age  12:      38488 bytes,    1762024 total
[2024-02-18T11:56:42.527+0000][7][gc,age      ] GC(97) - age  13:      36896 bytes,    1798920 total
[2024-02-18T11:56:42.527+0000][7][gc,age      ] GC(97) - age  14:    3784784 bytes,    5583704 total
[2024-02-18T11:56:42.527+0000][7][gc,age      ] GC(97) - age  15:     170672 bytes,    5754376 total
[2024-02-18T11:56:42.527+0000][7][gc,heap     ] GC(97) Eden regions: 74->0(74)
[2024-02-18T11:56:42.527+0000][7][gc,heap     ] GC(97) Survivor regions: 2->2(10)
[2024-02-18T11:56:42.527+0000][7][gc,heap     ] GC(97) Old regions: 30->30
[2024-02-18T11:56:42.528+0000][7][gc,heap     ] GC(97) Humongous regions: 2->2
[2024-02-18T11:56:42.528+0000][7][gc,metaspace] GC(97) Metaspace: 120797K(125504K)->120797K(125504K) NonClass: 105090K(107968K)->105090K(107968K) Class: 15706K(17536K)->15706K(17536K)
[2024-02-18T11:56:42.528+0000][7][gc          ] GC(97) Pause Young (Prepare Mixed) (G1 Evacuation Pause) 430M->133M(512M) 6.635ms
[2024-02-18T11:56:42.528+0000][7][gc,cpu      ] GC(97) User=0.02s Sys=0.00s Real=0.01s
[2024-02-18T11:56:42.528+0000][7][safepoint   ] Safepoint "G1CollectForAllocation", Time since last: 37275941450 ns, Reaching safepoint: 20038 ns, Cleanup: 5030 ns, At safepoint: 6958787 ns, Total: 6983855 ns
[2024-02-18T11:56:43.529+0000][7][safepoint   ] Safepoint "Cleanup", Time since last: 1000237994 ns, Reaching safepoint: 19648 ns, Cleanup: 26150 ns, At safepoint: 4739 ns, Total: 50537 ns
[2024-02-18T11:56:45.529+0000][7][safepoint   ] Safepoint "Cleanup", Time since last: 2000443175 ns, Reaching safepoint: 58839 ns, Cleanup: 12954 ns, At safepoint: 19788 ns, Total: 91581 ns
[2024-02-18T11:56:46.529+0000][7][safepoint   ] Safepoint "Cleanup", Time since last: 1000269765 ns, Reaching safepoint: 17473 ns, Cleanup: 13166 ns, At safepoint: 3657 ns, Total: 34296 ns
[2024-02-18T11:57:18.533+0000][7][safepoint   ] Safepoint "Cleanup", Time since last: 32003111811 ns, Reaching safepoint: 17363 ns, Cleanup: 12714 ns, At safepoint: 2966 ns, Total: 33043 ns
[2024-02-18T11:57:39.609+0000][7][gc,start    ] GC(98) Pause Young (Mixed) (G1 Evacuation Pause)
[2024-02-18T11:57:39.609+0000][7][gc,task     ] GC(98) Using 12 workers of 13 for evacuation
[2024-02-18T11:57:39.609+0000][7][gc,age      ] GC(98) Desired survivor size 20971520 bytes, new threshold 15 (max threshold 15)
[2024-02-18T11:57:39.615+0000][7][gc,phases   ] GC(98)   Pre Evacuate Collection Set: 0.2ms
[2024-02-18T11:57:39.616+0000][7][gc,phases   ] GC(98)   Merge Heap Roots: 0.1ms
[2024-02-18T11:57:39.616+0000][7][gc,phases   ] GC(98)   Evacuate Collection Set: 4.9ms
[2024-02-18T11:57:39.616+0000][7][gc,phases   ] GC(98)   Post Evacuate Collection Set: 0.8ms
[2024-02-18T11:57:39.616+0000][7][gc,phases   ] GC(98)   Other: 0.3ms
[2024-02-18T11:57:39.616+0000][7][gc,age      ] GC(98) Age table with threshold 15 (max threshold 15)
[2024-02-18T11:57:39.616+0000][7][gc,age      ] GC(98) - age   1:    2046040 bytes,    2046040 total
[2024-02-18T11:57:39.616+0000][7][gc,age      ] GC(98) - age   2:      16304 bytes,    2062344 total
[2024-02-18T11:57:39.616+0000][7][gc,age      ] GC(98) - age   3:      42440 bytes,    2104784 total
[2024-02-18T11:57:39.617+0000][7][gc,age      ] GC(98) - age   4:      36472 bytes,    2141256 total
[2024-02-18T11:57:39.617+0000][7][gc,age      ] GC(98) - age   5:     272584 bytes,    2413840 total
[2024-02-18T11:57:39.617+0000][7][gc,age      ] GC(98) - age   6:      36656 bytes,    2450496 total
[2024-02-18T11:57:39.617+0000][7][gc,age      ] GC(98) - age   7:     171744 bytes,    2622240 total
[2024-02-18T11:57:39.617+0000][7][gc,age      ] GC(98) - age   8:      18888 bytes,    2641128 total
[2024-02-18T11:57:39.617+0000][7][gc,age      ] GC(98) - age   9:      52416 bytes,    2693544 total
[2024-02-18T11:57:39.617+0000][7][gc,age      ] GC(98) - age  10:      13608 bytes,    2707152 total
[2024-02-18T11:57:39.617+0000][7][gc,age      ] GC(98) - age  11:       4896 bytes,    2712048 total
[2024-02-18T11:57:39.617+0000][7][gc,age      ] GC(98) - age  12:      34192 bytes,    2746240 total
[2024-02-18T11:57:39.618+0000][7][gc,age      ] GC(98) - age  13:      38168 bytes,    2784408 total
[2024-02-18T11:57:39.618+0000][7][gc,age      ] GC(98) - age  14:      36896 bytes,    2821304 total
[2024-02-18T11:57:39.618+0000][7][gc,age      ] GC(98) - age  15:    3779856 bytes,    6601160 total
[2024-02-18T11:57:39.618+0000][7][gc,heap     ] GC(98) Eden regions: 74->0(74)
[2024-02-18T11:57:39.618+0000][7][gc,heap     ] GC(98) Survivor regions: 2->2(10)
[2024-02-18T11:57:39.618+0000][7][gc,heap     ] GC(98) Old regions: 30->30
[2024-02-18T11:57:39.618+0000][7][gc,heap     ] GC(98) Humongous regions: 2->2
[2024-02-18T11:57:39.618+0000][7][gc,metaspace] GC(98) Metaspace: 120857K(125568K)->120857K(125568K) NonClass: 105151K(108032K)->105151K(108032K) Class: 15706K(17536K)->15706K(17536K)
[2024-02-18T11:57:39.618+0000][7][gc          ] GC(98) Pause Young (Mixed) (G1 Evacuation Pause) 429M->134M(512M) 9.774ms
[2024-02-18T11:57:39.619+0000][7][gc,cpu      ] GC(98) User=0.03s Sys=0.01s Real=0.01s
[2024-02-18T11:57:39.619+0000][7][safepoint   ] Safepoint "G1CollectForAllocation", Time since last: 21075968310 ns, Reaching safepoint: 29967 ns, Cleanup: 41570 ns, At safepoint: 10151459 ns, Total: 10222996 ns
[2024-02-18T11:57:51.621+0000][7][safepoint   ] Safepoint "Cleanup", Time since last: 12001802242 ns, Reaching safepoint: 54314 ns, Cleanup: 14027 ns, At safepoint: 4188 ns, Total: 72529 ns
[2024-02-18T11:57:55.621+0000][7][safepoint   ] Safepoint "Cleanup", Time since last: 4000679513 ns, Reaching safepoint: 25960 ns, Cleanup: 22754 ns, At safepoint: 3777 ns, Total: 52491 ns
[2024-02-18T11:58:00.622+0000][7][safepoint   ] Safepoint "Cleanup", Time since last: 5000736316 ns, Reaching safepoint: 17894 ns, Cleanup: 15299 ns, At safepoint: 2936 ns, Total: 36129 ns
[2024-02-18T11:58:15.624+0000][7][safepoint   ] Safepoint "Cleanup", Time since last: 15001676797 ns, Reaching safepoint: 18295 ns, Cleanup: 11131 ns, At safepoint: 3527 ns, Total: 32953 ns
[2024-02-18T11:58:24.625+0000][7][safepoint   ] Safepoint "Cleanup", Time since last: 9001455469 ns, Reaching safepoint: 37603 ns, Cleanup: 16481 ns, At safepoint: 3597 ns, Total: 57681 ns
[2024-02-18T11:58:42.386+0000][7][gc,start    ] GC(99) Pause Young (Concurrent Start) (G1 Evacuation Pause)
[2024-02-18T11:58:42.386+0000][7][gc,task     ] GC(99) Using 12 workers of 13 for evacuation
[2024-02-18T11:58:42.386+0000][7][gc,age      ] GC(99) Desired survivor size 20971520 bytes, new threshold 15 (max threshold 15)
[2024-02-18T11:58:42.390+0000][7][gc,phases   ] GC(99)   Pre Evacuate Collection Set: 0.3ms
[2024-02-18T11:58:42.390+0000][7][gc,phases   ] GC(99)   Merge Heap Roots: 0.1ms
[2024-02-18T11:58:42.390+0000][7][gc,phases   ] GC(99)   Evacuate Collection Set: 2.3ms
[2024-02-18T11:58:42.390+0000][7][gc,phases   ] GC(99)   Post Evacuate Collection Set: 0.7ms
[2024-02-18T11:58:42.390+0000][7][gc,phases   ] GC(99)   Other: 0.4ms
[2024-02-18T11:58:42.390+0000][7][gc,age      ] GC(99) Age table with threshold 15 (max threshold 15)
[2024-02-18T11:58:42.391+0000][7][gc,age      ] GC(99) - age   1:    1228768 bytes,    1228768 total
[2024-02-18T11:58:42.391+0000][7][gc,age      ] GC(99) - age   2:      29272 bytes,    1258040 total
[2024-02-18T11:58:42.391+0000][7][gc,age      ] GC(99) - age   3:       8368 bytes,    1266408 total
[2024-02-18T11:58:42.391+0000][7][gc,age      ] GC(99) - age   4:      35088 bytes,    1301496 total
[2024-02-18T11:58:42.391+0000][7][gc,age      ] GC(99) - age   5:       8008 bytes,    1309504 total
[2024-02-18T11:58:42.391+0000][7][gc,age      ] GC(99) - age   6:     106624 bytes,    1416128 total
[2024-02-18T11:58:42.391+0000][7][gc,age      ] GC(99) - age   7:      36592 bytes,    1452720 total
[2024-02-18T11:58:42.391+0000][7][gc,age      ] GC(99) - age   8:      88656 bytes,    1541376 total
[2024-02-18T11:58:42.391+0000][7][gc,age      ] GC(99) - age   9:      18856 bytes,    1560232 total
[2024-02-18T11:58:42.391+0000][7][gc,age      ] GC(99) - age  10:      21016 bytes,    1581248 total
[2024-02-18T11:58:42.392+0000][7][gc,age      ] GC(99) - age  11:      13608 bytes,    1594856 total
[2024-02-18T11:58:42.392+0000][7][gc,age      ] GC(99) - age  12:       4896 bytes,    1599752 total
[2024-02-18T11:58:42.392+0000][7][gc,age      ] GC(99) - age  13:      34192 bytes,    1633944 total
[2024-02-18T11:58:42.392+0000][7][gc,age      ] GC(99) - age  14:      38168 bytes,    1672112 total
[2024-02-18T11:58:42.392+0000][7][gc,age      ] GC(99) - age  15:      35104 bytes,    1707216 total
[2024-02-18T11:58:42.392+0000][7][gc,heap     ] GC(99) Eden regions: 74->0(75)
[2024-02-18T11:58:42.392+0000][7][gc,heap     ] GC(99) Survivor regions: 2->1(10)
[2024-02-18T11:58:42.392+0000][7][gc,heap     ] GC(99) Old regions: 30->31
[2024-02-18T11:58:42.392+0000][7][gc,heap     ] GC(99) Humongous regions: 2->2
[2024-02-18T11:58:42.392+0000][7][gc,metaspace] GC(99) Metaspace: 120881K(125632K)->120881K(125632K) NonClass: 105175K(108096K)->105175K(108096K) Class: 15706K(17536K)->15706K(17536K)
[2024-02-18T11:58:42.393+0000][7][gc          ] GC(99) Pause Young (Concurrent Start) (G1 Evacuation Pause) 430M->133M(512M) 7.007ms
[2024-02-18T11:58:42.393+0000][7][gc          ] GC(100) Concurrent Mark Cycle
[2024-02-18T11:58:42.393+0000][7][gc,marking  ] GC(100) Concurrent Scan Root Regions
[2024-02-18T11:58:42.393+0000][7][gc,cpu      ] GC(99) User=0.02s Sys=0.00s Real=0.01s
[2024-02-18T11:58:42.393+0000][7][safepoint   ] Safepoint "G1CollectForAllocation", Time since last: 17759023996 ns, Reaching safepoint: 15259 ns, Cleanup: 3467 ns, At safepoint: 7772877 ns, Total: 7791603 ns
[2024-02-18T11:58:42.395+0000][7][gc,marking  ] GC(100) Concurrent Scan Root Regions 2.120ms
[2024-02-18T11:58:42.395+0000][7][gc,marking  ] GC(100) Concurrent Mark
[2024-02-18T11:58:42.395+0000][7][gc,marking  ] GC(100) Concurrent Mark From Roots
[2024-02-18T11:58:42.395+0000][7][gc,task     ] GC(100) Using 3 workers of 3 for marking
[2024-02-18T11:58:42.431+0000][7][gc,marking  ] GC(100) Concurrent Mark From Roots 35.553ms
[2024-02-18T11:58:42.431+0000][7][gc,marking  ] GC(100) Concurrent Preclean
[2024-02-18T11:58:42.431+0000][7][gc,marking  ] GC(100) Concurrent Preclean 0.268ms
[2024-02-18T11:58:42.432+0000][7][gc,start    ] GC(100) Pause Remark
[2024-02-18T11:58:42.435+0000][7][gc          ] GC(100) Pause Remark 135M->135M(512M) 3.486ms
[2024-02-18T11:58:42.435+0000][7][gc,cpu      ] GC(100) User=0.03s Sys=0.00s Real=0.00s
[2024-02-18T11:58:42.436+0000][7][safepoint   ] Safepoint "G1PauseRemark", Time since last: 38362260 ns, Reaching safepoint: 14858 ns, Cleanup: 2826 ns, At safepoint: 3982383 ns, Total: 4000067 ns
[2024-02-18T11:58:42.436+0000][7][gc,marking  ] GC(100) Concurrent Mark 40.744ms
[2024-02-18T11:58:42.436+0000][7][gc,marking  ] GC(100) Concurrent Rebuild Remembered Sets and Scrub Regions
[2024-02-18T11:58:42.450+0000][7][gc,marking  ] GC(100) Concurrent Rebuild Remembered Sets and Scrub Regions 14.195ms
[2024-02-18T11:58:42.450+0000][7][gc,start    ] GC(100) Pause Cleanup
[2024-02-18T11:58:42.451+0000][7][gc          ] GC(100) Pause Cleanup 138M->138M(512M) 0.249ms
[2024-02-18T11:58:42.451+0000][7][gc,cpu      ] GC(100) User=0.00s Sys=0.00s Real=0.00s
[2024-02-18T11:58:42.451+0000][7][safepoint   ] Safepoint "G1PauseCleanup", Time since last: 14697130 ns, Reaching safepoint: 14337 ns, Cleanup: 4168 ns, At safepoint: 539774 ns, Total: 558279 ns
[2024-02-18T11:58:42.451+0000][7][gc,marking  ] GC(100) Concurrent Clear Claimed Marks
[2024-02-18T11:58:42.451+0000][7][gc,marking  ] GC(100) Concurrent Clear Claimed Marks 0.278ms
[2024-02-18T11:58:42.451+0000][7][gc,marking  ] GC(100) Concurrent Cleanup for Next Mark
[2024-02-18T11:58:42.452+0000][7][gc,marking  ] GC(100) Concurrent Cleanup for Next Mark 0.683ms
[2024-02-18T11:58:42.452+0000][7][gc          ] GC(100) Concurrent Mark Cycle 59.609ms
[2024-02-18T11:58:57.451+0000][7][safepoint   ] Safepoint "Cleanup", Time since last: 15001493785 ns, Reaching safepoint: 16431 ns, Cleanup: 10660 ns, At safepoint: 3237 ns, Total: 30328 ns
[2024-02-18T11:58:58.452+0000][7][safepoint   ] Safepoint "Cleanup", Time since last: 1000296251 ns, Reaching safepoint: 19577 ns, Cleanup: 12765 ns, At safepoint: 3096 ns, Total: 35438 ns
[2024-02-18T11:59:04.453+0000][7][safepoint   ] Safepoint "Cleanup", Time since last: 6000770293 ns, Reaching safepoint: 18656 ns, Cleanup: 15971 ns, At safepoint: 3446 ns, Total: 38073 ns
[2024-02-18T11:59:19.454+0000][7][safepoint   ] Safepoint "Cleanup", Time since last: 15001700552 ns, Reaching safepoint: 37181 ns, Cleanup: 10430 ns, At safepoint: 3687 ns, Total: 51298 ns
[2024-02-18T11:59:24.455+0000][7][safepoint   ] Safepoint "Cleanup", Time since last: 5000718221 ns, Reaching safepoint: 19137 ns, Cleanup: 12905 ns, At safepoint: 3617 ns, Total: 35659 ns
[2024-02-18T11:59:42.617+0000][7][gc,start    ] GC(101) Pause Young (Prepare Mixed) (G1 Evacuation Pause)
[2024-02-18T11:59:42.617+0000][7][gc,task     ] GC(101) Using 12 workers of 13 for evacuation
[2024-02-18T11:59:42.617+0000][7][gc,age      ] GC(101) Desired survivor size 20971520 bytes, new threshold 15 (max threshold 15)
[2024-02-18T11:59:42.619+0000][7][gc,phases   ] GC(101)   Pre Evacuate Collection Set: 0.2ms
[2024-02-18T11:59:42.620+0000][7][gc,phases   ] GC(101)   Merge Heap Roots: 0.1ms
[2024-02-18T11:59:42.620+0000][7][gc,phases   ] GC(101)   Evacuate Collection Set: 1.4ms
[2024-02-18T11:59:42.620+0000][7][gc,phases   ] GC(101)   Post Evacuate Collection Set: 0.6ms
[2024-02-18T11:59:42.620+0000][7][gc,phases   ] GC(101)   Other: 0.3ms
[2024-02-18T11:59:42.620+0000][7][gc,age      ] GC(101) Age table with threshold 15 (max threshold 15)
[2024-02-18T11:59:42.620+0000][7][gc,age      ] GC(101) - age   1:    2079904 bytes,    2079904 total
[2024-02-18T11:59:42.620+0000][7][gc,age      ] GC(101) - age   2:     198536 bytes,    2278440 total
[2024-02-18T11:59:42.620+0000][7][gc,age      ] GC(101) - age   3:      22264 bytes,    2300704 total
[2024-02-18T11:59:42.620+0000][7][gc,age      ] GC(101) - age   4:       4792 bytes,    2305496 total
[2024-02-18T11:59:42.620+0000][7][gc,age      ] GC(101) - age   5:      34800 bytes,    2340296 total
[2024-02-18T11:59:42.620+0000][7][gc,age      ] GC(101) - age   6:       7816 bytes,    2348112 total
[2024-02-18T11:59:42.621+0000][7][gc,age      ] GC(101) - age   7:     106240 bytes,    2454352 total
[2024-02-18T11:59:42.621+0000][7][gc,age      ] GC(101) - age   8:      20184 bytes,    2474536 total
[2024-02-18T11:59:42.621+0000][7][gc,age      ] GC(101) - age   9:      88592 bytes,    2563128 total
[2024-02-18T11:59:42.621+0000][7][gc,age      ] GC(101) - age  10:      18856 bytes,    2581984 total
[2024-02-18T11:59:42.621+0000][7][gc,age      ] GC(101) - age  11:      21016 bytes,    2603000 total
[2024-02-18T11:59:42.621+0000][7][gc,age      ] GC(101) - age  12:      13608 bytes,    2616608 total
[2024-02-18T11:59:42.621+0000][7][gc,age      ] GC(101) - age  13:       4896 bytes,    2621504 total
[2024-02-18T11:59:42.621+0000][7][gc,age      ] GC(101) - age  14:      34192 bytes,    2655696 total
[2024-02-18T11:59:42.621+0000][7][gc,age      ] GC(101) - age  15:      38168 bytes,    2693864 total
[2024-02-18T11:59:42.621+0000][7][gc,heap     ] GC(101) Eden regions: 75->0(75)
[2024-02-18T11:59:42.621+0000][7][gc,heap     ] GC(101) Survivor regions: 1->1(10)
[2024-02-18T11:59:42.621+0000][7][gc,heap     ] GC(101) Old regions: 31->31
[2024-02-18T11:59:42.622+0000][7][gc,heap     ] GC(101) Humongous regions: 2->2
[2024-02-18T11:59:42.622+0000][7][gc,metaspace] GC(101) Metaspace: 120883K(125632K)->120883K(125632K) NonClass: 105177K(108096K)->105177K(108096K) Class: 15706K(17536K)->15706K(17536K)
[2024-02-18T11:59:42.622+0000][7][gc          ] GC(101) Pause Young (Prepare Mixed) (G1 Evacuation Pause) 433M->134M(512M) 5.002ms
[2024-02-18T11:59:42.622+0000][7][gc,cpu      ] GC(101) User=0.01s Sys=0.01s Real=0.00s
[2024-02-18T11:59:42.622+0000][7][safepoint   ] Safepoint "G1CollectForAllocation", Time since last: 18161597638 ns, Reaching safepoint: 15179 ns, Cleanup: 3927 ns, At safepoint: 5260626 ns, Total: 5279732 ns
[2024-02-18T11:59:57.623+0000][7][safepoint   ] Safepoint "Cleanup", Time since last: 15001340537 ns, Reaching safepoint: 15921 ns, Cleanup: 9438 ns, At safepoint: 3066 ns, Total: 28425 ns
[2024-02-18T12:00:00.624+0000][7][safepoint   ] Safepoint "Cleanup", Time since last: 3000404027 ns, Reaching safepoint: 19287 ns, Cleanup: 17323 ns, At safepoint: 3717 ns, Total: 40327 ns
[2024-02-18T12:00:06.624+0000][7][safepoint   ] Safepoint "Cleanup", Time since last: 6000851019 ns, Reaching safepoint: 15980 ns, Cleanup: 10571 ns, At safepoint: 3216 ns, Total: 29767 ns
[2024-02-18T12:00:45.397+0000][7][gc,start    ] GC(102) Pause Young (Mixed) (G1 Evacuation Pause)
[2024-02-18T12:00:45.397+0000][7][gc,task     ] GC(102) Using 12 workers of 13 for evacuation
[2024-02-18T12:00:45.397+0000][7][gc,age      ] GC(102) Desired survivor size 20971520 bytes, new threshold 15 (max threshold 15)
[2024-02-18T12:00:45.404+0000][7][gc,phases   ] GC(102)   Pre Evacuate Collection Set: 0.2ms
[2024-02-18T12:00:45.404+0000][7][gc,phases   ] GC(102)   Merge Heap Roots: 0.1ms
[2024-02-18T12:00:45.404+0000][7][gc,phases   ] GC(102)   Evacuate Collection Set: 5.5ms
[2024-02-18T12:00:45.404+0000][7][gc,phases   ] GC(102)   Post Evacuate Collection Set: 0.7ms
[2024-02-18T12:00:45.404+0000][7][gc,phases   ] GC(102)   Other: 0.3ms
[2024-02-18T12:00:45.404+0000][7][gc,age      ] GC(102) Age table with threshold 15 (max threshold 15)
[2024-02-18T12:00:45.405+0000][7][gc,age      ] GC(102) - age   1:    1438072 bytes,    1438072 total
[2024-02-18T12:00:45.405+0000][7][gc,age      ] GC(102) - age   2:      47712 bytes,    1485784 total
[2024-02-18T12:00:45.405+0000][7][gc,age      ] GC(102) - age   3:     190992 bytes,    1676776 total
[2024-02-18T12:00:45.405+0000][7][gc,age      ] GC(102) - age   4:      18752 bytes,    1695528 total
[2024-02-18T12:00:45.405+0000][7][gc,age      ] GC(102) - age   5:       4632 bytes,    1700160 total
[2024-02-18T12:00:45.405+0000][7][gc,age      ] GC(102) - age   6:      34576 bytes,    1734736 total
[2024-02-18T12:00:45.405+0000][7][gc,age      ] GC(102) - age   7:       7624 bytes,    1742360 total
[2024-02-18T12:00:45.405+0000][7][gc,age      ] GC(102) - age   8:     106240 bytes,    1848600 total
[2024-02-18T12:00:45.405+0000][7][gc,age      ] GC(102) - age   9:      20184 bytes,    1868784 total
[2024-02-18T12:00:45.406+0000][7][gc,age      ] GC(102) - age  10:      88592 bytes,    1957376 total
[2024-02-18T12:00:45.406+0000][7][gc,age      ] GC(102) - age  11:      18856 bytes,    1976232 total
[2024-02-18T12:00:45.406+0000][7][gc,age      ] GC(102) - age  12:      21016 bytes,    1997248 total
[2024-02-18T12:00:45.406+0000][7][gc,age      ] GC(102) - age  13:      13608 bytes,    2010856 total
[2024-02-18T12:00:45.406+0000][7][gc,age      ] GC(102) - age  14:       4896 bytes,    2015752 total
[2024-02-18T12:00:45.406+0000][7][gc,age      ] GC(102) - age  15:      34192 bytes,    2049944 total
[2024-02-18T12:00:45.406+0000][7][gc,heap     ] GC(102) Eden regions: 75->0(75)
[2024-02-18T12:00:45.406+0000][7][gc,heap     ] GC(102) Survivor regions: 1->1(10)
[2024-02-18T12:00:45.406+0000][7][gc,heap     ] GC(102) Old regions: 31->31
[2024-02-18T12:00:45.407+0000][7][gc,heap     ] GC(102) Humongous regions: 2->2
[2024-02-18T12:00:45.407+0000][7][gc,metaspace] GC(102) Metaspace: 120891K(125632K)->120891K(125632K) NonClass: 105184K(108096K)->105184K(108096K) Class: 15707K(17536K)->15707K(17536K)
[2024-02-18T12:00:45.407+0000][7][gc          ] GC(102) Pause Young (Mixed) (G1 Evacuation Pause) 434M->132M(512M) 9.926ms
[2024-02-18T12:00:45.407+0000][7][gc,cpu      ] GC(102) User=0.03s Sys=0.00s Real=0.01s
[2024-02-18T12:00:45.407+0000][7][safepoint   ] Safepoint "G1CollectForAllocation", Time since last: 38771703924 ns, Reaching safepoint: 16592 ns, Cleanup: 3357 ns, At safepoint: 10229488 ns, Total: 10249437 ns
[2024-02-18T12:00:51.408+0000][7][safepoint   ] Safepoint "Cleanup", Time since last: 6000617485 ns, Reaching safepoint: 31450 ns, Cleanup: 10029 ns, At safepoint: 3407 ns, Total: 44886 ns
[2024-02-18T12:00:52.408+0000][7][safepoint   ] Safepoint "Cleanup", Time since last: 1000256229 ns, Reaching safepoint: 23765 ns, Cleanup: 13266 ns, At safepoint: 3436 ns, Total: 40467 ns
[2024-02-18T12:01:07.409+0000][7][safepoint   ] Safepoint "Cleanup", Time since last: 15001614723 ns, Reaching safepoint: 15570 ns, Cleanup: 11722 ns, At safepoint: 2906 ns, Total: 30198 ns
[2024-02-18T12:01:42.815+0000][7][safepoint   ] Safepoint "Cleanup", Time since last: 35405587931 ns, Reaching safepoint: 18635 ns, Cleanup: 25319 ns, At safepoint: 15971 ns, Total: 59925 ns
[2024-02-18T12:01:43.283+0000][7][gc,start    ] GC(103) Pause Young (Concurrent Start) (G1 Evacuation Pause)
[2024-02-18T12:01:43.283+0000][7][gc,task     ] GC(103) Using 12 workers of 13 for evacuation
[2024-02-18T12:01:43.283+0000][7][gc,age      ] GC(103) Desired survivor size 20971520 bytes, new threshold 15 (max threshold 15)
[2024-02-18T12:01:43.286+0000][7][gc,phases   ] GC(103)   Pre Evacuate Collection Set: 0.2ms
[2024-02-18T12:01:43.286+0000][7][gc,phases   ] GC(103)   Merge Heap Roots: 0.1ms
[2024-02-18T12:01:43.286+0000][7][gc,phases   ] GC(103)   Evacuate Collection Set: 1.3ms
[2024-02-18T12:01:43.286+0000][7][gc,phases   ] GC(103)   Post Evacuate Collection Set: 0.6ms
[2024-02-18T12:01:43.286+0000][7][gc,phases   ] GC(103)   Other: 0.3ms
[2024-02-18T12:01:43.286+0000][7][gc,age      ] GC(103) Age table with threshold 15 (max threshold 15)
[2024-02-18T12:01:43.286+0000][7][gc,age      ] GC(103) - age   1:     792912 bytes,     792912 total
[2024-02-18T12:01:43.286+0000][7][gc,age      ] GC(103) - age   2:      52608 bytes,     845520 total
[2024-02-18T12:01:43.287+0000][7][gc,age      ] GC(103) - age   3:      40696 bytes,     886216 total
[2024-02-18T12:01:43.287+0000][7][gc,age      ] GC(103) - age   4:     185800 bytes,    1072016 total
[2024-02-18T12:01:43.287+0000][7][gc,age      ] GC(103) - age   5:      16280 bytes,    1088296 total
[2024-02-18T12:01:43.287+0000][7][gc,age      ] GC(103) - age   6:       4504 bytes,    1092800 total
[2024-02-18T12:01:43.287+0000][7][gc,age      ] GC(103) - age   7:      34576 bytes,    1127376 total
[2024-02-18T12:01:43.287+0000][7][gc,age      ] GC(103) - age   8:       7624 bytes,    1135000 total
[2024-02-18T12:01:43.287+0000][7][gc,age      ] GC(103) - age   9:     106240 bytes,    1241240 total
[2024-02-18T12:01:43.287+0000][7][gc,age      ] GC(103) - age  10:      16928 bytes,    1258168 total
[2024-02-18T12:01:43.287+0000][7][gc,age      ] GC(103) - age  11:      88592 bytes,    1346760 total
[2024-02-18T12:01:43.287+0000][7][gc,age      ] GC(103) - age  12:      18856 bytes,    1365616 total
[2024-02-18T12:01:43.287+0000][7][gc,age      ] GC(103) - age  13:      21016 bytes,    1386632 total
[2024-02-18T12:01:43.288+0000][7][gc,age      ] GC(103) - age  14:      13608 bytes,    1400240 total
[2024-02-18T12:01:43.288+0000][7][gc,age      ] GC(103) - age  15:       4896 bytes,    1405136 total
[2024-02-18T12:01:43.288+0000][7][gc,heap     ] GC(103) Eden regions: 75->0(75)
[2024-02-18T12:01:43.288+0000][7][gc,heap     ] GC(103) Survivor regions: 1->1(10)
[2024-02-18T12:01:43.288+0000][7][gc,heap     ] GC(103) Old regions: 31->31
[2024-02-18T12:01:43.288+0000][7][gc,heap     ] GC(103) Humongous regions: 2->2
[2024-02-18T12:01:43.288+0000][7][gc,metaspace] GC(103) Metaspace: 120896K(125632K)->120896K(125632K) NonClass: 105189K(108096K)->105189K(108096K) Class: 15707K(17536K)->15707K(17536K)
[2024-02-18T12:01:43.288+0000][7][gc          ] GC(103) Pause Young (Concurrent Start) (G1 Evacuation Pause) 432M->132M(512M) 5.144ms
[2024-02-18T12:01:43.288+0000][7][gc          ] GC(104) Concurrent Mark Cycle
[2024-02-18T12:01:43.289+0000][7][gc,marking  ] GC(104) Concurrent Scan Root Regions
[2024-02-18T12:01:43.288+0000][7][gc,cpu      ] GC(103) User=0.02s Sys=0.01s Real=0.01s
[2024-02-18T12:01:43.289+0000][7][safepoint   ] Safepoint "G1CollectForAllocation", Time since last: 468280094 ns, Reaching safepoint: 15520 ns, Cleanup: 2966 ns, At safepoint: 5839861 ns, Total: 5858347 ns
[2024-02-18T12:01:43.290+0000][7][gc,marking  ] GC(104) Concurrent Scan Root Regions 1.361ms
[2024-02-18T12:01:43.290+0000][7][gc,marking  ] GC(104) Concurrent Mark
[2024-02-18T12:01:43.290+0000][7][gc,marking  ] GC(104) Concurrent Mark From Roots
[2024-02-18T12:01:43.290+0000][7][gc,task     ] GC(104) Using 3 workers of 3 for marking
[2024-02-18T12:01:43.326+0000][7][gc,marking  ] GC(104) Concurrent Mark From Roots 36.164ms
[2024-02-18T12:01:43.327+0000][7][gc,marking  ] GC(104) Concurrent Preclean
[2024-02-18T12:01:43.327+0000][7][gc,marking  ] GC(104) Concurrent Preclean 0.344ms
[2024-02-18T12:01:43.327+0000][7][gc,start    ] GC(104) Pause Remark
[2024-02-18T12:01:43.333+0000][7][gc          ] GC(104) Pause Remark 132M->132M(512M) 5.740ms
[2024-02-18T12:01:43.333+0000][7][gc,cpu      ] GC(104) User=0.02s Sys=0.01s Real=0.00s
[2024-02-18T12:01:43.333+0000][7][safepoint   ] Safepoint "G1PauseRemark", Time since last: 38216426 ns, Reaching safepoint: 15950 ns, Cleanup: 3748 ns, At safepoint: 6141757 ns, Total: 6161455 ns
[2024-02-18T12:01:43.333+0000][7][gc,marking  ] GC(104) Concurrent Mark 43.329ms
[2024-02-18T12:01:43.333+0000][7][gc,marking  ] GC(104) Concurrent Rebuild Remembered Sets and Scrub Regions
[2024-02-18T12:01:43.347+0000][7][gc,marking  ] GC(104) Concurrent Rebuild Remembered Sets and Scrub Regions 13.134ms
[2024-02-18T12:01:43.347+0000][7][gc,start    ] GC(104) Pause Cleanup
[2024-02-18T12:01:43.347+0000][7][gc          ] GC(104) Pause Cleanup 132M->132M(512M) 0.259ms
[2024-02-18T12:01:43.347+0000][7][gc,cpu      ] GC(104) User=0.00s Sys=0.00s Real=0.00s
[2024-02-18T12:01:43.347+0000][7][safepoint   ] Safepoint "G1PauseCleanup", Time since last: 13684396 ns, Reaching safepoint: 12594 ns, Cleanup: 6913 ns, At safepoint: 517355 ns, Total: 536862 ns
[2024-02-18T12:01:43.348+0000][7][gc,marking  ] GC(104) Concurrent Clear Claimed Marks
[2024-02-18T12:01:43.348+0000][7][gc,marking  ] GC(104) Concurrent Clear Claimed Marks 0.261ms
[2024-02-18T12:01:43.348+0000][7][gc,marking  ] GC(104) Concurrent Cleanup for Next Mark
[2024-02-18T12:01:43.348+0000][7][gc,marking  ] GC(104) Concurrent Cleanup for Next Mark 0.392ms
[2024-02-18T12:01:43.348+0000][7][gc          ] GC(104) Concurrent Mark Cycle 60.077ms
[2024-02-18T12:01:46.348+0000][7][safepoint   ] Safepoint "Cleanup", Time since last: 3000351398 ns, Reaching safepoint: 16562 ns, Cleanup: 10850 ns, At safepoint: 3617 ns, Total: 31029 ns
[2024-02-18T12:01:51.348+0000][7][safepoint   ] Safepoint "Cleanup", Time since last: 5000616837 ns, Reaching safepoint: 36841 ns, Cleanup: 12614 ns, At safepoint: 3737 ns, Total: 53192 ns
[2024-02-18T12:02:01.350+0000][7][safepoint   ] Safepoint "Cleanup", Time since last: 10001248436 ns, Reaching safepoint: 18154 ns, Cleanup: 13216 ns, At safepoint: 3296 ns, Total: 34666 ns
[2024-02-18T12:02:11.351+0000][7][safepoint   ] Safepoint "Cleanup", Time since last: 10001153049 ns, Reaching safepoint: 18375 ns, Cleanup: 12223 ns, At safepoint: 3507 ns, Total: 34105 ns
[2024-02-18T12:02:36.835+0000][7][safepoint   ] Safepoint "Cleanup", Time since last: 25484352444 ns, Reaching safepoint: 14799 ns, Cleanup: 7925 ns, At safepoint: 3126 ns, Total: 25850 ns
[2024-02-18T12:02:37.836+0000][7][safepoint   ] Safepoint "Cleanup", Time since last: 1000313709 ns, Reaching safepoint: 17754 ns, Cleanup: 13245 ns, At safepoint: 4068 ns, Total: 35067 ns
[2024-02-18T12:02:41.837+0000][7][safepoint   ] Safepoint "Cleanup", Time since last: 4000772411 ns, Reaching safepoint: 18516 ns, Cleanup: 12944 ns, At safepoint: 4078 ns, Total: 35538 ns
[2024-02-18T12:02:45.393+0000][7][gc,start    ] GC(105) Pause Young (Prepare Mixed) (G1 Evacuation Pause)
[2024-02-18T12:02:45.393+0000][7][gc,task     ] GC(105) Using 12 workers of 13 for evacuation
[2024-02-18T12:02:45.394+0000][7][gc,age      ] GC(105) Desired survivor size 20971520 bytes, new threshold 15 (max threshold 15)
[2024-02-18T12:02:45.396+0000][7][gc,phases   ] GC(105)   Pre Evacuate Collection Set: 0.2ms
[2024-02-18T12:02:45.396+0000][7][gc,phases   ] GC(105)   Merge Heap Roots: 0.1ms
[2024-02-18T12:02:45.396+0000][7][gc,phases   ] GC(105)   Evacuate Collection Set: 1.4ms
[2024-02-18T12:02:45.396+0000][7][gc,phases   ] GC(105)   Post Evacuate Collection Set: 0.6ms
[2024-02-18T12:02:45.397+0000][7][gc,phases   ] GC(105)   Other: 0.4ms
[2024-02-18T12:02:45.397+0000][7][gc,age      ] GC(105) Age table with threshold 15 (max threshold 15)
[2024-02-18T12:02:45.397+0000][7][gc,age      ] GC(105) - age   1:    1471728 bytes,    1471728 total
[2024-02-18T12:02:45.397+0000][7][gc,age      ] GC(105) - age   2:      36488 bytes,    1508216 total
[2024-02-18T12:02:45.397+0000][7][gc,age      ] GC(105) - age   3:      45208 bytes,    1553424 total
[2024-02-18T12:02:45.397+0000][7][gc,age      ] GC(105) - age   4:      35528 bytes,    1588952 total
[2024-02-18T12:02:45.397+0000][7][gc,age      ] GC(105) - age   5:     184192 bytes,    1773144 total
[2024-02-18T12:02:45.397+0000][7][gc,age      ] GC(105) - age   6:      13192 bytes,    1786336 total
[2024-02-18T12:02:45.398+0000][7][gc,age      ] GC(105) - age   7:       4504 bytes,    1790840 total
[2024-02-18T12:02:45.398+0000][7][gc,age      ] GC(105) - age   8:       9992 bytes,    1800832 total
[2024-02-18T12:02:45.398+0000][7][gc,age      ] GC(105) - age   9:       7624 bytes,    1808456 total
[2024-02-18T12:02:45.398+0000][7][gc,age      ] GC(105) - age  10:     106240 bytes,    1914696 total
[2024-02-18T12:02:45.398+0000][7][gc,age      ] GC(105) - age  11:      15392 bytes,    1930088 total
[2024-02-18T12:02:45.398+0000][7][gc,age      ] GC(105) - age  12:      88592 bytes,    2018680 total
[2024-02-18T12:02:45.398+0000][7][gc,age      ] GC(105) - age  13:      18856 bytes,    2037536 total
[2024-02-18T12:02:45.398+0000][7][gc,age      ] GC(105) - age  14:      21016 bytes,    2058552 total
[2024-02-18T12:02:45.398+0000][7][gc,age      ] GC(105) - age  15:      13608 bytes,    2072160 total
[2024-02-18T12:02:45.398+0000][7][gc,heap     ] GC(105) Eden regions: 75->0(75)
[2024-02-18T12:02:45.399+0000][7][gc,heap     ] GC(105) Survivor regions: 1->1(10)
[2024-02-18T12:02:45.399+0000][7][gc,heap     ] GC(105) Old regions: 31->31
[2024-02-18T12:02:45.399+0000][7][gc,heap     ] GC(105) Humongous regions: 2->2
[2024-02-18T12:02:45.399+0000][7][gc,metaspace] GC(105) Metaspace: 120906K(125632K)->120906K(125632K) NonClass: 105199K(108096K)->105199K(108096K) Class: 15707K(17536K)->15707K(17536K)
[2024-02-18T12:02:45.399+0000][7][gc          ] GC(105) Pause Young (Prepare Mixed) (G1 Evacuation Pause) 432M->133M(512M) 5.892ms
[2024-02-18T12:02:45.399+0000][7][gc,cpu      ] GC(105) User=0.02s Sys=0.00s Real=0.01s
[2024-02-18T12:02:45.399+0000][7][safepoint   ] Safepoint "G1CollectForAllocation", Time since last: 3556497394 ns, Reaching safepoint: 14868 ns, Cleanup: 3006 ns, At safepoint: 6195396 ns, Total: 6213270 ns
[2024-02-18T12:03:31.856+0000][7][safepoint   ] Safepoint "Cleanup", Time since last: 46456781450 ns, Reaching safepoint: 48363 ns, Cleanup: 11161 ns, At safepoint: 31691 ns, Total: 91215 ns
[2024-02-18T12:03:37.857+0000][7][safepoint   ] Safepoint "Cleanup", Time since last: 6001266624 ns, Reaching safepoint: 18435 ns, Cleanup: 12825 ns, At safepoint: 19577 ns, Total: 50837 ns
[2024-02-18T12:03:39.858+0000][7][safepoint   ] Safepoint "Cleanup", Time since last: 2000648157 ns, Reaching safepoint: 16862 ns, Cleanup: 10931 ns, At safepoint: 3046 ns, Total: 30839 ns
[2024-02-18T12:03:45.442+0000][7][gc,start    ] GC(106) Pause Young (Mixed) (G1 Evacuation Pause)
[2024-02-18T12:03:45.442+0000][7][gc,task     ] GC(106) Using 12 workers of 13 for evacuation
[2024-02-18T12:03:45.443+0000][7][gc,age      ] GC(106) Desired survivor size 20971520 bytes, new threshold 15 (max threshold 15)
[2024-02-18T12:03:45.449+0000][7][gc,phases   ] GC(106)   Pre Evacuate Collection Set: 0.2ms
[2024-02-18T12:03:45.449+0000][7][gc,phases   ] GC(106)   Merge Heap Roots: 0.1ms
[2024-02-18T12:03:45.449+0000][7][gc,phases   ] GC(106)   Evacuate Collection Set: 5.3ms
[2024-02-18T12:03:45.449+0000][7][gc,phases   ] GC(106)   Post Evacuate Collection Set: 0.7ms
[2024-02-18T12:03:45.450+0000][7][gc,phases   ] GC(106)   Other: 0.3ms
[2024-02-18T12:03:45.450+0000][7][gc,age      ] GC(106) Age table with threshold 15 (max threshold 15)
[2024-02-18T12:03:45.450+0000][7][gc,age      ] GC(106) - age   1:    1092928 bytes,    1092928 total
[2024-02-18T12:03:45.450+0000][7][gc,age      ] GC(106) - age   2:      39416 bytes,    1132344 total
[2024-02-18T12:03:45.450+0000][7][gc,age      ] GC(106) - age   3:      34512 bytes,    1166856 total
[2024-02-18T12:03:45.450+0000][7][gc,age      ] GC(106) - age   4:      42384 bytes,    1209240 total
[2024-02-18T12:03:45.450+0000][7][gc,age      ] GC(106) - age   5:      35112 bytes,    1244352 total
[2024-02-18T12:03:45.450+0000][7][gc,age      ] GC(106) - age   6:     183872 bytes,    1428224 total
[2024-02-18T12:03:45.450+0000][7][gc,age      ] GC(106) - age   7:      13096 bytes,    1441320 total
[2024-02-18T12:03:45.450+0000][7][gc,age      ] GC(106) - age   8:       4504 bytes,    1445824 total
[2024-02-18T12:03:45.451+0000][7][gc,age      ] GC(106) - age   9:       9992 bytes,    1455816 total
[2024-02-18T12:03:45.451+0000][7][gc,age      ] GC(106) - age  10:       7624 bytes,    1463440 total
[2024-02-18T12:03:45.451+0000][7][gc,age      ] GC(106) - age  11:     106240 bytes,    1569680 total
[2024-02-18T12:03:45.451+0000][7][gc,age      ] GC(106) - age  12:      15392 bytes,    1585072 total
[2024-02-18T12:03:45.451+0000][7][gc,age      ] GC(106) - age  13:      88560 bytes,    1673632 total
[2024-02-18T12:03:45.451+0000][7][gc,age      ] GC(106) - age  14:      18856 bytes,    1692488 total
[2024-02-18T12:03:45.451+0000][7][gc,age      ] GC(106) - age  15:      21016 bytes,    1713504 total
[2024-02-18T12:03:45.451+0000][7][gc,heap     ] GC(106) Eden regions: 75->0(75)
[2024-02-18T12:03:45.451+0000][7][gc,heap     ] GC(106) Survivor regions: 1->1(10)
[2024-02-18T12:03:45.452+0000][7][gc,heap     ] GC(106) Old regions: 31->31
[2024-02-18T12:03:45.452+0000][7][gc,heap     ] GC(106) Humongous regions: 2->2
[2024-02-18T12:03:45.452+0000][7][gc,metaspace] GC(106) Metaspace: 120928K(125632K)->120928K(125632K) NonClass: 105219K(108096K)->105219K(108096K) Class: 15708K(17536K)->15708K(17536K)
[2024-02-18T12:03:45.452+0000][7][gc          ] GC(106) Pause Young (Mixed) (G1 Evacuation Pause) 433M->132M(512M) 9.719ms
[2024-02-18T12:03:45.452+0000][7][gc,cpu      ] GC(106) User=0.03s Sys=0.00s Real=0.01s
[2024-02-18T12:03:45.452+0000][7][safepoint   ] Safepoint "G1CollectForAllocation", Time since last: 5584025480 ns, Reaching safepoint: 17573 ns, Cleanup: 3787 ns, At safepoint: 10038077 ns, Total: 10059437 ns
[2024-02-18T12:04:03.454+0000][7][safepoint   ] Safepoint "Cleanup", Time since last: 18001592474 ns, Reaching safepoint: 16772 ns, Cleanup: 9558 ns, At safepoint: 3296 ns, Total: 29626 ns
[2024-02-18T12:04:46.344+0000][7][gc,start    ] GC(107) Pause Young (Concurrent Start) (G1 Evacuation Pause)
[2024-02-18T12:04:46.345+0000][7][gc,task     ] GC(107) Using 12 workers of 13 for evacuation
[2024-02-18T12:04:46.345+0000][7][gc,age      ] GC(107) Desired survivor size 20971520 bytes, new threshold 15 (max threshold 15)
[2024-02-18T12:04:46.347+0000][7][gc,phases   ] GC(107)   Pre Evacuate Collection Set: 0.2ms
[2024-02-18T12:04:46.347+0000][7][gc,phases   ] GC(107)   Merge Heap Roots: 0.1ms
[2024-02-18T12:04:46.348+0000][7][gc,phases   ] GC(107)   Evacuate Collection Set: 1.5ms
[2024-02-18T12:04:46.348+0000][7][gc,phases   ] GC(107)   Post Evacuate Collection Set: 0.6ms
[2024-02-18T12:04:46.348+0000][7][gc,phases   ] GC(107)   Other: 0.3ms
[2024-02-18T12:04:46.348+0000][7][gc,age      ] GC(107) Age table with threshold 15 (max threshold 15)
[2024-02-18T12:04:46.348+0000][7][gc,age      ] GC(107) - age   1:    1931256 bytes,    1931256 total
[2024-02-18T12:04:46.348+0000][7][gc,age      ] GC(107) - age   2:      14176 bytes,    1945432 total
[2024-02-18T12:04:46.348+0000][7][gc,age      ] GC(107) - age   3:      26512 bytes,    1971944 total
[2024-02-18T12:04:46.348+0000][7][gc,age      ] GC(107) - age   4:      29120 bytes,    2001064 total
[2024-02-18T12:04:46.348+0000][7][gc,age      ] GC(107) - age   5:      40528 bytes,    2041592 total
[2024-02-18T12:04:46.348+0000][7][gc,age      ] GC(107) - age   6:      35112 bytes,    2076704 total
[2024-02-18T12:04:46.348+0000][7][gc,age      ] GC(107) - age   7:     183872 bytes,    2260576 total
[2024-02-18T12:04:46.349+0000][7][gc,age      ] GC(107) - age   8:      13000 bytes,    2273576 total
[2024-02-18T12:04:46.349+0000][7][gc,age      ] GC(107) - age   9:       4504 bytes,    2278080 total
[2024-02-18T12:04:46.349+0000][7][gc,age      ] GC(107) - age  10:       9328 bytes,    2287408 total
[2024-02-18T12:04:46.349+0000][7][gc,age      ] GC(107) - age  11:       7528 bytes,    2294936 total
[2024-02-18T12:04:46.349+0000][7][gc,age      ] GC(107) - age  12:     106240 bytes,    2401176 total
[2024-02-18T12:04:46.349+0000][7][gc,age      ] GC(107) - age  13:      15352 bytes,    2416528 total
[2024-02-18T12:04:46.349+0000][7][gc,age      ] GC(107) - age  14:      88240 bytes,    2504768 total
[2024-02-18T12:04:46.349+0000][7][gc,age      ] GC(107) - age  15:      18856 bytes,    2523624 total
[2024-02-18T12:04:46.349+0000][7][gc,heap     ] GC(107) Eden regions: 75->0(75)
[2024-02-18T12:04:46.349+0000][7][gc,heap     ] GC(107) Survivor regions: 1->1(10)
[2024-02-18T12:04:46.350+0000][7][gc,heap     ] GC(107) Old regions: 31->31
[2024-02-18T12:04:46.350+0000][7][gc,heap     ] GC(107) Humongous regions: 2->2
[2024-02-18T12:04:46.350+0000][7][gc,metaspace] GC(107) Metaspace: 120930K(125632K)->120930K(125632K) NonClass: 105221K(108096K)->105221K(108096K) Class: 15708K(17536K)->15708K(17536K)
[2024-02-18T12:04:46.350+0000][7][gc          ] GC(107) Pause Young (Concurrent Start) (G1 Evacuation Pause) 432M->133M(512M) 5.412ms
[2024-02-18T12:04:46.350+0000][7][gc          ] GC(108) Concurrent Mark Cycle
[2024-02-18T12:04:46.350+0000][7][gc,marking  ] GC(108) Concurrent Scan Root Regions
[2024-02-18T12:04:46.350+0000][7][gc,cpu      ] GC(107) User=0.00s Sys=0.01s Real=0.01s
[2024-02-18T12:04:46.350+0000][7][safepoint   ] Safepoint "G1CollectForAllocation", Time since last: 42889262743 ns, Reaching safepoint: 16762 ns, Cleanup: 4238 ns, At safepoint: 5934141 ns, Total: 5955141 ns
[2024-02-18T12:04:46.351+0000][7][gc,marking  ] GC(108) Concurrent Scan Root Regions 1.200ms
[2024-02-18T12:04:46.352+0000][7][gc,marking  ] GC(108) Concurrent Mark
[2024-02-18T12:04:46.352+0000][7][gc,marking  ] GC(108) Concurrent Mark From Roots
[2024-02-18T12:04:46.352+0000][7][gc,task     ] GC(108) Using 3 workers of 3 for marking
[2024-02-18T12:04:46.388+0000][7][gc,marking  ] GC(108) Concurrent Mark From Roots 36.634ms
[2024-02-18T12:04:46.389+0000][7][gc,marking  ] GC(108) Concurrent Preclean
[2024-02-18T12:04:46.389+0000][7][gc,marking  ] GC(108) Concurrent Preclean 0.447ms
[2024-02-18T12:04:46.389+0000][7][gc,start    ] GC(108) Pause Remark
[2024-02-18T12:04:46.393+0000][7][gc          ] GC(108) Pause Remark 137M->137M(512M) 3.718ms
[2024-02-18T12:04:46.393+0000][7][gc,cpu      ] GC(108) User=0.03s Sys=0.00s Real=0.00s
[2024-02-18T12:04:46.393+0000][7][safepoint   ] Safepoint "G1PauseRemark", Time since last: 38803911 ns, Reaching safepoint: 18446 ns, Cleanup: 3396 ns, At safepoint: 4129660 ns, Total: 4151502 ns
[2024-02-18T12:04:46.393+0000][7][gc,marking  ] GC(108) Concurrent Mark 41.946ms
[2024-02-18T12:04:46.394+0000][7][gc,marking  ] GC(108) Concurrent Rebuild Remembered Sets and Scrub Regions
[2024-02-18T12:04:46.408+0000][7][gc,marking  ] GC(108) Concurrent Rebuild Remembered Sets and Scrub Regions 14.076ms
[2024-02-18T12:04:46.408+0000][7][gc,start    ] GC(108) Pause Cleanup
[2024-02-18T12:04:46.408+0000][7][gc          ] GC(108) Pause Cleanup 137M->137M(512M) 0.263ms
[2024-02-18T12:04:46.409+0000][7][gc,cpu      ] GC(108) User=0.00s Sys=0.00s Real=0.00s
[2024-02-18T12:04:46.409+0000][7][safepoint   ] Safepoint "G1PauseCleanup", Time since last: 14571849 ns, Reaching safepoint: 321837 ns, Cleanup: 6082 ns, At safepoint: 562266 ns, Total: 890185 ns
[2024-02-18T12:04:46.409+0000][7][gc,marking  ] GC(108) Concurrent Clear Claimed Marks
[2024-02-18T12:04:46.409+0000][7][gc,marking  ] GC(108) Concurrent Clear Claimed Marks 0.251ms
[2024-02-18T12:04:46.409+0000][7][gc,marking  ] GC(108) Concurrent Cleanup for Next Mark
[2024-02-18T12:04:46.410+0000][7][gc,marking  ] GC(108) Concurrent Cleanup for Next Mark 0.863ms
[2024-02-18T12:04:46.410+0000][7][gc          ] GC(108) Concurrent Mark Cycle 60.284ms
[2024-02-18T12:04:51.409+0000][7][safepoint   ] Safepoint "Cleanup", Time since last: 5000500620 ns, Reaching safepoint: 31430 ns, Cleanup: 8566 ns, At safepoint: 3146 ns, Total: 43142 ns
[2024-02-18T12:05:07.410+0000][7][safepoint   ] Safepoint "Cleanup", Time since last: 16001489069 ns, Reaching safepoint: 32142 ns, Cleanup: 22523 ns, At safepoint: 5310 ns, Total: 59975 ns
[2024-02-18T12:05:22.411+0000][7][safepoint   ] Safepoint "Cleanup", Time since last: 15001523133 ns, Reaching safepoint: 18345 ns, Cleanup: 11482 ns, At safepoint: 3727 ns, Total: 33554 ns
[2024-02-18T12:05:39.898+0000][7][safepoint   ] Safepoint "Cleanup", Time since last: 17487510674 ns, Reaching safepoint: 16501 ns, Cleanup: 10260 ns, At safepoint: 3587 ns, Total: 30348 ns
[2024-02-18T12:05:46.108+0000][7][gc,start    ] GC(109) Pause Young (Normal) (G1 Evacuation Pause)
[2024-02-18T12:05:46.108+0000][7][gc,task     ] GC(109) Using 12 workers of 13 for evacuation
[2024-02-18T12:05:46.108+0000][7][gc,age      ] GC(109) Desired survivor size 20971520 bytes, new threshold 15 (max threshold 15)
[2024-02-18T12:05:46.110+0000][7][gc,phases   ] GC(109)   Pre Evacuate Collection Set: 0.2ms
[2024-02-18T12:05:46.110+0000][7][gc,phases   ] GC(109)   Merge Heap Roots: 0.1ms
[2024-02-18T12:05:46.110+0000][7][gc,phases   ] GC(109)   Evacuate Collection Set: 1.5ms
[2024-02-18T12:05:46.111+0000][7][gc,phases   ] GC(109)   Post Evacuate Collection Set: 0.5ms
[2024-02-18T12:05:46.111+0000][7][gc,phases   ] GC(109)   Other: 0.2ms
[2024-02-18T12:05:46.111+0000][7][gc,age      ] GC(109) Age table with threshold 15 (max threshold 15)
[2024-02-18T12:05:46.111+0000][7][gc,age      ] GC(109) - age   1:    1223832 bytes,    1223832 total
[2024-02-18T12:05:46.111+0000][7][gc,age      ] GC(109) - age   2:      33968 bytes,    1257800 total
[2024-02-18T12:05:46.111+0000][7][gc,age      ] GC(109) - age   3:      12072 bytes,    1269872 total
[2024-02-18T12:05:46.111+0000][7][gc,age      ] GC(109) - age   4:      22248 bytes,    1292120 total
[2024-02-18T12:05:46.111+0000][7][gc,age      ] GC(109) - age   5:      26952 bytes,    1319072 total
[2024-02-18T12:05:46.111+0000][7][gc,age      ] GC(109) - age   6:      40464 bytes,    1359536 total
[2024-02-18T12:05:46.111+0000][7][gc,age      ] GC(109) - age   7:      34984 bytes,    1394520 total
[2024-02-18T12:05:46.111+0000][7][gc,age      ] GC(109) - age   8:     183872 bytes,    1578392 total
[2024-02-18T12:05:46.111+0000][7][gc,age      ] GC(109) - age   9:      13000 bytes,    1591392 total
[2024-02-18T12:05:46.112+0000][7][gc,age      ] GC(109) - age  10:       4504 bytes,    1595896 total
[2024-02-18T12:05:46.112+0000][7][gc,age      ] GC(109) - age  11:       8440 bytes,    1604336 total
[2024-02-18T12:05:46.112+0000][7][gc,age      ] GC(109) - age  12:       7528 bytes,    1611864 total
[2024-02-18T12:05:46.112+0000][7][gc,age      ] GC(109) - age  13:     106240 bytes,    1718104 total
[2024-02-18T12:05:46.112+0000][7][gc,age      ] GC(109) - age  14:      15352 bytes,    1733456 total
[2024-02-18T12:05:46.112+0000][7][gc,age      ] GC(109) - age  15:      88240 bytes,    1821696 total
[2024-02-18T12:05:46.112+0000][7][gc,heap     ] GC(109) Eden regions: 75->0(75)
[2024-02-18T12:05:46.112+0000][7][gc,heap     ] GC(109) Survivor regions: 1->1(10)
[2024-02-18T12:05:46.112+0000][7][gc,heap     ] GC(109) Old regions: 31->31
[2024-02-18T12:05:46.112+0000][7][gc,heap     ] GC(109) Humongous regions: 2->2
[2024-02-18T12:05:46.112+0000][7][gc,metaspace] GC(109) Metaspace: 120932K(125632K)->120932K(125632K) NonClass: 105223K(108096K)->105223K(108096K) Class: 15708K(17536K)->15708K(17536K)
[2024-02-18T12:05:46.112+0000][7][gc          ] GC(109) Pause Young (Normal) (G1 Evacuation Pause) 433M->132M(512M) 4.871ms
[2024-02-18T12:05:46.113+0000][7][gc,cpu      ] GC(109) User=0.01s Sys=0.00s Real=0.00s
[2024-02-18T12:05:46.113+0000][7][safepoint   ] Safepoint "G1CollectForAllocation", Time since last: 6209586556 ns, Reaching safepoint: 15410 ns, Cleanup: 3276 ns, At safepoint: 5114536 ns, Total: 5133222 ns
[2024-02-18T12:05:53.113+0000][7][safepoint   ] Safepoint "Cleanup", Time since last: 7000734096 ns, Reaching safepoint: 20790 ns, Cleanup: 21191 ns, At safepoint: 3687 ns, Total: 45668 ns
[2024-02-18T12:05:59.116+0000][7][safepoint   ] Safepoint "Cleanup", Time since last: 6002145683 ns, Reaching safepoint: 30258 ns, Cleanup: 23585 ns, At safepoint: 5861 ns, Total: 59704 ns
[2024-02-18T12:06:09.118+0000][7][safepoint   ] Safepoint "Cleanup", Time since last: 10001245601 ns, Reaching safepoint: 17864 ns, Cleanup: 14878 ns, At safepoint: 4840 ns, Total: 37582 ns
[2024-02-18T12:06:10.118+0000][7][safepoint   ] Safepoint "Cleanup", Time since last: 1000430898 ns, Reaching safepoint: 16321 ns, Cleanup: 9539 ns, At safepoint: 3316 ns, Total: 29176 ns
[2024-02-18T12:06:14.119+0000][7][safepoint   ] Safepoint "Cleanup", Time since last: 4000519397 ns, Reaching safepoint: 18195 ns, Cleanup: 12684 ns, At safepoint: 3316 ns, Total: 34195 ns
[2024-02-18T12:06:38.919+0000][7][safepoint   ] Safepoint "Cleanup", Time since last: 24800356902 ns, Reaching safepoint: 16572 ns, Cleanup: 21892 ns, At safepoint: 4057 ns, Total: 42521 ns
[2024-02-18T12:06:50.920+0000][7][safepoint   ] Safepoint "Cleanup", Time since last: 12001162333 ns, Reaching safepoint: 38423 ns, Cleanup: 9849 ns, At safepoint: 5571 ns, Total: 53843 ns
[2024-02-18T12:06:51.402+0000][7][gc,start    ] GC(110) Pause Young (Concurrent Start) (G1 Evacuation Pause)
[2024-02-18T12:06:51.402+0000][7][gc,task     ] GC(110) Using 12 workers of 13 for evacuation
[2024-02-18T12:06:51.403+0000][7][gc,age      ] GC(110) Desired survivor size 20971520 bytes, new threshold 15 (max threshold 15)
[2024-02-18T12:06:51.405+0000][7][gc,phases   ] GC(110)   Pre Evacuate Collection Set: 0.2ms
[2024-02-18T12:06:51.406+0000][7][gc,phases   ] GC(110)   Merge Heap Roots: 0.1ms
[2024-02-18T12:06:51.406+0000][7][gc,phases   ] GC(110)   Evacuate Collection Set: 1.6ms
[2024-02-18T12:06:51.406+0000][7][gc,phases   ] GC(110)   Post Evacuate Collection Set: 0.6ms
[2024-02-18T12:06:51.406+0000][7][gc,phases   ] GC(110)   Other: 0.4ms
[2024-02-18T12:06:51.406+0000][7][gc,age      ] GC(110) Age table with threshold 15 (max threshold 15)
[2024-02-18T12:06:51.406+0000][7][gc,age      ] GC(110) - age   1:     636200 bytes,     636200 total
[2024-02-18T12:06:51.406+0000][7][gc,age      ] GC(110) - age   2:      19760 bytes,     655960 total
[2024-02-18T12:06:51.406+0000][7][gc,age      ] GC(110) - age   3:      31160 bytes,     687120 total
[2024-02-18T12:06:51.406+0000][7][gc,age      ] GC(110) - age   4:      11752 bytes,     698872 total
[2024-02-18T12:06:51.406+0000][7][gc,age      ] GC(110) - age   5:      22056 bytes,     720928 total
[2024-02-18T12:06:51.407+0000][7][gc,age      ] GC(110) - age   6:      24008 bytes,     744936 total
[2024-02-18T12:06:51.407+0000][7][gc,age      ] GC(110) - age   7:      40464 bytes,     785400 total
[2024-02-18T12:06:51.407+0000][7][gc,age      ] GC(110) - age   8:      34824 bytes,     820224 total
[2024-02-18T12:06:51.407+0000][7][gc,age      ] GC(110) - age   9:     183520 bytes,    1003744 total
[2024-02-18T12:06:51.407+0000][7][gc,age      ] GC(110) - age  10:      11928 bytes,    1015672 total
[2024-02-18T12:06:51.407+0000][7][gc,age      ] GC(110) - age  11:       4504 bytes,    1020176 total
[2024-02-18T12:06:51.407+0000][7][gc,age      ] GC(110) - age  12:       8440 bytes,    1028616 total
[2024-02-18T12:06:51.407+0000][7][gc,age      ] GC(110) - age  13:       7528 bytes,    1036144 total
[2024-02-18T12:06:51.407+0000][7][gc,age      ] GC(110) - age  14:     106240 bytes,    1142384 total
[2024-02-18T12:06:51.408+0000][7][gc,age      ] GC(110) - age  15:      15144 bytes,    1157528 total
[2024-02-18T12:06:51.408+0000][7][gc,heap     ] GC(110) Eden regions: 75->0(75)
[2024-02-18T12:06:51.408+0000][7][gc,heap     ] GC(110) Survivor regions: 1->1(10)
[2024-02-18T12:06:51.408+0000][7][gc,heap     ] GC(110) Old regions: 31->31
[2024-02-18T12:06:51.408+0000][7][gc,heap     ] GC(110) Humongous regions: 2->2
[2024-02-18T12:06:51.408+0000][7][gc,metaspace] GC(110) Metaspace: 120937K(125632K)->120937K(125632K) NonClass: 105228K(108096K)->105228K(108096K) Class: 15708K(17536K)->15708K(17536K)
[2024-02-18T12:06:51.408+0000][7][gc          ] GC(110) Pause Young (Concurrent Start) (G1 Evacuation Pause) 432M->132M(512M) 6.037ms
[2024-02-18T12:06:51.408+0000][7][gc          ] GC(111) Concurrent Mark Cycle
[2024-02-18T12:06:51.408+0000][7][gc,marking  ] GC(111) Concurrent Scan Root Regions
[2024-02-18T12:06:51.408+0000][7][gc,cpu      ] GC(110) User=0.01s Sys=0.00s Real=0.01s
[2024-02-18T12:06:51.409+0000][7][safepoint   ] Safepoint "G1CollectForAllocation", Time since last: 481885845 ns, Reaching safepoint: 14207 ns, Cleanup: 12143 ns, At safepoint: 6638033 ns, Total: 6664383 ns
[2024-02-18T12:06:51.409+0000][7][gc,marking  ] GC(111) Concurrent Scan Root Regions 0.996ms
[2024-02-18T12:06:51.410+0000][7][gc,marking  ] GC(111) Concurrent Mark
[2024-02-18T12:06:51.410+0000][7][gc,marking  ] GC(111) Concurrent Mark From Roots
[2024-02-18T12:06:51.410+0000][7][gc,task     ] GC(111) Using 3 workers of 3 for marking
[2024-02-18T12:06:51.445+0000][7][gc,marking  ] GC(111) Concurrent Mark From Roots 35.272ms
[2024-02-18T12:06:51.445+0000][7][gc,marking  ] GC(111) Concurrent Preclean
[2024-02-18T12:06:51.446+0000][7][gc,marking  ] GC(111) Concurrent Preclean 0.383ms
[2024-02-18T12:06:51.446+0000][7][gc,start    ] GC(111) Pause Remark
[2024-02-18T12:06:51.452+0000][7][gc          ] GC(111) Pause Remark 135M->135M(512M) 6.013ms
[2024-02-18T12:06:51.452+0000][7][gc,cpu      ] GC(111) User=0.03s Sys=0.01s Real=0.00s
[2024-02-18T12:06:51.452+0000][7][safepoint   ] Safepoint "G1PauseRemark", Time since last: 36928050 ns, Reaching safepoint: 24146 ns, Cleanup: 3106 ns, At safepoint: 6467036 ns, Total: 6494288 ns
[2024-02-18T12:06:51.453+0000][7][gc,marking  ] GC(111) Concurrent Mark 43.023ms
[2024-02-18T12:06:51.453+0000][7][gc,marking  ] GC(111) Concurrent Rebuild Remembered Sets and Scrub Regions
[2024-02-18T12:06:51.466+0000][7][gc,marking  ] GC(111) Concurrent Rebuild Remembered Sets and Scrub Regions 13.192ms
[2024-02-18T12:06:51.466+0000][7][gc,start    ] GC(111) Pause Cleanup
[2024-02-18T12:06:51.466+0000][7][gc          ] GC(111) Pause Cleanup 137M->137M(512M) 0.276ms
[2024-02-18T12:06:51.467+0000][7][gc,cpu      ] GC(111) User=0.00s Sys=0.00s Real=0.00s
[2024-02-18T12:06:51.467+0000][7][safepoint   ] Safepoint "G1PauseCleanup", Time since last: 13926154 ns, Reaching safepoint: 15299 ns, Cleanup: 6372 ns, At safepoint: 541537 ns, Total: 563208 ns
[2024-02-18T12:06:51.467+0000][7][gc,marking  ] GC(111) Concurrent Clear Claimed Marks
[2024-02-18T12:06:51.467+0000][7][gc,marking  ] GC(111) Concurrent Clear Claimed Marks 0.254ms
[2024-02-18T12:06:51.467+0000][7][gc,marking  ] GC(111) Concurrent Cleanup for Next Mark
[2024-02-18T12:06:51.468+0000][7][gc,marking  ] GC(111) Concurrent Cleanup for Next Mark 0.561ms
[2024-02-18T12:06:51.468+0000][7][gc          ] GC(111) Concurrent Mark Cycle 59.562ms
[2024-02-18T12:07:30.939+0000][7][safepoint   ] Safepoint "Cleanup", Time since last: 39472310612 ns, Reaching safepoint: 17153 ns, Cleanup: 11462 ns, At safepoint: 3516 ns, Total: 32131 ns
[2024-02-18T12:07:38.940+0000][7][safepoint   ] Safepoint "Cleanup", Time since last: 8000969612 ns, Reaching safepoint: 23074 ns, Cleanup: 21070 ns, At safepoint: 4018 ns, Total: 48162 ns
[2024-02-18T12:07:51.548+0000][7][gc,start    ] GC(112) Pause Young (Normal) (G1 Evacuation Pause)
[2024-02-18T12:07:51.549+0000][7][gc,task     ] GC(112) Using 12 workers of 13 for evacuation
[2024-02-18T12:07:51.549+0000][7][gc,age      ] GC(112) Desired survivor size 20971520 bytes, new threshold 15 (max threshold 15)
[2024-02-18T12:07:51.551+0000][7][gc,phases   ] GC(112)   Pre Evacuate Collection Set: 0.2ms
[2024-02-18T12:07:51.552+0000][7][gc,phases   ] GC(112)   Merge Heap Roots: 0.1ms
[2024-02-18T12:07:51.552+0000][7][gc,phases   ] GC(112)   Evacuate Collection Set: 1.7ms
[2024-02-18T12:07:51.552+0000][7][gc,phases   ] GC(112)   Post Evacuate Collection Set: 0.6ms
[2024-02-18T12:07:51.552+0000][7][gc,phases   ] GC(112)   Other: 0.3ms
[2024-02-18T12:07:51.552+0000][7][gc,age      ] GC(112) Age table with threshold 15 (max threshold 15)
[2024-02-18T12:07:51.552+0000][7][gc,age      ] GC(112) - age   1:    1504560 bytes,    1504560 total
[2024-02-18T12:07:51.552+0000][7][gc,age      ] GC(112) - age   2:      37368 bytes,    1541928 total
[2024-02-18T12:07:51.552+0000][7][gc,age      ] GC(112) - age   3:      14344 bytes,    1556272 total
[2024-02-18T12:07:51.553+0000][7][gc,age      ] GC(112) - age   4:      14392 bytes,    1570664 total
[2024-02-18T12:07:51.553+0000][7][gc,age      ] GC(112) - age   5:      11688 bytes,    1582352 total
[2024-02-18T12:07:51.553+0000][7][gc,age      ] GC(112) - age   6:      21944 bytes,    1604296 total
[2024-02-18T12:07:51.553+0000][7][gc,age      ] GC(112) - age   7:      24008 bytes,    1628304 total
[2024-02-18T12:07:51.553+0000][7][gc,age      ] GC(112) - age   8:      15880 bytes,    1644184 total
[2024-02-18T12:07:51.553+0000][7][gc,age      ] GC(112) - age   9:      34824 bytes,    1679008 total
[2024-02-18T12:07:51.553+0000][7][gc,age      ] GC(112) - age  10:     183480 bytes,    1862488 total
[2024-02-18T12:07:51.553+0000][7][gc,age      ] GC(112) - age  11:      11928 bytes,    1874416 total
[2024-02-18T12:07:51.554+0000][7][gc,age      ] GC(112) - age  12:       4504 bytes,    1878920 total
[2024-02-18T12:07:51.554+0000][7][gc,age      ] GC(112) - age  13:       8440 bytes,    1887360 total
[2024-02-18T12:07:51.554+0000][7][gc,age      ] GC(112) - age  14:       7528 bytes,    1894888 total
[2024-02-18T12:07:51.554+0000][7][gc,age      ] GC(112) - age  15:     106240 bytes,    2001128 total
[2024-02-18T12:07:51.554+0000][7][gc,heap     ] GC(112) Eden regions: 75->0(75)
[2024-02-18T12:07:51.554+0000][7][gc,heap     ] GC(112) Survivor regions: 1->1(10)
[2024-02-18T12:07:51.554+0000][7][gc,heap     ] GC(112) Old regions: 31->31
[2024-02-18T12:07:51.554+0000][7][gc,heap     ] GC(112) Humongous regions: 2->2
[2024-02-18T12:07:51.554+0000][7][gc,metaspace] GC(112) Metaspace: 120937K(125632K)->120937K(125632K) NonClass: 105228K(108096K)->105228K(108096K) Class: 15708K(17536K)->15708K(17536K)
[2024-02-18T12:07:51.555+0000][7][gc          ] GC(112) Pause Young (Normal) (G1 Evacuation Pause) 432M->133M(512M) 6.235ms
[2024-02-18T12:07:51.555+0000][7][gc,cpu      ] GC(112) User=0.01s Sys=0.00s Real=0.00s
[2024-02-18T12:07:51.555+0000][7][safepoint   ] Safepoint "G1CollectForAllocation", Time since last: 12608112910 ns, Reaching safepoint: 29125 ns, Cleanup: 14899 ns, At safepoint: 6581516 ns, Total: 6625540 ns
[2024-02-18T12:08:07.556+0000][7][safepoint   ] Safepoint "Cleanup", Time since last: 16001362477 ns, Reaching safepoint: 17894 ns, Cleanup: 13095 ns, At safepoint: 3958 ns, Total: 34947 ns
[2024-02-18T12:08:39.960+0000][7][safepoint   ] Safepoint "Cleanup", Time since last: 32404080664 ns, Reaching safepoint: 18215 ns, Cleanup: 12154 ns, At safepoint: 3186 ns, Total: 33555 ns
[2024-02-18T12:08:51.614+0000][7][gc,start    ] GC(113) Pause Young (Concurrent Start) (G1 Evacuation Pause)
[2024-02-18T12:08:51.614+0000][7][gc,task     ] GC(113) Using 12 workers of 13 for evacuation
[2024-02-18T12:08:51.614+0000][7][gc,age      ] GC(113) Desired survivor size 20971520 bytes, new threshold 15 (max threshold 15)
[2024-02-18T12:08:51.617+0000][7][gc,phases   ] GC(113)   Pre Evacuate Collection Set: 0.2ms
[2024-02-18T12:08:51.617+0000][7][gc,phases   ] GC(113)   Merge Heap Roots: 0.1ms
[2024-02-18T12:08:51.617+0000][7][gc,phases   ] GC(113)   Evacuate Collection Set: 1.4ms
[2024-02-18T12:08:51.617+0000][7][gc,phases   ] GC(113)   Post Evacuate Collection Set: 0.5ms
[2024-02-18T12:08:51.617+0000][7][gc,phases   ] GC(113)   Other: 0.3ms
[2024-02-18T12:08:51.617+0000][7][gc,age      ] GC(113) Age table with threshold 15 (max threshold 15)
[2024-02-18T12:08:51.617+0000][7][gc,age      ] GC(113) - age   1:     874488 bytes,     874488 total
[2024-02-18T12:08:51.617+0000][7][gc,age      ] GC(113) - age   2:      40816 bytes,     915304 total
[2024-02-18T12:08:51.618+0000][7][gc,age      ] GC(113) - age   3:      35488 bytes,     950792 total
[2024-02-18T12:08:51.618+0000][7][gc,age      ] GC(113) - age   4:      11696 bytes,     962488 total
[2024-02-18T12:08:51.618+0000][7][gc,age      ] GC(113) - age   5:       8888 bytes,     971376 total
[2024-02-18T12:08:51.618+0000][7][gc,age      ] GC(113) - age   6:      11656 bytes,     983032 total
[2024-02-18T12:08:51.618+0000][7][gc,age      ] GC(113) - age   7:      21944 bytes,    1004976 total
[2024-02-18T12:08:51.618+0000][7][gc,age      ] GC(113) - age   8:       7600 bytes,    1012576 total
[2024-02-18T12:08:51.618+0000][7][gc,age      ] GC(113) - age   9:      15816 bytes,    1028392 total
[2024-02-18T12:08:51.618+0000][7][gc,age      ] GC(113) - age  10:      34824 bytes,    1063216 total
[2024-02-18T12:08:51.618+0000][7][gc,age      ] GC(113) - age  11:     183440 bytes,    1246656 total
[2024-02-18T12:08:51.618+0000][7][gc,age      ] GC(113) - age  12:      11928 bytes,    1258584 total
[2024-02-18T12:08:51.618+0000][7][gc,age      ] GC(113) - age  13:       4504 bytes,    1263088 total
[2024-02-18T12:08:51.619+0000][7][gc,age      ] GC(113) - age  14:       8440 bytes,    1271528 total
[2024-02-18T12:08:51.619+0000][7][gc,age      ] GC(113) - age  15:       7528 bytes,    1279056 total
[2024-02-18T12:08:51.619+0000][7][gc,heap     ] GC(113) Eden regions: 75->0(75)
[2024-02-18T12:08:51.619+0000][7][gc,heap     ] GC(113) Survivor regions: 1->1(10)
[2024-02-18T12:08:51.619+0000][7][gc,heap     ] GC(113) Old regions: 31->31
[2024-02-18T12:08:51.619+0000][7][gc,heap     ] GC(113) Humongous regions: 2->2
[2024-02-18T12:08:51.619+0000][7][gc,metaspace] GC(113) Metaspace: 120941K(125632K)->120941K(125632K) NonClass: 105232K(108096K)->105232K(108096K) Class: 15709K(17536K)->15709K(17536K)
[2024-02-18T12:08:51.619+0000][7][gc          ] GC(113) Pause Young (Concurrent Start) (G1 Evacuation Pause) 433M->132M(512M) 5.300ms
[2024-02-18T12:08:51.619+0000][7][gc          ] GC(114) Concurrent Mark Cycle
[2024-02-18T12:08:51.620+0000][7][gc,marking  ] GC(114) Concurrent Scan Root Regions
[2024-02-18T12:08:51.619+0000][7][gc,cpu      ] GC(113) User=0.01s Sys=0.00s Real=0.01s
[2024-02-18T12:08:51.620+0000][7][gc,marking  ] GC(114) Concurrent Scan Root Regions 0.906ms
[2024-02-18T12:08:51.621+0000][7][gc,marking  ] GC(114) Concurrent Mark
[2024-02-18T12:08:51.621+0000][7][gc,marking  ] GC(114) Concurrent Mark From Roots
[2024-02-18T12:08:51.621+0000][7][gc,task     ] GC(114) Using 3 workers of 3 for marking
[2024-02-18T12:08:51.621+0000][7][safepoint   ] Safepoint "G1CollectForAllocation", Time since last: 11653549054 ns, Reaching safepoint: 29286 ns, Cleanup: 8707 ns, At safepoint: 6527873 ns, Total: 6565866 ns
[2024-02-18T12:08:51.656+0000][7][gc,marking  ] GC(114) Concurrent Mark From Roots 35.670ms
[2024-02-18T12:08:51.657+0000][7][gc,marking  ] GC(114) Concurrent Preclean
[2024-02-18T12:08:51.657+0000][7][gc,marking  ] GC(114) Concurrent Preclean 0.379ms
[2024-02-18T12:08:51.657+0000][7][gc,start    ] GC(114) Pause Remark
[2024-02-18T12:08:51.661+0000][7][gc          ] GC(114) Pause Remark 132M->132M(512M) 3.362ms
[2024-02-18T12:08:51.661+0000][7][gc,cpu      ] GC(114) User=0.03s Sys=0.00s Real=0.00s
[2024-02-18T12:08:51.661+0000][7][safepoint   ] Safepoint "G1PauseRemark", Time since last: 36661719 ns, Reaching safepoint: 16342 ns, Cleanup: 3316 ns, At safepoint: 3754901 ns, Total: 3774559 ns
[2024-02-18T12:08:51.661+0000][7][gc,marking  ] GC(114) Concurrent Mark 40.472ms
[2024-02-18T12:08:51.661+0000][7][gc,marking  ] GC(114) Concurrent Rebuild Remembered Sets and Scrub Regions
[2024-02-18T12:08:51.674+0000][7][gc,marking  ] GC(114) Concurrent Rebuild Remembered Sets and Scrub Regions 12.450ms
[2024-02-18T12:08:51.674+0000][7][gc,start    ] GC(114) Pause Cleanup
[2024-02-18T12:08:51.674+0000][7][gc          ] GC(114) Pause Cleanup 132M->132M(512M) 0.347ms
[2024-02-18T12:08:51.675+0000][7][gc,cpu      ] GC(114) User=0.00s Sys=0.00s Real=0.00s
[2024-02-18T12:08:51.675+0000][7][safepoint   ] Safepoint "G1PauseCleanup", Time since last: 12995465 ns, Reaching safepoint: 14248 ns, Cleanup: 2695 ns, At safepoint: 742758 ns, Total: 759701 ns
[2024-02-18T12:08:51.675+0000][7][gc,marking  ] GC(114) Concurrent Clear Claimed Marks
[2024-02-18T12:08:51.675+0000][7][gc,marking  ] GC(114) Concurrent Clear Claimed Marks 0.487ms
[2024-02-18T12:08:51.676+0000][7][gc,marking  ] GC(114) Concurrent Cleanup for Next Mark
[2024-02-18T12:08:51.677+0000][7][gc,marking  ] GC(114) Concurrent Cleanup for Next Mark 0.973ms
[2024-02-18T12:08:51.677+0000][7][gc          ] GC(114) Concurrent Mark Cycle 57.290ms
[2024-02-18T12:09:08.676+0000][7][safepoint   ] Safepoint "Cleanup", Time since last: 17001521034 ns, Reaching safepoint: 18906 ns, Cleanup: 14578 ns, At safepoint: 3827 ns, Total: 37311 ns
[2024-02-18T12:09:11.677+0000][7][safepoint   ] Safepoint "Cleanup", Time since last: 3000535655 ns, Reaching safepoint: 17834 ns, Cleanup: 11873 ns, At safepoint: 2875 ns, Total: 32582 ns
[2024-02-18T12:09:20.678+0000][7][safepoint   ] Safepoint "Cleanup", Time since last: 9001178490 ns, Reaching safepoint: 19357 ns, Cleanup: 17263 ns, At safepoint: 3557 ns, Total: 40177 ns
[2024-02-18T12:09:33.981+0000][7][safepoint   ] Safepoint "Cleanup", Time since last: 13302885578 ns, Reaching safepoint: 18155 ns, Cleanup: 11993 ns, At safepoint: 3687 ns, Total: 33835 ns
[2024-02-18T12:09:51.983+0000][7][safepoint   ] Safepoint "Cleanup", Time since last: 18002231217 ns, Reaching safepoint: 47311 ns, Cleanup: 13135 ns, At safepoint: 5100 ns, Total: 65546 ns
[2024-02-18T12:09:52.503+0000][7][gc,start    ] GC(115) Pause Young (Normal) (G1 Evacuation Pause)
[2024-02-18T12:09:52.503+0000][7][gc,task     ] GC(115) Using 12 workers of 13 for evacuation
[2024-02-18T12:09:52.503+0000][7][gc,age      ] GC(115) Desired survivor size 20971520 bytes, new threshold 15 (max threshold 15)
[2024-02-18T12:09:52.506+0000][7][gc,phases   ] GC(115)   Pre Evacuate Collection Set: 0.2ms
[2024-02-18T12:09:52.506+0000][7][gc,phases   ] GC(115)   Merge Heap Roots: 0.1ms
[2024-02-18T12:09:52.506+0000][7][gc,phases   ] GC(115)   Evacuate Collection Set: 1.5ms
[2024-02-18T12:09:52.506+0000][7][gc,phases   ] GC(115)   Post Evacuate Collection Set: 0.5ms
[2024-02-18T12:09:52.506+0000][7][gc,phases   ] GC(115)   Other: 0.3ms
[2024-02-18T12:09:52.506+0000][7][gc,age      ] GC(115) Age table with threshold 15 (max threshold 15)
[2024-02-18T12:09:52.507+0000][7][gc,age      ] GC(115) - age   1:    1556864 bytes,    1556864 total
[2024-02-18T12:09:52.507+0000][7][gc,age      ] GC(115) - age   2:     135904 bytes,    1692768 total
[2024-02-18T12:09:52.507+0000][7][gc,age      ] GC(115) - age   3:      36112 bytes,    1728880 total
[2024-02-18T12:09:52.507+0000][7][gc,age      ] GC(115) - age   4:      33600 bytes,    1762480 total
[2024-02-18T12:09:52.507+0000][7][gc,age      ] GC(115) - age   5:       8176 bytes,    1770656 total
[2024-02-18T12:09:52.507+0000][7][gc,age      ] GC(115) - age   6:       6360 bytes,    1777016 total
[2024-02-18T12:09:52.507+0000][7][gc,age      ] GC(115) - age   7:       9992 bytes,    1787008 total
[2024-02-18T12:09:52.507+0000][7][gc,age      ] GC(115) - age   8:      18568 bytes,    1805576 total
[2024-02-18T12:09:52.507+0000][7][gc,age      ] GC(115) - age   9:       5968 bytes,    1811544 total
[2024-02-18T12:09:52.507+0000][7][gc,age      ] GC(115) - age  10:      15816 bytes,    1827360 total
[2024-02-18T12:09:52.507+0000][7][gc,age      ] GC(115) - age  11:      33240 bytes,    1860600 total
[2024-02-18T12:09:52.508+0000][7][gc,age      ] GC(115) - age  12:     183440 bytes,    2044040 total
[2024-02-18T12:09:52.508+0000][7][gc,age      ] GC(115) - age  13:      10584 bytes,    2054624 total
[2024-02-18T12:09:52.508+0000][7][gc,age      ] GC(115) - age  14:       4504 bytes,    2059128 total
[2024-02-18T12:09:52.508+0000][7][gc,age      ] GC(115) - age  15:       8440 bytes,    2067568 total
[2024-02-18T12:09:52.508+0000][7][gc,heap     ] GC(115) Eden regions: 75->0(75)
[2024-02-18T12:09:52.508+0000][7][gc,heap     ] GC(115) Survivor regions: 1->1(10)
[2024-02-18T12:09:52.508+0000][7][gc,heap     ] GC(115) Old regions: 31->31
[2024-02-18T12:09:52.508+0000][7][gc,heap     ] GC(115) Humongous regions: 2->2
[2024-02-18T12:09:52.508+0000][7][gc,metaspace] GC(115) Metaspace: 120974K(125632K)->120974K(125632K) NonClass: 105265K(108096K)->105265K(108096K) Class: 15709K(17536K)->15709K(17536K)
[2024-02-18T12:09:52.508+0000][7][gc          ] GC(115) Pause Young (Normal) (G1 Evacuation Pause) 432M->133M(512M) 5.291ms
[2024-02-18T12:09:52.508+0000][7][gc,cpu      ] GC(115) User=0.01s Sys=0.01s Real=0.01s
[2024-02-18T12:09:52.509+0000][7][safepoint   ] Safepoint "G1CollectForAllocation", Time since last: 519771593 ns, Reaching safepoint: 16541 ns, Cleanup: 3878 ns, At safepoint: 5546007 ns, Total: 5566426 ns
[2024-02-18T12:09:53.509+0000][7][safepoint   ] Safepoint "Cleanup", Time since last: 1000209865 ns, Reaching safepoint: 18696 ns, Cleanup: 12394 ns, At safepoint: 3667 ns, Total: 34757 ns
[2024-02-18T12:10:09.510+0000][7][safepoint   ] Safepoint "Cleanup", Time since last: 16001560942 ns, Reaching safepoint: 16231 ns, Cleanup: 12083 ns, At safepoint: 3307 ns, Total: 31621 ns
[2024-02-18T12:10:40.004+0000][7][safepoint   ] Safepoint "Cleanup", Time since last: 30493568755 ns, Reaching safepoint: 17334 ns, Cleanup: 13025 ns, At safepoint: 3015 ns, Total: 33374 ns
[2024-02-18T12:10:52.006+0000][7][safepoint   ] Safepoint "Cleanup", Time since last: 12001419876 ns, Reaching safepoint: 39275 ns, Cleanup: 15871 ns, At safepoint: 5971 ns, Total: 61117 ns
[2024-02-18T12:10:52.321+0000][7][gc,start    ] GC(116) Pause Young (Concurrent Start) (G1 Evacuation Pause)
[2024-02-18T12:10:52.321+0000][7][gc,task     ] GC(116) Using 12 workers of 13 for evacuation
[2024-02-18T12:10:52.322+0000][7][gc,age      ] GC(116) Desired survivor size 20971520 bytes, new threshold 15 (max threshold 15)
[2024-02-18T12:10:52.324+0000][7][gc,phases   ] GC(116)   Pre Evacuate Collection Set: 0.2ms
[2024-02-18T12:10:52.324+0000][7][gc,phases   ] GC(116)   Merge Heap Roots: 0.1ms
[2024-02-18T12:10:52.325+0000][7][gc,phases   ] GC(116)   Evacuate Collection Set: 1.6ms
[2024-02-18T12:10:52.325+0000][7][gc,phases   ] GC(116)   Post Evacuate Collection Set: 0.6ms
[2024-02-18T12:10:52.325+0000][7][gc,phases   ] GC(116)   Other: 0.4ms
[2024-02-18T12:10:52.325+0000][7][gc,age      ] GC(116) Age table with threshold 15 (max threshold 15)
[2024-02-18T12:10:52.325+0000][7][gc,age      ] GC(116) - age   1:    1296816 bytes,    1296816 total
[2024-02-18T12:10:52.325+0000][7][gc,age      ] GC(116) - age   2:      14168 bytes,    1310984 total
[2024-02-18T12:10:52.325+0000][7][gc,age      ] GC(116) - age   3:      13584 bytes,    1324568 total
[2024-02-18T12:10:52.325+0000][7][gc,age      ] GC(116) - age   4:      23544 bytes,    1348112 total
[2024-02-18T12:10:52.325+0000][7][gc,age      ] GC(116) - age   5:      33408 bytes,    1381520 total
[2024-02-18T12:10:52.325+0000][7][gc,age      ] GC(116) - age   6:       8080 bytes,    1389600 total
[2024-02-18T12:10:52.325+0000][7][gc,age      ] GC(116) - age   7:       6296 bytes,    1395896 total
[2024-02-18T12:10:52.326+0000][7][gc,age      ] GC(116) - age   8:       9648 bytes,    1405544 total
[2024-02-18T12:10:52.326+0000][7][gc,age      ] GC(116) - age   9:      17000 bytes,    1422544 total
[2024-02-18T12:10:52.326+0000][7][gc,age      ] GC(116) - age  10:       5968 bytes,    1428512 total
[2024-02-18T12:10:52.326+0000][7][gc,age      ] GC(116) - age  11:      12032 bytes,    1440544 total
[2024-02-18T12:10:52.326+0000][7][gc,age      ] GC(116) - age  12:      33240 bytes,    1473784 total
[2024-02-18T12:10:52.326+0000][7][gc,age      ] GC(116) - age  13:     183440 bytes,    1657224 total
[2024-02-18T12:10:52.326+0000][7][gc,age      ] GC(116) - age  14:      10584 bytes,    1667808 total
[2024-02-18T12:10:52.326+0000][7][gc,age      ] GC(116) - age  15:       4504 bytes,    1672312 total
[2024-02-18T12:10:52.326+0000][7][gc,heap     ] GC(116) Eden regions: 75->0(75)
[2024-02-18T12:10:52.327+0000][7][gc,heap     ] GC(116) Survivor regions: 1->1(10)
[2024-02-18T12:10:52.327+0000][7][gc,heap     ] GC(116) Old regions: 31->31
[2024-02-18T12:10:52.327+0000][7][gc,heap     ] GC(116) Humongous regions: 2->2
[2024-02-18T12:10:52.327+0000][7][gc,metaspace] GC(116) Metaspace: 120997K(125632K)->120997K(125632K) NonClass: 105288K(108096K)->105288K(108096K) Class: 15709K(17536K)->15709K(17536K)
[2024-02-18T12:10:52.327+0000][7][gc          ] GC(116) Pause Young (Concurrent Start) (G1 Evacuation Pause) 433M->132M(512M) 5.726ms
[2024-02-18T12:10:52.327+0000][7][gc          ] GC(117) Concurrent Mark Cycle
[2024-02-18T12:10:52.327+0000][7][gc,marking  ] GC(117) Concurrent Scan Root Regions
[2024-02-18T12:10:52.327+0000][7][gc,cpu      ] GC(116) User=0.01s Sys=0.00s Real=0.01s
[2024-02-18T12:10:52.327+0000][7][safepoint   ] Safepoint "G1CollectForAllocation", Time since last: 315650814 ns, Reaching safepoint: 20750 ns, Cleanup: 3687 ns, At safepoint: 6269232 ns, Total: 6293669 ns
[2024-02-18T12:10:52.328+0000][7][gc,marking  ] GC(117) Concurrent Scan Root Regions 0.955ms
[2024-02-18T12:10:52.346+0000][7][gc,marking  ] GC(117) Concurrent Mark
[2024-02-18T12:10:52.346+0000][7][gc,marking  ] GC(117) Concurrent Mark From Roots
[2024-02-18T12:10:52.347+0000][7][gc,task     ] GC(117) Using 3 workers of 3 for marking
[2024-02-18T12:10:52.389+0000][7][gc,marking  ] GC(117) Concurrent Mark From Roots 42.274ms
[2024-02-18T12:10:52.389+0000][7][gc,marking  ] GC(117) Concurrent Preclean
[2024-02-18T12:10:52.389+0000][7][gc,marking  ] GC(117) Concurrent Preclean 0.454ms
[2024-02-18T12:10:52.389+0000][7][gc,start    ] GC(117) Pause Remark
[2024-02-18T12:10:52.395+0000][7][gc          ] GC(117) Pause Remark 133M->133M(512M) 5.883ms
[2024-02-18T12:10:52.396+0000][7][gc,cpu      ] GC(117) User=0.02s Sys=0.01s Real=0.00s
[2024-02-18T12:10:52.396+0000][7][safepoint   ] Safepoint "G1PauseRemark", Time since last: 61917566 ns, Reaching safepoint: 18085 ns, Cleanup: 8336 ns, At safepoint: 6343725 ns, Total: 6370146 ns
[2024-02-18T12:10:52.396+0000][7][gc,marking  ] GC(117) Concurrent Mark 49.826ms
[2024-02-18T12:10:52.396+0000][7][gc,marking  ] GC(117) Concurrent Rebuild Remembered Sets and Scrub Regions
[2024-02-18T12:10:52.413+0000][7][gc,marking  ] GC(117) Concurrent Rebuild Remembered Sets and Scrub Regions 17.364ms
[2024-02-18T12:10:52.414+0000][7][gc,start    ] GC(117) Pause Cleanup
[2024-02-18T12:10:52.414+0000][7][gc          ] GC(117) Pause Cleanup 133M->133M(512M) 0.388ms
[2024-02-18T12:10:52.414+0000][7][gc,cpu      ] GC(117) User=0.00s Sys=0.00s Real=0.00s
[2024-02-18T12:10:52.415+0000][7][safepoint   ] Safepoint "G1PauseCleanup", Time since last: 18033821 ns, Reaching safepoint: 25128 ns, Cleanup: 13035 ns, At safepoint: 804371 ns, Total: 842534 ns
[2024-02-18T12:10:52.415+0000][7][gc,marking  ] GC(117) Concurrent Clear Claimed Marks
[2024-02-18T12:10:52.415+0000][7][gc,marking  ] GC(117) Concurrent Clear Claimed Marks 0.285ms
[2024-02-18T12:10:52.415+0000][7][gc,marking  ] GC(117) Concurrent Cleanup for Next Mark
[2024-02-18T12:10:52.416+0000][7][gc,marking  ] GC(117) Concurrent Cleanup for Next Mark 0.856ms
[2024-02-18T12:10:52.416+0000][7][gc          ] GC(117) Concurrent Mark Cycle 89.187ms
[2024-02-18T12:11:10.417+0000][7][safepoint   ] Safepoint "Cleanup", Time since last: 18002174377 ns, Reaching safepoint: 18686 ns, Cleanup: 13276 ns, At safepoint: 3126 ns, Total: 35088 ns
[2024-02-18T12:11:34.025+0000][7][safepoint   ] Safepoint "Cleanup", Time since last: 23608135470 ns, Reaching safepoint: 17694 ns, Cleanup: 15369 ns, At safepoint: 3397 ns, Total: 36460 ns
[2024-02-18T12:11:35.025+0000][7][safepoint   ] Safepoint "Cleanup", Time since last: 1000326353 ns, Reaching safepoint: 17173 ns, Cleanup: 13125 ns, At safepoint: 3667 ns, Total: 33965 ns
[2024-02-18T12:11:51.777+0000][7][gc,start    ] GC(118) Pause Young (Normal) (G1 Evacuation Pause)
[2024-02-18T12:11:51.777+0000][7][gc,task     ] GC(118) Using 12 workers of 13 for evacuation
[2024-02-18T12:11:51.777+0000][7][gc,age      ] GC(118) Desired survivor size 20971520 bytes, new threshold 15 (max threshold 15)
[2024-02-18T12:11:51.779+0000][7][gc,phases   ] GC(118)   Pre Evacuate Collection Set: 0.2ms
[2024-02-18T12:11:51.779+0000][7][gc,phases   ] GC(118)   Merge Heap Roots: 0.1ms
[2024-02-18T12:11:51.780+0000][7][gc,phases   ] GC(118)   Evacuate Collection Set: 1.3ms
[2024-02-18T12:11:51.780+0000][7][gc,phases   ] GC(118)   Post Evacuate Collection Set: 0.5ms
[2024-02-18T12:11:51.780+0000][7][gc,phases   ] GC(118)   Other: 0.3ms
[2024-02-18T12:11:51.780+0000][7][gc,age      ] GC(118) Age table with threshold 15 (max threshold 15)
[2024-02-18T12:11:51.780+0000][7][gc,age      ] GC(118) - age   1:    1890928 bytes,    1890928 total
[2024-02-18T12:11:51.780+0000][7][gc,age      ] GC(118) - age   2:      34536 bytes,    1925464 total
[2024-02-18T12:11:51.780+0000][7][gc,age      ] GC(118) - age   3:       9960 bytes,    1935424 total
[2024-02-18T12:11:51.780+0000][7][gc,age      ] GC(118) - age   4:       9168 bytes,    1944592 total
[2024-02-18T12:11:51.780+0000][7][gc,age      ] GC(118) - age   5:      15216 bytes,    1959808 total
[2024-02-18T12:11:51.780+0000][7][gc,age      ] GC(118) - age   6:      31328 bytes,    1991136 total
[2024-02-18T12:11:51.781+0000][7][gc,age      ] GC(118) - age   7:       8080 bytes,    1999216 total
[2024-02-18T12:11:51.781+0000][7][gc,age      ] GC(118) - age   8:       6296 bytes,    2005512 total
[2024-02-18T12:11:51.781+0000][7][gc,age      ] GC(118) - age   9:       9584 bytes,    2015096 total
[2024-02-18T12:11:51.781+0000][7][gc,age      ] GC(118) - age  10:      15360 bytes,    2030456 total
[2024-02-18T12:11:51.781+0000][7][gc,age      ] GC(118) - age  11:       4544 bytes,    2035000 total
[2024-02-18T12:11:51.781+0000][7][gc,age      ] GC(118) - age  12:      12032 bytes,    2047032 total
[2024-02-18T12:11:51.781+0000][7][gc,age      ] GC(118) - age  13:      33240 bytes,    2080272 total
[2024-02-18T12:11:51.781+0000][7][gc,age      ] GC(118) - age  14:     183400 bytes,    2263672 total
[2024-02-18T12:11:51.781+0000][7][gc,age      ] GC(118) - age  15:      10584 bytes,    2274256 total
[2024-02-18T12:11:51.782+0000][7][gc,heap     ] GC(118) Eden regions: 75->0(75)
[2024-02-18T12:11:51.782+0000][7][gc,heap     ] GC(118) Survivor regions: 1->1(10)
[2024-02-18T12:11:51.782+0000][7][gc,heap     ] GC(118) Old regions: 31->31
[2024-02-18T12:11:51.782+0000][7][gc,heap     ] GC(118) Humongous regions: 2->2
[2024-02-18T12:11:51.782+0000][7][gc,metaspace] GC(118) Metaspace: 120997K(125632K)->120997K(125632K) NonClass: 105288K(108096K)->105288K(108096K) Class: 15709K(17536K)->15709K(17536K)
[2024-02-18T12:11:51.782+0000][7][gc          ] GC(118) Pause Young (Normal) (G1 Evacuation Pause) 432M->133M(512M) 5.429ms
[2024-02-18T12:11:51.782+0000][7][gc,cpu      ] GC(118) User=0.01s Sys=0.00s Real=0.00s
[2024-02-18T12:11:51.782+0000][7][safepoint   ] Safepoint "G1CollectForAllocation", Time since last: 16751231909 ns, Reaching safepoint: 15639 ns, Cleanup: 3577 ns, At safepoint: 5721519 ns, Total: 5740735 ns
[2024-02-18T12:12:11.798+0000][7][safepoint   ] Safepoint "Cleanup", Time since last: 20015154576 ns, Reaching safepoint: 18034 ns, Cleanup: 15971 ns, At safepoint: 3797 ns, Total: 37802 ns
[2024-02-18T12:12:18.798+0000][7][safepoint   ] Safepoint "Cleanup", Time since last: 7000954394 ns, Reaching safepoint: 18295 ns, Cleanup: 15360 ns, At safepoint: 3456 ns, Total: 37111 ns
[2024-02-18T12:12:37.046+0000][7][safepoint   ] Safepoint "Cleanup", Time since last: 18248150053 ns, Reaching safepoint: 18436 ns, Cleanup: 12273 ns, At safepoint: 3958 ns, Total: 34667 ns
[2024-02-18T12:12:40.047+0000][7][safepoint   ] Safepoint "Cleanup", Time since last: 3000567741 ns, Reaching safepoint: 17634 ns, Cleanup: 11873 ns, At safepoint: 3617 ns, Total: 33124 ns
[2024-02-18T12:12:46.047+0000][7][safepoint   ] Safepoint "Cleanup", Time since last: 6000805571 ns, Reaching safepoint: 17804 ns, Cleanup: 14578 ns, At safepoint: 3647 ns, Total: 36029 ns
[2024-02-18T12:12:52.048+0000][7][safepoint   ] Safepoint "Cleanup", Time since last: 6000813606 ns, Reaching safepoint: 17594 ns, Cleanup: 13646 ns, At safepoint: 3236 ns, Total: 34476 ns
[2024-02-18T12:12:55.501+0000][7][gc,start    ] GC(119) Pause Young (Concurrent Start) (G1 Evacuation Pause)
[2024-02-18T12:12:55.502+0000][7][gc,task     ] GC(119) Using 12 workers of 13 for evacuation
[2024-02-18T12:12:55.502+0000][7][gc,age      ] GC(119) Desired survivor size 20971520 bytes, new threshold 15 (max threshold 15)
[2024-02-18T12:12:55.504+0000][7][gc,phases   ] GC(119)   Pre Evacuate Collection Set: 0.2ms
[2024-02-18T12:12:55.504+0000][7][gc,phases   ] GC(119)   Merge Heap Roots: 0.1ms
[2024-02-18T12:12:55.504+0000][7][gc,phases   ] GC(119)   Evacuate Collection Set: 1.3ms
[2024-02-18T12:12:55.504+0000][7][gc,phases   ] GC(119)   Post Evacuate Collection Set: 0.5ms
[2024-02-18T12:12:55.504+0000][7][gc,phases   ] GC(119)   Other: 0.3ms
[2024-02-18T12:12:55.505+0000][7][gc,age      ] GC(119) Age table with threshold 15 (max threshold 15)
[2024-02-18T12:12:55.505+0000][7][gc,age      ] GC(119) - age   1:    1353968 bytes,    1353968 total
[2024-02-18T12:12:55.505+0000][7][gc,age      ] GC(119) - age   2:      70768 bytes,    1424736 total
[2024-02-18T12:12:55.505+0000][7][gc,age      ] GC(119) - age   3:      32296 bytes,    1457032 total
[2024-02-18T12:12:55.505+0000][7][gc,age      ] GC(119) - age   4:       9528 bytes,    1466560 total
[2024-02-18T12:12:55.505+0000][7][gc,age      ] GC(119) - age   5:       8480 bytes,    1475040 total
[2024-02-18T12:12:55.505+0000][7][gc,age      ] GC(119) - age   6:      15120 bytes,    1490160 total
[2024-02-18T12:12:55.505+0000][7][gc,age      ] GC(119) - age   7:      31328 bytes,    1521488 total
[2024-02-18T12:12:55.505+0000][7][gc,age      ] GC(119) - age   8:       8080 bytes,    1529568 total
[2024-02-18T12:12:55.505+0000][7][gc,age      ] GC(119) - age   9:       6296 bytes,    1535864 total
[2024-02-18T12:12:55.505+0000][7][gc,age      ] GC(119) - age  10:       9584 bytes,    1545448 total
[2024-02-18T12:12:55.505+0000][7][gc,age      ] GC(119) - age  11:      15360 bytes,    1560808 total
[2024-02-18T12:12:55.506+0000][7][gc,age      ] GC(119) - age  12:       4544 bytes,    1565352 total
[2024-02-18T12:12:55.506+0000][7][gc,age      ] GC(119) - age  13:      12032 bytes,    1577384 total
[2024-02-18T12:12:55.506+0000][7][gc,age      ] GC(119) - age  14:      33240 bytes,    1610624 total
[2024-02-18T12:12:55.506+0000][7][gc,age      ] GC(119) - age  15:     183400 bytes,    1794024 total
[2024-02-18T12:12:55.506+0000][7][gc,heap     ] GC(119) Eden regions: 75->0(75)
[2024-02-18T12:12:55.506+0000][7][gc,heap     ] GC(119) Survivor regions: 1->1(10)
[2024-02-18T12:12:55.506+0000][7][gc,heap     ] GC(119) Old regions: 31->31
[2024-02-18T12:12:55.506+0000][7][gc,heap     ] GC(119) Humongous regions: 2->2
[2024-02-18T12:12:55.506+0000][7][gc,metaspace] GC(119) Metaspace: 121014K(125632K)->121014K(125632K) NonClass: 105304K(108096K)->105304K(108096K) Class: 15710K(17536K)->15710K(17536K)
[2024-02-18T12:12:55.506+0000][7][gc          ] GC(119) Pause Young (Concurrent Start) (G1 Evacuation Pause) 433M->133M(512M) 4.805ms
[2024-02-18T12:12:55.506+0000][7][gc          ] GC(120) Concurrent Mark Cycle
[2024-02-18T12:12:55.506+0000][7][gc,marking  ] GC(120) Concurrent Scan Root Regions
[2024-02-18T12:12:55.506+0000][7][gc,cpu      ] GC(119) User=0.01s Sys=0.00s Real=0.01s
[2024-02-18T12:12:55.507+0000][7][safepoint   ] Safepoint "G1CollectForAllocation", Time since last: 3452359211 ns, Reaching safepoint: 42862 ns, Cleanup: 3607 ns, At safepoint: 5249519 ns, Total: 5295988 ns
[2024-02-18T12:12:55.507+0000][7][gc,marking  ] GC(120) Concurrent Scan Root Regions 0.822ms
[2024-02-18T12:12:55.526+0000][7][gc,marking  ] GC(120) Concurrent Mark
[2024-02-18T12:12:55.526+0000][7][gc,marking  ] GC(120) Concurrent Mark From Roots
[2024-02-18T12:12:55.527+0000][7][gc,task     ] GC(120) Using 3 workers of 3 for marking
[2024-02-18T12:12:55.561+0000][7][gc,marking  ] GC(120) Concurrent Mark From Roots 34.797ms
[2024-02-18T12:12:55.561+0000][7][gc,marking  ] GC(120) Concurrent Preclean
[2024-02-18T12:12:55.562+0000][7][gc,marking  ] GC(120) Concurrent Preclean 0.376ms
[2024-02-18T12:12:55.562+0000][7][gc,start    ] GC(120) Pause Remark
[2024-02-18T12:12:55.565+0000][7][gc          ] GC(120) Pause Remark 134M->134M(512M) 3.003ms
[2024-02-18T12:12:55.565+0000][7][gc,cpu      ] GC(120) User=0.02s Sys=0.00s Real=0.00s
[2024-02-18T12:12:55.565+0000][7][safepoint   ] Safepoint "G1PauseRemark", Time since last: 55266893 ns, Reaching safepoint: 14618 ns, Cleanup: 3396 ns, At safepoint: 3388902 ns, Total: 3406916 ns
[2024-02-18T12:12:55.566+0000][7][gc,marking  ] GC(120) Concurrent Mark 39.363ms
[2024-02-18T12:12:55.566+0000][7][gc,marking  ] GC(120) Concurrent Rebuild Remembered Sets and Scrub Regions
[2024-02-18T12:12:55.579+0000][7][gc,marking  ] GC(120) Concurrent Rebuild Remembered Sets and Scrub Regions 13.258ms
[2024-02-18T12:12:55.579+0000][7][gc,start    ] GC(120) Pause Cleanup
[2024-02-18T12:12:55.579+0000][7][gc          ] GC(120) Pause Cleanup 134M->134M(512M) 0.248ms
[2024-02-18T12:12:55.580+0000][7][gc,cpu      ] GC(120) User=0.00s Sys=0.00s Real=0.00s
[2024-02-18T12:12:55.580+0000][7][safepoint   ] Safepoint "G1PauseCleanup", Time since last: 13728880 ns, Reaching safepoint: 13606 ns, Cleanup: 3226 ns, At safepoint: 533116 ns, Total: 549948 ns
[2024-02-18T12:12:55.580+0000][7][gc,marking  ] GC(120) Concurrent Clear Claimed Marks
[2024-02-18T12:12:55.580+0000][7][gc,marking  ] GC(120) Concurrent Clear Claimed Marks 0.260ms
[2024-02-18T12:12:55.580+0000][7][gc,marking  ] GC(120) Concurrent Cleanup for Next Mark
[2024-02-18T12:12:55.581+0000][7][gc,marking  ] GC(120) Concurrent Cleanup for Next Mark 0.557ms
[2024-02-18T12:12:55.581+0000][7][gc          ] GC(120) Concurrent Mark Cycle 74.605ms
[2024-02-18T12:13:06.581+0000][7][safepoint   ] Safepoint "Cleanup", Time since last: 11001244291 ns, Reaching safepoint: 18205 ns, Cleanup: 27292 ns, At safepoint: 4148 ns, Total: 49645 ns
[2024-02-18T12:13:12.582+0000][7][safepoint   ] Safepoint "Cleanup", Time since last: 6000752669 ns, Reaching safepoint: 17364 ns, Cleanup: 22703 ns, At safepoint: 3146 ns, Total: 43213 ns
[2024-02-18T12:13:28.068+0000][7][safepoint   ] Safepoint "Cleanup", Time since last: 15485816910 ns, Reaching safepoint: 18175 ns, Cleanup: 15269 ns, At safepoint: 3737 ns, Total: 37181 ns
[2024-02-18T12:13:34.068+0000][7][safepoint   ] Safepoint "Cleanup", Time since last: 6000743632 ns, Reaching safepoint: 17955 ns, Cleanup: 12784 ns, At safepoint: 3216 ns, Total: 33955 ns
[2024-02-18T12:13:43.069+0000][7][safepoint   ] Safepoint "Cleanup", Time since last: 9000962932 ns, Reaching safepoint: 24427 ns, Cleanup: 18896 ns, At safepoint: 3657 ns, Total: 46980 ns
[2024-02-18T12:13:49.070+0000][7][safepoint   ] Safepoint "Cleanup", Time since last: 6000794029 ns, Reaching safepoint: 15840 ns, Cleanup: 8657 ns, At safepoint: 3246 ns, Total: 27743 ns
[2024-02-18T12:13:52.071+0000][7][safepoint   ] Safepoint "Cleanup", Time since last: 3000404760 ns, Reaching safepoint: 17563 ns, Cleanup: 22593 ns, At safepoint: 3537 ns, Total: 43693 ns
[2024-02-18T12:13:54.431+0000][7][gc,start    ] GC(121) Pause Young (Normal) (G1 Evacuation Pause)
[2024-02-18T12:13:54.432+0000][7][gc,task     ] GC(121) Using 12 workers of 13 for evacuation
[2024-02-18T12:13:54.432+0000][7][gc,age      ] GC(121) Desired survivor size 20971520 bytes, new threshold 15 (max threshold 15)
[2024-02-18T12:13:54.434+0000][7][gc,phases   ] GC(121)   Pre Evacuate Collection Set: 0.2ms
[2024-02-18T12:13:54.434+0000][7][gc,phases   ] GC(121)   Merge Heap Roots: 0.1ms
[2024-02-18T12:13:54.434+0000][7][gc,phases   ] GC(121)   Evacuate Collection Set: 1.5ms
[2024-02-18T12:13:54.434+0000][7][gc,phases   ] GC(121)   Post Evacuate Collection Set: 0.5ms
[2024-02-18T12:13:54.434+0000][7][gc,phases   ] GC(121)   Other: 0.2ms
[2024-02-18T12:13:54.434+0000][7][gc,age      ] GC(121) Age table with threshold 15 (max threshold 15)
[2024-02-18T12:13:54.435+0000][7][gc,age      ] GC(121) - age   1:    1047960 bytes,    1047960 total
[2024-02-18T12:13:54.435+0000][7][gc,age      ] GC(121) - age   2:      12504 bytes,    1060464 total
[2024-02-18T12:13:54.435+0000][7][gc,age      ] GC(121) - age   3:      62976 bytes,    1123440 total
[2024-02-18T12:13:54.435+0000][7][gc,age      ] GC(121) - age   4:      30120 bytes,    1153560 total
[2024-02-18T12:13:54.435+0000][7][gc,age      ] GC(121) - age   5:       5816 bytes,    1159376 total
[2024-02-18T12:13:54.435+0000][7][gc,age      ] GC(121) - age   6:       8416 bytes,    1167792 total
[2024-02-18T12:13:54.435+0000][7][gc,age      ] GC(121) - age   7:      15056 bytes,    1182848 total
[2024-02-18T12:13:54.435+0000][7][gc,age      ] GC(121) - age   8:       6744 bytes,    1189592 total
[2024-02-18T12:13:54.435+0000][7][gc,age      ] GC(121) - age   9:       8080 bytes,    1197672 total
[2024-02-18T12:13:54.435+0000][7][gc,age      ] GC(121) - age  10:       6296 bytes,    1203968 total
[2024-02-18T12:13:54.435+0000][7][gc,age      ] GC(121) - age  11:       9584 bytes,    1213552 total
[2024-02-18T12:13:54.435+0000][7][gc,age      ] GC(121) - age  12:      15360 bytes,    1228912 total
[2024-02-18T12:13:54.436+0000][7][gc,age      ] GC(121) - age  13:       4544 bytes,    1233456 total
[2024-02-18T12:13:54.436+0000][7][gc,age      ] GC(121) - age  14:      12032 bytes,    1245488 total
[2024-02-18T12:13:54.436+0000][7][gc,age      ] GC(121) - age  15:      33240 bytes,    1278728 total
[2024-02-18T12:13:54.436+0000][7][gc,heap     ] GC(121) Eden regions: 75->0(75)
[2024-02-18T12:13:54.436+0000][7][gc,heap     ] GC(121) Survivor regions: 1->1(10)
[2024-02-18T12:13:54.436+0000][7][gc,heap     ] GC(121) Old regions: 31->31
[2024-02-18T12:13:54.436+0000][7][gc,heap     ] GC(121) Humongous regions: 2->2
[2024-02-18T12:13:54.436+0000][7][gc,metaspace] GC(121) Metaspace: 121019K(125632K)->121019K(125632K) NonClass: 105309K(108096K)->105309K(108096K) Class: 15710K(17536K)->15710K(17536K)
[2024-02-18T12:13:54.436+0000][7][gc          ] GC(121) Pause Young (Normal) (G1 Evacuation Pause) 433M->132M(512M) 4.901ms
[2024-02-18T12:13:54.436+0000][7][gc,cpu      ] GC(121) User=0.01s Sys=0.01s Real=0.01s
[2024-02-18T12:13:54.437+0000][7][safepoint   ] Safepoint "G1CollectForAllocation", Time since last: 2360742018 ns, Reaching safepoint: 17203 ns, Cleanup: 2685 ns, At safepoint: 5246694 ns, Total: 5266582 ns
[2024-02-18T12:13:57.437+0000][7][safepoint   ] Safepoint "Cleanup", Time since last: 3000349674 ns, Reaching safepoint: 18124 ns, Cleanup: 12123 ns, At safepoint: 16482 ns, Total: 46729 ns
[2024-02-18T12:13:58.437+0000][7][safepoint   ] Safepoint "Cleanup", Time since last: 1000242267 ns, Reaching safepoint: 15390 ns, Cleanup: 9899 ns, At safepoint: 2986 ns, Total: 28275 ns
[2024-02-18T12:14:03.438+0000][7][safepoint   ] Safepoint "Cleanup", Time since last: 5000532505 ns, Reaching safepoint: 15128 ns, Cleanup: 10270 ns, At safepoint: 3176 ns, Total: 28574 ns
[2024-02-18T12:14:11.439+0000][7][safepoint   ] Safepoint "Cleanup", Time since last: 8000873337 ns, Reaching safepoint: 17574 ns, Cleanup: 12143 ns, At safepoint: 3046 ns, Total: 32763 ns
[2024-02-18T12:14:13.439+0000][7][safepoint   ] Safepoint "Cleanup", Time since last: 2000371939 ns, Reaching safepoint: 16521 ns, Cleanup: 8977 ns, At safepoint: 3136 ns, Total: 28634 ns
[2024-02-18T12:14:22.440+0000][7][safepoint   ] Safepoint "Cleanup", Time since last: 9000858111 ns, Reaching safepoint: 16311 ns, Cleanup: 10460 ns, At safepoint: 3026 ns, Total: 29797 ns
[2024-02-18T12:14:24.440+0000][7][safepoint   ] Safepoint "Cleanup", Time since last: 2000339917 ns, Reaching safepoint: 45858 ns, Cleanup: 9318 ns, At safepoint: 6101 ns, Total: 61277 ns
[2024-02-18T12:14:28.088+0000][7][safepoint   ] Safepoint "Cleanup", Time since last: 3647867194 ns, Reaching safepoint: 18155 ns, Cleanup: 12874 ns, At safepoint: 2936 ns, Total: 33965 ns
[2024-02-18T12:14:34.089+0000][7][safepoint   ] Safepoint "Cleanup", Time since last: 6000833920 ns, Reaching safepoint: 18195 ns, Cleanup: 13286 ns, At safepoint: 3817 ns, Total: 35298 ns
[2024-02-18T12:14:51.091+0000][7][safepoint   ] Safepoint "Cleanup", Time since last: 17001734619 ns, Reaching safepoint: 15600 ns, Cleanup: 8867 ns, At safepoint: 3075 ns, Total: 27542 ns
[2024-02-18T12:14:57.420+0000][7][gc,start    ] GC(122) Pause Young (Concurrent Start) (G1 Evacuation Pause)
[2024-02-18T12:14:57.421+0000][7][gc,task     ] GC(122) Using 12 workers of 13 for evacuation
[2024-02-18T12:14:57.421+0000][7][gc,age      ] GC(122) Desired survivor size 20971520 bytes, new threshold 15 (max threshold 15)
[2024-02-18T12:14:57.423+0000][7][gc,phases   ] GC(122)   Pre Evacuate Collection Set: 0.2ms
[2024-02-18T12:14:57.423+0000][7][gc,phases   ] GC(122)   Merge Heap Roots: 0.1ms
[2024-02-18T12:14:57.424+0000][7][gc,phases   ] GC(122)   Evacuate Collection Set: 1.3ms
[2024-02-18T12:14:57.424+0000][7][gc,phases   ] GC(122)   Post Evacuate Collection Set: 0.6ms
[2024-02-18T12:14:57.424+0000][7][gc,phases   ] GC(122)   Other: 0.5ms
[2024-02-18T12:14:57.424+0000][7][gc,age      ] GC(122) Age table with threshold 15 (max threshold 15)
[2024-02-18T12:14:57.424+0000][7][gc,age      ] GC(122) - age   1:    1477336 bytes,    1477336 total
[2024-02-18T12:14:57.424+0000][7][gc,age      ] GC(122) - age   2:      20728 bytes,    1498064 total
[2024-02-18T12:14:57.424+0000][7][gc,age      ] GC(122) - age   3:       8512 bytes,    1506576 total
[2024-02-18T12:14:57.424+0000][7][gc,age      ] GC(122) - age   4:      53608 bytes,    1560184 total
[2024-02-18T12:14:57.424+0000][7][gc,age      ] GC(122) - age   5:       9416 bytes,    1569600 total
[2024-02-18T12:14:57.425+0000][7][gc,age      ] GC(122) - age   6:       4056 bytes,    1573656 total
[2024-02-18T12:14:57.425+0000][7][gc,age      ] GC(122) - age   7:       8336 bytes,    1581992 total
[2024-02-18T12:14:57.425+0000][7][gc,age      ] GC(122) - age   8:      12832 bytes,    1594824 total
[2024-02-18T12:14:57.425+0000][7][gc,age      ] GC(122) - age   9:       6744 bytes,    1601568 total
[2024-02-18T12:14:57.425+0000][7][gc,age      ] GC(122) - age  10:       8080 bytes,    1609648 total
[2024-02-18T12:14:57.425+0000][7][gc,age      ] GC(122) - age  11:       6296 bytes,    1615944 total
[2024-02-18T12:14:57.425+0000][7][gc,age      ] GC(122) - age  12:       9400 bytes,    1625344 total
[2024-02-18T12:14:57.425+0000][7][gc,age      ] GC(122) - age  13:      15360 bytes,    1640704 total
[2024-02-18T12:14:57.425+0000][7][gc,age      ] GC(122) - age  14:       4544 bytes,    1645248 total
[2024-02-18T12:14:57.426+0000][7][gc,age      ] GC(122) - age  15:      11992 bytes,    1657240 total
[2024-02-18T12:14:57.426+0000][7][gc,heap     ] GC(122) Eden regions: 75->0(75)
[2024-02-18T12:14:57.426+0000][7][gc,heap     ] GC(122) Survivor regions: 1->1(10)
[2024-02-18T12:14:57.426+0000][7][gc,heap     ] GC(122) Old regions: 31->31
[2024-02-18T12:14:57.426+0000][7][gc,heap     ] GC(122) Humongous regions: 2->2
[2024-02-18T12:14:57.426+0000][7][gc,metaspace] GC(122) Metaspace: 121030K(125632K)->121030K(125632K) NonClass: 105318K(108096K)->105318K(108096K) Class: 15712K(17536K)->15712K(17536K)
[2024-02-18T12:14:57.426+0000][7][gc          ] GC(122) Pause Young (Concurrent Start) (G1 Evacuation Pause) 432M->133M(512M) 6.027ms
[2024-02-18T12:14:57.426+0000][7][gc          ] GC(123) Concurrent Mark Cycle
[2024-02-18T12:14:57.427+0000][7][gc,marking  ] GC(123) Concurrent Scan Root Regions
[2024-02-18T12:14:57.426+0000][7][gc,cpu      ] GC(122) User=0.01s Sys=0.01s Real=0.01s
[2024-02-18T12:14:57.427+0000][7][safepoint   ] Safepoint "G1CollectForAllocation", Time since last: 6329271419 ns, Reaching safepoint: 31119 ns, Cleanup: 2946 ns, At safepoint: 6603233 ns, Total: 6637298 ns
[2024-02-18T12:14:57.428+0000][7][gc,marking  ] GC(123) Concurrent Scan Root Regions 1.042ms
[2024-02-18T12:14:57.428+0000][7][gc,marking  ] GC(123) Concurrent Mark
[2024-02-18T12:14:57.428+0000][7][gc,marking  ] GC(123) Concurrent Mark From Roots
[2024-02-18T12:14:57.428+0000][7][gc,task     ] GC(123) Using 3 workers of 3 for marking
[2024-02-18T12:14:57.472+0000][7][gc,marking  ] GC(123) Concurrent Mark From Roots 44.309ms
[2024-02-18T12:14:57.472+0000][7][gc,marking  ] GC(123) Concurrent Preclean
[2024-02-18T12:14:57.473+0000][7][gc,marking  ] GC(123) Concurrent Preclean 0.481ms
[2024-02-18T12:14:57.473+0000][7][gc,start    ] GC(123) Pause Remark
[2024-02-18T12:14:57.477+0000][7][gc          ] GC(123) Pause Remark 136M->136M(512M) 4.321ms
[2024-02-18T12:14:57.478+0000][7][gc,cpu      ] GC(123) User=0.03s Sys=0.00s Real=0.01s
[2024-02-18T12:14:57.478+0000][7][safepoint   ] Safepoint "G1PauseRemark", Time since last: 46117814 ns, Reaching safepoint: 15590 ns, Cleanup: 3056 ns, At safepoint: 4720361 ns, Total: 4739007 ns
[2024-02-18T12:14:57.478+0000][7][gc,marking  ] GC(123) Concurrent Mark 50.107ms
[2024-02-18T12:14:57.478+0000][7][gc,marking  ] GC(123) Concurrent Rebuild Remembered Sets and Scrub Regions
[2024-02-18T12:14:57.494+0000][7][gc,marking  ] GC(123) Concurrent Rebuild Remembered Sets and Scrub Regions 16.207ms
[2024-02-18T12:14:57.494+0000][7][gc,start    ] GC(123) Pause Cleanup
[2024-02-18T12:14:57.495+0000][7][gc          ] GC(123) Pause Cleanup 139M->139M(512M) 0.249ms
[2024-02-18T12:14:57.495+0000][7][gc,cpu      ] GC(123) User=0.00s Sys=0.00s Real=0.00s
[2024-02-18T12:14:57.495+0000][7][safepoint   ] Safepoint "G1PauseCleanup", Time since last: 16669953 ns, Reaching safepoint: 23726 ns, Cleanup: 5891 ns, At safepoint: 509611 ns, Total: 539228 ns
[2024-02-18T12:14:57.495+0000][7][gc,marking  ] GC(123) Concurrent Clear Claimed Marks
[2024-02-18T12:14:57.495+0000][7][gc,marking  ] GC(123) Concurrent Clear Claimed Marks 0.239ms
[2024-02-18T12:14:57.495+0000][7][gc,marking  ] GC(123) Concurrent Cleanup for Next Mark
[2024-02-18T12:14:57.496+0000][7][gc,marking  ] GC(123) Concurrent Cleanup for Next Mark 0.550ms
[2024-02-18T12:14:57.496+0000][7][gc          ] GC(123) Concurrent Mark Cycle 69.687ms
[2024-02-18T12:15:00.495+0000][7][safepoint   ] Safepoint "Cleanup", Time since last: 3000440137 ns, Reaching safepoint: 18676 ns, Cleanup: 13696 ns, At safepoint: 3767 ns, Total: 36139 ns
[2024-02-18T12:15:40.110+0000][7][safepoint   ] Safepoint "Cleanup", Time since last: 39614350182 ns, Reaching safepoint: 18806 ns, Cleanup: 13476 ns, At safepoint: 3797 ns, Total: 36079 ns
[2024-02-18T12:15:42.110+0000][7][safepoint   ] Safepoint "Cleanup", Time since last: 2000408859 ns, Reaching safepoint: 16422 ns, Cleanup: 14147 ns, At safepoint: 3236 ns, Total: 33805 ns
[2024-02-18T12:15:51.111+0000][7][safepoint   ] Safepoint "Cleanup", Time since last: 9000965601 ns, Reaching safepoint: 17334 ns, Cleanup: 14878 ns, At safepoint: 3517 ns, Total: 35729 ns
[2024-02-18T12:15:55.112+0000][7][safepoint   ] Safepoint "Cleanup", Time since last: 4000579152 ns, Reaching safepoint: 26420 ns, Cleanup: 20870 ns, At safepoint: 5280 ns, Total: 52570 ns
[2024-02-18T12:15:58.112+0000][7][safepoint   ] Safepoint "Cleanup", Time since last: 3000589728 ns, Reaching safepoint: 18125 ns, Cleanup: 13145 ns, At safepoint: 3757 ns, Total: 35027 ns
[2024-02-18T12:15:58.284+0000][7][gc,start    ] GC(124) Pause Young (Normal) (G1 Evacuation Pause)
[2024-02-18T12:15:58.285+0000][7][gc,task     ] GC(124) Using 12 workers of 13 for evacuation
[2024-02-18T12:15:58.285+0000][7][gc,age      ] GC(124) Desired survivor size 20971520 bytes, new threshold 15 (max threshold 15)
[2024-02-18T12:15:58.287+0000][7][gc,phases   ] GC(124)   Pre Evacuate Collection Set: 0.2ms
[2024-02-18T12:15:58.287+0000][7][gc,phases   ] GC(124)   Merge Heap Roots: 0.2ms
[2024-02-18T12:15:58.288+0000][7][gc,phases   ] GC(124)   Evacuate Collection Set: 1.4ms
[2024-02-18T12:15:58.288+0000][7][gc,phases   ] GC(124)   Post Evacuate Collection Set: 0.6ms
[2024-02-18T12:15:58.288+0000][7][gc,phases   ] GC(124)   Other: 0.3ms
[2024-02-18T12:15:58.288+0000][7][gc,age      ] GC(124) Age table with threshold 15 (max threshold 15)
[2024-02-18T12:15:58.288+0000][7][gc,age      ] GC(124) - age   1:    1133408 bytes,    1133408 total
[2024-02-18T12:15:58.288+0000][7][gc,age      ] GC(124) - age   2:      50704 bytes,    1184112 total
[2024-02-18T12:15:58.288+0000][7][gc,age      ] GC(124) - age   3:      18112 bytes,    1202224 total
[2024-02-18T12:15:58.288+0000][7][gc,age      ] GC(124) - age   4:       7712 bytes,    1209936 total
[2024-02-18T12:15:58.288+0000][7][gc,age      ] GC(124) - age   5:      53544 bytes,    1263480 total
[2024-02-18T12:15:58.288+0000][7][gc,age      ] GC(124) - age   6:       9352 bytes,    1272832 total
[2024-02-18T12:15:58.289+0000][7][gc,age      ] GC(124) - age   7:       4024 bytes,    1276856 total
[2024-02-18T12:15:58.289+0000][7][gc,age      ] GC(124) - age   8:       8336 bytes,    1285192 total
[2024-02-18T12:15:58.289+0000][7][gc,age      ] GC(124) - age   9:      12832 bytes,    1298024 total
[2024-02-18T12:15:58.289+0000][7][gc,age      ] GC(124) - age  10:       5856 bytes,    1303880 total
[2024-02-18T12:15:58.289+0000][7][gc,age      ] GC(124) - age  11:       8080 bytes,    1311960 total
[2024-02-18T12:15:58.289+0000][7][gc,age      ] GC(124) - age  12:       6296 bytes,    1318256 total
[2024-02-18T12:15:58.289+0000][7][gc,age      ] GC(124) - age  13:       9400 bytes,    1327656 total
[2024-02-18T12:15:58.289+0000][7][gc,age      ] GC(124) - age  14:      15328 bytes,    1342984 total
[2024-02-18T12:15:58.289+0000][7][gc,age      ] GC(124) - age  15:       4544 bytes,    1347528 total
[2024-02-18T12:15:58.289+0000][7][gc,heap     ] GC(124) Eden regions: 75->0(75)
[2024-02-18T12:15:58.290+0000][7][gc,heap     ] GC(124) Survivor regions: 1->1(10)
[2024-02-18T12:15:58.290+0000][7][gc,heap     ] GC(124) Old regions: 31->31
[2024-02-18T12:15:58.290+0000][7][gc,heap     ] GC(124) Humongous regions: 2->2
[2024-02-18T12:15:58.290+0000][7][gc,metaspace] GC(124) Metaspace: 121039K(125632K)->121039K(125632K) NonClass: 105326K(108096K)->105326K(108096K) Class: 15712K(17536K)->15712K(17536K)
[2024-02-18T12:15:58.290+0000][7][gc          ] GC(124) Pause Young (Normal) (G1 Evacuation Pause) 433M->132M(512M) 5.539ms
[2024-02-18T12:15:58.290+0000][7][gc,cpu      ] GC(124) User=0.01s Sys=0.00s Real=0.01s
[2024-02-18T12:15:58.290+0000][7][safepoint   ] Safepoint "G1CollectForAllocation", Time since last: 171910371 ns, Reaching safepoint: 17384 ns, Cleanup: 4208 ns, At safepoint: 5828032 ns, Total: 5849624 ns
[2024-02-18T12:16:04.291+0000][7][safepoint   ] Safepoint "Cleanup", Time since last: 6000642493 ns, Reaching safepoint: 27393 ns, Cleanup: 19407 ns, At safepoint: 4138 ns, Total: 50938 ns
[2024-02-18T12:16:10.292+0000][7][safepoint   ] Safepoint "Cleanup", Time since last: 6000794711 ns, Reaching safepoint: 17303 ns, Cleanup: 12915 ns, At safepoint: 2825 ns, Total: 33043 ns
[2024-02-18T12:16:19.293+0000][7][safepoint   ] Safepoint "Cleanup", Time since last: 9001005759 ns, Reaching safepoint: 17884 ns, Cleanup: 16862 ns, At safepoint: 4078 ns, Total: 38824 ns
[2024-02-18T12:16:46.131+0000][7][safepoint   ] Safepoint "Cleanup", Time since last: 26838402487 ns, Reaching safepoint: 21721 ns, Cleanup: 10420 ns, At safepoint: 3166 ns, Total: 35307 ns
[2024-02-18T12:16:51.132+0000][7][safepoint   ] Safepoint "Cleanup", Time since last: 5000527882 ns, Reaching safepoint: 18204 ns, Cleanup: 17053 ns, At safepoint: 3667 ns, Total: 38924 ns
[2024-02-18T12:17:01.133+0000][7][safepoint   ] Safepoint "Cleanup", Time since last: 10001018220 ns, Reaching safepoint: 17694 ns, Cleanup: 12514 ns, At safepoint: 2995 ns, Total: 33203 ns
[2024-02-18T12:17:03.562+0000][7][gc,start    ] GC(125) Pause Young (Concurrent Start) (G1 Evacuation Pause)
[2024-02-18T12:17:03.562+0000][7][gc,task     ] GC(125) Using 12 workers of 13 for evacuation
[2024-02-18T12:17:03.562+0000][7][gc,age      ] GC(125) Desired survivor size 20971520 bytes, new threshold 15 (max threshold 15)
[2024-02-18T12:17:03.564+0000][7][gc,phases   ] GC(125)   Pre Evacuate Collection Set: 0.2ms
[2024-02-18T12:17:03.565+0000][7][gc,phases   ] GC(125)   Merge Heap Roots: 0.1ms
[2024-02-18T12:17:03.565+0000][7][gc,phases   ] GC(125)   Evacuate Collection Set: 1.3ms
[2024-02-18T12:17:03.565+0000][7][gc,phases   ] GC(125)   Post Evacuate Collection Set: 0.6ms
[2024-02-18T12:17:03.565+0000][7][gc,phases   ] GC(125)   Other: 0.3ms
[2024-02-18T12:17:03.565+0000][7][gc,age      ] GC(125) Age table with threshold 15 (max threshold 15)
[2024-02-18T12:17:03.565+0000][7][gc,age      ] GC(125) - age   1:    1568192 bytes,    1568192 total
[2024-02-18T12:17:03.565+0000][7][gc,age      ] GC(125) - age   2:      42488 bytes,    1610680 total
[2024-02-18T12:17:03.565+0000][7][gc,age      ] GC(125) - age   3:      46288 bytes,    1656968 total
[2024-02-18T12:17:03.565+0000][7][gc,age      ] GC(125) - age   4:      11784 bytes,    1668752 total
[2024-02-18T12:17:03.565+0000][7][gc,age      ] GC(125) - age   5:       7456 bytes,    1676208 total
[2024-02-18T12:17:03.565+0000][7][gc,age      ] GC(125) - age   6:      48712 bytes,    1724920 total
[2024-02-18T12:17:03.566+0000][7][gc,age      ] GC(125) - age   7:       7000 bytes,    1731920 total
[2024-02-18T12:17:03.566+0000][7][gc,age      ] GC(125) - age   8:       3136 bytes,    1735056 total
[2024-02-18T12:17:03.566+0000][7][gc,age      ] GC(125) - age   9:       8336 bytes,    1743392 total
[2024-02-18T12:17:03.566+0000][7][gc,age      ] GC(125) - age  10:      12832 bytes,    1756224 total
[2024-02-18T12:17:03.566+0000][7][gc,age      ] GC(125) - age  11:       5856 bytes,    1762080 total
[2024-02-18T12:17:03.566+0000][7][gc,age      ] GC(125) - age  12:       8080 bytes,    1770160 total
[2024-02-18T12:17:03.566+0000][7][gc,age      ] GC(125) - age  13:       6296 bytes,    1776456 total
[2024-02-18T12:17:03.566+0000][7][gc,age      ] GC(125) - age  14:       9400 bytes,    1785856 total
[2024-02-18T12:17:03.566+0000][7][gc,age      ] GC(125) - age  15:      14440 bytes,    1800296 total
[2024-02-18T12:17:03.566+0000][7][gc,heap     ] GC(125) Eden regions: 75->0(75)
[2024-02-18T12:17:03.566+0000][7][gc,heap     ] GC(125) Survivor regions: 1->1(10)
[2024-02-18T12:17:03.566+0000][7][gc,heap     ] GC(125) Old regions: 31->31
[2024-02-18T12:17:03.567+0000][7][gc,heap     ] GC(125) Humongous regions: 2->2
[2024-02-18T12:17:03.567+0000][7][gc,metaspace] GC(125) Metaspace: 121042K(125632K)->121042K(125632K) NonClass: 105329K(108096K)->105329K(108096K) Class: 15712K(17536K)->15712K(17536K)
[2024-02-18T12:17:03.567+0000][7][gc          ] GC(125) Pause Young (Concurrent Start) (G1 Evacuation Pause) 432M->133M(512M) 4.900ms
[2024-02-18T12:17:03.567+0000][7][gc          ] GC(126) Concurrent Mark Cycle
[2024-02-18T12:17:03.567+0000][7][gc,marking  ] GC(126) Concurrent Scan Root Regions
[2024-02-18T12:17:03.567+0000][7][gc,cpu      ] GC(125) User=0.01s Sys=0.00s Real=0.01s
[2024-02-18T12:17:03.567+0000][7][safepoint   ] Safepoint "G1CollectForAllocation", Time since last: 2428954997 ns, Reaching safepoint: 14799 ns, Cleanup: 3617 ns, At safepoint: 5373001 ns, Total: 5391417 ns
[2024-02-18T12:17:03.568+0000][7][gc,marking  ] GC(126) Concurrent Scan Root Regions 1.101ms
[2024-02-18T12:17:03.568+0000][7][gc,marking  ] GC(126) Concurrent Mark
[2024-02-18T12:17:03.568+0000][7][gc,marking  ] GC(126) Concurrent Mark From Roots
[2024-02-18T12:17:03.568+0000][7][gc,task     ] GC(126) Using 3 workers of 3 for marking
[2024-02-18T12:17:03.603+0000][7][gc,marking  ] GC(126) Concurrent Mark From Roots 34.581ms
[2024-02-18T12:17:03.603+0000][7][gc,marking  ] GC(126) Concurrent Preclean
[2024-02-18T12:17:03.603+0000][7][gc,marking  ] GC(126) Concurrent Preclean 0.366ms
[2024-02-18T12:17:03.604+0000][7][gc,start    ] GC(126) Pause Remark
[2024-02-18T12:17:03.608+0000][7][gc          ] GC(126) Pause Remark 135M->135M(512M) 3.948ms
[2024-02-18T12:17:03.608+0000][7][gc,cpu      ] GC(126) User=0.03s Sys=0.00s Real=0.01s
[2024-02-18T12:17:03.608+0000][7][safepoint   ] Safepoint "G1PauseRemark", Time since last: 36438961 ns, Reaching safepoint: 15761 ns, Cleanup: 3025 ns, At safepoint: 4335254 ns, Total: 4354040 ns
[2024-02-18T12:17:03.608+0000][7][gc,marking  ] GC(126) Concurrent Mark 39.931ms
[2024-02-18T12:17:03.608+0000][7][gc,marking  ] GC(126) Concurrent Rebuild Remembered Sets and Scrub Regions
[2024-02-18T12:17:03.621+0000][7][gc,marking  ] GC(126) Concurrent Rebuild Remembered Sets and Scrub Regions 12.395ms
[2024-02-18T12:17:03.621+0000][7][gc,start    ] GC(126) Pause Cleanup
[2024-02-18T12:17:03.621+0000][7][gc          ] GC(126) Pause Cleanup 135M->135M(512M) 0.271ms
[2024-02-18T12:17:03.621+0000][7][gc,cpu      ] GC(126) User=0.00s Sys=0.00s Real=0.00s
[2024-02-18T12:17:03.621+0000][7][safepoint   ] Safepoint "G1PauseCleanup", Time since last: 12892472 ns, Reaching safepoint: 12805 ns, Cleanup: 5330 ns, At safepoint: 520758 ns, Total: 538893 ns
[2024-02-18T12:17:03.622+0000][7][gc,marking  ] GC(126) Concurrent Clear Claimed Marks
[2024-02-18T12:17:03.622+0000][7][gc,marking  ] GC(126) Concurrent Clear Claimed Marks 0.238ms
[2024-02-18T12:17:03.622+0000][7][gc,marking  ] GC(126) Concurrent Cleanup for Next Mark
[2024-02-18T12:17:03.622+0000][7][gc,marking  ] GC(126) Concurrent Cleanup for Next Mark 0.418ms
[2024-02-18T12:17:03.622+0000][7][gc          ] GC(126) Concurrent Mark Cycle 55.522ms
[2024-02-18T12:17:04.622+0000][7][safepoint   ] Safepoint "Cleanup", Time since last: 1000197396 ns, Reaching safepoint: 18025 ns, Cleanup: 14016 ns, At safepoint: 3647 ns, Total: 35688 ns
[2024-02-18T12:17:31.151+0000][7][safepoint   ] Safepoint "Cleanup", Time since last: 26528997812 ns, Reaching safepoint: 17734 ns, Cleanup: 12263 ns, At safepoint: 3367 ns, Total: 33364 ns
[2024-02-18T12:17:43.152+0000][7][safepoint   ] Safepoint "Cleanup", Time since last: 12001220925 ns, Reaching safepoint: 18054 ns, Cleanup: 12684 ns, At safepoint: 3768 ns, Total: 34506 ns
[2024-02-18T12:17:51.153+0000][7][safepoint   ] Safepoint "Cleanup", Time since last: 8000963885 ns, Reaching safepoint: 18525 ns, Cleanup: 12524 ns, At safepoint: 3898 ns, Total: 34947 ns
[2024-02-18T12:18:01.402+0000][7][gc,start    ] GC(127) Pause Young (Normal) (G1 Evacuation Pause)
[2024-02-18T12:18:01.402+0000][7][gc,task     ] GC(127) Using 12 workers of 13 for evacuation
[2024-02-18T12:18:01.403+0000][7][gc,age      ] GC(127) Desired survivor size 20971520 bytes, new threshold 15 (max threshold 15)
[2024-02-18T12:18:01.405+0000][7][gc,phases   ] GC(127)   Pre Evacuate Collection Set: 0.2ms
[2024-02-18T12:18:01.405+0000][7][gc,phases   ] GC(127)   Merge Heap Roots: 0.1ms
[2024-02-18T12:18:01.405+0000][7][gc,phases   ] GC(127)   Evacuate Collection Set: 1.1ms
[2024-02-18T12:18:01.405+0000][7][gc,phases   ] GC(127)   Post Evacuate Collection Set: 0.5ms
[2024-02-18T12:18:01.405+0000][7][gc,phases   ] GC(127)   Other: 0.3ms
[2024-02-18T12:18:01.405+0000][7][gc,age      ] GC(127) Age table with threshold 15 (max threshold 15)
[2024-02-18T12:18:01.405+0000][7][gc,age      ] GC(127) - age   1:     949288 bytes,     949288 total
[2024-02-18T12:18:01.406+0000][7][gc,age      ] GC(127) - age   2:      61760 bytes,    1011048 total
[2024-02-18T12:18:01.406+0000][7][gc,age      ] GC(127) - age   3:      40024 bytes,    1051072 total
[2024-02-18T12:18:01.406+0000][7][gc,age      ] GC(127) - age   4:      30992 bytes,    1082064 total
[2024-02-18T12:18:01.406+0000][7][gc,age      ] GC(127) - age   5:       7896 bytes,    1089960 total
[2024-02-18T12:18:01.406+0000][7][gc,age      ] GC(127) - age   6:       7216 bytes,    1097176 total
[2024-02-18T12:18:01.406+0000][7][gc,age      ] GC(127) - age   7:      48400 bytes,    1145576 total
[2024-02-18T12:18:01.406+0000][7][gc,age      ] GC(127) - age   8:       7000 bytes,    1152576 total
[2024-02-18T12:18:01.406+0000][7][gc,age      ] GC(127) - age   9:       3136 bytes,    1155712 total
[2024-02-18T12:18:01.406+0000][7][gc,age      ] GC(127) - age  10:       5984 bytes,    1161696 total
[2024-02-18T12:18:01.406+0000][7][gc,age      ] GC(127) - age  11:      12832 bytes,    1174528 total
[2024-02-18T12:18:01.406+0000][7][gc,age      ] GC(127) - age  12:       5816 bytes,    1180344 total
[2024-02-18T12:18:01.407+0000][7][gc,age      ] GC(127) - age  13:       8080 bytes,    1188424 total
[2024-02-18T12:18:01.407+0000][7][gc,age      ] GC(127) - age  14:       6296 bytes,    1194720 total
[2024-02-18T12:18:01.407+0000][7][gc,age      ] GC(127) - age  15:       9400 bytes,    1204120 total
[2024-02-18T12:18:01.407+0000][7][gc,heap     ] GC(127) Eden regions: 75->0(75)
[2024-02-18T12:18:01.407+0000][7][gc,heap     ] GC(127) Survivor regions: 1->1(10)
[2024-02-18T12:18:01.407+0000][7][gc,heap     ] GC(127) Old regions: 31->31
[2024-02-18T12:18:01.407+0000][7][gc,heap     ] GC(127) Humongous regions: 2->2
[2024-02-18T12:18:01.407+0000][7][gc,metaspace] GC(127) Metaspace: 121042K(125632K)->121042K(125632K) NonClass: 105329K(108096K)->105329K(108096K) Class: 15712K(17536K)->15712K(17536K)
[2024-02-18T12:18:01.407+0000][7][gc          ] GC(127) Pause Young (Normal) (G1 Evacuation Pause) 433M->132M(512M) 5.093ms
[2024-02-18T12:18:01.407+0000][7][gc,cpu      ] GC(127) User=0.00s Sys=0.01s Real=0.01s
[2024-02-18T12:18:01.408+0000][7][safepoint   ] Safepoint "G1CollectForAllocation", Time since last: 10249252869 ns, Reaching safepoint: 16512 ns, Cleanup: 4098 ns, At safepoint: 5341717 ns, Total: 5362327 ns
[2024-02-18T12:18:28.171+0000][7][safepoint   ] Safepoint "Cleanup", Time since last: 26762867984 ns, Reaching safepoint: 30529 ns, Cleanup: 23565 ns, At safepoint: 4819 ns, Total: 58913 ns
[2024-02-18T12:18:29.171+0000][7][safepoint   ] Safepoint "Cleanup", Time since last: 1000413851 ns, Reaching safepoint: 18365 ns, Cleanup: 17483 ns, At safepoint: 6843 ns, Total: 42691 ns
[2024-02-18T12:18:40.172+0000][7][safepoint   ] Safepoint "Cleanup", Time since last: 11001296392 ns, Reaching safepoint: 19186 ns, Cleanup: 13396 ns, At safepoint: 2765 ns, Total: 35347 ns
[2024-02-18T12:18:43.173+0000][7][safepoint   ] Safepoint "Cleanup", Time since last: 3000495083 ns, Reaching safepoint: 15309 ns, Cleanup: 10089 ns, At safepoint: 3407 ns, Total: 28805 ns
[2024-02-18T12:18:47.173+0000][7][safepoint   ] Safepoint "Cleanup", Time since last: 4000463349 ns, Reaching safepoint: 19347 ns, Cleanup: 11963 ns, At safepoint: 2976 ns, Total: 34286 ns
[2024-02-18T12:18:51.174+0000][7][safepoint   ] Safepoint "Cleanup", Time since last: 4000642553 ns, Reaching safepoint: 19347 ns, Cleanup: 19848 ns, At safepoint: 4138 ns, Total: 43333 ns
[2024-02-18T12:19:00.431+0000][7][gc,start    ] GC(128) Pause Young (Concurrent Start) (G1 Evacuation Pause)
[2024-02-18T12:19:00.432+0000][7][gc,task     ] GC(128) Using 12 workers of 13 for evacuation
[2024-02-18T12:19:00.432+0000][7][gc,age      ] GC(128) Desired survivor size 20971520 bytes, new threshold 15 (max threshold 15)
[2024-02-18T12:19:00.434+0000][7][gc,phases   ] GC(128)   Pre Evacuate Collection Set: 0.2ms
[2024-02-18T12:19:00.434+0000][7][gc,phases   ] GC(128)   Merge Heap Roots: 0.1ms
[2024-02-18T12:19:00.435+0000][7][gc,phases   ] GC(128)   Evacuate Collection Set: 1.3ms
[2024-02-18T12:19:00.435+0000][7][gc,phases   ] GC(128)   Post Evacuate Collection Set: 0.5ms
[2024-02-18T12:19:00.435+0000][7][gc,phases   ] GC(128)   Other: 0.4ms
[2024-02-18T12:19:00.435+0000][7][gc,age      ] GC(128) Age table with threshold 15 (max threshold 15)
[2024-02-18T12:19:00.435+0000][7][gc,age      ] GC(128) - age   1:     372424 bytes,     372424 total
[2024-02-18T12:19:00.435+0000][7][gc,age      ] GC(128) - age   2:      58528 bytes,     430952 total
[2024-02-18T12:19:00.435+0000][7][gc,age      ] GC(128) - age   3:      59200 bytes,     490152 total
[2024-02-18T12:19:00.435+0000][7][gc,age      ] GC(128) - age   4:      38976 bytes,     529128 total
[2024-02-18T12:19:00.435+0000][7][gc,age      ] GC(128) - age   5:      30232 bytes,     559360 total
[2024-02-18T12:19:00.436+0000][7][gc,age      ] GC(128) - age   6:       7832 bytes,     567192 total
[2024-02-18T12:19:00.436+0000][7][gc,age      ] GC(128) - age   7:       7088 bytes,     574280 total
[2024-02-18T12:19:00.436+0000][7][gc,age      ] GC(128) - age   8:       7408 bytes,     581688 total
[2024-02-18T12:19:00.436+0000][7][gc,age      ] GC(128) - age   9:       7000 bytes,     588688 total
[2024-02-18T12:19:00.436+0000][7][gc,age      ] GC(128) - age  10:       3136 bytes,     591824 total
[2024-02-18T12:19:00.436+0000][7][gc,age      ] GC(128) - age  11:       5984 bytes,     597808 total
[2024-02-18T12:19:00.436+0000][7][gc,age      ] GC(128) - age  12:      12832 bytes,     610640 total
[2024-02-18T12:19:00.437+0000][7][gc,age      ] GC(128) - age  13:       5816 bytes,     616456 total
[2024-02-18T12:19:00.437+0000][7][gc,age      ] GC(128) - age  14:       8080 bytes,     624536 total
[2024-02-18T12:19:00.437+0000][7][gc,age      ] GC(128) - age  15:       6296 bytes,     630832 total
[2024-02-18T12:19:00.437+0000][7][gc,heap     ] GC(128) Eden regions: 75->0(75)
[2024-02-18T12:19:00.437+0000][7][gc,heap     ] GC(128) Survivor regions: 1->1(10)
[2024-02-18T12:19:00.437+0000][7][gc,heap     ] GC(128) Old regions: 31->31
[2024-02-18T12:19:00.437+0000][7][gc,heap     ] GC(128) Humongous regions: 2->2
[2024-02-18T12:19:00.437+0000][7][gc,metaspace] GC(128) Metaspace: 121042K(125632K)->121042K(125632K) NonClass: 105329K(108096K)->105329K(108096K) Class: 15712K(17536K)->15712K(17536K)
[2024-02-18T12:19:00.437+0000][7][gc          ] GC(128) Pause Young (Concurrent Start) (G1 Evacuation Pause) 432M->132M(512M) 6.040ms
[2024-02-18T12:19:00.438+0000][7][gc          ] GC(129) Concurrent Mark Cycle
[2024-02-18T12:19:00.438+0000][7][gc,marking  ] GC(129) Concurrent Scan Root Regions
[2024-02-18T12:19:00.438+0000][7][gc,cpu      ] GC(128) User=0.01s Sys=0.00s Real=0.01s
[2024-02-18T12:19:00.438+0000][7][safepoint   ] Safepoint "G1CollectForAllocation", Time since last: 9257471448 ns, Reaching safepoint: 15600 ns, Cleanup: 3527 ns, At safepoint: 6711879 ns, Total: 6731006 ns
[2024-02-18T12:19:00.439+0000][7][gc,marking  ] GC(129) Concurrent Scan Root Regions 1.097ms
[2024-02-18T12:19:00.439+0000][7][gc,marking  ] GC(129) Concurrent Mark
[2024-02-18T12:19:00.439+0000][7][gc,marking  ] GC(129) Concurrent Mark From Roots
[2024-02-18T12:19:00.439+0000][7][gc,task     ] GC(129) Using 3 workers of 3 for marking
[2024-02-18T12:19:00.474+0000][7][gc,marking  ] GC(129) Concurrent Mark From Roots 35.133ms
[2024-02-18T12:19:00.474+0000][7][gc,marking  ] GC(129) Concurrent Preclean
[2024-02-18T12:19:00.475+0000][7][gc,marking  ] GC(129) Concurrent Preclean 0.430ms
[2024-02-18T12:19:00.475+0000][7][gc,start    ] GC(129) Pause Remark
[2024-02-18T12:19:00.479+0000][7][gc          ] GC(129) Pause Remark 133M->133M(512M) 3.451ms
[2024-02-18T12:19:00.479+0000][7][gc,cpu      ] GC(129) User=0.03s Sys=0.00s Real=0.01s
[2024-02-18T12:19:00.479+0000][7][safepoint   ] Safepoint "G1PauseRemark", Time since last: 36921743 ns, Reaching safepoint: 15610 ns, Cleanup: 3316 ns, At safepoint: 3826659 ns, Total: 3845585 ns
[2024-02-18T12:19:00.479+0000][7][gc,marking  ] GC(129) Concurrent Mark 40.057ms
[2024-02-18T12:19:00.479+0000][7][gc,marking  ] GC(129) Concurrent Rebuild Remembered Sets and Scrub Regions
[2024-02-18T12:19:00.492+0000][7][gc,marking  ] GC(129) Concurrent Rebuild Remembered Sets and Scrub Regions 12.393ms
[2024-02-18T12:19:00.492+0000][7][gc,start    ] GC(129) Pause Cleanup
[2024-02-18T12:19:00.492+0000][7][gc          ] GC(129) Pause Cleanup 133M->133M(512M) 0.276ms
[2024-02-18T12:19:00.492+0000][7][gc,cpu      ] GC(129) User=0.00s Sys=0.00s Real=0.00s
[2024-02-18T12:19:00.492+0000][7][safepoint   ] Safepoint "G1PauseCleanup", Time since last: 12945550 ns, Reaching safepoint: 13075 ns, Cleanup: 6212 ns, At safepoint: 546642 ns, Total: 565929 ns
[2024-02-18T12:19:00.493+0000][7][gc,marking  ] GC(129) Concurrent Clear Claimed Marks
[2024-02-18T12:19:00.493+0000][7][gc,marking  ] GC(129) Concurrent Clear Claimed Marks 0.239ms
[2024-02-18T12:19:00.493+0000][7][gc,marking  ] GC(129) Concurrent Cleanup for Next Mark
[2024-02-18T12:19:00.493+0000][7][gc,marking  ] GC(129) Concurrent Cleanup for Next Mark 0.384ms
[2024-02-18T12:19:00.493+0000][7][gc          ] GC(129) Concurrent Mark Cycle 55.773ms
[2024-02-18T12:19:04.493+0000][7][safepoint   ] Safepoint "Cleanup", Time since last: 4000449533 ns, Reaching safepoint: 17704 ns, Cleanup: 21030 ns, At safepoint: 3878 ns, Total: 42612 ns
[2024-02-18T12:19:07.493+0000][7][safepoint   ] Safepoint "Cleanup", Time since last: 3000504370 ns, Reaching safepoint: 18225 ns, Cleanup: 13986 ns, At safepoint: 4018 ns, Total: 36229 ns
[2024-02-18T12:19:11.494+0000][7][safepoint   ] Safepoint "Cleanup", Time since last: 4000590423 ns, Reaching safepoint: 18315 ns, Cleanup: 12143 ns, At safepoint: 3717 ns, Total: 34175 ns
[2024-02-18T12:20:04.615+0000][7][gc,start    ] GC(130) Pause Young (Normal) (G1 Evacuation Pause)
[2024-02-18T12:20:04.615+0000][7][gc,task     ] GC(130) Using 12 workers of 13 for evacuation
[2024-02-18T12:20:04.616+0000][7][gc,age      ] GC(130) Desired survivor size 20971520 bytes, new threshold 15 (max threshold 15)
[2024-02-18T12:20:04.618+0000][7][gc,phases   ] GC(130)   Pre Evacuate Collection Set: 0.2ms
[2024-02-18T12:20:04.618+0000][7][gc,phases   ] GC(130)   Merge Heap Roots: 0.1ms
[2024-02-18T12:20:04.618+0000][7][gc,phases   ] GC(130)   Evacuate Collection Set: 1.2ms
[2024-02-18T12:20:04.618+0000][7][gc,phases   ] GC(130)   Post Evacuate Collection Set: 0.5ms
[2024-02-18T12:20:04.618+0000][7][gc,phases   ] GC(130)   Other: 0.3ms
[2024-02-18T12:20:04.618+0000][7][gc,age      ] GC(130) Age table with threshold 15 (max threshold 15)
[2024-02-18T12:20:04.618+0000][7][gc,age      ] GC(130) - age   1:    1237320 bytes,    1237320 total
[2024-02-18T12:20:04.619+0000][7][gc,age      ] GC(130) - age   2:      10440 bytes,    1247760 total
[2024-02-18T12:20:04.619+0000][7][gc,age      ] GC(130) - age   3:      53936 bytes,    1301696 total
[2024-02-18T12:20:04.619+0000][7][gc,age      ] GC(130) - age   4:      55048 bytes,    1356744 total
[2024-02-18T12:20:04.619+0000][7][gc,age      ] GC(130) - age   5:      38784 bytes,    1395528 total
[2024-02-18T12:20:04.619+0000][7][gc,age      ] GC(130) - age   6:      19576 bytes,    1415104 total
[2024-02-18T12:20:04.619+0000][7][gc,age      ] GC(130) - age   7:       7800 bytes,    1422904 total
[2024-02-18T12:20:04.619+0000][7][gc,age      ] GC(130) - age   8:       7088 bytes,    1429992 total
[2024-02-18T12:20:04.619+0000][7][gc,age      ] GC(130) - age   9:       7408 bytes,    1437400 total
[2024-02-18T12:20:04.619+0000][7][gc,age      ] GC(130) - age  10:       7000 bytes,    1444400 total
[2024-02-18T12:20:04.619+0000][7][gc,age      ] GC(130) - age  11:       3136 bytes,    1447536 total
[2024-02-18T12:20:04.620+0000][7][gc,age      ] GC(130) - age  12:       5984 bytes,    1453520 total
[2024-02-18T12:20:04.620+0000][7][gc,age      ] GC(130) - age  13:      12832 bytes,    1466352 total
[2024-02-18T12:20:04.620+0000][7][gc,age      ] GC(130) - age  14:       5816 bytes,    1472168 total
[2024-02-18T12:20:04.620+0000][7][gc,age      ] GC(130) - age  15:       8080 bytes,    1480248 total
[2024-02-18T12:20:04.620+0000][7][gc,heap     ] GC(130) Eden regions: 75->0(75)
[2024-02-18T12:20:04.620+0000][7][gc,heap     ] GC(130) Survivor regions: 1->1(10)
[2024-02-18T12:20:04.620+0000][7][gc,heap     ] GC(130) Old regions: 31->31
[2024-02-18T12:20:04.620+0000][7][gc,heap     ] GC(130) Humongous regions: 2->2
[2024-02-18T12:20:04.620+0000][7][gc,metaspace] GC(130) Metaspace: 121045K(125632K)->121045K(125632K) NonClass: 105332K(108096K)->105332K(108096K) Class: 15712K(17536K)->15712K(17536K)
[2024-02-18T12:20:04.620+0000][7][gc          ] GC(130) Pause Young (Normal) (G1 Evacuation Pause) 432M->132M(512M) 5.087ms
[2024-02-18T12:20:04.621+0000][7][gc,cpu      ] GC(130) User=0.00s Sys=0.02s Real=0.01s
[2024-02-18T12:20:04.621+0000][7][safepoint   ] Safepoint "G1CollectForAllocation", Time since last: 53121145009 ns, Reaching safepoint: 16802 ns, Cleanup: 4228 ns, At safepoint: 5341767 ns, Total: 5362797 ns
[2024-02-18T12:21:04.247+0000][7][gc,start    ] GC(131) Pause Young (Concurrent Start) (G1 Evacuation Pause)
[2024-02-18T12:21:04.247+0000][7][gc,task     ] GC(131) Using 12 workers of 13 for evacuation
[2024-02-18T12:21:04.247+0000][7][gc,age      ] GC(131) Desired survivor size 20971520 bytes, new threshold 15 (max threshold 15)
[2024-02-18T12:21:04.249+0000][7][gc,phases   ] GC(131)   Pre Evacuate Collection Set: 0.2ms
[2024-02-18T12:21:04.250+0000][7][gc,phases   ] GC(131)   Merge Heap Roots: 0.1ms
[2024-02-18T12:21:04.250+0000][7][gc,phases   ] GC(131)   Evacuate Collection Set: 1.4ms
[2024-02-18T12:21:04.250+0000][7][gc,phases   ] GC(131)   Post Evacuate Collection Set: 0.6ms
[2024-02-18T12:21:04.250+0000][7][gc,phases   ] GC(131)   Other: 0.3ms
[2024-02-18T12:21:04.250+0000][7][gc,age      ] GC(131) Age table with threshold 15 (max threshold 15)
[2024-02-18T12:21:04.250+0000][7][gc,age      ] GC(131) - age   1:    1532832 bytes,    1532832 total
[2024-02-18T12:21:04.250+0000][7][gc,age      ] GC(131) - age   2:      26160 bytes,    1558992 total
[2024-02-18T12:21:04.250+0000][7][gc,age      ] GC(131) - age   3:       6544 bytes,    1565536 total
[2024-02-18T12:21:04.250+0000][7][gc,age      ] GC(131) - age   4:      51480 bytes,    1617016 total
[2024-02-18T12:21:04.251+0000][7][gc,age      ] GC(131) - age   5:      49368 bytes,    1666384 total
[2024-02-18T12:21:04.251+0000][7][gc,age      ] GC(131) - age   6:      38752 bytes,    1705136 total
[2024-02-18T12:21:04.251+0000][7][gc,age      ] GC(131) - age   7:      16752 bytes,    1721888 total
[2024-02-18T12:21:04.251+0000][7][gc,age      ] GC(131) - age   8:       7800 bytes,    1729688 total
[2024-02-18T12:21:04.251+0000][7][gc,age      ] GC(131) - age   9:       7024 bytes,    1736712 total
[2024-02-18T12:21:04.251+0000][7][gc,age      ] GC(131) - age  10:       7408 bytes,    1744120 total
[2024-02-18T12:21:04.251+0000][7][gc,age      ] GC(131) - age  11:       6968 bytes,    1751088 total
[2024-02-18T12:21:04.251+0000][7][gc,age      ] GC(131) - age  12:       3136 bytes,    1754224 total
[2024-02-18T12:21:04.251+0000][7][gc,age      ] GC(131) - age  13:       5984 bytes,    1760208 total
[2024-02-18T12:21:04.251+0000][7][gc,age      ] GC(131) - age  14:      12832 bytes,    1773040 total
[2024-02-18T12:21:04.252+0000][7][gc,age      ] GC(131) - age  15:       5816 bytes,    1778856 total
[2024-02-18T12:21:04.252+0000][7][gc,heap     ] GC(131) Eden regions: 75->0(75)
[2024-02-18T12:21:04.252+0000][7][gc,heap     ] GC(131) Survivor regions: 1->1(10)
[2024-02-18T12:21:04.252+0000][7][gc,heap     ] GC(131) Old regions: 31->31
[2024-02-18T12:21:04.252+0000][7][gc,heap     ] GC(131) Humongous regions: 2->2
[2024-02-18T12:21:04.252+0000][7][gc,metaspace] GC(131) Metaspace: 121049K(125632K)->121049K(125632K) NonClass: 105337K(108096K)->105337K(108096K) Class: 15712K(17536K)->15712K(17536K)
[2024-02-18T12:21:04.252+0000][7][gc          ] GC(131) Pause Young (Concurrent Start) (G1 Evacuation Pause) 432M->133M(512M) 5.499ms
[2024-02-18T12:21:04.252+0000][7][gc          ] GC(132) Concurrent Mark Cycle
[2024-02-18T12:21:04.252+0000][7][gc,marking  ] GC(132) Concurrent Scan Root Regions
[2024-02-18T12:21:04.252+0000][7][gc,cpu      ] GC(131) User=0.01s Sys=0.00s Real=0.00s
[2024-02-18T12:21:04.253+0000][7][gc,marking  ] GC(132) Concurrent Scan Root Regions 0.874ms
[2024-02-18T12:21:04.253+0000][7][gc,marking  ] GC(132) Concurrent Mark
[2024-02-18T12:21:04.253+0000][7][gc,marking  ] GC(132) Concurrent Mark From Roots
[2024-02-18T12:21:04.254+0000][7][gc,task     ] GC(132) Using 3 workers of 3 for marking
[2024-02-18T12:21:04.253+0000][7][safepoint   ] Safepoint "G1CollectForAllocation", Time since last: 59625885776 ns, Reaching safepoint: 15710 ns, Cleanup: 3577 ns, At safepoint: 6704815 ns, Total: 6724102 ns
[2024-02-18T12:21:04.289+0000][7][gc,marking  ] GC(132) Concurrent Mark From Roots 35.965ms
[2024-02-18T12:21:04.290+0000][7][gc,marking  ] GC(132) Concurrent Preclean
[2024-02-18T12:21:04.290+0000][7][gc,marking  ] GC(132) Concurrent Preclean 0.372ms
[2024-02-18T12:21:04.290+0000][7][gc,start    ] GC(132) Pause Remark
[2024-02-18T12:21:04.294+0000][7][gc          ] GC(132) Pause Remark 133M->133M(512M) 3.355ms
[2024-02-18T12:21:04.294+0000][7][gc,cpu      ] GC(132) User=0.02s Sys=0.01s Real=0.00s
[2024-02-18T12:21:04.294+0000][7][safepoint   ] Safepoint "G1PauseRemark", Time since last: 36873105 ns, Reaching safepoint: 16171 ns, Cleanup: 3076 ns, At safepoint: 3822746 ns, Total: 3841993 ns
[2024-02-18T12:21:04.294+0000][7][gc,marking  ] GC(132) Concurrent Mark 40.799ms
[2024-02-18T12:21:04.294+0000][7][gc,marking  ] GC(132) Concurrent Rebuild Remembered Sets and Scrub Regions
[2024-02-18T12:21:04.307+0000][7][gc,marking  ] GC(132) Concurrent Rebuild Remembered Sets and Scrub Regions 13.175ms
[2024-02-18T12:21:04.308+0000][7][gc,start    ] GC(132) Pause Cleanup
[2024-02-18T12:21:04.308+0000][7][gc          ] GC(132) Pause Cleanup 133M->133M(512M) 0.282ms
[2024-02-18T12:21:04.308+0000][7][gc,cpu      ] GC(132) User=0.00s Sys=0.00s Real=0.00s
[2024-02-18T12:21:04.308+0000][7][safepoint   ] Safepoint "G1PauseCleanup", Time since last: 13651387 ns, Reaching safepoint: 13005 ns, Cleanup: 3597 ns, At safepoint: 588016 ns, Total: 604618 ns
[2024-02-18T12:21:04.308+0000][7][gc,marking  ] GC(132) Concurrent Clear Claimed Marks
[2024-02-18T12:21:04.309+0000][7][gc,marking  ] GC(132) Concurrent Clear Claimed Marks 0.251ms
[2024-02-18T12:21:04.309+0000][7][gc,marking  ] GC(132) Concurrent Cleanup for Next Mark
[2024-02-18T12:21:04.310+0000][7][gc,marking  ] GC(132) Concurrent Cleanup for Next Mark 0.834ms
[2024-02-18T12:21:04.310+0000][7][gc          ] GC(132) Concurrent Mark Cycle 57.613ms
[2024-02-18T12:21:16.310+0000][7][safepoint   ] Safepoint "Cleanup", Time since last: 12001196011 ns, Reaching safepoint: 19858 ns, Cleanup: 13055 ns, At safepoint: 3647 ns, Total: 36560 ns
[2024-02-18T12:21:19.310+0000][7][safepoint   ] Safepoint "Cleanup", Time since last: 3000596653 ns, Reaching safepoint: 19016 ns, Cleanup: 13366 ns, At safepoint: 3196 ns, Total: 35578 ns
[2024-02-18T12:21:27.230+0000][7][safepoint   ] Safepoint "Cleanup", Time since last: 7920056046 ns, Reaching safepoint: 45578 ns, Cleanup: 12393 ns, At safepoint: 6222 ns, Total: 64193 ns
[2024-02-18T12:21:51.233+0000][7][safepoint   ] Safepoint "Cleanup", Time since last: 24002287724 ns, Reaching safepoint: 31811 ns, Cleanup: 24227 ns, At safepoint: 4939 ns, Total: 60977 ns
[2024-02-18T12:22:09.439+0000][7][gc,start    ] GC(133) Pause Young (Normal) (G1 Evacuation Pause)
[2024-02-18T12:22:09.439+0000][7][gc,task     ] GC(133) Using 12 workers of 13 for evacuation
[2024-02-18T12:22:09.439+0000][7][gc,age      ] GC(133) Desired survivor size 20971520 bytes, new threshold 15 (max threshold 15)
[2024-02-18T12:22:09.442+0000][7][gc,phases   ] GC(133)   Pre Evacuate Collection Set: 0.2ms
[2024-02-18T12:22:09.442+0000][7][gc,phases   ] GC(133)   Merge Heap Roots: 0.1ms
[2024-02-18T12:22:09.442+0000][7][gc,phases   ] GC(133)   Evacuate Collection Set: 1.2ms
[2024-02-18T12:22:09.442+0000][7][gc,phases   ] GC(133)   Post Evacuate Collection Set: 0.5ms
[2024-02-18T12:22:09.442+0000][7][gc,phases   ] GC(133)   Other: 0.3ms
[2024-02-18T12:22:09.442+0000][7][gc,age      ] GC(133) Age table with threshold 15 (max threshold 15)
[2024-02-18T12:22:09.442+0000][7][gc,age      ] GC(133) - age   1:    1309488 bytes,    1309488 total
[2024-02-18T12:22:09.443+0000][7][gc,age      ] GC(133) - age   2:      12312 bytes,    1321800 total
[2024-02-18T12:22:09.443+0000][7][gc,age      ] GC(133) - age   3:      16392 bytes,    1338192 total
[2024-02-18T12:22:09.443+0000][7][gc,age      ] GC(133) - age   4:       5776 bytes,    1343968 total
[2024-02-18T12:22:09.443+0000][7][gc,age      ] GC(133) - age   5:      41544 bytes,    1385512 total
[2024-02-18T12:22:09.443+0000][7][gc,age      ] GC(133) - age   6:      44400 bytes,    1429912 total
[2024-02-18T12:22:09.443+0000][7][gc,age      ] GC(133) - age   7:      38688 bytes,    1468600 total
[2024-02-18T12:22:09.443+0000][7][gc,age      ] GC(133) - age   8:       9992 bytes,    1478592 total
[2024-02-18T12:22:09.443+0000][7][gc,age      ] GC(133) - age   9:       7768 bytes,    1486360 total
[2024-02-18T12:22:09.443+0000][7][gc,age      ] GC(133) - age  10:       7024 bytes,    1493384 total
[2024-02-18T12:22:09.443+0000][7][gc,age      ] GC(133) - age  11:       4424 bytes,    1497808 total
[2024-02-18T12:22:09.444+0000][7][gc,age      ] GC(133) - age  12:       6968 bytes,    1504776 total
[2024-02-18T12:22:09.444+0000][7][gc,age      ] GC(133) - age  13:       3136 bytes,    1507912 total
[2024-02-18T12:22:09.444+0000][7][gc,age      ] GC(133) - age  14:       5984 bytes,    1513896 total
[2024-02-18T12:22:09.444+0000][7][gc,age      ] GC(133) - age  15:      12832 bytes,    1526728 total
[2024-02-18T12:22:09.444+0000][7][gc,heap     ] GC(133) Eden regions: 75->0(75)
[2024-02-18T12:22:09.444+0000][7][gc,heap     ] GC(133) Survivor regions: 1->1(10)
[2024-02-18T12:22:09.444+0000][7][gc,heap     ] GC(133) Old regions: 31->31
[2024-02-18T12:22:09.444+0000][7][gc,heap     ] GC(133) Humongous regions: 2->2
[2024-02-18T12:22:09.444+0000][7][gc,metaspace] GC(133) Metaspace: 121052K(125632K)->121052K(125632K) NonClass: 105339K(108096K)->105339K(108096K) Class: 15712K(17536K)->15712K(17536K)
[2024-02-18T12:22:09.445+0000][7][gc          ] GC(133) Pause Young (Normal) (G1 Evacuation Pause) 433M->132M(512M) 5.467ms
[2024-02-18T12:22:09.445+0000][7][gc,cpu      ] GC(133) User=0.01s Sys=0.00s Real=0.00s
[2024-02-18T12:22:09.445+0000][7][safepoint   ] Safepoint "G1CollectForAllocation", Time since last: 18206455610 ns, Reaching safepoint: 14928 ns, Cleanup: 3287 ns, At safepoint: 5755954 ns, Total: 5774169 ns
[2024-02-18T12:22:22.446+0000][7][safepoint   ] Safepoint "Cleanup", Time since last: 13001228517 ns, Reaching safepoint: 22513 ns, Cleanup: 13977 ns, At safepoint: 3527 ns, Total: 40017 ns
[2024-02-18T12:22:34.251+0000][7][safepoint   ] Safepoint "Cleanup", Time since last: 11804930923 ns, Reaching safepoint: 18045 ns, Cleanup: 14558 ns, At safepoint: 3537 ns, Total: 36140 ns
[2024-02-18T12:23:03.484+0000][7][gc,start    ] GC(134) Pause Young (Concurrent Start) (G1 Evacuation Pause)
[2024-02-18T12:23:03.484+0000][7][gc,task     ] GC(134) Using 12 workers of 13 for evacuation
[2024-02-18T12:23:03.484+0000][7][gc,age      ] GC(134) Desired survivor size 20971520 bytes, new threshold 15 (max threshold 15)
[2024-02-18T12:23:03.487+0000][7][gc,phases   ] GC(134)   Pre Evacuate Collection Set: 0.2ms
[2024-02-18T12:23:03.487+0000][7][gc,phases   ] GC(134)   Merge Heap Roots: 0.1ms
[2024-02-18T12:23:03.487+0000][7][gc,phases   ] GC(134)   Evacuate Collection Set: 1.3ms
[2024-02-18T12:23:03.487+0000][7][gc,phases   ] GC(134)   Post Evacuate Collection Set: 0.5ms
[2024-02-18T12:23:03.487+0000][7][gc,phases   ] GC(134)   Other: 0.3ms
[2024-02-18T12:23:03.487+0000][7][gc,age      ] GC(134) Age table with threshold 15 (max threshold 15)
[2024-02-18T12:23:03.487+0000][7][gc,age      ] GC(134) - age   1:    1163144 bytes,    1163144 total
[2024-02-18T12:23:03.487+0000][7][gc,age      ] GC(134) - age   2:      59400 bytes,    1222544 total
[2024-02-18T12:23:03.488+0000][7][gc,age      ] GC(134) - age   3:       7248 bytes,    1229792 total
[2024-02-18T12:23:03.488+0000][7][gc,age      ] GC(134) - age   4:      12448 bytes,    1242240 total
[2024-02-18T12:23:03.488+0000][7][gc,age      ] GC(134) - age   5:       5616 bytes,    1247856 total
[2024-02-18T12:23:03.488+0000][7][gc,age      ] GC(134) - age   6:      32296 bytes,    1280152 total
[2024-02-18T12:23:03.488+0000][7][gc,age      ] GC(134) - age   7:      39696 bytes,    1319848 total
[2024-02-18T12:23:03.488+0000][7][gc,age      ] GC(134) - age   8:      38688 bytes,    1358536 total
[2024-02-18T12:23:03.488+0000][7][gc,age      ] GC(134) - age   9:       9856 bytes,    1368392 total
[2024-02-18T12:23:03.488+0000][7][gc,age      ] GC(134) - age  10:       7768 bytes,    1376160 total
[2024-02-18T12:23:03.488+0000][7][gc,age      ] GC(134) - age  11:       7024 bytes,    1383184 total
[2024-02-18T12:23:03.488+0000][7][gc,age      ] GC(134) - age  12:       4424 bytes,    1387608 total
[2024-02-18T12:23:03.488+0000][7][gc,age      ] GC(134) - age  13:       6968 bytes,    1394576 total
[2024-02-18T12:23:03.488+0000][7][gc,age      ] GC(134) - age  14:       3136 bytes,    1397712 total
[2024-02-18T12:23:03.489+0000][7][gc,age      ] GC(134) - age  15:       5984 bytes,    1403696 total
[2024-02-18T12:23:03.489+0000][7][gc,heap     ] GC(134) Eden regions: 75->0(75)
[2024-02-18T12:23:03.489+0000][7][gc,heap     ] GC(134) Survivor regions: 1->1(10)
[2024-02-18T12:23:03.489+0000][7][gc,heap     ] GC(134) Old regions: 31->31
[2024-02-18T12:23:03.489+0000][7][gc,heap     ] GC(134) Humongous regions: 2->2
[2024-02-18T12:23:03.489+0000][7][gc,metaspace] GC(134) Metaspace: 121053K(125632K)->121053K(125632K) NonClass: 105340K(108096K)->105340K(108096K) Class: 15713K(17536K)->15713K(17536K)
[2024-02-18T12:23:03.489+0000][7][gc          ] GC(134) Pause Young (Concurrent Start) (G1 Evacuation Pause) 432M->132M(512M) 5.047ms
[2024-02-18T12:23:03.489+0000][7][gc          ] GC(135) Concurrent Mark Cycle
[2024-02-18T12:23:03.489+0000][7][gc,marking  ] GC(135) Concurrent Scan Root Regions
[2024-02-18T12:23:03.489+0000][7][gc,cpu      ] GC(134) User=0.01s Sys=0.00s Real=0.01s
[2024-02-18T12:23:03.490+0000][7][safepoint   ] Safepoint "G1CollectForAllocation", Time since last: 29233105730 ns, Reaching safepoint: 15861 ns, Cleanup: 3897 ns, At safepoint: 5555140 ns, Total: 5574898 ns
[2024-02-18T12:23:03.490+0000][7][gc,marking  ] GC(135) Concurrent Scan Root Regions 0.993ms
[2024-02-18T12:23:03.491+0000][7][gc,marking  ] GC(135) Concurrent Mark
[2024-02-18T12:23:03.491+0000][7][gc,marking  ] GC(135) Concurrent Mark From Roots
[2024-02-18T12:23:03.491+0000][7][gc,task     ] GC(135) Using 3 workers of 3 for marking
[2024-02-18T12:23:03.535+0000][7][gc,marking  ] GC(135) Concurrent Mark From Roots 44.467ms
[2024-02-18T12:23:03.535+0000][7][gc,marking  ] GC(135) Concurrent Preclean
[2024-02-18T12:23:03.536+0000][7][gc,marking  ] GC(135) Concurrent Preclean 0.272ms
[2024-02-18T12:23:03.536+0000][7][gc,start    ] GC(135) Pause Remark
[2024-02-18T12:23:03.539+0000][7][gc          ] GC(135) Pause Remark 135M->135M(512M) 2.950ms
[2024-02-18T12:23:03.539+0000][7][gc,cpu      ] GC(135) User=0.02s Sys=0.00s Real=0.00s
[2024-02-18T12:23:03.539+0000][7][safepoint   ] Safepoint "G1PauseRemark", Time since last: 46069377 ns, Reaching safepoint: 66518 ns, Cleanup: 3697 ns, At safepoint: 3338624 ns, Total: 3408839 ns
[2024-02-18T12:23:03.539+0000][7][gc,marking  ] GC(135) Concurrent Mark 48.776ms
[2024-02-18T12:23:03.539+0000][7][gc,marking  ] GC(135) Concurrent Rebuild Remembered Sets and Scrub Regions
[2024-02-18T12:23:03.552+0000][7][gc,marking  ] GC(135) Concurrent Rebuild Remembered Sets and Scrub Regions 12.593ms
[2024-02-18T12:23:03.552+0000][7][gc,start    ] GC(135) Pause Cleanup
[2024-02-18T12:23:03.553+0000][7][gc          ] GC(135) Pause Cleanup 135M->135M(512M) 0.265ms
[2024-02-18T12:23:03.553+0000][7][gc,cpu      ] GC(135) User=0.00s Sys=0.00s Real=0.00s
[2024-02-18T12:23:03.553+0000][7][safepoint   ] Safepoint "G1PauseCleanup", Time since last: 13107816 ns, Reaching safepoint: 15640 ns, Cleanup: 3527 ns, At safepoint: 600009 ns, Total: 619176 ns
[2024-02-18T12:23:03.553+0000][7][gc,marking  ] GC(135) Concurrent Clear Claimed Marks
[2024-02-18T12:23:03.553+0000][7][gc,marking  ] GC(135) Concurrent Clear Claimed Marks 0.255ms
[2024-02-18T12:23:03.553+0000][7][gc,marking  ] GC(135) Concurrent Cleanup for Next Mark
[2024-02-18T12:23:03.554+0000][7][gc,marking  ] GC(135) Concurrent Cleanup for Next Mark 0.507ms
[2024-02-18T12:23:03.554+0000][7][gc          ] GC(135) Concurrent Mark Cycle 64.718ms
[2024-02-18T12:23:31.272+0000][7][safepoint   ] Safepoint "Cleanup", Time since last: 27718712852 ns, Reaching safepoint: 15620 ns, Cleanup: 10360 ns, At safepoint: 19307 ns, Total: 45287 ns
[2024-02-18T12:23:58.274+0000][7][safepoint   ] Safepoint "Cleanup", Time since last: 27002518449 ns, Reaching safepoint: 35779 ns, Cleanup: 9779 ns, At safepoint: 5450 ns, Total: 51008 ns
[2024-02-18T12:24:06.489+0000][7][gc,start    ] GC(136) Pause Young (Normal) (G1 Evacuation Pause)
[2024-02-18T12:24:06.490+0000][7][gc,task     ] GC(136) Using 12 workers of 13 for evacuation
[2024-02-18T12:24:06.490+0000][7][gc,age      ] GC(136) Desired survivor size 20971520 bytes, new threshold 15 (max threshold 15)
[2024-02-18T12:24:06.492+0000][7][gc,phases   ] GC(136)   Pre Evacuate Collection Set: 0.2ms
[2024-02-18T12:24:06.493+0000][7][gc,phases   ] GC(136)   Merge Heap Roots: 0.1ms
[2024-02-18T12:24:06.493+0000][7][gc,phases   ] GC(136)   Evacuate Collection Set: 1.5ms
[2024-02-18T12:24:06.493+0000][7][gc,phases   ] GC(136)   Post Evacuate Collection Set: 0.6ms
[2024-02-18T12:24:06.493+0000][7][gc,phases   ] GC(136)   Other: 0.3ms
[2024-02-18T12:24:06.493+0000][7][gc,age      ] GC(136) Age table with threshold 15 (max threshold 15)
[2024-02-18T12:24:06.493+0000][7][gc,age      ] GC(136) - age   1:    1723432 bytes,    1723432 total
[2024-02-18T12:24:06.493+0000][7][gc,age      ] GC(136) - age   2:      49400 bytes,    1772832 total
[2024-02-18T12:24:06.493+0000][7][gc,age      ] GC(136) - age   3:      55704 bytes,    1828536 total
[2024-02-18T12:24:06.493+0000][7][gc,age      ] GC(136) - age   4:       6480 bytes,    1835016 total
[2024-02-18T12:24:06.493+0000][7][gc,age      ] GC(136) - age   5:      12384 bytes,    1847400 total
[2024-02-18T12:24:06.494+0000][7][gc,age      ] GC(136) - age   6:       5616 bytes,    1853016 total
[2024-02-18T12:24:06.494+0000][7][gc,age      ] GC(136) - age   7:      32296 bytes,    1885312 total
[2024-02-18T12:24:06.494+0000][7][gc,age      ] GC(136) - age   8:      12424 bytes,    1897736 total
[2024-02-18T12:24:06.494+0000][7][gc,age      ] GC(136) - age   9:      38688 bytes,    1936424 total
[2024-02-18T12:24:06.494+0000][7][gc,age      ] GC(136) - age  10:       7504 bytes,    1943928 total
[2024-02-18T12:24:06.494+0000][7][gc,age      ] GC(136) - age  11:       7768 bytes,    1951696 total
[2024-02-18T12:24:06.494+0000][7][gc,age      ] GC(136) - age  12:       7024 bytes,    1958720 total
[2024-02-18T12:24:06.494+0000][7][gc,age      ] GC(136) - age  13:       4424 bytes,    1963144 total
[2024-02-18T12:24:06.494+0000][7][gc,age      ] GC(136) - age  14:       6968 bytes,    1970112 total
[2024-02-18T12:24:06.494+0000][7][gc,age      ] GC(136) - age  15:       3136 bytes,    1973248 total
[2024-02-18T12:24:06.494+0000][7][gc,heap     ] GC(136) Eden regions: 75->0(75)
[2024-02-18T12:24:06.495+0000][7][gc,heap     ] GC(136) Survivor regions: 1->1(10)
[2024-02-18T12:24:06.495+0000][7][gc,heap     ] GC(136) Old regions: 31->31
[2024-02-18T12:24:06.495+0000][7][gc,heap     ] GC(136) Humongous regions: 2->2
[2024-02-18T12:24:06.495+0000][7][gc,metaspace] GC(136) Metaspace: 121053K(125632K)->121053K(125632K) NonClass: 105340K(108096K)->105340K(108096K) Class: 15713K(17536K)->15713K(17536K)
[2024-02-18T12:24:06.495+0000][7][gc          ] GC(136) Pause Young (Normal) (G1 Evacuation Pause) 432M->133M(512M) 5.490ms
[2024-02-18T12:24:06.495+0000][7][gc,cpu      ] GC(136) User=0.01s Sys=0.01s Real=0.00s
[2024-02-18T12:24:06.495+0000][7][safepoint   ] Safepoint "G1CollectForAllocation", Time since last: 8215184108 ns, Reaching safepoint: 15289 ns, Cleanup: 4379 ns, At safepoint: 5769099 ns, Total: 5788767 ns
[2024-02-18T12:25:06.572+0000][7][gc,start    ] GC(137) Pause Young (Concurrent Start) (G1 Evacuation Pause)
[2024-02-18T12:25:06.573+0000][7][gc,task     ] GC(137) Using 12 workers of 13 for evacuation
[2024-02-18T12:25:06.573+0000][7][gc,age      ] GC(137) Desired survivor size 20971520 bytes, new threshold 15 (max threshold 15)
[2024-02-18T12:25:06.575+0000][7][gc,phases   ] GC(137)   Pre Evacuate Collection Set: 0.2ms
[2024-02-18T12:25:06.575+0000][7][gc,phases   ] GC(137)   Merge Heap Roots: 0.1ms
[2024-02-18T12:25:06.575+0000][7][gc,phases   ] GC(137)   Evacuate Collection Set: 1.3ms
[2024-02-18T12:25:06.575+0000][7][gc,phases   ] GC(137)   Post Evacuate Collection Set: 0.5ms
[2024-02-18T12:25:06.575+0000][7][gc,phases   ] GC(137)   Other: 0.3ms
[2024-02-18T12:25:06.575+0000][7][gc,age      ] GC(137) Age table with threshold 15 (max threshold 15)
[2024-02-18T12:25:06.576+0000][7][gc,age      ] GC(137) - age   1:     779792 bytes,     779792 total
[2024-02-18T12:25:06.576+0000][7][gc,age      ] GC(137) - age   2:      18752 bytes,     798544 total
[2024-02-18T12:25:06.576+0000][7][gc,age      ] GC(137) - age   3:      47272 bytes,     845816 total
[2024-02-18T12:25:06.576+0000][7][gc,age      ] GC(137) - age   4:      54936 bytes,     900752 total
[2024-02-18T12:25:06.576+0000][7][gc,age      ] GC(137) - age   5:       6192 bytes,     906944 total
[2024-02-18T12:25:06.576+0000][7][gc,age      ] GC(137) - age   6:       9936 bytes,     916880 total
[2024-02-18T12:25:06.576+0000][7][gc,age      ] GC(137) - age   7:       5488 bytes,     922368 total
[2024-02-18T12:25:06.576+0000][7][gc,age      ] GC(137) - age   8:      29296 bytes,     951664 total
[2024-02-18T12:25:06.576+0000][7][gc,age      ] GC(137) - age   9:      12424 bytes,     964088 total
[2024-02-18T12:25:06.576+0000][7][gc,age      ] GC(137) - age  10:      38688 bytes,    1002776 total
[2024-02-18T12:25:06.576+0000][7][gc,age      ] GC(137) - age  11:       7504 bytes,    1010280 total
[2024-02-18T12:25:06.577+0000][7][gc,age      ] GC(137) - age  12:       7768 bytes,    1018048 total
[2024-02-18T12:25:06.577+0000][7][gc,age      ] GC(137) - age  13:       7024 bytes,    1025072 total
[2024-02-18T12:25:06.577+0000][7][gc,age      ] GC(137) - age  14:       4424 bytes,    1029496 total
[2024-02-18T12:25:06.577+0000][7][gc,age      ] GC(137) - age  15:       6968 bytes,    1036464 total
[2024-02-18T12:25:06.577+0000][7][gc,heap     ] GC(137) Eden regions: 75->0(75)
[2024-02-18T12:25:06.577+0000][7][gc,heap     ] GC(137) Survivor regions: 1->1(10)
[2024-02-18T12:25:06.577+0000][7][gc,heap     ] GC(137) Old regions: 31->31
[2024-02-18T12:25:06.577+0000][7][gc,heap     ] GC(137) Humongous regions: 2->2
[2024-02-18T12:25:06.577+0000][7][gc,metaspace] GC(137) Metaspace: 121053K(125632K)->121053K(125632K) NonClass: 105340K(108096K)->105340K(108096K) Class: 15713K(17536K)->15713K(17536K)
[2024-02-18T12:25:06.577+0000][7][gc          ] GC(137) Pause Young (Concurrent Start) (G1 Evacuation Pause) 433M->132M(512M) 4.813ms
[2024-02-18T12:25:06.577+0000][7][gc          ] GC(138) Concurrent Mark Cycle
[2024-02-18T12:25:06.578+0000][7][gc,marking  ] GC(138) Concurrent Scan Root Regions
[2024-02-18T12:25:06.577+0000][7][gc,cpu      ] GC(137) User=0.01s Sys=0.00s Real=0.01s
[2024-02-18T12:25:06.578+0000][7][safepoint   ] Safepoint "G1CollectForAllocation", Time since last: 60077229879 ns, Reaching safepoint: 14728 ns, Cleanup: 3367 ns, At safepoint: 5314489 ns, Total: 5332584 ns
[2024-02-18T12:25:06.578+0000][7][gc,marking  ] GC(138) Concurrent Scan Root Regions 0.898ms
[2024-02-18T12:25:06.579+0000][7][gc,marking  ] GC(138) Concurrent Mark
[2024-02-18T12:25:06.579+0000][7][gc,marking  ] GC(138) Concurrent Mark From Roots
[2024-02-18T12:25:06.579+0000][7][gc,task     ] GC(138) Using 3 workers of 3 for marking
[2024-02-18T12:25:06.613+0000][7][gc,marking  ] GC(138) Concurrent Mark From Roots 34.648ms
[2024-02-18T12:25:06.614+0000][7][gc,marking  ] GC(138) Concurrent Preclean
[2024-02-18T12:25:06.614+0000][7][gc,marking  ] GC(138) Concurrent Preclean 0.369ms
[2024-02-18T12:25:06.614+0000][7][gc,start    ] GC(138) Pause Remark
[2024-02-18T12:25:06.617+0000][7][gc          ] GC(138) Pause Remark 136M->136M(512M) 3.112ms
[2024-02-18T12:25:06.617+0000][7][gc,cpu      ] GC(138) User=0.03s Sys=0.00s Real=0.01s
[2024-02-18T12:25:06.618+0000][7][safepoint   ] Safepoint "G1PauseRemark", Time since last: 36311989 ns, Reaching safepoint: 15970 ns, Cleanup: 4028 ns, At safepoint: 3507227 ns, Total: 3527225 ns
[2024-02-18T12:25:06.618+0000][7][gc,marking  ] GC(138) Concurrent Mark 39.189ms
[2024-02-18T12:25:06.618+0000][7][gc,marking  ] GC(138) Concurrent Rebuild Remembered Sets and Scrub Regions
[2024-02-18T12:25:06.630+0000][7][gc,marking  ] GC(138) Concurrent Rebuild Remembered Sets and Scrub Regions 12.365ms
[2024-02-18T12:25:06.631+0000][7][gc,start    ] GC(138) Pause Cleanup
[2024-02-18T12:25:06.631+0000][7][gc          ] GC(138) Pause Cleanup 136M->136M(512M) 0.277ms
[2024-02-18T12:25:06.631+0000][7][gc,cpu      ] GC(138) User=0.00s Sys=0.00s Real=0.00s
[2024-02-18T12:25:06.631+0000][7][safepoint   ] Safepoint "G1PauseCleanup", Time since last: 12891752 ns, Reaching safepoint: 12835 ns, Cleanup: 2845 ns, At safepoint: 564451 ns, Total: 580131 ns
[2024-02-18T12:25:06.631+0000][7][gc,marking  ] GC(138) Concurrent Clear Claimed Marks
[2024-02-18T12:25:06.631+0000][7][gc,marking  ] GC(138) Concurrent Clear Claimed Marks 0.241ms
[2024-02-18T12:25:06.632+0000][7][gc,marking  ] GC(138) Concurrent Cleanup for Next Mark
[2024-02-18T12:25:06.632+0000][7][gc,marking  ] GC(138) Concurrent Cleanup for Next Mark 0.647ms
[2024-02-18T12:25:06.632+0000][7][gc          ] GC(138) Concurrent Mark Cycle 54.903ms
[2024-02-18T12:25:20.632+0000][7][safepoint   ] Safepoint "Cleanup", Time since last: 14001248052 ns, Reaching safepoint: 20699 ns, Cleanup: 20069 ns, At safepoint: 3777 ns, Total: 44545 ns
[2024-02-18T12:25:24.633+0000][7][safepoint   ] Safepoint "Cleanup", Time since last: 4000646261 ns, Reaching safepoint: 17043 ns, Cleanup: 11973 ns, At safepoint: 3556 ns, Total: 32572 ns
[2024-02-18T12:25:30.312+0000][7][safepoint   ] Safepoint "Cleanup", Time since last: 5679056362 ns, Reaching safepoint: 67079 ns, Cleanup: 30639 ns, At safepoint: 7624 ns, Total: 105342 ns
[2024-02-18T12:25:51.314+0000][7][safepoint   ] Safepoint "Cleanup", Time since last: 21002250008 ns, Reaching safepoint: 16842 ns, Cleanup: 12975 ns, At safepoint: 3857 ns, Total: 33674 ns
[2024-02-18T12:26:07.858+0000][7][gc,start    ] GC(139) Pause Young (Normal) (G1 Evacuation Pause)
[2024-02-18T12:26:07.858+0000][7][gc,task     ] GC(139) Using 12 workers of 13 for evacuation
[2024-02-18T12:26:07.858+0000][7][gc,age      ] GC(139) Desired survivor size 20971520 bytes, new threshold 15 (max threshold 15)
[2024-02-18T12:26:07.860+0000][7][gc,phases   ] GC(139)   Pre Evacuate Collection Set: 0.2ms
[2024-02-18T12:26:07.861+0000][7][gc,phases   ] GC(139)   Merge Heap Roots: 0.1ms
[2024-02-18T12:26:07.861+0000][7][gc,phases   ] GC(139)   Evacuate Collection Set: 1.5ms
[2024-02-18T12:26:07.861+0000][7][gc,phases   ] GC(139)   Post Evacuate Collection Set: 0.6ms
[2024-02-18T12:26:07.861+0000][7][gc,phases   ] GC(139)   Other: 0.2ms
[2024-02-18T12:26:07.861+0000][7][gc,age      ] GC(139) Age table with threshold 15 (max threshold 15)
[2024-02-18T12:26:07.861+0000][7][gc,age      ] GC(139) - age   1:    1782680 bytes,    1782680 total
[2024-02-18T12:26:07.861+0000][7][gc,age      ] GC(139) - age   2:      16224 bytes,    1798904 total
[2024-02-18T12:26:07.861+0000][7][gc,age      ] GC(139) - age   3:      13704 bytes,    1812608 total
[2024-02-18T12:26:07.861+0000][7][gc,age      ] GC(139) - age   4:      44936 bytes,    1857544 total
[2024-02-18T12:26:07.861+0000][7][gc,age      ] GC(139) - age   5:      54424 bytes,    1911968 total
[2024-02-18T12:26:07.861+0000][7][gc,age      ] GC(139) - age   6:       5592 bytes,    1917560 total
[2024-02-18T12:26:07.862+0000][7][gc,age      ] GC(139) - age   7:       4464 bytes,    1922024 total
[2024-02-18T12:26:07.862+0000][7][gc,age      ] GC(139) - age   8:       5424 bytes,    1927448 total
[2024-02-18T12:26:07.862+0000][7][gc,age      ] GC(139) - age   9:      29232 bytes,    1956680 total
[2024-02-18T12:26:07.862+0000][7][gc,age      ] GC(139) - age  10:      12424 bytes,    1969104 total
[2024-02-18T12:26:07.862+0000][7][gc,age      ] GC(139) - age  11:      38688 bytes,    2007792 total
[2024-02-18T12:26:07.862+0000][7][gc,age      ] GC(139) - age  12:       7504 bytes,    2015296 total
[2024-02-18T12:26:07.862+0000][7][gc,age      ] GC(139) - age  13:       7768 bytes,    2023064 total
[2024-02-18T12:26:07.862+0000][7][gc,age      ] GC(139) - age  14:       7024 bytes,    2030088 total
[2024-02-18T12:26:07.862+0000][7][gc,age      ] GC(139) - age  15:       4424 bytes,    2034512 total
[2024-02-18T12:26:07.862+0000][7][gc,heap     ] GC(139) Eden regions: 75->0(75)
[2024-02-18T12:26:07.862+0000][7][gc,heap     ] GC(139) Survivor regions: 1->1(10)
[2024-02-18T12:26:07.862+0000][7][gc,heap     ] GC(139) Old regions: 31->31
[2024-02-18T12:26:07.863+0000][7][gc,heap     ] GC(139) Humongous regions: 2->2
[2024-02-18T12:26:07.863+0000][7][gc,metaspace] GC(139) Metaspace: 121073K(125632K)->121073K(125632K) NonClass: 105359K(108096K)->105359K(108096K) Class: 15713K(17536K)->15713K(17536K)
[2024-02-18T12:26:07.863+0000][7][gc          ] GC(139) Pause Young (Normal) (G1 Evacuation Pause) 432M->133M(512M) 4.917ms
[2024-02-18T12:26:07.863+0000][7][gc,cpu      ] GC(139) User=0.01s Sys=0.00s Real=0.00s
[2024-02-18T12:26:07.863+0000][7][safepoint   ] Safepoint "G1CollectForAllocation", Time since last: 16543185331 ns, Reaching safepoint: 15569 ns, Cleanup: 3687 ns, At safepoint: 5158295 ns, Total: 5177551 ns
[2024-02-18T12:26:08.863+0000][7][safepoint   ] Safepoint "Cleanup", Time since last: 1000211533 ns, Reaching safepoint: 18836 ns, Cleanup: 14307 ns, At safepoint: 3868 ns, Total: 37011 ns
[2024-02-18T12:26:21.865+0000][7][safepoint   ] Safepoint "Cleanup", Time since last: 13001387542 ns, Reaching safepoint: 18094 ns, Cleanup: 21862 ns, At safepoint: 3667 ns, Total: 43623 ns
[2024-02-18T12:26:25.865+0000][7][safepoint   ] Safepoint "Cleanup", Time since last: 4000588799 ns, Reaching safepoint: 16762 ns, Cleanup: 12184 ns, At safepoint: 3206 ns, Total: 32152 ns
[2024-02-18T12:26:37.333+0000][7][safepoint   ] Safepoint "Cleanup", Time since last: 11467392699 ns, Reaching safepoint: 39095 ns, Cleanup: 12454 ns, At safepoint: 5450 ns, Total: 56999 ns
[2024-02-18T12:26:46.334+0000][7][safepoint   ] Safepoint "Cleanup", Time since last: 9001078448 ns, Reaching safepoint: 18044 ns, Cleanup: 13105 ns, At safepoint: 3687 ns, Total: 34836 ns
[2024-02-18T12:26:51.335+0000][7][safepoint   ] Safepoint "Cleanup", Time since last: 5000742102 ns, Reaching safepoint: 18285 ns, Cleanup: 20179 ns, At safepoint: 3236 ns, Total: 41700 ns
[2024-02-18T12:27:06.580+0000][7][gc,start    ] GC(140) Pause Young (Concurrent Start) (G1 Evacuation Pause)
[2024-02-18T12:27:06.580+0000][7][gc,task     ] GC(140) Using 12 workers of 13 for evacuation
[2024-02-18T12:27:06.580+0000][7][gc,age      ] GC(140) Desired survivor size 20971520 bytes, new threshold 15 (max threshold 15)
[2024-02-18T12:27:06.583+0000][7][gc,phases   ] GC(140)   Pre Evacuate Collection Set: 0.2ms
[2024-02-18T12:27:06.583+0000][7][gc,phases   ] GC(140)   Merge Heap Roots: 0.1ms
[2024-02-18T12:27:06.583+0000][7][gc,phases   ] GC(140)   Evacuate Collection Set: 1.6ms
[2024-02-18T12:27:06.583+0000][7][gc,phases   ] GC(140)   Post Evacuate Collection Set: 0.6ms
[2024-02-18T12:27:06.583+0000][7][gc,phases   ] GC(140)   Other: 0.3ms
[2024-02-18T12:27:06.584+0000][7][gc,age      ] GC(140) Age table with threshold 15 (max threshold 15)
[2024-02-18T12:27:06.584+0000][7][gc,age      ] GC(140) - age   1:     989608 bytes,     989608 total
[2024-02-18T12:27:06.584+0000][7][gc,age      ] GC(140) - age   2:      15912 bytes,    1005520 total
[2024-02-18T12:27:06.584+0000][7][gc,age      ] GC(140) - age   3:      13312 bytes,    1018832 total
[2024-02-18T12:27:06.584+0000][7][gc,age      ] GC(140) - age   4:      13032 bytes,    1031864 total
[2024-02-18T12:27:06.584+0000][7][gc,age      ] GC(140) - age   5:      34536 bytes,    1066400 total
[2024-02-18T12:27:06.584+0000][7][gc,age      ] GC(140) - age   6:      47136 bytes,    1113536 total
[2024-02-18T12:27:06.584+0000][7][gc,age      ] GC(140) - age   7:       2904 bytes,    1116440 total
[2024-02-18T12:27:06.584+0000][7][gc,age      ] GC(140) - age   8:       4464 bytes,    1120904 total
[2024-02-18T12:27:06.584+0000][7][gc,age      ] GC(140) - age   9:       5424 bytes,    1126328 total
[2024-02-18T12:27:06.584+0000][7][gc,age      ] GC(140) - age  10:      29232 bytes,    1155560 total
[2024-02-18T12:27:06.585+0000][7][gc,age      ] GC(140) - age  11:      12424 bytes,    1167984 total
[2024-02-18T12:27:06.585+0000][7][gc,age      ] GC(140) - age  12:      38688 bytes,    1206672 total
[2024-02-18T12:27:06.585+0000][7][gc,age      ] GC(140) - age  13:       7504 bytes,    1214176 total
[2024-02-18T12:27:06.585+0000][7][gc,age      ] GC(140) - age  14:       7768 bytes,    1221944 total
[2024-02-18T12:27:06.585+0000][7][gc,age      ] GC(140) - age  15:       7024 bytes,    1228968 total
[2024-02-18T12:27:06.585+0000][7][gc,heap     ] GC(140) Eden regions: 75->0(75)
[2024-02-18T12:27:06.585+0000][7][gc,heap     ] GC(140) Survivor regions: 1->1(10)
[2024-02-18T12:27:06.585+0000][7][gc,heap     ] GC(140) Old regions: 31->31
[2024-02-18T12:27:06.585+0000][7][gc,heap     ] GC(140) Humongous regions: 2->2
[2024-02-18T12:27:06.585+0000][7][gc,metaspace] GC(140) Metaspace: 121148K(125632K)->121148K(125632K) NonClass: 105423K(108096K)->105423K(108096K) Class: 15724K(17536K)->15724K(17536K)
[2024-02-18T12:27:06.586+0000][7][gc          ] GC(140) Pause Young (Concurrent Start) (G1 Evacuation Pause) 433M->132M(512M) 5.367ms
[2024-02-18T12:27:06.586+0000][7][gc          ] GC(141) Concurrent Mark Cycle
[2024-02-18T12:27:06.586+0000][7][gc,marking  ] GC(141) Concurrent Scan Root Regions
[2024-02-18T12:27:06.586+0000][7][gc,cpu      ] GC(140) User=0.02s Sys=0.00s Real=0.00s
[2024-02-18T12:27:06.586+0000][7][safepoint   ] Safepoint "G1CollectForAllocation", Time since last: 15245568188 ns, Reaching safepoint: 14257 ns, Cleanup: 9558 ns, At safepoint: 5893318 ns, Total: 5917133 ns
[2024-02-18T12:27:06.587+0000][7][gc,marking  ] GC(141) Concurrent Scan Root Regions 0.961ms
[2024-02-18T12:27:06.587+0000][7][gc,marking  ] GC(141) Concurrent Mark
[2024-02-18T12:27:06.587+0000][7][gc,marking  ] GC(141) Concurrent Mark From Roots
[2024-02-18T12:27:06.587+0000][7][gc,task     ] GC(141) Using 3 workers of 3 for marking
[2024-02-18T12:27:06.622+0000][7][gc,marking  ] GC(141) Concurrent Mark From Roots 35.060ms
[2024-02-18T12:27:06.622+0000][7][gc,marking  ] GC(141) Concurrent Preclean
[2024-02-18T12:27:06.623+0000][7][gc,marking  ] GC(141) Concurrent Preclean 0.398ms
[2024-02-18T12:27:06.623+0000][7][gc,start    ] GC(141) Pause Remark
[2024-02-18T12:27:06.626+0000][7][gc          ] GC(141) Pause Remark 136M->136M(512M) 3.189ms
[2024-02-18T12:27:06.626+0000][7][gc,cpu      ] GC(141) User=0.03s Sys=0.00s Real=0.01s
[2024-02-18T12:27:06.626+0000][7][safepoint   ] Safepoint "G1PauseRemark", Time since last: 36794829 ns, Reaching safepoint: 16551 ns, Cleanup: 11142 ns, At safepoint: 3604979 ns, Total: 3632672 ns
[2024-02-18T12:27:06.627+0000][7][gc,marking  ] GC(141) Concurrent Mark 39.756ms
[2024-02-18T12:27:06.627+0000][7][gc,marking  ] GC(141) Concurrent Rebuild Remembered Sets and Scrub Regions
[2024-02-18T12:27:06.639+0000][7][gc,marking  ] GC(141) Concurrent Rebuild Remembered Sets and Scrub Regions 12.736ms
[2024-02-18T12:27:06.640+0000][7][gc,start    ] GC(141) Pause Cleanup
[2024-02-18T12:27:06.640+0000][7][gc          ] GC(141) Pause Cleanup 136M->136M(512M) 0.294ms
[2024-02-18T12:27:06.640+0000][7][gc,cpu      ] GC(141) User=0.00s Sys=0.00s Real=0.00s
[2024-02-18T12:27:06.640+0000][7][safepoint   ] Safepoint "G1PauseCleanup", Time since last: 13270522 ns, Reaching safepoint: 12605 ns, Cleanup: 3947 ns, At safepoint: 597750 ns, Total: 614302 ns
[2024-02-18T12:27:06.640+0000][7][gc,marking  ] GC(141) Concurrent Clear Claimed Marks
[2024-02-18T12:27:06.641+0000][7][gc,marking  ] GC(141) Concurrent Clear Claimed Marks 0.253ms
[2024-02-18T12:27:06.641+0000][7][gc,marking  ] GC(141) Concurrent Cleanup for Next Mark
[2024-02-18T12:27:06.641+0000][7][gc,marking  ] GC(141) Concurrent Cleanup for Next Mark 0.505ms
[2024-02-18T12:27:06.641+0000][7][gc          ] GC(141) Concurrent Mark Cycle 55.797ms
[2024-02-18T12:27:26.352+0000][7][safepoint   ] Safepoint "Cleanup", Time since last: 19711731646 ns, Reaching safepoint: 9899 ns, Cleanup: 9979 ns, At safepoint: 9449 ns, Total: 29327 ns
[2024-02-18T12:27:51.355+0000][7][safepoint   ] Safepoint "Cleanup", Time since last: 25002561412 ns, Reaching safepoint: 20800 ns, Cleanup: 17774 ns, At safepoint: 4017 ns, Total: 42591 ns
[2024-02-18T12:27:52.355+0000][7][safepoint   ] Safepoint "Cleanup", Time since last: 1000384274 ns, Reaching safepoint: 14929 ns, Cleanup: 9057 ns, At safepoint: 3166 ns, Total: 27152 ns
[2024-02-18T12:27:55.356+0000][7][safepoint   ] Safepoint "Cleanup", Time since last: 3000401824 ns, Reaching safepoint: 18285 ns, Cleanup: 14638 ns, At safepoint: 4288 ns, Total: 37211 ns
[2024-02-18T12:28:01.356+0000][7][safepoint   ] Safepoint "Cleanup", Time since last: 6000777688 ns, Reaching safepoint: 17082 ns, Cleanup: 11753 ns, At safepoint: 3677 ns, Total: 32512 ns
[2024-02-18T12:28:06.602+0000][7][gc,start    ] GC(142) Pause Young (Normal) (G1 Evacuation Pause)
[2024-02-18T12:28:06.602+0000][7][gc,task     ] GC(142) Using 12 workers of 13 for evacuation
[2024-02-18T12:28:06.602+0000][7][gc,age      ] GC(142) Desired survivor size 20971520 bytes, new threshold 15 (max threshold 15)
[2024-02-18T12:28:06.604+0000][7][gc,phases   ] GC(142)   Pre Evacuate Collection Set: 0.2ms
[2024-02-18T12:28:06.605+0000][7][gc,phases   ] GC(142)   Merge Heap Roots: 0.1ms
[2024-02-18T12:28:06.605+0000][7][gc,phases   ] GC(142)   Evacuate Collection Set: 1.3ms
[2024-02-18T12:28:06.605+0000][7][gc,phases   ] GC(142)   Post Evacuate Collection Set: 0.5ms
[2024-02-18T12:28:06.605+0000][7][gc,phases   ] GC(142)   Other: 0.2ms
[2024-02-18T12:28:06.605+0000][7][gc,age      ] GC(142) Age table with threshold 15 (max threshold 15)
[2024-02-18T12:28:06.605+0000][7][gc,age      ] GC(142) - age   1:    1667432 bytes,    1667432 total
[2024-02-18T12:28:06.605+0000][7][gc,age      ] GC(142) - age   2:      62600 bytes,    1730032 total
[2024-02-18T12:28:06.605+0000][7][gc,age      ] GC(142) - age   3:      11592 bytes,    1741624 total
[2024-02-18T12:28:06.605+0000][7][gc,age      ] GC(142) - age   4:      12016 bytes,    1753640 total
[2024-02-18T12:28:06.605+0000][7][gc,age      ] GC(142) - age   5:      12664 bytes,    1766304 total
[2024-02-18T12:28:06.606+0000][7][gc,age      ] GC(142) - age   6:      30952 bytes,    1797256 total
[2024-02-18T12:28:06.606+0000][7][gc,age      ] GC(142) - age   7:      27376 bytes,    1824632 total
[2024-02-18T12:28:06.606+0000][7][gc,age      ] GC(142) - age   8:       2840 bytes,    1827472 total
[2024-02-18T12:28:06.606+0000][7][gc,age      ] GC(142) - age   9:       4464 bytes,    1831936 total
[2024-02-18T12:28:06.606+0000][7][gc,age      ] GC(142) - age  10:       5424 bytes,    1837360 total
[2024-02-18T12:28:06.606+0000][7][gc,age      ] GC(142) - age  11:      29232 bytes,    1866592 total
[2024-02-18T12:28:06.606+0000][7][gc,age      ] GC(142) - age  12:      12384 bytes,    1878976 total
[2024-02-18T12:28:06.606+0000][7][gc,age      ] GC(142) - age  13:      38688 bytes,    1917664 total
[2024-02-18T12:28:06.606+0000][7][gc,age      ] GC(142) - age  14:       7504 bytes,    1925168 total
[2024-02-18T12:28:06.606+0000][7][gc,age      ] GC(142) - age  15:       7768 bytes,    1932936 total
[2024-02-18T12:28:06.607+0000][7][gc,heap     ] GC(142) Eden regions: 75->0(75)
[2024-02-18T12:28:06.607+0000][7][gc,heap     ] GC(142) Survivor regions: 1->1(10)
[2024-02-18T12:28:06.607+0000][7][gc,heap     ] GC(142) Old regions: 31->31
[2024-02-18T12:28:06.607+0000][7][gc,heap     ] GC(142) Humongous regions: 2->2
[2024-02-18T12:28:06.607+0000][7][gc,metaspace] GC(142) Metaspace: 121154K(125632K)->121154K(125632K) NonClass: 105430K(108096K)->105430K(108096K) Class: 15724K(17536K)->15724K(17536K)
[2024-02-18T12:28:06.607+0000][7][gc          ] GC(142) Pause Young (Normal) (G1 Evacuation Pause) 432M->133M(512M) 5.016ms
[2024-02-18T12:28:06.607+0000][7][gc,cpu      ] GC(142) User=0.02s Sys=0.00s Real=0.01s
[2024-02-18T12:28:06.607+0000][7][safepoint   ] Safepoint "G1CollectForAllocation", Time since last: 5245593247 ns, Reaching safepoint: 14758 ns, Cleanup: 2835 ns, At safepoint: 5282873 ns, Total: 5300466 ns
[2024-02-18T12:28:34.373+0000][7][safepoint   ] Safepoint "Cleanup", Time since last: 27766197055 ns, Reaching safepoint: 17072 ns, Cleanup: 8998 ns, At safepoint: 2975 ns, Total: 29045 ns
[2024-02-18T12:28:40.374+0000][7][safepoint   ] Safepoint "Cleanup", Time since last: 6000675166 ns, Reaching safepoint: 17774 ns, Cleanup: 16522 ns, At safepoint: 3587 ns, Total: 37883 ns
[2024-02-18T12:28:51.375+0000][7][safepoint   ] Safepoint "Cleanup", Time since last: 11001429977 ns, Reaching safepoint: 17594 ns, Cleanup: 20569 ns, At safepoint: 3016 ns, Total: 41179 ns
[2024-02-18T12:28:58.377+0000][7][safepoint   ] Safepoint "Cleanup", Time since last: 7000891232 ns, Reaching safepoint: 17294 ns, Cleanup: 9438 ns, At safepoint: 3196 ns, Total: 29928 ns
[2024-02-18T12:29:00.377+0000][7][safepoint   ] Safepoint "Cleanup", Time since last: 2000296413 ns, Reaching safepoint: 15160 ns, Cleanup: 7063 ns, At safepoint: 2725 ns, Total: 24948 ns
[2024-02-18T12:29:07.061+0000][7][gc,start    ] GC(143) Pause Young (Concurrent Start) (G1 Evacuation Pause)
[2024-02-18T12:29:07.061+0000][7][gc,task     ] GC(143) Using 12 workers of 13 for evacuation
[2024-02-18T12:29:07.062+0000][7][gc,age      ] GC(143) Desired survivor size 20971520 bytes, new threshold 15 (max threshold 15)
[2024-02-18T12:29:07.064+0000][7][gc,phases   ] GC(143)   Pre Evacuate Collection Set: 0.3ms
[2024-02-18T12:29:07.065+0000][7][gc,phases   ] GC(143)   Merge Heap Roots: 0.2ms
[2024-02-18T12:29:07.065+0000][7][gc,phases   ] GC(143)   Evacuate Collection Set: 1.4ms
[2024-02-18T12:29:07.065+0000][7][gc,phases   ] GC(143)   Post Evacuate Collection Set: 0.6ms
[2024-02-18T12:29:07.065+0000][7][gc,phases   ] GC(143)   Other: 0.5ms
[2024-02-18T12:29:07.065+0000][7][gc,age      ] GC(143) Age table with threshold 15 (max threshold 15)
[2024-02-18T12:29:07.065+0000][7][gc,age      ] GC(143) - age   1:    1328904 bytes,    1328904 total
[2024-02-18T12:29:07.065+0000][7][gc,age      ] GC(143) - age   2:      65904 bytes,    1394808 total
[2024-02-18T12:29:07.065+0000][7][gc,age      ] GC(143) - age   3:      59632 bytes,    1454440 total
[2024-02-18T12:29:07.065+0000][7][gc,age      ] GC(143) - age   4:       8072 bytes,    1462512 total
[2024-02-18T12:29:07.066+0000][7][gc,age      ] GC(143) - age   5:      11760 bytes,    1474272 total
[2024-02-18T12:29:07.066+0000][7][gc,age      ] GC(143) - age   6:      12664 bytes,    1486936 total
[2024-02-18T12:29:07.066+0000][7][gc,age      ] GC(143) - age   7:      30824 bytes,    1517760 total
[2024-02-18T12:29:07.066+0000][7][gc,age      ] GC(143) - age   8:      10968 bytes,    1528728 total
[2024-02-18T12:29:07.066+0000][7][gc,age      ] GC(143) - age   9:       2840 bytes,    1531568 total
[2024-02-18T12:29:07.066+0000][7][gc,age      ] GC(143) - age  10:       4464 bytes,    1536032 total
[2024-02-18T12:29:07.066+0000][7][gc,age      ] GC(143) - age  11:       5424 bytes,    1541456 total
[2024-02-18T12:29:07.066+0000][7][gc,age      ] GC(143) - age  12:      29232 bytes,    1570688 total
[2024-02-18T12:29:07.067+0000][7][gc,age      ] GC(143) - age  13:      12384 bytes,    1583072 total
[2024-02-18T12:29:07.067+0000][7][gc,age      ] GC(143) - age  14:      38688 bytes,    1621760 total
[2024-02-18T12:29:07.067+0000][7][gc,age      ] GC(143) - age  15:       7504 bytes,    1629264 total
[2024-02-18T12:29:07.067+0000][7][gc,heap     ] GC(143) Eden regions: 75->0(75)
[2024-02-18T12:29:07.067+0000][7][gc,heap     ] GC(143) Survivor regions: 1->1(10)
[2024-02-18T12:29:07.067+0000][7][gc,heap     ] GC(143) Old regions: 31->31
[2024-02-18T12:29:07.067+0000][7][gc,heap     ] GC(143) Humongous regions: 2->2
[2024-02-18T12:29:07.067+0000][7][gc,metaspace] GC(143) Metaspace: 121155K(125632K)->121155K(125632K) NonClass: 105430K(108096K)->105430K(108096K) Class: 15724K(17536K)->15724K(17536K)
[2024-02-18T12:29:07.067+0000][7][gc          ] GC(143) Pause Young (Concurrent Start) (G1 Evacuation Pause) 433M->133M(512M) 6.247ms
[2024-02-18T12:29:07.067+0000][7][gc          ] GC(144) Concurrent Mark Cycle
[2024-02-18T12:29:07.068+0000][7][gc,marking  ] GC(144) Concurrent Scan Root Regions
[2024-02-18T12:29:07.067+0000][7][gc,cpu      ] GC(143) User=0.01s Sys=0.00s Real=0.01s
[2024-02-18T12:29:07.068+0000][7][safepoint   ] Safepoint "G1CollectForAllocation", Time since last: 6684104324 ns, Reaching safepoint: 51970 ns, Cleanup: 4428 ns, At safepoint: 6789539 ns, Total: 6845937 ns
[2024-02-18T12:29:07.069+0000][7][gc,marking  ] GC(144) Concurrent Scan Root Regions 0.981ms
[2024-02-18T12:29:07.069+0000][7][gc,marking  ] GC(144) Concurrent Mark
[2024-02-18T12:29:07.069+0000][7][gc,marking  ] GC(144) Concurrent Mark From Roots
[2024-02-18T12:29:07.069+0000][7][gc,task     ] GC(144) Using 3 workers of 3 for marking
[2024-02-18T12:29:07.104+0000][7][gc,marking  ] GC(144) Concurrent Mark From Roots 34.929ms
[2024-02-18T12:29:07.104+0000][7][gc,marking  ] GC(144) Concurrent Preclean
[2024-02-18T12:29:07.104+0000][7][gc,marking  ] GC(144) Concurrent Preclean 0.378ms
[2024-02-18T12:29:07.105+0000][7][gc,start    ] GC(144) Pause Remark
[2024-02-18T12:29:07.108+0000][7][gc          ] GC(144) Pause Remark 134M->134M(512M) 3.031ms
[2024-02-18T12:29:07.108+0000][7][gc,cpu      ] GC(144) User=0.02s Sys=0.00s Real=0.01s
[2024-02-18T12:29:07.108+0000][7][safepoint   ] Safepoint "G1PauseRemark", Time since last: 36655522 ns, Reaching safepoint: 15439 ns, Cleanup: 4048 ns, At safepoint: 3394025 ns, Total: 3413512 ns
[2024-02-18T12:29:07.108+0000][7][gc,marking  ] GC(144) Concurrent Mark 39.351ms
[2024-02-18T12:29:07.108+0000][7][gc,marking  ] GC(144) Concurrent Rebuild Remembered Sets and Scrub Regions
[2024-02-18T12:29:07.121+0000][7][gc,marking  ] GC(144) Concurrent Rebuild Remembered Sets and Scrub Regions 12.467ms
[2024-02-18T12:29:07.121+0000][7][gc,start    ] GC(144) Pause Cleanup
[2024-02-18T12:29:07.121+0000][7][gc          ] GC(144) Pause Cleanup 134M->134M(512M) 0.285ms
[2024-02-18T12:29:07.121+0000][7][gc,cpu      ] GC(144) User=0.00s Sys=0.00s Real=0.00s
[2024-02-18T12:29:07.121+0000][7][safepoint   ] Safepoint "G1PauseCleanup", Time since last: 12993452 ns, Reaching safepoint: 12414 ns, Cleanup: 3717 ns, At safepoint: 536643 ns, Total: 552774 ns
[2024-02-18T12:29:07.122+0000][7][gc,marking  ] GC(144) Concurrent Clear Claimed Marks
[2024-02-18T12:29:07.122+0000][7][gc,marking  ] GC(144) Concurrent Clear Claimed Marks 0.237ms
[2024-02-18T12:29:07.122+0000][7][gc,marking  ] GC(144) Concurrent Cleanup for Next Mark
[2024-02-18T12:29:07.122+0000][7][gc,marking  ] GC(144) Concurrent Cleanup for Next Mark 0.395ms
[2024-02-18T12:29:07.122+0000][7][gc          ] GC(144) Concurrent Mark Cycle 54.955ms
[2024-02-18T12:29:28.394+0000][7][safepoint   ] Safepoint "Cleanup", Time since last: 21272700963 ns, Reaching safepoint: 18696 ns, Cleanup: 14608 ns, At safepoint: 3246 ns, Total: 36550 ns
[2024-02-18T12:29:49.396+0000][7][safepoint   ] Safepoint "Cleanup", Time since last: 21002163943 ns, Reaching safepoint: 18325 ns, Cleanup: 13797 ns, At safepoint: 3386 ns, Total: 35508 ns
[2024-02-18T12:30:07.295+0000][7][gc,start    ] GC(145) Pause Young (Normal) (G1 Evacuation Pause)
[2024-02-18T12:30:07.296+0000][7][gc,task     ] GC(145) Using 12 workers of 13 for evacuation
[2024-02-18T12:30:07.296+0000][7][gc,age      ] GC(145) Desired survivor size 20971520 bytes, new threshold 15 (max threshold 15)
[2024-02-18T12:30:07.299+0000][7][gc,phases   ] GC(145)   Pre Evacuate Collection Set: 0.2ms
[2024-02-18T12:30:07.299+0000][7][gc,phases   ] GC(145)   Merge Heap Roots: 0.1ms
[2024-02-18T12:30:07.299+0000][7][gc,phases   ] GC(145)   Evacuate Collection Set: 1.7ms
[2024-02-18T12:30:07.299+0000][7][gc,phases   ] GC(145)   Post Evacuate Collection Set: 0.6ms
[2024-02-18T12:30:07.299+0000][7][gc,phases   ] GC(145)   Other: 0.3ms
[2024-02-18T12:30:07.300+0000][7][gc,age      ] GC(145) Age table with threshold 15 (max threshold 15)
[2024-02-18T12:30:07.300+0000][7][gc,age      ] GC(145) - age   1:    1778320 bytes,    1778320 total
[2024-02-18T12:30:07.300+0000][7][gc,age      ] GC(145) - age   2:      12136 bytes,    1790456 total
[2024-02-18T12:30:07.300+0000][7][gc,age      ] GC(145) - age   3:      60800 bytes,    1851256 total
[2024-02-18T12:30:07.300+0000][7][gc,age      ] GC(145) - age   4:      58808 bytes,    1910064 total
[2024-02-18T12:30:07.300+0000][7][gc,age      ] GC(145) - age   5:       7784 bytes,    1917848 total
[2024-02-18T12:30:07.300+0000][7][gc,age      ] GC(145) - age   6:      11632 bytes,    1929480 total
[2024-02-18T12:30:07.300+0000][7][gc,age      ] GC(145) - age   7:       9640 bytes,    1939120 total
[2024-02-18T12:30:07.300+0000][7][gc,age      ] GC(145) - age   8:      28472 bytes,    1967592 total
[2024-02-18T12:30:07.301+0000][7][gc,age      ] GC(145) - age   9:      10968 bytes,    1978560 total
[2024-02-18T12:30:07.301+0000][7][gc,age      ] GC(145) - age  10:       2840 bytes,    1981400 total
[2024-02-18T12:30:07.301+0000][7][gc,age      ] GC(145) - age  11:       4464 bytes,    1985864 total
[2024-02-18T12:30:07.301+0000][7][gc,age      ] GC(145) - age  12:       5424 bytes,    1991288 total
[2024-02-18T12:30:07.301+0000][7][gc,age      ] GC(145) - age  13:       4648 bytes,    1995936 total
[2024-02-18T12:30:07.301+0000][7][gc,age      ] GC(145) - age  14:      12384 bytes,    2008320 total
[2024-02-18T12:30:07.301+0000][7][gc,age      ] GC(145) - age  15:      38688 bytes,    2047008 total
[2024-02-18T12:30:07.301+0000][7][gc,heap     ] GC(145) Eden regions: 75->0(75)
[2024-02-18T12:30:07.301+0000][7][gc,heap     ] GC(145) Survivor regions: 1->1(10)
[2024-02-18T12:30:07.301+0000][7][gc,heap     ] GC(145) Old regions: 31->31
[2024-02-18T12:30:07.301+0000][7][gc,heap     ] GC(145) Humongous regions: 2->2
[2024-02-18T12:30:07.302+0000][7][gc,metaspace] GC(145) Metaspace: 121157K(125632K)->121157K(125632K) NonClass: 105431K(108096K)->105431K(108096K) Class: 15725K(17536K)->15725K(17536K)
[2024-02-18T12:30:07.302+0000][7][gc          ] GC(145) Pause Young (Normal) (G1 Evacuation Pause) 433M->133M(512M) 6.289ms
[2024-02-18T12:30:07.302+0000][7][gc,cpu      ] GC(145) User=0.01s Sys=0.01s Real=0.01s
[2024-02-18T12:30:07.302+0000][7][safepoint   ] Safepoint "G1CollectForAllocation", Time since last: 17899002748 ns, Reaching safepoint: 17354 ns, Cleanup: 4158 ns, At safepoint: 6594024 ns, Total: 6615536 ns
[2024-02-18T12:30:22.303+0000][7][safepoint   ] Safepoint "Cleanup", Time since last: 15001379162 ns, Reaching safepoint: 18175 ns, Cleanup: 12604 ns, At safepoint: 3908 ns, Total: 34687 ns
[2024-02-18T12:30:34.416+0000][7][safepoint   ] Safepoint "Cleanup", Time since last: 12112447265 ns, Reaching safepoint: 48734 ns, Cleanup: 15529 ns, At safepoint: 6072 ns, Total: 70335 ns
[2024-02-18T12:30:47.417+0000][7][safepoint   ] Safepoint "Cleanup", Time since last: 13001392142 ns, Reaching safepoint: 18365 ns, Cleanup: 13626 ns, At safepoint: 3417 ns, Total: 35408 ns
[2024-02-18T12:30:51.418+0000][7][safepoint   ] Safepoint "Cleanup", Time since last: 4000622414 ns, Reaching safepoint: 18726 ns, Cleanup: 20238 ns, At safepoint: 3778 ns, Total: 42742 ns
[2024-02-18T12:31:07.207+0000][7][gc,start    ] GC(146) Pause Young (Concurrent Start) (G1 Evacuation Pause)
[2024-02-18T12:31:07.207+0000][7][gc,task     ] GC(146) Using 12 workers of 13 for evacuation
[2024-02-18T12:31:07.207+0000][7][gc,age      ] GC(146) Desired survivor size 20971520 bytes, new threshold 15 (max threshold 15)
[2024-02-18T12:31:07.210+0000][7][gc,phases   ] GC(146)   Pre Evacuate Collection Set: 0.2ms
[2024-02-18T12:31:07.210+0000][7][gc,phases   ] GC(146)   Merge Heap Roots: 0.1ms
[2024-02-18T12:31:07.210+0000][7][gc,phases   ] GC(146)   Evacuate Collection Set: 1.4ms
[2024-02-18T12:31:07.210+0000][7][gc,phases   ] GC(146)   Post Evacuate Collection Set: 0.5ms
[2024-02-18T12:31:07.210+0000][7][gc,phases   ] GC(146)   Other: 0.3ms
[2024-02-18T12:31:07.210+0000][7][gc,age      ] GC(146) Age table with threshold 15 (max threshold 15)
[2024-02-18T12:31:07.211+0000][7][gc,age      ] GC(146) - age   1:    1700408 bytes,    1700408 total
[2024-02-18T12:31:07.211+0000][7][gc,age      ] GC(146) - age   2:      16416 bytes,    1716824 total
[2024-02-18T12:31:07.211+0000][7][gc,age      ] GC(146) - age   3:       9640 bytes,    1726464 total
[2024-02-18T12:31:07.211+0000][7][gc,age      ] GC(146) - age   4:      60000 bytes,    1786464 total
[2024-02-18T12:31:07.211+0000][7][gc,age      ] GC(146) - age   5:      58400 bytes,    1844864 total
[2024-02-18T12:31:07.211+0000][7][gc,age      ] GC(146) - age   6:       7784 bytes,    1852648 total
[2024-02-18T12:31:07.211+0000][7][gc,age      ] GC(146) - age   7:       8608 bytes,    1861256 total
[2024-02-18T12:31:07.211+0000][7][gc,age      ] GC(146) - age   8:       6952 bytes,    1868208 total
[2024-02-18T12:31:07.211+0000][7][gc,age      ] GC(146) - age   9:      25448 bytes,    1893656 total
[2024-02-18T12:31:07.211+0000][7][gc,age      ] GC(146) - age  10:      10968 bytes,    1904624 total
[2024-02-18T12:31:07.211+0000][7][gc,age      ] GC(146) - age  11:       2840 bytes,    1907464 total
[2024-02-18T12:31:07.212+0000][7][gc,age      ] GC(146) - age  12:       4464 bytes,    1911928 total
[2024-02-18T12:31:07.212+0000][7][gc,age      ] GC(146) - age  13:       5424 bytes,    1917352 total
[2024-02-18T12:31:07.212+0000][7][gc,age      ] GC(146) - age  14:       4648 bytes,    1922000 total
[2024-02-18T12:31:07.212+0000][7][gc,age      ] GC(146) - age  15:      12384 bytes,    1934384 total
[2024-02-18T12:31:07.212+0000][7][gc,heap     ] GC(146) Eden regions: 75->0(75)
[2024-02-18T12:31:07.212+0000][7][gc,heap     ] GC(146) Survivor regions: 1->1(10)
[2024-02-18T12:31:07.212+0000][7][gc,heap     ] GC(146) Old regions: 31->31
[2024-02-18T12:31:07.212+0000][7][gc,heap     ] GC(146) Humongous regions: 2->2
[2024-02-18T12:31:07.212+0000][7][gc,metaspace] GC(146) Metaspace: 121157K(125632K)->121157K(125632K) NonClass: 105431K(108096K)->105431K(108096K) Class: 15725K(17536K)->15725K(17536K)
[2024-02-18T12:31:07.212+0000][7][gc          ] GC(146) Pause Young (Concurrent Start) (G1 Evacuation Pause) 433M->133M(512M) 5.187ms
[2024-02-18T12:31:07.212+0000][7][gc          ] GC(147) Concurrent Mark Cycle
[2024-02-18T12:31:07.213+0000][7][gc,marking  ] GC(147) Concurrent Scan Root Regions
[2024-02-18T12:31:07.212+0000][7][gc,cpu      ] GC(146) User=0.01s Sys=0.01s Real=0.00s
[2024-02-18T12:31:07.213+0000][7][safepoint   ] Safepoint "G1CollectForAllocation", Time since last: 15789039393 ns, Reaching safepoint: 30148 ns, Cleanup: 3937 ns, At safepoint: 5665611 ns, Total: 5699696 ns
[2024-02-18T12:31:07.214+0000][7][gc,marking  ] GC(147) Concurrent Scan Root Regions 0.962ms
[2024-02-18T12:31:07.214+0000][7][gc,marking  ] GC(147) Concurrent Mark
[2024-02-18T12:31:07.214+0000][7][gc,marking  ] GC(147) Concurrent Mark From Roots
[2024-02-18T12:31:07.214+0000][7][gc,task     ] GC(147) Using 3 workers of 3 for marking
[2024-02-18T12:31:07.256+0000][7][gc,marking  ] GC(147) Concurrent Mark From Roots 42.170ms
[2024-02-18T12:31:07.256+0000][7][gc,marking  ] GC(147) Concurrent Preclean
[2024-02-18T12:31:07.257+0000][7][gc,marking  ] GC(147) Concurrent Preclean 0.437ms
[2024-02-18T12:31:07.257+0000][7][gc,start    ] GC(147) Pause Remark
[2024-02-18T12:31:07.260+0000][7][gc          ] GC(147) Pause Remark 137M->137M(512M) 3.397ms
[2024-02-18T12:31:07.260+0000][7][gc,cpu      ] GC(147) User=0.02s Sys=0.00s Real=0.00s
[2024-02-18T12:31:07.261+0000][7][safepoint   ] Safepoint "G1PauseRemark", Time since last: 43877650 ns, Reaching safepoint: 15319 ns, Cleanup: 4409 ns, At safepoint: 3843932 ns, Total: 3863660 ns
[2024-02-18T12:31:07.261+0000][7][gc,marking  ] GC(147) Concurrent Mark 47.040ms
[2024-02-18T12:31:07.261+0000][7][gc,marking  ] GC(147) Concurrent Rebuild Remembered Sets and Scrub Regions
[2024-02-18T12:31:07.275+0000][7][gc,marking  ] GC(147) Concurrent Rebuild Remembered Sets and Scrub Regions 14.133ms
[2024-02-18T12:31:07.275+0000][7][gc,start    ] GC(147) Pause Cleanup
[2024-02-18T12:31:07.275+0000][7][gc          ] GC(147) Pause Cleanup 137M->137M(512M) 0.259ms
[2024-02-18T12:31:07.276+0000][7][gc,cpu      ] GC(147) User=0.00s Sys=0.00s Real=0.00s
[2024-02-18T12:31:07.276+0000][7][safepoint   ] Safepoint "G1PauseCleanup", Time since last: 14610243 ns, Reaching safepoint: 12354 ns, Cleanup: 5200 ns, At safepoint: 554111 ns, Total: 571665 ns
[2024-02-18T12:31:07.276+0000][7][gc,marking  ] GC(147) Concurrent Clear Claimed Marks
[2024-02-18T12:31:07.276+0000][7][gc,marking  ] GC(147) Concurrent Clear Claimed Marks 0.242ms
[2024-02-18T12:31:07.276+0000][7][gc,marking  ] GC(147) Concurrent Cleanup for Next Mark
[2024-02-18T12:31:07.277+0000][7][gc,marking  ] GC(147) Concurrent Cleanup for Next Mark 0.502ms
[2024-02-18T12:31:07.277+0000][7][gc          ] GC(147) Concurrent Mark Cycle 64.447ms
[2024-02-18T12:31:30.441+0000][7][safepoint   ] Safepoint "Cleanup", Time since last: 23165498946 ns, Reaching safepoint: 18415 ns, Cleanup: 19247 ns, At safepoint: 3657 ns, Total: 41319 ns
[2024-02-18T12:31:41.443+0000][7][safepoint   ] Safepoint "Cleanup", Time since last: 11001244582 ns, Reaching safepoint: 18475 ns, Cleanup: 17884 ns, At safepoint: 3778 ns, Total: 40137 ns
[2024-02-18T12:31:46.443+0000][7][safepoint   ] Safepoint "Cleanup", Time since last: 5000704469 ns, Reaching safepoint: 17644 ns, Cleanup: 14097 ns, At safepoint: 3316 ns, Total: 35057 ns
[2024-02-18T12:32:01.445+0000][7][safepoint   ] Safepoint "Cleanup", Time since last: 15001623870 ns, Reaching safepoint: 18034 ns, Cleanup: 12564 ns, At safepoint: 3517 ns, Total: 34115 ns
[2024-02-18T12:32:04.446+0000][7][safepoint   ] Safepoint "Cleanup", Time since last: 3000617056 ns, Reaching safepoint: 18806 ns, Cleanup: 13135 ns, At safepoint: 24597 ns, Total: 56538 ns
[2024-02-18T12:32:09.486+0000][7][gc,start    ] GC(148) Pause Young (Normal) (G1 Evacuation Pause)
[2024-02-18T12:32:09.486+0000][7][gc,task     ] GC(148) Using 12 workers of 13 for evacuation
[2024-02-18T12:32:09.486+0000][7][gc,age      ] GC(148) Desired survivor size 20971520 bytes, new threshold 15 (max threshold 15)
[2024-02-18T12:32:09.488+0000][7][gc,phases   ] GC(148)   Pre Evacuate Collection Set: 0.2ms
[2024-02-18T12:32:09.489+0000][7][gc,phases   ] GC(148)   Merge Heap Roots: 0.1ms
[2024-02-18T12:32:09.489+0000][7][gc,phases   ] GC(148)   Evacuate Collection Set: 1.5ms
[2024-02-18T12:32:09.489+0000][7][gc,phases   ] GC(148)   Post Evacuate Collection Set: 0.5ms
[2024-02-18T12:32:09.489+0000][7][gc,phases   ] GC(148)   Other: 0.2ms
[2024-02-18T12:32:09.489+0000][7][gc,age      ] GC(148) Age table with threshold 15 (max threshold 15)
[2024-02-18T12:32:09.489+0000][7][gc,age      ] GC(148) - age   1:     985920 bytes,     985920 total
[2024-02-18T12:32:09.489+0000][7][gc,age      ] GC(148) - age   2:      36480 bytes,    1022400 total
[2024-02-18T12:32:09.489+0000][7][gc,age      ] GC(148) - age   3:      12976 bytes,    1035376 total
[2024-02-18T12:32:09.489+0000][7][gc,age      ] GC(148) - age   4:       8648 bytes,    1044024 total
[2024-02-18T12:32:09.489+0000][7][gc,age      ] GC(148) - age   5:      59616 bytes,    1103640 total
[2024-02-18T12:32:09.489+0000][7][gc,age      ] GC(148) - age   6:      52200 bytes,    1155840 total
[2024-02-18T12:32:09.490+0000][7][gc,age      ] GC(148) - age   7:       7656 bytes,    1163496 total
[2024-02-18T12:32:09.490+0000][7][gc,age      ] GC(148) - age   8:       5920 bytes,    1169416 total
[2024-02-18T12:32:09.490+0000][7][gc,age      ] GC(148) - age   9:       6952 bytes,    1176368 total
[2024-02-18T12:32:09.490+0000][7][gc,age      ] GC(148) - age  10:      25416 bytes,    1201784 total
[2024-02-18T12:32:09.490+0000][7][gc,age      ] GC(148) - age  11:       8008 bytes,    1209792 total
[2024-02-18T12:32:09.490+0000][7][gc,age      ] GC(148) - age  12:       2840 bytes,    1212632 total
[2024-02-18T12:32:09.490+0000][7][gc,age      ] GC(148) - age  13:       4464 bytes,    1217096 total
[2024-02-18T12:32:09.490+0000][7][gc,age      ] GC(148) - age  14:       5424 bytes,    1222520 total
[2024-02-18T12:32:09.490+0000][7][gc,age      ] GC(148) - age  15:       4648 bytes,    1227168 total
[2024-02-18T12:32:09.490+0000][7][gc,heap     ] GC(148) Eden regions: 75->0(75)
[2024-02-18T12:32:09.490+0000][7][gc,heap     ] GC(148) Survivor regions: 1->1(10)
[2024-02-18T12:32:09.490+0000][7][gc,heap     ] GC(148) Old regions: 31->31
[2024-02-18T12:32:09.490+0000][7][gc,heap     ] GC(148) Humongous regions: 2->2
[2024-02-18T12:32:09.491+0000][7][gc,metaspace] GC(148) Metaspace: 121157K(125632K)->121157K(125632K) NonClass: 105431K(108096K)->105431K(108096K) Class: 15725K(17536K)->15725K(17536K)
[2024-02-18T12:32:09.491+0000][7][gc          ] GC(148) Pause Young (Normal) (G1 Evacuation Pause) 433M->133M(512M) 4.808ms
[2024-02-18T12:32:09.491+0000][7][gc,cpu      ] GC(148) User=0.00s Sys=0.02s Real=0.00s
[2024-02-18T12:32:09.491+0000][7][safepoint   ] Safepoint "G1CollectForAllocation", Time since last: 5040163405 ns, Reaching safepoint: 15419 ns, Cleanup: 3597 ns, At safepoint: 5042238 ns, Total: 5061254 ns
[2024-02-18T12:32:11.491+0000][7][safepoint   ] Safepoint "Cleanup", Time since last: 2000255506 ns, Reaching safepoint: 18365 ns, Cleanup: 13095 ns, At safepoint: 3767 ns, Total: 35227 ns
[2024-02-18T12:32:17.492+0000][7][safepoint   ] Safepoint "Cleanup", Time since last: 6000711671 ns, Reaching safepoint: 22554 ns, Cleanup: 16121 ns, At safepoint: 4087 ns, Total: 42762 ns
[2024-02-18T12:32:31.462+0000][7][safepoint   ] Safepoint "Cleanup", Time since last: 13969825669 ns, Reaching safepoint: 18736 ns, Cleanup: 13817 ns, At safepoint: 3346 ns, Total: 35899 ns
[2024-02-18T12:32:55.464+0000][7][safepoint   ] Safepoint "Cleanup", Time since last: 24002309886 ns, Reaching safepoint: 18325 ns, Cleanup: 12935 ns, At safepoint: 3526 ns, Total: 34786 ns
[2024-02-18T12:32:57.465+0000][7][safepoint   ] Safepoint "Cleanup", Time since last: 2000615115 ns, Reaching safepoint: 14357 ns, Cleanup: 7364 ns, At safepoint: 3507 ns, Total: 25228 ns
[2024-02-18T12:33:10.602+0000][7][gc,start    ] GC(149) Pause Young (Concurrent Start) (G1 Evacuation Pause)
[2024-02-18T12:33:10.602+0000][7][gc,task     ] GC(149) Using 12 workers of 13 for evacuation
[2024-02-18T12:33:10.603+0000][7][gc,age      ] GC(149) Desired survivor size 20971520 bytes, new threshold 15 (max threshold 15)
[2024-02-18T12:33:10.605+0000][7][gc,phases   ] GC(149)   Pre Evacuate Collection Set: 0.2ms
[2024-02-18T12:33:10.605+0000][7][gc,phases   ] GC(149)   Merge Heap Roots: 0.1ms
[2024-02-18T12:33:10.605+0000][7][gc,phases   ] GC(149)   Evacuate Collection Set: 1.4ms
[2024-02-18T12:33:10.605+0000][7][gc,phases   ] GC(149)   Post Evacuate Collection Set: 0.5ms
[2024-02-18T12:33:10.605+0000][7][gc,phases   ] GC(149)   Other: 0.2ms
[2024-02-18T12:33:10.605+0000][7][gc,age      ] GC(149) Age table with threshold 15 (max threshold 15)
[2024-02-18T12:33:10.605+0000][7][gc,age      ] GC(149) - age   1:    1612552 bytes,    1612552 total
[2024-02-18T12:33:10.606+0000][7][gc,age      ] GC(149) - age   2:      37352 bytes,    1649904 total
[2024-02-18T12:33:10.606+0000][7][gc,age      ] GC(149) - age   3:      32248 bytes,    1682152 total
[2024-02-18T12:33:10.606+0000][7][gc,age      ] GC(149) - age   4:      11864 bytes,    1694016 total
[2024-02-18T12:33:10.606+0000][7][gc,age      ] GC(149) - age   5:       8272 bytes,    1702288 total
[2024-02-18T12:33:10.606+0000][7][gc,age      ] GC(149) - age   6:      33248 bytes,    1735536 total
[2024-02-18T12:33:10.606+0000][7][gc,age      ] GC(149) - age   7:      39112 bytes,    1774648 total
[2024-02-18T12:33:10.606+0000][7][gc,age      ] GC(149) - age   8:       7592 bytes,    1782240 total
[2024-02-18T12:33:10.606+0000][7][gc,age      ] GC(149) - age   9:       5920 bytes,    1788160 total
[2024-02-18T12:33:10.606+0000][7][gc,age      ] GC(149) - age  10:       6952 bytes,    1795112 total
[2024-02-18T12:33:10.606+0000][7][gc,age      ] GC(149) - age  11:      25416 bytes,    1820528 total
[2024-02-18T12:33:10.606+0000][7][gc,age      ] GC(149) - age  12:       8008 bytes,    1828536 total
[2024-02-18T12:33:10.606+0000][7][gc,age      ] GC(149) - age  13:       2840 bytes,    1831376 total
[2024-02-18T12:33:10.606+0000][7][gc,age      ] GC(149) - age  14:       4464 bytes,    1835840 total
[2024-02-18T12:33:10.606+0000][7][gc,age      ] GC(149) - age  15:       5424 bytes,    1841264 total
[2024-02-18T12:33:10.607+0000][7][gc,heap     ] GC(149) Eden regions: 75->0(75)
[2024-02-18T12:33:10.607+0000][7][gc,heap     ] GC(149) Survivor regions: 1->1(10)
[2024-02-18T12:33:10.607+0000][7][gc,heap     ] GC(149) Old regions: 31->31
[2024-02-18T12:33:10.607+0000][7][gc,heap     ] GC(149) Humongous regions: 2->2
[2024-02-18T12:33:10.607+0000][7][gc,metaspace] GC(149) Metaspace: 121158K(125632K)->121158K(125632K) NonClass: 105433K(108096K)->105433K(108096K) Class: 15725K(17536K)->15725K(17536K)
[2024-02-18T12:33:10.607+0000][7][gc          ] GC(149) Pause Young (Concurrent Start) (G1 Evacuation Pause) 433M->133M(512M) 4.516ms
[2024-02-18T12:33:10.607+0000][7][gc          ] GC(150) Concurrent Mark Cycle
[2024-02-18T12:33:10.607+0000][7][gc,cpu      ] GC(149) User=0.01s Sys=0.00s Real=0.01s
[2024-02-18T12:33:10.607+0000][7][gc,marking  ] GC(150) Concurrent Scan Root Regions
[2024-02-18T12:33:10.607+0000][7][safepoint   ] Safepoint "G1CollectForAllocation", Time since last: 13137661719 ns, Reaching safepoint: 15580 ns, Cleanup: 3757 ns, At safepoint: 4853245 ns, Total: 4872582 ns
[2024-02-18T12:33:10.608+0000][7][gc,marking  ] GC(150) Concurrent Scan Root Regions 1.051ms
[2024-02-18T12:33:10.608+0000][7][gc,marking  ] GC(150) Concurrent Mark
[2024-02-18T12:33:10.608+0000][7][gc,marking  ] GC(150) Concurrent Mark From Roots
[2024-02-18T12:33:10.609+0000][7][gc,task     ] GC(150) Using 3 workers of 3 for marking
[2024-02-18T12:33:10.644+0000][7][gc,marking  ] GC(150) Concurrent Mark From Roots 35.990ms
[2024-02-18T12:33:10.645+0000][7][gc,marking  ] GC(150) Concurrent Preclean
[2024-02-18T12:33:10.645+0000][7][gc,marking  ] GC(150) Concurrent Preclean 0.411ms
[2024-02-18T12:33:10.645+0000][7][gc,start    ] GC(150) Pause Remark
[2024-02-18T12:33:10.648+0000][7][gc          ] GC(150) Pause Remark 134M->134M(512M) 3.257ms
[2024-02-18T12:33:10.649+0000][7][gc,cpu      ] GC(150) User=0.02s Sys=0.00s Real=0.01s
[2024-02-18T12:33:10.649+0000][7][safepoint   ] Safepoint "G1PauseRemark", Time since last: 37893889 ns, Reaching safepoint: 19627 ns, Cleanup: 3016 ns, At safepoint: 3619432 ns, Total: 3642075 ns
[2024-02-18T12:33:10.649+0000][7][gc,marking  ] GC(150) Concurrent Mark 40.575ms
[2024-02-18T12:33:10.649+0000][7][gc,marking  ] GC(150) Concurrent Rebuild Remembered Sets and Scrub Regions
[2024-02-18T12:33:10.662+0000][7][gc,marking  ] GC(150) Concurrent Rebuild Remembered Sets and Scrub Regions 12.838ms
[2024-02-18T12:33:10.662+0000][7][gc,start    ] GC(150) Pause Cleanup
[2024-02-18T12:33:10.662+0000][7][gc          ] GC(150) Pause Cleanup 134M->134M(512M) 0.250ms
[2024-02-18T12:33:10.662+0000][7][gc,cpu      ] GC(150) User=0.00s Sys=0.00s Real=0.00s
[2024-02-18T12:33:10.663+0000][7][safepoint   ] Safepoint "G1PauseCleanup", Time since last: 13284284 ns, Reaching safepoint: 12694 ns, Cleanup: 3367 ns, At safepoint: 521348 ns, Total: 537409 ns
[2024-02-18T12:33:10.663+0000][7][gc,marking  ] GC(150) Concurrent Clear Claimed Marks
[2024-02-18T12:33:10.663+0000][7][gc,marking  ] GC(150) Concurrent Clear Claimed Marks 0.238ms
[2024-02-18T12:33:10.663+0000][7][gc,marking  ] GC(150) Concurrent Cleanup for Next Mark
[2024-02-18T12:33:10.663+0000][7][gc,marking  ] GC(150) Concurrent Cleanup for Next Mark 0.429ms
[2024-02-18T12:33:10.664+0000][7][gc          ] GC(150) Concurrent Mark Cycle 56.610ms
[2024-02-18T12:33:32.483+0000][7][safepoint   ] Safepoint "Cleanup", Time since last: 21820424142 ns, Reaching safepoint: 36961 ns, Cleanup: 19267 ns, At safepoint: 6182 ns, Total: 62410 ns
[2024-02-18T12:34:10.433+0000][7][gc,start    ] GC(151) Pause Young (Normal) (G1 Evacuation Pause)
[2024-02-18T12:34:10.433+0000][7][gc,task     ] GC(151) Using 12 workers of 13 for evacuation
[2024-02-18T12:34:10.433+0000][7][gc,age      ] GC(151) Desired survivor size 20971520 bytes, new threshold 15 (max threshold 15)
[2024-02-18T12:34:10.435+0000][7][gc,phases   ] GC(151)   Pre Evacuate Collection Set: 0.2ms
[2024-02-18T12:34:10.435+0000][7][gc,phases   ] GC(151)   Merge Heap Roots: 0.1ms
[2024-02-18T12:34:10.436+0000][7][gc,phases   ] GC(151)   Evacuate Collection Set: 1.4ms
[2024-02-18T12:34:10.436+0000][7][gc,phases   ] GC(151)   Post Evacuate Collection Set: 0.5ms
[2024-02-18T12:34:10.436+0000][7][gc,phases   ] GC(151)   Other: 0.2ms
[2024-02-18T12:34:10.436+0000][7][gc,age      ] GC(151) Age table with threshold 15 (max threshold 15)
[2024-02-18T12:34:10.436+0000][7][gc,age      ] GC(151) - age   1:     662680 bytes,     662680 total
[2024-02-18T12:34:10.436+0000][7][gc,age      ] GC(151) - age   2:      72648 bytes,     735328 total
[2024-02-18T12:34:10.436+0000][7][gc,age      ] GC(151) - age   3:      34960 bytes,     770288 total
[2024-02-18T12:34:10.436+0000][7][gc,age      ] GC(151) - age   4:      31640 bytes,     801928 total
[2024-02-18T12:34:10.436+0000][7][gc,age      ] GC(151) - age   5:      11480 bytes,     813408 total
[2024-02-18T12:34:10.436+0000][7][gc,age      ] GC(151) - age   6:       8080 bytes,     821488 total
[2024-02-18T12:34:10.436+0000][7][gc,age      ] GC(151) - age   7:      33152 bytes,     854640 total
[2024-02-18T12:34:10.436+0000][7][gc,age      ] GC(151) - age   8:      32728 bytes,     887368 total
[2024-02-18T12:34:10.436+0000][7][gc,age      ] GC(151) - age   9:       4120 bytes,     891488 total
[2024-02-18T12:34:10.437+0000][7][gc,age      ] GC(151) - age  10:       5920 bytes,     897408 total
[2024-02-18T12:34:10.437+0000][7][gc,age      ] GC(151) - age  11:       6952 bytes,     904360 total
[2024-02-18T12:34:10.437+0000][7][gc,age      ] GC(151) - age  12:      25416 bytes,     929776 total
[2024-02-18T12:34:10.437+0000][7][gc,age      ] GC(151) - age  13:       8008 bytes,     937784 total
[2024-02-18T12:34:10.437+0000][7][gc,age      ] GC(151) - age  14:       2840 bytes,     940624 total
[2024-02-18T12:34:10.437+0000][7][gc,age      ] GC(151) - age  15:       4464 bytes,     945088 total
[2024-02-18T12:34:10.437+0000][7][gc,heap     ] GC(151) Eden regions: 75->0(75)
[2024-02-18T12:34:10.437+0000][7][gc,heap     ] GC(151) Survivor regions: 1->1(10)
[2024-02-18T12:34:10.437+0000][7][gc,heap     ] GC(151) Old regions: 31->31
[2024-02-18T12:34:10.437+0000][7][gc,heap     ] GC(151) Humongous regions: 2->2
[2024-02-18T12:34:10.437+0000][7][gc,metaspace] GC(151) Metaspace: 121173K(125632K)->121173K(125632K) NonClass: 105448K(108096K)->105448K(108096K) Class: 15725K(17536K)->15725K(17536K)
[2024-02-18T12:34:10.437+0000][7][gc          ] GC(151) Pause Young (Normal) (G1 Evacuation Pause) 433M->132M(512M) 4.593ms
[2024-02-18T12:34:10.437+0000][7][gc,cpu      ] GC(151) User=0.01s Sys=0.00s Real=0.01s
[2024-02-18T12:34:10.438+0000][7][safepoint   ] Safepoint "G1CollectForAllocation", Time since last: 37949620171 ns, Reaching safepoint: 43363 ns, Cleanup: 3837 ns, At safepoint: 4818740 ns, Total: 4865940 ns
[2024-02-18T12:34:22.439+0000][7][safepoint   ] Safepoint "Cleanup", Time since last: 12001611092 ns, Reaching safepoint: 18866 ns, Cleanup: 14888 ns, At safepoint: 3868 ns, Total: 37622 ns
[2024-02-18T12:34:34.504+0000][7][safepoint   ] Safepoint "Cleanup", Time since last: 12064907473 ns, Reaching safepoint: 36320 ns, Cleanup: 12944 ns, At safepoint: 3367 ns, Total: 52631 ns
[2024-02-18T12:35:12.472+0000][7][gc,start    ] GC(152) Pause Young (Concurrent Start) (G1 Evacuation Pause)
[2024-02-18T12:35:12.472+0000][7][gc,task     ] GC(152) Using 12 workers of 13 for evacuation
[2024-02-18T12:35:12.472+0000][7][gc,age      ] GC(152) Desired survivor size 20971520 bytes, new threshold 15 (max threshold 15)
[2024-02-18T12:35:12.475+0000][7][gc,phases   ] GC(152)   Pre Evacuate Collection Set: 0.2ms
[2024-02-18T12:35:12.475+0000][7][gc,phases   ] GC(152)   Merge Heap Roots: 0.1ms
[2024-02-18T12:35:12.475+0000][7][gc,phases   ] GC(152)   Evacuate Collection Set: 1.5ms
[2024-02-18T12:35:12.475+0000][7][gc,phases   ] GC(152)   Post Evacuate Collection Set: 0.6ms
[2024-02-18T12:35:12.475+0000][7][gc,phases   ] GC(152)   Other: 0.3ms
[2024-02-18T12:35:12.476+0000][7][gc,age      ] GC(152) Age table with threshold 15 (max threshold 15)
[2024-02-18T12:35:12.476+0000][7][gc,age      ] GC(152) - age   1:    1462720 bytes,    1462720 total
[2024-02-18T12:35:12.476+0000][7][gc,age      ] GC(152) - age   2:      15768 bytes,    1478488 total
[2024-02-18T12:35:12.476+0000][7][gc,age      ] GC(152) - age   3:      69168 bytes,    1547656 total
[2024-02-18T12:35:12.476+0000][7][gc,age      ] GC(152) - age   4:      34576 bytes,    1582232 total
[2024-02-18T12:35:12.476+0000][7][gc,age      ] GC(152) - age   5:      31264 bytes,    1613496 total
[2024-02-18T12:35:12.477+0000][7][gc,age      ] GC(152) - age   6:       8792 bytes,    1622288 total
[2024-02-18T12:35:12.477+0000][7][gc,age      ] GC(152) - age   7:       8080 bytes,    1630368 total
[2024-02-18T12:35:12.477+0000][7][gc,age      ] GC(152) - age   8:      33152 bytes,    1663520 total
[2024-02-18T12:35:12.477+0000][7][gc,age      ] GC(152) - age   9:      32728 bytes,    1696248 total
[2024-02-18T12:35:12.477+0000][7][gc,age      ] GC(152) - age  10:       4120 bytes,    1700368 total
[2024-02-18T12:35:12.477+0000][7][gc,age      ] GC(152) - age  11:       5920 bytes,    1706288 total
[2024-02-18T12:35:12.477+0000][7][gc,age      ] GC(152) - age  12:       6952 bytes,    1713240 total
[2024-02-18T12:35:12.478+0000][7][gc,age      ] GC(152) - age  13:      25416 bytes,    1738656 total
[2024-02-18T12:35:12.478+0000][7][gc,age      ] GC(152) - age  14:       8008 bytes,    1746664 total
[2024-02-18T12:35:12.478+0000][7][gc,age      ] GC(152) - age  15:       2840 bytes,    1749504 total
[2024-02-18T12:35:12.478+0000][7][gc,heap     ] GC(152) Eden regions: 75->0(75)
[2024-02-18T12:35:12.478+0000][7][gc,heap     ] GC(152) Survivor regions: 1->1(10)
[2024-02-18T12:35:12.478+0000][7][gc,heap     ] GC(152) Old regions: 31->31
[2024-02-18T12:35:12.478+0000][7][gc,heap     ] GC(152) Humongous regions: 2->2
[2024-02-18T12:35:12.479+0000][7][gc,metaspace] GC(152) Metaspace: 121177K(125632K)->121177K(125632K) NonClass: 105451K(108096K)->105451K(108096K) Class: 15725K(17536K)->15725K(17536K)
[2024-02-18T12:35:12.479+0000][7][gc          ] GC(152) Pause Young (Concurrent Start) (G1 Evacuation Pause) 432M->133M(512M) 6.915ms
[2024-02-18T12:35:12.479+0000][7][gc          ] GC(153) Concurrent Mark Cycle
[2024-02-18T12:35:12.479+0000][7][gc,marking  ] GC(153) Concurrent Scan Root Regions
[2024-02-18T12:35:12.479+0000][7][gc,cpu      ] GC(152) User=0.01s Sys=0.00s Real=0.01s
[2024-02-18T12:35:12.479+0000][7][safepoint   ] Safepoint "G1CollectForAllocation", Time since last: 37967547412 ns, Reaching safepoint: 33364 ns, Cleanup: 3576 ns, At safepoint: 7557926 ns, Total: 7594866 ns
[2024-02-18T12:35:12.480+0000][7][gc,marking  ] GC(153) Concurrent Scan Root Regions 1.286ms
[2024-02-18T12:35:12.480+0000][7][gc,marking  ] GC(153) Concurrent Mark
[2024-02-18T12:35:12.480+0000][7][gc,marking  ] GC(153) Concurrent Mark From Roots
[2024-02-18T12:35:12.481+0000][7][gc,task     ] GC(153) Using 3 workers of 3 for marking
[2024-02-18T12:35:12.516+0000][7][gc,marking  ] GC(153) Concurrent Mark From Roots 35.147ms
[2024-02-18T12:35:12.516+0000][7][gc,marking  ] GC(153) Concurrent Preclean
[2024-02-18T12:35:12.516+0000][7][gc,marking  ] GC(153) Concurrent Preclean 0.378ms
[2024-02-18T12:35:12.517+0000][7][gc,start    ] GC(153) Pause Remark
[2024-02-18T12:35:12.520+0000][7][gc          ] GC(153) Pause Remark 134M->134M(512M) 3.101ms
[2024-02-18T12:35:12.520+0000][7][gc,cpu      ] GC(153) User=0.02s Sys=0.00s Real=0.00s
[2024-02-18T12:35:12.520+0000][7][safepoint   ] Safepoint "G1PauseRemark", Time since last: 37217618 ns, Reaching safepoint: 15129 ns, Cleanup: 3066 ns, At safepoint: 3500895 ns, Total: 3519090 ns
[2024-02-18T12:35:12.520+0000][7][gc,marking  ] GC(153) Concurrent Mark 39.771ms
[2024-02-18T12:35:12.520+0000][7][gc,marking  ] GC(153) Concurrent Rebuild Remembered Sets and Scrub Regions
[2024-02-18T12:35:12.533+0000][7][gc,marking  ] GC(153) Concurrent Rebuild Remembered Sets and Scrub Regions 12.417ms
[2024-02-18T12:35:12.533+0000][7][gc,start    ] GC(153) Pause Cleanup
[2024-02-18T12:35:12.533+0000][7][gc          ] GC(153) Pause Cleanup 134M->134M(512M) 0.266ms
[2024-02-18T12:35:12.533+0000][7][gc,cpu      ] GC(153) User=0.00s Sys=0.00s Real=0.00s
[2024-02-18T12:35:12.534+0000][7][safepoint   ] Safepoint "G1PauseCleanup", Time since last: 13036138 ns, Reaching safepoint: 13296 ns, Cleanup: 3767 ns, At safepoint: 524280 ns, Total: 541343 ns
[2024-02-18T12:35:12.534+0000][7][gc,marking  ] GC(153) Concurrent Clear Claimed Marks
[2024-02-18T12:35:12.534+0000][7][gc,marking  ] GC(153) Concurrent Clear Claimed Marks 0.237ms
[2024-02-18T12:35:12.534+0000][7][gc,marking  ] GC(153) Concurrent Cleanup for Next Mark
[2024-02-18T12:35:12.534+0000][7][gc,marking  ] GC(153) Concurrent Cleanup for Next Mark 0.379ms
[2024-02-18T12:35:12.535+0000][7][gc          ] GC(153) Concurrent Mark Cycle 55.719ms
[2024-02-18T12:35:22.535+0000][7][safepoint   ] Safepoint "Cleanup", Time since last: 10000902713 ns, Reaching safepoint: 15450 ns, Cleanup: 9107 ns, At safepoint: 3016 ns, Total: 27573 ns
[2024-02-18T12:35:37.525+0000][7][safepoint   ] Safepoint "Cleanup", Time since last: 14990050624 ns, Reaching safepoint: 52280 ns, Cleanup: 12754 ns, At safepoint: 5751 ns, Total: 70785 ns
[2024-02-18T12:36:15.476+0000][7][gc,start    ] GC(154) Pause Young (Normal) (G1 Evacuation Pause)
[2024-02-18T12:36:15.477+0000][7][gc,task     ] GC(154) Using 12 workers of 13 for evacuation
[2024-02-18T12:36:15.477+0000][7][gc,age      ] GC(154) Desired survivor size 20971520 bytes, new threshold 15 (max threshold 15)
[2024-02-18T12:36:15.479+0000][7][gc,phases   ] GC(154)   Pre Evacuate Collection Set: 0.2ms
[2024-02-18T12:36:15.480+0000][7][gc,phases   ] GC(154)   Merge Heap Roots: 0.1ms
[2024-02-18T12:36:15.480+0000][7][gc,phases   ] GC(154)   Evacuate Collection Set: 1.3ms
[2024-02-18T12:36:15.480+0000][7][gc,phases   ] GC(154)   Post Evacuate Collection Set: 0.6ms
[2024-02-18T12:36:15.480+0000][7][gc,phases   ] GC(154)   Other: 0.4ms
[2024-02-18T12:36:15.480+0000][7][gc,age      ] GC(154) Age table with threshold 15 (max threshold 15)
[2024-02-18T12:36:15.480+0000][7][gc,age      ] GC(154) - age   1:    1016600 bytes,    1016600 total
[2024-02-18T12:36:15.480+0000][7][gc,age      ] GC(154) - age   2:      12488 bytes,    1029088 total
[2024-02-18T12:36:15.481+0000][7][gc,age      ] GC(154) - age   3:      12384 bytes,    1041472 total
[2024-02-18T12:36:15.481+0000][7][gc,age      ] GC(154) - age   4:      68624 bytes,    1110096 total
[2024-02-18T12:36:15.481+0000][7][gc,age      ] GC(154) - age   5:      34480 bytes,    1144576 total
[2024-02-18T12:36:15.481+0000][7][gc,age      ] GC(154) - age   6:      31136 bytes,    1175712 total
[2024-02-18T12:36:15.481+0000][7][gc,age      ] GC(154) - age   7:       8792 bytes,    1184504 total
[2024-02-18T12:36:15.481+0000][7][gc,age      ] GC(154) - age   8:       8080 bytes,    1192584 total
[2024-02-18T12:36:15.481+0000][7][gc,age      ] GC(154) - age   9:      33152 bytes,    1225736 total
[2024-02-18T12:36:15.481+0000][7][gc,age      ] GC(154) - age  10:      29256 bytes,    1254992 total
[2024-02-18T12:36:15.481+0000][7][gc,age      ] GC(154) - age  11:       4120 bytes,    1259112 total
[2024-02-18T12:36:15.482+0000][7][gc,age      ] GC(154) - age  12:       5920 bytes,    1265032 total
[2024-02-18T12:36:15.482+0000][7][gc,age      ] GC(154) - age  13:       6952 bytes,    1271984 total
[2024-02-18T12:36:15.482+0000][7][gc,age      ] GC(154) - age  14:      25416 bytes,    1297400 total
[2024-02-18T12:36:15.482+0000][7][gc,age      ] GC(154) - age  15:       8008 bytes,    1305408 total
[2024-02-18T12:36:15.482+0000][7][gc,heap     ] GC(154) Eden regions: 75->0(75)
[2024-02-18T12:36:15.482+0000][7][gc,heap     ] GC(154) Survivor regions: 1->1(10)
[2024-02-18T12:36:15.482+0000][7][gc,heap     ] GC(154) Old regions: 31->31
[2024-02-18T12:36:15.482+0000][7][gc,heap     ] GC(154) Humongous regions: 2->2
[2024-02-18T12:36:15.483+0000][7][gc,metaspace] GC(154) Metaspace: 121177K(125632K)->121177K(125632K) NonClass: 105451K(108096K)->105451K(108096K) Class: 15725K(17536K)->15725K(17536K)
[2024-02-18T12:36:15.483+0000][7][gc          ] GC(154) Pause Young (Normal) (G1 Evacuation Pause) 433M->132M(512M) 6.204ms
[2024-02-18T12:36:15.483+0000][7][gc,cpu      ] GC(154) User=0.01s Sys=0.01s Real=0.00s
[2024-02-18T12:36:15.483+0000][7][safepoint   ] Safepoint "G1CollectForAllocation", Time since last: 37951728876 ns, Reaching safepoint: 14738 ns, Cleanup: 3256 ns, At safepoint: 6547851 ns, Total: 6565845 ns
[2024-02-18T12:37:12.476+0000][7][gc,start    ] GC(155) Pause Young (Concurrent Start) (G1 Evacuation Pause)
[2024-02-18T12:37:12.476+0000][7][gc,task     ] GC(155) Using 12 workers of 13 for evacuation
[2024-02-18T12:37:12.476+0000][7][gc,age      ] GC(155) Desired survivor size 20971520 bytes, new threshold 15 (max threshold 15)
[2024-02-18T12:37:12.479+0000][7][gc,phases   ] GC(155)   Pre Evacuate Collection Set: 0.3ms
[2024-02-18T12:37:12.479+0000][7][gc,phases   ] GC(155)   Merge Heap Roots: 0.1ms
[2024-02-18T12:37:12.479+0000][7][gc,phases   ] GC(155)   Evacuate Collection Set: 1.6ms
[2024-02-18T12:37:12.479+0000][7][gc,phases   ] GC(155)   Post Evacuate Collection Set: 0.6ms
[2024-02-18T12:37:12.479+0000][7][gc,phases   ] GC(155)   Other: 0.4ms
[2024-02-18T12:37:12.480+0000][7][gc,age      ] GC(155) Age table with threshold 15 (max threshold 15)
[2024-02-18T12:37:12.480+0000][7][gc,age      ] GC(155) - age   1:     430736 bytes,     430736 total
[2024-02-18T12:37:12.480+0000][7][gc,age      ] GC(155) - age   2:      16424 bytes,     447160 total
[2024-02-18T12:37:12.480+0000][7][gc,age      ] GC(155) - age   3:       7376 bytes,     454536 total
[2024-02-18T12:37:12.480+0000][7][gc,age      ] GC(155) - age   4:      10336 bytes,     464872 total
[2024-02-18T12:37:12.480+0000][7][gc,age      ] GC(155) - age   5:      66832 bytes,     531704 total
[2024-02-18T12:37:12.480+0000][7][gc,age      ] GC(155) - age   6:      34224 bytes,     565928 total
[2024-02-18T12:37:12.480+0000][7][gc,age      ] GC(155) - age   7:      27984 bytes,     593912 total
[2024-02-18T12:37:12.481+0000][7][gc,age      ] GC(155) - age   8:       8760 bytes,     602672 total
[2024-02-18T12:37:12.481+0000][7][gc,age      ] GC(155) - age   9:       4992 bytes,     607664 total
[2024-02-18T12:37:12.481+0000][7][gc,age      ] GC(155) - age  10:      33152 bytes,     640816 total
[2024-02-18T12:37:12.481+0000][7][gc,age      ] GC(155) - age  11:      29256 bytes,     670072 total
[2024-02-18T12:37:12.481+0000][7][gc,age      ] GC(155) - age  12:       4120 bytes,     674192 total
[2024-02-18T12:37:12.481+0000][7][gc,age      ] GC(155) - age  13:       5920 bytes,     680112 total
[2024-02-18T12:37:12.481+0000][7][gc,age      ] GC(155) - age  14:       6952 bytes,     687064 total
[2024-02-18T12:37:12.481+0000][7][gc,age      ] GC(155) - age  15:      22320 bytes,     709384 total
[2024-02-18T12:37:12.482+0000][7][gc,heap     ] GC(155) Eden regions: 75->0(75)
[2024-02-18T12:37:12.482+0000][7][gc,heap     ] GC(155) Survivor regions: 1->1(10)
[2024-02-18T12:37:12.482+0000][7][gc,heap     ] GC(155) Old regions: 31->31
[2024-02-18T12:37:12.482+0000][7][gc,heap     ] GC(155) Humongous regions: 2->2
[2024-02-18T12:37:12.482+0000][7][gc,metaspace] GC(155) Metaspace: 121177K(125632K)->121177K(125632K) NonClass: 105452K(108096K)->105452K(108096K) Class: 15725K(17536K)->15725K(17536K)
[2024-02-18T12:37:12.482+0000][7][gc          ] GC(155) Pause Young (Concurrent Start) (G1 Evacuation Pause) 432M->132M(512M) 6.628ms
[2024-02-18T12:37:12.482+0000][7][gc          ] GC(156) Concurrent Mark Cycle
[2024-02-18T12:37:12.483+0000][7][gc,marking  ] GC(156) Concurrent Scan Root Regions
[2024-02-18T12:37:12.482+0000][7][gc,cpu      ] GC(155) User=0.01s Sys=0.01s Real=0.01s
[2024-02-18T12:37:12.483+0000][7][safepoint   ] Safepoint "G1CollectForAllocation", Time since last: 56992598930 ns, Reaching safepoint: 16963 ns, Cleanup: 3567 ns, At safepoint: 7446021 ns, Total: 7466551 ns
[2024-02-18T12:37:12.484+0000][7][gc,marking  ] GC(156) Concurrent Scan Root Regions 1.224ms
[2024-02-18T12:37:12.484+0000][7][gc,marking  ] GC(156) Concurrent Mark
[2024-02-18T12:37:12.484+0000][7][gc,marking  ] GC(156) Concurrent Mark From Roots
[2024-02-18T12:37:12.484+0000][7][gc,task     ] GC(156) Using 3 workers of 3 for marking
[2024-02-18T12:37:12.519+0000][7][gc,marking  ] GC(156) Concurrent Mark From Roots 34.945ms
[2024-02-18T12:37:12.519+0000][7][gc,marking  ] GC(156) Concurrent Preclean
[2024-02-18T12:37:12.520+0000][7][gc,marking  ] GC(156) Concurrent Preclean 0.381ms
[2024-02-18T12:37:12.520+0000][7][gc,start    ] GC(156) Pause Remark
[2024-02-18T12:37:12.523+0000][7][gc          ] GC(156) Pause Remark 134M->134M(512M) 3.196ms
[2024-02-18T12:37:12.523+0000][7][gc,cpu      ] GC(156) User=0.02s Sys=0.00s Real=0.00s
[2024-02-18T12:37:12.524+0000][7][safepoint   ] Safepoint "G1PauseRemark", Time since last: 36973260 ns, Reaching safepoint: 16081 ns, Cleanup: 2986 ns, At safepoint: 3640618 ns, Total: 3659685 ns
[2024-02-18T12:37:12.524+0000][7][gc,marking  ] GC(156) Concurrent Mark 39.733ms
[2024-02-18T12:37:12.524+0000][7][gc,marking  ] GC(156) Concurrent Rebuild Remembered Sets and Scrub Regions
[2024-02-18T12:37:12.541+0000][7][gc,marking  ] GC(156) Concurrent Rebuild Remembered Sets and Scrub Regions 16.867ms
[2024-02-18T12:37:12.541+0000][7][gc,start    ] GC(156) Pause Cleanup
[2024-02-18T12:37:12.541+0000][7][gc          ] GC(156) Pause Cleanup 134M->134M(512M) 0.283ms
[2024-02-18T12:37:12.542+0000][7][gc,cpu      ] GC(156) User=0.00s Sys=0.00s Real=0.00s
[2024-02-18T12:37:12.542+0000][7][safepoint   ] Safepoint "G1PauseCleanup", Time since last: 17437733 ns, Reaching safepoint: 13426 ns, Cleanup: 4178 ns, At safepoint: 557653 ns, Total: 575257 ns
[2024-02-18T12:37:12.542+0000][7][gc,marking  ] GC(156) Concurrent Clear Claimed Marks
[2024-02-18T12:37:12.542+0000][7][gc,marking  ] GC(156) Concurrent Clear Claimed Marks 0.245ms
[2024-02-18T12:37:12.542+0000][7][gc,marking  ] GC(156) Concurrent Cleanup for Next Mark
[2024-02-18T12:37:12.543+0000][7][gc,marking  ] GC(156) Concurrent Cleanup for Next Mark 0.404ms
[2024-02-18T12:37:12.543+0000][7][gc          ] GC(156) Concurrent Mark Cycle 60.274ms
[2024-02-18T12:38:05.568+0000][7][safepoint   ] Safepoint "Cleanup", Time since last: 53026281667 ns, Reaching safepoint: 40036 ns, Cleanup: 14889 ns, At safepoint: 6032 ns, Total: 60957 ns
[2024-02-18T12:38:16.157+0000][7][gc,start    ] GC(157) Pause Young (Normal) (G1 Evacuation Pause)
[2024-02-18T12:38:16.157+0000][7][gc,task     ] GC(157) Using 12 workers of 13 for evacuation
[2024-02-18T12:38:16.157+0000][7][gc,age      ] GC(157) Desired survivor size 20971520 bytes, new threshold 15 (max threshold 15)
[2024-02-18T12:38:16.159+0000][7][gc,phases   ] GC(157)   Pre Evacuate Collection Set: 0.2ms
[2024-02-18T12:38:16.159+0000][7][gc,phases   ] GC(157)   Merge Heap Roots: 0.1ms
[2024-02-18T12:38:16.160+0000][7][gc,phases   ] GC(157)   Evacuate Collection Set: 1.2ms
[2024-02-18T12:38:16.160+0000][7][gc,phases   ] GC(157)   Post Evacuate Collection Set: 0.5ms
[2024-02-18T12:38:16.160+0000][7][gc,phases   ] GC(157)   Other: 0.3ms
[2024-02-18T12:38:16.160+0000][7][gc,age      ] GC(157) Age table with threshold 15 (max threshold 15)
[2024-02-18T12:38:16.160+0000][7][gc,age      ] GC(157) - age   1:    1136288 bytes,    1136288 total
[2024-02-18T12:38:16.160+0000][7][gc,age      ] GC(157) - age   2:      15464 bytes,    1151752 total
[2024-02-18T12:38:16.160+0000][7][gc,age      ] GC(157) - age   3:       9352 bytes,    1161104 total
[2024-02-18T12:38:16.160+0000][7][gc,age      ] GC(157) - age   4:       6960 bytes,    1168064 total
[2024-02-18T12:38:16.160+0000][7][gc,age      ] GC(157) - age   5:      10272 bytes,    1178336 total
[2024-02-18T12:38:16.160+0000][7][gc,age      ] GC(157) - age   6:      66720 bytes,    1245056 total
[2024-02-18T12:38:16.160+0000][7][gc,age      ] GC(157) - age   7:      34096 bytes,    1279152 total
[2024-02-18T12:38:16.161+0000][7][gc,age      ] GC(157) - age   8:      27920 bytes,    1307072 total
[2024-02-18T12:38:16.161+0000][7][gc,age      ] GC(157) - age   9:       8600 bytes,    1315672 total
[2024-02-18T12:38:16.161+0000][7][gc,age      ] GC(157) - age  10:       4992 bytes,    1320664 total
[2024-02-18T12:38:16.161+0000][7][gc,age      ] GC(157) - age  11:      33152 bytes,    1353816 total
[2024-02-18T12:38:16.161+0000][7][gc,age      ] GC(157) - age  12:      29136 bytes,    1382952 total
[2024-02-18T12:38:16.161+0000][7][gc,age      ] GC(157) - age  13:       4120 bytes,    1387072 total
[2024-02-18T12:38:16.161+0000][7][gc,age      ] GC(157) - age  14:       5920 bytes,    1392992 total
[2024-02-18T12:38:16.161+0000][7][gc,age      ] GC(157) - age  15:       6952 bytes,    1399944 total
[2024-02-18T12:38:16.161+0000][7][gc,heap     ] GC(157) Eden regions: 75->0(75)
[2024-02-18T12:38:16.161+0000][7][gc,heap     ] GC(157) Survivor regions: 1->1(10)
[2024-02-18T12:38:16.161+0000][7][gc,heap     ] GC(157) Old regions: 31->31
[2024-02-18T12:38:16.162+0000][7][gc,heap     ] GC(157) Humongous regions: 2->2
[2024-02-18T12:38:16.162+0000][7][gc,metaspace] GC(157) Metaspace: 121186K(125632K)->121186K(125632K) NonClass: 105461K(108096K)->105461K(108096K) Class: 15725K(17536K)->15725K(17536K)
[2024-02-18T12:38:16.162+0000][7][gc          ] GC(157) Pause Young (Normal) (G1 Evacuation Pause) 432M->133M(512M) 4.919ms
[2024-02-18T12:38:16.162+0000][7][gc,cpu      ] GC(157) User=0.01s Sys=0.00s Real=0.00s
[2024-02-18T12:38:16.162+0000][7][safepoint   ] Safepoint "G1CollectForAllocation", Time since last: 10589038409 ns, Reaching safepoint: 15540 ns, Cleanup: 3276 ns, At safepoint: 5207875 ns, Total: 5226691 ns
[2024-02-18T12:38:37.586+0000][7][safepoint   ] Safepoint "Cleanup", Time since last: 21424057950 ns, Reaching safepoint: 17523 ns, Cleanup: 16462 ns, At safepoint: 3326 ns, Total: 37311 ns
[2024-02-18T12:38:40.587+0000][7][safepoint   ] Safepoint "Cleanup", Time since last: 3000505232 ns, Reaching safepoint: 18525 ns, Cleanup: 18826 ns, At safepoint: 3787 ns, Total: 41138 ns
[2024-02-18T12:38:51.588+0000][7][safepoint   ] Safepoint "Cleanup", Time since last: 11001230125 ns, Reaching safepoint: 15730 ns, Cleanup: 11532 ns, At safepoint: 3156 ns, Total: 30418 ns
[2024-02-18T12:38:55.589+0000][7][safepoint   ] Safepoint "Cleanup", Time since last: 4000496993 ns, Reaching safepoint: 32202 ns, Cleanup: 21541 ns, At safepoint: 5150 ns, Total: 58893 ns
[2024-02-18T12:39:15.484+0000][7][gc,start    ] GC(158) Pause Young (Concurrent Start) (G1 Evacuation Pause)
[2024-02-18T12:39:15.484+0000][7][gc,task     ] GC(158) Using 12 workers of 13 for evacuation
[2024-02-18T12:39:15.484+0000][7][gc,age      ] GC(158) Desired survivor size 20971520 bytes, new threshold 15 (max threshold 15)
[2024-02-18T12:39:15.487+0000][7][gc,phases   ] GC(158)   Pre Evacuate Collection Set: 0.2ms
[2024-02-18T12:39:15.487+0000][7][gc,phases   ] GC(158)   Merge Heap Roots: 0.1ms
[2024-02-18T12:39:15.487+0000][7][gc,phases   ] GC(158)   Evacuate Collection Set: 1.4ms
[2024-02-18T12:39:15.487+0000][7][gc,phases   ] GC(158)   Post Evacuate Collection Set: 0.6ms
[2024-02-18T12:39:15.487+0000][7][gc,phases   ] GC(158)   Other: 0.4ms
[2024-02-18T12:39:15.487+0000][7][gc,age      ] GC(158) Age table with threshold 15 (max threshold 15)
[2024-02-18T12:39:15.487+0000][7][gc,age      ] GC(158) - age   1:     594568 bytes,     594568 total
[2024-02-18T12:39:15.487+0000][7][gc,age      ] GC(158) - age   2:      15496 bytes,     610064 total
[2024-02-18T12:39:15.488+0000][7][gc,age      ] GC(158) - age   3:      13864 bytes,     623928 total
[2024-02-18T12:39:15.488+0000][7][gc,age      ] GC(158) - age   4:       8808 bytes,     632736 total
[2024-02-18T12:39:15.488+0000][7][gc,age      ] GC(158) - age   5:       6736 bytes,     639472 total
[2024-02-18T12:39:15.488+0000][7][gc,age      ] GC(158) - age   6:       9960 bytes,     649432 total
[2024-02-18T12:39:15.488+0000][7][gc,age      ] GC(158) - age   7:      53104 bytes,     702536 total
[2024-02-18T12:39:15.488+0000][7][gc,age      ] GC(158) - age   8:      13152 bytes,     715688 total
[2024-02-18T12:39:15.488+0000][7][gc,age      ] GC(158) - age   9:      24352 bytes,     740040 total
[2024-02-18T12:39:15.488+0000][7][gc,age      ] GC(158) - age  10:       8600 bytes,     748640 total
[2024-02-18T12:39:15.489+0000][7][gc,age      ] GC(158) - age  11:       4992 bytes,     753632 total
[2024-02-18T12:39:15.489+0000][7][gc,age      ] GC(158) - age  12:      33152 bytes,     786784 total
[2024-02-18T12:39:15.489+0000][7][gc,age      ] GC(158) - age  13:      29136 bytes,     815920 total
[2024-02-18T12:39:15.489+0000][7][gc,age      ] GC(158) - age  14:       4120 bytes,     820040 total
[2024-02-18T12:39:15.489+0000][7][gc,age      ] GC(158) - age  15:       5920 bytes,     825960 total
[2024-02-18T12:39:15.489+0000][7][gc,heap     ] GC(158) Eden regions: 75->0(75)
[2024-02-18T12:39:15.489+0000][7][gc,heap     ] GC(158) Survivor regions: 1->1(10)
[2024-02-18T12:39:15.489+0000][7][gc,heap     ] GC(158) Old regions: 31->31
[2024-02-18T12:39:15.489+0000][7][gc,heap     ] GC(158) Humongous regions: 2->2
[2024-02-18T12:39:15.489+0000][7][gc,metaspace] GC(158) Metaspace: 121186K(125632K)->121186K(125632K) NonClass: 105461K(108096K)->105461K(108096K) Class: 15725K(17536K)->15725K(17536K)
[2024-02-18T12:39:15.490+0000][7][gc          ] GC(158) Pause Young (Concurrent Start) (G1 Evacuation Pause) 433M->132M(512M) 5.727ms
[2024-02-18T12:39:15.490+0000][7][gc          ] GC(159) Concurrent Mark Cycle
[2024-02-18T12:39:15.490+0000][7][gc,marking  ] GC(159) Concurrent Scan Root Regions
[2024-02-18T12:39:15.490+0000][7][gc,cpu      ] GC(158) User=0.00s Sys=0.01s Real=0.01s
[2024-02-18T12:39:15.490+0000][7][safepoint   ] Safepoint "G1CollectForAllocation", Time since last: 19895135157 ns, Reaching safepoint: 13907 ns, Cleanup: 3647 ns, At safepoint: 6310727 ns, Total: 6328281 ns
[2024-02-18T12:39:15.491+0000][7][gc,marking  ] GC(159) Concurrent Scan Root Regions 0.923ms
[2024-02-18T12:39:15.491+0000][7][gc,marking  ] GC(159) Concurrent Mark
[2024-02-18T12:39:15.491+0000][7][gc,marking  ] GC(159) Concurrent Mark From Roots
[2024-02-18T12:39:15.491+0000][7][gc,task     ] GC(159) Using 3 workers of 3 for marking
[2024-02-18T12:39:15.530+0000][7][gc,marking  ] GC(159) Concurrent Mark From Roots 38.462ms
[2024-02-18T12:39:15.530+0000][7][gc,marking  ] GC(159) Concurrent Preclean
[2024-02-18T12:39:15.530+0000][7][gc,marking  ] GC(159) Concurrent Preclean 0.363ms
[2024-02-18T12:39:15.530+0000][7][gc,start    ] GC(159) Pause Remark
[2024-02-18T12:39:15.533+0000][7][gc          ] GC(159) Pause Remark 134M->134M(512M) 2.969ms
[2024-02-18T12:39:15.533+0000][7][gc,cpu      ] GC(159) User=0.02s Sys=0.00s Real=0.00s
[2024-02-18T12:39:15.534+0000][7][safepoint   ] Safepoint "G1PauseRemark", Time since last: 40027690 ns, Reaching safepoint: 14948 ns, Cleanup: 2776 ns, At safepoint: 3359013 ns, Total: 3376737 ns
[2024-02-18T12:39:15.534+0000][7][gc,marking  ] GC(159) Concurrent Mark 42.764ms
[2024-02-18T12:39:15.534+0000][7][gc,marking  ] GC(159) Concurrent Rebuild Remembered Sets and Scrub Regions
[2024-02-18T12:39:15.551+0000][7][gc,marking  ] GC(159) Concurrent Rebuild Remembered Sets and Scrub Regions 16.827ms
[2024-02-18T12:39:15.551+0000][7][gc,start    ] GC(159) Pause Cleanup
[2024-02-18T12:39:15.551+0000][7][gc          ] GC(159) Pause Cleanup 137M->137M(512M) 0.245ms
[2024-02-18T12:39:15.551+0000][7][gc,cpu      ] GC(159) User=0.00s Sys=0.00s Real=0.00s
[2024-02-18T12:39:15.551+0000][7][safepoint   ] Safepoint "G1PauseCleanup", Time since last: 17281740 ns, Reaching safepoint: 12815 ns, Cleanup: 4117 ns, At safepoint: 524024 ns, Total: 540956 ns
[2024-02-18T12:39:15.551+0000][7][gc,marking  ] GC(159) Concurrent Clear Claimed Marks
[2024-02-18T12:39:15.552+0000][7][gc,marking  ] GC(159) Concurrent Clear Claimed Marks 0.257ms
[2024-02-18T12:39:15.552+0000][7][gc,marking  ] GC(159) Concurrent Cleanup for Next Mark
[2024-02-18T12:39:15.552+0000][7][gc,marking  ] GC(159) Concurrent Cleanup for Next Mark 0.447ms
[2024-02-18T12:39:15.552+0000][7][gc          ] GC(159) Concurrent Mark Cycle 62.733ms
[2024-02-18T12:39:51.607+0000][7][safepoint   ] Safepoint "Cleanup", Time since last: 36056212147 ns, Reaching safepoint: 88059 ns, Cleanup: 8736 ns, At safepoint: 11783 ns, Total: 108578 ns
[2024-02-18T12:40:00.609+0000][7][safepoint   ] Safepoint "Cleanup", Time since last: 9000940302 ns, Reaching safepoint: 18095 ns, Cleanup: 12594 ns, At safepoint: 3897 ns, Total: 34586 ns
[2024-02-18T12:40:18.587+0000][7][gc,start    ] GC(160) Pause Young (Normal) (G1 Evacuation Pause)
[2024-02-18T12:40:18.587+0000][7][gc,task     ] GC(160) Using 12 workers of 13 for evacuation
[2024-02-18T12:40:18.587+0000][7][gc,age      ] GC(160) Desired survivor size 20971520 bytes, new threshold 15 (max threshold 15)
[2024-02-18T12:40:18.590+0000][7][gc,phases   ] GC(160)   Pre Evacuate Collection Set: 0.2ms
[2024-02-18T12:40:18.590+0000][7][gc,phases   ] GC(160)   Merge Heap Roots: 0.1ms
[2024-02-18T12:40:18.590+0000][7][gc,phases   ] GC(160)   Evacuate Collection Set: 1.6ms
[2024-02-18T12:40:18.590+0000][7][gc,phases   ] GC(160)   Post Evacuate Collection Set: 0.5ms
[2024-02-18T12:40:18.590+0000][7][gc,phases   ] GC(160)   Other: 0.3ms
[2024-02-18T12:40:18.590+0000][7][gc,age      ] GC(160) Age table with threshold 15 (max threshold 15)
[2024-02-18T12:40:18.591+0000][7][gc,age      ] GC(160) - age   1:    1275152 bytes,    1275152 total
[2024-02-18T12:40:18.591+0000][7][gc,age      ] GC(160) - age   2:      57832 bytes,    1332984 total
[2024-02-18T12:40:18.591+0000][7][gc,age      ] GC(160) - age   3:      12272 bytes,    1345256 total
[2024-02-18T12:40:18.591+0000][7][gc,age      ] GC(160) - age   4:      13288 bytes,    1358544 total
[2024-02-18T12:40:18.591+0000][7][gc,age      ] GC(160) - age   5:       8616 bytes,    1367160 total
[2024-02-18T12:40:18.591+0000][7][gc,age      ] GC(160) - age   6:       6736 bytes,    1373896 total
[2024-02-18T12:40:18.591+0000][7][gc,age      ] GC(160) - age   7:       9960 bytes,    1383856 total
[2024-02-18T12:40:18.591+0000][7][gc,age      ] GC(160) - age   8:      48560 bytes,    1432416 total
[2024-02-18T12:40:18.591+0000][7][gc,age      ] GC(160) - age   9:      10880 bytes,    1443296 total
[2024-02-18T12:40:18.591+0000][7][gc,age      ] GC(160) - age  10:      24352 bytes,    1467648 total
[2024-02-18T12:40:18.591+0000][7][gc,age      ] GC(160) - age  11:       8600 bytes,    1476248 total
[2024-02-18T12:40:18.591+0000][7][gc,age      ] GC(160) - age  12:       4992 bytes,    1481240 total
[2024-02-18T12:40:18.592+0000][7][gc,age      ] GC(160) - age  13:       8568 bytes,    1489808 total
[2024-02-18T12:40:18.592+0000][7][gc,age      ] GC(160) - age  14:      29136 bytes,    1518944 total
[2024-02-18T12:40:18.592+0000][7][gc,age      ] GC(160) - age  15:       4120 bytes,    1523064 total
[2024-02-18T12:40:18.592+0000][7][gc,heap     ] GC(160) Eden regions: 75->0(75)
[2024-02-18T12:40:18.592+0000][7][gc,heap     ] GC(160) Survivor regions: 1->1(10)
[2024-02-18T12:40:18.592+0000][7][gc,heap     ] GC(160) Old regions: 31->31
[2024-02-18T12:40:18.592+0000][7][gc,heap     ] GC(160) Humongous regions: 2->2
[2024-02-18T12:40:18.592+0000][7][gc,metaspace] GC(160) Metaspace: 121186K(125632K)->121186K(125632K) NonClass: 105461K(108096K)->105461K(108096K) Class: 15725K(17536K)->15725K(17536K)
[2024-02-18T12:40:18.592+0000][7][gc          ] GC(160) Pause Young (Normal) (G1 Evacuation Pause) 432M->133M(512M) 5.131ms
[2024-02-18T12:40:18.592+0000][7][gc,cpu      ] GC(160) User=0.01s Sys=0.00s Real=0.00s
[2024-02-18T12:40:18.593+0000][7][safepoint   ] Safepoint "G1CollectForAllocation", Time since last: 17978552100 ns, Reaching safepoint: 30508 ns, Cleanup: 3878 ns, At safepoint: 5418038 ns, Total: 5452424 ns
[2024-02-18T12:41:18.529+0000][7][gc,start    ] GC(161) Pause Young (Concurrent Start) (G1 Evacuation Pause)
[2024-02-18T12:41:18.529+0000][7][gc,task     ] GC(161) Using 12 workers of 13 for evacuation
[2024-02-18T12:41:18.529+0000][7][gc,age      ] GC(161) Desired survivor size 20971520 bytes, new threshold 15 (max threshold 15)
[2024-02-18T12:41:18.532+0000][7][gc,phases   ] GC(161)   Pre Evacuate Collection Set: 0.2ms
[2024-02-18T12:41:18.532+0000][7][gc,phases   ] GC(161)   Merge Heap Roots: 0.1ms
[2024-02-18T12:41:18.532+0000][7][gc,phases   ] GC(161)   Evacuate Collection Set: 1.5ms
[2024-02-18T12:41:18.532+0000][7][gc,phases   ] GC(161)   Post Evacuate Collection Set: 0.5ms
[2024-02-18T12:41:18.532+0000][7][gc,phases   ] GC(161)   Other: 0.3ms
[2024-02-18T12:41:18.532+0000][7][gc,age      ] GC(161) Age table with threshold 15 (max threshold 15)
[2024-02-18T12:41:18.532+0000][7][gc,age      ] GC(161) - age   1:    1009888 bytes,    1009888 total
[2024-02-18T12:41:18.532+0000][7][gc,age      ] GC(161) - age   2:      17408 bytes,    1027296 total
[2024-02-18T12:41:18.532+0000][7][gc,age      ] GC(161) - age   3:      56104 bytes,    1083400 total
[2024-02-18T12:41:18.533+0000][7][gc,age      ] GC(161) - age   4:      11600 bytes,    1095000 total
[2024-02-18T12:41:18.533+0000][7][gc,age      ] GC(161) - age   5:      13096 bytes,    1108096 total
[2024-02-18T12:41:18.533+0000][7][gc,age      ] GC(161) - age   6:       8392 bytes,    1116488 total
[2024-02-18T12:41:18.533+0000][7][gc,age      ] GC(161) - age   7:       6736 bytes,    1123224 total
[2024-02-18T12:41:18.533+0000][7][gc,age      ] GC(161) - age   8:       9960 bytes,    1133184 total
[2024-02-18T12:41:18.533+0000][7][gc,age      ] GC(161) - age   9:      39488 bytes,    1172672 total
[2024-02-18T12:41:18.533+0000][7][gc,age      ] GC(161) - age  10:      10880 bytes,    1183552 total
[2024-02-18T12:41:18.533+0000][7][gc,age      ] GC(161) - age  11:      24352 bytes,    1207904 total
[2024-02-18T12:41:18.533+0000][7][gc,age      ] GC(161) - age  12:       5128 bytes,    1213032 total
[2024-02-18T12:41:18.533+0000][7][gc,age      ] GC(161) - age  13:       4992 bytes,    1218024 total
[2024-02-18T12:41:18.533+0000][7][gc,age      ] GC(161) - age  14:       8568 bytes,    1226592 total
[2024-02-18T12:41:18.534+0000][7][gc,age      ] GC(161) - age  15:      29136 bytes,    1255728 total
[2024-02-18T12:41:18.534+0000][7][gc,heap     ] GC(161) Eden regions: 75->0(75)
[2024-02-18T12:41:18.534+0000][7][gc,heap     ] GC(161) Survivor regions: 1->1(10)
[2024-02-18T12:41:18.534+0000][7][gc,heap     ] GC(161) Old regions: 31->31
[2024-02-18T12:41:18.534+0000][7][gc,heap     ] GC(161) Humongous regions: 2->2
[2024-02-18T12:41:18.534+0000][7][gc,metaspace] GC(161) Metaspace: 121189K(125632K)->121189K(125632K) NonClass: 105464K(108096K)->105464K(108096K) Class: 15725K(17536K)->15725K(17536K)
[2024-02-18T12:41:18.534+0000][7][gc          ] GC(161) Pause Young (Concurrent Start) (G1 Evacuation Pause) 433M->133M(512M) 5.122ms
[2024-02-18T12:41:18.534+0000][7][gc          ] GC(162) Concurrent Mark Cycle
[2024-02-18T12:41:18.534+0000][7][gc,marking  ] GC(162) Concurrent Scan Root Regions
[2024-02-18T12:41:18.534+0000][7][gc,cpu      ] GC(161) User=0.01s Sys=0.00s Real=0.00s
[2024-02-18T12:41:18.535+0000][7][safepoint   ] Safepoint "G1CollectForAllocation", Time since last: 59936210232 ns, Reaching safepoint: 16151 ns, Cleanup: 3737 ns, At safepoint: 5628681 ns, Total: 5648569 ns
[2024-02-18T12:41:18.535+0000][7][gc,marking  ] GC(162) Concurrent Scan Root Regions 1.089ms
[2024-02-18T12:41:18.536+0000][7][gc,marking  ] GC(162) Concurrent Mark
[2024-02-18T12:41:18.536+0000][7][gc,marking  ] GC(162) Concurrent Mark From Roots
[2024-02-18T12:41:18.536+0000][7][gc,task     ] GC(162) Using 3 workers of 3 for marking
[2024-02-18T12:41:18.576+0000][7][gc,marking  ] GC(162) Concurrent Mark From Roots 40.759ms
[2024-02-18T12:41:18.577+0000][7][gc,marking  ] GC(162) Concurrent Preclean
[2024-02-18T12:41:18.577+0000][7][gc,marking  ] GC(162) Concurrent Preclean 0.455ms
[2024-02-18T12:41:18.577+0000][7][gc,start    ] GC(162) Pause Remark
[2024-02-18T12:41:18.580+0000][7][gc          ] GC(162) Pause Remark 136M->136M(512M) 3.028ms
[2024-02-18T12:41:18.581+0000][7][gc,cpu      ] GC(162) User=0.02s Sys=0.00s Real=0.00s
[2024-02-18T12:41:18.581+0000][7][safepoint   ] Safepoint "G1PauseRemark", Time since last: 42688741 ns, Reaching safepoint: 15340 ns, Cleanup: 2895 ns, At safepoint: 3422827 ns, Total: 3441062 ns
[2024-02-18T12:41:18.581+0000][7][gc,marking  ] GC(162) Concurrent Mark 45.280ms
[2024-02-18T12:41:18.581+0000][7][gc,marking  ] GC(162) Concurrent Rebuild Remembered Sets and Scrub Regions
[2024-02-18T12:41:18.594+0000][7][gc,marking  ] GC(162) Concurrent Rebuild Remembered Sets and Scrub Regions 12.547ms
[2024-02-18T12:41:18.594+0000][7][gc,start    ] GC(162) Pause Cleanup
[2024-02-18T12:41:18.594+0000][7][gc          ] GC(162) Pause Cleanup 136M->136M(512M) 0.258ms
[2024-02-18T12:41:18.594+0000][7][gc,cpu      ] GC(162) User=0.00s Sys=0.00s Real=0.00s
[2024-02-18T12:41:18.594+0000][7][safepoint   ] Safepoint "G1PauseCleanup", Time since last: 13039844 ns, Reaching safepoint: 12454 ns, Cleanup: 3487 ns, At safepoint: 536047 ns, Total: 551988 ns
[2024-02-18T12:41:18.594+0000][7][gc,marking  ] GC(162) Concurrent Clear Claimed Marks
[2024-02-18T12:41:18.595+0000][7][gc,marking  ] GC(162) Concurrent Clear Claimed Marks 0.264ms
[2024-02-18T12:41:18.595+0000][7][gc,marking  ] GC(162) Concurrent Cleanup for Next Mark
[2024-02-18T12:41:18.595+0000][7][gc,marking  ] GC(162) Concurrent Cleanup for Next Mark 0.431ms
[2024-02-18T12:41:18.595+0000][7][gc          ] GC(162) Concurrent Mark Cycle 61.211ms
[2024-02-18T12:41:41.647+0000][7][safepoint   ] Safepoint "Cleanup", Time since last: 23052909311 ns, Reaching safepoint: 17503 ns, Cleanup: 11863 ns, At safepoint: 2755 ns, Total: 32121 ns
[2024-02-18T12:41:46.648+0000][7][safepoint   ] Safepoint "Cleanup", Time since last: 5000610169 ns, Reaching safepoint: 18536 ns, Cleanup: 13235 ns, At safepoint: 3687 ns, Total: 35458 ns
[2024-02-18T12:42:18.691+0000][7][gc,start    ] GC(163) Pause Young (Normal) (G1 Evacuation Pause)
[2024-02-18T12:42:18.692+0000][7][gc,task     ] GC(163) Using 12 workers of 13 for evacuation
[2024-02-18T12:42:18.692+0000][7][gc,age      ] GC(163) Desired survivor size 20971520 bytes, new threshold 15 (max threshold 15)
[2024-02-18T12:42:18.694+0000][7][gc,phases   ] GC(163)   Pre Evacuate Collection Set: 0.2ms
[2024-02-18T12:42:18.694+0000][7][gc,phases   ] GC(163)   Merge Heap Roots: 0.1ms
[2024-02-18T12:42:18.694+0000][7][gc,phases   ] GC(163)   Evacuate Collection Set: 1.2ms
[2024-02-18T12:42:18.695+0000][7][gc,phases   ] GC(163)   Post Evacuate Collection Set: 0.6ms
[2024-02-18T12:42:18.695+0000][7][gc,phases   ] GC(163)   Other: 0.3ms
[2024-02-18T12:42:18.695+0000][7][gc,age      ] GC(163) Age table with threshold 15 (max threshold 15)
[2024-02-18T12:42:18.695+0000][7][gc,age      ] GC(163) - age   1:    1788400 bytes,    1788400 total
[2024-02-18T12:42:18.695+0000][7][gc,age      ] GC(163) - age   2:      22696 bytes,    1811096 total
[2024-02-18T12:42:18.695+0000][7][gc,age      ] GC(163) - age   3:      13168 bytes,    1824264 total
[2024-02-18T12:42:18.696+0000][7][gc,age      ] GC(163) - age   4:      53872 bytes,    1878136 total
[2024-02-18T12:42:18.696+0000][7][gc,age      ] GC(163) - age   5:       9744 bytes,    1887880 total
[2024-02-18T12:42:18.696+0000][7][gc,age      ] GC(163) - age   6:      11368 bytes,    1899248 total
[2024-02-18T12:42:18.696+0000][7][gc,age      ] GC(163) - age   7:       8392 bytes,    1907640 total
[2024-02-18T12:42:18.696+0000][7][gc,age      ] GC(163) - age   8:       6736 bytes,    1914376 total
[2024-02-18T12:42:18.696+0000][7][gc,age      ] GC(163) - age   9:       6040 bytes,    1920416 total
[2024-02-18T12:42:18.697+0000][7][gc,age      ] GC(163) - age  10:      25856 bytes,    1946272 total
[2024-02-18T12:42:18.697+0000][7][gc,age      ] GC(163) - age  11:       4840 bytes,    1951112 total
[2024-02-18T12:42:18.697+0000][7][gc,age      ] GC(163) - age  12:      20880 bytes,    1971992 total
[2024-02-18T12:42:18.697+0000][7][gc,age      ] GC(163) - age  13:       5128 bytes,    1977120 total
[2024-02-18T12:42:18.697+0000][7][gc,age      ] GC(163) - age  14:       4992 bytes,    1982112 total
[2024-02-18T12:42:18.697+0000][7][gc,age      ] GC(163) - age  15:       8568 bytes,    1990680 total
[2024-02-18T12:42:18.697+0000][7][gc,heap     ] GC(163) Eden regions: 75->0(75)
[2024-02-18T12:42:18.697+0000][7][gc,heap     ] GC(163) Survivor regions: 1->1(10)
[2024-02-18T12:42:18.697+0000][7][gc,heap     ] GC(163) Old regions: 31->31
[2024-02-18T12:42:18.698+0000][7][gc,heap     ] GC(163) Humongous regions: 2->2
[2024-02-18T12:42:18.698+0000][7][gc,metaspace] GC(163) Metaspace: 121195K(125632K)->121195K(125632K) NonClass: 105469K(108096K)->105469K(108096K) Class: 15725K(17536K)->15725K(17536K)
[2024-02-18T12:42:18.698+0000][7][gc          ] GC(163) Pause Young (Normal) (G1 Evacuation Pause) 433M->133M(512M) 6.382ms
[2024-02-18T12:42:18.698+0000][7][gc,cpu      ] GC(163) User=0.01s Sys=0.00s Real=0.01s
[2024-02-18T12:42:18.698+0000][7][safepoint   ] Safepoint "G1CollectForAllocation", Time since last: 32043479262 ns, Reaching safepoint: 35768 ns, Cleanup: 3968 ns, At safepoint: 6685696 ns, Total: 6725432 ns
[2024-02-18T12:42:41.668+0000][7][safepoint   ] Safepoint "Cleanup", Time since last: 22970301421 ns, Reaching safepoint: 24267 ns, Cleanup: 25909 ns, At safepoint: 3417 ns, Total: 53593 ns
[2024-02-18T12:42:51.669+0000][7][safepoint   ] Safepoint "Cleanup", Time since last: 10001074397 ns, Reaching safepoint: 17544 ns, Cleanup: 21351 ns, At safepoint: 3777 ns, Total: 42672 ns
[2024-02-18T12:43:09.671+0000][7][safepoint   ] Safepoint "Cleanup", Time since last: 18001695591 ns, Reaching safepoint: 15069 ns, Cleanup: 14839 ns, At safepoint: 18275 ns, Total: 48183 ns
[2024-02-18T12:43:13.428+0000][7][gc,start    ] GC(164) Pause Young (Concurrent Start) (G1 Evacuation Pause)
[2024-02-18T12:43:13.428+0000][7][gc,task     ] GC(164) Using 12 workers of 13 for evacuation
[2024-02-18T12:43:13.428+0000][7][gc,age      ] GC(164) Desired survivor size 20971520 bytes, new threshold 15 (max threshold 15)
[2024-02-18T12:43:13.431+0000][7][gc,phases   ] GC(164)   Pre Evacuate Collection Set: 0.2ms
[2024-02-18T12:43:13.431+0000][7][gc,phases   ] GC(164)   Merge Heap Roots: 0.1ms
[2024-02-18T12:43:13.431+0000][7][gc,phases   ] GC(164)   Evacuate Collection Set: 1.4ms
[2024-02-18T12:43:13.431+0000][7][gc,phases   ] GC(164)   Post Evacuate Collection Set: 0.6ms
[2024-02-18T12:43:13.431+0000][7][gc,phases   ] GC(164)   Other: 0.3ms
[2024-02-18T12:43:13.431+0000][7][gc,age      ] GC(164) Age table with threshold 15 (max threshold 15)
[2024-02-18T12:43:13.431+0000][7][gc,age      ] GC(164) - age   1:     865552 bytes,     865552 total
[2024-02-18T12:43:13.432+0000][7][gc,age      ] GC(164) - age   2:      56136 bytes,     921688 total
[2024-02-18T12:43:13.432+0000][7][gc,age      ] GC(164) - age   3:      20456 bytes,     942144 total
[2024-02-18T12:43:13.432+0000][7][gc,age      ] GC(164) - age   4:      12528 bytes,     954672 total
[2024-02-18T12:43:13.432+0000][7][gc,age      ] GC(164) - age   5:      49744 bytes,    1004416 total
[2024-02-18T12:43:13.432+0000][7][gc,age      ] GC(164) - age   6:       9744 bytes,    1014160 total
[2024-02-18T12:43:13.432+0000][7][gc,age      ] GC(164) - age   7:       7832 bytes,    1021992 total
[2024-02-18T12:43:13.432+0000][7][gc,age      ] GC(164) - age   8:       8168 bytes,    1030160 total
[2024-02-18T12:43:13.432+0000][7][gc,age      ] GC(164) - age   9:       3712 bytes,    1033872 total
[2024-02-18T12:43:13.432+0000][7][gc,age      ] GC(164) - age  10:       5976 bytes,    1039848 total
[2024-02-18T12:43:13.432+0000][7][gc,age      ] GC(164) - age  11:      22384 bytes,    1062232 total
[2024-02-18T12:43:13.433+0000][7][gc,age      ] GC(164) - age  12:       4840 bytes,    1067072 total
[2024-02-18T12:43:13.433+0000][7][gc,age      ] GC(164) - age  13:      20880 bytes,    1087952 total
[2024-02-18T12:43:13.433+0000][7][gc,age      ] GC(164) - age  14:       5128 bytes,    1093080 total
[2024-02-18T12:43:13.433+0000][7][gc,age      ] GC(164) - age  15:       4992 bytes,    1098072 total
[2024-02-18T12:43:13.433+0000][7][gc,heap     ] GC(164) Eden regions: 75->0(75)
[2024-02-18T12:43:13.433+0000][7][gc,heap     ] GC(164) Survivor regions: 1->1(10)
[2024-02-18T12:43:13.433+0000][7][gc,heap     ] GC(164) Old regions: 31->31
[2024-02-18T12:43:13.433+0000][7][gc,heap     ] GC(164) Humongous regions: 2->2
[2024-02-18T12:43:13.433+0000][7][gc,metaspace] GC(164) Metaspace: 121216K(125632K)->121216K(125632K) NonClass: 105491K(108096K)->105491K(108096K) Class: 15725K(17536K)->15725K(17536K)
[2024-02-18T12:43:13.433+0000][7][gc          ] GC(164) Pause Young (Concurrent Start) (G1 Evacuation Pause) 433M->132M(512M) 5.474ms
[2024-02-18T12:43:13.434+0000][7][gc          ] GC(165) Concurrent Mark Cycle
[2024-02-18T12:43:13.434+0000][7][gc,marking  ] GC(165) Concurrent Scan Root Regions
[2024-02-18T12:43:13.434+0000][7][gc,cpu      ] GC(164) User=0.01s Sys=0.00s Real=0.00s
[2024-02-18T12:43:13.434+0000][7][safepoint   ] Safepoint "G1CollectForAllocation", Time since last: 3756568981 ns, Reaching safepoint: 24958 ns, Cleanup: 5891 ns, At safepoint: 6139063 ns, Total: 6169912 ns
[2024-02-18T12:43:13.435+0000][7][gc,marking  ] GC(165) Concurrent Scan Root Regions 1.176ms
[2024-02-18T12:43:13.435+0000][7][gc,marking  ] GC(165) Concurrent Mark
[2024-02-18T12:43:13.435+0000][7][gc,marking  ] GC(165) Concurrent Mark From Roots
[2024-02-18T12:43:13.435+0000][7][gc,task     ] GC(165) Using 3 workers of 3 for marking
[2024-02-18T12:43:13.473+0000][7][gc,marking  ] GC(165) Concurrent Mark From Roots 38.156ms
[2024-02-18T12:43:13.474+0000][7][gc,marking  ] GC(165) Concurrent Preclean
[2024-02-18T12:43:13.474+0000][7][gc,marking  ] GC(165) Concurrent Preclean 0.405ms
[2024-02-18T12:43:13.474+0000][7][gc,start    ] GC(165) Pause Remark
[2024-02-18T12:43:13.477+0000][7][gc          ] GC(165) Pause Remark 132M->132M(512M) 3.039ms
[2024-02-18T12:43:13.477+0000][7][gc,cpu      ] GC(165) User=0.03s Sys=0.00s Real=0.01s
[2024-02-18T12:43:13.478+0000][7][safepoint   ] Safepoint "G1PauseRemark", Time since last: 40189716 ns, Reaching safepoint: 15440 ns, Cleanup: 3487 ns, At safepoint: 3387669 ns, Total: 3406596 ns
[2024-02-18T12:43:13.478+0000][7][gc,marking  ] GC(165) Concurrent Mark 42.757ms
[2024-02-18T12:43:13.478+0000][7][gc,marking  ] GC(165) Concurrent Rebuild Remembered Sets and Scrub Regions
[2024-02-18T12:43:13.494+0000][7][gc,marking  ] GC(165) Concurrent Rebuild Remembered Sets and Scrub Regions 15.855ms
[2024-02-18T12:43:13.494+0000][7][gc,start    ] GC(165) Pause Cleanup
[2024-02-18T12:43:13.494+0000][7][gc          ] GC(165) Pause Cleanup 132M->132M(512M) 0.290ms
[2024-02-18T12:43:13.494+0000][7][gc,cpu      ] GC(165) User=0.00s Sys=0.00s Real=0.00s
[2024-02-18T12:43:13.495+0000][7][safepoint   ] Safepoint "G1PauseCleanup", Time since last: 16376144 ns, Reaching safepoint: 12574 ns, Cleanup: 3096 ns, At safepoint: 578980 ns, Total: 594650 ns
[2024-02-18T12:43:13.495+0000][7][gc,marking  ] GC(165) Concurrent Clear Claimed Marks
[2024-02-18T12:43:13.495+0000][7][gc,marking  ] GC(165) Concurrent Clear Claimed Marks 0.227ms
[2024-02-18T12:43:13.495+0000][7][gc,marking  ] GC(165) Concurrent Cleanup for Next Mark
[2024-02-18T12:43:13.496+0000][7][gc,marking  ] GC(165) Concurrent Cleanup for Next Mark 0.502ms
[2024-02-18T12:43:13.496+0000][7][gc          ] GC(165) Concurrent Mark Cycle 62.253ms
[2024-02-18T12:43:47.689+0000][7][safepoint   ] Safepoint "Cleanup", Time since last: 34194158665 ns, Reaching safepoint: 18205 ns, Cleanup: 13907 ns, At safepoint: 3827 ns, Total: 35939 ns
[2024-02-18T12:44:12.298+0000][7][gc,start    ] GC(166) Pause Young (Normal) (G1 Evacuation Pause)
[2024-02-18T12:44:12.299+0000][7][gc,task     ] GC(166) Using 12 workers of 13 for evacuation
[2024-02-18T12:44:12.299+0000][7][gc,age      ] GC(166) Desired survivor size 20971520 bytes, new threshold 15 (max threshold 15)
[2024-02-18T12:44:12.301+0000][7][gc,phases   ] GC(166)   Pre Evacuate Collection Set: 0.2ms
[2024-02-18T12:44:12.302+0000][7][gc,phases   ] GC(166)   Merge Heap Roots: 0.1ms
[2024-02-18T12:44:12.302+0000][7][gc,phases   ] GC(166)   Evacuate Collection Set: 1.2ms
[2024-02-18T12:44:12.302+0000][7][gc,phases   ] GC(166)   Post Evacuate Collection Set: 0.6ms
[2024-02-18T12:44:12.302+0000][7][gc,phases   ] GC(166)   Other: 0.5ms
[2024-02-18T12:44:12.302+0000][7][gc,age      ] GC(166) Age table with threshold 15 (max threshold 15)
[2024-02-18T12:44:12.302+0000][7][gc,age      ] GC(166) - age   1:     337240 bytes,     337240 total
[2024-02-18T12:44:12.302+0000][7][gc,age      ] GC(166) - age   2:      26080 bytes,     363320 total
[2024-02-18T12:44:12.303+0000][7][gc,age      ] GC(166) - age   3:      52840 bytes,     416160 total
[2024-02-18T12:44:12.303+0000][7][gc,age      ] GC(166) - age   4:      20136 bytes,     436296 total
[2024-02-18T12:44:12.303+0000][7][gc,age      ] GC(166) - age   5:      12464 bytes,     448760 total
[2024-02-18T12:44:12.303+0000][7][gc,age      ] GC(166) - age   6:      49744 bytes,     498504 total
[2024-02-18T12:44:12.303+0000][7][gc,age      ] GC(166) - age   7:       9336 bytes,     507840 total
[2024-02-18T12:44:12.303+0000][7][gc,age      ] GC(166) - age   8:       7768 bytes,     515608 total
[2024-02-18T12:44:12.303+0000][7][gc,age      ] GC(166) - age   9:       7856 bytes,     523464 total
[2024-02-18T12:44:12.303+0000][7][gc,age      ] GC(166) - age  10:       3648 bytes,     527112 total
[2024-02-18T12:44:12.304+0000][7][gc,age      ] GC(166) - age  11:       5976 bytes,     533088 total
[2024-02-18T12:44:12.304+0000][7][gc,age      ] GC(166) - age  12:      22384 bytes,     555472 total
[2024-02-18T12:44:12.304+0000][7][gc,age      ] GC(166) - age  13:       4840 bytes,     560312 total
[2024-02-18T12:44:12.304+0000][7][gc,age      ] GC(166) - age  14:      20880 bytes,     581192 total
[2024-02-18T12:44:12.304+0000][7][gc,age      ] GC(166) - age  15:       5128 bytes,     586320 total
[2024-02-18T12:44:12.304+0000][7][gc,heap     ] GC(166) Eden regions: 75->0(75)
[2024-02-18T12:44:12.304+0000][7][gc,heap     ] GC(166) Survivor regions: 1->1(10)
[2024-02-18T12:44:12.304+0000][7][gc,heap     ] GC(166) Old regions: 31->31
[2024-02-18T12:44:12.304+0000][7][gc,heap     ] GC(166) Humongous regions: 2->2
[2024-02-18T12:44:12.305+0000][7][gc,metaspace] GC(166) Metaspace: 121219K(125632K)->121219K(125632K) NonClass: 105494K(108096K)->105494K(108096K) Class: 15725K(17536K)->15725K(17536K)
[2024-02-18T12:44:12.305+0000][7][gc          ] GC(166) Pause Young (Normal) (G1 Evacuation Pause) 432M->132M(512M) 6.240ms
[2024-02-18T12:44:12.305+0000][7][gc,cpu      ] GC(166) User=0.01s Sys=0.01s Real=0.00s
[2024-02-18T12:44:12.305+0000][7][safepoint   ] Safepoint "G1CollectForAllocation", Time since last: 24609724372 ns, Reaching safepoint: 16461 ns, Cleanup: 3748 ns, At safepoint: 6550776 ns, Total: 6570985 ns
[2024-02-18T12:44:51.711+0000][7][safepoint   ] Safepoint "Cleanup", Time since last: 39405956705 ns, Reaching safepoint: 15409 ns, Cleanup: 10330 ns, At safepoint: 3507 ns, Total: 29246 ns
[2024-02-18T12:45:15.690+0000][7][gc,start    ] GC(167) Pause Young (Concurrent Start) (G1 Evacuation Pause)
[2024-02-18T12:45:15.691+0000][7][gc,task     ] GC(167) Using 12 workers of 13 for evacuation
[2024-02-18T12:45:15.691+0000][7][gc,age      ] GC(167) Desired survivor size 20971520 bytes, new threshold 15 (max threshold 15)
[2024-02-18T12:45:15.693+0000][7][gc,phases   ] GC(167)   Pre Evacuate Collection Set: 0.3ms
[2024-02-18T12:45:15.694+0000][7][gc,phases   ] GC(167)   Merge Heap Roots: 0.2ms
[2024-02-18T12:45:15.694+0000][7][gc,phases   ] GC(167)   Evacuate Collection Set: 1.4ms
[2024-02-18T12:45:15.694+0000][7][gc,phases   ] GC(167)   Post Evacuate Collection Set: 0.6ms
[2024-02-18T12:45:15.694+0000][7][gc,phases   ] GC(167)   Other: 0.4ms
[2024-02-18T12:45:15.694+0000][7][gc,age      ] GC(167) Age table with threshold 15 (max threshold 15)
[2024-02-18T12:45:15.694+0000][7][gc,age      ] GC(167) - age   1:    1236568 bytes,    1236568 total
[2024-02-18T12:45:15.694+0000][7][gc,age      ] GC(167) - age   2:      35736 bytes,    1272304 total
[2024-02-18T12:45:15.694+0000][7][gc,age      ] GC(167) - age   3:      23160 bytes,    1295464 total
[2024-02-18T12:45:15.694+0000][7][gc,age      ] GC(167) - age   4:      51504 bytes,    1346968 total
[2024-02-18T12:45:15.695+0000][7][gc,age      ] GC(167) - age   5:      20072 bytes,    1367040 total
[2024-02-18T12:45:15.695+0000][7][gc,age      ] GC(167) - age   6:      12208 bytes,    1379248 total
[2024-02-18T12:45:15.695+0000][7][gc,age      ] GC(167) - age   7:      49744 bytes,    1428992 total
[2024-02-18T12:45:15.695+0000][7][gc,age      ] GC(167) - age   8:       9336 bytes,    1438328 total
[2024-02-18T12:45:15.695+0000][7][gc,age      ] GC(167) - age   9:       4296 bytes,    1442624 total
[2024-02-18T12:45:15.695+0000][7][gc,age      ] GC(167) - age  10:       7856 bytes,    1450480 total
[2024-02-18T12:45:15.695+0000][7][gc,age      ] GC(167) - age  11:       3616 bytes,    1454096 total
[2024-02-18T12:45:15.695+0000][7][gc,age      ] GC(167) - age  12:       5976 bytes,    1460072 total
[2024-02-18T12:45:15.695+0000][7][gc,age      ] GC(167) - age  13:      22384 bytes,    1482456 total
[2024-02-18T12:45:15.695+0000][7][gc,age      ] GC(167) - age  14:       4840 bytes,    1487296 total
[2024-02-18T12:45:15.696+0000][7][gc,age      ] GC(167) - age  15:      20880 bytes,    1508176 total
[2024-02-18T12:45:15.696+0000][7][gc,heap     ] GC(167) Eden regions: 75->0(75)
[2024-02-18T12:45:15.696+0000][7][gc,heap     ] GC(167) Survivor regions: 1->1(10)
[2024-02-18T12:45:15.696+0000][7][gc,heap     ] GC(167) Old regions: 31->31
[2024-02-18T12:45:15.696+0000][7][gc,heap     ] GC(167) Humongous regions: 2->2
[2024-02-18T12:45:15.696+0000][7][gc,metaspace] GC(167) Metaspace: 121222K(125632K)->121222K(125632K) NonClass: 105497K(108096K)->105497K(108096K) Class: 15725K(17536K)->15725K(17536K)
[2024-02-18T12:45:15.696+0000][7][gc          ] GC(167) Pause Young (Concurrent Start) (G1 Evacuation Pause) 432M->133M(512M) 5.946ms
[2024-02-18T12:45:15.697+0000][7][gc          ] GC(168) Concurrent Mark Cycle
[2024-02-18T12:45:15.697+0000][7][gc,marking  ] GC(168) Concurrent Scan Root Regions
[2024-02-18T12:45:15.697+0000][7][gc,cpu      ] GC(167) User=0.01s Sys=0.00s Real=0.01s
[2024-02-18T12:45:15.697+0000][7][safepoint   ] Safepoint "G1CollectForAllocation", Time since last: 23979282190 ns, Reaching safepoint: 32552 ns, Cleanup: 3587 ns, At safepoint: 6630058 ns, Total: 6666197 ns
[2024-02-18T12:45:15.698+0000][7][gc,marking  ] GC(168) Concurrent Scan Root Regions 1.031ms
[2024-02-18T12:45:15.698+0000][7][gc,marking  ] GC(168) Concurrent Mark
[2024-02-18T12:45:15.698+0000][7][gc,marking  ] GC(168) Concurrent Mark From Roots
[2024-02-18T12:45:15.698+0000][7][gc,task     ] GC(168) Using 3 workers of 3 for marking
[2024-02-18T12:45:15.732+0000][7][gc,marking  ] GC(168) Concurrent Mark From Roots 34.099ms
[2024-02-18T12:45:15.732+0000][7][gc,marking  ] GC(168) Concurrent Preclean
[2024-02-18T12:45:15.733+0000][7][gc,marking  ] GC(168) Concurrent Preclean 0.386ms
[2024-02-18T12:45:15.733+0000][7][gc,start    ] GC(168) Pause Remark
[2024-02-18T12:45:15.736+0000][7][gc          ] GC(168) Pause Remark 133M->133M(512M) 3.016ms
[2024-02-18T12:45:15.736+0000][7][gc,cpu      ] GC(168) User=0.02s Sys=0.00s Real=0.01s
[2024-02-18T12:45:15.736+0000][7][safepoint   ] Safepoint "G1PauseRemark", Time since last: 35871075 ns, Reaching safepoint: 16001 ns, Cleanup: 3777 ns, At safepoint: 3403529 ns, Total: 3423307 ns
[2024-02-18T12:45:15.736+0000][7][gc,marking  ] GC(168) Concurrent Mark 38.614ms
[2024-02-18T12:45:15.737+0000][7][gc,marking  ] GC(168) Concurrent Rebuild Remembered Sets and Scrub Regions
[2024-02-18T12:45:15.749+0000][7][gc,marking  ] GC(168) Concurrent Rebuild Remembered Sets and Scrub Regions 12.321ms
[2024-02-18T12:45:15.749+0000][7][gc,start    ] GC(168) Pause Cleanup
[2024-02-18T12:45:15.749+0000][7][gc          ] GC(168) Pause Cleanup 133M->133M(512M) 0.267ms
[2024-02-18T12:45:15.750+0000][7][gc,cpu      ] GC(168) User=0.00s Sys=0.00s Real=0.00s
[2024-02-18T12:45:15.750+0000][7][safepoint   ] Safepoint "G1PauseCleanup", Time since last: 12851444 ns, Reaching safepoint: 12163 ns, Cleanup: 4419 ns, At safepoint: 567177 ns, Total: 583759 ns
[2024-02-18T12:45:15.750+0000][7][gc,marking  ] GC(168) Concurrent Clear Claimed Marks
[2024-02-18T12:45:15.750+0000][7][gc,marking  ] GC(168) Concurrent Clear Claimed Marks 0.269ms
[2024-02-18T12:45:15.750+0000][7][gc,marking  ] GC(168) Concurrent Cleanup for Next Mark
[2024-02-18T12:45:15.751+0000][7][gc,marking  ] GC(168) Concurrent Cleanup for Next Mark 0.376ms
[2024-02-18T12:45:15.751+0000][7][gc          ] GC(168) Concurrent Mark Cycle 54.212ms
[2024-02-18T12:45:37.730+0000][7][safepoint   ] Safepoint "Cleanup", Time since last: 21979987936 ns, Reaching safepoint: 17172 ns, Cleanup: 14388 ns, At safepoint: 3437 ns, Total: 34997 ns
[2024-02-18T12:46:15.549+0000][7][gc,start    ] GC(169) Pause Young (Normal) (G1 Evacuation Pause)
[2024-02-18T12:46:15.549+0000][7][gc,task     ] GC(169) Using 12 workers of 13 for evacuation
[2024-02-18T12:46:15.549+0000][7][gc,age      ] GC(169) Desired survivor size 20971520 bytes, new threshold 15 (max threshold 15)
[2024-02-18T12:46:15.552+0000][7][gc,phases   ] GC(169)   Pre Evacuate Collection Set: 0.2ms
[2024-02-18T12:46:15.552+0000][7][gc,phases   ] GC(169)   Merge Heap Roots: 0.1ms
[2024-02-18T12:46:15.552+0000][7][gc,phases   ] GC(169)   Evacuate Collection Set: 1.5ms
[2024-02-18T12:46:15.552+0000][7][gc,phases   ] GC(169)   Post Evacuate Collection Set: 0.5ms
[2024-02-18T12:46:15.552+0000][7][gc,phases   ] GC(169)   Other: 0.3ms
[2024-02-18T12:46:15.552+0000][7][gc,age      ] GC(169) Age table with threshold 15 (max threshold 15)
[2024-02-18T12:46:15.552+0000][7][gc,age      ] GC(169) - age   1:     979872 bytes,     979872 total
[2024-02-18T12:46:15.552+0000][7][gc,age      ] GC(169) - age   2:      15088 bytes,     994960 total
[2024-02-18T12:46:15.552+0000][7][gc,age      ] GC(169) - age   3:      34016 bytes,    1028976 total
[2024-02-18T12:46:15.553+0000][7][gc,age      ] GC(169) - age   4:      23128 bytes,    1052104 total
[2024-02-18T12:46:15.553+0000][7][gc,age      ] GC(169) - age   5:      51376 bytes,    1103480 total
[2024-02-18T12:46:15.553+0000][7][gc,age      ] GC(169) - age   6:       5616 bytes,    1109096 total
[2024-02-18T12:46:15.553+0000][7][gc,age      ] GC(169) - age   7:      12176 bytes,    1121272 total
[2024-02-18T12:46:15.553+0000][7][gc,age      ] GC(169) - age   8:      17456 bytes,    1138728 total
[2024-02-18T12:46:15.553+0000][7][gc,age      ] GC(169) - age   9:       9336 bytes,    1148064 total
[2024-02-18T12:46:15.553+0000][7][gc,age      ] GC(169) - age  10:       4296 bytes,    1152360 total
[2024-02-18T12:46:15.553+0000][7][gc,age      ] GC(169) - age  11:       7856 bytes,    1160216 total
[2024-02-18T12:46:15.553+0000][7][gc,age      ] GC(169) - age  12:       3616 bytes,    1163832 total
[2024-02-18T12:46:15.553+0000][7][gc,age      ] GC(169) - age  13:       5976 bytes,    1169808 total
[2024-02-18T12:46:15.553+0000][7][gc,age      ] GC(169) - age  14:      22384 bytes,    1192192 total
[2024-02-18T12:46:15.553+0000][7][gc,age      ] GC(169) - age  15:       4840 bytes,    1197032 total
[2024-02-18T12:46:15.554+0000][7][gc,heap     ] GC(169) Eden regions: 75->0(75)
[2024-02-18T12:46:15.554+0000][7][gc,heap     ] GC(169) Survivor regions: 1->1(10)
[2024-02-18T12:46:15.554+0000][7][gc,heap     ] GC(169) Old regions: 31->31
[2024-02-18T12:46:15.554+0000][7][gc,heap     ] GC(169) Humongous regions: 2->2
[2024-02-18T12:46:15.554+0000][7][gc,metaspace] GC(169) Metaspace: 121233K(125632K)->121233K(125632K) NonClass: 105508K(108096K)->105508K(108096K) Class: 15725K(17536K)->15725K(17536K)
[2024-02-18T12:46:15.554+0000][7][gc          ] GC(169) Pause Young (Normal) (G1 Evacuation Pause) 433M->133M(512M) 5.000ms
[2024-02-18T12:46:15.554+0000][7][gc,cpu      ] GC(169) User=0.01s Sys=0.00s Real=0.00s
[2024-02-18T12:46:15.554+0000][7][safepoint   ] Safepoint "G1CollectForAllocation", Time since last: 37819174368 ns, Reaching safepoint: 15159 ns, Cleanup: 3266 ns, At safepoint: 5273360 ns, Total: 5291785 ns
[2024-02-18T12:46:45.750+0000][7][safepoint   ] Safepoint "Cleanup", Time since last: 30196063762 ns, Reaching safepoint: 14868 ns, Cleanup: 14949 ns, At safepoint: 3216 ns, Total: 33033 ns
[2024-02-18T12:46:57.752+0000][7][safepoint   ] Safepoint "Cleanup", Time since last: 12001173884 ns, Reaching safepoint: 16802 ns, Cleanup: 9058 ns, At safepoint: 3226 ns, Total: 29086 ns
[2024-02-18T12:47:16.572+0000][7][gc,start    ] GC(170) Pause Young (Concurrent Start) (G1 Evacuation Pause)
[2024-02-18T12:47:16.572+0000][7][gc,task     ] GC(170) Using 12 workers of 13 for evacuation
[2024-02-18T12:47:16.572+0000][7][gc,age      ] GC(170) Desired survivor size 20971520 bytes, new threshold 15 (max threshold 15)
[2024-02-18T12:47:16.575+0000][7][gc,phases   ] GC(170)   Pre Evacuate Collection Set: 0.2ms
[2024-02-18T12:47:16.575+0000][7][gc,phases   ] GC(170)   Merge Heap Roots: 0.1ms
[2024-02-18T12:47:16.575+0000][7][gc,phases   ] GC(170)   Evacuate Collection Set: 1.6ms
[2024-02-18T12:47:16.575+0000][7][gc,phases   ] GC(170)   Post Evacuate Collection Set: 0.6ms
[2024-02-18T12:47:16.575+0000][7][gc,phases   ] GC(170)   Other: 0.3ms
[2024-02-18T12:47:16.575+0000][7][gc,age      ] GC(170) Age table with threshold 15 (max threshold 15)
[2024-02-18T12:47:16.575+0000][7][gc,age      ] GC(170) - age   1:    1815440 bytes,    1815440 total
[2024-02-18T12:47:16.575+0000][7][gc,age      ] GC(170) - age   2:      32816 bytes,    1848256 total
[2024-02-18T12:47:16.575+0000][7][gc,age      ] GC(170) - age   3:      10008 bytes,    1858264 total
[2024-02-18T12:47:16.575+0000][7][gc,age      ] GC(170) - age   4:      32128 bytes,    1890392 total
[2024-02-18T12:47:16.575+0000][7][gc,age      ] GC(170) - age   5:      21400 bytes,    1911792 total
[2024-02-18T12:47:16.576+0000][7][gc,age      ] GC(170) - age   6:      30592 bytes,    1942384 total
[2024-02-18T12:47:16.576+0000][7][gc,age      ] GC(170) - age   7:       5584 bytes,    1947968 total
[2024-02-18T12:47:16.576+0000][7][gc,age      ] GC(170) - age   8:       4432 bytes,    1952400 total
[2024-02-18T12:47:16.576+0000][7][gc,age      ] GC(170) - age   9:       4672 bytes,    1957072 total
[2024-02-18T12:47:16.576+0000][7][gc,age      ] GC(170) - age  10:       4856 bytes,    1961928 total
[2024-02-18T12:47:16.576+0000][7][gc,age      ] GC(170) - age  11:       4296 bytes,    1966224 total
[2024-02-18T12:47:16.576+0000][7][gc,age      ] GC(170) - age  12:       7856 bytes,    1974080 total
[2024-02-18T12:47:16.576+0000][7][gc,age      ] GC(170) - age  13:       3616 bytes,    1977696 total
[2024-02-18T12:47:16.576+0000][7][gc,age      ] GC(170) - age  14:       5976 bytes,    1983672 total
[2024-02-18T12:47:16.576+0000][7][gc,age      ] GC(170) - age  15:      22384 bytes,    2006056 total
[2024-02-18T12:47:16.576+0000][7][gc,heap     ] GC(170) Eden regions: 75->0(75)
[2024-02-18T12:47:16.577+0000][7][gc,heap     ] GC(170) Survivor regions: 1->1(10)
[2024-02-18T12:47:16.577+0000][7][gc,heap     ] GC(170) Old regions: 31->31
[2024-02-18T12:47:16.577+0000][7][gc,heap     ] GC(170) Humongous regions: 2->2
[2024-02-18T12:47:16.577+0000][7][gc,metaspace] GC(170) Metaspace: 121237K(125632K)->121237K(125632K) NonClass: 105512K(108096K)->105512K(108096K) Class: 15725K(17536K)->15725K(17536K)
[2024-02-18T12:47:16.577+0000][7][gc          ] GC(170) Pause Young (Concurrent Start) (G1 Evacuation Pause) 433M->133M(512M) 5.441ms
[2024-02-18T12:47:16.577+0000][7][gc          ] GC(171) Concurrent Mark Cycle
[2024-02-18T12:47:16.577+0000][7][gc,marking  ] GC(171) Concurrent Scan Root Regions
[2024-02-18T12:47:16.577+0000][7][gc,cpu      ] GC(170) User=0.01s Sys=0.00s Real=0.01s
[2024-02-18T12:47:16.578+0000][7][safepoint   ] Safepoint "G1CollectForAllocation", Time since last: 18819970976 ns, Reaching safepoint: 32152 ns, Cleanup: 4097 ns, At safepoint: 5968272 ns, Total: 6004521 ns
[2024-02-18T12:47:16.578+0000][7][gc,marking  ] GC(171) Concurrent Scan Root Regions 1.127ms
[2024-02-18T12:47:16.579+0000][7][gc,marking  ] GC(171) Concurrent Mark
[2024-02-18T12:47:16.579+0000][7][gc,marking  ] GC(171) Concurrent Mark From Roots
[2024-02-18T12:47:16.579+0000][7][gc,task     ] GC(171) Using 3 workers of 3 for marking
[2024-02-18T12:47:16.615+0000][7][gc,marking  ] GC(171) Concurrent Mark From Roots 36.290ms
[2024-02-18T12:47:16.615+0000][7][gc,marking  ] GC(171) Concurrent Preclean
[2024-02-18T12:47:16.616+0000][7][gc,marking  ] GC(171) Concurrent Preclean 0.417ms
[2024-02-18T12:47:16.616+0000][7][gc,start    ] GC(171) Pause Remark
[2024-02-18T12:47:16.619+0000][7][gc          ] GC(171) Pause Remark 136M->136M(512M) 2.888ms
[2024-02-18T12:47:16.619+0000][7][gc,cpu      ] GC(171) User=0.02s Sys=0.00s Real=0.01s
[2024-02-18T12:47:16.619+0000][7][safepoint   ] Safepoint "G1PauseRemark", Time since last: 38184028 ns, Reaching safepoint: 15430 ns, Cleanup: 3396 ns, At safepoint: 3221927 ns, Total: 3240753 ns
[2024-02-18T12:47:16.619+0000][7][gc,marking  ] GC(171) Concurrent Mark 40.506ms
[2024-02-18T12:47:16.619+0000][7][gc,marking  ] GC(171) Concurrent Rebuild Remembered Sets and Scrub Regions
[2024-02-18T12:47:16.633+0000][7][gc,marking  ] GC(171) Concurrent Rebuild Remembered Sets and Scrub Regions 13.524ms
[2024-02-18T12:47:16.633+0000][7][gc,start    ] GC(171) Pause Cleanup
[2024-02-18T12:47:16.633+0000][7][gc          ] GC(171) Pause Cleanup 136M->136M(512M) 0.224ms
[2024-02-18T12:47:16.633+0000][7][gc,cpu      ] GC(171) User=0.00s Sys=0.00s Real=0.00s
[2024-02-18T12:47:16.633+0000][7][safepoint   ] Safepoint "G1PauseCleanup", Time since last: 13954447 ns, Reaching safepoint: 15249 ns, Cleanup: 2866 ns, At safepoint: 458107 ns, Total: 476222 ns
[2024-02-18T12:47:16.634+0000][7][gc,marking  ] GC(171) Concurrent Clear Claimed Marks
[2024-02-18T12:47:16.634+0000][7][gc,marking  ] GC(171) Concurrent Clear Claimed Marks 0.246ms
[2024-02-18T12:47:16.634+0000][7][gc,marking  ] GC(171) Concurrent Cleanup for Next Mark
[2024-02-18T12:47:16.634+0000][7][gc,marking  ] GC(171) Concurrent Cleanup for Next Mark 0.505ms
[2024-02-18T12:47:16.635+0000][7][gc          ] GC(171) Concurrent Mark Cycle 57.374ms
[2024-02-18T12:47:46.770+0000][7][safepoint   ] Safepoint "Cleanup", Time since last: 30136879787 ns, Reaching safepoint: 17804 ns, Cleanup: 15400 ns, At safepoint: 3957 ns, Total: 37161 ns
[2024-02-18T12:48:03.772+0000][7][safepoint   ] Safepoint "Cleanup", Time since last: 17001751130 ns, Reaching safepoint: 16702 ns, Cleanup: 11642 ns, At safepoint: 3297 ns, Total: 31641 ns
[2024-02-18T12:48:15.529+0000][7][gc,start    ] GC(172) Pause Young (Normal) (G1 Evacuation Pause)
[2024-02-18T12:48:15.529+0000][7][gc,task     ] GC(172) Using 12 workers of 13 for evacuation
[2024-02-18T12:48:15.529+0000][7][gc,age      ] GC(172) Desired survivor size 20971520 bytes, new threshold 15 (max threshold 15)
[2024-02-18T12:48:15.532+0000][7][gc,phases   ] GC(172)   Pre Evacuate Collection Set: 0.2ms
[2024-02-18T12:48:15.532+0000][7][gc,phases   ] GC(172)   Merge Heap Roots: 0.1ms
[2024-02-18T12:48:15.532+0000][7][gc,phases   ] GC(172)   Evacuate Collection Set: 1.4ms
[2024-02-18T12:48:15.532+0000][7][gc,phases   ] GC(172)   Post Evacuate Collection Set: 0.5ms
[2024-02-18T12:48:15.532+0000][7][gc,phases   ] GC(172)   Other: 0.3ms
[2024-02-18T12:48:15.532+0000][7][gc,age      ] GC(172) Age table with threshold 15 (max threshold 15)
[2024-02-18T12:48:15.532+0000][7][gc,age      ] GC(172) - age   1:    1199832 bytes,    1199832 total
[2024-02-18T12:48:15.533+0000][7][gc,age      ] GC(172) - age   2:      60104 bytes,    1259936 total
[2024-02-18T12:48:15.533+0000][7][gc,age      ] GC(172) - age   3:      30848 bytes,    1290784 total
[2024-02-18T12:48:15.533+0000][7][gc,age      ] GC(172) - age   4:       8856 bytes,    1299640 total
[2024-02-18T12:48:15.533+0000][7][gc,age      ] GC(172) - age   5:      31936 bytes,    1331576 total
[2024-02-18T12:48:15.533+0000][7][gc,age      ] GC(172) - age   6:      21224 bytes,    1352800 total
[2024-02-18T12:48:15.533+0000][7][gc,age      ] GC(172) - age   7:      27120 bytes,    1379920 total
[2024-02-18T12:48:15.533+0000][7][gc,age      ] GC(172) - age   8:       5584 bytes,    1385504 total
[2024-02-18T12:48:15.533+0000][7][gc,age      ] GC(172) - age   9:       4432 bytes,    1389936 total
[2024-02-18T12:48:15.533+0000][7][gc,age      ] GC(172) - age  10:       4672 bytes,    1394608 total
[2024-02-18T12:48:15.533+0000][7][gc,age      ] GC(172) - age  11:       4856 bytes,    1399464 total
[2024-02-18T12:48:15.533+0000][7][gc,age      ] GC(172) - age  12:       4296 bytes,    1403760 total
[2024-02-18T12:48:15.533+0000][7][gc,age      ] GC(172) - age  13:       7856 bytes,    1411616 total
[2024-02-18T12:48:15.533+0000][7][gc,age      ] GC(172) - age  14:       3616 bytes,    1415232 total
[2024-02-18T12:48:15.533+0000][7][gc,age      ] GC(172) - age  15:       5976 bytes,    1421208 total
[2024-02-18T12:48:15.534+0000][7][gc,heap     ] GC(172) Eden regions: 75->0(75)
[2024-02-18T12:48:15.534+0000][7][gc,heap     ] GC(172) Survivor regions: 1->1(10)
[2024-02-18T12:48:15.534+0000][7][gc,heap     ] GC(172) Old regions: 31->31
[2024-02-18T12:48:15.534+0000][7][gc,heap     ] GC(172) Humongous regions: 2->2
[2024-02-18T12:48:15.534+0000][7][gc,metaspace] GC(172) Metaspace: 121238K(125632K)->121238K(125632K) NonClass: 105512K(108096K)->105512K(108096K) Class: 15725K(17536K)->15725K(17536K)
[2024-02-18T12:48:15.534+0000][7][gc          ] GC(172) Pause Young (Normal) (G1 Evacuation Pause) 433M->133M(512M) 4.784ms
[2024-02-18T12:48:15.534+0000][7][gc,cpu      ] GC(172) User=0.01s Sys=0.00s Real=0.00s
[2024-02-18T12:48:15.534+0000][7][safepoint   ] Safepoint "G1CollectForAllocation", Time since last: 11757028420 ns, Reaching safepoint: 34526 ns, Cleanup: 3397 ns, At safepoint: 5008823 ns, Total: 5046746 ns
[2024-02-18T12:48:22.535+0000][7][safepoint   ] Safepoint "Cleanup", Time since last: 7000616447 ns, Reaching safepoint: 14949 ns, Cleanup: 8326 ns, At safepoint: 3266 ns, Total: 26541 ns
[2024-02-18T12:48:42.791+0000][7][safepoint   ] Safepoint "Cleanup", Time since last: 20255958499 ns, Reaching safepoint: 14217 ns, Cleanup: 7585 ns, At safepoint: 2935 ns, Total: 24737 ns
[2024-02-18T12:49:18.547+0000][7][gc,start    ] GC(173) Pause Young (Concurrent Start) (G1 Evacuation Pause)
[2024-02-18T12:49:18.547+0000][7][gc,task     ] GC(173) Using 12 workers of 13 for evacuation
[2024-02-18T12:49:18.547+0000][7][gc,age      ] GC(173) Desired survivor size 20971520 bytes, new threshold 15 (max threshold 15)
[2024-02-18T12:49:18.550+0000][7][gc,phases   ] GC(173)   Pre Evacuate Collection Set: 0.2ms
[2024-02-18T12:49:18.550+0000][7][gc,phases   ] GC(173)   Merge Heap Roots: 0.1ms
[2024-02-18T12:49:18.550+0000][7][gc,phases   ] GC(173)   Evacuate Collection Set: 1.3ms
[2024-02-18T12:49:18.550+0000][7][gc,phases   ] GC(173)   Post Evacuate Collection Set: 0.5ms
[2024-02-18T12:49:18.550+0000][7][gc,phases   ] GC(173)   Other: 0.4ms
[2024-02-18T12:49:18.550+0000][7][gc,age      ] GC(173) Age table with threshold 15 (max threshold 15)
[2024-02-18T12:49:18.550+0000][7][gc,age      ] GC(173) - age   1:    1745136 bytes,    1745136 total
[2024-02-18T12:49:18.550+0000][7][gc,age      ] GC(173) - age   2:      13600 bytes,    1758736 total
[2024-02-18T12:49:18.550+0000][7][gc,age      ] GC(173) - age   3:      55864 bytes,    1814600 total
[2024-02-18T12:49:18.550+0000][7][gc,age      ] GC(173) - age   4:      30464 bytes,    1845064 total
[2024-02-18T12:49:18.550+0000][7][gc,age      ] GC(173) - age   5:       4648 bytes,    1849712 total
[2024-02-18T12:49:18.550+0000][7][gc,age      ] GC(173) - age   6:      31904 bytes,    1881616 total
[2024-02-18T12:49:18.550+0000][7][gc,age      ] GC(173) - age   7:      21224 bytes,    1902840 total
[2024-02-18T12:49:18.551+0000][7][gc,age      ] GC(173) - age   8:      10648 bytes,    1913488 total
[2024-02-18T12:49:18.551+0000][7][gc,age      ] GC(173) - age   9:       5584 bytes,    1919072 total
[2024-02-18T12:49:18.551+0000][7][gc,age      ] GC(173) - age  10:       4432 bytes,    1923504 total
[2024-02-18T12:49:18.551+0000][7][gc,age      ] GC(173) - age  11:       4672 bytes,    1928176 total
[2024-02-18T12:49:18.551+0000][7][gc,age      ] GC(173) - age  12:       4856 bytes,    1933032 total
[2024-02-18T12:49:18.551+0000][7][gc,age      ] GC(173) - age  13:       4296 bytes,    1937328 total
[2024-02-18T12:49:18.551+0000][7][gc,age      ] GC(173) - age  14:       7856 bytes,    1945184 total
[2024-02-18T12:49:18.551+0000][7][gc,age      ] GC(173) - age  15:       3616 bytes,    1948800 total
[2024-02-18T12:49:18.551+0000][7][gc,heap     ] GC(173) Eden regions: 75->0(75)
[2024-02-18T12:49:18.551+0000][7][gc,heap     ] GC(173) Survivor regions: 1->1(10)
[2024-02-18T12:49:18.551+0000][7][gc,heap     ] GC(173) Old regions: 31->31
[2024-02-18T12:49:18.551+0000][7][gc,heap     ] GC(173) Humongous regions: 2->2
[2024-02-18T12:49:18.551+0000][7][gc,metaspace] GC(173) Metaspace: 121238K(125632K)->121238K(125632K) NonClass: 105513K(108096K)->105513K(108096K) Class: 15725K(17536K)->15725K(17536K)
[2024-02-18T12:49:18.551+0000][7][gc          ] GC(173) Pause Young (Concurrent Start) (G1 Evacuation Pause) 433M->133M(512M) 4.561ms
[2024-02-18T12:49:18.552+0000][7][gc          ] GC(174) Concurrent Mark Cycle
[2024-02-18T12:49:18.552+0000][7][gc,marking  ] GC(174) Concurrent Scan Root Regions
[2024-02-18T12:49:18.552+0000][7][gc,cpu      ] GC(173) User=0.01s Sys=0.00s Real=0.00s
[2024-02-18T12:49:18.552+0000][7][safepoint   ] Safepoint "G1CollectForAllocation", Time since last: 35756061902 ns, Reaching safepoint: 31360 ns, Cleanup: 3657 ns, At safepoint: 5030715 ns, Total: 5065732 ns
[2024-02-18T12:49:18.553+0000][7][gc,marking  ] GC(174) Concurrent Scan Root Regions 1.083ms
[2024-02-18T12:49:18.553+0000][7][gc,marking  ] GC(174) Concurrent Mark
[2024-02-18T12:49:18.553+0000][7][gc,marking  ] GC(174) Concurrent Mark From Roots
[2024-02-18T12:49:18.553+0000][7][gc,task     ] GC(174) Using 3 workers of 3 for marking
[2024-02-18T12:49:18.587+0000][7][gc,marking  ] GC(174) Concurrent Mark From Roots 33.912ms
[2024-02-18T12:49:18.587+0000][7][gc,marking  ] GC(174) Concurrent Preclean
[2024-02-18T12:49:18.587+0000][7][gc,marking  ] GC(174) Concurrent Preclean 0.380ms
[2024-02-18T12:49:18.588+0000][7][gc,start    ] GC(174) Pause Remark
[2024-02-18T12:49:18.590+0000][7][gc          ] GC(174) Pause Remark 135M->135M(512M) 2.746ms
[2024-02-18T12:49:18.591+0000][7][gc,cpu      ] GC(174) User=0.02s Sys=0.00s Real=0.00s
[2024-02-18T12:49:18.591+0000][7][safepoint   ] Safepoint "G1PauseRemark", Time since last: 35679933 ns, Reaching safepoint: 15390 ns, Cleanup: 3226 ns, At safepoint: 3099882 ns, Total: 3118498 ns
[2024-02-18T12:49:18.591+0000][7][gc,marking  ] GC(174) Concurrent Mark 37.928ms
[2024-02-18T12:49:18.591+0000][7][gc,marking  ] GC(174) Concurrent Rebuild Remembered Sets and Scrub Regions
[2024-02-18T12:49:18.603+0000][7][gc,marking  ] GC(174) Concurrent Rebuild Remembered Sets and Scrub Regions 12.520ms
[2024-02-18T12:49:18.604+0000][7][gc,start    ] GC(174) Pause Cleanup
[2024-02-18T12:49:18.604+0000][7][gc          ] GC(174) Pause Cleanup 135M->135M(512M) 0.225ms
[2024-02-18T12:49:18.604+0000][7][gc,cpu      ] GC(174) User=0.00s Sys=0.00s Real=0.00s
[2024-02-18T12:49:18.604+0000][7][safepoint   ] Safepoint "G1PauseCleanup", Time since last: 12974681 ns, Reaching safepoint: 12324 ns, Cleanup: 2564 ns, At safepoint: 458238 ns, Total: 473126 ns
[2024-02-18T12:49:18.604+0000][7][gc,marking  ] GC(174) Concurrent Clear Claimed Marks
[2024-02-18T12:49:18.604+0000][7][gc,marking  ] GC(174) Concurrent Clear Claimed Marks 0.257ms
[2024-02-18T12:49:18.605+0000][7][gc,marking  ] GC(174) Concurrent Cleanup for Next Mark
[2024-02-18T12:49:18.605+0000][7][gc,marking  ] GC(174) Concurrent Cleanup for Next Mark 0.502ms
[2024-02-18T12:49:18.605+0000][7][gc          ] GC(174) Concurrent Mark Cycle 53.736ms
[2024-02-18T12:50:18.703+0000][7][gc,start    ] GC(175) Pause Young (Normal) (G1 Evacuation Pause)
[2024-02-18T12:50:18.703+0000][7][gc,task     ] GC(175) Using 12 workers of 13 for evacuation
[2024-02-18T12:50:18.704+0000][7][gc,age      ] GC(175) Desired survivor size 20971520 bytes, new threshold 15 (max threshold 15)
[2024-02-18T12:50:18.706+0000][7][gc,phases   ] GC(175)   Pre Evacuate Collection Set: 0.2ms
[2024-02-18T12:50:18.706+0000][7][gc,phases   ] GC(175)   Merge Heap Roots: 0.1ms
[2024-02-18T12:50:18.706+0000][7][gc,phases   ] GC(175)   Evacuate Collection Set: 1.1ms
[2024-02-18T12:50:18.706+0000][7][gc,phases   ] GC(175)   Post Evacuate Collection Set: 0.6ms
[2024-02-18T12:50:18.706+0000][7][gc,phases   ] GC(175)   Other: 0.3ms
[2024-02-18T12:50:18.706+0000][7][gc,age      ] GC(175) Age table with threshold 15 (max threshold 15)
[2024-02-18T12:50:18.706+0000][7][gc,age      ] GC(175) - age   1:    1172624 bytes,    1172624 total
[2024-02-18T12:50:18.706+0000][7][gc,age      ] GC(175) - age   2:      15168 bytes,    1187792 total
[2024-02-18T12:50:18.707+0000][7][gc,age      ] GC(175) - age   3:      12048 bytes,    1199840 total
[2024-02-18T12:50:18.707+0000][7][gc,age      ] GC(175) - age   4:      55384 bytes,    1255224 total
[2024-02-18T12:50:18.707+0000][7][gc,age      ] GC(175) - age   5:      30272 bytes,    1285496 total
[2024-02-18T12:50:18.707+0000][7][gc,age      ] GC(175) - age   6:       4616 bytes,    1290112 total
[2024-02-18T12:50:18.707+0000][7][gc,age      ] GC(175) - age   7:      31776 bytes,    1321888 total
[2024-02-18T12:50:18.707+0000][7][gc,age      ] GC(175) - age   8:      21160 bytes,    1343048 total
[2024-02-18T12:50:18.707+0000][7][gc,age      ] GC(175) - age   9:      10648 bytes,    1353696 total
[2024-02-18T12:50:18.707+0000][7][gc,age      ] GC(175) - age  10:       5584 bytes,    1359280 total
[2024-02-18T12:50:18.707+0000][7][gc,age      ] GC(175) - age  11:       4432 bytes,    1363712 total
[2024-02-18T12:50:18.707+0000][7][gc,age      ] GC(175) - age  12:       4632 bytes,    1368344 total
[2024-02-18T12:50:18.707+0000][7][gc,age      ] GC(175) - age  13:       4856 bytes,    1373200 total
[2024-02-18T12:50:18.707+0000][7][gc,age      ] GC(175) - age  14:       4296 bytes,    1377496 total
[2024-02-18T12:50:18.708+0000][7][gc,age      ] GC(175) - age  15:       7856 bytes,    1385352 total
[2024-02-18T12:50:18.708+0000][7][gc,heap     ] GC(175) Eden regions: 75->0(75)
[2024-02-18T12:50:18.708+0000][7][gc,heap     ] GC(175) Survivor regions: 1->1(10)
[2024-02-18T12:50:18.708+0000][7][gc,heap     ] GC(175) Old regions: 31->31
[2024-02-18T12:50:18.708+0000][7][gc,heap     ] GC(175) Humongous regions: 2->2
[2024-02-18T12:50:18.708+0000][7][gc,metaspace] GC(175) Metaspace: 121238K(125632K)->121238K(125632K) NonClass: 105513K(108096K)->105513K(108096K) Class: 15725K(17536K)->15725K(17536K)
[2024-02-18T12:50:18.708+0000][7][gc          ] GC(175) Pause Young (Normal) (G1 Evacuation Pause) 433M->133M(512M) 4.974ms
[2024-02-18T12:50:18.708+0000][7][gc,cpu      ] GC(175) User=0.01s Sys=0.00s Real=0.01s
[2024-02-18T12:50:18.708+0000][7][safepoint   ] Safepoint "G1CollectForAllocation", Time since last: 60098168378 ns, Reaching safepoint: 15339 ns, Cleanup: 3487 ns, At safepoint: 5244585 ns, Total: 5263411 ns
[2024-02-18T12:50:51.833+0000][7][safepoint   ] Safepoint "Cleanup", Time since last: 33125525042 ns, Reaching safepoint: 25619 ns, Cleanup: 25269 ns, At safepoint: 5641 ns, Total: 56529 ns
[2024-02-18T12:51:21.615+0000][7][gc,start    ] GC(176) Pause Young (Concurrent Start) (G1 Evacuation Pause)
[2024-02-18T12:51:21.615+0000][7][gc,task     ] GC(176) Using 12 workers of 13 for evacuation
[2024-02-18T12:51:21.615+0000][7][gc,age      ] GC(176) Desired survivor size 20971520 bytes, new threshold 15 (max threshold 15)
[2024-02-18T12:51:21.617+0000][7][gc,phases   ] GC(176)   Pre Evacuate Collection Set: 0.2ms
[2024-02-18T12:51:21.618+0000][7][gc,phases   ] GC(176)   Merge Heap Roots: 0.1ms
[2024-02-18T12:51:21.618+0000][7][gc,phases   ] GC(176)   Evacuate Collection Set: 1.3ms
[2024-02-18T12:51:21.618+0000][7][gc,phases   ] GC(176)   Post Evacuate Collection Set: 0.6ms
[2024-02-18T12:51:21.618+0000][7][gc,phases   ] GC(176)   Other: 0.3ms
[2024-02-18T12:51:21.618+0000][7][gc,age      ] GC(176) Age table with threshold 15 (max threshold 15)
[2024-02-18T12:51:21.618+0000][7][gc,age      ] GC(176) - age   1:    1486808 bytes,    1486808 total
[2024-02-18T12:51:21.618+0000][7][gc,age      ] GC(176) - age   2:      34424 bytes,    1521232 total
[2024-02-18T12:51:21.618+0000][7][gc,age      ] GC(176) - age   3:      11720 bytes,    1532952 total
[2024-02-18T12:51:21.618+0000][7][gc,age      ] GC(176) - age   4:      11152 bytes,    1544104 total
[2024-02-18T12:51:21.619+0000][7][gc,age      ] GC(176) - age   5:      54848 bytes,    1598952 total
[2024-02-18T12:51:21.619+0000][7][gc,age      ] GC(176) - age   6:      30272 bytes,    1629224 total
[2024-02-18T12:51:21.619+0000][7][gc,age      ] GC(176) - age   7:       4424 bytes,    1633648 total
[2024-02-18T12:51:21.619+0000][7][gc,age      ] GC(176) - age   8:       7192 bytes,    1640840 total
[2024-02-18T12:51:21.619+0000][7][gc,age      ] GC(176) - age   9:      21096 bytes,    1661936 total
[2024-02-18T12:51:21.619+0000][7][gc,age      ] GC(176) - age  10:      10584 bytes,    1672520 total
[2024-02-18T12:51:21.619+0000][7][gc,age      ] GC(176) - age  11:       5584 bytes,    1678104 total
[2024-02-18T12:51:21.619+0000][7][gc,age      ] GC(176) - age  12:       4432 bytes,    1682536 total
[2024-02-18T12:51:21.619+0000][7][gc,age      ] GC(176) - age  13:       4632 bytes,    1687168 total
[2024-02-18T12:51:21.619+0000][7][gc,age      ] GC(176) - age  14:       4856 bytes,    1692024 total
[2024-02-18T12:51:21.619+0000][7][gc,age      ] GC(176) - age  15:       4296 bytes,    1696320 total
[2024-02-18T12:51:21.620+0000][7][gc,heap     ] GC(176) Eden regions: 75->0(75)
[2024-02-18T12:51:21.620+0000][7][gc,heap     ] GC(176) Survivor regions: 1->1(10)
[2024-02-18T12:51:21.620+0000][7][gc,heap     ] GC(176) Old regions: 31->31
[2024-02-18T12:51:21.620+0000][7][gc,heap     ] GC(176) Humongous regions: 2->2
[2024-02-18T12:51:21.620+0000][7][gc,metaspace] GC(176) Metaspace: 121239K(125632K)->121239K(125632K) NonClass: 105513K(108096K)->105513K(108096K) Class: 15725K(17536K)->15725K(17536K)
[2024-02-18T12:51:21.620+0000][7][gc          ] GC(176) Pause Young (Concurrent Start) (G1 Evacuation Pause) 433M->133M(512M) 5.239ms
[2024-02-18T12:51:21.620+0000][7][gc          ] GC(177) Concurrent Mark Cycle
[2024-02-18T12:51:21.620+0000][7][gc,marking  ] GC(177) Concurrent Scan Root Regions
[2024-02-18T12:51:21.620+0000][7][gc,cpu      ] GC(176) User=0.02s Sys=0.00s Real=0.01s
[2024-02-18T12:51:21.620+0000][7][safepoint   ] Safepoint "G1CollectForAllocation", Time since last: 29781510816 ns, Reaching safepoint: 14167 ns, Cleanup: 2996 ns, At safepoint: 5727058 ns, Total: 5744221 ns
[2024-02-18T12:51:21.621+0000][7][gc,marking  ] GC(177) Concurrent Scan Root Regions 1.107ms
[2024-02-18T12:51:21.621+0000][7][gc,marking  ] GC(177) Concurrent Mark
[2024-02-18T12:51:21.622+0000][7][gc,marking  ] GC(177) Concurrent Mark From Roots
[2024-02-18T12:51:21.622+0000][7][gc,task     ] GC(177) Using 3 workers of 3 for marking
[2024-02-18T12:51:21.658+0000][7][gc,marking  ] GC(177) Concurrent Mark From Roots 36.098ms
[2024-02-18T12:51:21.658+0000][7][gc,marking  ] GC(177) Concurrent Preclean
[2024-02-18T12:51:21.658+0000][7][gc,marking  ] GC(177) Concurrent Preclean 0.436ms
[2024-02-18T12:51:21.658+0000][7][gc,start    ] GC(177) Pause Remark
[2024-02-18T12:51:21.661+0000][7][gc          ] GC(177) Pause Remark 135M->135M(512M) 3.001ms
[2024-02-18T12:51:21.662+0000][7][gc,cpu      ] GC(177) User=0.02s Sys=0.00s Real=0.00s
[2024-02-18T12:51:21.662+0000][7][safepoint   ] Safepoint "G1PauseRemark", Time since last: 37972730 ns, Reaching safepoint: 15510 ns, Cleanup: 2475 ns, At safepoint: 3394751 ns, Total: 3412736 ns
[2024-02-18T12:51:21.662+0000][7][gc,marking  ] GC(177) Concurrent Mark 40.570ms
[2024-02-18T12:51:21.662+0000][7][gc,marking  ] GC(177) Concurrent Rebuild Remembered Sets and Scrub Regions
[2024-02-18T12:51:21.675+0000][7][gc,marking  ] GC(177) Concurrent Rebuild Remembered Sets and Scrub Regions 12.639ms
[2024-02-18T12:51:21.675+0000][7][gc,start    ] GC(177) Pause Cleanup
[2024-02-18T12:51:21.675+0000][7][gc          ] GC(177) Pause Cleanup 137M->137M(512M) 0.238ms
[2024-02-18T12:51:21.675+0000][7][gc,cpu      ] GC(177) User=0.00s Sys=0.00s Real=0.00s
[2024-02-18T12:51:21.676+0000][7][safepoint   ] Safepoint "G1PauseCleanup", Time since last: 13158843 ns, Reaching safepoint: 12574 ns, Cleanup: 3557 ns, At safepoint: 494628 ns, Total: 510759 ns
[2024-02-18T12:51:21.676+0000][7][gc,marking  ] GC(177) Concurrent Clear Claimed Marks
[2024-02-18T12:51:21.676+0000][7][gc,marking  ] GC(177) Concurrent Clear Claimed Marks 0.258ms
[2024-02-18T12:51:21.676+0000][7][gc,marking  ] GC(177) Concurrent Cleanup for Next Mark
[2024-02-18T12:51:21.676+0000][7][gc,marking  ] GC(177) Concurrent Cleanup for Next Mark 0.394ms
[2024-02-18T12:51:21.677+0000][7][gc          ] GC(177) Concurrent Mark Cycle 56.415ms
[2024-02-18T12:51:40.853+0000][7][safepoint   ] Safepoint "Cleanup", Time since last: 19177748364 ns, Reaching safepoint: 19167 ns, Cleanup: 13105 ns, At safepoint: 3617 ns, Total: 35889 ns
[2024-02-18T12:51:51.855+0000][7][safepoint   ] Safepoint "Cleanup", Time since last: 11001314997 ns, Reaching safepoint: 38504 ns, Cleanup: 13045 ns, At safepoint: 3747 ns, Total: 55296 ns
[2024-02-18T12:52:00.856+0000][7][safepoint   ] Safepoint "Cleanup", Time since last: 9000984037 ns, Reaching safepoint: 18325 ns, Cleanup: 13455 ns, At safepoint: 3567 ns, Total: 35347 ns
[2024-02-18T12:52:16.344+0000][7][gc,start    ] GC(178) Pause Young (Normal) (G1 Evacuation Pause)
[2024-02-18T12:52:16.344+0000][7][gc,task     ] GC(178) Using 12 workers of 13 for evacuation
[2024-02-18T12:52:16.344+0000][7][gc,age      ] GC(178) Desired survivor size 20971520 bytes, new threshold 15 (max threshold 15)
[2024-02-18T12:52:16.347+0000][7][gc,phases   ] GC(178)   Pre Evacuate Collection Set: 0.2ms
[2024-02-18T12:52:16.347+0000][7][gc,phases   ] GC(178)   Merge Heap Roots: 0.1ms
[2024-02-18T12:52:16.347+0000][7][gc,phases   ] GC(178)   Evacuate Collection Set: 1.1ms
[2024-02-18T12:52:16.347+0000][7][gc,phases   ] GC(178)   Post Evacuate Collection Set: 0.5ms
[2024-02-18T12:52:16.347+0000][7][gc,phases   ] GC(178)   Other: 0.3ms
[2024-02-18T12:52:16.347+0000][7][gc,age      ] GC(178) Age table with threshold 15 (max threshold 15)
[2024-02-18T12:52:16.347+0000][7][gc,age      ] GC(178) - age   1:     992216 bytes,     992216 total
[2024-02-18T12:52:16.347+0000][7][gc,age      ] GC(178) - age   2:       9152 bytes,    1001368 total
[2024-02-18T12:52:16.348+0000][7][gc,age      ] GC(178) - age   3:      30416 bytes,    1031784 total
[2024-02-18T12:52:16.348+0000][7][gc,age      ] GC(178) - age   4:       9456 bytes,    1041240 total
[2024-02-18T12:52:16.348+0000][7][gc,age      ] GC(178) - age   5:       9456 bytes,    1050696 total
[2024-02-18T12:52:16.348+0000][7][gc,age      ] GC(178) - age   6:      53088 bytes,    1103784 total
[2024-02-18T12:52:16.348+0000][7][gc,age      ] GC(178) - age   7:      30272 bytes,    1134056 total
[2024-02-18T12:52:16.348+0000][7][gc,age      ] GC(178) - age   8:       4328 bytes,    1138384 total
[2024-02-18T12:52:16.348+0000][7][gc,age      ] GC(178) - age   9:       7192 bytes,    1145576 total
[2024-02-18T12:52:16.348+0000][7][gc,age      ] GC(178) - age  10:      17176 bytes,    1162752 total
[2024-02-18T12:52:16.348+0000][7][gc,age      ] GC(178) - age  11:       7624 bytes,    1170376 total
[2024-02-18T12:52:16.348+0000][7][gc,age      ] GC(178) - age  12:       5584 bytes,    1175960 total
[2024-02-18T12:52:16.349+0000][7][gc,age      ] GC(178) - age  13:       4432 bytes,    1180392 total
[2024-02-18T12:52:16.349+0000][7][gc,age      ] GC(178) - age  14:       4632 bytes,    1185024 total
[2024-02-18T12:52:16.349+0000][7][gc,age      ] GC(178) - age  15:       4856 bytes,    1189880 total
[2024-02-18T12:52:16.349+0000][7][gc,heap     ] GC(178) Eden regions: 75->0(75)
[2024-02-18T12:52:16.349+0000][7][gc,heap     ] GC(178) Survivor regions: 1->1(10)
[2024-02-18T12:52:16.349+0000][7][gc,heap     ] GC(178) Old regions: 31->31
[2024-02-18T12:52:16.349+0000][7][gc,heap     ] GC(178) Humongous regions: 2->2
[2024-02-18T12:52:16.349+0000][7][gc,metaspace] GC(178) Metaspace: 121242K(125632K)->121242K(125632K) NonClass: 105517K(108096K)->105517K(108096K) Class: 15725K(17536K)->15725K(17536K)
[2024-02-18T12:52:16.349+0000][7][gc          ] GC(178) Pause Young (Normal) (G1 Evacuation Pause) 433M->133M(512M) 5.250ms
[2024-02-18T12:52:16.350+0000][7][gc,cpu      ] GC(178) User=0.01s Sys=0.00s Real=0.01s
[2024-02-18T12:52:16.350+0000][7][safepoint   ] Safepoint "G1CollectForAllocation", Time since last: 15488475230 ns, Reaching safepoint: 32773 ns, Cleanup: 3727 ns, At safepoint: 5573896 ns, Total: 5610396 ns
[2024-02-18T12:52:46.874+0000][7][safepoint   ] Safepoint "Cleanup", Time since last: 30524420147 ns, Reaching safepoint: 18054 ns, Cleanup: 19107 ns, At safepoint: 4088 ns, Total: 41249 ns
[2024-02-18T12:52:51.875+0000][7][safepoint   ] Safepoint "Cleanup", Time since last: 5000700842 ns, Reaching safepoint: 18105 ns, Cleanup: 23354 ns, At safepoint: 3958 ns, Total: 45417 ns
[2024-02-18T12:53:18.667+0000][7][gc,start    ] GC(179) Pause Young (Concurrent Start) (G1 Evacuation Pause)
[2024-02-18T12:53:18.667+0000][7][gc,task     ] GC(179) Using 12 workers of 13 for evacuation
[2024-02-18T12:53:18.667+0000][7][gc,age      ] GC(179) Desired survivor size 20971520 bytes, new threshold 15 (max threshold 15)
[2024-02-18T12:53:18.669+0000][7][gc,phases   ] GC(179)   Pre Evacuate Collection Set: 0.2ms
[2024-02-18T12:53:18.669+0000][7][gc,phases   ] GC(179)   Merge Heap Roots: 0.1ms
[2024-02-18T12:53:18.670+0000][7][gc,phases   ] GC(179)   Evacuate Collection Set: 1.4ms
[2024-02-18T12:53:18.670+0000][7][gc,phases   ] GC(179)   Post Evacuate Collection Set: 0.5ms
[2024-02-18T12:53:18.670+0000][7][gc,phases   ] GC(179)   Other: 0.3ms
[2024-02-18T12:53:18.670+0000][7][gc,age      ] GC(179) Age table with threshold 15 (max threshold 15)
[2024-02-18T12:53:18.670+0000][7][gc,age      ] GC(179) - age   1:    1885576 bytes,    1885576 total
[2024-02-18T12:53:18.670+0000][7][gc,age      ] GC(179) - age   2:      33856 bytes,    1919432 total
[2024-02-18T12:53:18.670+0000][7][gc,age      ] GC(179) - age   3:       5616 bytes,    1925048 total
[2024-02-18T12:53:18.670+0000][7][gc,age      ] GC(179) - age   4:      29464 bytes,    1954512 total
[2024-02-18T12:53:18.670+0000][7][gc,age      ] GC(179) - age   5:       9232 bytes,    1963744 total
[2024-02-18T12:53:18.670+0000][7][gc,age      ] GC(179) - age   6:       9344 bytes,    1973088 total
[2024-02-18T12:53:18.671+0000][7][gc,age      ] GC(179) - age   7:      53088 bytes,    2026176 total
[2024-02-18T12:53:18.671+0000][7][gc,age      ] GC(179) - age   8:      30272 bytes,    2056448 total
[2024-02-18T12:53:18.671+0000][7][gc,age      ] GC(179) - age   9:       4328 bytes,    2060776 total
[2024-02-18T12:53:18.671+0000][7][gc,age      ] GC(179) - age  10:       7160 bytes,    2067936 total
[2024-02-18T12:53:18.671+0000][7][gc,age      ] GC(179) - age  11:       9720 bytes,    2077656 total
[2024-02-18T12:53:18.671+0000][7][gc,age      ] GC(179) - age  12:       7560 bytes,    2085216 total
[2024-02-18T12:53:18.671+0000][7][gc,age      ] GC(179) - age  13:       5584 bytes,    2090800 total
[2024-02-18T12:53:18.671+0000][7][gc,age      ] GC(179) - age  14:       4432 bytes,    2095232 total
[2024-02-18T12:53:18.671+0000][7][gc,age      ] GC(179) - age  15:       4632 bytes,    2099864 total
[2024-02-18T12:53:18.671+0000][7][gc,heap     ] GC(179) Eden regions: 75->0(75)
[2024-02-18T12:53:18.671+0000][7][gc,heap     ] GC(179) Survivor regions: 1->1(10)
[2024-02-18T12:53:18.671+0000][7][gc,heap     ] GC(179) Old regions: 31->31
[2024-02-18T12:53:18.672+0000][7][gc,heap     ] GC(179) Humongous regions: 2->2
[2024-02-18T12:53:18.672+0000][7][gc,metaspace] GC(179) Metaspace: 121252K(125632K)->121252K(125632K) NonClass: 105526K(108096K)->105526K(108096K) Class: 15725K(17536K)->15725K(17536K)
[2024-02-18T12:53:18.672+0000][7][gc          ] GC(179) Pause Young (Concurrent Start) (G1 Evacuation Pause) 433M->134M(512M) 5.197ms
[2024-02-18T12:53:18.672+0000][7][gc          ] GC(180) Concurrent Mark Cycle
[2024-02-18T12:53:18.672+0000][7][gc,marking  ] GC(180) Concurrent Scan Root Regions
[2024-02-18T12:53:18.672+0000][7][gc,cpu      ] GC(179) User=0.02s Sys=0.00s Real=0.00s
[2024-02-18T12:53:18.672+0000][7][safepoint   ] Safepoint "G1CollectForAllocation", Time since last: 26791349695 ns, Reaching safepoint: 15801 ns, Cleanup: 3657 ns, At safepoint: 5744733 ns, Total: 5764191 ns
[2024-02-18T12:53:18.673+0000][7][gc,marking  ] GC(180) Concurrent Scan Root Regions 1.256ms
[2024-02-18T12:53:18.673+0000][7][gc,marking  ] GC(180) Concurrent Mark
[2024-02-18T12:53:18.674+0000][7][gc,marking  ] GC(180) Concurrent Mark From Roots
[2024-02-18T12:53:18.674+0000][7][gc,task     ] GC(180) Using 3 workers of 3 for marking
[2024-02-18T12:53:18.710+0000][7][gc,marking  ] GC(180) Concurrent Mark From Roots 35.923ms
[2024-02-18T12:53:18.710+0000][7][gc,marking  ] GC(180) Concurrent Preclean
[2024-02-18T12:53:18.710+0000][7][gc,marking  ] GC(180) Concurrent Preclean 0.342ms
[2024-02-18T12:53:18.710+0000][7][gc,start    ] GC(180) Pause Remark
[2024-02-18T12:53:18.713+0000][7][gc          ] GC(180) Pause Remark 138M->138M(512M) 3.049ms
[2024-02-18T12:53:18.713+0000][7][gc,cpu      ] GC(180) User=0.03s Sys=0.00s Real=0.00s
[2024-02-18T12:53:18.714+0000][7][safepoint   ] Safepoint "G1PauseRemark", Time since last: 37841910 ns, Reaching safepoint: 14998 ns, Cleanup: 3196 ns, At safepoint: 3425921 ns, Total: 3444115 ns
[2024-02-18T12:53:18.714+0000][7][gc,marking  ] GC(180) Concurrent Mark 40.272ms
[2024-02-18T12:53:18.714+0000][7][gc,marking  ] GC(180) Concurrent Rebuild Remembered Sets and Scrub Regions
[2024-02-18T12:53:18.727+0000][7][gc,marking  ] GC(180) Concurrent Rebuild Remembered Sets and Scrub Regions 13.302ms
[2024-02-18T12:53:18.727+0000][7][gc,start    ] GC(180) Pause Cleanup
[2024-02-18T12:53:18.728+0000][7][gc          ] GC(180) Pause Cleanup 139M->139M(512M) 0.251ms
[2024-02-18T12:53:18.728+0000][7][gc,cpu      ] GC(180) User=0.00s Sys=0.00s Real=0.00s
[2024-02-18T12:53:18.728+0000][7][safepoint   ] Safepoint "G1PauseCleanup", Time since last: 13758753 ns, Reaching safepoint: 12134 ns, Cleanup: 3216 ns, At safepoint: 523371 ns, Total: 538721 ns
[2024-02-18T12:53:18.728+0000][7][gc,marking  ] GC(180) Concurrent Clear Claimed Marks
[2024-02-18T12:53:18.728+0000][7][gc,marking  ] GC(180) Concurrent Clear Claimed Marks 0.299ms
[2024-02-18T12:53:18.728+0000][7][gc,marking  ] GC(180) Concurrent Cleanup for Next Mark
[2024-02-18T12:53:18.729+0000][7][gc,marking  ] GC(180) Concurrent Cleanup for Next Mark 0.738ms
[2024-02-18T12:53:18.729+0000][7][gc          ] GC(180) Concurrent Mark Cycle 57.435ms
[2024-02-18T12:53:51.896+0000][7][safepoint   ] Safepoint "Cleanup", Time since last: 33167848627 ns, Reaching safepoint: 18856 ns, Cleanup: 13426 ns, At safepoint: 4238 ns, Total: 36520 ns
[2024-02-18T12:53:52.896+0000][7][safepoint   ] Safepoint "Cleanup", Time since last: 1000348855 ns, Reaching safepoint: 17975 ns, Cleanup: 17954 ns, At safepoint: 4158 ns, Total: 40087 ns
[2024-02-18T12:54:18.715+0000][7][gc,start    ] GC(181) Pause Young (Normal) (G1 Evacuation Pause)
[2024-02-18T12:54:18.715+0000][7][gc,task     ] GC(181) Using 12 workers of 13 for evacuation
[2024-02-18T12:54:18.715+0000][7][gc,age      ] GC(181) Desired survivor size 20971520 bytes, new threshold 15 (max threshold 15)
[2024-02-18T12:54:18.718+0000][7][gc,phases   ] GC(181)   Pre Evacuate Collection Set: 0.3ms
[2024-02-18T12:54:18.718+0000][7][gc,phases   ] GC(181)   Merge Heap Roots: 0.2ms
[2024-02-18T12:54:18.718+0000][7][gc,phases   ] GC(181)   Evacuate Collection Set: 1.1ms
[2024-02-18T12:54:18.718+0000][7][gc,phases   ] GC(181)   Post Evacuate Collection Set: 0.6ms
[2024-02-18T12:54:18.718+0000][7][gc,phases   ] GC(181)   Other: 0.4ms
[2024-02-18T12:54:18.718+0000][7][gc,age      ] GC(181) Age table with threshold 15 (max threshold 15)
[2024-02-18T12:54:18.718+0000][7][gc,age      ] GC(181) - age   1:     953960 bytes,     953960 total
[2024-02-18T12:54:18.719+0000][7][gc,age      ] GC(181) - age   2:     235296 bytes,    1189256 total
[2024-02-18T12:54:18.719+0000][7][gc,age      ] GC(181) - age   3:      31184 bytes,    1220440 total
[2024-02-18T12:54:18.719+0000][7][gc,age      ] GC(181) - age   4:       4976 bytes,    1225416 total
[2024-02-18T12:54:18.719+0000][7][gc,age      ] GC(181) - age   5:      29368 bytes,    1254784 total
[2024-02-18T12:54:18.719+0000][7][gc,age      ] GC(181) - age   6:       9232 bytes,    1264016 total
[2024-02-18T12:54:18.719+0000][7][gc,age      ] GC(181) - age   7:       9344 bytes,    1273360 total
[2024-02-18T12:54:18.719+0000][7][gc,age      ] GC(181) - age   8:      35816 bytes,    1309176 total
[2024-02-18T12:54:18.719+0000][7][gc,age      ] GC(181) - age   9:      15888 bytes,    1325064 total
[2024-02-18T12:54:18.720+0000][7][gc,age      ] GC(181) - age  10:       4328 bytes,    1329392 total
[2024-02-18T12:54:18.720+0000][7][gc,age      ] GC(181) - age  11:       7160 bytes,    1336552 total
[2024-02-18T12:54:18.720+0000][7][gc,age      ] GC(181) - age  12:       5240 bytes,    1341792 total
[2024-02-18T12:54:18.720+0000][7][gc,age      ] GC(181) - age  13:       7560 bytes,    1349352 total
[2024-02-18T12:54:18.720+0000][7][gc,age      ] GC(181) - age  14:       5584 bytes,    1354936 total
[2024-02-18T12:54:18.720+0000][7][gc,age      ] GC(181) - age  15:       4432 bytes,    1359368 total
[2024-02-18T12:54:18.720+0000][7][gc,heap     ] GC(181) Eden regions: 75->0(75)
[2024-02-18T12:54:18.721+0000][7][gc,heap     ] GC(181) Survivor regions: 1->1(10)
[2024-02-18T12:54:18.721+0000][7][gc,heap     ] GC(181) Old regions: 31->31
[2024-02-18T12:54:18.721+0000][7][gc,heap     ] GC(181) Humongous regions: 2->2
[2024-02-18T12:54:18.721+0000][7][gc,metaspace] GC(181) Metaspace: 121254K(125632K)->121254K(125632K) NonClass: 105528K(108096K)->105528K(108096K) Class: 15725K(17536K)->15725K(17536K)
[2024-02-18T12:54:18.721+0000][7][gc          ] GC(181) Pause Young (Normal) (G1 Evacuation Pause) 434M->133M(512M) 6.065ms
[2024-02-18T12:54:18.721+0000][7][gc,cpu      ] GC(181) User=0.00s Sys=0.02s Real=0.01s
[2024-02-18T12:54:18.721+0000][7][safepoint   ] Safepoint "G1CollectForAllocation", Time since last: 25819004266 ns, Reaching safepoint: 34596 ns, Cleanup: 4058 ns, At safepoint: 6379227 ns, Total: 6417881 ns
[2024-02-18T12:55:18.742+0000][7][gc,start    ] GC(182) Pause Young (Concurrent Start) (G1 Evacuation Pause)
[2024-02-18T12:55:18.742+0000][7][gc,task     ] GC(182) Using 12 workers of 13 for evacuation
[2024-02-18T12:55:18.742+0000][7][gc,age      ] GC(182) Desired survivor size 20971520 bytes, new threshold 15 (max threshold 15)
[2024-02-18T12:55:18.744+0000][7][gc,phases   ] GC(182)   Pre Evacuate Collection Set: 0.2ms
[2024-02-18T12:55:18.745+0000][7][gc,phases   ] GC(182)   Merge Heap Roots: 0.1ms
[2024-02-18T12:55:18.745+0000][7][gc,phases   ] GC(182)   Evacuate Collection Set: 1.5ms
[2024-02-18T12:55:18.745+0000][7][gc,phases   ] GC(182)   Post Evacuate Collection Set: 0.6ms
[2024-02-18T12:55:18.745+0000][7][gc,phases   ] GC(182)   Other: 0.3ms
[2024-02-18T12:55:18.745+0000][7][gc,age      ] GC(182) Age table with threshold 15 (max threshold 15)
[2024-02-18T12:55:18.745+0000][7][gc,age      ] GC(182) - age   1:    2261240 bytes,    2261240 total
[2024-02-18T12:55:18.745+0000][7][gc,age      ] GC(182) - age   2:      98864 bytes,    2360104 total
[2024-02-18T12:55:18.745+0000][7][gc,age      ] GC(182) - age   3:     231160 bytes,    2591264 total
[2024-02-18T12:55:18.746+0000][7][gc,age      ] GC(182) - age   4:      30736 bytes,    2622000 total
[2024-02-18T12:55:18.746+0000][7][gc,age      ] GC(182) - age   5:       4560 bytes,    2626560 total
[2024-02-18T12:55:18.746+0000][7][gc,age      ] GC(182) - age   6:      29080 bytes,    2655640 total
[2024-02-18T12:55:18.746+0000][7][gc,age      ] GC(182) - age   7:       9072 bytes,    2664712 total
[2024-02-18T12:55:18.746+0000][7][gc,age      ] GC(182) - age   8:       5424 bytes,    2670136 total
[2024-02-18T12:55:18.746+0000][7][gc,age      ] GC(182) - age   9:      14032 bytes,    2684168 total
[2024-02-18T12:55:18.746+0000][7][gc,age      ] GC(182) - age  10:      15888 bytes,    2700056 total
[2024-02-18T12:55:18.746+0000][7][gc,age      ] GC(182) - age  11:       4328 bytes,    2704384 total
[2024-02-18T12:55:18.746+0000][7][gc,age      ] GC(182) - age  12:       7160 bytes,    2711544 total
[2024-02-18T12:55:18.747+0000][7][gc,age      ] GC(182) - age  13:       5240 bytes,    2716784 total
[2024-02-18T12:55:18.747+0000][7][gc,age      ] GC(182) - age  14:       7560 bytes,    2724344 total
[2024-02-18T12:55:18.747+0000][7][gc,age      ] GC(182) - age  15:       5584 bytes,    2729928 total
[2024-02-18T12:55:18.747+0000][7][gc,heap     ] GC(182) Eden regions: 75->0(75)
[2024-02-18T12:55:18.747+0000][7][gc,heap     ] GC(182) Survivor regions: 1->1(10)
[2024-02-18T12:55:18.747+0000][7][gc,heap     ] GC(182) Old regions: 31->31
[2024-02-18T12:55:18.747+0000][7][gc,heap     ] GC(182) Humongous regions: 2->2
[2024-02-18T12:55:18.747+0000][7][gc,metaspace] GC(182) Metaspace: 121255K(125632K)->121255K(125632K) NonClass: 105530K(108096K)->105530K(108096K) Class: 15725K(17536K)->15725K(17536K)
[2024-02-18T12:55:18.747+0000][7][gc          ] GC(182) Pause Young (Concurrent Start) (G1 Evacuation Pause) 433M->134M(512M) 5.721ms
[2024-02-18T12:55:18.747+0000][7][gc          ] GC(183) Concurrent Mark Cycle
[2024-02-18T12:55:18.748+0000][7][gc,marking  ] GC(183) Concurrent Scan Root Regions
[2024-02-18T12:55:18.747+0000][7][gc,cpu      ] GC(182) User=0.01s Sys=0.00s Real=0.01s
[2024-02-18T12:55:18.748+0000][7][safepoint   ] Safepoint "G1CollectForAllocation", Time since last: 60020228304 ns, Reaching safepoint: 15840 ns, Cleanup: 3487 ns, At safepoint: 6273907 ns, Total: 6293234 ns
[2024-02-18T12:55:18.749+0000][7][gc,marking  ] GC(183) Concurrent Scan Root Regions 1.016ms
[2024-02-18T12:55:18.749+0000][7][gc,marking  ] GC(183) Concurrent Mark
[2024-02-18T12:55:18.749+0000][7][gc,marking  ] GC(183) Concurrent Mark From Roots
[2024-02-18T12:55:18.749+0000][7][gc,task     ] GC(183) Using 3 workers of 3 for marking
[2024-02-18T12:55:18.784+0000][7][gc,marking  ] GC(183) Concurrent Mark From Roots 35.221ms
[2024-02-18T12:55:18.784+0000][7][gc,marking  ] GC(183) Concurrent Preclean
[2024-02-18T12:55:18.785+0000][7][gc,marking  ] GC(183) Concurrent Preclean 0.399ms
[2024-02-18T12:55:18.785+0000][7][gc,start    ] GC(183) Pause Remark
[2024-02-18T12:55:18.788+0000][7][gc          ] GC(183) Pause Remark 139M->139M(512M) 3.236ms
[2024-02-18T12:55:18.788+0000][7][gc,cpu      ] GC(183) User=0.03s Sys=0.00s Real=0.01s
[2024-02-18T12:55:18.788+0000][7][safepoint   ] Safepoint "G1PauseRemark", Time since last: 36901688 ns, Reaching safepoint: 15260 ns, Cleanup: 2635 ns, At safepoint: 3684355 ns, Total: 3702250 ns
[2024-02-18T12:55:18.789+0000][7][gc,marking  ] GC(183) Concurrent Mark 39.902ms
[2024-02-18T12:55:18.789+0000][7][gc,marking  ] GC(183) Concurrent Rebuild Remembered Sets and Scrub Regions
[2024-02-18T12:55:18.804+0000][7][gc,marking  ] GC(183) Concurrent Rebuild Remembered Sets and Scrub Regions 15.558ms
[2024-02-18T12:55:18.805+0000][7][gc,start    ] GC(183) Pause Cleanup
[2024-02-18T12:55:18.805+0000][7][gc          ] GC(183) Pause Cleanup 140M->140M(512M) 0.275ms
[2024-02-18T12:55:18.805+0000][7][gc,cpu      ] GC(183) User=0.00s Sys=0.00s Real=0.00s
[2024-02-18T12:55:18.805+0000][7][safepoint   ] Safepoint "G1PauseCleanup", Time since last: 16118813 ns, Reaching safepoint: 12584 ns, Cleanup: 3136 ns, At safepoint: 573388 ns, Total: 589108 ns
[2024-02-18T12:55:18.805+0000][7][gc,marking  ] GC(183) Concurrent Clear Claimed Marks
[2024-02-18T12:55:18.806+0000][7][gc,marking  ] GC(183) Concurrent Clear Claimed Marks 0.246ms
[2024-02-18T12:55:18.806+0000][7][gc,marking  ] GC(183) Concurrent Cleanup for Next Mark
[2024-02-18T12:55:18.806+0000][7][gc,marking  ] GC(183) Concurrent Cleanup for Next Mark 0.535ms
[2024-02-18T12:55:18.806+0000][7][gc          ] GC(183) Concurrent Mark Cycle 58.898ms
[2024-02-18T12:56:18.727+0000][7][gc,start    ] GC(184) Pause Young (Normal) (G1 Evacuation Pause)
[2024-02-18T12:56:18.727+0000][7][gc,task     ] GC(184) Using 12 workers of 13 for evacuation
[2024-02-18T12:56:18.727+0000][7][gc,age      ] GC(184) Desired survivor size 20971520 bytes, new threshold 15 (max threshold 15)
[2024-02-18T12:56:18.730+0000][7][gc,phases   ] GC(184)   Pre Evacuate Collection Set: 0.3ms
[2024-02-18T12:56:18.730+0000][7][gc,phases   ] GC(184)   Merge Heap Roots: 0.1ms
[2024-02-18T12:56:18.730+0000][7][gc,phases   ] GC(184)   Evacuate Collection Set: 1.2ms
[2024-02-18T12:56:18.730+0000][7][gc,phases   ] GC(184)   Post Evacuate Collection Set: 0.6ms
[2024-02-18T12:56:18.730+0000][7][gc,phases   ] GC(184)   Other: 0.4ms
[2024-02-18T12:56:18.730+0000][7][gc,age      ] GC(184) Age table with threshold 15 (max threshold 15)
[2024-02-18T12:56:18.730+0000][7][gc,age      ] GC(184) - age   1:    1018936 bytes,    1018936 total
[2024-02-18T12:56:18.731+0000][7][gc,age      ] GC(184) - age   2:      64152 bytes,    1083088 total
[2024-02-18T12:56:18.731+0000][7][gc,age      ] GC(184) - age   3:      96480 bytes,    1179568 total
[2024-02-18T12:56:18.731+0000][7][gc,age      ] GC(184) - age   4:     228544 bytes,    1408112 total
[2024-02-18T12:56:18.731+0000][7][gc,age      ] GC(184) - age   5:      30704 bytes,    1438816 total
[2024-02-18T12:56:18.731+0000][7][gc,age      ] GC(184) - age   6:       4496 bytes,    1443312 total
[2024-02-18T12:56:18.731+0000][7][gc,age      ] GC(184) - age   7:      28952 bytes,    1472264 total
[2024-02-18T12:56:18.731+0000][7][gc,age      ] GC(184) - age   8:       9008 bytes,    1481272 total
[2024-02-18T12:56:18.732+0000][7][gc,age      ] GC(184) - age   9:       5424 bytes,    1486696 total
[2024-02-18T12:56:18.732+0000][7][gc,age      ] GC(184) - age  10:      14032 bytes,    1500728 total
[2024-02-18T12:56:18.732+0000][7][gc,age      ] GC(184) - age  11:      15888 bytes,    1516616 total
[2024-02-18T12:56:18.732+0000][7][gc,age      ] GC(184) - age  12:       4328 bytes,    1520944 total
[2024-02-18T12:56:18.732+0000][7][gc,age      ] GC(184) - age  13:       7160 bytes,    1528104 total
[2024-02-18T12:56:18.732+0000][7][gc,age      ] GC(184) - age  14:       5240 bytes,    1533344 total
[2024-02-18T12:56:18.732+0000][7][gc,age      ] GC(184) - age  15:       7560 bytes,    1540904 total
[2024-02-18T12:56:18.732+0000][7][gc,heap     ] GC(184) Eden regions: 75->0(75)
[2024-02-18T12:56:18.732+0000][7][gc,heap     ] GC(184) Survivor regions: 1->1(10)
[2024-02-18T12:56:18.733+0000][7][gc,heap     ] GC(184) Old regions: 31->31
[2024-02-18T12:56:18.733+0000][7][gc,heap     ] GC(184) Humongous regions: 2->2
[2024-02-18T12:56:18.733+0000][7][gc,metaspace] GC(184) Metaspace: 121257K(125632K)->121257K(125632K) NonClass: 105532K(108096K)->105532K(108096K) Class: 15725K(17536K)->15725K(17536K)
[2024-02-18T12:56:18.733+0000][7][gc          ] GC(184) Pause Young (Normal) (G1 Evacuation Pause) 434M->133M(512M) 6.318ms
[2024-02-18T12:56:18.733+0000][7][gc,cpu      ] GC(184) User=0.02s Sys=0.00s Real=0.00s
[2024-02-18T12:56:18.733+0000][7][safepoint   ] Safepoint "G1CollectForAllocation", Time since last: 59921675575 ns, Reaching safepoint: 30227 ns, Cleanup: 3968 ns, At safepoint: 6633014 ns, Total: 6667209 ns
[2024-02-18T12:56:55.961+0000][7][safepoint   ] Safepoint "Cleanup", Time since last: 37227500039 ns, Reaching safepoint: 39857 ns, Cleanup: 20689 ns, At safepoint: 3627 ns, Total: 64173 ns
[2024-02-18T12:57:18.653+0000][7][gc,start    ] GC(185) Pause Young (Concurrent Start) (G1 Evacuation Pause)
[2024-02-18T12:57:18.653+0000][7][gc,task     ] GC(185) Using 12 workers of 13 for evacuation
[2024-02-18T12:57:18.653+0000][7][gc,age      ] GC(185) Desired survivor size 20971520 bytes, new threshold 15 (max threshold 15)
[2024-02-18T12:57:18.655+0000][7][gc,phases   ] GC(185)   Pre Evacuate Collection Set: 0.2ms
[2024-02-18T12:57:18.655+0000][7][gc,phases   ] GC(185)   Merge Heap Roots: 0.1ms
[2024-02-18T12:57:18.656+0000][7][gc,phases   ] GC(185)   Evacuate Collection Set: 1.3ms
[2024-02-18T12:57:18.656+0000][7][gc,phases   ] GC(185)   Post Evacuate Collection Set: 0.6ms
[2024-02-18T12:57:18.656+0000][7][gc,phases   ] GC(185)   Other: 0.3ms
[2024-02-18T12:57:18.656+0000][7][gc,age      ] GC(185) Age table with threshold 15 (max threshold 15)
[2024-02-18T12:57:18.656+0000][7][gc,age      ] GC(185) - age   1:     520952 bytes,     520952 total
[2024-02-18T12:57:18.656+0000][7][gc,age      ] GC(185) - age   2:       9224 bytes,     530176 total
[2024-02-18T12:57:18.656+0000][7][gc,age      ] GC(185) - age   3:      59856 bytes,     590032 total
[2024-02-18T12:57:18.656+0000][7][gc,age      ] GC(185) - age   4:      94312 bytes,     684344 total
[2024-02-18T12:57:18.657+0000][7][gc,age      ] GC(185) - age   5:     226864 bytes,     911208 total
[2024-02-18T12:57:18.657+0000][7][gc,age      ] GC(185) - age   6:      30576 bytes,     941784 total
[2024-02-18T12:57:18.657+0000][7][gc,age      ] GC(185) - age   7:       4496 bytes,     946280 total
[2024-02-18T12:57:18.657+0000][7][gc,age      ] GC(185) - age   8:       4368 bytes,     950648 total
[2024-02-18T12:57:18.657+0000][7][gc,age      ] GC(185) - age   9:       9008 bytes,     959656 total
[2024-02-18T12:57:18.657+0000][7][gc,age      ] GC(185) - age  10:       5424 bytes,     965080 total
[2024-02-18T12:57:18.657+0000][7][gc,age      ] GC(185) - age  11:       8272 bytes,     973352 total
[2024-02-18T12:57:18.657+0000][7][gc,age      ] GC(185) - age  12:      10136 bytes,     983488 total
[2024-02-18T12:57:18.657+0000][7][gc,age      ] GC(185) - age  13:       4328 bytes,     987816 total
[2024-02-18T12:57:18.658+0000][7][gc,age      ] GC(185) - age  14:       7160 bytes,     994976 total
[2024-02-18T12:57:18.658+0000][7][gc,age      ] GC(185) - age  15:       5240 bytes,    1000216 total
[2024-02-18T12:57:18.658+0000][7][gc,heap     ] GC(185) Eden regions: 75->0(75)
[2024-02-18T12:57:18.658+0000][7][gc,heap     ] GC(185) Survivor regions: 1->1(10)
[2024-02-18T12:57:18.658+0000][7][gc,heap     ] GC(185) Old regions: 31->31
[2024-02-18T12:57:18.658+0000][7][gc,heap     ] GC(185) Humongous regions: 2->2
[2024-02-18T12:57:18.658+0000][7][gc,metaspace] GC(185) Metaspace: 121259K(125632K)->121259K(125632K) NonClass: 105533K(108096K)->105533K(108096K) Class: 15725K(17536K)->15725K(17536K)
[2024-02-18T12:57:18.658+0000][7][gc          ] GC(185) Pause Young (Concurrent Start) (G1 Evacuation Pause) 433M->133M(512M) 5.581ms
[2024-02-18T12:57:18.658+0000][7][gc          ] GC(186) Concurrent Mark Cycle
[2024-02-18T12:57:18.659+0000][7][gc,marking  ] GC(186) Concurrent Scan Root Regions
[2024-02-18T12:57:18.658+0000][7][gc,cpu      ] GC(185) User=0.01s Sys=0.01s Real=0.01s
[2024-02-18T12:57:18.659+0000][7][safepoint   ] Safepoint "G1CollectForAllocation", Time since last: 22691644058 ns, Reaching safepoint: 14979 ns, Cleanup: 3496 ns, At safepoint: 6191869 ns, Total: 6210344 ns
[2024-02-18T12:57:18.660+0000][7][gc,marking  ] GC(186) Concurrent Scan Root Regions 0.976ms
[2024-02-18T12:57:18.660+0000][7][gc,marking  ] GC(186) Concurrent Mark
[2024-02-18T12:57:18.660+0000][7][gc,marking  ] GC(186) Concurrent Mark From Roots
[2024-02-18T12:57:18.660+0000][7][gc,task     ] GC(186) Using 3 workers of 3 for marking
[2024-02-18T12:57:18.696+0000][7][gc,marking  ] GC(186) Concurrent Mark From Roots 36.234ms
[2024-02-18T12:57:18.696+0000][7][gc,marking  ] GC(186) Concurrent Preclean
[2024-02-18T12:57:18.697+0000][7][gc,marking  ] GC(186) Concurrent Preclean 0.369ms
[2024-02-18T12:57:18.697+0000][7][gc,start    ] GC(186) Pause Remark
[2024-02-18T12:57:18.700+0000][7][gc          ] GC(186) Pause Remark 136M->136M(512M) 2.921ms
[2024-02-18T12:57:18.700+0000][7][gc,cpu      ] GC(186) User=0.02s Sys=0.00s Real=0.00s
[2024-02-18T12:57:18.700+0000][7][safepoint   ] Safepoint "G1PauseRemark", Time since last: 37869232 ns, Reaching safepoint: 15099 ns, Cleanup: 3486 ns, At safepoint: 3307825 ns, Total: 3326410 ns
[2024-02-18T12:57:18.700+0000][7][gc,marking  ] GC(186) Concurrent Mark 40.559ms
[2024-02-18T12:57:18.700+0000][7][gc,marking  ] GC(186) Concurrent Rebuild Remembered Sets and Scrub Regions
[2024-02-18T12:57:18.713+0000][7][gc,marking  ] GC(186) Concurrent Rebuild Remembered Sets and Scrub Regions 12.718ms
[2024-02-18T12:57:18.713+0000][7][gc,start    ] GC(186) Pause Cleanup
[2024-02-18T12:57:18.714+0000][7][gc          ] GC(186) Pause Cleanup 136M->136M(512M) 0.275ms
[2024-02-18T12:57:18.714+0000][7][gc,cpu      ] GC(186) User=0.00s Sys=0.00s Real=0.00s
[2024-02-18T12:57:18.714+0000][7][safepoint   ] Safepoint "G1PauseCleanup", Time since last: 13261510 ns, Reaching safepoint: 12484 ns, Cleanup: 3066 ns, At safepoint: 554843 ns, Total: 570393 ns
[2024-02-18T12:57:18.714+0000][7][gc,marking  ] GC(186) Concurrent Clear Claimed Marks
[2024-02-18T12:57:18.714+0000][7][gc,marking  ] GC(186) Concurrent Clear Claimed Marks 0.240ms
[2024-02-18T12:57:18.714+0000][7][gc,marking  ] GC(186) Concurrent Cleanup for Next Mark
[2024-02-18T12:57:18.715+0000][7][gc,marking  ] GC(186) Concurrent Cleanup for Next Mark 0.483ms
[2024-02-18T12:57:18.715+0000][7][gc          ] GC(186) Concurrent Mark Cycle 56.511ms
[2024-02-18T12:57:33.982+0000][7][safepoint   ] Safepoint "Cleanup", Time since last: 15268365693 ns, Reaching safepoint: 18094 ns, Cleanup: 13346 ns, At safepoint: 4388 ns, Total: 35828 ns
[2024-02-18T12:57:41.983+0000][7][safepoint   ] Safepoint "Cleanup", Time since last: 8000985721 ns, Reaching safepoint: 25309 ns, Cleanup: 17553 ns, At safepoint: 4038 ns, Total: 46900 ns
[2024-02-18T12:57:45.984+0000][7][safepoint   ] Safepoint "Cleanup", Time since last: 4000630790 ns, Reaching safepoint: 33474 ns, Cleanup: 17474 ns, At safepoint: 3687 ns, Total: 54635 ns
[2024-02-18T12:57:51.985+0000][7][safepoint   ] Safepoint "Cleanup", Time since last: 6000786967 ns, Reaching safepoint: 21581 ns, Cleanup: 17393 ns, At safepoint: 3767 ns, Total: 42741 ns
[2024-02-18T12:57:55.986+0000][7][safepoint   ] Safepoint "Cleanup", Time since last: 4000697338 ns, Reaching safepoint: 15179 ns, Cleanup: 11562 ns, At safepoint: 3056 ns, Total: 29797 ns
[2024-02-18T12:58:21.524+0000][7][gc,start    ] GC(187) Pause Young (Normal) (G1 Evacuation Pause)
[2024-02-18T12:58:21.524+0000][7][gc,task     ] GC(187) Using 12 workers of 13 for evacuation
[2024-02-18T12:58:21.524+0000][7][gc,age      ] GC(187) Desired survivor size 20971520 bytes, new threshold 15 (max threshold 15)
[2024-02-18T12:58:21.527+0000][7][gc,phases   ] GC(187)   Pre Evacuate Collection Set: 0.2ms
[2024-02-18T12:58:21.527+0000][7][gc,phases   ] GC(187)   Merge Heap Roots: 0.1ms
[2024-02-18T12:58:21.527+0000][7][gc,phases   ] GC(187)   Evacuate Collection Set: 1.2ms
[2024-02-18T12:58:21.527+0000][7][gc,phases   ] GC(187)   Post Evacuate Collection Set: 0.6ms
[2024-02-18T12:58:21.527+0000][7][gc,phases   ] GC(187)   Other: 0.3ms
[2024-02-18T12:58:21.527+0000][7][gc,age      ] GC(187) Age table with threshold 15 (max threshold 15)
[2024-02-18T12:58:21.527+0000][7][gc,age      ] GC(187) - age   1:    1238464 bytes,    1238464 total
[2024-02-18T12:58:21.528+0000][7][gc,age      ] GC(187) - age   2:      27504 bytes,    1265968 total
[2024-02-18T12:58:21.528+0000][7][gc,age      ] GC(187) - age   3:       5664 bytes,    1271632 total
[2024-02-18T12:58:21.528+0000][7][gc,age      ] GC(187) - age   4:      58576 bytes,    1330208 total
[2024-02-18T12:58:21.528+0000][7][gc,age      ] GC(187) - age   5:      45176 bytes,    1375384 total
[2024-02-18T12:58:21.528+0000][7][gc,age      ] GC(187) - age   6:      97872 bytes,    1473256 total
[2024-02-18T12:58:21.528+0000][7][gc,age      ] GC(187) - age   7:      30264 bytes,    1503520 total
[2024-02-18T12:58:21.528+0000][7][gc,age      ] GC(187) - age   8:       4496 bytes,    1508016 total
[2024-02-18T12:58:21.528+0000][7][gc,age      ] GC(187) - age   9:       4368 bytes,    1512384 total
[2024-02-18T12:58:21.528+0000][7][gc,age      ] GC(187) - age  10:       9008 bytes,    1521392 total
[2024-02-18T12:58:21.529+0000][7][gc,age      ] GC(187) - age  11:       5424 bytes,    1526816 total
[2024-02-18T12:58:21.529+0000][7][gc,age      ] GC(187) - age  12:       3232 bytes,    1530048 total
[2024-02-18T12:58:21.529+0000][7][gc,age      ] GC(187) - age  13:      10136 bytes,    1540184 total
[2024-02-18T12:58:21.529+0000][7][gc,age      ] GC(187) - age  14:       4328 bytes,    1544512 total
[2024-02-18T12:58:21.529+0000][7][gc,age      ] GC(187) - age  15:       7160 bytes,    1551672 total
[2024-02-18T12:58:21.529+0000][7][gc,heap     ] GC(187) Eden regions: 75->0(75)
[2024-02-18T12:58:21.529+0000][7][gc,heap     ] GC(187) Survivor regions: 1->1(10)
[2024-02-18T12:58:21.529+0000][7][gc,heap     ] GC(187) Old regions: 31->31
[2024-02-18T12:58:21.529+0000][7][gc,heap     ] GC(187) Humongous regions: 2->2
[2024-02-18T12:58:21.530+0000][7][gc,metaspace] GC(187) Metaspace: 121272K(125632K)->121272K(125632K) NonClass: 105547K(108096K)->105547K(108096K) Class: 15725K(17536K)->15725K(17536K)
[2024-02-18T12:58:21.530+0000][7][gc          ] GC(187) Pause Young (Normal) (G1 Evacuation Pause) 433M->133M(512M) 5.677ms
[2024-02-18T12:58:21.530+0000][7][gc,cpu      ] GC(187) User=0.01s Sys=0.00s Real=0.01s
[2024-02-18T12:58:21.530+0000][7][safepoint   ] Safepoint "G1CollectForAllocation", Time since last: 25538334536 ns, Reaching safepoint: 14688 ns, Cleanup: 3207 ns, At safepoint: 5987258 ns, Total: 6005153 ns
[2024-02-18T12:58:52.005+0000][7][safepoint   ] Safepoint "Cleanup", Time since last: 30474784378 ns, Reaching safepoint: 40237 ns, Cleanup: 13686 ns, At safepoint: 3607 ns, Total: 57530 ns
[2024-02-18T12:58:57.006+0000][7][safepoint   ] Safepoint "Cleanup", Time since last: 5000738154 ns, Reaching safepoint: 20158 ns, Cleanup: 17855 ns, At safepoint: 3957 ns, Total: 41970 ns
[2024-02-18T12:58:58.006+0000][7][safepoint   ] Safepoint "Cleanup", Time since last: 1000419231 ns, Reaching safepoint: 19738 ns, Cleanup: 13987 ns, At safepoint: 3967 ns, Total: 37692 ns
[2024-02-18T12:59:08.007+0000][7][safepoint   ] Safepoint "Cleanup", Time since last: 10001123893 ns, Reaching safepoint: 17754 ns, Cleanup: 13195 ns, At safepoint: 3547 ns, Total: 34496 ns
[2024-02-18T12:59:21.524+0000][7][gc,start    ] GC(188) Pause Young (Concurrent Start) (G1 Evacuation Pause)
[2024-02-18T12:59:21.524+0000][7][gc,task     ] GC(188) Using 12 workers of 13 for evacuation
[2024-02-18T12:59:21.524+0000][7][gc,age      ] GC(188) Desired survivor size 20971520 bytes, new threshold 15 (max threshold 15)
[2024-02-18T12:59:21.527+0000][7][gc,phases   ] GC(188)   Pre Evacuate Collection Set: 0.2ms
[2024-02-18T12:59:21.527+0000][7][gc,phases   ] GC(188)   Merge Heap Roots: 0.1ms
[2024-02-18T12:59:21.527+0000][7][gc,phases   ] GC(188)   Evacuate Collection Set: 1.4ms
[2024-02-18T12:59:21.527+0000][7][gc,phases   ] GC(188)   Post Evacuate Collection Set: 0.5ms
[2024-02-18T12:59:21.527+0000][7][gc,phases   ] GC(188)   Other: 0.4ms
[2024-02-18T12:59:21.527+0000][7][gc,age      ] GC(188) Age table with threshold 15 (max threshold 15)
[2024-02-18T12:59:21.528+0000][7][gc,age      ] GC(188) - age   1:     447280 bytes,     447280 total
[2024-02-18T12:59:21.528+0000][7][gc,age      ] GC(188) - age   2:     177568 bytes,     624848 total
[2024-02-18T12:59:21.528+0000][7][gc,age      ] GC(188) - age   3:      25064 bytes,     649912 total
[2024-02-18T12:59:21.528+0000][7][gc,age      ] GC(188) - age   4:       4488 bytes,     654400 total
[2024-02-18T12:59:21.528+0000][7][gc,age      ] GC(188) - age   5:      58384 bytes,     712784 total
[2024-02-18T12:59:21.528+0000][7][gc,age      ] GC(188) - age   6:      45080 bytes,     757864 total
[2024-02-18T12:59:21.528+0000][7][gc,age      ] GC(188) - age   7:      97744 bytes,     855608 total
[2024-02-18T12:59:21.528+0000][7][gc,age      ] GC(188) - age   8:      13856 bytes,     869464 total
[2024-02-18T12:59:21.528+0000][7][gc,age      ] GC(188) - age   9:       4496 bytes,     873960 total
[2024-02-18T12:59:21.529+0000][7][gc,age      ] GC(188) - age  10:       4368 bytes,     878328 total
[2024-02-18T12:59:21.529+0000][7][gc,age      ] GC(188) - age  11:       8976 bytes,     887304 total
[2024-02-18T12:59:21.529+0000][7][gc,age      ] GC(188) - age  12:       5424 bytes,     892728 total
[2024-02-18T12:59:21.529+0000][7][gc,age      ] GC(188) - age  13:       3232 bytes,     895960 total
[2024-02-18T12:59:21.529+0000][7][gc,age      ] GC(188) - age  14:       5656 bytes,     901616 total
[2024-02-18T12:59:21.529+0000][7][gc,age      ] GC(188) - age  15:       4328 bytes,     905944 total
[2024-02-18T12:59:21.529+0000][7][gc,heap     ] GC(188) Eden regions: 75->0(75)
[2024-02-18T12:59:21.529+0000][7][gc,heap     ] GC(188) Survivor regions: 1->1(10)
[2024-02-18T12:59:21.536+0000][7][gc,heap     ] GC(188) Old regions: 31->31
[2024-02-18T12:59:21.536+0000][7][gc,heap     ] GC(188) Humongous regions: 2->2
[2024-02-18T12:59:21.536+0000][7][gc,metaspace] GC(188) Metaspace: 121324K(125632K)->121324K(125632K) NonClass: 105598K(108096K)->105598K(108096K) Class: 15725K(17536K)->15725K(17536K)
[2024-02-18T12:59:21.536+0000][7][gc          ] GC(188) Pause Young (Concurrent Start) (G1 Evacuation Pause) 433M->133M(512M) 12.153ms
[2024-02-18T12:59:21.536+0000][7][gc          ] GC(189) Concurrent Mark Cycle
[2024-02-18T12:59:21.536+0000][7][gc,marking  ] GC(189) Concurrent Scan Root Regions
[2024-02-18T12:59:21.536+0000][7][gc,cpu      ] GC(188) User=0.01s Sys=0.00s Real=0.02s
[2024-02-18T12:59:21.537+0000][7][safepoint   ] Safepoint "G1CollectForAllocation", Time since last: 13516577940 ns, Reaching safepoint: 15129 ns, Cleanup: 3386 ns, At safepoint: 12837498 ns, Total: 12856013 ns
[2024-02-18T12:59:21.537+0000][7][gc,marking  ] GC(189) Concurrent Scan Root Regions 1.030ms
[2024-02-18T12:59:21.538+0000][7][gc,marking  ] GC(189) Concurrent Mark
[2024-02-18T12:59:21.538+0000][7][gc,marking  ] GC(189) Concurrent Mark From Roots
[2024-02-18T12:59:21.538+0000][7][gc,task     ] GC(189) Using 3 workers of 3 for marking
[2024-02-18T12:59:21.574+0000][7][gc,marking  ] GC(189) Concurrent Mark From Roots 36.581ms
[2024-02-18T12:59:21.574+0000][7][gc,marking  ] GC(189) Concurrent Preclean
[2024-02-18T12:59:21.575+0000][7][gc,marking  ] GC(189) Concurrent Preclean 0.409ms
[2024-02-18T12:59:21.575+0000][7][gc,start    ] GC(189) Pause Remark
[2024-02-18T12:59:21.578+0000][7][gc          ] GC(189) Pause Remark 136M->136M(512M) 3.225ms
[2024-02-18T12:59:21.579+0000][7][gc,cpu      ] GC(189) User=0.03s Sys=0.01s Real=0.01s
[2024-02-18T12:59:21.579+0000][7][safepoint   ] Safepoint "G1PauseRemark", Time since last: 38290298 ns, Reaching safepoint: 14849 ns, Cleanup: 2835 ns, At safepoint: 3757527 ns, Total: 3775211 ns
[2024-02-18T12:59:21.579+0000][7][gc,marking  ] GC(189) Concurrent Mark 41.322ms
[2024-02-18T12:59:21.579+0000][7][gc,marking  ] GC(189) Concurrent Rebuild Remembered Sets and Scrub Regions
[2024-02-18T12:59:21.593+0000][7][gc,marking  ] GC(189) Concurrent Rebuild Remembered Sets and Scrub Regions 14.415ms
[2024-02-18T12:59:21.594+0000][7][gc,start    ] GC(189) Pause Cleanup
[2024-02-18T12:59:21.594+0000][7][gc          ] GC(189) Pause Cleanup 136M->136M(512M) 0.272ms
[2024-02-18T12:59:21.594+0000][7][gc,cpu      ] GC(189) User=0.00s Sys=0.00s Real=0.00s
[2024-02-18T12:59:21.594+0000][7][safepoint   ] Safepoint "G1PauseCleanup", Time since last: 15022491 ns, Reaching safepoint: 97118 ns, Cleanup: 4668 ns, At safepoint: 656067 ns, Total: 757853 ns
[2024-02-18T12:59:21.595+0000][7][gc,marking  ] GC(189) Concurrent Clear Claimed Marks
[2024-02-18T12:59:21.595+0000][7][gc,marking  ] GC(189) Concurrent Clear Claimed Marks 0.259ms
[2024-02-18T12:59:21.595+0000][7][gc,marking  ] GC(189) Concurrent Cleanup for Next Mark
[2024-02-18T12:59:21.596+0000][7][gc,marking  ] GC(189) Concurrent Cleanup for Next Mark 0.589ms
[2024-02-18T12:59:21.596+0000][7][gc          ] GC(189) Concurrent Mark Cycle 59.553ms
[2024-02-18T12:59:52.027+0000][7][safepoint   ] Safepoint "Cleanup", Time since last: 30432256875 ns, Reaching safepoint: 38003 ns, Cleanup: 10079 ns, At safepoint: 3537 ns, Total: 51619 ns
[2024-02-18T13:00:19.532+0000][7][gc,start    ] GC(190) Pause Young (Normal) (G1 Evacuation Pause)
[2024-02-18T13:00:19.532+0000][7][gc,task     ] GC(190) Using 12 workers of 13 for evacuation
[2024-02-18T13:00:19.532+0000][7][gc,age      ] GC(190) Desired survivor size 20971520 bytes, new threshold 15 (max threshold 15)
[2024-02-18T13:00:19.536+0000][7][gc,phases   ] GC(190)   Pre Evacuate Collection Set: 0.3ms
[2024-02-18T13:00:19.536+0000][7][gc,phases   ] GC(190)   Merge Heap Roots: 0.2ms
[2024-02-18T13:00:19.536+0000][7][gc,phases   ] GC(190)   Evacuate Collection Set: 1.8ms
[2024-02-18T13:00:19.536+0000][7][gc,phases   ] GC(190)   Post Evacuate Collection Set: 0.6ms
[2024-02-18T13:00:19.536+0000][7][gc,phases   ] GC(190)   Other: 0.5ms
[2024-02-18T13:00:19.537+0000][7][gc,age      ] GC(190) Age table with threshold 15 (max threshold 15)
[2024-02-18T13:00:19.537+0000][7][gc,age      ] GC(190) - age   1:    1295448 bytes,    1295448 total
[2024-02-18T13:00:19.537+0000][7][gc,age      ] GC(190) - age   2:      56176 bytes,    1351624 total
[2024-02-18T13:00:19.537+0000][7][gc,age      ] GC(190) - age   3:     172616 bytes,    1524240 total
[2024-02-18T13:00:19.537+0000][7][gc,age      ] GC(190) - age   4:      22640 bytes,    1546880 total
[2024-02-18T13:00:19.537+0000][7][gc,age      ] GC(190) - age   5:       4392 bytes,    1551272 total
[2024-02-18T13:00:19.538+0000][7][gc,age      ] GC(190) - age   6:      58320 bytes,    1609592 total
[2024-02-18T13:00:19.538+0000][7][gc,age      ] GC(190) - age   7:      45016 bytes,    1654608 total
[2024-02-18T13:00:19.538+0000][7][gc,age      ] GC(190) - age   8:      93808 bytes,    1748416 total
[2024-02-18T13:00:19.538+0000][7][gc,age      ] GC(190) - age   9:      13856 bytes,    1762272 total
[2024-02-18T13:00:19.538+0000][7][gc,age      ] GC(190) - age  10:       4496 bytes,    1766768 total
[2024-02-18T13:00:19.538+0000][7][gc,age      ] GC(190) - age  11:       4368 bytes,    1771136 total
[2024-02-18T13:00:19.539+0000][7][gc,age      ] GC(190) - age  12:       4496 bytes,    1775632 total
[2024-02-18T13:00:19.539+0000][7][gc,age      ] GC(190) - age  13:       5424 bytes,    1781056 total
[2024-02-18T13:00:19.539+0000][7][gc,age      ] GC(190) - age  14:       3232 bytes,    1784288 total
[2024-02-18T13:00:19.539+0000][7][gc,age      ] GC(190) - age  15:       5624 bytes,    1789912 total
[2024-02-18T13:00:19.539+0000][7][gc,heap     ] GC(190) Eden regions: 75->0(75)
[2024-02-18T13:00:19.539+0000][7][gc,heap     ] GC(190) Survivor regions: 1->1(10)
[2024-02-18T13:00:19.540+0000][7][gc,heap     ] GC(190) Old regions: 31->31
[2024-02-18T13:00:19.540+0000][7][gc,heap     ] GC(190) Humongous regions: 2->2
[2024-02-18T13:00:19.540+0000][7][gc,metaspace] GC(190) Metaspace: 121374K(125632K)->121374K(125632K) NonClass: 105649K(108096K)->105649K(108096K) Class: 15725K(17536K)->15725K(17536K)
[2024-02-18T13:00:19.540+0000][7][gc          ] GC(190) Pause Young (Normal) (G1 Evacuation Pause) 433M->133M(512M) 8.234ms
[2024-02-18T13:00:19.540+0000][7][gc,cpu      ] GC(190) User=0.02s Sys=0.00s Real=0.01s
[2024-02-18T13:00:19.540+0000][7][safepoint   ] Safepoint "G1CollectForAllocation", Time since last: 27504910304 ns, Reaching safepoint: 35238 ns, Cleanup: 3987 ns, At safepoint: 8655018 ns, Total: 8694243 ns
[2024-02-18T13:00:22.541+0000][7][safepoint   ] Safepoint "Cleanup", Time since last: 3000447160 ns, Reaching safepoint: 18355 ns, Cleanup: 11502 ns, At safepoint: 4790 ns, Total: 34647 ns
[2024-02-18T13:00:27.048+0000][7][safepoint   ] Safepoint "Cleanup", Time since last: 4505693269 ns, Reaching safepoint: 10380 ns, Cleanup: 11031 ns, At safepoint: 10971 ns, Total: 32382 ns
[2024-02-18T13:00:46.050+0000][7][safepoint   ] Safepoint "Cleanup", Time since last: 19002338923 ns, Reaching safepoint: 52530 ns, Cleanup: 14829 ns, At safepoint: 3486 ns, Total: 70845 ns
[2024-02-18T13:00:49.051+0000][7][safepoint   ] Safepoint "Cleanup", Time since last: 3000779803 ns, Reaching safepoint: 15921 ns, Cleanup: 69703 ns, At safepoint: 14829 ns, Total: 100453 ns
[2024-02-18T13:00:50.391+0000][7][gc,heap,exit] Heap
[2024-02-18T13:00:50.391+0000][7][gc,heap,exit]  garbage-first heap   total 524288K, used 355404K [0x00000000e0000000, 0x0000000100000000)
[2024-02-18T13:00:50.392+0000][7][gc,heap,exit]   region size 4096K, 55 young (225280K), 1 survivors (4096K)
[2024-02-18T13:00:50.392+0000][7][gc,heap,exit]  Metaspace       used 121517K, committed 125632K, reserved 1179648K
[2024-02-18T13:00:50.392+0000][7][gc,heap,exit]   class space    used 15758K, committed 17536K, reserved 1048576K
