[2024-01-16T13:02:03.818+0000][7][gc,init] CardTable entry size: 512
[2024-01-16T13:02:03.819+0000][7][gc     ] Using G1
[2024-01-16T13:02:03.935+0000][7][gc,init] Version: 21.0.1+12-29 (release)
[2024-01-16T13:02:03.936+0000][7][gc,init] CPUs: 16 total, 16 available
[2024-01-16T13:02:03.936+0000][7][gc,init] Memory: 12259M
[2024-01-16T13:02:03.936+0000][7][gc,init] Large Page Support: Disabled
[2024-01-16T13:02:03.936+0000][7][gc,init] NUMA Support: Disabled
[2024-01-16T13:02:03.936+0000][7][gc,init] Compressed Oops: Enabled (32-bit)
[2024-01-16T13:02:03.936+0000][7][gc,init] Heap Region Size: 4M
[2024-01-16T13:02:03.937+0000][7][gc,init] Heap Min Capacity: 512M
[2024-01-16T13:02:03.937+0000][7][gc,init] Heap Initial Capacity: 512M
[2024-01-16T13:02:03.937+0000][7][gc,init] Heap Max Capacity: 512M
[2024-01-16T13:02:03.937+0000][7][gc,init] Pre-touch: Enabled
[2024-01-16T13:02:03.937+0000][7][gc,init] Parallel Workers: 13
[2024-01-16T13:02:03.937+0000][7][gc,init] Concurrent Workers: 3
[2024-01-16T13:02:03.937+0000][7][gc,init] Concurrent Refinement Workers: 13
[2024-01-16T13:02:03.938+0000][7][gc,init] Periodic GC: Disabled
[2024-01-16T13:02:03.942+0000][7][gc,metaspace] CDS archive(s) mapped at: [0x00007f3ae3000000-0x00007f3ae3ca5000-0x00007f3ae3ca5000), size 13258752, SharedBaseAddress: 0x00007f3ae3000000, ArchiveRelocationMode: 1.
[2024-01-16T13:02:03.943+0000][7][gc,metaspace] Compressed class space mapped at: 0x00007f3ae4000000-0x00007f3b24000000, reserved size: 1073741824
[2024-01-16T13:02:03.943+0000][7][gc,metaspace] Narrow klass base: 0x00007f3ae3000000, Narrow klass shift: 0, Narrow klass range: 0x100000000
[2024-01-16T13:02:04.288+0000][7][safepoint   ] Safepoint "ICBufferFull", Time since last: 342410094 ns, Reaching safepoint: 4810 ns, Cleanup: 107806 ns, At safepoint: 23845 ns, Total: 136461 ns
[2024-01-16T13:02:04.458+0000][7][gc,start    ] GC(0) Pause Young (Normal) (G1 Evacuation Pause)
[2024-01-16T13:02:04.458+0000][7][gc,task     ] GC(0) Using 12 workers of 13 for evacuation
[2024-01-16T13:02:04.459+0000][7][gc,age      ] GC(0) Desired survivor size 2097152 bytes, new threshold 15 (max threshold 15)
[2024-01-16T13:02:04.462+0000][7][gc,phases   ] GC(0)   Pre Evacuate Collection Set: 0.3ms
[2024-01-16T13:02:04.462+0000][7][gc,phases   ] GC(0)   Merge Heap Roots: 0.2ms
[2024-01-16T13:02:04.463+0000][7][gc,phases   ] GC(0)   Evacuate Collection Set: 1.9ms
[2024-01-16T13:02:04.463+0000][7][gc,phases   ] GC(0)   Post Evacuate Collection Set: 0.8ms
[2024-01-16T13:02:04.463+0000][7][gc,phases   ] GC(0)   Other: 0.4ms
[2024-01-16T13:02:04.463+0000][7][gc,age      ] GC(0) Age table with threshold 15 (max threshold 15)
[2024-01-16T13:02:04.463+0000][7][gc,age      ] GC(0) - age   1:    4129000 bytes,    4129000 total
[2024-01-16T13:02:04.464+0000][7][gc,heap     ] GC(0) Eden regions: 6->0(5)
[2024-01-16T13:02:04.464+0000][7][gc,heap     ] GC(0) Survivor regions: 0->1(1)
[2024-01-16T13:02:04.464+0000][7][gc,heap     ] GC(0) Old regions: 1->2
[2024-01-16T13:02:04.464+0000][7][gc,heap     ] GC(0) Humongous regions: 0->0
[2024-01-16T13:02:04.464+0000][7][gc,metaspace] GC(0) Metaspace: 9043K(9280K)->9043K(9280K) NonClass: 8027K(8128K)->8027K(8128K) Class: 1016K(1152K)->1016K(1152K)
[2024-01-16T13:02:04.464+0000][7][gc          ] GC(0) Pause Young (Normal) (G1 Evacuation Pause) 25M->5M(512M) 6.421ms
[2024-01-16T13:02:04.465+0000][7][gc,cpu      ] GC(0) User=0.04s Sys=0.00s Real=0.01s
[2024-01-16T13:02:04.465+0000][7][safepoint   ] Safepoint "G1CollectForAllocation", Time since last: 169620299 ns, Reaching safepoint: 5190 ns, Cleanup: 77949 ns, At safepoint: 6888897 ns, Total: 6972036 ns
[2024-01-16T13:02:04.796+0000][7][gc,start    ] GC(1) Pause Young (Normal) (G1 Evacuation Pause)
[2024-01-16T13:02:04.796+0000][7][gc,task     ] GC(1) Using 12 workers of 13 for evacuation
[2024-01-16T13:02:04.797+0000][7][gc,age      ] GC(1) Desired survivor size 2097152 bytes, new threshold 1 (max threshold 15)
[2024-01-16T13:02:04.801+0000][7][gc,phases   ] GC(1)   Pre Evacuate Collection Set: 0.2ms
[2024-01-16T13:02:04.801+0000][7][gc,phases   ] GC(1)   Merge Heap Roots: 0.2ms
[2024-01-16T13:02:04.801+0000][7][gc,phases   ] GC(1)   Evacuate Collection Set: 2.8ms
[2024-01-16T13:02:04.802+0000][7][gc,phases   ] GC(1)   Post Evacuate Collection Set: 0.8ms
[2024-01-16T13:02:04.802+0000][7][gc,phases   ] GC(1)   Other: 0.3ms
[2024-01-16T13:02:04.802+0000][7][gc,age      ] GC(1) Age table with threshold 1 (max threshold 15)
[2024-01-16T13:02:04.802+0000][7][gc,age      ] GC(1) - age   1:    1924456 bytes,    1924456 total
[2024-01-16T13:02:04.802+0000][7][gc,heap     ] GC(1) Eden regions: 5->0(11)
[2024-01-16T13:02:04.802+0000][7][gc,heap     ] GC(1) Survivor regions: 1->1(1)
[2024-01-16T13:02:04.802+0000][7][gc,heap     ] GC(1) Old regions: 2->3
[2024-01-16T13:02:04.802+0000][7][gc,heap     ] GC(1) Humongous regions: 0->0
[2024-01-16T13:02:04.803+0000][7][gc,metaspace] GC(1) Metaspace: 12077K(12288K)->12077K(12288K) NonClass: 10637K(10752K)->10637K(10752K) Class: 1439K(1536K)->1439K(1536K)
[2024-01-16T13:02:04.803+0000][7][gc          ] GC(1) Pause Young (Normal) (G1 Evacuation Pause) 25M->7M(512M) 6.669ms
[2024-01-16T13:02:04.803+0000][7][gc,cpu      ] GC(1) User=0.05s Sys=0.00s Real=0.01s
[2024-01-16T13:02:04.803+0000][7][safepoint   ] Safepoint "G1CollectForAllocation", Time since last: 331023871 ns, Reaching safepoint: 5451 ns, Cleanup: 126592 ns, At safepoint: 6998877 ns, Total: 7130920 ns
[2024-01-16T13:02:05.210+0000][7][safepoint   ] Safepoint "ICBufferFull", Time since last: 406967414 ns, Reaching safepoint: 4438 ns, Cleanup: 122775 ns, At safepoint: 1753 ns, Total: 128966 ns
[2024-01-16T13:02:05.405+0000][7][gc,start    ] GC(2) Pause Young (Normal) (G1 Evacuation Pause)
[2024-01-16T13:02:05.405+0000][7][gc,task     ] GC(2) Using 12 workers of 13 for evacuation
[2024-01-16T13:02:05.405+0000][7][gc,age      ] GC(2) Desired survivor size 4194304 bytes, new threshold 15 (max threshold 15)
[2024-01-16T13:02:05.409+0000][7][gc,phases   ] GC(2)   Pre Evacuate Collection Set: 0.2ms
[2024-01-16T13:02:05.409+0000][7][gc,phases   ] GC(2)   Merge Heap Roots: 0.1ms
[2024-01-16T13:02:05.410+0000][7][gc,phases   ] GC(2)   Evacuate Collection Set: 1.9ms
[2024-01-16T13:02:05.410+0000][7][gc,phases   ] GC(2)   Post Evacuate Collection Set: 0.9ms
[2024-01-16T13:02:05.410+0000][7][gc,phases   ] GC(2)   Other: 0.7ms
[2024-01-16T13:02:05.410+0000][7][gc,age      ] GC(2) Age table with threshold 15 (max threshold 15)
[2024-01-16T13:02:05.410+0000][7][gc,age      ] GC(2) - age   1:    1434968 bytes,    1434968 total
[2024-01-16T13:02:05.410+0000][7][gc,age      ] GC(2) - age   2:    1897576 bytes,    3332544 total
[2024-01-16T13:02:05.410+0000][7][gc,heap     ] GC(2) Eden regions: 11->0(60)
[2024-01-16T13:02:05.410+0000][7][gc,heap     ] GC(2) Survivor regions: 1->1(2)
[2024-01-16T13:02:05.410+0000][7][gc,heap     ] GC(2) Old regions: 3->3
[2024-01-16T13:02:05.411+0000][7][gc,heap     ] GC(2) Humongous regions: 0->0
[2024-01-16T13:02:05.411+0000][7][gc,metaspace] GC(2) Metaspace: 15708K(16000K)->15708K(16000K) NonClass: 13915K(14080K)->13915K(14080K) Class: 1792K(1920K)->1792K(1920K)
[2024-01-16T13:02:05.411+0000][7][gc          ] GC(2) Pause Young (Normal) (G1 Evacuation Pause) 51M->8M(512M) 5.841ms
[2024-01-16T13:02:05.411+0000][7][gc,cpu      ] GC(2) User=0.03s Sys=0.01s Real=0.01s
[2024-01-16T13:02:05.411+0000][7][safepoint   ] Safepoint "G1CollectForAllocation", Time since last: 194730111 ns, Reaching safepoint: 6583 ns, Cleanup: 64954 ns, At safepoint: 6175323 ns, Total: 6246860 ns
[2024-01-16T13:02:06.009+0000][7][safepoint   ] Safepoint "ICBufferFull", Time since last: 596958838 ns, Reaching safepoint: 325382 ns, Cleanup: 219239 ns, At safepoint: 50156 ns, Total: 594777 ns
[2024-01-16T13:02:06.114+0000][7][gc,start    ] GC(3) Pause Young (Normal) (G1 Evacuation Pause)
[2024-01-16T13:02:06.114+0000][7][gc,task     ] GC(3) Using 12 workers of 13 for evacuation
[2024-01-16T13:02:06.114+0000][7][gc,age      ] GC(3) Desired survivor size 16777216 bytes, new threshold 15 (max threshold 15)
[2024-01-16T13:02:06.119+0000][7][gc,phases   ] GC(3)   Pre Evacuate Collection Set: 0.2ms
[2024-01-16T13:02:06.119+0000][7][gc,phases   ] GC(3)   Merge Heap Roots: 0.1ms
[2024-01-16T13:02:06.119+0000][7][gc,phases   ] GC(3)   Evacuate Collection Set: 3.2ms
[2024-01-16T13:02:06.119+0000][7][gc,phases   ] GC(3)   Post Evacuate Collection Set: 0.7ms
[2024-01-16T13:02:06.119+0000][7][gc,phases   ] GC(3)   Other: 0.3ms
[2024-01-16T13:02:06.119+0000][7][gc,age      ] GC(3) Age table with threshold 15 (max threshold 15)
[2024-01-16T13:02:06.120+0000][7][gc,age      ] GC(3) - age   1:    5084520 bytes,    5084520 total
[2024-01-16T13:02:06.120+0000][7][gc,age      ] GC(3) - age   2:    1397576 bytes,    6482096 total
[2024-01-16T13:02:06.120+0000][7][gc,age      ] GC(3) - age   3:    1896032 bytes,    8378128 total
[2024-01-16T13:02:06.120+0000][7][gc,heap     ] GC(3) Eden regions: 60->0(73)
[2024-01-16T13:02:06.120+0000][7][gc,heap     ] GC(3) Survivor regions: 1->3(8)
[2024-01-16T13:02:06.120+0000][7][gc,heap     ] GC(3) Old regions: 3->3
[2024-01-16T13:02:06.120+0000][7][gc,heap     ] GC(3) Humongous regions: 0->0
[2024-01-16T13:02:06.120+0000][7][gc,metaspace] GC(3) Metaspace: 18739K(19136K)->18739K(19136K) NonClass: 16554K(16768K)->16554K(16768K) Class: 2184K(2368K)->2184K(2368K)
[2024-01-16T13:02:06.121+0000][7][gc          ] GC(3) Pause Young (Normal) (G1 Evacuation Pause) 248M->13M(512M) 6.889ms
[2024-01-16T13:02:06.121+0000][7][gc,cpu      ] GC(3) User=0.06s Sys=0.01s Real=0.01s
[2024-01-16T13:02:06.121+0000][7][safepoint   ] Safepoint "G1CollectForAllocation", Time since last: 104895900 ns, Reaching safepoint: 7033 ns, Cleanup: 37963 ns, At safepoint: 7214870 ns, Total: 7259866 ns
[2024-01-16T13:02:06.494+0000][7][gc,start    ] GC(4) Pause Young (Normal) (G1 Evacuation Pause)
[2024-01-16T13:02:06.495+0000][7][gc,task     ] GC(4) Using 12 workers of 13 for evacuation
[2024-01-16T13:02:06.495+0000][7][gc,age      ] GC(4) Desired survivor size 20971520 bytes, new threshold 15 (max threshold 15)
[2024-01-16T13:02:06.502+0000][7][gc,phases   ] GC(4)   Pre Evacuate Collection Set: 0.2ms
[2024-01-16T13:02:06.502+0000][7][gc,phases   ] GC(4)   Merge Heap Roots: 0.1ms
[2024-01-16T13:02:06.502+0000][7][gc,phases   ] GC(4)   Evacuate Collection Set: 4.7ms
[2024-01-16T13:02:06.502+0000][7][gc,phases   ] GC(4)   Post Evacuate Collection Set: 1.2ms
[2024-01-16T13:02:06.503+0000][7][gc,phases   ] GC(4)   Other: 0.5ms
[2024-01-16T13:02:06.503+0000][7][gc,age      ] GC(4) Age table with threshold 15 (max threshold 15)
[2024-01-16T13:02:06.503+0000][7][gc,age      ] GC(4) - age   1:    4711792 bytes,    4711792 total
[2024-01-16T13:02:06.503+0000][7][gc,age      ] GC(4) - age   2:    3746480 bytes,    8458272 total
[2024-01-16T13:02:06.503+0000][7][gc,age      ] GC(4) - age   3:    1397464 bytes,    9855736 total
[2024-01-16T13:02:06.503+0000][7][gc,age      ] GC(4) - age   4:    1896032 bytes,   11751768 total
[2024-01-16T13:02:06.503+0000][7][gc,heap     ] GC(4) Eden regions: 73->0(72)
[2024-01-16T13:02:06.503+0000][7][gc,heap     ] GC(4) Survivor regions: 3->4(10)
[2024-01-16T13:02:06.504+0000][7][gc,heap     ] GC(4) Old regions: 3->3
[2024-01-16T13:02:06.504+0000][7][gc,heap     ] GC(4) Humongous regions: 0->0
[2024-01-16T13:02:06.504+0000][7][gc,metaspace] GC(4) Metaspace: 19592K(20032K)->19592K(20032K) NonClass: 17284K(17536K)->17284K(17536K) Class: 2307K(2496K)->2307K(2496K)
[2024-01-16T13:02:06.504+0000][7][gc          ] GC(4) Pause Young (Normal) (G1 Evacuation Pause) 305M->17M(512M) 9.594ms
[2024-01-16T13:02:06.504+0000][7][gc,cpu      ] GC(4) User=0.07s Sys=0.00s Real=0.01s
[2024-01-16T13:02:06.504+0000][7][safepoint   ] Safepoint "G1CollectForAllocation", Time since last: 373356803 ns, Reaching safepoint: 7845 ns, Cleanup: 62570 ns, At safepoint: 9886105 ns, Total: 9956520 ns
[2024-01-16T13:02:06.904+0000][7][gc,start    ] GC(5) Pause Young (Normal) (G1 Evacuation Pause)
[2024-01-16T13:02:06.904+0000][7][gc,task     ] GC(5) Using 12 workers of 13 for evacuation
[2024-01-16T13:02:06.905+0000][7][gc,age      ] GC(5) Desired survivor size 20971520 bytes, new threshold 15 (max threshold 15)
[2024-01-16T13:02:06.912+0000][7][gc,phases   ] GC(5)   Pre Evacuate Collection Set: 0.2ms
[2024-01-16T13:02:06.912+0000][7][gc,phases   ] GC(5)   Merge Heap Roots: 1.0ms
[2024-01-16T13:02:06.912+0000][7][gc,phases   ] GC(5)   Evacuate Collection Set: 4.5ms
[2024-01-16T13:02:06.912+0000][7][gc,phases   ] GC(5)   Post Evacuate Collection Set: 1.1ms
[2024-01-16T13:02:06.912+0000][7][gc,phases   ] GC(5)   Other: 0.4ms
[2024-01-16T13:02:06.912+0000][7][gc,age      ] GC(5) Age table with threshold 15 (max threshold 15)
[2024-01-16T13:02:06.913+0000][7][gc,age      ] GC(5) - age   1:    1503248 bytes,    1503248 total
[2024-01-16T13:02:06.913+0000][7][gc,age      ] GC(5) - age   2:    3812672 bytes,    5315920 total
[2024-01-16T13:02:06.913+0000][7][gc,age      ] GC(5) - age   3:    3745936 bytes,    9061856 total
[2024-01-16T13:02:06.913+0000][7][gc,age      ] GC(5) - age   4:    1397192 bytes,   10459048 total
[2024-01-16T13:02:06.913+0000][7][gc,age      ] GC(5) - age   5:    1895968 bytes,   12355016 total
[2024-01-16T13:02:06.913+0000][7][gc,heap     ] GC(5) Eden regions: 72->0(72)
[2024-01-16T13:02:06.913+0000][7][gc,heap     ] GC(5) Survivor regions: 4->4(10)
[2024-01-16T13:02:06.913+0000][7][gc,heap     ] GC(5) Old regions: 3->3
[2024-01-16T13:02:06.913+0000][7][gc,heap     ] GC(5) Humongous regions: 0->0
[2024-01-16T13:02:06.914+0000][7][gc,metaspace] GC(5) Metaspace: 20539K(21056K)->20539K(21056K) NonClass: 18098K(18432K)->18098K(18432K) Class: 2440K(2624K)->2440K(2624K)
[2024-01-16T13:02:06.914+0000][7][gc          ] GC(5) Pause Young (Normal) (G1 Evacuation Pause) 305M->18M(512M) 9.738ms
[2024-01-16T13:02:06.914+0000][7][gc,cpu      ] GC(5) User=0.05s Sys=0.00s Real=0.01s
[2024-01-16T13:02:06.914+0000][7][safepoint   ] Safepoint "G1CollectForAllocation", Time since last: 399747966 ns, Reaching safepoint: 6051 ns, Cleanup: 70415 ns, At safepoint: 10053074 ns, Total: 10129540 ns
[2024-01-16T13:02:07.192+0000][7][gc,start    ] GC(6) Pause Young (Concurrent Start) (Metadata GC Threshold)
[2024-01-16T13:02:07.192+0000][7][gc,task     ] GC(6) Using 12 workers of 13 for evacuation
[2024-01-16T13:02:07.192+0000][7][gc,age      ] GC(6) Desired survivor size 20971520 bytes, new threshold 15 (max threshold 15)
[2024-01-16T13:02:07.199+0000][7][gc,phases   ] GC(6)   Pre Evacuate Collection Set: 0.3ms
[2024-01-16T13:02:07.199+0000][7][gc,phases   ] GC(6)   Merge Heap Roots: 0.1ms
[2024-01-16T13:02:07.199+0000][7][gc,phases   ] GC(6)   Evacuate Collection Set: 4.7ms
[2024-01-16T13:02:07.199+0000][7][gc,phases   ] GC(6)   Post Evacuate Collection Set: 0.9ms
[2024-01-16T13:02:07.199+0000][7][gc,phases   ] GC(6)   Other: 0.4ms
[2024-01-16T13:02:07.200+0000][7][gc,age      ] GC(6) Age table with threshold 15 (max threshold 15)
[2024-01-16T13:02:07.200+0000][7][gc,age      ] GC(6) - age   1:    1605776 bytes,    1605776 total
[2024-01-16T13:02:07.200+0000][7][gc,age      ] GC(6) - age   2:     659568 bytes,    2265344 total
[2024-01-16T13:02:07.200+0000][7][gc,age      ] GC(6) - age   3:    3808832 bytes,    6074176 total
[2024-01-16T13:02:07.200+0000][7][gc,age      ] GC(6) - age   4:    3744816 bytes,    9818992 total
[2024-01-16T13:02:07.200+0000][7][gc,age      ] GC(6) - age   5:    1397192 bytes,   11216184 total
[2024-01-16T13:02:07.200+0000][7][gc,age      ] GC(6) - age   6:    1895968 bytes,   13112152 total
[2024-01-16T13:02:07.200+0000][7][gc,heap     ] GC(6) Eden regions: 53->0(72)
[2024-01-16T13:02:07.200+0000][7][gc,heap     ] GC(6) Survivor regions: 4->4(10)
[2024-01-16T13:02:07.200+0000][7][gc,heap     ] GC(6) Old regions: 3->3
[2024-01-16T13:02:07.201+0000][7][gc,heap     ] GC(6) Humongous regions: 0->0
[2024-01-16T13:02:07.201+0000][7][gc,metaspace] GC(6) Metaspace: 21024K(21504K)->21024K(21504K) NonClass: 18514K(18816K)->18514K(18816K) Class: 2510K(2688K)->2510K(2688K)
[2024-01-16T13:02:07.201+0000][7][gc          ] GC(6) Pause Young (Concurrent Start) (Metadata GC Threshold) 230M->20M(512M) 8.996ms
[2024-01-16T13:02:07.201+0000][7][gc,cpu      ] GC(6) User=0.02s Sys=0.01s Real=0.01s
[2024-01-16T13:02:07.201+0000][7][gc          ] GC(7) Concurrent Mark Cycle
[2024-01-16T13:02:07.201+0000][7][safepoint   ] Safepoint "CollectForMetadataAllocation", Time since last: 277666164 ns, Reaching safepoint: 9338 ns, Cleanup: 55436 ns, At safepoint: 9321100 ns, Total: 9385874 ns
[2024-01-16T13:02:07.201+0000][7][gc,marking  ] GC(7) Concurrent Scan Root Regions
[2024-01-16T13:02:07.204+0000][7][gc,marking  ] GC(7) Concurrent Scan Root Regions 2.370ms
[2024-01-16T13:02:07.204+0000][7][gc,marking  ] GC(7) Concurrent Mark
[2024-01-16T13:02:07.204+0000][7][gc,marking  ] GC(7) Concurrent Mark From Roots
[2024-01-16T13:02:07.204+0000][7][gc,task     ] GC(7) Using 3 workers of 3 for marking
[2024-01-16T13:02:07.207+0000][7][gc,marking  ] GC(7) Concurrent Mark From Roots 3.178ms
[2024-01-16T13:02:07.208+0000][7][gc,marking  ] GC(7) Concurrent Preclean
[2024-01-16T13:02:07.208+0000][7][gc,marking  ] GC(7) Concurrent Preclean 0.158ms
[2024-01-16T13:02:07.208+0000][7][gc,start    ] GC(7) Pause Remark
[2024-01-16T13:02:07.211+0000][7][gc          ] GC(7) Pause Remark 22M->22M(512M) 2.704ms
[2024-01-16T13:02:07.211+0000][7][gc,cpu      ] GC(7) User=0.01s Sys=0.00s Real=0.00s
[2024-01-16T13:02:07.211+0000][7][safepoint   ] Safepoint "G1PauseRemark", Time since last: 6947369 ns, Reaching safepoint: 93368 ns, Cleanup: 18035 ns, At safepoint: 3335565 ns, Total: 3446968 ns
[2024-01-16T13:02:07.212+0000][7][gc,marking  ] GC(7) Concurrent Mark 7.624ms
[2024-01-16T13:02:07.212+0000][7][gc,marking  ] GC(7) Concurrent Rebuild Remembered Sets and Scrub Regions
[2024-01-16T13:02:07.213+0000][7][gc,marking  ] GC(7) Concurrent Rebuild Remembered Sets and Scrub Regions 1.481ms
[2024-01-16T13:02:07.214+0000][7][gc,start    ] GC(7) Pause Cleanup
[2024-01-16T13:02:07.214+0000][7][gc          ] GC(7) Pause Cleanup 22M->22M(512M) 0.354ms
[2024-01-16T13:02:07.214+0000][7][gc,cpu      ] GC(7) User=0.00s Sys=0.00s Real=0.00s
[2024-01-16T13:02:07.215+0000][7][safepoint   ] Safepoint "G1PauseCleanup", Time since last: 2266692 ns, Reaching safepoint: 172059 ns, Cleanup: 4028 ns, At safepoint: 677134 ns, Total: 853221 ns
[2024-01-16T13:02:07.215+0000][7][gc,marking  ] GC(7) Concurrent Clear Claimed Marks
[2024-01-16T13:02:07.215+0000][7][gc,marking  ] GC(7) Concurrent Clear Claimed Marks 0.182ms
[2024-01-16T13:02:07.215+0000][7][gc,marking  ] GC(7) Concurrent Cleanup for Next Mark
[2024-01-16T13:02:07.216+0000][7][gc,marking  ] GC(7) Concurrent Cleanup for Next Mark 1.226ms
[2024-01-16T13:02:07.217+0000][7][gc          ] GC(7) Concurrent Mark Cycle 15.716ms
[2024-01-16T13:02:07.633+0000][7][gc,start    ] GC(8) Pause Young (Prepare Mixed) (G1 Evacuation Pause)
[2024-01-16T13:02:07.634+0000][7][gc,task     ] GC(8) Using 12 workers of 13 for evacuation
[2024-01-16T13:02:07.634+0000][7][gc,age      ] GC(8) Desired survivor size 20971520 bytes, new threshold 15 (max threshold 15)
[2024-01-16T13:02:07.641+0000][7][gc,phases   ] GC(8)   Pre Evacuate Collection Set: 0.2ms
[2024-01-16T13:02:07.642+0000][7][gc,phases   ] GC(8)   Merge Heap Roots: 0.1ms
[2024-01-16T13:02:07.642+0000][7][gc,phases   ] GC(8)   Evacuate Collection Set: 5.9ms
[2024-01-16T13:02:07.642+0000][7][gc,phases   ] GC(8)   Post Evacuate Collection Set: 0.9ms
[2024-01-16T13:02:07.642+0000][7][gc,phases   ] GC(8)   Other: 0.4ms
[2024-01-16T13:02:07.642+0000][7][gc,age      ] GC(8) Age table with threshold 15 (max threshold 15)
[2024-01-16T13:02:07.643+0000][7][gc,age      ] GC(8) - age   1:     966528 bytes,     966528 total
[2024-01-16T13:02:07.643+0000][7][gc,age      ] GC(8) - age   2:    1553720 bytes,    2520248 total
[2024-01-16T13:02:07.643+0000][7][gc,age      ] GC(8) - age   3:     658416 bytes,    3178664 total
[2024-01-16T13:02:07.643+0000][7][gc,age      ] GC(8) - age   4:    3808768 bytes,    6987432 total
[2024-01-16T13:02:07.643+0000][7][gc,age      ] GC(8) - age   5:    3741992 bytes,   10729424 total
[2024-01-16T13:02:07.643+0000][7][gc,age      ] GC(8) - age   6:    1396008 bytes,   12125432 total
[2024-01-16T13:02:07.643+0000][7][gc,age      ] GC(8) - age   7:    1894752 bytes,   14020184 total
[2024-01-16T13:02:07.643+0000][7][gc,heap     ] GC(8) Eden regions: 72->0(72)
[2024-01-16T13:02:07.644+0000][7][gc,heap     ] GC(8) Survivor regions: 4->4(10)
[2024-01-16T13:02:07.644+0000][7][gc,heap     ] GC(8) Old regions: 3->3
[2024-01-16T13:02:07.644+0000][7][gc,heap     ] GC(8) Humongous regions: 0->0
[2024-01-16T13:02:07.644+0000][7][gc,metaspace] GC(8) Metaspace: 21803K(22464K)->21803K(22464K) NonClass: 19191K(19584K)->19191K(19584K) Class: 2611K(2880K)->2611K(2880K)
[2024-01-16T13:02:07.644+0000][7][gc          ] GC(8) Pause Young (Prepare Mixed) (G1 Evacuation Pause) 308M->20M(512M) 11.157ms
[2024-01-16T13:02:07.645+0000][7][gc,cpu      ] GC(8) User=0.03s Sys=0.00s Real=0.01s
[2024-01-16T13:02:07.645+0000][7][safepoint   ] Safepoint "G1CollectForAllocation", Time since last: 418519784 ns, Reaching safepoint: 7995 ns, Cleanup: 39566 ns, At safepoint: 11581421 ns, Total: 11628982 ns
[2024-01-16T13:02:09.123+0000][7][safepoint   ] Safepoint "Cleanup", Time since last: 1477594343 ns, Reaching safepoint: 5751 ns, Cleanup: 148163 ns, At safepoint: 41089 ns, Total: 195003 ns
[2024-01-16T13:02:09.816+0000][7][safepoint   ] Safepoint "ICBufferFull", Time since last: 693706428 ns, Reaching safepoint: 10821 ns, Cleanup: 171347 ns, At safepoint: 2575 ns, Total: 184743 ns
[2024-01-16T13:02:10.037+0000][7][gc,start    ] GC(9) Pause Young (Mixed) (G1 Evacuation Pause)
[2024-01-16T13:02:10.037+0000][7][gc,task     ] GC(9) Using 12 workers of 13 for evacuation
[2024-01-16T13:02:10.037+0000][7][gc,age      ] GC(9) Desired survivor size 20971520 bytes, new threshold 15 (max threshold 15)
[2024-01-16T13:02:10.053+0000][7][gc,phases   ] GC(9)   Pre Evacuate Collection Set: 0.3ms
[2024-01-16T13:02:10.053+0000][7][gc,phases   ] GC(9)   Merge Heap Roots: 0.1ms
[2024-01-16T13:02:10.053+0000][7][gc,phases   ] GC(9)   Evacuate Collection Set: 12.6ms
[2024-01-16T13:02:10.053+0000][7][gc,phases   ] GC(9)   Post Evacuate Collection Set: 2.0ms
[2024-01-16T13:02:10.053+0000][7][gc,phases   ] GC(9)   Other: 0.5ms
[2024-01-16T13:02:10.053+0000][7][gc,age      ] GC(9) Age table with threshold 15 (max threshold 15)
[2024-01-16T13:02:10.054+0000][7][gc,age      ] GC(9) - age   1:   10037976 bytes,   10037976 total
[2024-01-16T13:02:10.054+0000][7][gc,age      ] GC(9) - age   2:     935768 bytes,   10973744 total
[2024-01-16T13:02:10.054+0000][7][gc,age      ] GC(9) - age   3:    1535368 bytes,   12509112 total
[2024-01-16T13:02:10.054+0000][7][gc,age      ] GC(9) - age   4:     644848 bytes,   13153960 total
[2024-01-16T13:02:10.054+0000][7][gc,age      ] GC(9) - age   5:    3790400 bytes,   16944360 total
[2024-01-16T13:02:10.054+0000][7][gc,age      ] GC(9) - age   6:    3656504 bytes,   20600864 total
[2024-01-16T13:02:10.054+0000][7][gc,age      ] GC(9) - age   7:    1362104 bytes,   21962968 total
[2024-01-16T13:02:10.054+0000][7][gc,age      ] GC(9) - age   8:    1888136 bytes,   23851104 total
[2024-01-16T13:02:10.054+0000][7][gc,heap     ] GC(9) Eden regions: 72->0(70)
[2024-01-16T13:02:10.054+0000][7][gc,heap     ] GC(9) Survivor regions: 4->6(10)
[2024-01-16T13:02:10.055+0000][7][gc,heap     ] GC(9) Old regions: 3->2
[2024-01-16T13:02:10.055+0000][7][gc,heap     ] GC(9) Humongous regions: 0->0
[2024-01-16T13:02:10.055+0000][7][gc,metaspace] GC(9) Metaspace: 31334K(32320K)->31334K(32320K) NonClass: 27435K(28032K)->27435K(28032K) Class: 3898K(4288K)->3898K(4288K)
[2024-01-16T13:02:10.055+0000][7][gc          ] GC(9) Pause Young (Mixed) (G1 Evacuation Pause) 308M->29M(512M) 18.325ms
[2024-01-16T13:02:10.055+0000][7][gc,cpu      ] GC(9) User=0.13s Sys=0.02s Real=0.02s
[2024-01-16T13:02:10.055+0000][7][safepoint   ] Safepoint "G1CollectForAllocation", Time since last: 220200038 ns, Reaching safepoint: 10700 ns, Cleanup: 66497 ns, At safepoint: 18752502 ns, Total: 18829699 ns
[2024-01-16T13:02:11.056+0000][7][safepoint   ] Safepoint "Cleanup", Time since last: 1000317009 ns, Reaching safepoint: 100602 ns, Cleanup: 57289 ns, At safepoint: 30970 ns, Total: 188861 ns
[2024-01-16T13:02:11.514+0000][7][gc,start    ] GC(10) Pause Young (Concurrent Start) (Metadata GC Threshold)
[2024-01-16T13:02:11.514+0000][7][gc,task     ] GC(10) Using 12 workers of 13 for evacuation
[2024-01-16T13:02:11.515+0000][7][gc,age      ] GC(10) Desired survivor size 20971520 bytes, new threshold 7 (max threshold 15)
[2024-01-16T13:02:11.539+0000][7][gc,phases   ] GC(10)   Pre Evacuate Collection Set: 0.3ms
[2024-01-16T13:02:11.540+0000][7][gc,phases   ] GC(10)   Merge Heap Roots: 0.1ms
[2024-01-16T13:02:11.540+0000][7][gc,phases   ] GC(10)   Evacuate Collection Set: 21.2ms
[2024-01-16T13:02:11.540+0000][7][gc,phases   ] GC(10)   Post Evacuate Collection Set: 2.8ms
[2024-01-16T13:02:11.540+0000][7][gc,phases   ] GC(10)   Other: 0.5ms
[2024-01-16T13:02:11.540+0000][7][gc,age      ] GC(10) Age table with threshold 7 (max threshold 15)
[2024-01-16T13:02:11.540+0000][7][gc,age      ] GC(10) - age   1:   18102248 bytes,   18102248 total
[2024-01-16T13:02:11.540+0000][7][gc,age      ] GC(10) - age   2:    9443304 bytes,   27545552 total
[2024-01-16T13:02:11.541+0000][7][gc,age      ] GC(10) - age   3:     935360 bytes,   28480912 total
[2024-01-16T13:02:11.541+0000][7][gc,age      ] GC(10) - age   4:    1535336 bytes,   30016248 total
[2024-01-16T13:02:11.541+0000][7][gc,age      ] GC(10) - age   5:     644848 bytes,   30661096 total
[2024-01-16T13:02:11.541+0000][7][gc,age      ] GC(10) - age   6:    3788600 bytes,   34449696 total
[2024-01-16T13:02:11.541+0000][7][gc,age      ] GC(10) - age   7:    3652984 bytes,   38102680 total
[2024-01-16T13:02:11.541+0000][7][gc,heap     ] GC(10) Eden regions: 47->0(66)
[2024-01-16T13:02:11.541+0000][7][gc,heap     ] GC(10) Survivor regions: 6->10(10)
[2024-01-16T13:02:11.541+0000][7][gc,heap     ] GC(10) Old regions: 2->3
[2024-01-16T13:02:11.542+0000][7][gc,heap     ] GC(10) Humongous regions: 0->0
[2024-01-16T13:02:11.542+0000][7][gc,metaspace] GC(10) Metaspace: 35181K(36160K)->35181K(36160K) NonClass: 30634K(31232K)->30634K(31232K) Class: 4546K(4928K)->4546K(4928K)
[2024-01-16T13:02:11.542+0000][7][gc          ] GC(10) Pause Young (Concurrent Start) (Metadata GC Threshold) 217M->48M(512M) 28.083ms
[2024-01-16T13:02:11.542+0000][7][gc,cpu      ] GC(10) User=0.14s Sys=0.00s Real=0.03s
[2024-01-16T13:02:11.542+0000][7][gc          ] GC(11) Concurrent Mark Cycle
[2024-01-16T13:02:11.542+0000][7][safepoint   ] Safepoint "CollectForMetadataAllocation", Time since last: 457700177 ns, Reaching safepoint: 9919 ns, Cleanup: 90823 ns, At safepoint: 28515693 ns, Total: 28616435 ns
[2024-01-16T13:02:11.542+0000][7][gc,marking  ] GC(11) Concurrent Scan Root Regions
[2024-01-16T13:02:11.552+0000][7][gc,marking  ] GC(11) Concurrent Scan Root Regions 9.269ms
[2024-01-16T13:02:11.552+0000][7][gc,marking  ] GC(11) Concurrent Mark
[2024-01-16T13:02:11.552+0000][7][gc,marking  ] GC(11) Concurrent Mark From Roots
[2024-01-16T13:02:11.553+0000][7][gc,task     ] GC(11) Using 3 workers of 3 for marking
[2024-01-16T13:02:11.558+0000][7][gc,marking  ] GC(11) Concurrent Mark From Roots 5.806ms
[2024-01-16T13:02:11.559+0000][7][gc,marking  ] GC(11) Concurrent Preclean
[2024-01-16T13:02:11.559+0000][7][gc,marking  ] GC(11) Concurrent Preclean 0.234ms
[2024-01-16T13:02:11.559+0000][7][gc,start    ] GC(11) Pause Remark
[2024-01-16T13:02:11.575+0000][7][gc          ] GC(11) Pause Remark 50M->50M(512M) 15.458ms
[2024-01-16T13:02:11.575+0000][7][gc,cpu      ] GC(11) User=0.03s Sys=0.00s Real=0.01s
[2024-01-16T13:02:11.575+0000][7][safepoint   ] Safepoint "G1PauseRemark", Time since last: 16811165 ns, Reaching safepoint: 105812 ns, Cleanup: 4418 ns, At safepoint: 16087094 ns, Total: 16197324 ns
[2024-01-16T13:02:11.575+0000][7][gc,marking  ] GC(11) Concurrent Mark 23.336ms
[2024-01-16T13:02:11.576+0000][7][gc,marking  ] GC(11) Concurrent Rebuild Remembered Sets and Scrub Regions
[2024-01-16T13:02:11.578+0000][7][gc,marking  ] GC(11) Concurrent Rebuild Remembered Sets and Scrub Regions 2.268ms
[2024-01-16T13:02:11.578+0000][7][gc,start    ] GC(11) Pause Cleanup
[2024-01-16T13:02:11.579+0000][7][gc          ] GC(11) Pause Cleanup 50M->50M(512M) 0.390ms
[2024-01-16T13:02:11.579+0000][7][gc,cpu      ] GC(11) User=0.00s Sys=0.00s Real=0.00s
[2024-01-16T13:02:11.579+0000][7][safepoint   ] Safepoint "G1PauseCleanup", Time since last: 3055870 ns, Reaching safepoint: 94841 ns, Cleanup: 17433 ns, At safepoint: 783539 ns, Total: 895813 ns
[2024-01-16T13:02:11.579+0000][7][gc,marking  ] GC(11) Concurrent Clear Claimed Marks
[2024-01-16T13:02:11.580+0000][7][gc,marking  ] GC(11) Concurrent Clear Claimed Marks 0.282ms
[2024-01-16T13:02:11.580+0000][7][gc,marking  ] GC(11) Concurrent Cleanup for Next Mark
[2024-01-16T13:02:11.581+0000][7][gc,marking  ] GC(11) Concurrent Cleanup for Next Mark 1.255ms
[2024-01-16T13:02:11.582+0000][7][gc          ] GC(11) Concurrent Mark Cycle 39.481ms
[2024-01-16T13:02:12.909+0000][7][safepoint   ] Safepoint "Cleanup", Time since last: 1329397134 ns, Reaching safepoint: 4729 ns, Cleanup: 142222 ns, At safepoint: 20529 ns, Total: 167480 ns
[2024-01-16T13:02:13.504+0000][7][gc,start    ] GC(12) Pause Young (Normal) (G1 Evacuation Pause)
[2024-01-16T13:02:13.505+0000][7][gc,task     ] GC(12) Using 12 workers of 13 for evacuation
[2024-01-16T13:02:13.505+0000][7][gc,age      ] GC(12) Desired survivor size 20971520 bytes, new threshold 2 (max threshold 15)
[2024-01-16T13:02:13.527+0000][7][gc,phases   ] GC(12)   Pre Evacuate Collection Set: 0.2ms
[2024-01-16T13:02:13.527+0000][7][gc,phases   ] GC(12)   Merge Heap Roots: 0.1ms
[2024-01-16T13:02:13.528+0000][7][gc,phases   ] GC(12)   Evacuate Collection Set: 19.5ms
[2024-01-16T13:02:13.528+0000][7][gc,phases   ] GC(12)   Post Evacuate Collection Set: 1.6ms
[2024-01-16T13:02:13.528+0000][7][gc,phases   ] GC(12)   Other: 0.4ms
[2024-01-16T13:02:13.528+0000][7][gc,age      ] GC(12) Age table with threshold 2 (max threshold 15)
[2024-01-16T13:02:13.528+0000][7][gc,age      ] GC(12) - age   1:    6152456 bytes,    6152456 total
[2024-01-16T13:02:13.528+0000][7][gc,age      ] GC(12) - age   2:   18010024 bytes,   24162480 total
[2024-01-16T13:02:13.528+0000][7][gc,heap     ] GC(12) Eden regions: 66->0(69)
[2024-01-16T13:02:13.528+0000][7][gc,heap     ] GC(12) Survivor regions: 10->7(10)
[2024-01-16T13:02:13.529+0000][7][gc,heap     ] GC(12) Old regions: 3->8
[2024-01-16T13:02:13.529+0000][7][gc,heap     ] GC(12) Humongous regions: 0->0
[2024-01-16T13:02:13.529+0000][7][gc,metaspace] GC(12) Metaspace: 53347K(54592K)->53347K(54592K) NonClass: 46302K(47104K)->46302K(47104K) Class: 7045K(7488K)->7045K(7488K)
[2024-01-16T13:02:13.529+0000][7][gc          ] GC(12) Pause Young (Normal) (G1 Evacuation Pause) 312M->54M(512M) 24.402ms
[2024-01-16T13:02:13.529+0000][7][gc,cpu      ] GC(12) User=0.25s Sys=0.00s Real=0.03s
[2024-01-16T13:02:13.529+0000][7][safepoint   ] Safepoint "G1CollectForAllocation", Time since last: 595496869 ns, Reaching safepoint: 11703 ns, Cleanup: 144706 ns, At safepoint: 24684004 ns, Total: 24840413 ns
[2024-01-16T13:02:14.269+0000][7][gc,start    ] GC(13) Pause Young (Concurrent Start) (Metadata GC Threshold)
[2024-01-16T13:02:14.270+0000][7][gc,task     ] GC(13) Using 12 workers of 13 for evacuation
[2024-01-16T13:02:14.270+0000][7][gc,age      ] GC(13) Desired survivor size 20971520 bytes, new threshold 2 (max threshold 15)
[2024-01-16T13:02:14.288+0000][7][gc,phases   ] GC(13)   Pre Evacuate Collection Set: 0.4ms
[2024-01-16T13:02:14.289+0000][7][gc,phases   ] GC(13)   Merge Heap Roots: 0.1ms
[2024-01-16T13:02:14.289+0000][7][gc,phases   ] GC(13)   Evacuate Collection Set: 15.7ms
[2024-01-16T13:02:14.289+0000][7][gc,phases   ] GC(13)   Post Evacuate Collection Set: 2.0ms
[2024-01-16T13:02:14.289+0000][7][gc,phases   ] GC(13)   Other: 0.5ms
[2024-01-16T13:02:14.289+0000][7][gc,age      ] GC(13) Age table with threshold 2 (max threshold 15)
[2024-01-16T13:02:14.289+0000][7][gc,age      ] GC(13) - age   1:    3518112 bytes,    3518112 total
[2024-01-16T13:02:14.289+0000][7][gc,age      ] GC(13) - age   2:    5911152 bytes,    9429264 total
[2024-01-16T13:02:14.290+0000][7][gc,heap     ] GC(13) Eden regions: 29->0(73)
[2024-01-16T13:02:14.290+0000][7][gc,heap     ] GC(13) Survivor regions: 7->3(10)
[2024-01-16T13:02:14.290+0000][7][gc,heap     ] GC(13) Old regions: 8->12
[2024-01-16T13:02:14.290+0000][7][gc,heap     ] GC(13) Humongous regions: 0->0
[2024-01-16T13:02:14.290+0000][7][gc,metaspace] GC(13) Metaspace: 59421K(60608K)->59421K(60608K) NonClass: 51536K(52288K)->51536K(52288K) Class: 7885K(8320K)->7885K(8320K)
[2024-01-16T13:02:14.290+0000][7][gc          ] GC(13) Pause Young (Concurrent Start) (Metadata GC Threshold) 169M->58M(512M) 21.026ms
[2024-01-16T13:02:14.290+0000][7][gc,cpu      ] GC(13) User=0.10s Sys=0.01s Real=0.02s
[2024-01-16T13:02:14.290+0000][7][gc          ] GC(14) Concurrent Mark Cycle
[2024-01-16T13:02:14.291+0000][7][gc,marking  ] GC(14) Concurrent Scan Root Regions
[2024-01-16T13:02:14.291+0000][7][safepoint   ] Safepoint "CollectForMetadataAllocation", Time since last: 739876039 ns, Reaching safepoint: 9007 ns, Cleanup: 171017 ns, At safepoint: 21414089 ns, Total: 21594113 ns
[2024-01-16T13:02:14.299+0000][7][gc,marking  ] GC(14) Concurrent Scan Root Regions 7.865ms
[2024-01-16T13:02:14.299+0000][7][gc,marking  ] GC(14) Concurrent Mark
[2024-01-16T13:02:14.299+0000][7][gc,marking  ] GC(14) Concurrent Mark From Roots
[2024-01-16T13:02:14.299+0000][7][gc,task     ] GC(14) Using 3 workers of 3 for marking
[2024-01-16T13:02:14.316+0000][7][gc,marking  ] GC(14) Concurrent Mark From Roots 16.919ms
[2024-01-16T13:02:14.317+0000][7][gc,marking  ] GC(14) Concurrent Preclean
[2024-01-16T13:02:14.317+0000][7][gc,marking  ] GC(14) Concurrent Preclean 0.530ms
[2024-01-16T13:02:14.317+0000][7][gc,start    ] GC(14) Pause Remark
[2024-01-16T13:02:14.328+0000][7][gc          ] GC(14) Pause Remark 60M->60M(512M) 10.381ms
[2024-01-16T13:02:14.328+0000][7][gc,cpu      ] GC(14) User=0.05s Sys=0.00s Real=0.02s
[2024-01-16T13:02:14.329+0000][7][safepoint   ] Safepoint "G1PauseRemark", Time since last: 26692192 ns, Reaching safepoint: 108618 ns, Cleanup: 14979 ns, At safepoint: 11147761 ns, Total: 11271358 ns
[2024-01-16T13:02:14.329+0000][7][gc,marking  ] GC(14) Concurrent Mark 29.798ms
[2024-01-16T13:02:14.329+0000][7][gc,marking  ] GC(14) Concurrent Rebuild Remembered Sets and Scrub Regions
[2024-01-16T13:02:14.337+0000][7][gc,marking  ] GC(14) Concurrent Rebuild Remembered Sets and Scrub Regions 8.458ms
[2024-01-16T13:02:14.338+0000][7][gc,start    ] GC(14) Pause Cleanup
[2024-01-16T13:02:14.338+0000][7][gc          ] GC(14) Pause Cleanup 60M->60M(512M) 0.365ms
[2024-01-16T13:02:14.338+0000][7][gc,cpu      ] GC(14) User=0.01s Sys=0.00s Real=0.01s
[2024-01-16T13:02:14.339+0000][7][safepoint   ] Safepoint "G1PauseCleanup", Time since last: 9299254 ns, Reaching safepoint: 9318 ns, Cleanup: 25178 ns, At safepoint: 667386 ns, Total: 701882 ns
[2024-01-16T13:02:14.339+0000][7][gc,marking  ] GC(14) Concurrent Clear Claimed Marks
[2024-01-16T13:02:14.339+0000][7][gc,marking  ] GC(14) Concurrent Clear Claimed Marks 0.239ms
[2024-01-16T13:02:14.339+0000][7][gc,marking  ] GC(14) Concurrent Cleanup for Next Mark
[2024-01-16T13:02:14.341+0000][7][gc,marking  ] GC(14) Concurrent Cleanup for Next Mark 1.519ms
[2024-01-16T13:02:14.341+0000][7][gc          ] GC(14) Concurrent Mark Cycle 50.643ms
[2024-01-16T13:02:15.637+0000][7][safepoint   ] Safepoint "Cleanup", Time since last: 1298023059 ns, Reaching safepoint: 6362 ns, Cleanup: 221504 ns, At safepoint: 20900 ns, Total: 248766 ns
[2024-01-16T13:02:16.785+0000][7][safepoint   ] Safepoint "Cleanup", Time since last: 1148271777 ns, Reaching safepoint: 101900 ns, Cleanup: 101394 ns, At safepoint: 39405 ns, Total: 242699 ns
[2024-01-16T13:02:17.405+0000][7][safepoint   ] Safepoint "ICBufferFull", Time since last: 619516814 ns, Reaching safepoint: 2855 ns, Cleanup: 90553 ns, At safepoint: 1263 ns, Total: 94671 ns
[2024-01-16T13:02:18.213+0000][7][gc,start    ] GC(15) Pause Young (Normal) (G1 Evacuation Pause)
[2024-01-16T13:02:18.213+0000][7][gc,task     ] GC(15) Using 12 workers of 13 for evacuation
[2024-01-16T13:02:18.214+0000][7][gc,age      ] GC(15) Desired survivor size 20971520 bytes, new threshold 15 (max threshold 15)
[2024-01-16T13:02:18.225+0000][7][gc,phases   ] GC(15)   Pre Evacuate Collection Set: 0.2ms
[2024-01-16T13:02:18.226+0000][7][gc,phases   ] GC(15)   Merge Heap Roots: 0.1ms
[2024-01-16T13:02:18.226+0000][7][gc,phases   ] GC(15)   Evacuate Collection Set: 10.0ms
[2024-01-16T13:02:18.226+0000][7][gc,phases   ] GC(15)   Post Evacuate Collection Set: 1.3ms
[2024-01-16T13:02:18.226+0000][7][gc,phases   ] GC(15)   Other: 0.3ms
[2024-01-16T13:02:18.226+0000][7][gc,age      ] GC(15) Age table with threshold 15 (max threshold 15)
[2024-01-16T13:02:18.226+0000][7][gc,age      ] GC(15) - age   1:   14071744 bytes,   14071744 total
[2024-01-16T13:02:18.226+0000][7][gc,age      ] GC(15) - age   2:    3309880 bytes,   17381624 total
[2024-01-16T13:02:18.226+0000][7][gc,age      ] GC(15) - age   3:    5798368 bytes,   23179992 total
[2024-01-16T13:02:18.226+0000][7][gc,heap     ] GC(15) Eden regions: 73->0(70)
[2024-01-16T13:02:18.227+0000][7][gc,heap     ] GC(15) Survivor regions: 3->6(10)
[2024-01-16T13:02:18.227+0000][7][gc,heap     ] GC(15) Old regions: 12->12
[2024-01-16T13:02:18.227+0000][7][gc,heap     ] GC(15) Humongous regions: 0->0
[2024-01-16T13:02:18.227+0000][7][gc,metaspace] GC(15) Metaspace: 88901K(91584K)->88901K(91584K) NonClass: 76551K(78016K)->76551K(78016K) Class: 12350K(13568K)->12350K(13568K)
[2024-01-16T13:02:18.227+0000][7][gc          ] GC(15) Pause Young (Normal) (G1 Evacuation Pause) 350M->70M(512M) 13.857ms
[2024-01-16T13:02:18.227+0000][7][gc,cpu      ] GC(15) User=0.11s Sys=0.00s Real=0.01s
[2024-01-16T13:02:18.227+0000][7][safepoint   ] Safepoint "G1CollectForAllocation", Time since last: 808039841 ns, Reaching safepoint: 4398 ns, Cleanup: 86726 ns, At safepoint: 14150030 ns, Total: 14241154 ns
[2024-01-16T13:02:18.656+0000][7][safepoint   ] Safepoint "ICBufferFull", Time since last: 428173811 ns, Reaching safepoint: 4299 ns, Cleanup: 100712 ns, At safepoint: 1744 ns, Total: 106755 ns
[2024-01-16T13:02:18.768+0000][7][safepoint   ] Safepoint "ICBufferFull", Time since last: 112106054 ns, Reaching safepoint: 5210 ns, Cleanup: 97437 ns, At safepoint: 11462 ns, Total: 114109 ns
[2024-01-16T13:02:19.095+0000][7][safepoint   ] Safepoint "ICBufferFull", Time since last: 326596259 ns, Reaching safepoint: 86585 ns, Cleanup: 94691 ns, At safepoint: 40207 ns, Total: 221483 ns
[2024-01-16T13:02:19.413+0000][7][gc,start    ] GC(16) Pause Young (Concurrent Start) (Metadata GC Threshold)
[2024-01-16T13:02:19.413+0000][7][gc,task     ] GC(16) Using 12 workers of 13 for evacuation
[2024-01-16T13:02:19.413+0000][7][gc,age      ] GC(16) Desired survivor size 20971520 bytes, new threshold 3 (max threshold 15)
[2024-01-16T13:02:19.425+0000][7][gc,phases   ] GC(16)   Pre Evacuate Collection Set: 0.2ms
[2024-01-16T13:02:19.425+0000][7][gc,phases   ] GC(16)   Merge Heap Roots: 0.1ms
[2024-01-16T13:02:19.425+0000][7][gc,phases   ] GC(16)   Evacuate Collection Set: 9.4ms
[2024-01-16T13:02:19.425+0000][7][gc,phases   ] GC(16)   Post Evacuate Collection Set: 1.2ms
[2024-01-16T13:02:19.425+0000][7][gc,phases   ] GC(16)   Other: 0.4ms
[2024-01-16T13:02:19.425+0000][7][gc,age      ] GC(16) Age table with threshold 3 (max threshold 15)
[2024-01-16T13:02:19.425+0000][7][gc,age      ] GC(16) - age   1:    3703280 bytes,    3703280 total
[2024-01-16T13:02:19.426+0000][7][gc,age      ] GC(16) - age   2:   13646000 bytes,   17349280 total
[2024-01-16T13:02:19.426+0000][7][gc,age      ] GC(16) - age   3:    3300424 bytes,   20649704 total
[2024-01-16T13:02:19.426+0000][7][gc,heap     ] GC(16) Eden regions: 22->0(70)
[2024-01-16T13:02:19.426+0000][7][gc,heap     ] GC(16) Survivor regions: 6->6(10)
[2024-01-16T13:02:19.426+0000][7][gc,heap     ] GC(16) Old regions: 12->14
[2024-01-16T13:02:19.426+0000][7][gc,heap     ] GC(16) Humongous regions: 0->0
[2024-01-16T13:02:19.426+0000][7][gc,metaspace] GC(16) Metaspace: 98826K(101568K)->98826K(101568K) NonClass: 85036K(86528K)->85036K(86528K) Class: 13790K(15040K)->13790K(15040K)
[2024-01-16T13:02:19.426+0000][7][gc          ] GC(16) Pause Young (Concurrent Start) (Metadata GC Threshold) 158M->74M(512M) 13.364ms
[2024-01-16T13:02:19.427+0000][7][gc,cpu      ] GC(16) User=0.12s Sys=0.00s Real=0.01s
[2024-01-16T13:02:19.427+0000][7][gc          ] GC(17) Concurrent Mark Cycle
[2024-01-16T13:02:19.427+0000][7][gc,marking  ] GC(17) Concurrent Scan Root Regions
[2024-01-16T13:02:19.427+0000][7][safepoint   ] Safepoint "CollectForMetadataAllocation", Time since last: 318227714 ns, Reaching safepoint: 29305 ns, Cleanup: 95763 ns, At safepoint: 13713968 ns, Total: 13839036 ns
[2024-01-16T13:02:19.434+0000][7][gc,marking  ] GC(17) Concurrent Scan Root Regions 6.795ms
[2024-01-16T13:02:19.434+0000][7][gc,marking  ] GC(17) Concurrent Mark
[2024-01-16T13:02:19.434+0000][7][gc,marking  ] GC(17) Concurrent Mark From Roots
[2024-01-16T13:02:19.434+0000][7][gc,task     ] GC(17) Using 3 workers of 3 for marking
[2024-01-16T13:02:19.439+0000][7][safepoint   ] Safepoint "CollectForMetadataAllocation", Time since last: 12412579 ns, Reaching safepoint: 43318 ns, Cleanup: 3416 ns, At safepoint: 80605 ns, Total: 127339 ns
[2024-01-16T13:02:19.451+0000][7][gc,marking  ] GC(17) Concurrent Mark From Roots 16.454ms
[2024-01-16T13:02:19.451+0000][7][gc,marking  ] GC(17) Concurrent Preclean
[2024-01-16T13:02:19.451+0000][7][gc,marking  ] GC(17) Concurrent Preclean 0.352ms
[2024-01-16T13:02:19.451+0000][7][gc,start    ] GC(17) Pause Remark
[2024-01-16T13:02:19.456+0000][7][gc          ] GC(17) Pause Remark 78M->78M(512M) 4.231ms
[2024-01-16T13:02:19.456+0000][7][gc,cpu      ] GC(17) User=0.03s Sys=0.00s Real=0.00s
[2024-01-16T13:02:19.456+0000][7][safepoint   ] Safepoint "G1PauseRemark", Time since last: 12051418 ns, Reaching safepoint: 6914 ns, Cleanup: 6111 ns, At safepoint: 4681573 ns, Total: 4694598 ns
[2024-01-16T13:02:19.456+0000][7][gc,marking  ] GC(17) Concurrent Mark 22.266ms
[2024-01-16T13:02:19.456+0000][7][gc,marking  ] GC(17) Concurrent Rebuild Remembered Sets and Scrub Regions
[2024-01-16T13:02:19.464+0000][7][gc,marking  ] GC(17) Concurrent Rebuild Remembered Sets and Scrub Regions 7.848ms
[2024-01-16T13:02:19.465+0000][7][gc,start    ] GC(17) Pause Cleanup
[2024-01-16T13:02:19.465+0000][7][gc          ] GC(17) Pause Cleanup 78M->78M(512M) 0.298ms
[2024-01-16T13:02:19.465+0000][7][gc,cpu      ] GC(17) User=0.01s Sys=0.00s Real=0.00s
[2024-01-16T13:02:19.465+0000][7][safepoint   ] Safepoint "G1PauseCleanup", Time since last: 8645910 ns, Reaching safepoint: 10941 ns, Cleanup: 33655 ns, At safepoint: 581281 ns, Total: 625877 ns
[2024-01-16T13:02:19.465+0000][7][gc,marking  ] GC(17) Concurrent Clear Claimed Marks
[2024-01-16T13:02:19.466+0000][7][gc,marking  ] GC(17) Concurrent Clear Claimed Marks 0.484ms
[2024-01-16T13:02:19.466+0000][7][gc,marking  ] GC(17) Concurrent Cleanup for Next Mark
[2024-01-16T13:02:19.467+0000][7][gc,marking  ] GC(17) Concurrent Cleanup for Next Mark 1.019ms
[2024-01-16T13:02:19.467+0000][7][gc          ] GC(17) Concurrent Mark Cycle 40.781ms
[2024-01-16T13:02:20.132+0000][7][safepoint   ] Safepoint "ICBufferFull", Time since last: 666208701 ns, Reaching safepoint: 89446 ns, Cleanup: 109108 ns, At safepoint: 25609 ns, Total: 224163 ns
[2024-01-16T13:02:20.539+0000][7][safepoint   ] Safepoint "ICBufferFull", Time since last: 406898072 ns, Reaching safepoint: 8396 ns, Cleanup: 109159 ns, At safepoint: 46178 ns, Total: 163733 ns
[2024-01-16T13:02:20.690+0000][7][safepoint   ] Safepoint "ICBufferFull", Time since last: 151318808 ns, Reaching safepoint: 88329 ns, Cleanup: 104530 ns, At safepoint: 12404 ns, Total: 205263 ns
[2024-01-16T13:02:20.989+0000][7][safepoint   ] Safepoint "ICBufferFull", Time since last: 298081624 ns, Reaching safepoint: 17042 ns, Cleanup: 138235 ns, At safepoint: 85423 ns, Total: 240700 ns
[2024-01-16T13:02:21.325+0000][7][safepoint   ] Safepoint "ICBufferFull", Time since last: 335912801 ns, Reaching safepoint: 96844 ns, Cleanup: 127624 ns, At safepoint: 46830 ns, Total: 271298 ns
[2024-01-16T13:02:21.670+0000][7][safepoint   ] Safepoint "ICBufferFull", Time since last: 344716653 ns, Reaching safepoint: 15089 ns, Cleanup: 150187 ns, At safepoint: 24507 ns, Total: 189783 ns
[2024-01-16T13:02:21.932+0000][7][safepoint   ] Safepoint "ICBufferFull", Time since last: 262438343 ns, Reaching safepoint: 25529 ns, Cleanup: 152001 ns, At safepoint: 85062 ns, Total: 262592 ns
[2024-01-16T13:02:22.184+0000][7][safepoint   ] Safepoint "ICBufferFull", Time since last: 250875212 ns, Reaching safepoint: 110366 ns, Cleanup: 102636 ns, At safepoint: 107175 ns, Total: 320177 ns
[2024-01-16T13:02:22.190+0000][7][gc,start    ] GC(18) Pause Young (Prepare Mixed) (G1 Evacuation Pause)
[2024-01-16T13:02:22.190+0000][7][gc,task     ] GC(18) Using 12 workers of 13 for evacuation
[2024-01-16T13:02:22.190+0000][7][gc,age      ] GC(18) Desired survivor size 20971520 bytes, new threshold 15 (max threshold 15)
[2024-01-16T13:02:22.208+0000][7][gc,phases   ] GC(18)   Pre Evacuate Collection Set: 0.2ms
[2024-01-16T13:02:22.208+0000][7][gc,phases   ] GC(18)   Merge Heap Roots: 0.1ms
[2024-01-16T13:02:22.208+0000][7][gc,phases   ] GC(18)   Evacuate Collection Set: 15.3ms
[2024-01-16T13:02:22.208+0000][7][gc,phases   ] GC(18)   Post Evacuate Collection Set: 1.7ms
[2024-01-16T13:02:22.208+0000][7][gc,phases   ] GC(18)   Other: 0.3ms
[2024-01-16T13:02:22.208+0000][7][gc,age      ] GC(18) Age table with threshold 15 (max threshold 15)
[2024-01-16T13:02:22.209+0000][7][gc,age      ] GC(18) - age   1:   11963680 bytes,   11963680 total
[2024-01-16T13:02:22.209+0000][7][gc,age      ] GC(18) - age   2:    3339792 bytes,   15303472 total
[2024-01-16T13:02:22.209+0000][7][gc,age      ] GC(18) - age   3:   13569240 bytes,   28872712 total
[2024-01-16T13:02:22.209+0000][7][gc,age      ] GC(18) - age   4:    3295688 bytes,   32168400 total
[2024-01-16T13:02:22.209+0000][7][gc,heap     ] GC(18) Eden regions: 70->0(67)
[2024-01-16T13:02:22.209+0000][7][gc,heap     ] GC(18) Survivor regions: 6->9(10)
[2024-01-16T13:02:22.209+0000][7][gc,heap     ] GC(18) Old regions: 14->14
[2024-01-16T13:02:22.209+0000][7][gc,heap     ] GC(18) Humongous regions: 2->2
[2024-01-16T13:02:22.209+0000][7][gc,metaspace] GC(18) Metaspace: 108836K(111680K)->108836K(111680K) NonClass: 93706K(95232K)->93706K(95232K) Class: 15129K(16448K)->15129K(16448K)
[2024-01-16T13:02:22.209+0000][7][gc          ] GC(18) Pause Young (Prepare Mixed) (G1 Evacuation Pause) 362M->94M(512M) 19.406ms
[2024-01-16T13:02:22.210+0000][7][gc,cpu      ] GC(18) User=0.14s Sys=0.01s Real=0.02s
[2024-01-16T13:02:22.210+0000][7][safepoint   ] Safepoint "G1CollectForAllocation", Time since last: 6288875 ns, Reaching safepoint: 95458 ns, Cleanup: 11963 ns, At safepoint: 19799267 ns, Total: 19906688 ns
[2024-01-16T13:02:22.400+0000][7][safepoint   ] Safepoint "ICBufferFull", Time since last: 189936399 ns, Reaching safepoint: 590995 ns, Cleanup: 104780 ns, At safepoint: 58392 ns, Total: 754167 ns
[2024-01-16T13:02:22.536+0000][7][safepoint   ] Safepoint "ICBufferFull", Time since last: 134955477 ns, Reaching safepoint: 9489 ns, Cleanup: 102055 ns, At safepoint: 23194 ns, Total: 134738 ns
[2024-01-16T13:02:22.640+0000][7][safepoint   ] Safepoint "ICBufferFull", Time since last: 104143822 ns, Reaching safepoint: 11682 ns, Cleanup: 111243 ns, At safepoint: 26430 ns, Total: 149355 ns
[2024-01-16T13:02:23.009+0000][7][safepoint   ] Safepoint "ICBufferFull", Time since last: 369174741 ns, Reaching safepoint: 114298 ns, Cleanup: 104209 ns, At safepoint: 149717 ns, Total: 368224 ns
[2024-01-16T13:02:23.542+0000][7][safepoint   ] Safepoint "ICBufferFull", Time since last: 532788693 ns, Reaching safepoint: 11092 ns, Cleanup: 116923 ns, At safepoint: 19477 ns, Total: 147492 ns
[2024-01-16T13:02:24.573+0000][7][safepoint   ] Safepoint "Cleanup", Time since last: 1030007998 ns, Reaching safepoint: 31650 ns, Cleanup: 190404 ns, At safepoint: 20930 ns, Total: 242984 ns
[2024-01-16T13:02:25.873+0000][7][safepoint   ] Safepoint "Cleanup", Time since last: 1300654029 ns, Reaching safepoint: 13876 ns, Cleanup: 70134 ns, At safepoint: 14067 ns, Total: 98077 ns
[2024-01-16T13:02:26.105+0000][7][safepoint   ] Safepoint "ICBufferFull", Time since last: 231525621 ns, Reaching safepoint: 189034 ns, Cleanup: 118346 ns, At safepoint: 33294 ns, Total: 340674 ns
[2024-01-16T13:02:26.480+0000][7][gc,start    ] GC(19) Pause Young (Mixed) (G1 Evacuation Pause)
[2024-01-16T13:02:26.480+0000][7][gc,task     ] GC(19) Using 12 workers of 13 for evacuation
[2024-01-16T13:02:26.480+0000][7][gc,age      ] GC(19) Desired survivor size 20971520 bytes, new threshold 3 (max threshold 15)
[2024-01-16T13:02:26.501+0000][7][gc,phases   ] GC(19)   Pre Evacuate Collection Set: 0.2ms
[2024-01-16T13:02:26.501+0000][7][gc,phases   ] GC(19)   Merge Heap Roots: 0.1ms
[2024-01-16T13:02:26.502+0000][7][gc,phases   ] GC(19)   Evacuate Collection Set: 18.8ms
[2024-01-16T13:02:26.502+0000][7][gc,phases   ] GC(19)   Post Evacuate Collection Set: 1.6ms
[2024-01-16T13:02:26.502+0000][7][gc,phases   ] GC(19)   Other: 0.3ms
[2024-01-16T13:02:26.502+0000][7][gc,age      ] GC(19) Age table with threshold 3 (max threshold 15)
[2024-01-16T13:02:26.502+0000][7][gc,age      ] GC(19) - age   1:    6769128 bytes,    6769128 total
[2024-01-16T13:02:26.502+0000][7][gc,age      ] GC(19) - age   2:    6001440 bytes,   12770568 total
[2024-01-16T13:02:26.502+0000][7][gc,age      ] GC(19) - age   3:    3315736 bytes,   16086304 total
[2024-01-16T13:02:26.502+0000][7][gc,heap     ] GC(19) Eden regions: 67->0(71)
[2024-01-16T13:02:26.503+0000][7][gc,heap     ] GC(19) Survivor regions: 9->5(10)
[2024-01-16T13:02:26.503+0000][7][gc,heap     ] GC(19) Old regions: 14->18
[2024-01-16T13:02:26.503+0000][7][gc,heap     ] GC(19) Humongous regions: 2->2
[2024-01-16T13:02:26.503+0000][7][gc,metaspace] GC(19) Metaspace: 113074K(115904K)->113074K(115904K) NonClass: 97416K(98944K)->97416K(98944K) Class: 15658K(16960K)->15658K(16960K)
[2024-01-16T13:02:26.503+0000][7][gc          ] GC(19) Pause Young (Mixed) (G1 Evacuation Pause) 362M->95M(512M) 22.858ms
[2024-01-16T13:02:26.503+0000][7][gc,cpu      ] GC(19) User=0.13s Sys=0.02s Real=0.02s
[2024-01-16T13:02:26.503+0000][7][safepoint   ] Safepoint "G1CollectForAllocation", Time since last: 374771553 ns, Reaching safepoint: 13536 ns, Cleanup: 63331 ns, At safepoint: 23130530 ns, Total: 23207397 ns
[2024-01-16T13:02:27.504+0000][7][safepoint   ] Safepoint "Cleanup", Time since last: 1000250782 ns, Reaching safepoint: 19487 ns, Cleanup: 60225 ns, At safepoint: 2976 ns, Total: 82688 ns
