[2024-01-15T07:21:42.746+0000][170][gc,init] CardTable entry size: 512
[2024-01-15T07:21:42.747+0000][170][gc     ] Using G1
[2024-01-15T07:21:42.757+0000][170][gc,init] Version: 21.0.1+12-29 (release)
[2024-01-15T07:21:42.758+0000][170][gc,init] CPUs: 8 total, 8 available
[2024-01-15T07:21:42.760+0000][170][gc,init] Memory: 7858M
[2024-01-15T07:21:42.761+0000][170][gc,init] Large Page Support: Disabled
[2024-01-15T07:21:42.762+0000][170][gc,init] NUMA Support: Disabled
[2024-01-15T07:21:42.763+0000][170][gc,init] Compressed Oops: Enabled (32-bit)
[2024-01-15T07:21:42.764+0000][170][gc,init] Heap Region Size: 1M
[2024-01-15T07:21:42.766+0000][170][gc,init] Heap Min Capacity: 512M
[2024-01-15T07:21:42.767+0000][170][gc,init] Heap Initial Capacity: 512M
[2024-01-15T07:21:42.768+0000][170][gc,init] Heap Max Capacity: 512M
[2024-01-15T07:21:42.769+0000][170][gc,init] Pre-touch: Disabled
[2024-01-15T07:21:42.771+0000][170][gc,init] Parallel Workers: 8
[2024-01-15T07:21:42.772+0000][170][gc,init] Concurrent Workers: 2
[2024-01-15T07:21:42.773+0000][170][gc,init] Concurrent Refinement Workers: 8
[2024-01-15T07:21:42.774+0000][170][gc,init] Periodic GC: Disabled
[2024-01-15T07:21:42.775+0000][170][gc,metaspace] CDS archive(s) not mapped
[2024-01-15T07:21:42.777+0000][170][gc,metaspace] Compressed class space mapped at: 0x0000000100000000-0x0000000140000000, reserved size: 1073741824
[2024-01-15T07:21:42.778+0000][170][gc,metaspace] Narrow klass base: 0x0000000000000000, Narrow klass shift: 3, Narrow klass range: 0x140000000
[2024-01-15T07:21:42.874+0000][170][gc,heap,exit] Heap
[2024-01-15T07:21:42.876+0000][170][gc,heap,exit]  garbage-first heap   total 524288K, used 2050K [0x00000000e0000000, 0x0000000100000000)
[2024-01-15T07:21:42.878+0000][170][gc,heap,exit]   region size 1024K, 3 young (3072K), 0 survivors (0K)
[2024-01-15T07:21:42.879+0000][170][gc,heap,exit]  Metaspace       used 4094K, committed 4160K, reserved 1114112K
[2024-01-15T07:21:42.882+0000][170][gc,heap,exit]   class space    used 315K, committed 320K, reserved 1048576K
