[2024-02-18T08:52:43.865+0000][7][gc,init] CardTable entry size: 512
[2024-02-18T08:52:43.866+0000][7][gc     ] Using G1
[2024-02-18T08:52:43.956+0000][7][gc,init] Version: 21.0.1+12-29 (release)
[2024-02-18T08:52:43.956+0000][7][gc,init] CPUs: 16 total, 16 available
[2024-02-18T08:52:43.956+0000][7][gc,init] Memory: 12259M
[2024-02-18T08:52:43.956+0000][7][gc,init] Large Page Support: Disabled
[2024-02-18T08:52:43.957+0000][7][gc,init] NUMA Support: Disabled
[2024-02-18T08:52:43.957+0000][7][gc,init] Compressed Oops: Enabled (32-bit)
[2024-02-18T08:52:43.957+0000][7][gc,init] Heap Region Size: 4M
[2024-02-18T08:52:43.957+0000][7][gc,init] Heap Min Capacity: 512M
[2024-02-18T08:52:43.957+0000][7][gc,init] Heap Initial Capacity: 512M
[2024-02-18T08:52:43.957+0000][7][gc,init] Heap Max Capacity: 512M
[2024-02-18T08:52:43.958+0000][7][gc,init] Pre-touch: Enabled
[2024-02-18T08:52:43.958+0000][7][gc,init] Parallel Workers: 13
[2024-02-18T08:52:43.958+0000][7][gc,init] Concurrent Workers: 3
[2024-02-18T08:52:43.958+0000][7][gc,init] Concurrent Refinement Workers: 13
[2024-02-18T08:52:43.958+0000][7][gc,init] Periodic GC: Disabled
[2024-02-18T08:52:43.964+0000][7][gc,metaspace] CDS archive(s) mapped at: [0x00007f5aeb000000-0x00007f5aebca5000-0x00007f5aebca5000), size 13258752, SharedBaseAddress: 0x00007f5aeb000000, ArchiveRelocationMode: 1.
[2024-02-18T08:52:43.964+0000][7][gc,metaspace] Compressed class space mapped at: 0x00007f5aec000000-0x00007f5b2c000000, reserved size: 1073741824
[2024-02-18T08:52:43.964+0000][7][gc,metaspace] Narrow klass base: 0x00007f5aeb000000, Narrow klass shift: 0, Narrow klass range: 0x100000000
[2024-02-18T08:52:44.407+0000][7][safepoint   ] Safepoint "ICBufferFull", Time since last: 438637371 ns, Reaching safepoint: 3687 ns, Cleanup: 95943 ns, At safepoint: 13556 ns, Total: 113186 ns
[2024-02-18T08:52:44.631+0000][7][gc,start    ] GC(0) Pause Young (Normal) (G1 Evacuation Pause)
[2024-02-18T08:52:44.631+0000][7][gc,task     ] GC(0) Using 12 workers of 13 for evacuation
[2024-02-18T08:52:44.632+0000][7][gc,age      ] GC(0) Desired survivor size 2097152 bytes, new threshold 15 (max threshold 15)
[2024-02-18T08:52:44.636+0000][7][gc,phases   ] GC(0)   Pre Evacuate Collection Set: 0.3ms
[2024-02-18T08:52:44.636+0000][7][gc,phases   ] GC(0)   Merge Heap Roots: 0.2ms
[2024-02-18T08:52:44.637+0000][7][gc,phases   ] GC(0)   Evacuate Collection Set: 2.6ms
[2024-02-18T08:52:44.637+0000][7][gc,phases   ] GC(0)   Post Evacuate Collection Set: 0.9ms
[2024-02-18T08:52:44.637+0000][7][gc,phases   ] GC(0)   Other: 0.6ms
[2024-02-18T08:52:44.637+0000][7][gc,age      ] GC(0) Age table with threshold 15 (max threshold 15)
[2024-02-18T08:52:44.637+0000][7][gc,age      ] GC(0) - age   1:    4105752 bytes,    4105752 total
[2024-02-18T08:52:44.637+0000][7][gc,heap     ] GC(0) Eden regions: 6->0(5)
[2024-02-18T08:52:44.638+0000][7][gc,heap     ] GC(0) Survivor regions: 0->1(1)
[2024-02-18T08:52:44.638+0000][7][gc,heap     ] GC(0) Old regions: 1->2
[2024-02-18T08:52:44.638+0000][7][gc,heap     ] GC(0) Humongous regions: 0->0
[2024-02-18T08:52:44.638+0000][7][gc,metaspace] GC(0) Metaspace: 8976K(9216K)->8976K(9216K) NonClass: 7965K(8128K)->7965K(8128K) Class: 1011K(1088K)->1011K(1088K)
[2024-02-18T08:52:44.638+0000][7][gc          ] GC(0) Pause Young (Normal) (G1 Evacuation Pause) 25M->5M(512M) 7.267ms
[2024-02-18T08:52:44.638+0000][7][gc,cpu      ] GC(0) User=0.05s Sys=0.00s Real=0.01s
[2024-02-18T08:52:44.639+0000][7][safepoint   ] Safepoint "G1CollectForAllocation", Time since last: 223982891 ns, Reaching safepoint: 7986 ns, Cleanup: 102656 ns, At safepoint: 7686913 ns, Total: 7797555 ns
[2024-02-18T08:52:45.015+0000][7][gc,start    ] GC(1) Pause Young (Normal) (G1 Evacuation Pause)
[2024-02-18T08:52:45.015+0000][7][gc,task     ] GC(1) Using 12 workers of 13 for evacuation
[2024-02-18T08:52:45.015+0000][7][gc,age      ] GC(1) Desired survivor size 2097152 bytes, new threshold 1 (max threshold 15)
[2024-02-18T08:52:45.019+0000][7][gc,phases   ] GC(1)   Pre Evacuate Collection Set: 0.2ms
[2024-02-18T08:52:45.019+0000][7][gc,phases   ] GC(1)   Merge Heap Roots: 0.1ms
[2024-02-18T08:52:45.020+0000][7][gc,phases   ] GC(1)   Evacuate Collection Set: 2.6ms
[2024-02-18T08:52:45.020+0000][7][gc,phases   ] GC(1)   Post Evacuate Collection Set: 0.6ms
[2024-02-18T08:52:45.020+0000][7][gc,phases   ] GC(1)   Other: 0.4ms
[2024-02-18T08:52:45.020+0000][7][gc,age      ] GC(1) Age table with threshold 1 (max threshold 15)
[2024-02-18T08:52:45.020+0000][7][gc,age      ] GC(1) - age   1:    1938984 bytes,    1938984 total
[2024-02-18T08:52:45.021+0000][7][gc,heap     ] GC(1) Eden regions: 5->0(11)
[2024-02-18T08:52:45.021+0000][7][gc,heap     ] GC(1) Survivor regions: 1->1(1)
[2024-02-18T08:52:45.021+0000][7][gc,heap     ] GC(1) Old regions: 2->3
[2024-02-18T08:52:45.021+0000][7][gc,heap     ] GC(1) Humongous regions: 0->0
[2024-02-18T08:52:45.021+0000][7][gc,metaspace] GC(1) Metaspace: 12053K(12288K)->12053K(12288K) NonClass: 10616K(10752K)->10616K(10752K) Class: 1436K(1536K)->1436K(1536K)
[2024-02-18T08:52:45.021+0000][7][gc          ] GC(1) Pause Young (Normal) (G1 Evacuation Pause) 25M->7M(512M) 6.409ms
[2024-02-18T08:52:45.021+0000][7][gc,cpu      ] GC(1) User=0.05s Sys=0.00s Real=0.01s
[2024-02-18T08:52:45.022+0000][7][safepoint   ] Safepoint "G1CollectForAllocation", Time since last: 376115037 ns, Reaching safepoint: 6262 ns, Cleanup: 119138 ns, At safepoint: 6725516 ns, Total: 6850916 ns
[2024-02-18T08:52:45.492+0000][7][safepoint   ] Safepoint "ICBufferFull", Time since last: 470295702 ns, Reaching safepoint: 6552 ns, Cleanup: 178191 ns, At safepoint: 10941 ns, Total: 195684 ns
[2024-02-18T08:52:45.713+0000][7][gc,start    ] GC(2) Pause Young (Normal) (G1 Evacuation Pause)
[2024-02-18T08:52:45.714+0000][7][gc,task     ] GC(2) Using 12 workers of 13 for evacuation
[2024-02-18T08:52:45.714+0000][7][gc,age      ] GC(2) Desired survivor size 4194304 bytes, new threshold 15 (max threshold 15)
[2024-02-18T08:52:45.717+0000][7][gc,phases   ] GC(2)   Pre Evacuate Collection Set: 0.2ms
[2024-02-18T08:52:45.718+0000][7][gc,phases   ] GC(2)   Merge Heap Roots: 0.1ms
[2024-02-18T08:52:45.718+0000][7][gc,phases   ] GC(2)   Evacuate Collection Set: 2.0ms
[2024-02-18T08:52:45.718+0000][7][gc,phases   ] GC(2)   Post Evacuate Collection Set: 1.1ms
[2024-02-18T08:52:45.718+0000][7][gc,phases   ] GC(2)   Other: 0.4ms
[2024-02-18T08:52:45.718+0000][7][gc,age      ] GC(2) Age table with threshold 15 (max threshold 15)
[2024-02-18T08:52:45.719+0000][7][gc,age      ] GC(2) - age   1:    1451568 bytes,    1451568 total
[2024-02-18T08:52:45.719+0000][7][gc,age      ] GC(2) - age   2:    1906680 bytes,    3358248 total
[2024-02-18T08:52:45.719+0000][7][gc,heap     ] GC(2) Eden regions: 11->0(58)
[2024-02-18T08:52:45.719+0000][7][gc,heap     ] GC(2) Survivor regions: 1->1(2)
[2024-02-18T08:52:45.719+0000][7][gc,heap     ] GC(2) Old regions: 3->3
[2024-02-18T08:52:45.719+0000][7][gc,heap     ] GC(2) Humongous regions: 0->0
[2024-02-18T08:52:45.719+0000][7][gc,metaspace] GC(2) Metaspace: 15643K(15936K)->15643K(15936K) NonClass: 13859K(14016K)->13859K(14016K) Class: 1784K(1920K)->1784K(1920K)
[2024-02-18T08:52:45.720+0000][7][gc          ] GC(2) Pause Young (Normal) (G1 Evacuation Pause) 51M->8M(512M) 6.333ms
[2024-02-18T08:52:45.720+0000][7][gc,cpu      ] GC(2) User=0.04s Sys=0.01s Real=0.01s
[2024-02-18T08:52:45.720+0000][7][safepoint   ] Safepoint "G1CollectForAllocation", Time since last: 221030482 ns, Reaching safepoint: 10861 ns, Cleanup: 55336 ns, At safepoint: 6716218 ns, Total: 6782415 ns
[2024-02-18T08:52:46.345+0000][7][safepoint   ] Safepoint "ICBufferFull", Time since last: 624433924 ns, Reaching safepoint: 10079 ns, Cleanup: 215874 ns, At safepoint: 36079 ns, Total: 262032 ns
[2024-02-18T08:52:46.481+0000][7][gc,start    ] GC(3) Pause Young (Normal) (G1 Evacuation Pause)
[2024-02-18T08:52:46.482+0000][7][gc,task     ] GC(3) Using 12 workers of 13 for evacuation
[2024-02-18T08:52:46.482+0000][7][gc,age      ] GC(3) Desired survivor size 16777216 bytes, new threshold 15 (max threshold 15)
[2024-02-18T08:52:46.491+0000][7][gc,phases   ] GC(3)   Pre Evacuate Collection Set: 0.2ms
[2024-02-18T08:52:46.492+0000][7][gc,phases   ] GC(3)   Merge Heap Roots: 0.1ms
[2024-02-18T08:52:46.492+0000][7][gc,phases   ] GC(3)   Evacuate Collection Set: 7.7ms
[2024-02-18T08:52:46.492+0000][7][gc,phases   ] GC(3)   Post Evacuate Collection Set: 1.0ms
[2024-02-18T08:52:46.492+0000][7][gc,phases   ] GC(3)   Other: 0.5ms
[2024-02-18T08:52:46.492+0000][7][gc,age      ] GC(3) Age table with threshold 15 (max threshold 15)
[2024-02-18T08:52:46.493+0000][7][gc,age      ] GC(3) - age   1:    4605776 bytes,    4605776 total
[2024-02-18T08:52:46.493+0000][7][gc,age      ] GC(3) - age   2:    1347968 bytes,    5953744 total
[2024-02-18T08:52:46.493+0000][7][gc,age      ] GC(3) - age   3:    1904960 bytes,    7858704 total
[2024-02-18T08:52:46.493+0000][7][gc,heap     ] GC(3) Eden regions: 58->0(73)
[2024-02-18T08:52:46.493+0000][7][gc,heap     ] GC(3) Survivor regions: 1->3(8)
[2024-02-18T08:52:46.493+0000][7][gc,heap     ] GC(3) Old regions: 3->3
[2024-02-18T08:52:46.493+0000][7][gc,heap     ] GC(3) Humongous regions: 0->0
[2024-02-18T08:52:46.494+0000][7][gc,metaspace] GC(3) Metaspace: 18694K(19136K)->18694K(19136K) NonClass: 16515K(16768K)->16515K(16768K) Class: 2179K(2368K)->2179K(2368K)
[2024-02-18T08:52:46.494+0000][7][gc          ] GC(3) Pause Young (Normal) (G1 Evacuation Pause) 240M->13M(512M) 12.237ms
[2024-02-18T08:52:46.494+0000][7][gc,cpu      ] GC(3) User=0.08s Sys=0.00s Real=0.01s
[2024-02-18T08:52:46.494+0000][7][safepoint   ] Safepoint "G1CollectForAllocation", Time since last: 136703193 ns, Reaching safepoint: 11532 ns, Cleanup: 70615 ns, At safepoint: 12596882 ns, Total: 12679029 ns
[2024-02-18T08:52:46.886+0000][7][gc,start    ] GC(4) Pause Young (Normal) (G1 Evacuation Pause)
[2024-02-18T08:52:46.887+0000][7][gc,task     ] GC(4) Using 12 workers of 13 for evacuation
[2024-02-18T08:52:46.887+0000][7][gc,age      ] GC(4) Desired survivor size 20971520 bytes, new threshold 15 (max threshold 15)
[2024-02-18T08:52:46.892+0000][7][gc,phases   ] GC(4)   Pre Evacuate Collection Set: 0.3ms
[2024-02-18T08:52:46.893+0000][7][gc,phases   ] GC(4)   Merge Heap Roots: 0.1ms
[2024-02-18T08:52:46.893+0000][7][gc,phases   ] GC(4)   Evacuate Collection Set: 3.8ms
[2024-02-18T08:52:46.893+0000][7][gc,phases   ] GC(4)   Post Evacuate Collection Set: 0.8ms
[2024-02-18T08:52:46.893+0000][7][gc,phases   ] GC(4)   Other: 0.5ms
[2024-02-18T08:52:46.893+0000][7][gc,age      ] GC(4) Age table with threshold 15 (max threshold 15)
[2024-02-18T08:52:46.893+0000][7][gc,age      ] GC(4) - age   1:    3186984 bytes,    3186984 total
[2024-02-18T08:52:46.893+0000][7][gc,age      ] GC(4) - age   2:    3819856 bytes,    7006840 total
[2024-02-18T08:52:46.894+0000][7][gc,age      ] GC(4) - age   3:    1347968 bytes,    8354808 total
[2024-02-18T08:52:46.894+0000][7][gc,age      ] GC(4) - age   4:    1904960 bytes,   10259768 total
[2024-02-18T08:52:46.894+0000][7][gc,heap     ] GC(4) Eden regions: 73->0(73)
[2024-02-18T08:52:46.894+0000][7][gc,heap     ] GC(4) Survivor regions: 3->3(10)
[2024-02-18T08:52:46.894+0000][7][gc,heap     ] GC(4) Old regions: 3->3
[2024-02-18T08:52:46.894+0000][7][gc,heap     ] GC(4) Humongous regions: 0->0
[2024-02-18T08:52:46.894+0000][7][gc,metaspace] GC(4) Metaspace: 19550K(20032K)->19550K(20032K) NonClass: 17248K(17536K)->17248K(17536K) Class: 2301K(2496K)->2301K(2496K)
[2024-02-18T08:52:46.894+0000][7][gc          ] GC(4) Pause Young (Normal) (G1 Evacuation Pause) 305M->16M(512M) 8.254ms
[2024-02-18T08:52:46.895+0000][7][gc,cpu      ] GC(4) User=0.03s Sys=0.00s Real=0.00s
[2024-02-18T08:52:46.895+0000][7][safepoint   ] Safepoint "G1CollectForAllocation", Time since last: 392034737 ns, Reaching safepoint: 21051 ns, Cleanup: 82157 ns, At safepoint: 8782441 ns, Total: 8885649 ns
[2024-02-18T08:52:47.319+0000][7][gc,start    ] GC(5) Pause Young (Normal) (G1 Evacuation Pause)
[2024-02-18T08:52:47.320+0000][7][gc,task     ] GC(5) Using 12 workers of 13 for evacuation
[2024-02-18T08:52:47.320+0000][7][gc,age      ] GC(5) Desired survivor size 20971520 bytes, new threshold 15 (max threshold 15)
[2024-02-18T08:52:47.327+0000][7][gc,phases   ] GC(5)   Pre Evacuate Collection Set: 0.3ms
[2024-02-18T08:52:47.328+0000][7][gc,phases   ] GC(5)   Merge Heap Roots: 0.2ms
[2024-02-18T08:52:47.328+0000][7][gc,phases   ] GC(5)   Evacuate Collection Set: 5.2ms
[2024-02-18T08:52:47.328+0000][7][gc,phases   ] GC(5)   Post Evacuate Collection Set: 1.3ms
[2024-02-18T08:52:47.328+0000][7][gc,phases   ] GC(5)   Other: 0.6ms
[2024-02-18T08:52:47.328+0000][7][gc,age      ] GC(5) Age table with threshold 15 (max threshold 15)
[2024-02-18T08:52:47.328+0000][7][gc,age      ] GC(5) - age   1:    1295824 bytes,    1295824 total
[2024-02-18T08:52:47.329+0000][7][gc,age      ] GC(5) - age   2:    3180224 bytes,    4476048 total
[2024-02-18T08:52:47.329+0000][7][gc,age      ] GC(5) - age   3:    3819312 bytes,    8295360 total
[2024-02-18T08:52:47.329+0000][7][gc,age      ] GC(5) - age   4:    1347696 bytes,    9643056 total
[2024-02-18T08:52:47.329+0000][7][gc,age      ] GC(5) - age   5:    1904896 bytes,   11547952 total
[2024-02-18T08:52:47.329+0000][7][gc,heap     ] GC(5) Eden regions: 73->0(73)
[2024-02-18T08:52:47.329+0000][7][gc,heap     ] GC(5) Survivor regions: 3->3(10)
[2024-02-18T08:52:47.329+0000][7][gc,heap     ] GC(5) Old regions: 3->3
[2024-02-18T08:52:47.329+0000][7][gc,heap     ] GC(5) Humongous regions: 0->0
[2024-02-18T08:52:47.330+0000][7][gc,metaspace] GC(5) Metaspace: 20441K(20928K)->20441K(20928K) NonClass: 18009K(18304K)->18009K(18304K) Class: 2432K(2624K)->2432K(2624K)
[2024-02-18T08:52:47.330+0000][7][gc          ] GC(5) Pause Young (Normal) (G1 Evacuation Pause) 308M->17M(512M) 10.603ms
[2024-02-18T08:52:47.330+0000][7][gc,cpu      ] GC(5) User=0.05s Sys=0.02s Real=0.01s
[2024-02-18T08:52:47.330+0000][7][safepoint   ] Safepoint "G1CollectForAllocation", Time since last: 424087133 ns, Reaching safepoint: 7785 ns, Cleanup: 92417 ns, At safepoint: 11102159 ns, Total: 11202361 ns
[2024-02-18T08:52:47.646+0000][7][gc,start    ] GC(6) Pause Young (Concurrent Start) (Metadata GC Threshold)
[2024-02-18T08:52:47.646+0000][7][gc,task     ] GC(6) Using 12 workers of 13 for evacuation
[2024-02-18T08:52:47.647+0000][7][gc,age      ] GC(6) Desired survivor size 20971520 bytes, new threshold 15 (max threshold 15)
[2024-02-18T08:52:47.656+0000][7][gc,phases   ] GC(6)   Pre Evacuate Collection Set: 0.3ms
[2024-02-18T08:52:47.657+0000][7][gc,phases   ] GC(6)   Merge Heap Roots: 0.2ms
[2024-02-18T08:52:47.657+0000][7][gc,phases   ] GC(6)   Evacuate Collection Set: 7.5ms
[2024-02-18T08:52:47.657+0000][7][gc,phases   ] GC(6)   Post Evacuate Collection Set: 1.1ms
[2024-02-18T08:52:47.657+0000][7][gc,phases   ] GC(6)   Other: 0.6ms
[2024-02-18T08:52:47.657+0000][7][gc,age      ] GC(6) Age table with threshold 15 (max threshold 15)
[2024-02-18T08:52:47.658+0000][7][gc,age      ] GC(6) - age   1:    1565776 bytes,    1565776 total
[2024-02-18T08:52:47.658+0000][7][gc,age      ] GC(6) - age   2:    1281312 bytes,    2847088 total
[2024-02-18T08:52:47.658+0000][7][gc,age      ] GC(6) - age   3:    3176384 bytes,    6023472 total
[2024-02-18T08:52:47.658+0000][7][gc,age      ] GC(6) - age   4:    3818192 bytes,    9841664 total
[2024-02-18T08:52:47.658+0000][7][gc,age      ] GC(6) - age   5:    1347696 bytes,   11189360 total
[2024-02-18T08:52:47.658+0000][7][gc,age      ] GC(6) - age   6:    1904896 bytes,   13094256 total
[2024-02-18T08:52:47.659+0000][7][gc,heap     ] GC(6) Eden regions: 55->0(72)
[2024-02-18T08:52:47.659+0000][7][gc,heap     ] GC(6) Survivor regions: 3->4(10)
[2024-02-18T08:52:47.659+0000][7][gc,heap     ] GC(6) Old regions: 3->3
[2024-02-18T08:52:47.659+0000][7][gc,heap     ] GC(6) Humongous regions: 0->0
[2024-02-18T08:52:47.659+0000][7][gc,metaspace] GC(6) Metaspace: 20983K(21504K)->20983K(21504K) NonClass: 18476K(18752K)->18476K(18752K) Class: 2506K(2752K)->2506K(2752K)
[2024-02-18T08:52:47.659+0000][7][gc          ] GC(6) Pause Young (Concurrent Start) (Metadata GC Threshold) 235M->19M(512M) 13.330ms
[2024-02-18T08:52:47.659+0000][7][gc,cpu      ] GC(6) User=0.03s Sys=0.00s Real=0.02s
[2024-02-18T08:52:47.659+0000][7][gc          ] GC(7) Concurrent Mark Cycle
[2024-02-18T08:52:47.660+0000][7][gc,marking  ] GC(7) Concurrent Scan Root Regions
[2024-02-18T08:52:47.660+0000][7][safepoint   ] Safepoint "CollectForMetadataAllocation", Time since last: 315550727 ns, Reaching safepoint: 14287 ns, Cleanup: 58212 ns, At safepoint: 13877809 ns, Total: 13950308 ns
[2024-02-18T08:52:47.662+0000][7][gc,marking  ] GC(7) Concurrent Scan Root Regions 2.306ms
[2024-02-18T08:52:47.663+0000][7][gc,marking  ] GC(7) Concurrent Mark
[2024-02-18T08:52:47.663+0000][7][gc,marking  ] GC(7) Concurrent Mark From Roots
[2024-02-18T08:52:47.663+0000][7][gc,task     ] GC(7) Using 3 workers of 3 for marking
[2024-02-18T08:52:47.667+0000][7][gc,marking  ] GC(7) Concurrent Mark From Roots 3.850ms
[2024-02-18T08:52:47.669+0000][7][gc,marking  ] GC(7) Concurrent Preclean
[2024-02-18T08:52:47.669+0000][7][gc,marking  ] GC(7) Concurrent Preclean 0.491ms
[2024-02-18T08:52:47.670+0000][7][gc,start    ] GC(7) Pause Remark
[2024-02-18T08:52:47.680+0000][7][gc          ] GC(7) Pause Remark 21M->21M(512M) 10.273ms
[2024-02-18T08:52:47.680+0000][7][gc,cpu      ] GC(7) User=0.02s Sys=0.00s Real=0.01s
[2024-02-18T08:52:47.681+0000][7][safepoint   ] Safepoint "G1PauseRemark", Time since last: 9782602 ns, Reaching safepoint: 8146 ns, Cleanup: 4378 ns, At safepoint: 11005148 ns, Total: 11017672 ns
[2024-02-18T08:52:47.681+0000][7][gc,marking  ] GC(7) Concurrent Mark 18.119ms
[2024-02-18T08:52:47.681+0000][7][gc,marking  ] GC(7) Concurrent Rebuild Remembered Sets and Scrub Regions
[2024-02-18T08:52:47.683+0000][7][gc,marking  ] GC(7) Concurrent Rebuild Remembered Sets and Scrub Regions 2.233ms
[2024-02-18T08:52:47.684+0000][7][gc,start    ] GC(7) Pause Cleanup
[2024-02-18T08:52:47.684+0000][7][gc          ] GC(7) Pause Cleanup 21M->21M(512M) 0.438ms
[2024-02-18T08:52:47.684+0000][7][gc,cpu      ] GC(7) User=0.00s Sys=0.00s Real=0.00s
[2024-02-18T08:52:47.684+0000][7][safepoint   ] Safepoint "G1PauseCleanup", Time since last: 3090464 ns, Reaching safepoint: 7174 ns, Cleanup: 3998 ns, At safepoint: 832550 ns, Total: 843722 ns
[2024-02-18T08:52:47.685+0000][7][gc,marking  ] GC(7) Concurrent Clear Claimed Marks
[2024-02-18T08:52:47.685+0000][7][gc,marking  ] GC(7) Concurrent Clear Claimed Marks 0.207ms
[2024-02-18T08:52:47.685+0000][7][gc,marking  ] GC(7) Concurrent Cleanup for Next Mark
[2024-02-18T08:52:47.687+0000][7][gc,marking  ] GC(7) Concurrent Cleanup for Next Mark 1.598ms
[2024-02-18T08:52:47.687+0000][7][gc          ] GC(7) Concurrent Mark Cycle 27.609ms
[2024-02-18T08:52:48.098+0000][7][gc,start    ] GC(8) Pause Young (Prepare Mixed) (G1 Evacuation Pause)
[2024-02-18T08:52:48.098+0000][7][gc,task     ] GC(8) Using 12 workers of 13 for evacuation
[2024-02-18T08:52:48.099+0000][7][gc,age      ] GC(8) Desired survivor size 20971520 bytes, new threshold 15 (max threshold 15)
[2024-02-18T08:52:48.107+0000][7][gc,phases   ] GC(8)   Pre Evacuate Collection Set: 0.2ms
[2024-02-18T08:52:48.108+0000][7][gc,phases   ] GC(8)   Merge Heap Roots: 0.0ms
[2024-02-18T08:52:48.108+0000][7][gc,phases   ] GC(8)   Evacuate Collection Set: 7.2ms
[2024-02-18T08:52:48.108+0000][7][gc,phases   ] GC(8)   Post Evacuate Collection Set: 1.1ms
[2024-02-18T08:52:48.108+0000][7][gc,phases   ] GC(8)   Other: 0.5ms
[2024-02-18T08:52:48.109+0000][7][gc,age      ] GC(8) Age table with threshold 15 (max threshold 15)
[2024-02-18T08:52:48.109+0000][7][gc,age      ] GC(8) - age   1:     972880 bytes,     972880 total
[2024-02-18T08:52:48.109+0000][7][gc,age      ] GC(8) - age   2:    1559744 bytes,    2532624 total
[2024-02-18T08:52:48.109+0000][7][gc,age      ] GC(8) - age   3:    1280128 bytes,    3812752 total
[2024-02-18T08:52:48.109+0000][7][gc,age      ] GC(8) - age   4:    3176320 bytes,    6989072 total
[2024-02-18T08:52:48.109+0000][7][gc,age      ] GC(8) - age   5:    3815368 bytes,   10804440 total
[2024-02-18T08:52:48.109+0000][7][gc,age      ] GC(8) - age   6:    1346544 bytes,   12150984 total
[2024-02-18T08:52:48.109+0000][7][gc,age      ] GC(8) - age   7:    1903712 bytes,   14054696 total
[2024-02-18T08:52:48.110+0000][7][gc,heap     ] GC(8) Eden regions: 72->0(72)
[2024-02-18T08:52:48.110+0000][7][gc,heap     ] GC(8) Survivor regions: 4->4(10)
[2024-02-18T08:52:48.110+0000][7][gc,heap     ] GC(8) Old regions: 3->3
[2024-02-18T08:52:48.110+0000][7][gc,heap     ] GC(8) Humongous regions: 0->0
[2024-02-18T08:52:48.110+0000][7][gc,metaspace] GC(8) Metaspace: 21699K(22336K)->21699K(22336K) NonClass: 19096K(19456K)->19096K(19456K) Class: 2603K(2880K)->2603K(2880K)
[2024-02-18T08:52:48.110+0000][7][gc          ] GC(8) Pause Young (Prepare Mixed) (G1 Evacuation Pause) 307M->20M(512M) 12.454ms
[2024-02-18T08:52:48.110+0000][7][gc,cpu      ] GC(8) User=0.03s Sys=0.00s Real=0.01s
[2024-02-18T08:52:48.111+0000][7][safepoint   ] Safepoint "G1CollectForAllocation", Time since last: 413351100 ns, Reaching safepoint: 11222 ns, Cleanup: 41740 ns, At safepoint: 12759077 ns, Total: 12812039 ns
[2024-02-18T08:52:49.610+0000][7][safepoint   ] Safepoint "Cleanup", Time since last: 1499061725 ns, Reaching safepoint: 94646 ns, Cleanup: 123386 ns, At safepoint: 20810 ns, Total: 238842 ns
[2024-02-18T08:52:50.402+0000][7][safepoint   ] Safepoint "ICBufferFull", Time since last: 792315813 ns, Reaching safepoint: 8186 ns, Cleanup: 201205 ns, At safepoint: 24086 ns, Total: 233477 ns
[2024-02-18T08:52:50.590+0000][7][gc,start    ] GC(9) Pause Young (Mixed) (G1 Evacuation Pause)
[2024-02-18T08:52:50.591+0000][7][gc,task     ] GC(9) Using 12 workers of 13 for evacuation
[2024-02-18T08:52:50.591+0000][7][gc,age      ] GC(9) Desired survivor size 20971520 bytes, new threshold 15 (max threshold 15)
[2024-02-18T08:52:50.606+0000][7][gc,phases   ] GC(9)   Pre Evacuate Collection Set: 0.2ms
[2024-02-18T08:52:50.606+0000][7][gc,phases   ] GC(9)   Merge Heap Roots: 0.1ms
[2024-02-18T08:52:50.606+0000][7][gc,phases   ] GC(9)   Evacuate Collection Set: 11.6ms
[2024-02-18T08:52:50.606+0000][7][gc,phases   ] GC(9)   Post Evacuate Collection Set: 2.5ms
[2024-02-18T08:52:50.606+0000][7][gc,phases   ] GC(9)   Other: 0.4ms
[2024-02-18T08:52:50.606+0000][7][gc,age      ] GC(9) Age table with threshold 15 (max threshold 15)
[2024-02-18T08:52:50.606+0000][7][gc,age      ] GC(9) - age   1:    8899792 bytes,    8899792 total
[2024-02-18T08:52:50.607+0000][7][gc,age      ] GC(9) - age   2:     938648 bytes,    9838440 total
[2024-02-18T08:52:50.607+0000][7][gc,age      ] GC(9) - age   3:    1540368 bytes,   11378808 total
[2024-02-18T08:52:50.607+0000][7][gc,age      ] GC(9) - age   4:    1266600 bytes,   12645408 total
[2024-02-18T08:52:50.607+0000][7][gc,age      ] GC(9) - age   5:    3158808 bytes,   15804216 total
[2024-02-18T08:52:50.607+0000][7][gc,age      ] GC(9) - age   6:    3729008 bytes,   19533224 total
[2024-02-18T08:52:50.607+0000][7][gc,age      ] GC(9) - age   7:    1313280 bytes,   20846504 total
[2024-02-18T08:52:50.607+0000][7][gc,age      ] GC(9) - age   8:    1897064 bytes,   22743568 total
[2024-02-18T08:52:50.607+0000][7][gc,heap     ] GC(9) Eden regions: 72->0(70)
[2024-02-18T08:52:50.608+0000][7][gc,heap     ] GC(9) Survivor regions: 4->6(10)
[2024-02-18T08:52:50.608+0000][7][gc,heap     ] GC(9) Old regions: 3->2
[2024-02-18T08:52:50.608+0000][7][gc,heap     ] GC(9) Humongous regions: 0->0
[2024-02-18T08:52:50.608+0000][7][gc,metaspace] GC(9) Metaspace: 31266K(32256K)->31266K(32256K) NonClass: 27369K(27968K)->27369K(27968K) Class: 3896K(4288K)->3896K(4288K)
[2024-02-18T08:52:50.608+0000][7][gc          ] GC(9) Pause Young (Mixed) (G1 Evacuation Pause) 308M->28M(512M) 17.849ms
[2024-02-18T08:52:50.608+0000][7][gc,cpu      ] GC(9) User=0.10s Sys=0.00s Real=0.02s
[2024-02-18T08:52:50.608+0000][7][safepoint   ] Safepoint "G1CollectForAllocation", Time since last: 187780478 ns, Reaching safepoint: 8016 ns, Cleanup: 72138 ns, At safepoint: 18177771 ns, Total: 18257925 ns
[2024-02-18T08:52:51.609+0000][7][safepoint   ] Safepoint "Cleanup", Time since last: 1000269189 ns, Reaching safepoint: 124002 ns, Cleanup: 81787 ns, At safepoint: 31320 ns, Total: 237109 ns
[2024-02-18T08:52:52.405+0000][7][gc,start    ] GC(10) Pause Young (Concurrent Start) (Metadata GC Threshold)
[2024-02-18T08:52:52.406+0000][7][gc,task     ] GC(10) Using 12 workers of 13 for evacuation
[2024-02-18T08:52:52.406+0000][7][gc,age      ] GC(10) Desired survivor size 20971520 bytes, new threshold 8 (max threshold 15)
[2024-02-18T08:52:52.422+0000][7][gc,phases   ] GC(10)   Pre Evacuate Collection Set: 0.3ms
[2024-02-18T08:52:52.422+0000][7][gc,phases   ] GC(10)   Merge Heap Roots: 0.1ms
[2024-02-18T08:52:52.422+0000][7][gc,phases   ] GC(10)   Evacuate Collection Set: 13.9ms
[2024-02-18T08:52:52.423+0000][7][gc,phases   ] GC(10)   Post Evacuate Collection Set: 1.7ms
[2024-02-18T08:52:52.423+0000][7][gc,phases   ] GC(10)   Other: 0.4ms
[2024-02-18T08:52:52.423+0000][7][gc,age      ] GC(10) Age table with threshold 8 (max threshold 15)
[2024-02-18T08:52:52.423+0000][7][gc,age      ] GC(10) - age   1:   18977008 bytes,   18977008 total
[2024-02-18T08:52:52.423+0000][7][gc,age      ] GC(10) - age   2:    8478680 bytes,   27455688 total
[2024-02-18T08:52:52.423+0000][7][gc,age      ] GC(10) - age   3:     938368 bytes,   28394056 total
[2024-02-18T08:52:52.423+0000][7][gc,age      ] GC(10) - age   4:    1540368 bytes,   29934424 total
[2024-02-18T08:52:52.423+0000][7][gc,age      ] GC(10) - age   5:    1266600 bytes,   31201024 total
[2024-02-18T08:52:52.424+0000][7][gc,age      ] GC(10) - age   6:    3157008 bytes,   34358032 total
[2024-02-18T08:52:52.424+0000][7][gc,age      ] GC(10) - age   7:    3725352 bytes,   38083384 total
[2024-02-18T08:52:52.424+0000][7][gc,age      ] GC(10) - age   8:    1313088 bytes,   39396472 total
[2024-02-18T08:52:52.424+0000][7][gc,heap     ] GC(10) Eden regions: 51->0(66)
[2024-02-18T08:52:52.424+0000][7][gc,heap     ] GC(10) Survivor regions: 6->10(10)
[2024-02-18T08:52:52.424+0000][7][gc,heap     ] GC(10) Old regions: 2->2
[2024-02-18T08:52:52.424+0000][7][gc,heap     ] GC(10) Humongous regions: 0->0
[2024-02-18T08:52:52.424+0000][7][gc,metaspace] GC(10) Metaspace: 35072K(36096K)->35072K(36096K) NonClass: 30529K(31168K)->30529K(31168K) Class: 4542K(4928K)->4542K(4928K)
[2024-02-18T08:52:52.425+0000][7][gc          ] GC(10) Pause Young (Concurrent Start) (Metadata GC Threshold) 232M->47M(512M) 19.387ms
[2024-02-18T08:52:52.425+0000][7][gc,cpu      ] GC(10) User=0.14s Sys=0.01s Real=0.02s
[2024-02-18T08:52:52.425+0000][7][gc          ] GC(11) Concurrent Mark Cycle
[2024-02-18T08:52:52.425+0000][7][gc,marking  ] GC(11) Concurrent Scan Root Regions
[2024-02-18T08:52:52.425+0000][7][safepoint   ] Safepoint "CollectForMetadataAllocation", Time since last: 796130790 ns, Reaching safepoint: 5761 ns, Cleanup: 108929 ns, At safepoint: 19891263 ns, Total: 20005953 ns
[2024-02-18T08:52:52.434+0000][7][gc,marking  ] GC(11) Concurrent Scan Root Regions 8.982ms
[2024-02-18T08:52:52.435+0000][7][gc,marking  ] GC(11) Concurrent Mark
[2024-02-18T08:52:52.435+0000][7][gc,marking  ] GC(11) Concurrent Mark From Roots
[2024-02-18T08:52:52.435+0000][7][gc,task     ] GC(11) Using 3 workers of 3 for marking
[2024-02-18T08:52:52.438+0000][7][gc,marking  ] GC(11) Concurrent Mark From Roots 3.264ms
[2024-02-18T08:52:52.438+0000][7][gc,marking  ] GC(11) Concurrent Preclean
[2024-02-18T08:52:52.439+0000][7][gc,marking  ] GC(11) Concurrent Preclean 0.297ms
[2024-02-18T08:52:52.439+0000][7][gc,start    ] GC(11) Pause Remark
[2024-02-18T08:52:52.445+0000][7][gc          ] GC(11) Pause Remark 49M->49M(512M) 5.853ms
[2024-02-18T08:52:52.445+0000][7][gc,cpu      ] GC(11) User=0.02s Sys=0.00s Real=0.00s
[2024-02-18T08:52:52.446+0000][7][safepoint   ] Safepoint "G1PauseRemark", Time since last: 13803172 ns, Reaching safepoint: 97372 ns, Cleanup: 12594 ns, At safepoint: 6581746 ns, Total: 6691712 ns
[2024-02-18T08:52:52.446+0000][7][gc,marking  ] GC(11) Concurrent Mark 11.338ms
[2024-02-18T08:52:52.446+0000][7][gc,marking  ] GC(11) Concurrent Rebuild Remembered Sets and Scrub Regions
[2024-02-18T08:52:52.448+0000][7][gc,marking  ] GC(11) Concurrent Rebuild Remembered Sets and Scrub Regions 2.121ms
[2024-02-18T08:52:52.449+0000][7][gc,start    ] GC(11) Pause Cleanup
[2024-02-18T08:52:52.449+0000][7][gc          ] GC(11) Pause Cleanup 49M->49M(512M) 0.404ms
[2024-02-18T08:52:52.449+0000][7][gc,cpu      ] GC(11) User=0.00s Sys=0.00s Real=0.00s
[2024-02-18T08:52:52.450+0000][7][safepoint   ] Safepoint "G1PauseCleanup", Time since last: 2982387 ns, Reaching safepoint: 92006 ns, Cleanup: 12444 ns, At safepoint: 894098 ns, Total: 998548 ns
[2024-02-18T08:52:52.450+0000][7][gc,marking  ] GC(11) Concurrent Clear Claimed Marks
[2024-02-18T08:52:52.450+0000][7][gc,marking  ] GC(11) Concurrent Clear Claimed Marks 0.250ms
[2024-02-18T08:52:52.450+0000][7][gc,marking  ] GC(11) Concurrent Cleanup for Next Mark
[2024-02-18T08:52:52.451+0000][7][gc,marking  ] GC(11) Concurrent Cleanup for Next Mark 0.913ms
[2024-02-18T08:52:52.451+0000][7][gc          ] GC(11) Concurrent Mark Cycle 26.405ms
[2024-02-18T08:52:53.947+0000][7][safepoint   ] Safepoint "Cleanup", Time since last: 1497744812 ns, Reaching safepoint: 3006 ns, Cleanup: 82057 ns, At safepoint: 10140 ns, Total: 95203 ns
[2024-02-18T08:52:54.621+0000][7][gc,start    ] GC(12) Pause Young (Normal) (G1 Evacuation Pause)
[2024-02-18T08:52:54.622+0000][7][gc,task     ] GC(12) Using 12 workers of 13 for evacuation
[2024-02-18T08:52:54.622+0000][7][gc,age      ] GC(12) Desired survivor size 20971520 bytes, new threshold 2 (max threshold 15)
[2024-02-18T08:52:54.641+0000][7][gc,phases   ] GC(12)   Pre Evacuate Collection Set: 0.2ms
[2024-02-18T08:52:54.641+0000][7][gc,phases   ] GC(12)   Merge Heap Roots: 0.1ms
[2024-02-18T08:52:54.641+0000][7][gc,phases   ] GC(12)   Evacuate Collection Set: 16.6ms
[2024-02-18T08:52:54.641+0000][7][gc,phases   ] GC(12)   Post Evacuate Collection Set: 1.8ms
[2024-02-18T08:52:54.642+0000][7][gc,phases   ] GC(12)   Other: 0.4ms
[2024-02-18T08:52:54.642+0000][7][gc,age      ] GC(12) Age table with threshold 2 (max threshold 15)
[2024-02-18T08:52:54.642+0000][7][gc,age      ] GC(12) - age   1:    6211224 bytes,    6211224 total
[2024-02-18T08:52:54.642+0000][7][gc,age      ] GC(12) - age   2:   18895640 bytes,   25106864 total
[2024-02-18T08:52:54.642+0000][7][gc,heap     ] GC(12) Eden regions: 66->0(69)
[2024-02-18T08:52:54.643+0000][7][gc,heap     ] GC(12) Survivor regions: 10->7(10)
[2024-02-18T08:52:54.643+0000][7][gc,heap     ] GC(12) Old regions: 2->7
[2024-02-18T08:52:54.643+0000][7][gc,heap     ] GC(12) Humongous regions: 0->0
[2024-02-18T08:52:54.643+0000][7][gc,metaspace] GC(12) Metaspace: 53293K(54592K)->53293K(54592K) NonClass: 46248K(47040K)->46248K(47040K) Class: 7045K(7552K)->7045K(7552K)
[2024-02-18T08:52:54.643+0000][7][gc          ] GC(12) Pause Young (Normal) (G1 Evacuation Pause) 311M->53M(512M) 22.227ms
[2024-02-18T08:52:54.644+0000][7][gc,cpu      ] GC(12) User=0.19s Sys=0.01s Real=0.02s
[2024-02-18T08:52:54.644+0000][7][safepoint   ] Safepoint "G1CollectForAllocation", Time since last: 673404802 ns, Reaching safepoint: 11001 ns, Cleanup: 193290 ns, At safepoint: 22734835 ns, Total: 22939126 ns
[2024-02-18T08:52:55.398+0000][7][gc,start    ] GC(13) Pause Young (Concurrent Start) (Metadata GC Threshold)
[2024-02-18T08:52:55.398+0000][7][gc,task     ] GC(13) Using 12 workers of 13 for evacuation
[2024-02-18T08:52:55.398+0000][7][gc,age      ] GC(13) Desired survivor size 20971520 bytes, new threshold 2 (max threshold 15)
[2024-02-18T08:52:55.414+0000][7][gc,phases   ] GC(13)   Pre Evacuate Collection Set: 0.3ms
[2024-02-18T08:52:55.414+0000][7][gc,phases   ] GC(13)   Merge Heap Roots: 0.1ms
[2024-02-18T08:52:55.414+0000][7][gc,phases   ] GC(13)   Evacuate Collection Set: 12.2ms
[2024-02-18T08:52:55.414+0000][7][gc,phases   ] GC(13)   Post Evacuate Collection Set: 2.4ms
[2024-02-18T08:52:55.414+0000][7][gc,phases   ] GC(13)   Other: 0.4ms
[2024-02-18T08:52:55.415+0000][7][gc,age      ] GC(13) Age table with threshold 2 (max threshold 15)
[2024-02-18T08:52:55.415+0000][7][gc,age      ] GC(13) - age   1:    3424376 bytes,    3424376 total
[2024-02-18T08:52:55.415+0000][7][gc,age      ] GC(13) - age   2:    5933968 bytes,    9358344 total
[2024-02-18T08:52:55.415+0000][7][gc,heap     ] GC(13) Eden regions: 28->0(73)
[2024-02-18T08:52:55.415+0000][7][gc,heap     ] GC(13) Survivor regions: 7->3(10)
[2024-02-18T08:52:55.415+0000][7][gc,heap     ] GC(13) Old regions: 7->12
[2024-02-18T08:52:55.415+0000][7][gc,heap     ] GC(13) Humongous regions: 0->0
[2024-02-18T08:52:55.415+0000][7][gc,metaspace] GC(13) Metaspace: 59005K(60288K)->59005K(60288K) NonClass: 51138K(51968K)->51138K(51968K) Class: 7866K(8320K)->7866K(8320K)
[2024-02-18T08:52:55.416+0000][7][gc          ] GC(13) Pause Young (Concurrent Start) (Metadata GC Threshold) 163M->58M(512M) 17.809ms
[2024-02-18T08:52:55.416+0000][7][gc          ] GC(14) Concurrent Mark Cycle
[2024-02-18T08:52:55.416+0000][7][gc,marking  ] GC(14) Concurrent Scan Root Regions
[2024-02-18T08:52:55.416+0000][7][gc,cpu      ] GC(13) User=0.11s Sys=0.00s Real=0.01s
[2024-02-18T08:52:55.416+0000][7][safepoint   ] Safepoint "CollectForMetadataAllocation", Time since last: 751632472 ns, Reaching safepoint: 2135170 ns, Cleanup: 151189 ns, At safepoint: 18577387 ns, Total: 20863746 ns
[2024-02-18T08:52:55.417+0000][7][safepoint   ] Safepoint "CollectForMetadataAllocation", Time since last: 292945 ns, Reaching safepoint: 8056 ns, Cleanup: 6452 ns, At safepoint: 3707 ns, Total: 18215 ns
[2024-02-18T08:52:55.424+0000][7][gc,marking  ] GC(14) Concurrent Scan Root Regions 8.078ms
[2024-02-18T08:52:55.425+0000][7][gc,marking  ] GC(14) Concurrent Mark
[2024-02-18T08:52:55.425+0000][7][gc,marking  ] GC(14) Concurrent Mark From Roots
[2024-02-18T08:52:55.425+0000][7][gc,task     ] GC(14) Using 3 workers of 3 for marking
[2024-02-18T08:52:55.438+0000][7][gc,marking  ] GC(14) Concurrent Mark From Roots 12.856ms
[2024-02-18T08:52:55.438+0000][7][gc,marking  ] GC(14) Concurrent Preclean
[2024-02-18T08:52:55.439+0000][7][gc,marking  ] GC(14) Concurrent Preclean 0.510ms
[2024-02-18T08:52:55.439+0000][7][gc,start    ] GC(14) Pause Remark
[2024-02-18T08:52:55.446+0000][7][gc          ] GC(14) Pause Remark 61M->61M(512M) 6.323ms
[2024-02-18T08:52:55.446+0000][7][gc,cpu      ] GC(14) User=0.03s Sys=0.01s Real=0.01s
[2024-02-18T08:52:55.446+0000][7][safepoint   ] Safepoint "G1PauseRemark", Time since last: 22528154 ns, Reaching safepoint: 100968 ns, Cleanup: 34166 ns, At safepoint: 7000678 ns, Total: 7135812 ns
[2024-02-18T08:52:55.446+0000][7][gc,marking  ] GC(14) Concurrent Mark 21.853ms
[2024-02-18T08:52:55.447+0000][7][gc,marking  ] GC(14) Concurrent Rebuild Remembered Sets and Scrub Regions
[2024-02-18T08:52:55.454+0000][7][gc,marking  ] GC(14) Concurrent Rebuild Remembered Sets and Scrub Regions 7.790ms
[2024-02-18T08:52:55.455+0000][7][gc,start    ] GC(14) Pause Cleanup
[2024-02-18T08:52:55.455+0000][7][gc          ] GC(14) Pause Cleanup 61M->61M(512M) 0.421ms
[2024-02-18T08:52:55.456+0000][7][gc,cpu      ] GC(14) User=0.01s Sys=0.00s Real=0.00s
[2024-02-18T08:52:55.456+0000][7][safepoint   ] Safepoint "G1PauseCleanup", Time since last: 8654306 ns, Reaching safepoint: 9178 ns, Cleanup: 12894 ns, At safepoint: 815522 ns, Total: 837594 ns
[2024-02-18T08:52:55.456+0000][7][gc,marking  ] GC(14) Concurrent Clear Claimed Marks
[2024-02-18T08:52:55.456+0000][7][gc,marking  ] GC(14) Concurrent Clear Claimed Marks 0.292ms
[2024-02-18T08:52:55.456+0000][7][gc,marking  ] GC(14) Concurrent Cleanup for Next Mark
[2024-02-18T08:52:55.458+0000][7][gc,marking  ] GC(14) Concurrent Cleanup for Next Mark 1.389ms
[2024-02-18T08:52:55.458+0000][7][gc          ] GC(14) Concurrent Mark Cycle 42.306ms
[2024-02-18T08:52:56.394+0000][7][safepoint   ] Safepoint "ICBufferFull", Time since last: 938123951 ns, Reaching safepoint: 12775 ns, Cleanup: 204842 ns, At safepoint: 56157 ns, Total: 273774 ns
[2024-02-18T08:52:57.396+0000][7][safepoint   ] Safepoint "Cleanup", Time since last: 1001930175 ns, Reaching safepoint: 94462 ns, Cleanup: 70646 ns, At safepoint: 23204 ns, Total: 188312 ns
[2024-02-18T08:52:58.041+0000][7][safepoint   ] Safepoint "ICBufferFull", Time since last: 644298740 ns, Reaching safepoint: 5330 ns, Cleanup: 94761 ns, At safepoint: 2024 ns, Total: 102115 ns
[2024-02-18T08:52:58.815+0000][7][gc,start    ] GC(15) Pause Young (Prepare Mixed) (G1 Evacuation Pause)
[2024-02-18T08:52:58.815+0000][7][gc,task     ] GC(15) Using 12 workers of 13 for evacuation
[2024-02-18T08:52:58.815+0000][7][gc,age      ] GC(15) Desired survivor size 20971520 bytes, new threshold 15 (max threshold 15)
[2024-02-18T08:52:58.836+0000][7][gc,phases   ] GC(15)   Pre Evacuate Collection Set: 0.2ms
[2024-02-18T08:52:58.837+0000][7][gc,phases   ] GC(15)   Merge Heap Roots: 0.1ms
[2024-02-18T08:52:58.837+0000][7][gc,phases   ] GC(15)   Evacuate Collection Set: 17.2ms
[2024-02-18T08:52:58.837+0000][7][gc,phases   ] GC(15)   Post Evacuate Collection Set: 2.8ms
[2024-02-18T08:52:58.837+0000][7][gc,phases   ] GC(15)   Other: 0.6ms
[2024-02-18T08:52:58.837+0000][7][gc,age      ] GC(15) Age table with threshold 15 (max threshold 15)
[2024-02-18T08:52:58.837+0000][7][gc,age      ] GC(15) - age   1:   13930800 bytes,   13930800 total
[2024-02-18T08:52:58.838+0000][7][gc,age      ] GC(15) - age   2:    3234032 bytes,   17164832 total
[2024-02-18T08:52:58.838+0000][7][gc,age      ] GC(15) - age   3:    5822688 bytes,   22987520 total
[2024-02-18T08:52:58.838+0000][7][gc,heap     ] GC(15) Eden regions: 73->0(70)
[2024-02-18T08:52:58.838+0000][7][gc,heap     ] GC(15) Survivor regions: 3->6(10)
[2024-02-18T08:52:58.838+0000][7][gc,heap     ] GC(15) Old regions: 12->12
[2024-02-18T08:52:58.838+0000][7][gc,heap     ] GC(15) Humongous regions: 0->0
[2024-02-18T08:52:58.838+0000][7][gc,metaspace] GC(15) Metaspace: 88212K(91008K)->88212K(91008K) NonClass: 75965K(77440K)->75965K(77440K) Class: 12247K(13568K)->12247K(13568K)
[2024-02-18T08:52:58.838+0000][7][gc          ] GC(15) Pause Young (Prepare Mixed) (G1 Evacuation Pause) 350M->71M(512M) 23.583ms
[2024-02-18T08:52:58.838+0000][7][gc,cpu      ] GC(15) User=0.16s Sys=0.03s Real=0.03s
[2024-02-18T08:52:58.839+0000][7][safepoint   ] Safepoint "G1CollectForAllocation", Time since last: 773755049 ns, Reaching safepoint: 10640 ns, Cleanup: 212487 ns, At safepoint: 23903218 ns, Total: 24126345 ns
[2024-02-18T08:52:59.305+0000][7][safepoint   ] Safepoint "ICBufferFull", Time since last: 466009717 ns, Reaching safepoint: 94151 ns, Cleanup: 105342 ns, At safepoint: 34015 ns, Total: 233508 ns
[2024-02-18T08:52:59.341+0000][7][safepoint   ] Safepoint "ICBufferFull", Time since last: 35896963 ns, Reaching safepoint: 6252 ns, Cleanup: 90023 ns, At safepoint: 52991 ns, Total: 149266 ns
[2024-02-18T08:52:59.761+0000][7][safepoint   ] Safepoint "ICBufferFull", Time since last: 420385007 ns, Reaching safepoint: 8687 ns, Cleanup: 150748 ns, At safepoint: 15449 ns, Total: 174884 ns
[2024-02-18T08:53:00.084+0000][7][gc,start    ] GC(16) Pause Young (Mixed) (Metadata GC Threshold)
[2024-02-18T08:53:00.084+0000][7][gc,task     ] GC(16) Using 12 workers of 13 for evacuation
[2024-02-18T08:53:00.084+0000][7][gc,age      ] GC(16) Desired survivor size 20971520 bytes, new threshold 3 (max threshold 15)
[2024-02-18T08:53:00.097+0000][7][gc,phases   ] GC(16)   Pre Evacuate Collection Set: 0.2ms
[2024-02-18T08:53:00.097+0000][7][gc,phases   ] GC(16)   Merge Heap Roots: 0.1ms
[2024-02-18T08:53:00.097+0000][7][gc,phases   ] GC(16)   Evacuate Collection Set: 11.2ms
[2024-02-18T08:53:00.097+0000][7][gc,phases   ] GC(16)   Post Evacuate Collection Set: 1.2ms
[2024-02-18T08:53:00.098+0000][7][gc,phases   ] GC(16)   Other: 0.3ms
[2024-02-18T08:53:00.098+0000][7][gc,age      ] GC(16) Age table with threshold 3 (max threshold 15)
[2024-02-18T08:53:00.098+0000][7][gc,age      ] GC(16) - age   1:    3915376 bytes,    3915376 total
[2024-02-18T08:53:00.098+0000][7][gc,age      ] GC(16) - age   2:   13491664 bytes,   17407040 total
[2024-02-18T08:53:00.098+0000][7][gc,age      ] GC(16) - age   3:    3227688 bytes,   20634728 total
[2024-02-18T08:53:00.098+0000][7][gc,heap     ] GC(16) Eden regions: 23->0(70)
[2024-02-18T08:53:00.098+0000][7][gc,heap     ] GC(16) Survivor regions: 6->6(10)
[2024-02-18T08:53:00.098+0000][7][gc,heap     ] GC(16) Old regions: 12->14
[2024-02-18T08:53:00.098+0000][7][gc,heap     ] GC(16) Humongous regions: 0->0
[2024-02-18T08:53:00.099+0000][7][gc,metaspace] GC(16) Metaspace: 98110K(100928K)->98110K(100928K) NonClass: 84426K(85888K)->84426K(85888K) Class: 13683K(15040K)->13683K(15040K)
[2024-02-18T08:53:00.099+0000][7][gc          ] GC(16) Pause Young (Mixed) (Metadata GC Threshold) 159M->74M(512M) 15.008ms
[2024-02-18T08:53:00.099+0000][7][gc,cpu      ] GC(16) User=0.14s Sys=0.02s Real=0.02s
[2024-02-18T08:53:00.099+0000][7][safepoint   ] Safepoint "CollectForMetadataAllocation", Time since last: 322149586 ns, Reaching safepoint: 8036 ns, Cleanup: 86766 ns, At safepoint: 15312368 ns, Total: 15407170 ns
[2024-02-18T08:53:00.131+0000][7][gc,start    ] GC(17) Pause Young (Concurrent Start) (Metadata GC Threshold)
[2024-02-18T08:53:00.131+0000][7][gc,task     ] GC(17) Using 12 workers of 13 for evacuation
[2024-02-18T08:53:00.131+0000][7][gc,age      ] GC(17) Desired survivor size 20971520 bytes, new threshold 15 (max threshold 15)
[2024-02-18T08:53:00.141+0000][7][gc,phases   ] GC(17)   Pre Evacuate Collection Set: 0.2ms
[2024-02-18T08:53:00.141+0000][7][gc,phases   ] GC(17)   Merge Heap Roots: 0.1ms
[2024-02-18T08:53:00.141+0000][7][gc,phases   ] GC(17)   Evacuate Collection Set: 8.1ms
[2024-02-18T08:53:00.142+0000][7][gc,phases   ] GC(17)   Post Evacuate Collection Set: 1.2ms
[2024-02-18T08:53:00.142+0000][7][gc,phases   ] GC(17)   Other: 0.4ms
[2024-02-18T08:53:00.142+0000][7][gc,age      ] GC(17) Age table with threshold 15 (max threshold 15)
[2024-02-18T08:53:00.142+0000][7][gc,age      ] GC(17) - age   1:     202976 bytes,     202976 total
[2024-02-18T08:53:00.142+0000][7][gc,age      ] GC(17) - age   2:    3727456 bytes,    3930432 total
[2024-02-18T08:53:00.142+0000][7][gc,age      ] GC(17) - age   3:   13491664 bytes,   17422096 total
[2024-02-18T08:53:00.142+0000][7][gc,age      ] GC(17) - age   4:    3227688 bytes,   20649784 total
[2024-02-18T08:53:00.142+0000][7][gc,heap     ] GC(17) Eden regions: 2->0(70)
[2024-02-18T08:53:00.142+0000][7][gc,heap     ] GC(17) Survivor regions: 6->6(10)
[2024-02-18T08:53:00.142+0000][7][gc,heap     ] GC(17) Old regions: 14->14
[2024-02-18T08:53:00.142+0000][7][gc,heap     ] GC(17) Humongous regions: 0->0
[2024-02-18T08:53:00.143+0000][7][gc,metaspace] GC(17) Metaspace: 98479K(101248K)->98479K(101248K) NonClass: 84756K(86208K)->84756K(86208K) Class: 13723K(15040K)->13723K(15040K)
[2024-02-18T08:53:00.143+0000][7][gc          ] GC(17) Pause Young (Concurrent Start) (Metadata GC Threshold) 79M->74M(512M) 11.999ms
[2024-02-18T08:53:00.143+0000][7][gc          ] GC(18) Concurrent Mark Cycle
[2024-02-18T08:53:00.143+0000][7][gc,marking  ] GC(18) Concurrent Scan Root Regions
[2024-02-18T08:53:00.143+0000][7][gc,cpu      ] GC(17) User=0.12s Sys=0.00s Real=0.01s
[2024-02-18T08:53:00.143+0000][7][safepoint   ] Safepoint "CollectForMetadataAllocation", Time since last: 31647910 ns, Reaching safepoint: 10751 ns, Cleanup: 33975 ns, At safepoint: 12602307 ns, Total: 12647033 ns
[2024-02-18T08:53:00.149+0000][7][gc,marking  ] GC(18) Concurrent Scan Root Regions 6.522ms
[2024-02-18T08:53:00.150+0000][7][gc,marking  ] GC(18) Concurrent Mark
[2024-02-18T08:53:00.150+0000][7][gc,marking  ] GC(18) Concurrent Mark From Roots
[2024-02-18T08:53:00.150+0000][7][gc,task     ] GC(18) Using 3 workers of 3 for marking
[2024-02-18T08:53:00.158+0000][7][safepoint   ] Safepoint "CollectForMetadataAllocation", Time since last: 14145168 ns, Reaching safepoint: 129338 ns, Cleanup: 8817 ns, At safepoint: 71918 ns, Total: 210073 ns
[2024-02-18T08:53:00.167+0000][7][gc,marking  ] GC(18) Concurrent Mark From Roots 16.968ms
[2024-02-18T08:53:00.167+0000][7][gc,marking  ] GC(18) Concurrent Preclean
[2024-02-18T08:53:00.168+0000][7][gc,marking  ] GC(18) Concurrent Preclean 0.352ms
[2024-02-18T08:53:00.168+0000][7][gc,start    ] GC(18) Pause Remark
[2024-02-18T08:53:00.172+0000][7][gc          ] GC(18) Pause Remark 77M->77M(512M) 4.710ms
[2024-02-18T08:53:00.173+0000][7][gc,cpu      ] GC(18) User=0.03s Sys=0.00s Real=0.00s
[2024-02-18T08:53:00.173+0000][7][safepoint   ] Safepoint "G1PauseRemark", Time since last: 10091378 ns, Reaching safepoint: 10189 ns, Cleanup: 3166 ns, At safepoint: 5140795 ns, Total: 5154150 ns
[2024-02-18T08:53:00.173+0000][7][gc,marking  ] GC(18) Concurrent Mark 23.233ms
[2024-02-18T08:53:00.173+0000][7][gc,marking  ] GC(18) Concurrent Rebuild Remembered Sets and Scrub Regions
[2024-02-18T08:53:00.180+0000][7][gc,marking  ] GC(18) Concurrent Rebuild Remembered Sets and Scrub Regions 6.718ms
[2024-02-18T08:53:00.180+0000][7][gc,start    ] GC(18) Pause Cleanup
[2024-02-18T08:53:00.181+0000][7][gc          ] GC(18) Pause Cleanup 78M->78M(512M) 0.288ms
[2024-02-18T08:53:00.181+0000][7][gc,cpu      ] GC(18) User=0.01s Sys=0.00s Real=0.00s
[2024-02-18T08:53:00.181+0000][7][safepoint   ] Safepoint "G1PauseCleanup", Time since last: 7398091 ns, Reaching safepoint: 99770 ns, Cleanup: 7715 ns, At safepoint: 578058 ns, Total: 685543 ns
[2024-02-18T08:53:00.181+0000][7][gc,marking  ] GC(18) Concurrent Clear Claimed Marks
[2024-02-18T08:53:00.181+0000][7][gc,marking  ] GC(18) Concurrent Clear Claimed Marks 0.389ms
[2024-02-18T08:53:00.182+0000][7][gc,marking  ] GC(18) Concurrent Cleanup for Next Mark
[2024-02-18T08:53:00.182+0000][7][gc,marking  ] GC(18) Concurrent Cleanup for Next Mark 0.715ms
[2024-02-18T08:53:00.182+0000][7][gc          ] GC(18) Concurrent Mark Cycle 39.655ms
[2024-02-18T08:53:00.820+0000][7][safepoint   ] Safepoint "ICBufferFull", Time since last: 638773232 ns, Reaching safepoint: 99340 ns, Cleanup: 176939 ns, At safepoint: 35037 ns, Total: 311316 ns
[2024-02-18T08:53:01.437+0000][7][safepoint   ] Safepoint "ICBufferFull", Time since last: 615695637 ns, Reaching safepoint: 660710 ns, Cleanup: 159185 ns, At safepoint: 82829 ns, Total: 902724 ns
[2024-02-18T08:53:01.675+0000][7][safepoint   ] Safepoint "ICBufferFull", Time since last: 237695560 ns, Reaching safepoint: 102517 ns, Cleanup: 141120 ns, At safepoint: 94692 ns, Total: 338329 ns
[2024-02-18T08:53:01.925+0000][7][safepoint   ] Safepoint "ICBufferFull", Time since last: 250048645 ns, Reaching safepoint: 11041 ns, Cleanup: 114740 ns, At safepoint: 18816 ns, Total: 144597 ns
[2024-02-18T08:53:02.089+0000][7][safepoint   ] Safepoint "ICBufferFull", Time since last: 163484999 ns, Reaching safepoint: 103989 ns, Cleanup: 115341 ns, At safepoint: 106013 ns, Total: 325343 ns
[2024-02-18T08:53:02.276+0000][7][safepoint   ] Safepoint "ICBufferFull", Time since last: 187153046 ns, Reaching safepoint: 16812 ns, Cleanup: 224390 ns, At safepoint: 33785 ns, Total: 274987 ns
[2024-02-18T08:53:02.673+0000][7][safepoint   ] Safepoint "ICBufferFull", Time since last: 397052603 ns, Reaching safepoint: 9187 ns, Cleanup: 110632 ns, At safepoint: 10931 ns, Total: 130750 ns
[2024-02-18T08:53:02.961+0000][7][safepoint   ] Safepoint "ICBufferFull", Time since last: 287364516 ns, Reaching safepoint: 114620 ns, Cleanup: 205884 ns, At safepoint: 47881 ns, Total: 368385 ns
[2024-02-18T08:53:03.038+0000][7][gc,start    ] GC(19) Pause Young (Prepare Mixed) (G1 Evacuation Pause)
[2024-02-18T08:53:03.038+0000][7][gc,task     ] GC(19) Using 12 workers of 13 for evacuation
[2024-02-18T08:53:03.038+0000][7][gc,age      ] GC(19) Desired survivor size 20971520 bytes, new threshold 15 (max threshold 15)
[2024-02-18T08:53:03.061+0000][7][gc,phases   ] GC(19)   Pre Evacuate Collection Set: 0.2ms
[2024-02-18T08:53:03.062+0000][7][gc,phases   ] GC(19)   Merge Heap Roots: 0.1ms
[2024-02-18T08:53:03.062+0000][7][gc,phases   ] GC(19)   Evacuate Collection Set: 20.7ms
[2024-02-18T08:53:03.062+0000][7][gc,phases   ] GC(19)   Post Evacuate Collection Set: 1.9ms
[2024-02-18T08:53:03.062+0000][7][gc,phases   ] GC(19)   Other: 0.3ms
[2024-02-18T08:53:03.062+0000][7][gc,age      ] GC(19) Age table with threshold 15 (max threshold 15)
[2024-02-18T08:53:03.062+0000][7][gc,age      ] GC(19) - age   1:   21630144 bytes,   21630144 total
[2024-02-18T08:53:03.063+0000][7][gc,age      ] GC(19) - age   2:     199912 bytes,   21830056 total
[2024-02-18T08:53:03.063+0000][7][gc,age      ] GC(19) - age   3:    3398312 bytes,   25228368 total
[2024-02-18T08:53:03.063+0000][7][gc,age      ] GC(19) - age   4:   13423016 bytes,   38651384 total
[2024-02-18T08:53:03.063+0000][7][gc,age      ] GC(19) - age   5:    3223216 bytes,   41874600 total
[2024-02-18T08:53:03.063+0000][7][gc,heap     ] GC(19) Eden regions: 70->0(66)
[2024-02-18T08:53:03.063+0000][7][gc,heap     ] GC(19) Survivor regions: 6->10(10)
[2024-02-18T08:53:03.063+0000][7][gc,heap     ] GC(19) Old regions: 14->18
[2024-02-18T08:53:03.063+0000][7][gc,heap     ] GC(19) Humongous regions: 2->2
[2024-02-18T08:53:03.063+0000][7][gc,metaspace] GC(19) Metaspace: 110099K(113088K)->110099K(113088K) NonClass: 94833K(96448K)->94833K(96448K) Class: 15265K(16640K)->15265K(16640K)
[2024-02-18T08:53:03.064+0000][7][gc          ] GC(19) Pause Young (Prepare Mixed) (G1 Evacuation Pause) 362M->116M(512M) 25.551ms
[2024-02-18T08:53:03.064+0000][7][gc,cpu      ] GC(19) User=0.21s Sys=0.01s Real=0.02s
[2024-02-18T08:53:03.064+0000][7][safepoint   ] Safepoint "G1CollectForAllocation", Time since last: 76880155 ns, Reaching safepoint: 95978 ns, Cleanup: 57711 ns, At safepoint: 25873397 ns, Total: 26027086 ns
[2024-02-18T08:53:03.997+0000][7][safepoint   ] Safepoint "ICBufferFull", Time since last: 932697492 ns, Reaching safepoint: 12784 ns, Cleanup: 110873 ns, At safepoint: 27703 ns, Total: 151360 ns
[2024-02-18T08:53:04.471+0000][7][safepoint   ] Safepoint "ICBufferFull", Time since last: 473853119 ns, Reaching safepoint: 130611 ns, Cleanup: 193681 ns, At safepoint: 100803 ns, Total: 425095 ns
[2024-02-18T08:53:04.842+0000][7][safepoint   ] Safepoint "ICBufferFull", Time since last: 370409713 ns, Reaching safepoint: 16362 ns, Cleanup: 111704 ns, At safepoint: 13706 ns, Total: 141772 ns
[2024-02-18T08:53:05.331+0000][7][safepoint   ] Safepoint "ICBufferFull", Time since last: 489244154 ns, Reaching safepoint: 11822 ns, Cleanup: 103208 ns, At safepoint: 2645 ns, Total: 117675 ns
[2024-02-18T08:53:05.795+0000][7][safepoint   ] Safepoint "ICBufferFull", Time since last: 464051592 ns, Reaching safepoint: 38223 ns, Cleanup: 160177 ns, At safepoint: 28725 ns, Total: 227125 ns
[2024-02-18T08:53:05.796+0000][7][safepoint   ] Safepoint "ICBufferFull", Time since last: 299003 ns, Reaching safepoint: 123245 ns, Cleanup: 5340 ns, At safepoint: 39306 ns, Total: 167891 ns
[2024-02-18T08:53:06.740+0000][7][safepoint   ] Safepoint "ICBufferFull", Time since last: 944075691 ns, Reaching safepoint: 180549 ns, Cleanup: 159276 ns, At safepoint: 42681 ns, Total: 382506 ns
[2024-02-18T08:53:06.741+0000][7][safepoint   ] Safepoint "ICBufferFull", Time since last: 279932 ns, Reaching safepoint: 176102 ns, Cleanup: 2084 ns, At safepoint: 49204 ns, Total: 227390 ns
[2024-02-18T08:53:06.775+0000][7][gc,start    ] GC(20) Pause Young (Mixed) (G1 Evacuation Pause)
[2024-02-18T08:53:06.775+0000][7][gc,task     ] GC(20) Using 12 workers of 13 for evacuation
[2024-02-18T08:53:06.775+0000][7][gc,age      ] GC(20) Desired survivor size 20971520 bytes, new threshold 1 (max threshold 15)
[2024-02-18T08:53:06.803+0000][7][gc,phases   ] GC(20)   Pre Evacuate Collection Set: 0.2ms
[2024-02-18T08:53:06.803+0000][7][gc,phases   ] GC(20)   Merge Heap Roots: 0.2ms
[2024-02-18T08:53:06.803+0000][7][gc,phases   ] GC(20)   Evacuate Collection Set: 26.1ms
[2024-02-18T08:53:06.803+0000][7][gc,phases   ] GC(20)   Post Evacuate Collection Set: 1.1ms
[2024-02-18T08:53:06.803+0000][7][gc,phases   ] GC(20)   Other: 0.3ms
[2024-02-18T08:53:06.804+0000][7][gc,age      ] GC(20) Age table with threshold 1 (max threshold 15)
[2024-02-18T08:53:06.804+0000][7][gc,age      ] GC(20) - age   1:    7438032 bytes,    7438032 total
[2024-02-18T08:53:06.804+0000][7][gc,heap     ] GC(20) Eden regions: 66->0(73)
[2024-02-18T08:53:06.804+0000][7][gc,heap     ] GC(20) Survivor regions: 10->3(10)
[2024-02-18T08:53:06.804+0000][7][gc,heap     ] GC(20) Old regions: 18->27
[2024-02-18T08:53:06.804+0000][7][gc,heap     ] GC(20) Humongous regions: 2->2
[2024-02-18T08:53:06.804+0000][7][gc,metaspace] GC(20) Metaspace: 112950K(115904K)->112950K(115904K) NonClass: 97381K(98944K)->97381K(98944K) Class: 15569K(16960K)->15569K(16960K)
[2024-02-18T08:53:06.804+0000][7][gc          ] GC(20) Pause Young (Mixed) (G1 Evacuation Pause) 380M->127M(512M) 29.531ms
[2024-02-18T08:53:06.804+0000][7][gc,cpu      ] GC(20) User=0.20s Sys=0.02s Real=0.03s
[2024-02-18T08:53:06.805+0000][7][safepoint   ] Safepoint "G1CollectForAllocation", Time since last: 34074013 ns, Reaching safepoint: 19478 ns, Cleanup: 49485 ns, At safepoint: 29986668 ns, Total: 30055631 ns
[2024-02-18T08:53:07.855+0000][7][safepoint   ] Safepoint "Cleanup", Time since last: 1050399899 ns, Reaching safepoint: 19748 ns, Cleanup: 124519 ns, At safepoint: 3196 ns, Total: 147463 ns
[2024-02-18T08:53:08.859+0000][7][safepoint   ] Safepoint "ICBufferFull", Time since last: 1003682666 ns, Reaching safepoint: 17955 ns, Cleanup: 158543 ns, At safepoint: 24577 ns, Total: 201075 ns
[2024-02-18T08:53:09.642+0000][7][safepoint   ] Safepoint "ICBufferFull", Time since last: 783109095 ns, Reaching safepoint: 15570 ns, Cleanup: 135359 ns, At safepoint: 4299 ns, Total: 155228 ns
[2024-02-18T08:53:10.643+0000][7][safepoint   ] Safepoint "Cleanup", Time since last: 1000356591 ns, Reaching safepoint: 67098 ns, Cleanup: 51970 ns, At safepoint: 7244 ns, Total: 126312 ns
[2024-02-18T08:53:11.643+0000][7][safepoint   ] Safepoint "Cleanup", Time since last: 1000420823 ns, Reaching safepoint: 14578 ns, Cleanup: 36560 ns, At safepoint: 3707 ns, Total: 54845 ns
[2024-02-18T08:53:12.644+0000][7][safepoint   ] Safepoint "Cleanup", Time since last: 1000285986 ns, Reaching safepoint: 17213 ns, Cleanup: 40839 ns, At safepoint: 2474 ns, Total: 60526 ns
[2024-02-18T08:53:15.644+0000][7][safepoint   ] Safepoint "Cleanup", Time since last: 3000478881 ns, Reaching safepoint: 17253 ns, Cleanup: 128857 ns, At safepoint: 2916 ns, Total: 149026 ns
[2024-02-18T08:53:16.645+0000][7][safepoint   ] Safepoint "Cleanup", Time since last: 1000328567 ns, Reaching safepoint: 16361 ns, Cleanup: 32813 ns, At safepoint: 2625 ns, Total: 51799 ns
[2024-02-18T08:53:17.645+0000][7][safepoint   ] Safepoint "Cleanup", Time since last: 1000335972 ns, Reaching safepoint: 16612 ns, Cleanup: 27753 ns, At safepoint: 2735 ns, Total: 47100 ns
[2024-02-18T08:53:18.646+0000][7][safepoint   ] Safepoint "Cleanup", Time since last: 1000340716 ns, Reaching safepoint: 18585 ns, Cleanup: 22193 ns, At safepoint: 3507 ns, Total: 44285 ns
[2024-02-18T08:53:19.646+0000][7][safepoint   ] Safepoint "Cleanup", Time since last: 1000395315 ns, Reaching safepoint: 27603 ns, Cleanup: 6081 ns, At safepoint: 2585 ns, Total: 36269 ns
[2024-02-18T08:53:20.646+0000][7][safepoint   ] Safepoint "Cleanup", Time since last: 1000353771 ns, Reaching safepoint: 18095 ns, Cleanup: 15329 ns, At safepoint: 3196 ns, Total: 36620 ns
[2024-02-18T08:53:21.647+0000][7][safepoint   ] Safepoint "Cleanup", Time since last: 1000335741 ns, Reaching safepoint: 17053 ns, Cleanup: 69303 ns, At safepoint: 2755 ns, Total: 89111 ns
[2024-02-18T08:53:22.647+0000][7][safepoint   ] Safepoint "Cleanup", Time since last: 1000322215 ns, Reaching safepoint: 19097 ns, Cleanup: 20288 ns, At safepoint: 2966 ns, Total: 42351 ns
[2024-02-18T08:53:23.648+0000][7][safepoint   ] Safepoint "Cleanup", Time since last: 1000296827 ns, Reaching safepoint: 17453 ns, Cleanup: 13165 ns, At safepoint: 3507 ns, Total: 34125 ns
[2024-02-18T08:53:24.648+0000][7][safepoint   ] Safepoint "Cleanup", Time since last: 1000318568 ns, Reaching safepoint: 14307 ns, Cleanup: 20539 ns, At safepoint: 7625 ns, Total: 42471 ns
[2024-02-18T08:53:25.648+0000][7][safepoint   ] Safepoint "Cleanup", Time since last: 1000371880 ns, Reaching safepoint: 18926 ns, Cleanup: 15099 ns, At safepoint: 3387 ns, Total: 37412 ns
[2024-02-18T08:53:27.649+0000][7][safepoint   ] Safepoint "Cleanup", Time since last: 2000416082 ns, Reaching safepoint: 18165 ns, Cleanup: 72218 ns, At safepoint: 3337 ns, Total: 93720 ns
[2024-02-18T08:53:28.649+0000][7][safepoint   ] Safepoint "Cleanup", Time since last: 1000374425 ns, Reaching safepoint: 28204 ns, Cleanup: 54415 ns, At safepoint: 3226 ns, Total: 85845 ns
[2024-02-18T08:53:29.650+0000][7][safepoint   ] Safepoint "Cleanup", Time since last: 1000356460 ns, Reaching safepoint: 24578 ns, Cleanup: 23434 ns, At safepoint: 4309 ns, Total: 52321 ns
[2024-02-18T08:53:30.650+0000][7][safepoint   ] Safepoint "Cleanup", Time since last: 1000411235 ns, Reaching safepoint: 16662 ns, Cleanup: 42211 ns, At safepoint: 2916 ns, Total: 61789 ns
[2024-02-18T08:53:31.651+0000][7][safepoint   ] Safepoint "Cleanup", Time since last: 1000396227 ns, Reaching safepoint: 16301 ns, Cleanup: 23916 ns, At safepoint: 2855 ns, Total: 43072 ns
[2024-02-18T08:53:32.651+0000][7][safepoint   ] Safepoint "Cleanup", Time since last: 1000421195 ns, Reaching safepoint: 15720 ns, Cleanup: 14397 ns, At safepoint: 2625 ns, Total: 32742 ns
[2024-02-18T08:53:33.651+0000][7][safepoint   ] Safepoint "Cleanup", Time since last: 1000312828 ns, Reaching safepoint: 15440 ns, Cleanup: 53262 ns, At safepoint: 3436 ns, Total: 72138 ns
[2024-02-18T08:53:34.652+0000][7][safepoint   ] Safepoint "Cleanup", Time since last: 1000241220 ns, Reaching safepoint: 54454 ns, Cleanup: 17424 ns, At safepoint: 3286 ns, Total: 75164 ns
[2024-02-18T08:53:36.652+0000][7][safepoint   ] Safepoint "Cleanup", Time since last: 2000407667 ns, Reaching safepoint: 18325 ns, Cleanup: 34416 ns, At safepoint: 3206 ns, Total: 55947 ns
[2024-02-18T08:53:39.653+0000][7][safepoint   ] Safepoint "Cleanup", Time since last: 3000574423 ns, Reaching safepoint: 27633 ns, Cleanup: 52010 ns, At safepoint: 3556 ns, Total: 83199 ns
[2024-02-18T08:53:40.653+0000][7][safepoint   ] Safepoint "Cleanup", Time since last: 1000418140 ns, Reaching safepoint: 33054 ns, Cleanup: 75474 ns, At safepoint: 3767 ns, Total: 112295 ns
[2024-02-18T08:53:41.654+0000][7][safepoint   ] Safepoint "Cleanup", Time since last: 1000345881 ns, Reaching safepoint: 35869 ns, Cleanup: 12584 ns, At safepoint: 3196 ns, Total: 51649 ns
[2024-02-18T08:53:42.654+0000][7][safepoint   ] Safepoint "Cleanup", Time since last: 1000317225 ns, Reaching safepoint: 16973 ns, Cleanup: 24938 ns, At safepoint: 3045 ns, Total: 44956 ns
[2024-02-18T08:53:45.006+0000][7][safepoint   ] Safepoint "Cleanup", Time since last: 2352137549 ns, Reaching safepoint: 16141 ns, Cleanup: 41559 ns, At safepoint: 3737 ns, Total: 61437 ns
[2024-02-18T08:53:46.007+0000][7][safepoint   ] Safepoint "Cleanup", Time since last: 1000317707 ns, Reaching safepoint: 16211 ns, Cleanup: 30799 ns, At safepoint: 3206 ns, Total: 50216 ns
[2024-02-18T08:53:47.007+0000][7][safepoint   ] Safepoint "Cleanup", Time since last: 1000373834 ns, Reaching safepoint: 16702 ns, Cleanup: 16051 ns, At safepoint: 2514 ns, Total: 35267 ns
[2024-02-18T08:53:48.008+0000][7][safepoint   ] Safepoint "Cleanup", Time since last: 1000348486 ns, Reaching safepoint: 17593 ns, Cleanup: 18987 ns, At safepoint: 3597 ns, Total: 40177 ns
[2024-02-18T08:53:50.008+0000][7][safepoint   ] Safepoint "Cleanup", Time since last: 2000439087 ns, Reaching safepoint: 16471 ns, Cleanup: 12675 ns, At safepoint: 2695 ns, Total: 31841 ns
[2024-02-18T08:53:51.008+0000][7][safepoint   ] Safepoint "Cleanup", Time since last: 1000368362 ns, Reaching safepoint: 19428 ns, Cleanup: 27172 ns, At safepoint: 2935 ns, Total: 49535 ns
[2024-02-18T08:53:52.009+0000][7][safepoint   ] Safepoint "Cleanup", Time since last: 1000391058 ns, Reaching safepoint: 14768 ns, Cleanup: 19828 ns, At safepoint: 2405 ns, Total: 37001 ns
[2024-02-18T08:53:54.009+0000][7][safepoint   ] Safepoint "Cleanup", Time since last: 2000418797 ns, Reaching safepoint: 18416 ns, Cleanup: 21170 ns, At safepoint: 2605 ns, Total: 42191 ns
[2024-02-18T08:53:55.010+0000][7][safepoint   ] Safepoint "Cleanup", Time since last: 1000324881 ns, Reaching safepoint: 16442 ns, Cleanup: 18635 ns, At safepoint: 2746 ns, Total: 37823 ns
[2024-02-18T08:53:57.010+0000][7][safepoint   ] Safepoint "Cleanup", Time since last: 2000387607 ns, Reaching safepoint: 15129 ns, Cleanup: 48413 ns, At safepoint: 2946 ns, Total: 66488 ns
[2024-02-18T08:53:58.010+0000][7][safepoint   ] Safepoint "Cleanup", Time since last: 1000310162 ns, Reaching safepoint: 15350 ns, Cleanup: 37061 ns, At safepoint: 2976 ns, Total: 55387 ns
[2024-02-18T08:53:59.011+0000][7][safepoint   ] Safepoint "Cleanup", Time since last: 1000330450 ns, Reaching safepoint: 21051 ns, Cleanup: 32001 ns, At safepoint: 2455 ns, Total: 55507 ns
[2024-02-18T08:54:00.011+0000][7][safepoint   ] Safepoint "Cleanup", Time since last: 1000352182 ns, Reaching safepoint: 16803 ns, Cleanup: 45617 ns, At safepoint: 2905 ns, Total: 65325 ns
[2024-02-18T08:54:01.012+0000][7][safepoint   ] Safepoint "Cleanup", Time since last: 1000316515 ns, Reaching safepoint: 15529 ns, Cleanup: 43864 ns, At safepoint: 3167 ns, Total: 62560 ns
[2024-02-18T08:54:02.012+0000][7][safepoint   ] Safepoint "Cleanup", Time since last: 1000340941 ns, Reaching safepoint: 15850 ns, Cleanup: 11663 ns, At safepoint: 3416 ns, Total: 30929 ns
[2024-02-18T08:54:03.012+0000][7][safepoint   ] Safepoint "Cleanup", Time since last: 1000351591 ns, Reaching safepoint: 21761 ns, Cleanup: 31911 ns, At safepoint: 3046 ns, Total: 56718 ns
[2024-02-18T08:54:04.013+0000][7][safepoint   ] Safepoint "Cleanup", Time since last: 1000351102 ns, Reaching safepoint: 16862 ns, Cleanup: 81827 ns, At safepoint: 4017 ns, Total: 102706 ns
[2024-02-18T08:54:04.814+0000][7][gc,start    ] GC(21) Pause Young (Normal) (G1 Evacuation Pause)
[2024-02-18T08:54:04.814+0000][7][gc,task     ] GC(21) Using 12 workers of 13 for evacuation
[2024-02-18T08:54:04.814+0000][7][gc,age      ] GC(21) Desired survivor size 20971520 bytes, new threshold 15 (max threshold 15)
[2024-02-18T08:54:04.822+0000][7][gc,phases   ] GC(21)   Pre Evacuate Collection Set: 0.2ms
[2024-02-18T08:54:04.823+0000][7][gc,phases   ] GC(21)   Merge Heap Roots: 0.1ms
[2024-02-18T08:54:04.823+0000][7][gc,phases   ] GC(21)   Evacuate Collection Set: 7.5ms
[2024-02-18T08:54:04.823+0000][7][gc,phases   ] GC(21)   Post Evacuate Collection Set: 0.7ms
[2024-02-18T08:54:04.823+0000][7][gc,phases   ] GC(21)   Other: 0.2ms
[2024-02-18T08:54:04.823+0000][7][gc,age      ] GC(21) Age table with threshold 15 (max threshold 15)
[2024-02-18T08:54:04.823+0000][7][gc,age      ] GC(21) - age   1:    7221504 bytes,    7221504 total
[2024-02-18T08:54:04.823+0000][7][gc,age      ] GC(21) - age   2:    6114032 bytes,   13335536 total
[2024-02-18T08:54:04.823+0000][7][gc,heap     ] GC(21) Eden regions: 73->0(72)
[2024-02-18T08:54:04.823+0000][7][gc,heap     ] GC(21) Survivor regions: 3->4(10)
[2024-02-18T08:54:04.823+0000][7][gc,heap     ] GC(21) Old regions: 27->27
[2024-02-18T08:54:04.824+0000][7][gc,heap     ] GC(21) Humongous regions: 2->2
[2024-02-18T08:54:04.824+0000][7][gc,metaspace] GC(21) Metaspace: 116490K(119616K)->116490K(119616K) NonClass: 100574K(102208K)->100574K(102208K) Class: 15916K(17408K)->15916K(17408K)
[2024-02-18T08:54:04.824+0000][7][gc          ] GC(21) Pause Young (Normal) (G1 Evacuation Pause) 419M->130M(512M) 10.251ms
[2024-02-18T08:54:04.824+0000][7][gc,cpu      ] GC(21) User=0.03s Sys=0.00s Real=0.01s
[2024-02-18T08:54:04.824+0000][7][safepoint   ] Safepoint "G1CollectForAllocation", Time since last: 800575489 ns, Reaching safepoint: 13426 ns, Cleanup: 18265 ns, At safepoint: 10517899 ns, Total: 10549590 ns
[2024-02-18T08:54:05.824+0000][7][safepoint   ] Safepoint "Cleanup", Time since last: 1000232053 ns, Reaching safepoint: 15970 ns, Cleanup: 52932 ns, At safepoint: 17944 ns, Total: 86846 ns
[2024-02-18T08:54:06.825+0000][7][safepoint   ] Safepoint "Cleanup", Time since last: 1000342990 ns, Reaching safepoint: 93709 ns, Cleanup: 18305 ns, At safepoint: 13616 ns, Total: 125630 ns
[2024-02-18T08:54:07.825+0000][7][safepoint   ] Safepoint "Cleanup", Time since last: 1000326043 ns, Reaching safepoint: 16171 ns, Cleanup: 11993 ns, At safepoint: 3086 ns, Total: 31250 ns
[2024-02-18T08:54:08.826+0000][7][safepoint   ] Safepoint "Cleanup", Time since last: 1000341678 ns, Reaching safepoint: 14297 ns, Cleanup: 10250 ns, At safepoint: 2725 ns, Total: 27272 ns
[2024-02-18T08:54:09.826+0000][7][safepoint   ] Safepoint "Cleanup", Time since last: 1000259835 ns, Reaching safepoint: 30599 ns, Cleanup: 45577 ns, At safepoint: 8958 ns, Total: 85134 ns
[2024-02-18T08:54:10.826+0000][7][safepoint   ] Safepoint "Cleanup", Time since last: 1000437610 ns, Reaching safepoint: 29707 ns, Cleanup: 27934 ns, At safepoint: 4027 ns, Total: 61668 ns
[2024-02-18T08:54:11.827+0000][7][safepoint   ] Safepoint "Cleanup", Time since last: 1000568588 ns, Reaching safepoint: 30418 ns, Cleanup: 12634 ns, At safepoint: 1994 ns, Total: 45046 ns
[2024-02-18T08:54:12.827+0000][7][safepoint   ] Safepoint "Cleanup", Time since last: 1000236666 ns, Reaching safepoint: 16131 ns, Cleanup: 25118 ns, At safepoint: 3056 ns, Total: 44305 ns
[2024-02-18T08:54:13.828+0000][7][safepoint   ] Safepoint "Cleanup", Time since last: 1000311900 ns, Reaching safepoint: 25940 ns, Cleanup: 23345 ns, At safepoint: 6512 ns, Total: 55797 ns
[2024-02-18T08:54:14.828+0000][7][safepoint   ] Safepoint "Cleanup", Time since last: 1000425734 ns, Reaching safepoint: 15920 ns, Cleanup: 13686 ns, At safepoint: 13025 ns, Total: 42631 ns
[2024-02-18T08:54:15.828+0000][7][safepoint   ] Safepoint "Cleanup", Time since last: 1000251169 ns, Reaching safepoint: 27072 ns, Cleanup: 120561 ns, At safepoint: 4649 ns, Total: 152282 ns
[2024-02-18T08:54:16.829+0000][7][safepoint   ] Safepoint "Cleanup", Time since last: 1000407759 ns, Reaching safepoint: 15289 ns, Cleanup: 10631 ns, At safepoint: 3096 ns, Total: 29016 ns
[2024-02-18T08:54:17.829+0000][7][safepoint   ] Safepoint "Cleanup", Time since last: 1000321594 ns, Reaching safepoint: 13405 ns, Cleanup: 19868 ns, At safepoint: 11723 ns, Total: 44996 ns
[2024-02-18T08:54:18.830+0000][7][safepoint   ] Safepoint "Cleanup", Time since last: 1000229297 ns, Reaching safepoint: 16351 ns, Cleanup: 54966 ns, At safepoint: 3055 ns, Total: 74372 ns
[2024-02-18T08:54:19.830+0000][7][safepoint   ] Safepoint "Cleanup", Time since last: 1000355189 ns, Reaching safepoint: 15149 ns, Cleanup: 14808 ns, At safepoint: 2976 ns, Total: 32933 ns
[2024-02-18T08:54:20.830+0000][7][safepoint   ] Safepoint "Cleanup", Time since last: 1000429480 ns, Reaching safepoint: 31500 ns, Cleanup: 34046 ns, At safepoint: 3667 ns, Total: 69213 ns
[2024-02-18T08:54:21.831+0000][7][safepoint   ] Safepoint "Cleanup", Time since last: 1000376810 ns, Reaching safepoint: 15770 ns, Cleanup: 78540 ns, At safepoint: 2836 ns, Total: 97146 ns
[2024-02-18T08:54:22.831+0000][7][safepoint   ] Safepoint "Cleanup", Time since last: 1000304501 ns, Reaching safepoint: 17674 ns, Cleanup: 15800 ns, At safepoint: 3226 ns, Total: 36700 ns
[2024-02-18T08:54:24.832+0000][7][safepoint   ] Safepoint "Cleanup", Time since last: 2000413919 ns, Reaching safepoint: 15900 ns, Cleanup: 21531 ns, At safepoint: 2806 ns, Total: 40237 ns
[2024-02-18T08:54:25.832+0000][7][safepoint   ] Safepoint "Cleanup", Time since last: 1000324509 ns, Reaching safepoint: 17805 ns, Cleanup: 23124 ns, At safepoint: 3036 ns, Total: 43965 ns
[2024-02-18T08:54:26.833+0000][7][safepoint   ] Safepoint "Cleanup", Time since last: 1000350238 ns, Reaching safepoint: 13216 ns, Cleanup: 10550 ns, At safepoint: 2324 ns, Total: 26090 ns
[2024-02-18T08:54:27.833+0000][7][safepoint   ] Safepoint "Cleanup", Time since last: 1000231928 ns, Reaching safepoint: 15139 ns, Cleanup: 15850 ns, At safepoint: 12514 ns, Total: 43503 ns
[2024-02-18T08:54:28.833+0000][7][safepoint   ] Safepoint "Cleanup", Time since last: 1000204865 ns, Reaching safepoint: 16833 ns, Cleanup: 18465 ns, At safepoint: 2795 ns, Total: 38093 ns
[2024-02-18T08:54:29.833+0000][7][safepoint   ] Safepoint "Cleanup", Time since last: 1000343907 ns, Reaching safepoint: 24747 ns, Cleanup: 23816 ns, At safepoint: 3366 ns, Total: 51929 ns
[2024-02-18T08:54:30.834+0000][7][safepoint   ] Safepoint "Cleanup", Time since last: 1000355940 ns, Reaching safepoint: 15991 ns, Cleanup: 17423 ns, At safepoint: 3166 ns, Total: 36580 ns
[2024-02-18T08:54:32.834+0000][7][safepoint   ] Safepoint "Cleanup", Time since last: 2000393360 ns, Reaching safepoint: 15630 ns, Cleanup: 11742 ns, At safepoint: 11382 ns, Total: 38754 ns
[2024-02-18T08:54:33.835+0000][7][safepoint   ] Safepoint "Cleanup", Time since last: 1000217194 ns, Reaching safepoint: 16612 ns, Cleanup: 68631 ns, At safepoint: 2896 ns, Total: 88139 ns
[2024-02-18T08:54:34.835+0000][7][safepoint   ] Safepoint "Cleanup", Time since last: 1000307898 ns, Reaching safepoint: 14097 ns, Cleanup: 17443 ns, At safepoint: 2795 ns, Total: 34335 ns
[2024-02-18T08:54:36.835+0000][7][safepoint   ] Safepoint "Cleanup", Time since last: 2000497750 ns, Reaching safepoint: 15870 ns, Cleanup: 14167 ns, At safepoint: 3427 ns, Total: 33464 ns
[2024-02-18T08:54:37.836+0000][7][safepoint   ] Safepoint "Cleanup", Time since last: 1000390355 ns, Reaching safepoint: 15230 ns, Cleanup: 15269 ns, At safepoint: 2955 ns, Total: 33454 ns
[2024-02-18T08:54:38.836+0000][7][safepoint   ] Safepoint "Cleanup", Time since last: 1000335130 ns, Reaching safepoint: 12524 ns, Cleanup: 17905 ns, At safepoint: 2514 ns, Total: 32943 ns
[2024-02-18T08:54:39.837+0000][7][safepoint   ] Safepoint "Cleanup", Time since last: 1000238956 ns, Reaching safepoint: 18145 ns, Cleanup: 90102 ns, At safepoint: 3387 ns, Total: 111634 ns
[2024-02-18T08:54:40.837+0000][7][safepoint   ] Safepoint "Cleanup", Time since last: 1000349588 ns, Reaching safepoint: 16641 ns, Cleanup: 27543 ns, At safepoint: 2806 ns, Total: 46990 ns
[2024-02-18T08:54:41.837+0000][7][safepoint   ] Safepoint "Cleanup", Time since last: 1000309997 ns, Reaching safepoint: 147296 ns, Cleanup: 27343 ns, At safepoint: 21110 ns, Total: 195749 ns
[2024-02-18T08:54:42.838+0000][7][safepoint   ] Safepoint "Cleanup", Time since last: 1000377311 ns, Reaching safepoint: 17483 ns, Cleanup: 26661 ns, At safepoint: 3427 ns, Total: 47571 ns
[2024-02-18T08:54:45.028+0000][7][safepoint   ] Safepoint "Cleanup", Time since last: 2189858814 ns, Reaching safepoint: 14288 ns, Cleanup: 39686 ns, At safepoint: 2945 ns, Total: 56919 ns
[2024-02-18T08:54:46.028+0000][7][safepoint   ] Safepoint "Cleanup", Time since last: 1000232644 ns, Reaching safepoint: 17083 ns, Cleanup: 16170 ns, At safepoint: 2916 ns, Total: 36169 ns
[2024-02-18T08:54:47.028+0000][7][safepoint   ] Safepoint "Cleanup", Time since last: 1000346617 ns, Reaching safepoint: 17464 ns, Cleanup: 14558 ns, At safepoint: 2945 ns, Total: 34967 ns
[2024-02-18T08:54:48.029+0000][7][safepoint   ] Safepoint "Cleanup", Time since last: 1000385942 ns, Reaching safepoint: 17143 ns, Cleanup: 20589 ns, At safepoint: 2686 ns, Total: 40418 ns
[2024-02-18T08:54:51.029+0000][7][safepoint   ] Safepoint "Cleanup", Time since last: 3000502722 ns, Reaching safepoint: 16291 ns, Cleanup: 22513 ns, At safepoint: 2655 ns, Total: 41459 ns
[2024-02-18T08:54:52.030+0000][7][safepoint   ] Safepoint "Cleanup", Time since last: 1000305493 ns, Reaching safepoint: 17434 ns, Cleanup: 21531 ns, At safepoint: 3587 ns, Total: 42552 ns
[2024-02-18T08:54:54.030+0000][7][safepoint   ] Safepoint "Cleanup", Time since last: 2000440840 ns, Reaching safepoint: 16642 ns, Cleanup: 20419 ns, At safepoint: 2695 ns, Total: 39756 ns
[2024-02-18T08:54:55.031+0000][7][safepoint   ] Safepoint "Cleanup", Time since last: 1000358705 ns, Reaching safepoint: 17403 ns, Cleanup: 15821 ns, At safepoint: 3346 ns, Total: 36570 ns
[2024-02-18T08:54:57.031+0000][7][safepoint   ] Safepoint "Cleanup", Time since last: 2000467531 ns, Reaching safepoint: 17013 ns, Cleanup: 30809 ns, At safepoint: 3487 ns, Total: 51309 ns
[2024-02-18T08:54:58.032+0000][7][safepoint   ] Safepoint "Cleanup", Time since last: 1000350850 ns, Reaching safepoint: 17243 ns, Cleanup: 35327 ns, At safepoint: 3076 ns, Total: 55646 ns
[2024-02-18T08:54:59.032+0000][7][safepoint   ] Safepoint "Cleanup", Time since last: 1000371470 ns, Reaching safepoint: 18255 ns, Cleanup: 35418 ns, At safepoint: 3526 ns, Total: 57199 ns
[2024-02-18T08:55:00.032+0000][7][safepoint   ] Safepoint "Cleanup", Time since last: 1000358124 ns, Reaching safepoint: 16652 ns, Cleanup: 9048 ns, At safepoint: 2825 ns, Total: 28525 ns
[2024-02-18T08:55:01.033+0000][7][safepoint   ] Safepoint "Cleanup", Time since last: 1000269058 ns, Reaching safepoint: 21220 ns, Cleanup: 35548 ns, At safepoint: 3788 ns, Total: 60556 ns
[2024-02-18T08:55:03.033+0000][7][safepoint   ] Safepoint "Cleanup", Time since last: 2000444868 ns, Reaching safepoint: 14327 ns, Cleanup: 42522 ns, At safepoint: 3126 ns, Total: 59975 ns
[2024-02-18T08:55:04.034+0000][7][safepoint   ] Safepoint "Cleanup", Time since last: 1000393492 ns, Reaching safepoint: 14688 ns, Cleanup: 10350 ns, At safepoint: 2745 ns, Total: 27783 ns
[2024-02-18T08:55:06.034+0000][7][safepoint   ] Safepoint "Cleanup", Time since last: 2000396746 ns, Reaching safepoint: 16251 ns, Cleanup: 50286 ns, At safepoint: 4218 ns, Total: 70755 ns
[2024-02-18T08:55:07.035+0000][7][safepoint   ] Safepoint "Cleanup", Time since last: 1000363560 ns, Reaching safepoint: 17113 ns, Cleanup: 17774 ns, At safepoint: 3216 ns, Total: 38103 ns
[2024-02-18T08:55:08.035+0000][7][safepoint   ] Safepoint "Cleanup", Time since last: 1000359772 ns, Reaching safepoint: 19828 ns, Cleanup: 14848 ns, At safepoint: 4048 ns, Total: 38724 ns
[2024-02-18T08:55:09.035+0000][7][safepoint   ] Safepoint "Cleanup", Time since last: 1000411145 ns, Reaching safepoint: 16382 ns, Cleanup: 29125 ns, At safepoint: 2335 ns, Total: 47842 ns
[2024-02-18T08:55:10.036+0000][7][safepoint   ] Safepoint "Cleanup", Time since last: 1000252201 ns, Reaching safepoint: 18155 ns, Cleanup: 27262 ns, At safepoint: 2996 ns, Total: 48413 ns
[2024-02-18T08:55:12.152+0000][7][gc,start    ] GC(22) Pause Young (Concurrent Start) (G1 Evacuation Pause)
[2024-02-18T08:55:12.152+0000][7][gc,task     ] GC(22) Using 12 workers of 13 for evacuation
[2024-02-18T08:55:12.152+0000][7][gc,age      ] GC(22) Desired survivor size 20971520 bytes, new threshold 15 (max threshold 15)
[2024-02-18T08:55:12.163+0000][7][gc,phases   ] GC(22)   Pre Evacuate Collection Set: 0.3ms
[2024-02-18T08:55:12.163+0000][7][gc,phases   ] GC(22)   Merge Heap Roots: 0.1ms
[2024-02-18T08:55:12.163+0000][7][gc,phases   ] GC(22)   Evacuate Collection Set: 9.4ms
[2024-02-18T08:55:12.163+0000][7][gc,phases   ] GC(22)   Post Evacuate Collection Set: 0.7ms
[2024-02-18T08:55:12.163+0000][7][gc,phases   ] GC(22)   Other: 0.4ms
[2024-02-18T08:55:12.163+0000][7][gc,age      ] GC(22) Age table with threshold 15 (max threshold 15)
[2024-02-18T08:55:12.164+0000][7][gc,age      ] GC(22) - age   1:    1446264 bytes,    1446264 total
[2024-02-18T08:55:12.164+0000][7][gc,age      ] GC(22) - age   2:    6298360 bytes,    7744624 total
[2024-02-18T08:55:12.164+0000][7][gc,age      ] GC(22) - age   3:    6103800 bytes,   13848424 total
[2024-02-18T08:55:12.164+0000][7][gc,heap     ] GC(22) Eden regions: 72->0(72)
[2024-02-18T08:55:12.164+0000][7][gc,heap     ] GC(22) Survivor regions: 4->4(10)
[2024-02-18T08:55:12.164+0000][7][gc,heap     ] GC(22) Old regions: 27->27
[2024-02-18T08:55:12.164+0000][7][gc,heap     ] GC(22) Humongous regions: 2->2
[2024-02-18T08:55:12.164+0000][7][gc,metaspace] GC(22) Metaspace: 117198K(120320K)->117198K(120320K) NonClass: 101280K(102912K)->101280K(102912K) Class: 15918K(17408K)->15918K(17408K)
[2024-02-18T08:55:12.164+0000][7][gc          ] GC(22) Pause Young (Concurrent Start) (G1 Evacuation Pause) 418M->131M(512M) 12.786ms
[2024-02-18T08:55:12.165+0000][7][gc          ] GC(23) Concurrent Mark Cycle
[2024-02-18T08:55:12.165+0000][7][gc,marking  ] GC(23) Concurrent Scan Root Regions
[2024-02-18T08:55:12.165+0000][7][gc,cpu      ] GC(22) User=0.04s Sys=0.01s Real=0.01s
[2024-02-18T08:55:12.165+0000][7][safepoint   ] Safepoint "G1CollectForAllocation", Time since last: 2115837610 ns, Reaching safepoint: 22754 ns, Cleanup: 4689 ns, At safepoint: 13313519 ns, Total: 13340962 ns
[2024-02-18T08:55:12.167+0000][7][gc,marking  ] GC(23) Concurrent Scan Root Regions 2.213ms
[2024-02-18T08:55:12.167+0000][7][gc,marking  ] GC(23) Concurrent Mark
[2024-02-18T08:55:12.167+0000][7][gc,marking  ] GC(23) Concurrent Mark From Roots
[2024-02-18T08:55:12.167+0000][7][gc,task     ] GC(23) Using 3 workers of 3 for marking
[2024-02-18T08:55:12.200+0000][7][gc,marking  ] GC(23) Concurrent Mark From Roots 32.864ms
[2024-02-18T08:55:12.200+0000][7][gc,marking  ] GC(23) Concurrent Preclean
[2024-02-18T08:55:12.201+0000][7][gc,marking  ] GC(23) Concurrent Preclean 0.470ms
[2024-02-18T08:55:12.201+0000][7][gc,start    ] GC(23) Pause Remark
[2024-02-18T08:55:12.211+0000][7][gc          ] GC(23) Pause Remark 132M->132M(512M) 9.908ms
[2024-02-18T08:55:12.211+0000][7][gc,cpu      ] GC(23) User=0.04s Sys=0.00s Real=0.01s
[2024-02-18T08:55:12.211+0000][7][safepoint   ] Safepoint "G1PauseRemark", Time since last: 35968391 ns, Reaching safepoint: 15540 ns, Cleanup: 9057 ns, At safepoint: 10434826 ns, Total: 10459423 ns
[2024-02-18T08:55:12.211+0000][7][gc,marking  ] GC(23) Concurrent Mark 44.467ms
[2024-02-18T08:55:12.212+0000][7][gc,marking  ] GC(23) Concurrent Rebuild Remembered Sets and Scrub Regions
[2024-02-18T08:55:12.224+0000][7][gc,marking  ] GC(23) Concurrent Rebuild Remembered Sets and Scrub Regions 11.975ms
[2024-02-18T08:55:12.224+0000][7][gc,start    ] GC(23) Pause Cleanup
[2024-02-18T08:55:12.224+0000][7][gc          ] GC(23) Pause Cleanup 132M->132M(512M) 0.272ms
[2024-02-18T08:55:12.224+0000][7][gc,cpu      ] GC(23) User=0.00s Sys=0.00s Real=0.00s
[2024-02-18T08:55:12.224+0000][7][safepoint   ] Safepoint "G1PauseCleanup", Time since last: 12546030 ns, Reaching safepoint: 13626 ns, Cleanup: 17784 ns, At safepoint: 554643 ns, Total: 586053 ns
[2024-02-18T08:55:12.225+0000][7][gc,marking  ] GC(23) Concurrent Clear Claimed Marks
[2024-02-18T08:55:12.225+0000][7][gc,marking  ] GC(23) Concurrent Clear Claimed Marks 0.396ms
[2024-02-18T08:55:12.225+0000][7][gc,marking  ] GC(23) Concurrent Cleanup for Next Mark
[2024-02-18T08:55:12.226+0000][7][gc,marking  ] GC(23) Concurrent Cleanup for Next Mark 0.844ms
[2024-02-18T08:55:12.226+0000][7][gc          ] GC(23) Concurrent Mark Cycle 61.601ms
[2024-02-18T08:55:15.225+0000][7][safepoint   ] Safepoint "Cleanup", Time since last: 3000372556 ns, Reaching safepoint: 19107 ns, Cleanup: 35768 ns, At safepoint: 2745 ns, Total: 57620 ns
[2024-02-18T08:55:16.225+0000][7][safepoint   ] Safepoint "Cleanup", Time since last: 1000349399 ns, Reaching safepoint: 16131 ns, Cleanup: 14518 ns, At safepoint: 3256 ns, Total: 33905 ns
[2024-02-18T08:55:17.226+0000][7][safepoint   ] Safepoint "Cleanup", Time since last: 1000376188 ns, Reaching safepoint: 18075 ns, Cleanup: 17253 ns, At safepoint: 3046 ns, Total: 38374 ns
[2024-02-18T08:55:21.226+0000][7][safepoint   ] Safepoint "Cleanup", Time since last: 4000573800 ns, Reaching safepoint: 20409 ns, Cleanup: 32352 ns, At safepoint: 3096 ns, Total: 55857 ns
[2024-02-18T08:55:23.227+0000][7][safepoint   ] Safepoint "Cleanup", Time since last: 2000411555 ns, Reaching safepoint: 32583 ns, Cleanup: 23404 ns, At safepoint: 4138 ns, Total: 60125 ns
[2024-02-18T08:55:24.228+0000][7][safepoint   ] Safepoint "Cleanup", Time since last: 1000986397 ns, Reaching safepoint: 16081 ns, Cleanup: 13455 ns, At safepoint: 3156 ns, Total: 32692 ns
[2024-02-18T08:55:25.228+0000][7][safepoint   ] Safepoint "Cleanup", Time since last: 1000403401 ns, Reaching safepoint: 18706 ns, Cleanup: 20379 ns, At safepoint: 2855 ns, Total: 41940 ns
[2024-02-18T08:55:27.229+0000][7][safepoint   ] Safepoint "Cleanup", Time since last: 2000482901 ns, Reaching safepoint: 18526 ns, Cleanup: 32031 ns, At safepoint: 3266 ns, Total: 53823 ns
[2024-02-18T08:55:28.229+0000][7][safepoint   ] Safepoint "Cleanup", Time since last: 1000386879 ns, Reaching safepoint: 16953 ns, Cleanup: 18205 ns, At safepoint: 3406 ns, Total: 38564 ns
[2024-02-18T08:55:29.230+0000][7][safepoint   ] Safepoint "Cleanup", Time since last: 1000363905 ns, Reaching safepoint: 17614 ns, Cleanup: 40498 ns, At safepoint: 3376 ns, Total: 61488 ns
[2024-02-18T08:55:30.230+0000][7][safepoint   ] Safepoint "Cleanup", Time since last: 1000323227 ns, Reaching safepoint: 16552 ns, Cleanup: 19076 ns, At safepoint: 2645 ns, Total: 38273 ns
[2024-02-18T08:55:32.231+0000][7][safepoint   ] Safepoint "Cleanup", Time since last: 2000431202 ns, Reaching safepoint: 15921 ns, Cleanup: 10800 ns, At safepoint: 2806 ns, Total: 29527 ns
[2024-02-18T08:55:33.231+0000][7][safepoint   ] Safepoint "Cleanup", Time since last: 1000369115 ns, Reaching safepoint: 17223 ns, Cleanup: 44786 ns, At safepoint: 2504 ns, Total: 64513 ns
[2024-02-18T08:55:34.231+0000][7][safepoint   ] Safepoint "Cleanup", Time since last: 1000299913 ns, Reaching safepoint: 17343 ns, Cleanup: 17303 ns, At safepoint: 2956 ns, Total: 37602 ns
[2024-02-18T08:55:35.232+0000][7][safepoint   ] Safepoint "Cleanup", Time since last: 1000343566 ns, Reaching safepoint: 17974 ns, Cleanup: 22103 ns, At safepoint: 2905 ns, Total: 42982 ns
[2024-02-18T08:55:36.232+0000][7][safepoint   ] Safepoint "Cleanup", Time since last: 1000365578 ns, Reaching safepoint: 18616 ns, Cleanup: 13356 ns, At safepoint: 3306 ns, Total: 35278 ns
[2024-02-18T08:55:37.233+0000][7][safepoint   ] Safepoint "Cleanup", Time since last: 1000597102 ns, Reaching safepoint: 61377 ns, Cleanup: 42512 ns, At safepoint: 12614 ns, Total: 116503 ns
[2024-02-18T08:55:38.233+0000][7][safepoint   ] Safepoint "Cleanup", Time since last: 1000484254 ns, Reaching safepoint: 27052 ns, Cleanup: 17464 ns, At safepoint: 3436 ns, Total: 47952 ns
[2024-02-18T08:55:39.234+0000][7][safepoint   ] Safepoint "Cleanup", Time since last: 1000486299 ns, Reaching safepoint: 121153 ns, Cleanup: 9318 ns, At safepoint: 16171 ns, Total: 146642 ns
[2024-02-18T08:55:40.234+0000][7][safepoint   ] Safepoint "Cleanup", Time since last: 1000262801 ns, Reaching safepoint: 22484 ns, Cleanup: 12323 ns, At safepoint: 19528 ns, Total: 54335 ns
[2024-02-18T08:55:42.235+0000][7][safepoint   ] Safepoint "Cleanup", Time since last: 2000586229 ns, Reaching safepoint: 49735 ns, Cleanup: 20349 ns, At safepoint: 17073 ns, Total: 87157 ns
[2024-02-18T08:55:45.051+0000][7][safepoint   ] Safepoint "Cleanup", Time since last: 2815459952 ns, Reaching safepoint: 17855 ns, Cleanup: 26881 ns, At safepoint: 2936 ns, Total: 47672 ns
[2024-02-18T08:55:46.051+0000][7][safepoint   ] Safepoint "Cleanup", Time since last: 1000328688 ns, Reaching safepoint: 20759 ns, Cleanup: 15700 ns, At safepoint: 3517 ns, Total: 39976 ns
[2024-02-18T08:55:47.051+0000][7][safepoint   ] Safepoint "Cleanup", Time since last: 1000410254 ns, Reaching safepoint: 17764 ns, Cleanup: 13465 ns, At safepoint: 2986 ns, Total: 34215 ns
[2024-02-18T08:55:48.052+0000][7][safepoint   ] Safepoint "Cleanup", Time since last: 1000370448 ns, Reaching safepoint: 18926 ns, Cleanup: 13706 ns, At safepoint: 3567 ns, Total: 36199 ns
[2024-02-18T08:55:51.052+0000][7][safepoint   ] Safepoint "Cleanup", Time since last: 3000510011 ns, Reaching safepoint: 17764 ns, Cleanup: 27262 ns, At safepoint: 3146 ns, Total: 48172 ns
[2024-02-18T08:55:54.053+0000][7][safepoint   ] Safepoint "Cleanup", Time since last: 3000479652 ns, Reaching safepoint: 16942 ns, Cleanup: 15159 ns, At safepoint: 2836 ns, Total: 34937 ns
[2024-02-18T08:55:57.053+0000][7][safepoint   ] Safepoint "Cleanup", Time since last: 3000525039 ns, Reaching safepoint: 17374 ns, Cleanup: 15249 ns, At safepoint: 21792 ns, Total: 54415 ns
[2024-02-18T08:55:58.054+0000][7][safepoint   ] Safepoint "Cleanup", Time since last: 1000252972 ns, Reaching safepoint: 20159 ns, Cleanup: 43964 ns, At safepoint: 3266 ns, Total: 67389 ns
[2024-02-18T08:56:00.054+0000][7][safepoint   ] Safepoint "Cleanup", Time since last: 2000586550 ns, Reaching safepoint: 21701 ns, Cleanup: 15750 ns, At safepoint: 3257 ns, Total: 40708 ns
[2024-02-18T08:56:01.055+0000][7][safepoint   ] Safepoint "Cleanup", Time since last: 1000396006 ns, Reaching safepoint: 16983 ns, Cleanup: 34055 ns, At safepoint: 2815 ns, Total: 53853 ns
[2024-02-18T08:56:02.055+0000][7][safepoint   ] Safepoint "Cleanup", Time since last: 1000455781 ns, Reaching safepoint: 23235 ns, Cleanup: 19156 ns, At safepoint: 3167 ns, Total: 45558 ns
[2024-02-18T08:56:03.056+0000][7][safepoint   ] Safepoint "Cleanup", Time since last: 1000414682 ns, Reaching safepoint: 15590 ns, Cleanup: 17333 ns, At safepoint: 2615 ns, Total: 35538 ns
[2024-02-18T08:56:04.056+0000][7][safepoint   ] Safepoint "Cleanup", Time since last: 1000353284 ns, Reaching safepoint: 31480 ns, Cleanup: 41299 ns, At safepoint: 5430 ns, Total: 78209 ns
[2024-02-18T08:56:06.057+0000][7][safepoint   ] Safepoint "Cleanup", Time since last: 2000493202 ns, Reaching safepoint: 27703 ns, Cleanup: 67740 ns, At safepoint: 4368 ns, Total: 99811 ns
[2024-02-18T08:56:07.057+0000][7][safepoint   ] Safepoint "Cleanup", Time since last: 1000459779 ns, Reaching safepoint: 19347 ns, Cleanup: 11011 ns, At safepoint: 3136 ns, Total: 33494 ns
[2024-02-18T08:56:09.058+0000][7][safepoint   ] Safepoint "Cleanup", Time since last: 2000479725 ns, Reaching safepoint: 13776 ns, Cleanup: 11071 ns, At safepoint: 2325 ns, Total: 27172 ns
[2024-02-18T08:56:10.058+0000][7][safepoint   ] Safepoint "Cleanup", Time since last: 1000315882 ns, Reaching safepoint: 15710 ns, Cleanup: 15540 ns, At safepoint: 13355 ns, Total: 44605 ns
[2024-02-18T08:56:11.058+0000][7][safepoint   ] Safepoint "Cleanup", Time since last: 1000251210 ns, Reaching safepoint: 19327 ns, Cleanup: 12604 ns, At safepoint: 2936 ns, Total: 34867 ns
[2024-02-18T08:56:12.059+0000][7][safepoint   ] Safepoint "Cleanup", Time since last: 1000381539 ns, Reaching safepoint: 30308 ns, Cleanup: 16091 ns, At safepoint: 6031 ns, Total: 52430 ns
[2024-02-18T08:56:15.059+0000][7][safepoint   ] Safepoint "Cleanup", Time since last: 3000515733 ns, Reaching safepoint: 16782 ns, Cleanup: 14778 ns, At safepoint: 3216 ns, Total: 34776 ns
[2024-02-18T08:56:16.060+0000][7][safepoint   ] Safepoint "Cleanup", Time since last: 1000353595 ns, Reaching safepoint: 17834 ns, Cleanup: 16372 ns, At safepoint: 3046 ns, Total: 37252 ns
[2024-02-18T08:56:18.060+0000][7][safepoint   ] Safepoint "Cleanup", Time since last: 2000474064 ns, Reaching safepoint: 16952 ns, Cleanup: 25619 ns, At safepoint: 3026 ns, Total: 45597 ns
[2024-02-18T08:56:19.061+0000][7][safepoint   ] Safepoint "Cleanup", Time since last: 1000390676 ns, Reaching safepoint: 35197 ns, Cleanup: 38193 ns, At safepoint: 4459 ns, Total: 77849 ns
[2024-02-18T08:56:20.061+0000][7][safepoint   ] Safepoint "Cleanup", Time since last: 1000589668 ns, Reaching safepoint: 19176 ns, Cleanup: 22373 ns, At safepoint: 3517 ns, Total: 45066 ns
[2024-02-18T08:56:21.062+0000][7][safepoint   ] Safepoint "Cleanup", Time since last: 1000347813 ns, Reaching safepoint: 13406 ns, Cleanup: 29877 ns, At safepoint: 3066 ns, Total: 46349 ns
[2024-02-18T08:56:22.062+0000][7][safepoint   ] Safepoint "Cleanup", Time since last: 1000250709 ns, Reaching safepoint: 18125 ns, Cleanup: 17073 ns, At safepoint: 2635 ns, Total: 37833 ns
[2024-02-18T08:56:24.062+0000][7][safepoint   ] Safepoint "Cleanup", Time since last: 2000490404 ns, Reaching safepoint: 15630 ns, Cleanup: 32021 ns, At safepoint: 2555 ns, Total: 50206 ns
[2024-02-18T08:56:25.063+0000][7][safepoint   ] Safepoint "Cleanup", Time since last: 1000324760 ns, Reaching safepoint: 17534 ns, Cleanup: 21080 ns, At safepoint: 2755 ns, Total: 41369 ns
[2024-02-18T08:56:27.063+0000][7][safepoint   ] Safepoint "Cleanup", Time since last: 2000438316 ns, Reaching safepoint: 18285 ns, Cleanup: 29466 ns, At safepoint: 2696 ns, Total: 50447 ns
[2024-02-18T08:56:27.767+0000][7][gc,start    ] GC(24) Pause Young (Prepare Mixed) (G1 Evacuation Pause)
[2024-02-18T08:56:27.767+0000][7][gc,task     ] GC(24) Using 12 workers of 13 for evacuation
[2024-02-18T08:56:27.767+0000][7][gc,age      ] GC(24) Desired survivor size 20971520 bytes, new threshold 15 (max threshold 15)
[2024-02-18T08:56:27.777+0000][7][gc,phases   ] GC(24)   Pre Evacuate Collection Set: 0.2ms
[2024-02-18T08:56:27.777+0000][7][gc,phases   ] GC(24)   Merge Heap Roots: 0.1ms
[2024-02-18T08:56:27.777+0000][7][gc,phases   ] GC(24)   Evacuate Collection Set: 8.5ms
[2024-02-18T08:56:27.777+0000][7][gc,phases   ] GC(24)   Post Evacuate Collection Set: 0.8ms
[2024-02-18T08:56:27.777+0000][7][gc,phases   ] GC(24)   Other: 0.3ms
[2024-02-18T08:56:27.778+0000][7][gc,age      ] GC(24) Age table with threshold 15 (max threshold 15)
[2024-02-18T08:56:27.778+0000][7][gc,age      ] GC(24) - age   1:    1387224 bytes,    1387224 total
[2024-02-18T08:56:27.778+0000][7][gc,age      ] GC(24) - age   2:     903784 bytes,    2291008 total
[2024-02-18T08:56:27.778+0000][7][gc,age      ] GC(24) - age   3:    6259904 bytes,    8550912 total
[2024-02-18T08:56:27.778+0000][7][gc,age      ] GC(24) - age   4:    6090112 bytes,   14641024 total
[2024-02-18T08:56:27.778+0000][7][gc,heap     ] GC(24) Eden regions: 72->0(72)
[2024-02-18T08:56:27.778+0000][7][gc,heap     ] GC(24) Survivor regions: 4->4(10)
[2024-02-18T08:56:27.778+0000][7][gc,heap     ] GC(24) Old regions: 27->27
[2024-02-18T08:56:27.778+0000][7][gc,heap     ] GC(24) Humongous regions: 2->2
[2024-02-18T08:56:27.779+0000][7][gc,metaspace] GC(24) Metaspace: 117663K(120768K)->117663K(120768K) NonClass: 101745K(103360K)->101745K(103360K) Class: 15918K(17408K)->15918K(17408K)
[2024-02-18T08:56:27.779+0000][7][gc          ] GC(24) Pause Young (Prepare Mixed) (G1 Evacuation Pause) 419M->132M(512M) 11.780ms
[2024-02-18T08:56:27.779+0000][7][gc,cpu      ] GC(24) User=0.04s Sys=0.01s Real=0.01s
[2024-02-18T08:56:27.779+0000][7][safepoint   ] Safepoint "G1CollectForAllocation", Time since last: 703485621 ns, Reaching safepoint: 15500 ns, Cleanup: 8827 ns, At safepoint: 12081439 ns, Total: 12105766 ns
[2024-02-18T08:56:28.779+0000][7][safepoint   ] Safepoint "Cleanup", Time since last: 1000234037 ns, Reaching safepoint: 18655 ns, Cleanup: 16031 ns, At safepoint: 3156 ns, Total: 37842 ns
[2024-02-18T08:56:29.780+0000][7][safepoint   ] Safepoint "Cleanup", Time since last: 1000409893 ns, Reaching safepoint: 19548 ns, Cleanup: 19888 ns, At safepoint: 2986 ns, Total: 42422 ns
[2024-02-18T08:56:30.780+0000][7][safepoint   ] Safepoint "Cleanup", Time since last: 1000435682 ns, Reaching safepoint: 18415 ns, Cleanup: 31821 ns, At safepoint: 2705 ns, Total: 52941 ns
[2024-02-18T08:56:31.781+0000][7][safepoint   ] Safepoint "Cleanup", Time since last: 1000347935 ns, Reaching safepoint: 18626 ns, Cleanup: 19276 ns, At safepoint: 2916 ns, Total: 40818 ns
[2024-02-18T08:56:32.781+0000][7][safepoint   ] Safepoint "Cleanup", Time since last: 1000398601 ns, Reaching safepoint: 19207 ns, Cleanup: 20690 ns, At safepoint: 3877 ns, Total: 43774 ns
[2024-02-18T08:56:33.781+0000][7][safepoint   ] Safepoint "Cleanup", Time since last: 1000359737 ns, Reaching safepoint: 18366 ns, Cleanup: 32592 ns, At safepoint: 2885 ns, Total: 53843 ns
[2024-02-18T08:56:34.782+0000][7][safepoint   ] Safepoint "Cleanup", Time since last: 1000432948 ns, Reaching safepoint: 18655 ns, Cleanup: 23616 ns, At safepoint: 2755 ns, Total: 45026 ns
[2024-02-18T08:56:35.782+0000][7][safepoint   ] Safepoint "Cleanup", Time since last: 1000367502 ns, Reaching safepoint: 18716 ns, Cleanup: 14598 ns, At safepoint: 2895 ns, Total: 36209 ns
[2024-02-18T08:56:36.783+0000][7][safepoint   ] Safepoint "Cleanup", Time since last: 1000409082 ns, Reaching safepoint: 17102 ns, Cleanup: 17344 ns, At safepoint: 2945 ns, Total: 37391 ns
[2024-02-18T08:56:39.784+0000][7][safepoint   ] Safepoint "Cleanup", Time since last: 3000867145 ns, Reaching safepoint: 32963 ns, Cleanup: 56599 ns, At safepoint: 4138 ns, Total: 93700 ns
[2024-02-18T08:56:42.784+0000][7][safepoint   ] Safepoint "Cleanup", Time since last: 3000730703 ns, Reaching safepoint: 39025 ns, Cleanup: 24256 ns, At safepoint: 5251 ns, Total: 68532 ns
[2024-02-18T08:56:45.072+0000][7][safepoint   ] Safepoint "Cleanup", Time since last: 2287904201 ns, Reaching safepoint: 31190 ns, Cleanup: 25939 ns, At safepoint: 4088 ns, Total: 61217 ns
[2024-02-18T08:56:46.073+0000][7][safepoint   ] Safepoint "Cleanup", Time since last: 1000415945 ns, Reaching safepoint: 29777 ns, Cleanup: 41940 ns, At safepoint: 4288 ns, Total: 76005 ns
[2024-02-18T08:56:48.074+0000][7][safepoint   ] Safepoint "Cleanup", Time since last: 2000545491 ns, Reaching safepoint: 19097 ns, Cleanup: 22663 ns, At safepoint: 2996 ns, Total: 44756 ns
[2024-02-18T08:56:51.074+0000][7][safepoint   ] Safepoint "Cleanup", Time since last: 3000684384 ns, Reaching safepoint: 18295 ns, Cleanup: 13806 ns, At safepoint: 3056 ns, Total: 35157 ns
[2024-02-18T08:56:52.075+0000][7][safepoint   ] Safepoint "Cleanup", Time since last: 1000331164 ns, Reaching safepoint: 19337 ns, Cleanup: 15640 ns, At safepoint: 3486 ns, Total: 38463 ns
[2024-02-18T08:56:57.075+0000][7][safepoint   ] Safepoint "Cleanup", Time since last: 5000752911 ns, Reaching safepoint: 25619 ns, Cleanup: 33234 ns, At safepoint: 4579 ns, Total: 63432 ns
[2024-02-18T08:56:58.076+0000][7][safepoint   ] Safepoint "Cleanup", Time since last: 1000310413 ns, Reaching safepoint: 17324 ns, Cleanup: 18776 ns, At safepoint: 2855 ns, Total: 38955 ns
[2024-02-18T08:57:00.076+0000][7][safepoint   ] Safepoint "Cleanup", Time since last: 2000515974 ns, Reaching safepoint: 30288 ns, Cleanup: 19327 ns, At safepoint: 2966 ns, Total: 52581 ns
[2024-02-18T08:57:01.077+0000][7][safepoint   ] Safepoint "Cleanup", Time since last: 1000359146 ns, Reaching safepoint: 17273 ns, Cleanup: 11131 ns, At safepoint: 3246 ns, Total: 31650 ns
[2024-02-18T08:57:02.077+0000][7][safepoint   ] Safepoint "Cleanup", Time since last: 1000366721 ns, Reaching safepoint: 17874 ns, Cleanup: 17984 ns, At safepoint: 3347 ns, Total: 39205 ns
[2024-02-18T08:57:03.078+0000][7][safepoint   ] Safepoint "Cleanup", Time since last: 1000372491 ns, Reaching safepoint: 16552 ns, Cleanup: 50306 ns, At safepoint: 3677 ns, Total: 70535 ns
[2024-02-18T08:57:04.078+0000][7][safepoint   ] Safepoint "Cleanup", Time since last: 1000321895 ns, Reaching safepoint: 13045 ns, Cleanup: 15159 ns, At safepoint: 2104 ns, Total: 30308 ns
[2024-02-18T08:57:05.078+0000][7][safepoint   ] Safepoint "Cleanup", Time since last: 1000243304 ns, Reaching safepoint: 32873 ns, Cleanup: 15961 ns, At safepoint: 2655 ns, Total: 51489 ns
[2024-02-18T08:57:06.079+0000][7][safepoint   ] Safepoint "Cleanup", Time since last: 1000363754 ns, Reaching safepoint: 17143 ns, Cleanup: 41379 ns, At safepoint: 3287 ns, Total: 61809 ns
[2024-02-18T08:57:07.079+0000][7][safepoint   ] Safepoint "Cleanup", Time since last: 1000376840 ns, Reaching safepoint: 17784 ns, Cleanup: 18996 ns, At safepoint: 3336 ns, Total: 40116 ns
[2024-02-18T08:57:08.079+0000][7][safepoint   ] Safepoint "Cleanup", Time since last: 1000360990 ns, Reaching safepoint: 17533 ns, Cleanup: 22784 ns, At safepoint: 3647 ns, Total: 43964 ns
[2024-02-18T08:57:09.080+0000][7][safepoint   ] Safepoint "Cleanup", Time since last: 1000391227 ns, Reaching safepoint: 17353 ns, Cleanup: 29677 ns, At safepoint: 3176 ns, Total: 50206 ns
[2024-02-18T08:57:10.080+0000][7][safepoint   ] Safepoint "Cleanup", Time since last: 1000426265 ns, Reaching safepoint: 35959 ns, Cleanup: 17363 ns, At safepoint: 3176 ns, Total: 56498 ns
[2024-02-18T08:57:15.081+0000][7][safepoint   ] Safepoint "Cleanup", Time since last: 5000836066 ns, Reaching safepoint: 32452 ns, Cleanup: 11623 ns, At safepoint: 3316 ns, Total: 47391 ns
[2024-02-18T08:57:16.082+0000][7][safepoint   ] Safepoint "Cleanup", Time since last: 1000604987 ns, Reaching safepoint: 19978 ns, Cleanup: 16522 ns, At safepoint: 3587 ns, Total: 40087 ns
[2024-02-18T08:57:17.083+0000][7][safepoint   ] Safepoint "Cleanup", Time since last: 1000577418 ns, Reaching safepoint: 18806 ns, Cleanup: 14177 ns, At safepoint: 3987 ns, Total: 36970 ns
[2024-02-18T08:57:21.083+0000][7][safepoint   ] Safepoint "Cleanup", Time since last: 4000770023 ns, Reaching safepoint: 17574 ns, Cleanup: 20539 ns, At safepoint: 2836 ns, Total: 40949 ns
[2024-02-18T08:57:22.084+0000][7][safepoint   ] Safepoint "Cleanup", Time since last: 1000332665 ns, Reaching safepoint: 17113 ns, Cleanup: 16261 ns, At safepoint: 3216 ns, Total: 36590 ns
[2024-02-18T08:57:24.084+0000][7][safepoint   ] Safepoint "Cleanup", Time since last: 2000476568 ns, Reaching safepoint: 19056 ns, Cleanup: 13546 ns, At safepoint: 3357 ns, Total: 35959 ns
[2024-02-18T08:57:27.085+0000][7][safepoint   ] Safepoint "Cleanup", Time since last: 3000847888 ns, Reaching safepoint: 19216 ns, Cleanup: 17304 ns, At safepoint: 3396 ns, Total: 39916 ns
[2024-02-18T08:57:28.086+0000][7][safepoint   ] Safepoint "Cleanup", Time since last: 1000378844 ns, Reaching safepoint: 26911 ns, Cleanup: 52942 ns, At safepoint: 4398 ns, Total: 84251 ns
[2024-02-18T08:57:30.819+0000][7][safepoint   ] Safepoint "Cleanup", Time since last: 2733082174 ns, Reaching safepoint: 15079 ns, Cleanup: 13366 ns, At safepoint: 2905 ns, Total: 31350 ns
[2024-02-18T08:57:32.819+0000][7][safepoint   ] Safepoint "Cleanup", Time since last: 2000327779 ns, Reaching safepoint: 99065 ns, Cleanup: 9498 ns, At safepoint: 33424 ns, Total: 141987 ns
[2024-02-18T08:57:33.820+0000][7][safepoint   ] Safepoint "Cleanup", Time since last: 1000363705 ns, Reaching safepoint: 19146 ns, Cleanup: 42051 ns, At safepoint: 3557 ns, Total: 64754 ns
[2024-02-18T08:57:34.820+0000][7][safepoint   ] Safepoint "Cleanup", Time since last: 1000356230 ns, Reaching safepoint: 16502 ns, Cleanup: 8015 ns, At safepoint: 2906 ns, Total: 27423 ns
[2024-02-18T08:57:35.820+0000][7][safepoint   ] Safepoint "Cleanup", Time since last: 1000358083 ns, Reaching safepoint: 16642 ns, Cleanup: 7645 ns, At safepoint: 12083 ns, Total: 36370 ns
[2024-02-18T08:57:36.821+0000][7][safepoint   ] Safepoint "Cleanup", Time since last: 1000366996 ns, Reaching safepoint: 18696 ns, Cleanup: 15289 ns, At safepoint: 3627 ns, Total: 37612 ns
[2024-02-18T08:57:38.821+0000][7][safepoint   ] Safepoint "Cleanup", Time since last: 2000457127 ns, Reaching safepoint: 16822 ns, Cleanup: 8616 ns, At safepoint: 2866 ns, Total: 28304 ns
[2024-02-18T08:57:39.822+0000][7][safepoint   ] Safepoint "Cleanup", Time since last: 1000313619 ns, Reaching safepoint: 18645 ns, Cleanup: 20540 ns, At safepoint: 3196 ns, Total: 42381 ns
[2024-02-18T08:57:40.822+0000][7][safepoint   ] Safepoint "Cleanup", Time since last: 1000346111 ns, Reaching safepoint: 19166 ns, Cleanup: 18496 ns, At safepoint: 3456 ns, Total: 41118 ns
[2024-02-18T08:57:45.094+0000][7][safepoint   ] Safepoint "Cleanup", Time since last: 4271564262 ns, Reaching safepoint: 18425 ns, Cleanup: 13486 ns, At safepoint: 3597 ns, Total: 35508 ns
[2024-02-18T08:57:46.094+0000][7][safepoint   ] Safepoint "Cleanup", Time since last: 1000383192 ns, Reaching safepoint: 16792 ns, Cleanup: 11772 ns, At safepoint: 3136 ns, Total: 31700 ns
[2024-02-18T08:57:47.094+0000][7][safepoint   ] Safepoint "Cleanup", Time since last: 1000348346 ns, Reaching safepoint: 17172 ns, Cleanup: 11973 ns, At safepoint: 3086 ns, Total: 32231 ns
[2024-02-18T08:57:48.095+0000][7][safepoint   ] Safepoint "Cleanup", Time since last: 1000346001 ns, Reaching safepoint: 19317 ns, Cleanup: 18696 ns, At safepoint: 3126 ns, Total: 41139 ns
[2024-02-18T08:57:49.095+0000][7][safepoint   ] Safepoint "Cleanup", Time since last: 1000388943 ns, Reaching safepoint: 17744 ns, Cleanup: 12053 ns, At safepoint: 2996 ns, Total: 32793 ns
[2024-02-18T08:57:50.817+0000][7][gc,start    ] GC(25) Pause Young (Mixed) (G1 Evacuation Pause)
[2024-02-18T08:57:50.818+0000][7][gc,task     ] GC(25) Using 12 workers of 13 for evacuation
[2024-02-18T08:57:50.818+0000][7][gc,age      ] GC(25) Desired survivor size 20971520 bytes, new threshold 15 (max threshold 15)
[2024-02-18T08:57:50.831+0000][7][gc,phases   ] GC(25)   Pre Evacuate Collection Set: 0.2ms
[2024-02-18T08:57:50.831+0000][7][gc,phases   ] GC(25)   Merge Heap Roots: 0.1ms
[2024-02-18T08:57:50.831+0000][7][gc,phases   ] GC(25)   Evacuate Collection Set: 11.8ms
[2024-02-18T08:57:50.832+0000][7][gc,phases   ] GC(25)   Post Evacuate Collection Set: 0.9ms
[2024-02-18T08:57:50.832+0000][7][gc,phases   ] GC(25)   Other: 0.3ms
[2024-02-18T08:57:50.832+0000][7][gc,age      ] GC(25) Age table with threshold 15 (max threshold 15)
[2024-02-18T08:57:50.832+0000][7][gc,age      ] GC(25) - age   1:    1431728 bytes,    1431728 total
[2024-02-18T08:57:50.832+0000][7][gc,age      ] GC(25) - age   2:     213400 bytes,    1645128 total
[2024-02-18T08:57:50.832+0000][7][gc,age      ] GC(25) - age   3:     901272 bytes,    2546400 total
[2024-02-18T08:57:50.832+0000][7][gc,age      ] GC(25) - age   4:    6148072 bytes,    8694472 total
[2024-02-18T08:57:50.832+0000][7][gc,age      ] GC(25) - age   5:    6089920 bytes,   14784392 total
[2024-02-18T08:57:50.832+0000][7][gc,heap     ] GC(25) Eden regions: 72->0(72)
[2024-02-18T08:57:50.832+0000][7][gc,heap     ] GC(25) Survivor regions: 4->4(10)
[2024-02-18T08:57:50.832+0000][7][gc,heap     ] GC(25) Old regions: 27->27
[2024-02-18T08:57:50.832+0000][7][gc,heap     ] GC(25) Humongous regions: 2->2
[2024-02-18T08:57:50.833+0000][7][gc,metaspace] GC(25) Metaspace: 118167K(121280K)->118167K(121280K) NonClass: 102244K(103872K)->102244K(103872K) Class: 15923K(17408K)->15923K(17408K)
[2024-02-18T08:57:50.833+0000][7][gc          ] GC(25) Pause Young (Mixed) (G1 Evacuation Pause) 420M->131M(512M) 15.201ms
[2024-02-18T08:57:50.833+0000][7][gc,cpu      ] GC(25) User=0.06s Sys=0.01s Real=0.01s
[2024-02-18T08:57:50.833+0000][7][safepoint   ] Safepoint "G1CollectForAllocation", Time since last: 1722096779 ns, Reaching safepoint: 14478 ns, Cleanup: 2826 ns, At safepoint: 15463908 ns, Total: 15481212 ns
[2024-02-18T08:57:51.833+0000][7][safepoint   ] Safepoint "Cleanup", Time since last: 1000230886 ns, Reaching safepoint: 32011 ns, Cleanup: 31050 ns, At safepoint: 4108 ns, Total: 67169 ns
[2024-02-18T08:57:53.834+0000][7][safepoint   ] Safepoint "Cleanup", Time since last: 2000574576 ns, Reaching safepoint: 26952 ns, Cleanup: 16742 ns, At safepoint: 3907 ns, Total: 47601 ns
[2024-02-18T08:57:56.835+0000][7][safepoint   ] Safepoint "Cleanup", Time since last: 3000609782 ns, Reaching safepoint: 94281 ns, Cleanup: 25959 ns, At safepoint: 14969 ns, Total: 135209 ns
[2024-02-18T08:57:57.835+0000][7][safepoint   ] Safepoint "Cleanup", Time since last: 1000302187 ns, Reaching safepoint: 17293 ns, Cleanup: 46299 ns, At safepoint: 3356 ns, Total: 66948 ns
[2024-02-18T08:58:00.836+0000][7][safepoint   ] Safepoint "Cleanup", Time since last: 3000854220 ns, Reaching safepoint: 14047 ns, Cleanup: 14728 ns, At safepoint: 2385 ns, Total: 31160 ns
[2024-02-18T08:58:01.836+0000][7][safepoint   ] Safepoint "Cleanup", Time since last: 1000320862 ns, Reaching safepoint: 19307 ns, Cleanup: 20760 ns, At safepoint: 3016 ns, Total: 43083 ns
[2024-02-18T08:58:02.837+0000][7][safepoint   ] Safepoint "Cleanup", Time since last: 1000346091 ns, Reaching safepoint: 12544 ns, Cleanup: 19637 ns, At safepoint: 2185 ns, Total: 34366 ns
[2024-02-18T08:58:03.837+0000][7][safepoint   ] Safepoint "Cleanup", Time since last: 1000222103 ns, Reaching safepoint: 16962 ns, Cleanup: 17374 ns, At safepoint: 2955 ns, Total: 37291 ns
[2024-02-18T08:58:04.837+0000][7][safepoint   ] Safepoint "Cleanup", Time since last: 1000450161 ns, Reaching safepoint: 15339 ns, Cleanup: 8065 ns, At safepoint: 3327 ns, Total: 26731 ns
[2024-02-18T08:58:05.838+0000][7][safepoint   ] Safepoint "Cleanup", Time since last: 1000277614 ns, Reaching safepoint: 17223 ns, Cleanup: 57901 ns, At safepoint: 3366 ns, Total: 78490 ns
[2024-02-18T08:58:05.929+0000][7][safepoint   ] Safepoint "ICBufferFull", Time since last: 91566303 ns, Reaching safepoint: 12665 ns, Cleanup: 140198 ns, At safepoint: 18085 ns, Total: 170948 ns
[2024-02-18T08:58:06.930+0000][7][safepoint   ] Safepoint "Cleanup", Time since last: 1000385566 ns, Reaching safepoint: 15260 ns, Cleanup: 141521 ns, At safepoint: 3677 ns, Total: 160458 ns
[2024-02-18T08:58:07.930+0000][7][safepoint   ] Safepoint "Cleanup", Time since last: 1000258333 ns, Reaching safepoint: 13996 ns, Cleanup: 55577 ns, At safepoint: 2735 ns, Total: 72308 ns
[2024-02-18T08:58:08.931+0000][7][safepoint   ] Safepoint "Cleanup", Time since last: 1000316139 ns, Reaching safepoint: 15299 ns, Cleanup: 16832 ns, At safepoint: 2355 ns, Total: 34486 ns
[2024-02-18T08:58:09.931+0000][7][safepoint   ] Safepoint "Cleanup", Time since last: 1000249290 ns, Reaching safepoint: 93890 ns, Cleanup: 21050 ns, At safepoint: 14278 ns, Total: 129218 ns
[2024-02-18T08:58:10.931+0000][7][safepoint   ] Safepoint "Cleanup", Time since last: 1000263496 ns, Reaching safepoint: 17073 ns, Cleanup: 30739 ns, At safepoint: 2855 ns, Total: 50667 ns
[2024-02-18T08:58:13.932+0000][7][safepoint   ] Safepoint "Cleanup", Time since last: 3000500780 ns, Reaching safepoint: 17633 ns, Cleanup: 18245 ns, At safepoint: 3357 ns, Total: 39235 ns
[2024-02-18T08:58:14.932+0000][7][safepoint   ] Safepoint "Cleanup", Time since last: 1000386478 ns, Reaching safepoint: 25519 ns, Cleanup: 35848 ns, At safepoint: 3768 ns, Total: 65135 ns
[2024-02-18T08:58:15.933+0000][7][safepoint   ] Safepoint "Cleanup", Time since last: 1000491043 ns, Reaching safepoint: 26852 ns, Cleanup: 15810 ns, At safepoint: 3156 ns, Total: 45818 ns
[2024-02-18T08:58:16.933+0000][7][safepoint   ] Safepoint "Cleanup", Time since last: 1000432767 ns, Reaching safepoint: 17283 ns, Cleanup: 13416 ns, At safepoint: 3015 ns, Total: 33714 ns
[2024-02-18T08:58:17.934+0000][7][safepoint   ] Safepoint "Cleanup", Time since last: 1000422984 ns, Reaching safepoint: 16271 ns, Cleanup: 9839 ns, At safepoint: 3035 ns, Total: 29145 ns
[2024-02-18T08:58:18.934+0000][7][safepoint   ] Safepoint "Cleanup", Time since last: 1000266278 ns, Reaching safepoint: 17905 ns, Cleanup: 13786 ns, At safepoint: 3106 ns, Total: 34797 ns
[2024-02-18T08:58:19.935+0000][7][safepoint   ] Safepoint "Cleanup", Time since last: 1000443357 ns, Reaching safepoint: 17223 ns, Cleanup: 13727 ns, At safepoint: 3216 ns, Total: 34166 ns
[2024-02-18T08:58:21.935+0000][7][safepoint   ] Safepoint "Cleanup", Time since last: 2000473673 ns, Reaching safepoint: 18155 ns, Cleanup: 18195 ns, At safepoint: 3126 ns, Total: 39476 ns
[2024-02-18T08:58:23.936+0000][7][safepoint   ] Safepoint "Cleanup", Time since last: 2000636148 ns, Reaching safepoint: 16872 ns, Cleanup: 12174 ns, At safepoint: 12323 ns, Total: 41369 ns
[2024-02-18T08:58:24.936+0000][7][safepoint   ] Safepoint "Cleanup", Time since last: 1000236181 ns, Reaching safepoint: 17323 ns, Cleanup: 23395 ns, At safepoint: 3186 ns, Total: 43904 ns
[2024-02-18T08:58:26.936+0000][7][safepoint   ] Safepoint "Cleanup", Time since last: 2000413487 ns, Reaching safepoint: 23626 ns, Cleanup: 15319 ns, At safepoint: 3206 ns, Total: 42151 ns
[2024-02-18T08:58:27.937+0000][7][safepoint   ] Safepoint "Cleanup", Time since last: 1000372201 ns, Reaching safepoint: 16502 ns, Cleanup: 14467 ns, At safepoint: 2455 ns, Total: 33424 ns
[2024-02-18T08:58:29.937+0000][7][safepoint   ] Safepoint "Cleanup", Time since last: 2000413608 ns, Reaching safepoint: 19057 ns, Cleanup: 14387 ns, At safepoint: 2926 ns, Total: 36370 ns
[2024-02-18T08:58:30.937+0000][7][safepoint   ] Safepoint "Cleanup", Time since last: 1000210301 ns, Reaching safepoint: 17233 ns, Cleanup: 28264 ns, At safepoint: 3116 ns, Total: 48613 ns
[2024-02-18T08:58:32.938+0000][7][safepoint   ] Safepoint "Cleanup", Time since last: 2000436888 ns, Reaching safepoint: 29446 ns, Cleanup: 8396 ns, At safepoint: 2395 ns, Total: 40237 ns
[2024-02-18T08:58:33.938+0000][7][safepoint   ] Safepoint "Cleanup", Time since last: 1000258924 ns, Reaching safepoint: 89972 ns, Cleanup: 26812 ns, At safepoint: 12283 ns, Total: 129067 ns
[2024-02-18T08:58:34.939+0000][7][safepoint   ] Safepoint "Cleanup", Time since last: 1000253013 ns, Reaching safepoint: 18335 ns, Cleanup: 14448 ns, At safepoint: 3266 ns, Total: 36049 ns
[2024-02-18T08:58:35.939+0000][7][safepoint   ] Safepoint "Cleanup", Time since last: 1000402970 ns, Reaching safepoint: 17032 ns, Cleanup: 11102 ns, At safepoint: 2835 ns, Total: 30969 ns
[2024-02-18T08:58:36.238+0000][7][gc,start    ] GC(26) Pause Young (Concurrent Start) (G1 Evacuation Pause)
[2024-02-18T08:58:36.238+0000][7][gc,task     ] GC(26) Using 12 workers of 13 for evacuation
[2024-02-18T08:58:36.238+0000][7][gc,age      ] GC(26) Desired survivor size 20971520 bytes, new threshold 15 (max threshold 15)
[2024-02-18T08:58:36.251+0000][7][gc,phases   ] GC(26)   Pre Evacuate Collection Set: 0.2ms
[2024-02-18T08:58:36.252+0000][7][gc,phases   ] GC(26)   Merge Heap Roots: 0.1ms
[2024-02-18T08:58:36.252+0000][7][gc,phases   ] GC(26)   Evacuate Collection Set: 11.7ms
[2024-02-18T08:58:36.252+0000][7][gc,phases   ] GC(26)   Post Evacuate Collection Set: 0.9ms
[2024-02-18T08:58:36.252+0000][7][gc,phases   ] GC(26)   Other: 0.3ms
[2024-02-18T08:58:36.252+0000][7][gc,age      ] GC(26) Age table with threshold 15 (max threshold 15)
[2024-02-18T08:58:36.252+0000][7][gc,age      ] GC(26) - age   1:    2678456 bytes,    2678456 total
[2024-02-18T08:58:36.252+0000][7][gc,age      ] GC(26) - age   2:     104488 bytes,    2782944 total
[2024-02-18T08:58:36.252+0000][7][gc,age      ] GC(26) - age   3:      94640 bytes,    2877584 total
[2024-02-18T08:58:36.253+0000][7][gc,age      ] GC(26) - age   4:     257920 bytes,    3135504 total
[2024-02-18T08:58:36.253+0000][7][gc,age      ] GC(26) - age   5:    5964328 bytes,    9099832 total
[2024-02-18T08:58:36.253+0000][7][gc,age      ] GC(26) - age   6:    6031000 bytes,   15130832 total
[2024-02-18T08:58:36.253+0000][7][gc,heap     ] GC(26) Eden regions: 72->0(71)
[2024-02-18T08:58:36.253+0000][7][gc,heap     ] GC(26) Survivor regions: 4->5(10)
[2024-02-18T08:58:36.253+0000][7][gc,heap     ] GC(26) Old regions: 27->27
[2024-02-18T08:58:36.253+0000][7][gc,heap     ] GC(26) Humongous regions: 2->2
[2024-02-18T08:58:36.253+0000][7][gc,metaspace] GC(26) Metaspace: 120048K(123200K)->120048K(123200K) NonClass: 103878K(105600K)->103878K(105600K) Class: 16170K(17600K)->16170K(17600K)
[2024-02-18T08:58:36.253+0000][7][gc          ] GC(26) Pause Young (Concurrent Start) (G1 Evacuation Pause) 419M->131M(512M) 15.279ms
[2024-02-18T08:58:36.253+0000][7][gc          ] GC(27) Concurrent Mark Cycle
[2024-02-18T08:58:36.254+0000][7][gc,marking  ] GC(27) Concurrent Scan Root Regions
[2024-02-18T08:58:36.253+0000][7][gc,cpu      ] GC(26) User=0.06s Sys=0.01s Real=0.01s
[2024-02-18T08:58:36.254+0000][7][safepoint   ] Safepoint "G1CollectForAllocation", Time since last: 298943389 ns, Reaching safepoint: 14678 ns, Cleanup: 14868 ns, At safepoint: 15801505 ns, Total: 15831051 ns
[2024-02-18T08:58:36.256+0000][7][gc,marking  ] GC(27) Concurrent Scan Root Regions 2.349ms
[2024-02-18T08:58:36.256+0000][7][gc,marking  ] GC(27) Concurrent Mark
[2024-02-18T08:58:36.256+0000][7][gc,marking  ] GC(27) Concurrent Mark From Roots
[2024-02-18T08:58:36.256+0000][7][gc,task     ] GC(27) Using 3 workers of 3 for marking
[2024-02-18T08:58:36.289+0000][7][gc,marking  ] GC(27) Concurrent Mark From Roots 32.801ms
[2024-02-18T08:58:36.289+0000][7][gc,marking  ] GC(27) Concurrent Preclean
[2024-02-18T08:58:36.290+0000][7][gc,marking  ] GC(27) Concurrent Preclean 0.422ms
[2024-02-18T08:58:36.290+0000][7][gc,start    ] GC(27) Pause Remark
[2024-02-18T08:58:36.314+0000][7][gc          ] GC(27) Pause Remark 132M->132M(512M) 24.229ms
[2024-02-18T08:58:36.314+0000][7][gc,cpu      ] GC(27) User=0.06s Sys=0.00s Real=0.02s
[2024-02-18T08:58:36.315+0000][7][safepoint   ] Safepoint "G1PauseRemark", Time since last: 36004790 ns, Reaching safepoint: 16241 ns, Cleanup: 3377 ns, At safepoint: 24675736 ns, Total: 24695354 ns
[2024-02-18T08:58:36.315+0000][7][gc,marking  ] GC(27) Concurrent Mark 58.563ms
[2024-02-18T08:58:36.315+0000][7][gc,marking  ] GC(27) Concurrent Rebuild Remembered Sets and Scrub Regions
[2024-02-18T08:58:36.327+0000][7][gc,marking  ] GC(27) Concurrent Rebuild Remembered Sets and Scrub Regions 12.118ms
[2024-02-18T08:58:36.327+0000][7][gc,start    ] GC(27) Pause Cleanup
[2024-02-18T08:58:36.328+0000][7][gc          ] GC(27) Pause Cleanup 133M->133M(512M) 0.280ms
[2024-02-18T08:58:36.328+0000][7][gc,cpu      ] GC(27) User=0.00s Sys=0.00s Real=0.00s
[2024-02-18T08:58:36.328+0000][7][safepoint   ] Safepoint "G1PauseCleanup", Time since last: 12743133 ns, Reaching safepoint: 12724 ns, Cleanup: 56759 ns, At safepoint: 576478 ns, Total: 645961 ns
[2024-02-18T08:58:36.328+0000][7][gc,marking  ] GC(27) Concurrent Clear Claimed Marks
[2024-02-18T08:58:36.328+0000][7][gc,marking  ] GC(27) Concurrent Clear Claimed Marks 0.386ms
[2024-02-18T08:58:36.329+0000][7][gc,marking  ] GC(27) Concurrent Cleanup for Next Mark
[2024-02-18T08:58:36.329+0000][7][gc,marking  ] GC(27) Concurrent Cleanup for Next Mark 0.432ms
[2024-02-18T08:58:36.329+0000][7][gc          ] GC(27) Concurrent Mark Cycle 75.655ms
[2024-02-18T08:58:37.328+0000][7][safepoint   ] Safepoint "Cleanup", Time since last: 1000232353 ns, Reaching safepoint: 14819 ns, Cleanup: 10831 ns, At safepoint: 2675 ns, Total: 28325 ns
[2024-02-18T08:58:38.328+0000][7][safepoint   ] Safepoint "Cleanup", Time since last: 1000237979 ns, Reaching safepoint: 18145 ns, Cleanup: 16080 ns, At safepoint: 3136 ns, Total: 37361 ns
[2024-02-18T08:58:42.329+0000][7][safepoint   ] Safepoint "Cleanup", Time since last: 4000643054 ns, Reaching safepoint: 17193 ns, Cleanup: 11622 ns, At safepoint: 2866 ns, Total: 31681 ns
[2024-02-18T08:58:43.330+0000][7][safepoint   ] Safepoint "Cleanup", Time since last: 1000380827 ns, Reaching safepoint: 48784 ns, Cleanup: 16872 ns, At safepoint: 4739 ns, Total: 70395 ns
[2024-02-18T08:58:45.118+0000][7][safepoint   ] Safepoint "Cleanup", Time since last: 1787948743 ns, Reaching safepoint: 17483 ns, Cleanup: 25639 ns, At safepoint: 2996 ns, Total: 46118 ns
[2024-02-18T08:58:46.118+0000][7][safepoint   ] Safepoint "Cleanup", Time since last: 1000360258 ns, Reaching safepoint: 18185 ns, Cleanup: 13606 ns, At safepoint: 3296 ns, Total: 35087 ns
[2024-02-18T08:58:48.118+0000][7][safepoint   ] Safepoint "Cleanup", Time since last: 2000426353 ns, Reaching safepoint: 20689 ns, Cleanup: 13516 ns, At safepoint: 18706 ns, Total: 52911 ns
[2024-02-18T08:58:49.119+0000][7][safepoint   ] Safepoint "Cleanup", Time since last: 1000243955 ns, Reaching safepoint: 18275 ns, Cleanup: 24417 ns, At safepoint: 3206 ns, Total: 45898 ns
[2024-02-18T08:58:50.119+0000][7][safepoint   ] Safepoint "Cleanup", Time since last: 1000313649 ns, Reaching safepoint: 18395 ns, Cleanup: 16853 ns, At safepoint: 2805 ns, Total: 38053 ns
[2024-02-18T08:58:51.119+0000][7][safepoint   ] Safepoint "Cleanup", Time since last: 1000355980 ns, Reaching safepoint: 17814 ns, Cleanup: 16421 ns, At safepoint: 3176 ns, Total: 37411 ns
[2024-02-18T08:58:53.120+0000][7][safepoint   ] Safepoint "Cleanup", Time since last: 2000436262 ns, Reaching safepoint: 16912 ns, Cleanup: 12745 ns, At safepoint: 3076 ns, Total: 32733 ns
[2024-02-18T08:58:54.120+0000][7][safepoint   ] Safepoint "Cleanup", Time since last: 1000328687 ns, Reaching safepoint: 15600 ns, Cleanup: 46439 ns, At safepoint: 2645 ns, Total: 64684 ns
[2024-02-18T08:58:55.121+0000][7][safepoint   ] Safepoint "Cleanup", Time since last: 1000328537 ns, Reaching safepoint: 25469 ns, Cleanup: 19828 ns, At safepoint: 3466 ns, Total: 48763 ns
[2024-02-18T08:58:57.121+0000][7][safepoint   ] Safepoint "Cleanup", Time since last: 2000462402 ns, Reaching safepoint: 17954 ns, Cleanup: 16963 ns, At safepoint: 3547 ns, Total: 38464 ns
[2024-02-18T08:58:58.122+0000][7][safepoint   ] Safepoint "Cleanup", Time since last: 1000289552 ns, Reaching safepoint: 15179 ns, Cleanup: 29857 ns, At safepoint: 9839 ns, Total: 54875 ns
[2024-02-18T08:58:59.122+0000][7][safepoint   ] Safepoint "Cleanup", Time since last: 1000247031 ns, Reaching safepoint: 32493 ns, Cleanup: 25178 ns, At safepoint: 4759 ns, Total: 62430 ns
[2024-02-18T08:59:00.122+0000][7][safepoint   ] Safepoint "Cleanup", Time since last: 1000462819 ns, Reaching safepoint: 27693 ns, Cleanup: 50436 ns, At safepoint: 4679 ns, Total: 82808 ns
[2024-02-18T08:59:01.123+0000][7][safepoint   ] Safepoint "Cleanup", Time since last: 1000351447 ns, Reaching safepoint: 17283 ns, Cleanup: 25639 ns, At safepoint: 3387 ns, Total: 46309 ns
[2024-02-18T08:59:03.123+0000][7][safepoint   ] Safepoint "Cleanup", Time since last: 2000401325 ns, Reaching safepoint: 17042 ns, Cleanup: 31150 ns, At safepoint: 3196 ns, Total: 51388 ns
[2024-02-18T08:59:06.124+0000][7][safepoint   ] Safepoint "Cleanup", Time since last: 3000495388 ns, Reaching safepoint: 17673 ns, Cleanup: 35589 ns, At safepoint: 3346 ns, Total: 56608 ns
[2024-02-18T08:59:07.124+0000][7][safepoint   ] Safepoint "Cleanup", Time since last: 1000204044 ns, Reaching safepoint: 16362 ns, Cleanup: 25348 ns, At safepoint: 3086 ns, Total: 44796 ns
[2024-02-18T08:59:09.124+0000][7][safepoint   ] Safepoint "Cleanup", Time since last: 2000401159 ns, Reaching safepoint: 15509 ns, Cleanup: 21842 ns, At safepoint: 2796 ns, Total: 40147 ns
[2024-02-18T08:59:10.125+0000][7][safepoint   ] Safepoint "Cleanup", Time since last: 1000332906 ns, Reaching safepoint: 17523 ns, Cleanup: 15169 ns, At safepoint: 2996 ns, Total: 35688 ns
[2024-02-18T08:59:12.125+0000][7][safepoint   ] Safepoint "Cleanup", Time since last: 2000424985 ns, Reaching safepoint: 17444 ns, Cleanup: 15970 ns, At safepoint: 3467 ns, Total: 36881 ns
[2024-02-18T08:59:15.126+0000][7][safepoint   ] Safepoint "Cleanup", Time since last: 3000501284 ns, Reaching safepoint: 38564 ns, Cleanup: 22132 ns, At safepoint: 2996 ns, Total: 63692 ns
[2024-02-18T08:59:18.126+0000][7][safepoint   ] Safepoint "Cleanup", Time since last: 3000508572 ns, Reaching safepoint: 19017 ns, Cleanup: 56778 ns, At safepoint: 3537 ns, Total: 79332 ns
[2024-02-18T08:59:19.127+0000][7][safepoint   ] Safepoint "Cleanup", Time since last: 1000332110 ns, Reaching safepoint: 14939 ns, Cleanup: 12764 ns, At safepoint: 2465 ns, Total: 30168 ns
[2024-02-18T08:59:20.127+0000][7][safepoint   ] Safepoint "Cleanup", Time since last: 1000560171 ns, Reaching safepoint: 19688 ns, Cleanup: 14497 ns, At safepoint: 3547 ns, Total: 37732 ns
[2024-02-18T08:59:21.128+0000][7][safepoint   ] Safepoint "Cleanup", Time since last: 1000451403 ns, Reaching safepoint: 171618 ns, Cleanup: 10921 ns, At safepoint: 10871 ns, Total: 193410 ns
[2024-02-18T08:59:22.128+0000][7][safepoint   ] Safepoint "Cleanup", Time since last: 1000216343 ns, Reaching safepoint: 19447 ns, Cleanup: 46519 ns, At safepoint: 3907 ns, Total: 69873 ns
[2024-02-18T08:59:24.129+0000][7][safepoint   ] Safepoint "Cleanup", Time since last: 2000469866 ns, Reaching safepoint: 19878 ns, Cleanup: 30779 ns, At safepoint: 3046 ns, Total: 53703 ns
[2024-02-18T08:59:25.129+0000][7][safepoint   ] Safepoint "Cleanup", Time since last: 1000335300 ns, Reaching safepoint: 19438 ns, Cleanup: 15309 ns, At safepoint: 3326 ns, Total: 38073 ns
[2024-02-18T08:59:27.130+0000][7][safepoint   ] Safepoint "Cleanup", Time since last: 2000450068 ns, Reaching safepoint: 18055 ns, Cleanup: 22774 ns, At safepoint: 3176 ns, Total: 44005 ns
[2024-02-18T08:59:28.130+0000][7][safepoint   ] Safepoint "Cleanup", Time since last: 1000318728 ns, Reaching safepoint: 17644 ns, Cleanup: 19417 ns, At safepoint: 3196 ns, Total: 40257 ns
[2024-02-18T08:59:30.131+0000][7][safepoint   ] Safepoint "Cleanup", Time since last: 2000390544 ns, Reaching safepoint: 16502 ns, Cleanup: 49164 ns, At safepoint: 3457 ns, Total: 69123 ns
[2024-02-18T08:59:30.768+0000][7][gc,start    ] GC(28) Pause Young (Prepare Mixed) (G1 Evacuation Pause)
[2024-02-18T08:59:30.768+0000][7][gc,task     ] GC(28) Using 12 workers of 13 for evacuation
[2024-02-18T08:59:30.768+0000][7][gc,age      ] GC(28) Desired survivor size 20971520 bytes, new threshold 15 (max threshold 15)
[2024-02-18T08:59:30.781+0000][7][gc,phases   ] GC(28)   Pre Evacuate Collection Set: 0.2ms
[2024-02-18T08:59:30.781+0000][7][gc,phases   ] GC(28)   Merge Heap Roots: 0.1ms
[2024-02-18T08:59:30.781+0000][7][gc,phases   ] GC(28)   Evacuate Collection Set: 11.4ms
[2024-02-18T08:59:30.781+0000][7][gc,phases   ] GC(28)   Post Evacuate Collection Set: 0.8ms
[2024-02-18T08:59:30.781+0000][7][gc,phases   ] GC(28)   Other: 0.2ms
[2024-02-18T08:59:30.781+0000][7][gc,age      ] GC(28) Age table with threshold 15 (max threshold 15)
[2024-02-18T08:59:30.781+0000][7][gc,age      ] GC(28) - age   1:    3009368 bytes,    3009368 total
[2024-02-18T08:59:30.782+0000][7][gc,age      ] GC(28) - age   2:    1311032 bytes,    4320400 total
[2024-02-18T08:59:30.782+0000][7][gc,age      ] GC(28) - age   3:      99520 bytes,    4419920 total
[2024-02-18T08:59:30.782+0000][7][gc,age      ] GC(28) - age   4:      92896 bytes,    4512816 total
[2024-02-18T08:59:30.782+0000][7][gc,age      ] GC(28) - age   5:     245136 bytes,    4757952 total
[2024-02-18T08:59:30.782+0000][7][gc,age      ] GC(28) - age   6:    5957928 bytes,   10715880 total
[2024-02-18T08:59:30.782+0000][7][gc,age      ] GC(28) - age   7:    6028048 bytes,   16743928 total
[2024-02-18T08:59:30.782+0000][7][gc,heap     ] GC(28) Eden regions: 71->0(71)
[2024-02-18T08:59:30.782+0000][7][gc,heap     ] GC(28) Survivor regions: 5->5(10)
[2024-02-18T08:59:30.782+0000][7][gc,heap     ] GC(28) Old regions: 27->27
[2024-02-18T08:59:30.782+0000][7][gc,heap     ] GC(28) Humongous regions: 2->2
[2024-02-18T08:59:30.782+0000][7][gc,metaspace] GC(28) Metaspace: 120643K(123840K)->120643K(123840K) NonClass: 104446K(106176K)->104446K(106176K) Class: 16197K(17664K)->16197K(17664K)
[2024-02-18T08:59:30.783+0000][7][gc          ] GC(28) Pause Young (Prepare Mixed) (G1 Evacuation Pause) 415M->133M(512M) 14.711ms
[2024-02-18T08:59:30.783+0000][7][gc,cpu      ] GC(28) User=0.06s Sys=0.01s Real=0.01s
[2024-02-18T08:59:30.783+0000][7][safepoint   ] Safepoint "G1CollectForAllocation", Time since last: 637220122 ns, Reaching safepoint: 15190 ns, Cleanup: 11401 ns, At safepoint: 14993993 ns, Total: 15020584 ns
[2024-02-18T08:59:31.783+0000][7][safepoint   ] Safepoint "Cleanup", Time since last: 1000268067 ns, Reaching safepoint: 32452 ns, Cleanup: 36470 ns, At safepoint: 4879 ns, Total: 73801 ns
[2024-02-18T08:59:32.784+0000][7][safepoint   ] Safepoint "Cleanup", Time since last: 1000477563 ns, Reaching safepoint: 18145 ns, Cleanup: 13375 ns, At safepoint: 3347 ns, Total: 34867 ns
[2024-02-18T08:59:33.784+0000][7][safepoint   ] Safepoint "Cleanup", Time since last: 1000342213 ns, Reaching safepoint: 18696 ns, Cleanup: 22213 ns, At safepoint: 3025 ns, Total: 43934 ns
[2024-02-18T08:59:34.785+0000][7][safepoint   ] Safepoint "Cleanup", Time since last: 1000355780 ns, Reaching safepoint: 18044 ns, Cleanup: 40909 ns, At safepoint: 2695 ns, Total: 61648 ns
[2024-02-18T08:59:36.785+0000][7][safepoint   ] Safepoint "Cleanup", Time since last: 2000548607 ns, Reaching safepoint: 20589 ns, Cleanup: 51248 ns, At safepoint: 3798 ns, Total: 75635 ns
[2024-02-18T08:59:37.786+0000][7][safepoint   ] Safepoint "Cleanup", Time since last: 1000388241 ns, Reaching safepoint: 18035 ns, Cleanup: 13455 ns, At safepoint: 2696 ns, Total: 34186 ns
[2024-02-18T08:59:42.786+0000][7][safepoint   ] Safepoint "Cleanup", Time since last: 5000700010 ns, Reaching safepoint: 23475 ns, Cleanup: 32623 ns, At safepoint: 4228 ns, Total: 60326 ns
[2024-02-18T08:59:45.142+0000][7][safepoint   ] Safepoint "Cleanup", Time since last: 2355691014 ns, Reaching safepoint: 15179 ns, Cleanup: 9849 ns, At safepoint: 2775 ns, Total: 27803 ns
[2024-02-18T08:59:46.142+0000][7][safepoint   ] Safepoint "Cleanup", Time since last: 1000322846 ns, Reaching safepoint: 15270 ns, Cleanup: 16842 ns, At safepoint: 3146 ns, Total: 35258 ns
[2024-02-18T08:59:48.143+0000][7][safepoint   ] Safepoint "Cleanup", Time since last: 2000410663 ns, Reaching safepoint: 15790 ns, Cleanup: 10790 ns, At safepoint: 2866 ns, Total: 29446 ns
[2024-02-18T08:59:53.144+0000][7][safepoint   ] Safepoint "Cleanup", Time since last: 5000727033 ns, Reaching safepoint: 15299 ns, Cleanup: 18956 ns, At safepoint: 3016 ns, Total: 37271 ns
[2024-02-18T08:59:54.144+0000][7][safepoint   ] Safepoint "Cleanup", Time since last: 1000330210 ns, Reaching safepoint: 15490 ns, Cleanup: 13315 ns, At safepoint: 2906 ns, Total: 31711 ns
[2024-02-18T08:59:55.144+0000][7][safepoint   ] Safepoint "Cleanup", Time since last: 1000329940 ns, Reaching safepoint: 15219 ns, Cleanup: 18716 ns, At safepoint: 2705 ns, Total: 36640 ns
[2024-02-18T08:59:57.145+0000][7][safepoint   ] Safepoint "Cleanup", Time since last: 2000357741 ns, Reaching safepoint: 103799 ns, Cleanup: 10380 ns, At safepoint: 12925 ns, Total: 127104 ns
[2024-02-18T08:59:58.145+0000][7][safepoint   ] Safepoint "Cleanup", Time since last: 1000305838 ns, Reaching safepoint: 14007 ns, Cleanup: 13476 ns, At safepoint: 2595 ns, Total: 30078 ns
[2024-02-18T08:59:59.145+0000][7][safepoint   ] Safepoint "Cleanup", Time since last: 1000219323 ns, Reaching safepoint: 15139 ns, Cleanup: 13476 ns, At safepoint: 2575 ns, Total: 31190 ns
[2024-02-18T09:00:01.146+0000][7][safepoint   ] Safepoint "Cleanup", Time since last: 2000396225 ns, Reaching safepoint: 15169 ns, Cleanup: 22864 ns, At safepoint: 2995 ns, Total: 41028 ns
[2024-02-18T09:00:03.146+0000][7][safepoint   ] Safepoint "Cleanup", Time since last: 2000393220 ns, Reaching safepoint: 15098 ns, Cleanup: 15450 ns, At safepoint: 3527 ns, Total: 34075 ns
[2024-02-18T09:00:06.147+0000][7][safepoint   ] Safepoint "Cleanup", Time since last: 3000488123 ns, Reaching safepoint: 22834 ns, Cleanup: 47892 ns, At safepoint: 3717 ns, Total: 74443 ns
[2024-02-18T09:00:07.147+0000][7][safepoint   ] Safepoint "Cleanup", Time since last: 1000320577 ns, Reaching safepoint: 15510 ns, Cleanup: 30739 ns, At safepoint: 2976 ns, Total: 49225 ns
[2024-02-18T09:00:09.148+0000][7][safepoint   ] Safepoint "Cleanup", Time since last: 2000427479 ns, Reaching safepoint: 15329 ns, Cleanup: 15520 ns, At safepoint: 2936 ns, Total: 33785 ns
[2024-02-18T09:00:10.148+0000][7][safepoint   ] Safepoint "Cleanup", Time since last: 1000344798 ns, Reaching safepoint: 15029 ns, Cleanup: 15470 ns, At safepoint: 2905 ns, Total: 33404 ns
[2024-02-18T09:00:11.148+0000][7][safepoint   ] Safepoint "Cleanup", Time since last: 1000402054 ns, Reaching safepoint: 25969 ns, Cleanup: 12815 ns, At safepoint: 2795 ns, Total: 41579 ns
[2024-02-18T09:00:12.149+0000][7][safepoint   ] Safepoint "Cleanup", Time since last: 1000336954 ns, Reaching safepoint: 37762 ns, Cleanup: 23916 ns, At safepoint: 3276 ns, Total: 64954 ns
[2024-02-18T09:00:13.149+0000][7][safepoint   ] Safepoint "Cleanup", Time since last: 1000386639 ns, Reaching safepoint: 15519 ns, Cleanup: 10480 ns, At safepoint: 2355 ns, Total: 28354 ns
[2024-02-18T09:00:18.150+0000][7][safepoint   ] Safepoint "Cleanup", Time since last: 5000735504 ns, Reaching safepoint: 14367 ns, Cleanup: 20429 ns, At safepoint: 2936 ns, Total: 37732 ns
[2024-02-18T09:00:21.151+0000][7][safepoint   ] Safepoint "Cleanup", Time since last: 3000472269 ns, Reaching safepoint: 14227 ns, Cleanup: 12704 ns, At safepoint: 13987 ns, Total: 40918 ns
[2024-02-18T09:00:24.151+0000][7][safepoint   ] Safepoint "Cleanup", Time since last: 3000491805 ns, Reaching safepoint: 13857 ns, Cleanup: 12293 ns, At safepoint: 2145 ns, Total: 28295 ns
[2024-02-18T09:00:26.151+0000][7][safepoint   ] Safepoint "Cleanup", Time since last: 2000287687 ns, Reaching safepoint: 17904 ns, Cleanup: 25729 ns, At safepoint: 3156 ns, Total: 46789 ns
[2024-02-18T09:00:27.152+0000][7][safepoint   ] Safepoint "Cleanup", Time since last: 1000435201 ns, Reaching safepoint: 18315 ns, Cleanup: 14608 ns, At safepoint: 2945 ns, Total: 35868 ns
[2024-02-18T09:00:29.239+0000][7][gc,start    ] GC(29) Pause Young (Mixed) (G1 Evacuation Pause)
[2024-02-18T09:00:29.239+0000][7][gc,task     ] GC(29) Using 12 workers of 13 for evacuation
[2024-02-18T09:00:29.239+0000][7][gc,age      ] GC(29) Desired survivor size 20971520 bytes, new threshold 15 (max threshold 15)
[2024-02-18T09:00:29.255+0000][7][gc,phases   ] GC(29)   Pre Evacuate Collection Set: 0.2ms
[2024-02-18T09:00:29.255+0000][7][gc,phases   ] GC(29)   Merge Heap Roots: 0.1ms
[2024-02-18T09:00:29.255+0000][7][gc,phases   ] GC(29)   Evacuate Collection Set: 14.4ms
[2024-02-18T09:00:29.255+0000][7][gc,phases   ] GC(29)   Post Evacuate Collection Set: 0.9ms
[2024-02-18T09:00:29.256+0000][7][gc,phases   ] GC(29)   Other: 0.3ms
[2024-02-18T09:00:29.256+0000][7][gc,age      ] GC(29) Age table with threshold 15 (max threshold 15)
[2024-02-18T09:00:29.256+0000][7][gc,age      ] GC(29) - age   1:    1139936 bytes,    1139936 total
[2024-02-18T09:00:29.256+0000][7][gc,age      ] GC(29) - age   2:     764448 bytes,    1904384 total
[2024-02-18T09:00:29.256+0000][7][gc,age      ] GC(29) - age   3:    1269680 bytes,    3174064 total
[2024-02-18T09:00:29.256+0000][7][gc,age      ] GC(29) - age   4:      97336 bytes,    3271400 total
[2024-02-18T09:00:29.256+0000][7][gc,age      ] GC(29) - age   5:      90656 bytes,    3362056 total
[2024-02-18T09:00:29.256+0000][7][gc,age      ] GC(29) - age   6:     245032 bytes,    3607088 total
[2024-02-18T09:00:29.256+0000][7][gc,age      ] GC(29) - age   7:    5940184 bytes,    9547272 total
[2024-02-18T09:00:29.256+0000][7][gc,age      ] GC(29) - age   8:    6000608 bytes,   15547880 total
[2024-02-18T09:00:29.257+0000][7][gc,heap     ] GC(29) Eden regions: 71->0(71)
[2024-02-18T09:00:29.257+0000][7][gc,heap     ] GC(29) Survivor regions: 5->5(10)
[2024-02-18T09:00:29.257+0000][7][gc,heap     ] GC(29) Old regions: 27->27
[2024-02-18T09:00:29.257+0000][7][gc,heap     ] GC(29) Humongous regions: 2->2
[2024-02-18T09:00:29.257+0000][7][gc,metaspace] GC(29) Metaspace: 120896K(124032K)->120896K(124032K) NonClass: 104699K(106368K)->104699K(106368K) Class: 16197K(17664K)->16197K(17664K)
[2024-02-18T09:00:29.257+0000][7][gc          ] GC(29) Pause Young (Mixed) (G1 Evacuation Pause) 417M->131M(512M) 18.405ms
[2024-02-18T09:00:29.257+0000][7][gc,cpu      ] GC(29) User=0.05s Sys=0.03s Real=0.02s
[2024-02-18T09:00:29.257+0000][7][safepoint   ] Safepoint "G1CollectForAllocation", Time since last: 2086851674 ns, Reaching safepoint: 20640 ns, Cleanup: 12474 ns, At safepoint: 18713321 ns, Total: 18746435 ns
[2024-02-18T09:00:30.258+0000][7][safepoint   ] Safepoint "Cleanup", Time since last: 1000199762 ns, Reaching safepoint: 17934 ns, Cleanup: 34737 ns, At safepoint: 3056 ns, Total: 55727 ns
[2024-02-18T09:00:31.258+0000][7][safepoint   ] Safepoint "Cleanup", Time since last: 1000372722 ns, Reaching safepoint: 30087 ns, Cleanup: 42612 ns, At safepoint: 4719 ns, Total: 77418 ns
[2024-02-18T09:00:32.259+0000][7][safepoint   ] Safepoint "Cleanup", Time since last: 1000524663 ns, Reaching safepoint: 18676 ns, Cleanup: 13636 ns, At safepoint: 3587 ns, Total: 35899 ns
[2024-02-18T09:00:33.259+0000][7][safepoint   ] Safepoint "Cleanup", Time since last: 1000419741 ns, Reaching safepoint: 18445 ns, Cleanup: 30228 ns, At safepoint: 3116 ns, Total: 51789 ns
[2024-02-18T09:00:34.814+0000][7][safepoint   ] Safepoint "Cleanup", Time since last: 1554697736 ns, Reaching safepoint: 14788 ns, Cleanup: 70325 ns, At safepoint: 14327 ns, Total: 99440 ns
[2024-02-18T09:00:35.814+0000][7][safepoint   ] Safepoint "Cleanup", Time since last: 1000292288 ns, Reaching safepoint: 15119 ns, Cleanup: 8296 ns, At safepoint: 2905 ns, Total: 26320 ns
[2024-02-18T09:00:36.815+0000][7][safepoint   ] Safepoint "Cleanup", Time since last: 1000407719 ns, Reaching safepoint: 15430 ns, Cleanup: 27903 ns, At safepoint: 2505 ns, Total: 45838 ns
[2024-02-18T09:00:42.815+0000][7][safepoint   ] Safepoint "Cleanup", Time since last: 6000668739 ns, Reaching safepoint: 32001 ns, Cleanup: 44175 ns, At safepoint: 3897 ns, Total: 80073 ns
[2024-02-18T09:00:45.164+0000][7][safepoint   ] Safepoint "Cleanup", Time since last: 2348414388 ns, Reaching safepoint: 16591 ns, Cleanup: 41590 ns, At safepoint: 3316 ns, Total: 61497 ns
[2024-02-18T09:00:47.164+0000][7][safepoint   ] Safepoint "Cleanup", Time since last: 2000405383 ns, Reaching safepoint: 22693 ns, Cleanup: 20810 ns, At safepoint: 4639 ns, Total: 48142 ns
[2024-02-18T09:00:48.165+0000][7][safepoint   ] Safepoint "Cleanup", Time since last: 1000374705 ns, Reaching safepoint: 25149 ns, Cleanup: 25378 ns, At safepoint: 4078 ns, Total: 54605 ns
[2024-02-18T09:00:54.166+0000][7][safepoint   ] Safepoint "Cleanup", Time since last: 6000797726 ns, Reaching safepoint: 15840 ns, Cleanup: 21241 ns, At safepoint: 2745 ns, Total: 39826 ns
[2024-02-18T09:00:55.166+0000][7][safepoint   ] Safepoint "Cleanup", Time since last: 1000324074 ns, Reaching safepoint: 15339 ns, Cleanup: 19127 ns, At safepoint: 8977 ns, Total: 43443 ns
[2024-02-18T09:00:57.167+0000][7][safepoint   ] Safepoint "Cleanup", Time since last: 2000582917 ns, Reaching safepoint: 15881 ns, Cleanup: 32532 ns, At safepoint: 3066 ns, Total: 51479 ns
[2024-02-18T09:00:58.167+0000][7][safepoint   ] Safepoint "Cleanup", Time since last: 1000287699 ns, Reaching safepoint: 16011 ns, Cleanup: 12093 ns, At safepoint: 3206 ns, Total: 31310 ns
[2024-02-18T09:01:00.168+0000][7][safepoint   ] Safepoint "Cleanup", Time since last: 2000447673 ns, Reaching safepoint: 16813 ns, Cleanup: 15038 ns, At safepoint: 3657 ns, Total: 35508 ns
[2024-02-18T09:01:01.168+0000][7][safepoint   ] Safepoint "Cleanup", Time since last: 1000351061 ns, Reaching safepoint: 35067 ns, Cleanup: 46840 ns, At safepoint: 3607 ns, Total: 85514 ns
[2024-02-18T09:01:02.168+0000][7][safepoint   ] Safepoint "Cleanup", Time since last: 1000365588 ns, Reaching safepoint: 16922 ns, Cleanup: 21301 ns, At safepoint: 2525 ns, Total: 40748 ns
[2024-02-18T09:01:02.686+0000][7][gc,start    ] GC(30) Pause Young (Concurrent Start) (G1 Evacuation Pause)
[2024-02-18T09:01:02.686+0000][7][gc,task     ] GC(30) Using 12 workers of 13 for evacuation
[2024-02-18T09:01:02.686+0000][7][gc,age      ] GC(30) Desired survivor size 20971520 bytes, new threshold 15 (max threshold 15)
[2024-02-18T09:01:02.700+0000][7][gc,phases   ] GC(30)   Pre Evacuate Collection Set: 0.2ms
[2024-02-18T09:01:02.701+0000][7][gc,phases   ] GC(30)   Merge Heap Roots: 0.1ms
[2024-02-18T09:01:02.701+0000][7][gc,phases   ] GC(30)   Evacuate Collection Set: 12.8ms
[2024-02-18T09:01:02.701+0000][7][gc,phases   ] GC(30)   Post Evacuate Collection Set: 0.8ms
[2024-02-18T09:01:02.701+0000][7][gc,phases   ] GC(30)   Other: 0.3ms
[2024-02-18T09:01:02.701+0000][7][gc,age      ] GC(30) Age table with threshold 15 (max threshold 15)
[2024-02-18T09:01:02.701+0000][7][gc,age      ] GC(30) - age   1:    1833928 bytes,    1833928 total
[2024-02-18T09:01:02.702+0000][7][gc,age      ] GC(30) - age   2:      54680 bytes,    1888608 total
[2024-02-18T09:01:02.702+0000][7][gc,age      ] GC(30) - age   3:     569480 bytes,    2458088 total
[2024-02-18T09:01:02.702+0000][7][gc,age      ] GC(30) - age   4:    1086344 bytes,    3544432 total
[2024-02-18T09:01:02.702+0000][7][gc,age      ] GC(30) - age   5:      59656 bytes,    3604088 total
[2024-02-18T09:01:02.702+0000][7][gc,age      ] GC(30) - age   6:      74232 bytes,    3678320 total
[2024-02-18T09:01:02.702+0000][7][gc,age      ] GC(30) - age   7:     197624 bytes,    3875944 total
[2024-02-18T09:01:02.702+0000][7][gc,age      ] GC(30) - age   8:    1742696 bytes,    5618640 total
[2024-02-18T09:01:02.702+0000][7][gc,age      ] GC(30) - age   9:    5980072 bytes,   11598712 total
[2024-02-18T09:01:02.702+0000][7][gc,heap     ] GC(30) Eden regions: 71->0(72)
[2024-02-18T09:01:02.702+0000][7][gc,heap     ] GC(30) Survivor regions: 5->4(10)
[2024-02-18T09:01:02.702+0000][7][gc,heap     ] GC(30) Old regions: 27->27
[2024-02-18T09:01:02.702+0000][7][gc,heap     ] GC(30) Humongous regions: 2->2
[2024-02-18T09:01:02.703+0000][7][gc,metaspace] GC(30) Metaspace: 121093K(124224K)->121093K(124224K) NonClass: 104888K(106560K)->104888K(106560K) Class: 16204K(17664K)->16204K(17664K)
[2024-02-18T09:01:02.703+0000][7][gc          ] GC(30) Pause Young (Concurrent Start) (G1 Evacuation Pause) 415M->127M(512M) 16.568ms
[2024-02-18T09:01:02.703+0000][7][gc          ] GC(31) Concurrent Mark Cycle
[2024-02-18T09:01:02.703+0000][7][gc,cpu      ] GC(30) User=0.06s Sys=0.01s Real=0.01s
[2024-02-18T09:01:02.703+0000][7][gc,marking  ] GC(31) Concurrent Scan Root Regions
[2024-02-18T09:01:02.703+0000][7][safepoint   ] Safepoint "G1CollectForAllocation", Time since last: 517601281 ns, Reaching safepoint: 17614 ns, Cleanup: 8095 ns, At safepoint: 17102652 ns, Total: 17128361 ns
[2024-02-18T09:01:02.706+0000][7][gc,marking  ] GC(31) Concurrent Scan Root Regions 2.836ms
[2024-02-18T09:01:02.706+0000][7][gc,marking  ] GC(31) Concurrent Mark
[2024-02-18T09:01:02.706+0000][7][gc,marking  ] GC(31) Concurrent Mark From Roots
[2024-02-18T09:01:02.706+0000][7][gc,task     ] GC(31) Using 3 workers of 3 for marking
[2024-02-18T09:01:02.742+0000][7][gc,marking  ] GC(31) Concurrent Mark From Roots 35.977ms
[2024-02-18T09:01:02.742+0000][7][gc,marking  ] GC(31) Concurrent Preclean
[2024-02-18T09:01:02.743+0000][7][gc,marking  ] GC(31) Concurrent Preclean 0.889ms
[2024-02-18T09:01:02.743+0000][7][gc,start    ] GC(31) Pause Remark
[2024-02-18T09:01:02.764+0000][7][gc          ] GC(31) Pause Remark 130M->130M(512M) 20.569ms
[2024-02-18T09:01:02.764+0000][7][gc,cpu      ] GC(31) User=0.10s Sys=0.00s Real=0.02s
[2024-02-18T09:01:02.764+0000][7][safepoint   ] Safepoint "G1PauseRemark", Time since last: 40152344 ns, Reaching safepoint: 16752 ns, Cleanup: 2946 ns, At safepoint: 21008548 ns, Total: 21028246 ns
[2024-02-18T09:01:02.765+0000][7][gc,marking  ] GC(31) Concurrent Mark 58.559ms
[2024-02-18T09:01:02.765+0000][7][gc,marking  ] GC(31) Concurrent Rebuild Remembered Sets and Scrub Regions
[2024-02-18T09:01:02.782+0000][7][gc,marking  ] GC(31) Concurrent Rebuild Remembered Sets and Scrub Regions 17.152ms
[2024-02-18T09:01:02.782+0000][7][gc,start    ] GC(31) Pause Cleanup
[2024-02-18T09:01:02.782+0000][7][gc          ] GC(31) Pause Cleanup 130M->130M(512M) 0.271ms
[2024-02-18T09:01:02.782+0000][7][gc,cpu      ] GC(31) User=0.00s Sys=0.00s Real=0.00s
[2024-02-18T09:01:02.783+0000][7][safepoint   ] Safepoint "G1PauseCleanup", Time since last: 17652560 ns, Reaching safepoint: 14267 ns, Cleanup: 17524 ns, At safepoint: 562973 ns, Total: 594764 ns
[2024-02-18T09:01:02.783+0000][7][gc,marking  ] GC(31) Concurrent Clear Claimed Marks
[2024-02-18T09:01:02.783+0000][7][gc,marking  ] GC(31) Concurrent Clear Claimed Marks 0.290ms
[2024-02-18T09:01:02.783+0000][7][gc,marking  ] GC(31) Concurrent Cleanup for Next Mark
[2024-02-18T09:01:02.784+0000][7][gc,marking  ] GC(31) Concurrent Cleanup for Next Mark 0.759ms
[2024-02-18T09:01:02.784+0000][7][gc          ] GC(31) Concurrent Mark Cycle 81.297ms
[2024-02-18T09:01:05.856+0000][7][safepoint   ] Safepoint "Cleanup", Time since last: 3073078356 ns, Reaching safepoint: 8716 ns, Cleanup: 18776 ns, At safepoint: 16282 ns, Total: 43774 ns
[2024-02-18T09:01:06.871+0000][7][safepoint   ] Safepoint "Cleanup", Time since last: 1015469127 ns, Reaching safepoint: 20289 ns, Cleanup: 36479 ns, At safepoint: 3667 ns, Total: 60435 ns
[2024-02-18T09:01:12.872+0000][7][safepoint   ] Safepoint "Cleanup", Time since last: 6000899030 ns, Reaching safepoint: 19338 ns, Cleanup: 14147 ns, At safepoint: 2825 ns, Total: 36310 ns
[2024-02-18T09:01:14.873+0000][7][safepoint   ] Safepoint "Cleanup", Time since last: 2000420932 ns, Reaching safepoint: 26441 ns, Cleanup: 12233 ns, At safepoint: 4198 ns, Total: 42872 ns
[2024-02-18T09:01:18.873+0000][7][safepoint   ] Safepoint "Cleanup", Time since last: 4000573411 ns, Reaching safepoint: 18395 ns, Cleanup: 27202 ns, At safepoint: 2615 ns, Total: 48212 ns
[2024-02-18T09:01:21.874+0000][7][safepoint   ] Safepoint "Cleanup", Time since last: 3000796600 ns, Reaching safepoint: 17694 ns, Cleanup: 22593 ns, At safepoint: 13816 ns, Total: 54103 ns
[2024-02-18T09:01:24.875+0000][7][safepoint   ] Safepoint "Cleanup", Time since last: 3000450777 ns, Reaching safepoint: 19227 ns, Cleanup: 12203 ns, At safepoint: 3277 ns, Total: 34707 ns
[2024-02-18T09:01:27.875+0000][7][safepoint   ] Safepoint "Cleanup", Time since last: 3000609211 ns, Reaching safepoint: 19167 ns, Cleanup: 13065 ns, At safepoint: 2955 ns, Total: 35187 ns
[2024-02-18T09:01:28.876+0000][7][safepoint   ] Safepoint "Cleanup", Time since last: 1000561403 ns, Reaching safepoint: 36620 ns, Cleanup: 22964 ns, At safepoint: 4309 ns, Total: 63893 ns
[2024-02-18T09:01:30.876+0000][7][safepoint   ] Safepoint "Cleanup", Time since last: 2000566852 ns, Reaching safepoint: 16361 ns, Cleanup: 9438 ns, At safepoint: 2775 ns, Total: 28574 ns
[2024-02-18T09:01:33.877+0000][7][safepoint   ] Safepoint "Cleanup", Time since last: 3000444606 ns, Reaching safepoint: 19868 ns, Cleanup: 19497 ns, At safepoint: 2876 ns, Total: 42241 ns
[2024-02-18T09:01:34.877+0000][7][safepoint   ] Safepoint "Cleanup", Time since last: 1000327825 ns, Reaching safepoint: 16542 ns, Cleanup: 20159 ns, At safepoint: 2885 ns, Total: 39586 ns
[2024-02-18T09:01:35.878+0000][7][safepoint   ] Safepoint "Cleanup", Time since last: 1000427818 ns, Reaching safepoint: 19617 ns, Cleanup: 14578 ns, At safepoint: 3146 ns, Total: 37341 ns
[2024-02-18T09:01:36.878+0000][7][safepoint   ] Safepoint "Cleanup", Time since last: 1000359397 ns, Reaching safepoint: 22312 ns, Cleanup: 19357 ns, At safepoint: 3858 ns, Total: 45527 ns
[2024-02-18T09:01:42.879+0000][7][safepoint   ] Safepoint "Cleanup", Time since last: 6000779170 ns, Reaching safepoint: 17273 ns, Cleanup: 9659 ns, At safepoint: 2244 ns, Total: 29176 ns
[2024-02-18T09:01:48.186+0000][7][safepoint   ] Safepoint "Cleanup", Time since last: 5307278783 ns, Reaching safepoint: 23205 ns, Cleanup: 13295 ns, At safepoint: 12424 ns, Total: 48924 ns
[2024-02-18T09:01:54.187+0000][7][safepoint   ] Safepoint "Cleanup", Time since last: 6000683702 ns, Reaching safepoint: 17283 ns, Cleanup: 14598 ns, At safepoint: 3076 ns, Total: 34957 ns
[2024-02-18T09:01:55.187+0000][7][safepoint   ] Safepoint "Cleanup", Time since last: 1000326854 ns, Reaching safepoint: 17614 ns, Cleanup: 10700 ns, At safepoint: 3237 ns, Total: 31551 ns
[2024-02-18T09:01:56.939+0000][7][gc,start    ] GC(32) Pause Young (Prepare Mixed) (G1 Evacuation Pause)
[2024-02-18T09:01:56.939+0000][7][gc,task     ] GC(32) Using 12 workers of 13 for evacuation
[2024-02-18T09:01:56.939+0000][7][gc,age      ] GC(32) Desired survivor size 20971520 bytes, new threshold 15 (max threshold 15)
[2024-02-18T09:01:56.954+0000][7][gc,phases   ] GC(32)   Pre Evacuate Collection Set: 0.2ms
[2024-02-18T09:01:56.955+0000][7][gc,phases   ] GC(32)   Merge Heap Roots: 0.1ms
[2024-02-18T09:01:56.955+0000][7][gc,phases   ] GC(32)   Evacuate Collection Set: 13.5ms
[2024-02-18T09:01:56.955+0000][7][gc,phases   ] GC(32)   Post Evacuate Collection Set: 1.4ms
[2024-02-18T09:01:56.955+0000][7][gc,phases   ] GC(32)   Other: 0.3ms
[2024-02-18T09:01:56.955+0000][7][gc,age      ] GC(32) Age table with threshold 15 (max threshold 15)
[2024-02-18T09:01:56.955+0000][7][gc,age      ] GC(32) - age   1:    1887704 bytes,    1887704 total
[2024-02-18T09:01:56.955+0000][7][gc,age      ] GC(32) - age   2:     516792 bytes,    2404496 total
[2024-02-18T09:01:56.955+0000][7][gc,age      ] GC(32) - age   3:      50840 bytes,    2455336 total
[2024-02-18T09:01:56.956+0000][7][gc,age      ] GC(32) - age   4:     568152 bytes,    3023488 total
[2024-02-18T09:01:56.956+0000][7][gc,age      ] GC(32) - age   5:    1085832 bytes,    4109320 total
[2024-02-18T09:01:56.956+0000][7][gc,age      ] GC(32) - age   6:      59656 bytes,    4168976 total
[2024-02-18T09:01:56.956+0000][7][gc,age      ] GC(32) - age   7:      73944 bytes,    4242920 total
[2024-02-18T09:01:56.956+0000][7][gc,age      ] GC(32) - age   8:     197624 bytes,    4440544 total
[2024-02-18T09:01:56.956+0000][7][gc,age      ] GC(32) - age   9:    1730680 bytes,    6171224 total
[2024-02-18T09:01:56.956+0000][7][gc,age      ] GC(32) - age  10:    5929200 bytes,   12100424 total
[2024-02-18T09:01:56.956+0000][7][gc,heap     ] GC(32) Eden regions: 72->0(72)
[2024-02-18T09:01:56.956+0000][7][gc,heap     ] GC(32) Survivor regions: 4->4(10)
[2024-02-18T09:01:56.957+0000][7][gc,heap     ] GC(32) Old regions: 27->27
[2024-02-18T09:01:56.957+0000][7][gc,heap     ] GC(32) Humongous regions: 2->2
[2024-02-18T09:01:56.957+0000][7][gc,metaspace] GC(32) Metaspace: 119638K(124224K)->119638K(124224K) NonClass: 103850K(106560K)->103850K(106560K) Class: 15787K(17664K)->15787K(17664K)
[2024-02-18T09:01:56.957+0000][7][gc          ] GC(32) Pause Young (Prepare Mixed) (G1 Evacuation Pause) 415M->127M(512M) 18.246ms
[2024-02-18T09:01:56.957+0000][7][gc,cpu      ] GC(32) User=0.06s Sys=0.01s Real=0.02s
[2024-02-18T09:01:56.957+0000][7][safepoint   ] Safepoint "G1CollectForAllocation", Time since last: 1751222173 ns, Reaching safepoint: 20750 ns, Cleanup: 3467 ns, At safepoint: 18562262 ns, Total: 18586479 ns
[2024-02-18T09:01:57.957+0000][7][safepoint   ] Safepoint "Cleanup", Time since last: 1000211109 ns, Reaching safepoint: 20329 ns, Cleanup: 17884 ns, At safepoint: 3777 ns, Total: 41990 ns
[2024-02-18T09:02:00.958+0000][7][safepoint   ] Safepoint "Cleanup", Time since last: 3000481546 ns, Reaching safepoint: 14668 ns, Cleanup: 8647 ns, At safepoint: 2765 ns, Total: 26080 ns
[2024-02-18T09:02:01.958+0000][7][safepoint   ] Safepoint "Cleanup", Time since last: 1000257847 ns, Reaching safepoint: 17985 ns, Cleanup: 18475 ns, At safepoint: 3417 ns, Total: 39877 ns
[2024-02-18T09:02:02.959+0000][7][safepoint   ] Safepoint "Cleanup", Time since last: 1000400409 ns, Reaching safepoint: 17855 ns, Cleanup: 12965 ns, At safepoint: 3035 ns, Total: 33855 ns
[2024-02-18T09:02:04.959+0000][7][safepoint   ] Safepoint "Cleanup", Time since last: 2000429259 ns, Reaching safepoint: 18275 ns, Cleanup: 20409 ns, At safepoint: 3486 ns, Total: 42170 ns
[2024-02-18T09:02:05.960+0000][7][safepoint   ] Safepoint "Cleanup", Time since last: 1000346377 ns, Reaching safepoint: 29697 ns, Cleanup: 26621 ns, At safepoint: 3146 ns, Total: 59464 ns
[2024-02-18T09:02:06.960+0000][7][safepoint   ] Safepoint "Cleanup", Time since last: 1000253007 ns, Reaching safepoint: 19387 ns, Cleanup: 18957 ns, At safepoint: 2494 ns, Total: 40838 ns
[2024-02-18T09:02:07.960+0000][7][safepoint   ] Safepoint "Cleanup", Time since last: 1000298871 ns, Reaching safepoint: 20439 ns, Cleanup: 21441 ns, At safepoint: 2956 ns, Total: 44836 ns
[2024-02-18T09:02:11.961+0000][7][safepoint   ] Safepoint "Cleanup", Time since last: 4000568355 ns, Reaching safepoint: 17323 ns, Cleanup: 9468 ns, At safepoint: 2625 ns, Total: 29416 ns
[2024-02-18T09:02:12.961+0000][7][safepoint   ] Safepoint "Cleanup", Time since last: 1000220170 ns, Reaching safepoint: 20860 ns, Cleanup: 21221 ns, At safepoint: 3216 ns, Total: 45297 ns
[2024-02-18T09:02:14.962+0000][7][safepoint   ] Safepoint "Cleanup", Time since last: 2000423607 ns, Reaching safepoint: 42361 ns, Cleanup: 14127 ns, At safepoint: 5621 ns, Total: 62109 ns
[2024-02-18T09:02:20.962+0000][7][safepoint   ] Safepoint "Cleanup", Time since last: 6000752820 ns, Reaching safepoint: 16842 ns, Cleanup: 8817 ns, At safepoint: 3096 ns, Total: 28755 ns
[2024-02-18T09:02:21.963+0000][7][safepoint   ] Safepoint "Cleanup", Time since last: 1000259245 ns, Reaching safepoint: 20870 ns, Cleanup: 39576 ns, At safepoint: 3397 ns, Total: 63843 ns
[2024-02-18T09:02:23.963+0000][7][safepoint   ] Safepoint "Cleanup", Time since last: 2000423807 ns, Reaching safepoint: 21151 ns, Cleanup: 13877 ns, At safepoint: 3286 ns, Total: 38314 ns
[2024-02-18T09:02:24.963+0000][7][safepoint   ] Safepoint "Cleanup", Time since last: 1000238342 ns, Reaching safepoint: 22523 ns, Cleanup: 22012 ns, At safepoint: 3557 ns, Total: 48092 ns
[2024-02-18T09:02:25.964+0000][7][safepoint   ] Safepoint "Cleanup", Time since last: 1000400255 ns, Reaching safepoint: 25899 ns, Cleanup: 25579 ns, At safepoint: 4429 ns, Total: 55907 ns
[2024-02-18T09:02:29.965+0000][7][safepoint   ] Safepoint "Cleanup", Time since last: 4000735742 ns, Reaching safepoint: 17764 ns, Cleanup: 14047 ns, At safepoint: 2796 ns, Total: 34607 ns
[2024-02-18T09:02:31.965+0000][7][safepoint   ] Safepoint "Cleanup", Time since last: 2000319808 ns, Reaching safepoint: 18626 ns, Cleanup: 26240 ns, At safepoint: 2776 ns, Total: 47642 ns
[2024-02-18T09:02:32.965+0000][7][safepoint   ] Safepoint "Cleanup", Time since last: 1000411816 ns, Reaching safepoint: 15329 ns, Cleanup: 13646 ns, At safepoint: 2495 ns, Total: 31470 ns
[2024-02-18T09:02:35.966+0000][7][safepoint   ] Safepoint "Cleanup", Time since last: 3000387286 ns, Reaching safepoint: 17353 ns, Cleanup: 10380 ns, At safepoint: 2795 ns, Total: 30528 ns
[2024-02-18T09:02:36.966+0000][7][safepoint   ] Safepoint "Cleanup", Time since last: 1000266318 ns, Reaching safepoint: 34677 ns, Cleanup: 30408 ns, At safepoint: 4208 ns, Total: 69293 ns
[2024-02-18T09:02:38.967+0000][7][safepoint   ] Safepoint "Cleanup", Time since last: 2000574126 ns, Reaching safepoint: 19317 ns, Cleanup: 14758 ns, At safepoint: 3767 ns, Total: 37842 ns
[2024-02-18T09:02:41.967+0000][7][safepoint   ] Safepoint "Cleanup", Time since last: 3000520601 ns, Reaching safepoint: 16422 ns, Cleanup: 12333 ns, At safepoint: 2255 ns, Total: 31010 ns
[2024-02-18T09:02:42.968+0000][7][safepoint   ] Safepoint "Cleanup", Time since last: 1000263633 ns, Reaching safepoint: 41750 ns, Cleanup: 53182 ns, At safepoint: 3616 ns, Total: 98548 ns
[2024-02-18T09:02:45.208+0000][7][safepoint   ] Safepoint "Cleanup", Time since last: 2240030389 ns, Reaching safepoint: 37652 ns, Cleanup: 15740 ns, At safepoint: 5290 ns, Total: 58682 ns
[2024-02-18T09:02:48.208+0000][7][safepoint   ] Safepoint "Cleanup", Time since last: 3000547202 ns, Reaching safepoint: 26892 ns, Cleanup: 12674 ns, At safepoint: 3527 ns, Total: 43093 ns
[2024-02-18T09:02:54.209+0000][7][safepoint   ] Safepoint "Cleanup", Time since last: 6000762979 ns, Reaching safepoint: 17012 ns, Cleanup: 16522 ns, At safepoint: 3106 ns, Total: 36640 ns
[2024-02-18T09:02:56.894+0000][7][gc,start    ] GC(33) Pause Young (Mixed) (G1 Evacuation Pause)
[2024-02-18T09:02:56.894+0000][7][gc,task     ] GC(33) Using 12 workers of 13 for evacuation
[2024-02-18T09:02:56.894+0000][7][gc,age      ] GC(33) Desired survivor size 20971520 bytes, new threshold 15 (max threshold 15)
[2024-02-18T09:02:56.913+0000][7][gc,phases   ] GC(33)   Pre Evacuate Collection Set: 0.3ms
[2024-02-18T09:02:56.914+0000][7][gc,phases   ] GC(33)   Merge Heap Roots: 0.1ms
[2024-02-18T09:02:56.914+0000][7][gc,phases   ] GC(33)   Evacuate Collection Set: 17.7ms
[2024-02-18T09:02:56.914+0000][7][gc,phases   ] GC(33)   Post Evacuate Collection Set: 0.9ms
[2024-02-18T09:02:56.914+0000][7][gc,phases   ] GC(33)   Other: 0.3ms
[2024-02-18T09:02:56.914+0000][7][gc,age      ] GC(33) Age table with threshold 15 (max threshold 15)
[2024-02-18T09:02:56.914+0000][7][gc,age      ] GC(33) - age   1:    5300280 bytes,    5300280 total
[2024-02-18T09:02:56.914+0000][7][gc,age      ] GC(33) - age   2:     528240 bytes,    5828520 total
[2024-02-18T09:02:56.914+0000][7][gc,age      ] GC(33) - age   3:     511040 bytes,    6339560 total
[2024-02-18T09:02:56.915+0000][7][gc,age      ] GC(33) - age   4:      50016 bytes,    6389576 total
[2024-02-18T09:02:56.915+0000][7][gc,age      ] GC(33) - age   5:     568064 bytes,    6957640 total
[2024-02-18T09:02:56.915+0000][7][gc,age      ] GC(33) - age   6:    1084488 bytes,    8042128 total
[2024-02-18T09:02:56.915+0000][7][gc,age      ] GC(33) - age   7:      59624 bytes,    8101752 total
[2024-02-18T09:02:56.915+0000][7][gc,age      ] GC(33) - age   8:      73944 bytes,    8175696 total
[2024-02-18T09:02:56.915+0000][7][gc,age      ] GC(33) - age   9:     197600 bytes,    8373296 total
[2024-02-18T09:02:56.915+0000][7][gc,age      ] GC(33) - age  10:    1728592 bytes,   10101888 total
[2024-02-18T09:02:56.915+0000][7][gc,age      ] GC(33) - age  11:    5928088 bytes,   16029976 total
[2024-02-18T09:02:56.916+0000][7][gc,heap     ] GC(33) Eden regions: 72->0(71)
[2024-02-18T09:02:56.916+0000][7][gc,heap     ] GC(33) Survivor regions: 4->5(10)
[2024-02-18T09:02:56.916+0000][7][gc,heap     ] GC(33) Old regions: 27->27
[2024-02-18T09:02:56.916+0000][7][gc,heap     ] GC(33) Humongous regions: 2->2
[2024-02-18T09:02:56.916+0000][7][gc,metaspace] GC(33) Metaspace: 119762K(124224K)->119762K(124224K) NonClass: 103973K(106560K)->103973K(106560K) Class: 15788K(17664K)->15788K(17664K)
[2024-02-18T09:02:56.916+0000][7][gc          ] GC(33) Pause Young (Mixed) (G1 Evacuation Pause) 415M->131M(512M) 22.266ms
[2024-02-18T09:02:56.916+0000][7][gc,cpu      ] GC(33) User=0.08s Sys=0.00s Real=0.03s
[2024-02-18T09:02:56.916+0000][7][safepoint   ] Safepoint "G1CollectForAllocation", Time since last: 2685105424 ns, Reaching safepoint: 15871 ns, Cleanup: 3336 ns, At safepoint: 22564828 ns, Total: 22584035 ns
[2024-02-18T09:02:57.917+0000][7][safepoint   ] Safepoint "Cleanup", Time since last: 1000345880 ns, Reaching safepoint: 21542 ns, Cleanup: 39405 ns, At safepoint: 3477 ns, Total: 64424 ns
[2024-02-18T09:02:59.917+0000][7][safepoint   ] Safepoint "Cleanup", Time since last: 2000484073 ns, Reaching safepoint: 54404 ns, Cleanup: 10220 ns, At safepoint: 22082 ns, Total: 86706 ns
[2024-02-18T09:03:00.918+0000][7][safepoint   ] Safepoint "Cleanup", Time since last: 1000254205 ns, Reaching safepoint: 19657 ns, Cleanup: 161059 ns, At safepoint: 3116 ns, Total: 183832 ns
[2024-02-18T09:03:02.919+0000][7][safepoint   ] Safepoint "Cleanup", Time since last: 2000844279 ns, Reaching safepoint: 21401 ns, Cleanup: 14988 ns, At safepoint: 3176 ns, Total: 39565 ns
[2024-02-18T09:03:05.919+0000][7][safepoint   ] Safepoint "Cleanup", Time since last: 3000528727 ns, Reaching safepoint: 18345 ns, Cleanup: 21602 ns, At safepoint: 3035 ns, Total: 42982 ns
[2024-02-18T09:03:06.920+0000][7][safepoint   ] Safepoint "Cleanup", Time since last: 1000247382 ns, Reaching safepoint: 19197 ns, Cleanup: 14117 ns, At safepoint: 3076 ns, Total: 36390 ns
[2024-02-18T09:03:07.920+0000][7][safepoint   ] Safepoint "Cleanup", Time since last: 1000327976 ns, Reaching safepoint: 20249 ns, Cleanup: 19958 ns, At safepoint: 3627 ns, Total: 43834 ns
[2024-02-18T09:03:11.921+0000][7][safepoint   ] Safepoint "Cleanup", Time since last: 4000598368 ns, Reaching safepoint: 16712 ns, Cleanup: 8236 ns, At safepoint: 2745 ns, Total: 27693 ns
[2024-02-18T09:03:12.921+0000][7][safepoint   ] Safepoint "Cleanup", Time since last: 1000228871 ns, Reaching safepoint: 22363 ns, Cleanup: 16812 ns, At safepoint: 3607 ns, Total: 42782 ns
[2024-02-18T09:03:14.921+0000][7][safepoint   ] Safepoint "Cleanup", Time since last: 2000492619 ns, Reaching safepoint: 21241 ns, Cleanup: 20068 ns, At safepoint: 2996 ns, Total: 44305 ns
[2024-02-18T09:03:17.922+0000][7][safepoint   ] Safepoint "Cleanup", Time since last: 3000524990 ns, Reaching safepoint: 37011 ns, Cleanup: 14097 ns, At safepoint: 2966 ns, Total: 54074 ns
[2024-02-18T09:03:24.923+0000][7][safepoint   ] Safepoint "Cleanup", Time since last: 7000763037 ns, Reaching safepoint: 23615 ns, Cleanup: 17353 ns, At safepoint: 3337 ns, Total: 44305 ns
[2024-02-18T09:03:26.924+0000][7][safepoint   ] Safepoint "Cleanup", Time since last: 2000549488 ns, Reaching safepoint: 23906 ns, Cleanup: 16101 ns, At safepoint: 3727 ns, Total: 43734 ns
[2024-02-18T09:03:27.924+0000][7][safepoint   ] Safepoint "Cleanup", Time since last: 1000437526 ns, Reaching safepoint: 34786 ns, Cleanup: 22824 ns, At safepoint: 4038 ns, Total: 61648 ns
[2024-02-18T09:03:30.925+0000][7][safepoint   ] Safepoint "Cleanup", Time since last: 3000634469 ns, Reaching safepoint: 40928 ns, Cleanup: 24818 ns, At safepoint: 4729 ns, Total: 70475 ns
[2024-02-18T09:03:31.925+0000][7][safepoint   ] Safepoint "Cleanup", Time since last: 1000486240 ns, Reaching safepoint: 28595 ns, Cleanup: 16431 ns, At safepoint: 3667 ns, Total: 48693 ns
[2024-02-18T09:03:34.926+0000][7][safepoint   ] Safepoint "Cleanup", Time since last: 3000716396 ns, Reaching safepoint: 64414 ns, Cleanup: 46308 ns, At safepoint: 8637 ns, Total: 119359 ns
[2024-02-18T09:03:35.927+0000][7][safepoint   ] Safepoint "Cleanup", Time since last: 1000599946 ns, Reaching safepoint: 27273 ns, Cleanup: 9318 ns, At safepoint: 3426 ns, Total: 40017 ns
[2024-02-18T09:03:36.927+0000][7][safepoint   ] Safepoint "Cleanup", Time since last: 1000344589 ns, Reaching safepoint: 30258 ns, Cleanup: 16532 ns, At safepoint: 4679 ns, Total: 51469 ns
[2024-02-18T09:03:38.928+0000][7][safepoint   ] Safepoint "Cleanup", Time since last: 2000579029 ns, Reaching safepoint: 23375 ns, Cleanup: 13426 ns, At safepoint: 3356 ns, Total: 40157 ns
[2024-02-18T09:03:39.928+0000][7][safepoint   ] Safepoint "Cleanup", Time since last: 1000264465 ns, Reaching safepoint: 21361 ns, Cleanup: 15630 ns, At safepoint: 3847 ns, Total: 40838 ns
[2024-02-18T09:03:42.929+0000][7][safepoint   ] Safepoint "Cleanup", Time since last: 3000995481 ns, Reaching safepoint: 31440 ns, Cleanup: 39015 ns, At safepoint: 4218 ns, Total: 74673 ns
[2024-02-18T09:03:45.229+0000][7][safepoint   ] Safepoint "Cleanup", Time since last: 2299888465 ns, Reaching safepoint: 17453 ns, Cleanup: 19107 ns, At safepoint: 3026 ns, Total: 39586 ns
[2024-02-18T09:03:48.230+0000][7][safepoint   ] Safepoint "Cleanup", Time since last: 3000605283 ns, Reaching safepoint: 17373 ns, Cleanup: 19778 ns, At safepoint: 3036 ns, Total: 40187 ns
[2024-02-18T09:03:48.928+0000][7][gc,start    ] GC(34) Pause Young (Concurrent Start) (G1 Evacuation Pause)
[2024-02-18T09:03:48.928+0000][7][gc,task     ] GC(34) Using 12 workers of 13 for evacuation
[2024-02-18T09:03:48.929+0000][7][gc,age      ] GC(34) Desired survivor size 20971520 bytes, new threshold 15 (max threshold 15)
[2024-02-18T09:03:48.944+0000][7][gc,phases   ] GC(34)   Pre Evacuate Collection Set: 0.2ms
[2024-02-18T09:03:48.944+0000][7][gc,phases   ] GC(34)   Merge Heap Roots: 0.1ms
[2024-02-18T09:03:48.945+0000][7][gc,phases   ] GC(34)   Evacuate Collection Set: 14.4ms
[2024-02-18T09:03:48.945+0000][7][gc,phases   ] GC(34)   Post Evacuate Collection Set: 0.8ms
[2024-02-18T09:03:48.945+0000][7][gc,phases   ] GC(34)   Other: 0.3ms
[2024-02-18T09:03:48.945+0000][7][gc,age      ] GC(34) Age table with threshold 15 (max threshold 15)
[2024-02-18T09:03:48.945+0000][7][gc,age      ] GC(34) - age   1:    2099032 bytes,    2099032 total
[2024-02-18T09:03:48.945+0000][7][gc,age      ] GC(34) - age   2:    4103480 bytes,    6202512 total
[2024-02-18T09:03:48.945+0000][7][gc,age      ] GC(34) - age   3:     390232 bytes,    6592744 total
[2024-02-18T09:03:48.945+0000][7][gc,age      ] GC(34) - age   4:     510184 bytes,    7102928 total
[2024-02-18T09:03:48.945+0000][7][gc,age      ] GC(34) - age   5:      49672 bytes,    7152600 total
[2024-02-18T09:03:48.945+0000][7][gc,age      ] GC(34) - age   6:     567808 bytes,    7720408 total
[2024-02-18T09:03:48.946+0000][7][gc,age      ] GC(34) - age   7:    1066128 bytes,    8786536 total
[2024-02-18T09:03:48.946+0000][7][gc,age      ] GC(34) - age   8:      59560 bytes,    8846096 total
[2024-02-18T09:03:48.946+0000][7][gc,age      ] GC(34) - age   9:      73944 bytes,    8920040 total
[2024-02-18T09:03:48.946+0000][7][gc,age      ] GC(34) - age  10:     197600 bytes,    9117640 total
[2024-02-18T09:03:48.946+0000][7][gc,age      ] GC(34) - age  11:    1712392 bytes,   10830032 total
[2024-02-18T09:03:48.946+0000][7][gc,age      ] GC(34) - age  12:    5861584 bytes,   16691616 total
[2024-02-18T09:03:48.946+0000][7][gc,heap     ] GC(34) Eden regions: 71->0(71)
[2024-02-18T09:03:48.946+0000][7][gc,heap     ] GC(34) Survivor regions: 5->5(10)
[2024-02-18T09:03:48.946+0000][7][gc,heap     ] GC(34) Old regions: 27->27
[2024-02-18T09:03:48.946+0000][7][gc,heap     ] GC(34) Humongous regions: 2->2
[2024-02-18T09:03:48.946+0000][7][gc,metaspace] GC(34) Metaspace: 120036K(124224K)->120036K(124224K) NonClass: 104212K(106560K)->104212K(106560K) Class: 15824K(17664K)->15824K(17664K)
[2024-02-18T09:03:48.947+0000][7][gc          ] GC(34) Pause Young (Concurrent Start) (G1 Evacuation Pause) 415M->132M(512M) 18.195ms
[2024-02-18T09:03:48.947+0000][7][gc          ] GC(35) Concurrent Mark Cycle
[2024-02-18T09:03:48.947+0000][7][gc,marking  ] GC(35) Concurrent Scan Root Regions
[2024-02-18T09:03:48.947+0000][7][gc,cpu      ] GC(34) User=0.06s Sys=0.00s Real=0.02s
[2024-02-18T09:03:48.947+0000][7][safepoint   ] Safepoint "G1CollectForAllocation", Time since last: 698539288 ns, Reaching safepoint: 16772 ns, Cleanup: 4308 ns, At safepoint: 18691074 ns, Total: 18712154 ns
[2024-02-18T09:03:48.950+0000][7][gc,marking  ] GC(35) Concurrent Scan Root Regions 2.752ms
[2024-02-18T09:03:48.950+0000][7][gc,marking  ] GC(35) Concurrent Mark
[2024-02-18T09:03:48.950+0000][7][gc,marking  ] GC(35) Concurrent Mark From Roots
[2024-02-18T09:03:48.950+0000][7][gc,task     ] GC(35) Using 3 workers of 3 for marking
[2024-02-18T09:03:48.982+0000][7][gc,marking  ] GC(35) Concurrent Mark From Roots 31.826ms
[2024-02-18T09:03:48.982+0000][7][gc,marking  ] GC(35) Concurrent Preclean
[2024-02-18T09:03:48.982+0000][7][gc,marking  ] GC(35) Concurrent Preclean 0.535ms
[2024-02-18T09:03:48.983+0000][7][gc,start    ] GC(35) Pause Remark
[2024-02-18T09:03:49.019+0000][7][gc          ] GC(35) Pause Remark 136M->136M(512M) 36.626ms
[2024-02-18T09:03:49.019+0000][7][gc,cpu      ] GC(35) User=0.07s Sys=0.00s Real=0.04s
[2024-02-18T09:03:49.020+0000][7][safepoint   ] Safepoint "G1PauseRemark", Time since last: 35469781 ns, Reaching safepoint: 15770 ns, Cleanup: 2896 ns, At safepoint: 37055567 ns, Total: 37074233 ns
[2024-02-18T09:03:49.020+0000][7][gc,marking  ] GC(35) Concurrent Mark 70.095ms
[2024-02-18T09:03:49.020+0000][7][gc,marking  ] GC(35) Concurrent Rebuild Remembered Sets and Scrub Regions
[2024-02-18T09:03:49.037+0000][7][gc,marking  ] GC(35) Concurrent Rebuild Remembered Sets and Scrub Regions 17.175ms
[2024-02-18T09:03:49.037+0000][7][gc,start    ] GC(35) Pause Cleanup
[2024-02-18T09:03:49.038+0000][7][gc          ] GC(35) Pause Cleanup 136M->136M(512M) 0.282ms
[2024-02-18T09:03:49.038+0000][7][gc,cpu      ] GC(35) User=0.00s Sys=0.00s Real=0.00s
[2024-02-18T09:03:49.038+0000][7][safepoint   ] Safepoint "G1PauseCleanup", Time since last: 17711769 ns, Reaching safepoint: 12674 ns, Cleanup: 42582 ns, At safepoint: 562392 ns, Total: 617648 ns
[2024-02-18T09:03:49.038+0000][7][gc,marking  ] GC(35) Concurrent Clear Claimed Marks
[2024-02-18T09:03:49.038+0000][7][gc,marking  ] GC(35) Concurrent Clear Claimed Marks 0.297ms
[2024-02-18T09:03:49.038+0000][7][gc,marking  ] GC(35) Concurrent Cleanup for Next Mark
[2024-02-18T09:03:49.039+0000][7][gc,marking  ] GC(35) Concurrent Cleanup for Next Mark 0.500ms
[2024-02-18T09:03:49.039+0000][7][gc          ] GC(35) Concurrent Mark Cycle 92.420ms
[2024-02-18T09:03:58.039+0000][7][safepoint   ] Safepoint "Cleanup", Time since last: 9000973592 ns, Reaching safepoint: 19567 ns, Cleanup: 21752 ns, At safepoint: 2615 ns, Total: 43934 ns
[2024-02-18T09:04:01.040+0000][7][safepoint   ] Safepoint "Cleanup", Time since last: 3000797732 ns, Reaching safepoint: 20449 ns, Cleanup: 13786 ns, At safepoint: 3347 ns, Total: 37582 ns
[2024-02-18T09:04:03.040+0000][7][safepoint   ] Safepoint "Cleanup", Time since last: 2000451380 ns, Reaching safepoint: 33625 ns, Cleanup: 22493 ns, At safepoint: 4458 ns, Total: 60576 ns
[2024-02-18T09:04:06.041+0000][7][safepoint   ] Safepoint "Cleanup", Time since last: 3000654933 ns, Reaching safepoint: 18426 ns, Cleanup: 24076 ns, At safepoint: 3206 ns, Total: 45708 ns
[2024-02-18T09:04:07.041+0000][7][safepoint   ] Safepoint "Cleanup", Time since last: 1000298595 ns, Reaching safepoint: 20810 ns, Cleanup: 22974 ns, At safepoint: 4198 ns, Total: 47982 ns
[2024-02-18T09:04:08.042+0000][7][safepoint   ] Safepoint "Cleanup", Time since last: 1000426635 ns, Reaching safepoint: 20520 ns, Cleanup: 18245 ns, At safepoint: 3306 ns, Total: 42071 ns
[2024-02-18T09:04:09.042+0000][7][safepoint   ] Safepoint "Cleanup", Time since last: 1000381453 ns, Reaching safepoint: 16472 ns, Cleanup: 11432 ns, At safepoint: 2765 ns, Total: 30669 ns
[2024-02-18T09:04:12.043+0000][7][safepoint   ] Safepoint "Cleanup", Time since last: 3000390352 ns, Reaching safepoint: 14798 ns, Cleanup: 9538 ns, At safepoint: 2325 ns, Total: 26661 ns
[2024-02-18T09:04:18.044+0000][7][safepoint   ] Safepoint "Cleanup", Time since last: 6000678517 ns, Reaching safepoint: 125256 ns, Cleanup: 7765 ns, At safepoint: 23895 ns, Total: 156916 ns
[2024-02-18T09:04:22.044+0000][7][safepoint   ] Safepoint "Cleanup", Time since last: 4000520754 ns, Reaching safepoint: 19588 ns, Cleanup: 15870 ns, At safepoint: 3126 ns, Total: 38584 ns
[2024-02-18T09:04:25.045+0000][7][safepoint   ] Safepoint "Cleanup", Time since last: 3000600935 ns, Reaching safepoint: 78501 ns, Cleanup: 46729 ns, At safepoint: 11111 ns, Total: 136341 ns
[2024-02-18T09:04:26.045+0000][7][safepoint   ] Safepoint "Cleanup", Time since last: 1000421986 ns, Reaching safepoint: 25840 ns, Cleanup: 26320 ns, At safepoint: 3777 ns, Total: 55937 ns
[2024-02-18T09:04:30.046+0000][7][safepoint   ] Safepoint "Cleanup", Time since last: 4000842772 ns, Reaching safepoint: 28294 ns, Cleanup: 16311 ns, At safepoint: 4920 ns, Total: 49525 ns
[2024-02-18T09:04:42.048+0000][7][safepoint   ] Safepoint "Cleanup", Time since last: 12001439237 ns, Reaching safepoint: 15801 ns, Cleanup: 10830 ns, At safepoint: 2836 ns, Total: 29467 ns
[2024-02-18T09:04:43.048+0000][7][safepoint   ] Safepoint "Cleanup", Time since last: 1000264860 ns, Reaching safepoint: 19347 ns, Cleanup: 24718 ns, At safepoint: 2885 ns, Total: 46950 ns
[2024-02-18T09:04:48.251+0000][7][safepoint   ] Safepoint "Cleanup", Time since last: 5203095471 ns, Reaching safepoint: 51939 ns, Cleanup: 13797 ns, At safepoint: 3326 ns, Total: 69062 ns
[2024-02-18T09:04:48.722+0000][7][gc,start    ] GC(36) Pause Young (Prepare Mixed) (G1 Evacuation Pause)
[2024-02-18T09:04:48.722+0000][7][gc,task     ] GC(36) Using 12 workers of 13 for evacuation
[2024-02-18T09:04:48.722+0000][7][gc,age      ] GC(36) Desired survivor size 20971520 bytes, new threshold 15 (max threshold 15)
[2024-02-18T09:04:48.734+0000][7][gc,phases   ] GC(36)   Pre Evacuate Collection Set: 0.2ms
[2024-02-18T09:04:48.734+0000][7][gc,phases   ] GC(36)   Merge Heap Roots: 0.1ms
[2024-02-18T09:04:48.734+0000][7][gc,phases   ] GC(36)   Evacuate Collection Set: 10.3ms
[2024-02-18T09:04:48.735+0000][7][gc,phases   ] GC(36)   Post Evacuate Collection Set: 0.9ms
[2024-02-18T09:04:48.735+0000][7][gc,phases   ] GC(36)   Other: 0.2ms
[2024-02-18T09:04:48.735+0000][7][gc,age      ] GC(36) Age table with threshold 15 (max threshold 15)
[2024-02-18T09:04:48.735+0000][7][gc,age      ] GC(36) - age   1:    1279744 bytes,    1279744 total
[2024-02-18T09:04:48.735+0000][7][gc,age      ] GC(36) - age   2:     329328 bytes,    1609072 total
[2024-02-18T09:04:48.735+0000][7][gc,age      ] GC(36) - age   3:    4093360 bytes,    5702432 total
[2024-02-18T09:04:48.735+0000][7][gc,age      ] GC(36) - age   4:     389944 bytes,    6092376 total
[2024-02-18T09:04:48.735+0000][7][gc,age      ] GC(36) - age   5:     510184 bytes,    6602560 total
[2024-02-18T09:04:48.735+0000][7][gc,age      ] GC(36) - age   6:      49672 bytes,    6652232 total
[2024-02-18T09:04:48.735+0000][7][gc,age      ] GC(36) - age   7:     282704 bytes,    6934936 total
[2024-02-18T09:04:48.736+0000][7][gc,age      ] GC(36) - age   8:    1042672 bytes,    7977608 total
[2024-02-18T09:04:48.736+0000][7][gc,age      ] GC(36) - age   9:      59560 bytes,    8037168 total
[2024-02-18T09:04:48.736+0000][7][gc,age      ] GC(36) - age  10:      73944 bytes,    8111112 total
[2024-02-18T09:04:48.736+0000][7][gc,age      ] GC(36) - age  11:     197600 bytes,    8308712 total
[2024-02-18T09:04:48.736+0000][7][gc,age      ] GC(36) - age  12:    1711920 bytes,   10020632 total
[2024-02-18T09:04:48.736+0000][7][gc,age      ] GC(36) - age  13:    5861584 bytes,   15882216 total
[2024-02-18T09:04:48.736+0000][7][gc,heap     ] GC(36) Eden regions: 71->0(71)
[2024-02-18T09:04:48.736+0000][7][gc,heap     ] GC(36) Survivor regions: 5->5(10)
[2024-02-18T09:04:48.736+0000][7][gc,heap     ] GC(36) Old regions: 27->27
[2024-02-18T09:04:48.736+0000][7][gc,heap     ] GC(36) Humongous regions: 2->2
[2024-02-18T09:04:48.736+0000][7][gc,metaspace] GC(36) Metaspace: 120082K(124288K)->120082K(124288K) NonClass: 104258K(106624K)->104258K(106624K) Class: 15824K(17664K)->15824K(17664K)
[2024-02-18T09:04:48.737+0000][7][gc          ] GC(36) Pause Young (Prepare Mixed) (G1 Evacuation Pause) 416M->130M(512M) 14.432ms
[2024-02-18T09:04:48.737+0000][7][gc,cpu      ] GC(36) User=0.06s Sys=0.00s Real=0.02s
[2024-02-18T09:04:48.737+0000][7][safepoint   ] Safepoint "G1CollectForAllocation", Time since last: 470841086 ns, Reaching safepoint: 16211 ns, Cleanup: 3376 ns, At safepoint: 14710590 ns, Total: 14730177 ns
[2024-02-18T09:04:55.737+0000][7][safepoint   ] Safepoint "Cleanup", Time since last: 7000709104 ns, Reaching safepoint: 27292 ns, Cleanup: 18626 ns, At safepoint: 3687 ns, Total: 49605 ns
[2024-02-18T09:04:57.737+0000][7][safepoint   ] Safepoint "Cleanup", Time since last: 2000528173 ns, Reaching safepoint: 36340 ns, Cleanup: 36910 ns, At safepoint: 4689 ns, Total: 77939 ns
[2024-02-18T09:04:58.738+0000][7][safepoint   ] Safepoint "Cleanup", Time since last: 1000482533 ns, Reaching safepoint: 35207 ns, Cleanup: 36640 ns, At safepoint: 5010 ns, Total: 76857 ns
[2024-02-18T09:05:00.739+0000][7][safepoint   ] Safepoint "Cleanup", Time since last: 2000518429 ns, Reaching safepoint: 21471 ns, Cleanup: 18225 ns, At safepoint: 3637 ns, Total: 43333 ns
[2024-02-18T09:05:06.739+0000][7][safepoint   ] Safepoint "Cleanup", Time since last: 6000902717 ns, Reaching safepoint: 21852 ns, Cleanup: 31851 ns, At safepoint: 6572 ns, Total: 60275 ns
[2024-02-18T09:05:08.740+0000][7][safepoint   ] Safepoint "Cleanup", Time since last: 2000462182 ns, Reaching safepoint: 42601 ns, Cleanup: 23124 ns, At safepoint: 4549 ns, Total: 70274 ns
[2024-02-18T09:05:09.741+0000][7][safepoint   ] Safepoint "Cleanup", Time since last: 1000466482 ns, Reaching safepoint: 19086 ns, Cleanup: 20680 ns, At safepoint: 3116 ns, Total: 42882 ns
[2024-02-18T09:05:18.742+0000][7][safepoint   ] Safepoint "Cleanup", Time since last: 9001077556 ns, Reaching safepoint: 20559 ns, Cleanup: 13897 ns, At safepoint: 3717 ns, Total: 38173 ns
[2024-02-18T09:05:21.742+0000][7][safepoint   ] Safepoint "Cleanup", Time since last: 3000579714 ns, Reaching safepoint: 20620 ns, Cleanup: 14157 ns, At safepoint: 3727 ns, Total: 38504 ns
[2024-02-18T09:05:33.760+0000][7][safepoint   ] Safepoint "Cleanup", Time since last: 12016397668 ns, Reaching safepoint: 20599 ns, Cleanup: 24026 ns, At safepoint: 3868 ns, Total: 48493 ns
[2024-02-18T09:05:42.761+0000][7][safepoint   ] Safepoint "Cleanup", Time since last: 9001201884 ns, Reaching safepoint: 25569 ns, Cleanup: 15559 ns, At safepoint: 5521 ns, Total: 46649 ns
[2024-02-18T09:05:45.325+0000][7][safepoint   ] Safepoint "Cleanup", Time since last: 2564164334 ns, Reaching safepoint: 18345 ns, Cleanup: 16803 ns, At safepoint: 3065 ns, Total: 38213 ns
[2024-02-18T09:05:50.950+0000][7][gc,start    ] GC(37) Pause Young (Mixed) (G1 Evacuation Pause)
[2024-02-18T09:05:50.950+0000][7][gc,task     ] GC(37) Using 12 workers of 13 for evacuation
[2024-02-18T09:05:50.950+0000][7][gc,age      ] GC(37) Desired survivor size 20971520 bytes, new threshold 15 (max threshold 15)
[2024-02-18T09:05:50.977+0000][7][gc,phases   ] GC(37)   Pre Evacuate Collection Set: 0.3ms
[2024-02-18T09:05:50.977+0000][7][gc,phases   ] GC(37)   Merge Heap Roots: 0.3ms
[2024-02-18T09:05:50.977+0000][7][gc,phases   ] GC(37)   Evacuate Collection Set: 24.8ms
[2024-02-18T09:05:50.978+0000][7][gc,phases   ] GC(37)   Post Evacuate Collection Set: 1.2ms
[2024-02-18T09:05:50.978+0000][7][gc,phases   ] GC(37)   Other: 0.3ms
[2024-02-18T09:05:50.978+0000][7][gc,age      ] GC(37) Age table with threshold 15 (max threshold 15)
[2024-02-18T09:05:50.978+0000][7][gc,age      ] GC(37) - age   1:    1934776 bytes,    1934776 total
[2024-02-18T09:05:50.978+0000][7][gc,age      ] GC(37) - age   2:     140272 bytes,    2075048 total
[2024-02-18T09:05:50.978+0000][7][gc,age      ] GC(37) - age   3:     325424 bytes,    2400472 total
[2024-02-18T09:05:50.978+0000][7][gc,age      ] GC(37) - age   4:    4089392 bytes,    6489864 total
[2024-02-18T09:05:50.978+0000][7][gc,age      ] GC(37) - age   5:     389720 bytes,    6879584 total
[2024-02-18T09:05:50.978+0000][7][gc,age      ] GC(37) - age   6:     510184 bytes,    7389768 total
[2024-02-18T09:05:50.978+0000][7][gc,age      ] GC(37) - age   7:      49672 bytes,    7439440 total
[2024-02-18T09:05:50.979+0000][7][gc,age      ] GC(37) - age   8:     282704 bytes,    7722144 total
[2024-02-18T09:05:50.979+0000][7][gc,age      ] GC(37) - age   9:    1039304 bytes,    8761448 total
[2024-02-18T09:05:50.979+0000][7][gc,age      ] GC(37) - age  10:      59560 bytes,    8821008 total
[2024-02-18T09:05:50.979+0000][7][gc,age      ] GC(37) - age  11:      73944 bytes,    8894952 total
[2024-02-18T09:05:50.979+0000][7][gc,age      ] GC(37) - age  12:     197600 bytes,    9092552 total
[2024-02-18T09:05:50.979+0000][7][gc,age      ] GC(37) - age  13:    1711920 bytes,   10804472 total
[2024-02-18T09:05:50.979+0000][7][gc,age      ] GC(37) - age  14:    5861584 bytes,   16666056 total
[2024-02-18T09:05:50.979+0000][7][gc,heap     ] GC(37) Eden regions: 71->0(71)
[2024-02-18T09:05:50.979+0000][7][gc,heap     ] GC(37) Survivor regions: 5->5(10)
[2024-02-18T09:05:50.980+0000][7][gc,heap     ] GC(37) Old regions: 27->27
[2024-02-18T09:05:50.980+0000][7][gc,heap     ] GC(37) Humongous regions: 2->2
[2024-02-18T09:05:50.980+0000][7][gc,metaspace] GC(37) Metaspace: 120143K(124288K)->120143K(124288K) NonClass: 104319K(106624K)->104319K(106624K) Class: 15824K(17664K)->15824K(17664K)
[2024-02-18T09:05:50.980+0000][7][gc          ] GC(37) Pause Young (Mixed) (G1 Evacuation Pause) 414M->131M(512M) 30.283ms
[2024-02-18T09:05:50.980+0000][7][gc,cpu      ] GC(37) User=0.13s Sys=0.00s Real=0.03s
[2024-02-18T09:05:50.980+0000][7][safepoint   ] Safepoint "G1CollectForAllocation", Time since last: 5624627164 ns, Reaching safepoint: 45287 ns, Cleanup: 6191 ns, At safepoint: 30646859 ns, Total: 30698337 ns
[2024-02-18T09:05:51.981+0000][7][safepoint   ] Safepoint "Cleanup", Time since last: 1000285774 ns, Reaching safepoint: 49986 ns, Cleanup: 27252 ns, At safepoint: 31431 ns, Total: 108669 ns
[2024-02-18T09:05:52.981+0000][7][safepoint   ] Safepoint "Cleanup", Time since last: 1000384424 ns, Reaching safepoint: 20750 ns, Cleanup: 12193 ns, At safepoint: 3747 ns, Total: 36690 ns
[2024-02-18T09:05:53.982+0000][7][safepoint   ] Safepoint "Cleanup", Time since last: 1000428178 ns, Reaching safepoint: 18886 ns, Cleanup: 9418 ns, At safepoint: 3187 ns, Total: 31491 ns
[2024-02-18T09:05:54.982+0000][7][safepoint   ] Safepoint "Cleanup", Time since last: 1000277018 ns, Reaching safepoint: 24838 ns, Cleanup: 14427 ns, At safepoint: 3657 ns, Total: 42922 ns
[2024-02-18T09:05:55.982+0000][7][safepoint   ] Safepoint "Cleanup", Time since last: 1000435938 ns, Reaching safepoint: 26451 ns, Cleanup: 18105 ns, At safepoint: 3997 ns, Total: 48553 ns
[2024-02-18T09:05:57.983+0000][7][safepoint   ] Safepoint "Cleanup", Time since last: 2000571837 ns, Reaching safepoint: 27052 ns, Cleanup: 22823 ns, At safepoint: 4799 ns, Total: 54674 ns
[2024-02-18T09:06:01.984+0000][7][safepoint   ] Safepoint "Cleanup", Time since last: 4000649061 ns, Reaching safepoint: 17944 ns, Cleanup: 13166 ns, At safepoint: 2905 ns, Total: 34015 ns
[2024-02-18T09:06:05.984+0000][7][safepoint   ] Safepoint "Cleanup", Time since last: 4000538984 ns, Reaching safepoint: 15711 ns, Cleanup: 10490 ns, At safepoint: 2254 ns, Total: 28455 ns
[2024-02-18T09:06:06.985+0000][7][safepoint   ] Safepoint "Cleanup", Time since last: 1000242733 ns, Reaching safepoint: 17313 ns, Cleanup: 26260 ns, At safepoint: 4289 ns, Total: 47862 ns
[2024-02-18T09:06:08.985+0000][7][safepoint   ] Safepoint "Cleanup", Time since last: 2000440353 ns, Reaching safepoint: 18576 ns, Cleanup: 9498 ns, At safepoint: 2725 ns, Total: 30799 ns
[2024-02-18T09:06:10.985+0000][7][safepoint   ] Safepoint "Cleanup", Time since last: 2000367316 ns, Reaching safepoint: 17433 ns, Cleanup: 11542 ns, At safepoint: 3186 ns, Total: 32161 ns
[2024-02-18T09:06:11.986+0000][7][safepoint   ] Safepoint "Cleanup", Time since last: 1000418044 ns, Reaching safepoint: 61888 ns, Cleanup: 35538 ns, At safepoint: 8407 ns, Total: 105833 ns
[2024-02-18T09:06:12.987+0000][7][safepoint   ] Safepoint "Cleanup", Time since last: 1000924357 ns, Reaching safepoint: 25489 ns, Cleanup: 18285 ns, At safepoint: 5461 ns, Total: 49235 ns
[2024-02-18T09:06:23.988+0000][7][safepoint   ] Safepoint "Cleanup", Time since last: 11001560713 ns, Reaching safepoint: 32111 ns, Cleanup: 9398 ns, At safepoint: 2766 ns, Total: 44275 ns
[2024-02-18T09:06:24.989+0000][7][safepoint   ] Safepoint "Cleanup", Time since last: 1000272048 ns, Reaching safepoint: 24467 ns, Cleanup: 15069 ns, At safepoint: 4118 ns, Total: 43654 ns
[2024-02-18T09:06:26.990+0000][7][safepoint   ] Safepoint "Cleanup", Time since last: 2000502659 ns, Reaching safepoint: 33183 ns, Cleanup: 23946 ns, At safepoint: 3126 ns, Total: 60255 ns
[2024-02-18T09:06:30.990+0000][7][safepoint   ] Safepoint "Cleanup", Time since last: 4000591189 ns, Reaching safepoint: 15811 ns, Cleanup: 19066 ns, At safepoint: 2715 ns, Total: 37592 ns
[2024-02-18T09:06:32.991+0000][7][safepoint   ] Safepoint "Cleanup", Time since last: 2000321521 ns, Reaching safepoint: 17274 ns, Cleanup: 8997 ns, At safepoint: 15159 ns, Total: 41430 ns
[2024-02-18T09:06:33.991+0000][7][safepoint   ] Safepoint "Cleanup", Time since last: 1000249692 ns, Reaching safepoint: 18035 ns, Cleanup: 12323 ns, At safepoint: 2906 ns, Total: 33264 ns
[2024-02-18T09:06:35.991+0000][7][safepoint   ] Safepoint "Cleanup", Time since last: 2000428987 ns, Reaching safepoint: 16282 ns, Cleanup: 10790 ns, At safepoint: 2445 ns, Total: 29517 ns
[2024-02-18T09:06:36.992+0000][7][safepoint   ] Safepoint "Cleanup", Time since last: 1000226161 ns, Reaching safepoint: 17233 ns, Cleanup: 14167 ns, At safepoint: 2595 ns, Total: 33995 ns
[2024-02-18T09:06:41.992+0000][7][safepoint   ] Safepoint "Cleanup", Time since last: 5000672078 ns, Reaching safepoint: 16481 ns, Cleanup: 8617 ns, At safepoint: 2284 ns, Total: 27382 ns
[2024-02-18T09:06:42.993+0000][7][safepoint   ] Safepoint "Cleanup", Time since last: 1000288174 ns, Reaching safepoint: 32823 ns, Cleanup: 27833 ns, At safepoint: 4188 ns, Total: 64844 ns
[2024-02-18T09:06:45.063+0000][7][gc,start    ] GC(38) Pause Young (Concurrent Start) (G1 Evacuation Pause)
[2024-02-18T09:06:45.063+0000][7][gc,task     ] GC(38) Using 12 workers of 13 for evacuation
[2024-02-18T09:06:45.063+0000][7][gc,age      ] GC(38) Desired survivor size 20971520 bytes, new threshold 15 (max threshold 15)
[2024-02-18T09:06:45.076+0000][7][gc,phases   ] GC(38)   Pre Evacuate Collection Set: 0.2ms
[2024-02-18T09:06:45.076+0000][7][gc,phases   ] GC(38)   Merge Heap Roots: 0.1ms
[2024-02-18T09:06:45.076+0000][7][gc,phases   ] GC(38)   Evacuate Collection Set: 10.9ms
[2024-02-18T09:06:45.076+0000][7][gc,phases   ] GC(38)   Post Evacuate Collection Set: 0.9ms
[2024-02-18T09:06:45.076+0000][7][gc,phases   ] GC(38)   Other: 0.3ms
[2024-02-18T09:06:45.076+0000][7][gc,age      ] GC(38) Age table with threshold 15 (max threshold 15)
[2024-02-18T09:06:45.076+0000][7][gc,age      ] GC(38) - age   1:     814400 bytes,     814400 total
[2024-02-18T09:06:45.077+0000][7][gc,age      ] GC(38) - age   2:      58928 bytes,     873328 total
[2024-02-18T09:06:45.077+0000][7][gc,age      ] GC(38) - age   3:     138016 bytes,    1011344 total
[2024-02-18T09:06:45.077+0000][7][gc,age      ] GC(38) - age   4:     323296 bytes,    1334640 total
[2024-02-18T09:06:45.077+0000][7][gc,age      ] GC(38) - age   5:    4087904 bytes,    5422544 total
[2024-02-18T09:06:45.077+0000][7][gc,age      ] GC(38) - age   6:     389416 bytes,    5811960 total
[2024-02-18T09:06:45.077+0000][7][gc,age      ] GC(38) - age   7:     510184 bytes,    6322144 total
[2024-02-18T09:06:45.077+0000][7][gc,age      ] GC(38) - age   8:      49640 bytes,    6371784 total
[2024-02-18T09:06:45.077+0000][7][gc,age      ] GC(38) - age   9:     282576 bytes,    6654360 total
[2024-02-18T09:06:45.077+0000][7][gc,age      ] GC(38) - age  10:    1039304 bytes,    7693664 total
[2024-02-18T09:06:45.078+0000][7][gc,age      ] GC(38) - age  11:      59560 bytes,    7753224 total
[2024-02-18T09:06:45.078+0000][7][gc,age      ] GC(38) - age  12:      73944 bytes,    7827168 total
[2024-02-18T09:06:45.078+0000][7][gc,age      ] GC(38) - age  13:     197600 bytes,    8024768 total
[2024-02-18T09:06:45.078+0000][7][gc,age      ] GC(38) - age  14:    1711784 bytes,    9736552 total
[2024-02-18T09:06:45.078+0000][7][gc,age      ] GC(38) - age  15:    5857480 bytes,   15594032 total
[2024-02-18T09:06:45.078+0000][7][gc,heap     ] GC(38) Eden regions: 71->0(71)
[2024-02-18T09:06:45.078+0000][7][gc,heap     ] GC(38) Survivor regions: 5->5(10)
[2024-02-18T09:06:45.078+0000][7][gc,heap     ] GC(38) Old regions: 27->27
[2024-02-18T09:06:45.078+0000][7][gc,heap     ] GC(38) Humongous regions: 2->2
[2024-02-18T09:06:45.079+0000][7][gc,metaspace] GC(38) Metaspace: 120172K(124288K)->120172K(124288K) NonClass: 104348K(106624K)->104348K(106624K) Class: 15824K(17664K)->15824K(17664K)
[2024-02-18T09:06:45.079+0000][7][gc          ] GC(38) Pause Young (Concurrent Start) (G1 Evacuation Pause) 415M->130M(512M) 15.756ms
[2024-02-18T09:06:45.079+0000][7][gc          ] GC(39) Concurrent Mark Cycle
[2024-02-18T09:06:45.079+0000][7][gc,marking  ] GC(39) Concurrent Scan Root Regions
[2024-02-18T09:06:45.079+0000][7][gc,cpu      ] GC(38) User=0.06s Sys=0.00s Real=0.02s
[2024-02-18T09:06:45.081+0000][7][safepoint   ] Safepoint "G1CollectForAllocation", Time since last: 2070294874 ns, Reaching safepoint: 15359 ns, Cleanup: 5861 ns, At safepoint: 18177817 ns, Total: 18199037 ns
[2024-02-18T09:06:45.081+0000][7][gc,marking  ] GC(39) Concurrent Scan Root Regions 2.430ms
[2024-02-18T09:06:45.083+0000][7][gc,marking  ] GC(39) Concurrent Mark
[2024-02-18T09:06:45.084+0000][7][gc,marking  ] GC(39) Concurrent Mark From Roots
[2024-02-18T09:06:45.084+0000][7][gc,task     ] GC(39) Using 3 workers of 3 for marking
[2024-02-18T09:06:45.121+0000][7][gc,marking  ] GC(39) Concurrent Mark From Roots 36.991ms
[2024-02-18T09:06:45.121+0000][7][gc,marking  ] GC(39) Concurrent Preclean
[2024-02-18T09:06:45.121+0000][7][gc,marking  ] GC(39) Concurrent Preclean 0.535ms
[2024-02-18T09:06:45.122+0000][7][gc,start    ] GC(39) Pause Remark
[2024-02-18T09:06:45.131+0000][7][gc          ] GC(39) Pause Remark 131M->131M(512M) 9.506ms
[2024-02-18T09:06:45.132+0000][7][gc,cpu      ] GC(39) User=0.03s Sys=0.00s Real=0.01s
[2024-02-18T09:06:45.132+0000][7][safepoint   ] Safepoint "G1PauseRemark", Time since last: 40564844 ns, Reaching safepoint: 16802 ns, Cleanup: 2685 ns, At safepoint: 10153026 ns, Total: 10172513 ns
[2024-02-18T09:06:45.132+0000][7][gc,marking  ] GC(39) Concurrent Mark 48.675ms
[2024-02-18T09:06:45.132+0000][7][gc,marking  ] GC(39) Concurrent Rebuild Remembered Sets and Scrub Regions
[2024-02-18T09:06:45.148+0000][7][gc,marking  ] GC(39) Concurrent Rebuild Remembered Sets and Scrub Regions 15.539ms
[2024-02-18T09:06:45.148+0000][7][gc,start    ] GC(39) Pause Cleanup
[2024-02-18T09:06:45.148+0000][7][gc          ] GC(39) Pause Cleanup 134M->134M(512M) 0.290ms
[2024-02-18T09:06:45.149+0000][7][gc,cpu      ] GC(39) User=0.00s Sys=0.00s Real=0.00s
[2024-02-18T09:06:45.149+0000][7][safepoint   ] Safepoint "G1PauseCleanup", Time since last: 16252328 ns, Reaching safepoint: 16812 ns, Cleanup: 12404 ns, At safepoint: 606502 ns, Total: 635718 ns
[2024-02-18T09:06:45.149+0000][7][gc,marking  ] GC(39) Concurrent Clear Claimed Marks
[2024-02-18T09:06:45.149+0000][7][gc,marking  ] GC(39) Concurrent Clear Claimed Marks 0.315ms
[2024-02-18T09:06:45.149+0000][7][gc,marking  ] GC(39) Concurrent Cleanup for Next Mark
[2024-02-18T09:06:45.150+0000][7][gc,marking  ] GC(39) Concurrent Cleanup for Next Mark 0.964ms
[2024-02-18T09:06:45.150+0000][7][gc          ] GC(39) Concurrent Mark Cycle 71.606ms
[2024-02-18T09:06:46.149+0000][7][safepoint   ] Safepoint "Cleanup", Time since last: 1000221743 ns, Reaching safepoint: 17273 ns, Cleanup: 12123 ns, At safepoint: 2966 ns, Total: 32362 ns
[2024-02-18T09:06:48.149+0000][7][safepoint   ] Safepoint "Cleanup", Time since last: 2000418066 ns, Reaching safepoint: 35839 ns, Cleanup: 16973 ns, At safepoint: 3106 ns, Total: 55918 ns
[2024-02-18T09:06:51.150+0000][7][safepoint   ] Safepoint "Cleanup", Time since last: 3000443062 ns, Reaching safepoint: 21271 ns, Cleanup: 14558 ns, At safepoint: 3607 ns, Total: 39436 ns
[2024-02-18T09:06:54.150+0000][7][safepoint   ] Safepoint "Cleanup", Time since last: 3000621995 ns, Reaching safepoint: 16852 ns, Cleanup: 11953 ns, At safepoint: 3607 ns, Total: 32412 ns
[2024-02-18T09:06:55.151+0000][7][safepoint   ] Safepoint "Cleanup", Time since last: 1000291687 ns, Reaching safepoint: 17002 ns, Cleanup: 12554 ns, At safepoint: 3026 ns, Total: 32582 ns
[2024-02-18T09:06:58.151+0000][7][safepoint   ] Safepoint "Cleanup", Time since last: 3000502567 ns, Reaching safepoint: 17443 ns, Cleanup: 11552 ns, At safepoint: 3066 ns, Total: 32061 ns
[2024-02-18T09:07:00.152+0000][7][safepoint   ] Safepoint "Cleanup", Time since last: 2000465849 ns, Reaching safepoint: 19166 ns, Cleanup: 12935 ns, At safepoint: 2745 ns, Total: 34846 ns
[2024-02-18T09:07:01.152+0000][7][safepoint   ] Safepoint "Cleanup", Time since last: 1000435152 ns, Reaching safepoint: 18565 ns, Cleanup: 13486 ns, At safepoint: 2685 ns, Total: 34736 ns
[2024-02-18T09:07:02.153+0000][7][safepoint   ] Safepoint "Cleanup", Time since last: 1000434801 ns, Reaching safepoint: 23425 ns, Cleanup: 14578 ns, At safepoint: 3256 ns, Total: 41259 ns
[2024-02-18T09:07:06.153+0000][7][safepoint   ] Safepoint "Cleanup", Time since last: 4000638064 ns, Reaching safepoint: 18115 ns, Cleanup: 19988 ns, At safepoint: 2545 ns, Total: 40648 ns
[2024-02-18T09:07:08.154+0000][7][safepoint   ] Safepoint "Cleanup", Time since last: 2000445469 ns, Reaching safepoint: 18345 ns, Cleanup: 17704 ns, At safepoint: 3136 ns, Total: 39185 ns
[2024-02-18T09:07:09.154+0000][7][safepoint   ] Safepoint "Cleanup", Time since last: 1000473676 ns, Reaching safepoint: 18966 ns, Cleanup: 17243 ns, At safepoint: 3016 ns, Total: 39225 ns
[2024-02-18T09:07:11.155+0000][7][safepoint   ] Safepoint "Cleanup", Time since last: 2000770592 ns, Reaching safepoint: 30508 ns, Cleanup: 39446 ns, At safepoint: 3677 ns, Total: 73631 ns
[2024-02-18T09:07:12.156+0000][7][safepoint   ] Safepoint "Cleanup", Time since last: 1000470188 ns, Reaching safepoint: 18245 ns, Cleanup: 44445 ns, At safepoint: 4088 ns, Total: 66778 ns
[2024-02-18T09:07:13.156+0000][7][safepoint   ] Safepoint "Cleanup", Time since last: 1000431084 ns, Reaching safepoint: 19738 ns, Cleanup: 12904 ns, At safepoint: 3778 ns, Total: 36420 ns
[2024-02-18T09:07:15.157+0000][7][safepoint   ] Safepoint "Cleanup", Time since last: 2000385930 ns, Reaching safepoint: 81957 ns, Cleanup: 26911 ns, At safepoint: 6272 ns, Total: 115140 ns
[2024-02-18T09:07:18.158+0000][7][safepoint   ] Safepoint "Cleanup", Time since last: 3000649523 ns, Reaching safepoint: 26711 ns, Cleanup: 17714 ns, At safepoint: 4779 ns, Total: 49204 ns
[2024-02-18T09:07:24.158+0000][7][safepoint   ] Safepoint "Cleanup", Time since last: 6000845046 ns, Reaching safepoint: 16622 ns, Cleanup: 12735 ns, At safepoint: 2454 ns, Total: 31811 ns
[2024-02-18T09:07:33.160+0000][7][safepoint   ] Safepoint "Cleanup", Time since last: 9001104809 ns, Reaching safepoint: 14688 ns, Cleanup: 19898 ns, At safepoint: 3016 ns, Total: 37602 ns
[2024-02-18T09:07:36.160+0000][7][safepoint   ] Safepoint "Cleanup", Time since last: 3000523386 ns, Reaching safepoint: 20740 ns, Cleanup: 17423 ns, At safepoint: 3286 ns, Total: 41449 ns
[2024-02-18T09:07:37.160+0000][7][safepoint   ] Safepoint "Cleanup", Time since last: 1000330131 ns, Reaching safepoint: 17323 ns, Cleanup: 14939 ns, At safepoint: 2474 ns, Total: 34736 ns
[2024-02-18T09:07:40.161+0000][7][safepoint   ] Safepoint "Cleanup", Time since last: 3000413216 ns, Reaching safepoint: 18986 ns, Cleanup: 13426 ns, At safepoint: 2825 ns, Total: 35237 ns
[2024-02-18T09:07:45.374+0000][7][gc,start    ] GC(40) Pause Young (Prepare Mixed) (G1 Evacuation Pause)
[2024-02-18T09:07:45.374+0000][7][gc,task     ] GC(40) Using 12 workers of 13 for evacuation
[2024-02-18T09:07:45.374+0000][7][gc,age      ] GC(40) Desired survivor size 20971520 bytes, new threshold 15 (max threshold 15)
[2024-02-18T09:07:45.386+0000][7][gc,phases   ] GC(40)   Pre Evacuate Collection Set: 0.2ms
[2024-02-18T09:07:45.386+0000][7][gc,phases   ] GC(40)   Merge Heap Roots: 0.1ms
[2024-02-18T09:07:45.386+0000][7][gc,phases   ] GC(40)   Evacuate Collection Set: 10.8ms
[2024-02-18T09:07:45.386+0000][7][gc,phases   ] GC(40)   Post Evacuate Collection Set: 0.7ms
[2024-02-18T09:07:45.386+0000][7][gc,phases   ] GC(40)   Other: 0.2ms
[2024-02-18T09:07:45.387+0000][7][gc,age      ] GC(40) Age table with threshold 15 (max threshold 15)
[2024-02-18T09:07:45.387+0000][7][gc,age      ] GC(40) - age   1:    1668128 bytes,    1668128 total
[2024-02-18T09:07:45.387+0000][7][gc,age      ] GC(40) - age   2:     109328 bytes,    1777456 total
[2024-02-18T09:07:45.387+0000][7][gc,age      ] GC(40) - age   3:      53520 bytes,    1830976 total
[2024-02-18T09:07:45.387+0000][7][gc,age      ] GC(40) - age   4:     108384 bytes,    1939360 total
[2024-02-18T09:07:45.387+0000][7][gc,age      ] GC(40) - age   5:     265464 bytes,    2204824 total
[2024-02-18T09:07:45.387+0000][7][gc,age      ] GC(40) - age   6:    3942624 bytes,    6147448 total
[2024-02-18T09:07:45.387+0000][7][gc,age      ] GC(40) - age   7:     314640 bytes,    6462088 total
[2024-02-18T09:07:45.387+0000][7][gc,age      ] GC(40) - age   8:     437016 bytes,    6899104 total
[2024-02-18T09:07:45.387+0000][7][gc,age      ] GC(40) - age   9:      49640 bytes,    6948744 total
[2024-02-18T09:07:45.388+0000][7][gc,age      ] GC(40) - age  10:     282576 bytes,    7231320 total
[2024-02-18T09:07:45.388+0000][7][gc,age      ] GC(40) - age  11:    1039176 bytes,    8270496 total
[2024-02-18T09:07:45.388+0000][7][gc,age      ] GC(40) - age  12:      59560 bytes,    8330056 total
[2024-02-18T09:07:45.388+0000][7][gc,age      ] GC(40) - age  13:      73944 bytes,    8404000 total
[2024-02-18T09:07:45.388+0000][7][gc,age      ] GC(40) - age  14:     196080 bytes,    8600080 total
[2024-02-18T09:07:45.388+0000][7][gc,age      ] GC(40) - age  15:    1703672 bytes,   10303752 total
[2024-02-18T09:07:45.388+0000][7][gc,heap     ] GC(40) Eden regions: 71->0(73)
[2024-02-18T09:07:45.388+0000][7][gc,heap     ] GC(40) Survivor regions: 5->3(10)
[2024-02-18T09:07:45.388+0000][7][gc,heap     ] GC(40) Old regions: 27->28
[2024-02-18T09:07:45.388+0000][7][gc,heap     ] GC(40) Humongous regions: 2->2
[2024-02-18T09:07:45.388+0000][7][gc,metaspace] GC(40) Metaspace: 120255K(124352K)->120255K(124352K) NonClass: 104431K(106688K)->104431K(106688K) Class: 15824K(17664K)->15824K(17664K)
[2024-02-18T09:07:45.389+0000][7][gc          ] GC(40) Pause Young (Prepare Mixed) (G1 Evacuation Pause) 414M->130M(512M) 14.986ms
[2024-02-18T09:07:45.389+0000][7][gc,cpu      ] GC(40) User=0.06s Sys=0.00s Real=0.02s
[2024-02-18T09:07:45.389+0000][7][safepoint   ] Safepoint "G1CollectForAllocation", Time since last: 5212653707 ns, Reaching safepoint: 17544 ns, Cleanup: 11272 ns, At safepoint: 15265027 ns, Total: 15293843 ns
[2024-02-18T09:07:50.389+0000][7][safepoint   ] Safepoint "Cleanup", Time since last: 5000594890 ns, Reaching safepoint: 20158 ns, Cleanup: 14027 ns, At safepoint: 2715 ns, Total: 36900 ns
[2024-02-18T09:07:51.390+0000][7][safepoint   ] Safepoint "Cleanup", Time since last: 1000356271 ns, Reaching safepoint: 20709 ns, Cleanup: 13486 ns, At safepoint: 3306 ns, Total: 37501 ns
[2024-02-18T09:07:54.391+0000][7][safepoint   ] Safepoint "Cleanup", Time since last: 3000918543 ns, Reaching safepoint: 19067 ns, Cleanup: 20890 ns, At safepoint: 3126 ns, Total: 43083 ns
[2024-02-18T09:07:55.391+0000][7][safepoint   ] Safepoint "Cleanup", Time since last: 1000429731 ns, Reaching safepoint: 19938 ns, Cleanup: 13937 ns, At safepoint: 3416 ns, Total: 37291 ns
[2024-02-18T09:08:03.392+0000][7][safepoint   ] Safepoint "Cleanup", Time since last: 8000978819 ns, Reaching safepoint: 19698 ns, Cleanup: 13145 ns, At safepoint: 3026 ns, Total: 35869 ns
[2024-02-18T09:08:06.393+0000][7][safepoint   ] Safepoint "Cleanup", Time since last: 3000492305 ns, Reaching safepoint: 16211 ns, Cleanup: 11152 ns, At safepoint: 2535 ns, Total: 29898 ns
[2024-02-18T09:08:09.393+0000][7][safepoint   ] Safepoint "Cleanup", Time since last: 3000459755 ns, Reaching safepoint: 18836 ns, Cleanup: 16462 ns, At safepoint: 2815 ns, Total: 38113 ns
[2024-02-18T09:08:10.394+0000][7][safepoint   ] Safepoint "Cleanup", Time since last: 1000315453 ns, Reaching safepoint: 18084 ns, Cleanup: 12144 ns, At safepoint: 2705 ns, Total: 32933 ns
[2024-02-18T09:08:12.394+0000][7][safepoint   ] Safepoint "Cleanup", Time since last: 2000460087 ns, Reaching safepoint: 20529 ns, Cleanup: 21351 ns, At safepoint: 3106 ns, Total: 44986 ns
[2024-02-18T09:08:18.396+0000][7][safepoint   ] Safepoint "Cleanup", Time since last: 6001808362 ns, Reaching safepoint: 130149 ns, Cleanup: 20800 ns, At safepoint: 17133 ns, Total: 168082 ns
[2024-02-18T09:08:19.396+0000][7][safepoint   ] Safepoint "Cleanup", Time since last: 1000375637 ns, Reaching safepoint: 19057 ns, Cleanup: 12263 ns, At safepoint: 2966 ns, Total: 34286 ns
[2024-02-18T09:08:22.397+0000][7][safepoint   ] Safepoint "Cleanup", Time since last: 3000589132 ns, Reaching safepoint: 19578 ns, Cleanup: 31300 ns, At safepoint: 3266 ns, Total: 54144 ns
[2024-02-18T09:08:27.398+0000][7][safepoint   ] Safepoint "Cleanup", Time since last: 5000816995 ns, Reaching safepoint: 37872 ns, Cleanup: 16321 ns, At safepoint: 5120 ns, Total: 59313 ns
[2024-02-18T09:08:29.399+0000][7][safepoint   ] Safepoint "Cleanup", Time since last: 2000524831 ns, Reaching safepoint: 19157 ns, Cleanup: 16171 ns, At safepoint: 3407 ns, Total: 38735 ns
[2024-02-18T09:08:30.399+0000][7][safepoint   ] Safepoint "Cleanup", Time since last: 1000366029 ns, Reaching safepoint: 19717 ns, Cleanup: 13236 ns, At safepoint: 3176 ns, Total: 36129 ns
[2024-02-18T09:08:33.400+0000][7][safepoint   ] Safepoint "Cleanup", Time since last: 3000592909 ns, Reaching safepoint: 45648 ns, Cleanup: 33604 ns, At safepoint: 4198 ns, Total: 83450 ns
[2024-02-18T09:08:34.400+0000][7][safepoint   ] Safepoint "Cleanup", Time since last: 1000455591 ns, Reaching safepoint: 19898 ns, Cleanup: 13115 ns, At safepoint: 2966 ns, Total: 35979 ns
[2024-02-18T09:08:42.401+0000][7][safepoint   ] Safepoint "Cleanup", Time since last: 8001032731 ns, Reaching safepoint: 25299 ns, Cleanup: 17343 ns, At safepoint: 3376 ns, Total: 46018 ns
[2024-02-18T09:08:44.959+0000][7][gc,start    ] GC(41) Pause Young (Mixed) (G1 Evacuation Pause)
[2024-02-18T09:08:44.959+0000][7][gc,task     ] GC(41) Using 12 workers of 13 for evacuation
[2024-02-18T09:08:44.959+0000][7][gc,age      ] GC(41) Desired survivor size 20971520 bytes, new threshold 15 (max threshold 15)
[2024-02-18T09:08:44.978+0000][7][gc,phases   ] GC(41)   Pre Evacuate Collection Set: 0.3ms
[2024-02-18T09:08:44.979+0000][7][gc,phases   ] GC(41)   Merge Heap Roots: 0.4ms
[2024-02-18T09:08:44.979+0000][7][gc,phases   ] GC(41)   Evacuate Collection Set: 17.4ms
[2024-02-18T09:08:44.979+0000][7][gc,phases   ] GC(41)   Post Evacuate Collection Set: 1.0ms
[2024-02-18T09:08:44.979+0000][7][gc,phases   ] GC(41)   Other: 0.5ms
[2024-02-18T09:08:44.979+0000][7][gc,age      ] GC(41) Age table with threshold 15 (max threshold 15)
[2024-02-18T09:08:44.979+0000][7][gc,age      ] GC(41) - age   1:    1123944 bytes,    1123944 total
[2024-02-18T09:08:44.979+0000][7][gc,age      ] GC(41) - age   2:     134040 bytes,    1257984 total
[2024-02-18T09:08:44.979+0000][7][gc,age      ] GC(41) - age   3:     105400 bytes,    1363384 total
[2024-02-18T09:08:44.979+0000][7][gc,age      ] GC(41) - age   4:      51632 bytes,    1415016 total
[2024-02-18T09:08:44.980+0000][7][gc,age      ] GC(41) - age   5:     106640 bytes,    1521656 total
[2024-02-18T09:08:44.980+0000][7][gc,age      ] GC(41) - age   6:     261104 bytes,    1782760 total
[2024-02-18T09:08:44.980+0000][7][gc,age      ] GC(41) - age   7:    3942240 bytes,    5725000 total
[2024-02-18T09:08:44.980+0000][7][gc,age      ] GC(41) - age   8:     232120 bytes,    5957120 total
[2024-02-18T09:08:44.980+0000][7][gc,age      ] GC(41) - age   9:     371600 bytes,    6328720 total
[2024-02-18T09:08:44.980+0000][7][gc,age      ] GC(41) - age  10:      49640 bytes,    6378360 total
[2024-02-18T09:08:44.980+0000][7][gc,age      ] GC(41) - age  11:     282576 bytes,    6660936 total
[2024-02-18T09:08:44.980+0000][7][gc,age      ] GC(41) - age  12:    1039112 bytes,    7700048 total
[2024-02-18T09:08:44.980+0000][7][gc,age      ] GC(41) - age  13:      59560 bytes,    7759608 total
[2024-02-18T09:08:44.980+0000][7][gc,age      ] GC(41) - age  14:      73944 bytes,    7833552 total
[2024-02-18T09:08:44.981+0000][7][gc,age      ] GC(41) - age  15:     196080 bytes,    8029632 total
[2024-02-18T09:08:44.981+0000][7][gc,heap     ] GC(41) Eden regions: 73->0(73)
[2024-02-18T09:08:44.981+0000][7][gc,heap     ] GC(41) Survivor regions: 3->3(10)
[2024-02-18T09:08:44.981+0000][7][gc,heap     ] GC(41) Old regions: 28->29
[2024-02-18T09:08:44.981+0000][7][gc,heap     ] GC(41) Humongous regions: 2->2
[2024-02-18T09:08:44.981+0000][7][gc,metaspace] GC(41) Metaspace: 120333K(124352K)->120333K(124352K) NonClass: 104505K(106688K)->104505K(106688K) Class: 15828K(17664K)->15828K(17664K)
[2024-02-18T09:08:44.981+0000][7][gc          ] GC(41) Pause Young (Mixed) (G1 Evacuation Pause) 422M->129M(512M) 22.614ms
[2024-02-18T09:08:44.981+0000][7][gc,cpu      ] GC(41) User=0.11s Sys=0.00s Real=0.02s
[2024-02-18T09:08:44.981+0000][7][safepoint   ] Safepoint "G1CollectForAllocation", Time since last: 2557227679 ns, Reaching safepoint: 20248 ns, Cleanup: 5120 ns, At safepoint: 22936912 ns, Total: 22962280 ns
[2024-02-18T09:08:46.982+0000][7][safepoint   ] Safepoint "Cleanup", Time since last: 2000290693 ns, Reaching safepoint: 19427 ns, Cleanup: 12875 ns, At safepoint: 3226 ns, Total: 35528 ns
[2024-02-18T09:08:50.983+0000][7][safepoint   ] Safepoint "Cleanup", Time since last: 4000650038 ns, Reaching safepoint: 67158 ns, Cleanup: 23996 ns, At safepoint: 4138 ns, Total: 95292 ns
[2024-02-18T09:08:54.983+0000][7][safepoint   ] Safepoint "Cleanup", Time since last: 4000732916 ns, Reaching safepoint: 20529 ns, Cleanup: 17373 ns, At safepoint: 11502 ns, Total: 49404 ns
[2024-02-18T09:08:59.984+0000][7][safepoint   ] Safepoint "Cleanup", Time since last: 5000692807 ns, Reaching safepoint: 17283 ns, Cleanup: 9048 ns, At safepoint: 13666 ns, Total: 39997 ns
[2024-02-18T09:09:00.984+0000][7][safepoint   ] Safepoint "Cleanup", Time since last: 1000223897 ns, Reaching safepoint: 20278 ns, Cleanup: 20299 ns, At safepoint: 3287 ns, Total: 43864 ns
[2024-02-18T09:09:01.985+0000][7][safepoint   ] Safepoint "Cleanup", Time since last: 1000400164 ns, Reaching safepoint: 19237 ns, Cleanup: 13015 ns, At safepoint: 2785 ns, Total: 35037 ns
[2024-02-18T09:09:02.985+0000][7][safepoint   ] Safepoint "Cleanup", Time since last: 1000367332 ns, Reaching safepoint: 16922 ns, Cleanup: 10620 ns, At safepoint: 2696 ns, Total: 30238 ns
[2024-02-18T09:09:05.986+0000][7][safepoint   ] Safepoint "Cleanup", Time since last: 3000544786 ns, Reaching safepoint: 17694 ns, Cleanup: 18575 ns, At safepoint: 2375 ns, Total: 38644 ns
[2024-02-18T09:09:06.986+0000][7][safepoint   ] Safepoint "Cleanup", Time since last: 1000259406 ns, Reaching safepoint: 30949 ns, Cleanup: 13135 ns, At safepoint: 3397 ns, Total: 47481 ns
[2024-02-18T09:09:08.987+0000][7][safepoint   ] Safepoint "Cleanup", Time since last: 2000505283 ns, Reaching safepoint: 17684 ns, Cleanup: 8487 ns, At safepoint: 10690 ns, Total: 36861 ns
[2024-02-18T09:09:09.987+0000][7][safepoint   ] Safepoint "Cleanup", Time since last: 1000249847 ns, Reaching safepoint: 21481 ns, Cleanup: 16712 ns, At safepoint: 3306 ns, Total: 41499 ns
[2024-02-18T09:09:11.987+0000][7][safepoint   ] Safepoint "Cleanup", Time since last: 2000387448 ns, Reaching safepoint: 16772 ns, Cleanup: 10681 ns, At safepoint: 2615 ns, Total: 30068 ns
[2024-02-18T09:09:12.988+0000][7][safepoint   ] Safepoint "Cleanup", Time since last: 1000231821 ns, Reaching safepoint: 23144 ns, Cleanup: 27253 ns, At safepoint: 2785 ns, Total: 53182 ns
[2024-02-18T09:09:14.988+0000][7][safepoint   ] Safepoint "Cleanup", Time since last: 2000438327 ns, Reaching safepoint: 31059 ns, Cleanup: 37432 ns, At safepoint: 4558 ns, Total: 73049 ns
[2024-02-18T09:09:16.989+0000][7][safepoint   ] Safepoint "Cleanup", Time since last: 2000474865 ns, Reaching safepoint: 21281 ns, Cleanup: 17484 ns, At safepoint: 2905 ns, Total: 41670 ns
[2024-02-18T09:09:17.989+0000][7][safepoint   ] Safepoint "Cleanup", Time since last: 1000313639 ns, Reaching safepoint: 17864 ns, Cleanup: 8787 ns, At safepoint: 2445 ns, Total: 29096 ns
[2024-02-18T09:09:18.989+0000][7][safepoint   ] Safepoint "Cleanup", Time since last: 1000247397 ns, Reaching safepoint: 43423 ns, Cleanup: 68581 ns, At safepoint: 5781 ns, Total: 117785 ns
[2024-02-18T09:09:21.990+0000][7][safepoint   ] Safepoint "Cleanup", Time since last: 3000566535 ns, Reaching safepoint: 16692 ns, Cleanup: 9328 ns, At safepoint: 2685 ns, Total: 28705 ns
[2024-02-18T09:09:22.990+0000][7][safepoint   ] Safepoint "Cleanup", Time since last: 1000254716 ns, Reaching safepoint: 20459 ns, Cleanup: 15379 ns, At safepoint: 3156 ns, Total: 38994 ns
[2024-02-18T09:09:27.991+0000][7][safepoint   ] Safepoint "Cleanup", Time since last: 5000882469 ns, Reaching safepoint: 20109 ns, Cleanup: 14568 ns, At safepoint: 3015 ns, Total: 37692 ns
[2024-02-18T09:09:30.992+0000][7][safepoint   ] Safepoint "Cleanup", Time since last: 3000556882 ns, Reaching safepoint: 18976 ns, Cleanup: 30479 ns, At safepoint: 3697 ns, Total: 53152 ns
[2024-02-18T09:09:31.992+0000][7][safepoint   ] Safepoint "Cleanup", Time since last: 1000439860 ns, Reaching safepoint: 17544 ns, Cleanup: 9127 ns, At safepoint: 2996 ns, Total: 29667 ns
[2024-02-18T09:09:33.993+0000][7][safepoint   ] Safepoint "Cleanup", Time since last: 2000360266 ns, Reaching safepoint: 19928 ns, Cleanup: 22343 ns, At safepoint: 2965 ns, Total: 45236 ns
[2024-02-18T09:09:36.993+0000][7][safepoint   ] Safepoint "Cleanup", Time since last: 3000564937 ns, Reaching safepoint: 19567 ns, Cleanup: 22203 ns, At safepoint: 3076 ns, Total: 44846 ns
[2024-02-18T09:09:37.994+0000][7][safepoint   ] Safepoint "Cleanup", Time since last: 1000385997 ns, Reaching safepoint: 21401 ns, Cleanup: 19107 ns, At safepoint: 3306 ns, Total: 43814 ns
[2024-02-18T09:09:41.994+0000][7][safepoint   ] Safepoint "Cleanup", Time since last: 4000630019 ns, Reaching safepoint: 17062 ns, Cleanup: 9448 ns, At safepoint: 2335 ns, Total: 28845 ns
[2024-02-18T09:09:45.423+0000][7][safepoint   ] Safepoint "Cleanup", Time since last: 3428904378 ns, Reaching safepoint: 20038 ns, Cleanup: 82428 ns, At safepoint: 3006 ns, Total: 105472 ns
[2024-02-18T09:09:47.424+0000][7][safepoint   ] Safepoint "Cleanup", Time since last: 2000583984 ns, Reaching safepoint: 25458 ns, Cleanup: 20449 ns, At safepoint: 2976 ns, Total: 48883 ns
[2024-02-18T09:09:47.964+0000][7][gc,start    ] GC(42) Pause Young (Concurrent Start) (G1 Evacuation Pause)
[2024-02-18T09:09:47.964+0000][7][gc,task     ] GC(42) Using 12 workers of 13 for evacuation
[2024-02-18T09:09:47.964+0000][7][gc,age      ] GC(42) Desired survivor size 20971520 bytes, new threshold 15 (max threshold 15)
[2024-02-18T09:09:47.973+0000][7][gc,phases   ] GC(42)   Pre Evacuate Collection Set: 0.2ms
[2024-02-18T09:09:47.973+0000][7][gc,phases   ] GC(42)   Merge Heap Roots: 0.1ms
[2024-02-18T09:09:47.974+0000][7][gc,phases   ] GC(42)   Evacuate Collection Set: 7.8ms
[2024-02-18T09:09:47.974+0000][7][gc,phases   ] GC(42)   Post Evacuate Collection Set: 0.9ms
[2024-02-18T09:09:47.974+0000][7][gc,phases   ] GC(42)   Other: 0.4ms
[2024-02-18T09:09:47.974+0000][7][gc,age      ] GC(42) Age table with threshold 15 (max threshold 15)
[2024-02-18T09:09:47.974+0000][7][gc,age      ] GC(42) - age   1:    1572056 bytes,    1572056 total
[2024-02-18T09:09:47.974+0000][7][gc,age      ] GC(42) - age   2:     129760 bytes,    1701816 total
[2024-02-18T09:09:47.974+0000][7][gc,age      ] GC(42) - age   3:     129960 bytes,    1831776 total
[2024-02-18T09:09:47.975+0000][7][gc,age      ] GC(42) - age   4:     103952 bytes,    1935728 total
[2024-02-18T09:09:47.975+0000][7][gc,age      ] GC(42) - age   5:      50560 bytes,    1986288 total
[2024-02-18T09:09:47.975+0000][7][gc,age      ] GC(42) - age   6:     105272 bytes,    2091560 total
[2024-02-18T09:09:47.975+0000][7][gc,age      ] GC(42) - age   7:     260968 bytes,    2352528 total
[2024-02-18T09:09:47.975+0000][7][gc,age      ] GC(42) - age   8:    3942176 bytes,    6294704 total
[2024-02-18T09:09:47.975+0000][7][gc,age      ] GC(42) - age   9:     231984 bytes,    6526688 total
[2024-02-18T09:09:47.975+0000][7][gc,age      ] GC(42) - age  10:     371600 bytes,    6898288 total
[2024-02-18T09:09:47.976+0000][7][gc,age      ] GC(42) - age  11:      49640 bytes,    6947928 total
[2024-02-18T09:09:47.976+0000][7][gc,age      ] GC(42) - age  12:     282576 bytes,    7230504 total
[2024-02-18T09:09:47.976+0000][7][gc,age      ] GC(42) - age  13:    1039112 bytes,    8269616 total
[2024-02-18T09:09:47.976+0000][7][gc,age      ] GC(42) - age  14:      59560 bytes,    8329176 total
[2024-02-18T09:09:47.976+0000][7][gc,age      ] GC(42) - age  15:      73944 bytes,    8403120 total
[2024-02-18T09:09:47.976+0000][7][gc,heap     ] GC(42) Eden regions: 73->0(73)
[2024-02-18T09:09:47.976+0000][7][gc,heap     ] GC(42) Survivor regions: 3->3(10)
[2024-02-18T09:09:47.976+0000][7][gc,heap     ] GC(42) Old regions: 29->29
[2024-02-18T09:09:47.977+0000][7][gc,heap     ] GC(42) Humongous regions: 2->2
[2024-02-18T09:09:47.977+0000][7][gc,metaspace] GC(42) Metaspace: 120376K(124352K)->120376K(124352K) NonClass: 104548K(106688K)->104548K(106688K) Class: 15828K(17664K)->15828K(17664K)
[2024-02-18T09:09:47.977+0000][7][gc          ] GC(42) Pause Young (Concurrent Start) (G1 Evacuation Pause) 421M->130M(512M) 13.163ms
[2024-02-18T09:09:47.977+0000][7][gc          ] GC(43) Concurrent Mark Cycle
[2024-02-18T09:09:47.977+0000][7][gc,marking  ] GC(43) Concurrent Scan Root Regions
[2024-02-18T09:09:47.977+0000][7][gc,cpu      ] GC(42) User=0.04s Sys=0.00s Real=0.02s
[2024-02-18T09:09:47.977+0000][7][safepoint   ] Safepoint "G1CollectForAllocation", Time since last: 539465137 ns, Reaching safepoint: 33845 ns, Cleanup: 6072 ns, At safepoint: 13845578 ns, Total: 13885495 ns
[2024-02-18T09:09:47.980+0000][7][gc,marking  ] GC(43) Concurrent Scan Root Regions 2.954ms
[2024-02-18T09:09:47.980+0000][7][gc,marking  ] GC(43) Concurrent Mark
[2024-02-18T09:09:47.981+0000][7][gc,marking  ] GC(43) Concurrent Mark From Roots
[2024-02-18T09:09:47.981+0000][7][gc,task     ] GC(43) Using 3 workers of 3 for marking
[2024-02-18T09:09:48.031+0000][7][gc,marking  ] GC(43) Concurrent Mark From Roots 50.184ms
[2024-02-18T09:09:48.031+0000][7][gc,marking  ] GC(43) Concurrent Preclean
[2024-02-18T09:09:48.032+0000][7][gc,marking  ] GC(43) Concurrent Preclean 0.589ms
[2024-02-18T09:09:48.032+0000][7][gc,start    ] GC(43) Pause Remark
[2024-02-18T09:09:48.069+0000][7][gc          ] GC(43) Pause Remark 134M->134M(512M) 37.562ms
[2024-02-18T09:09:48.070+0000][7][gc,cpu      ] GC(43) User=0.13s Sys=0.00s Real=0.04s
[2024-02-18T09:09:48.070+0000][7][safepoint   ] Safepoint "G1PauseRemark", Time since last: 54380811 ns, Reaching safepoint: 16932 ns, Cleanup: 3116 ns, At safepoint: 38067286 ns, Total: 38087334 ns
[2024-02-18T09:09:48.070+0000][7][gc,marking  ] GC(43) Concurrent Mark 89.724ms
[2024-02-18T09:09:48.070+0000][7][gc,marking  ] GC(43) Concurrent Rebuild Remembered Sets and Scrub Regions
[2024-02-18T09:09:48.087+0000][7][gc,marking  ] GC(43) Concurrent Rebuild Remembered Sets and Scrub Regions 16.900ms
[2024-02-18T09:09:48.090+0000][7][gc,start    ] GC(43) Pause Cleanup
[2024-02-18T09:09:48.090+0000][7][gc          ] GC(43) Pause Cleanup 134M->134M(512M) 0.342ms
[2024-02-18T09:09:48.090+0000][7][gc,cpu      ] GC(43) User=0.00s Sys=0.00s Real=0.00s
[2024-02-18T09:09:48.090+0000][7][safepoint   ] Safepoint "G1PauseCleanup", Time since last: 17473106 ns, Reaching safepoint: 2148191 ns, Cleanup: 17874 ns, At safepoint: 714709 ns, Total: 2880774 ns
[2024-02-18T09:09:48.090+0000][7][gc,marking  ] GC(43) Concurrent Clear Claimed Marks
[2024-02-18T09:09:48.091+0000][7][gc,marking  ] GC(43) Concurrent Clear Claimed Marks 0.422ms
[2024-02-18T09:09:48.091+0000][7][gc,marking  ] GC(43) Concurrent Cleanup for Next Mark
[2024-02-18T09:09:48.092+0000][7][gc,marking  ] GC(43) Concurrent Cleanup for Next Mark 1.004ms
[2024-02-18T09:09:48.092+0000][7][gc          ] GC(43) Concurrent Mark Cycle 115.261ms
[2024-02-18T09:09:54.091+0000][7][safepoint   ] Safepoint "Cleanup", Time since last: 6000763138 ns, Reaching safepoint: 107987 ns, Cleanup: 23605 ns, At safepoint: 8346 ns, Total: 139938 ns
[2024-02-18T09:09:55.092+0000][7][safepoint   ] Safepoint "Cleanup", Time since last: 1000471456 ns, Reaching safepoint: 30950 ns, Cleanup: 30358 ns, At safepoint: 3516 ns, Total: 64824 ns
[2024-02-18T09:09:58.092+0000][7][safepoint   ] Safepoint "Cleanup", Time since last: 3000655435 ns, Reaching safepoint: 24006 ns, Cleanup: 15790 ns, At safepoint: 2866 ns, Total: 42662 ns
[2024-02-18T09:10:03.093+0000][7][safepoint   ] Safepoint "Cleanup", Time since last: 5000750667 ns, Reaching safepoint: 23345 ns, Cleanup: 14788 ns, At safepoint: 3597 ns, Total: 41730 ns
[2024-02-18T09:10:04.094+0000][7][safepoint   ] Safepoint "Cleanup", Time since last: 1000411456 ns, Reaching safepoint: 22072 ns, Cleanup: 21201 ns, At safepoint: 3166 ns, Total: 46439 ns
[2024-02-18T09:10:06.094+0000][7][safepoint   ] Safepoint "Cleanup", Time since last: 2000424224 ns, Reaching safepoint: 23024 ns, Cleanup: 24287 ns, At safepoint: 3156 ns, Total: 50467 ns
[2024-02-18T09:10:08.094+0000][7][safepoint   ] Safepoint "Cleanup", Time since last: 2000352541 ns, Reaching safepoint: 46530 ns, Cleanup: 22693 ns, At safepoint: 5370 ns, Total: 74593 ns
[2024-02-18T09:10:14.095+0000][7][safepoint   ] Safepoint "Cleanup", Time since last: 6000995509 ns, Reaching safepoint: 20860 ns, Cleanup: 13526 ns, At safepoint: 3707 ns, Total: 38093 ns
[2024-02-18T09:10:25.097+0000][7][safepoint   ] Safepoint "Cleanup", Time since last: 11001337546 ns, Reaching safepoint: 36079 ns, Cleanup: 20008 ns, At safepoint: 24267 ns, Total: 80354 ns
[2024-02-18T09:10:31.098+0000][7][safepoint   ] Safepoint "Cleanup", Time since last: 6000914013 ns, Reaching safepoint: 30107 ns, Cleanup: 19989 ns, At safepoint: 4248 ns, Total: 54344 ns
[2024-02-18T09:10:33.098+0000][7][safepoint   ] Safepoint "Cleanup", Time since last: 2000501237 ns, Reaching safepoint: 27904 ns, Cleanup: 19487 ns, At safepoint: 14818 ns, Total: 62209 ns
[2024-02-18T09:10:34.099+0000][7][safepoint   ] Safepoint "Cleanup", Time since last: 1000321142 ns, Reaching safepoint: 23024 ns, Cleanup: 13717 ns, At safepoint: 2885 ns, Total: 39626 ns
[2024-02-18T09:10:37.099+0000][7][safepoint   ] Safepoint "Cleanup", Time since last: 3000622216 ns, Reaching safepoint: 25428 ns, Cleanup: 32402 ns, At safepoint: 4619 ns, Total: 62449 ns
[2024-02-18T09:10:39.100+0000][7][safepoint   ] Safepoint "Cleanup", Time since last: 2000470910 ns, Reaching safepoint: 20298 ns, Cleanup: 12394 ns, At safepoint: 3286 ns, Total: 35978 ns
[2024-02-18T09:10:43.101+0000][7][safepoint   ] Safepoint "Cleanup", Time since last: 4000614590 ns, Reaching safepoint: 18024 ns, Cleanup: 11753 ns, At safepoint: 3146 ns, Total: 32923 ns
[2024-02-18T09:10:45.112+0000][7][gc,start    ] GC(44) Pause Young (Normal) (G1 Evacuation Pause)
[2024-02-18T09:10:45.112+0000][7][gc,task     ] GC(44) Using 12 workers of 13 for evacuation
[2024-02-18T09:10:45.113+0000][7][gc,age      ] GC(44) Desired survivor size 20971520 bytes, new threshold 15 (max threshold 15)
[2024-02-18T09:10:45.119+0000][7][gc,phases   ] GC(44)   Pre Evacuate Collection Set: 0.2ms
[2024-02-18T09:10:45.119+0000][7][gc,phases   ] GC(44)   Merge Heap Roots: 0.1ms
[2024-02-18T09:10:45.119+0000][7][gc,phases   ] GC(44)   Evacuate Collection Set: 4.9ms
[2024-02-18T09:10:45.119+0000][7][gc,phases   ] GC(44)   Post Evacuate Collection Set: 0.7ms
[2024-02-18T09:10:45.119+0000][7][gc,phases   ] GC(44)   Other: 0.3ms
[2024-02-18T09:10:45.119+0000][7][gc,age      ] GC(44) Age table with threshold 15 (max threshold 15)
[2024-02-18T09:10:45.120+0000][7][gc,age      ] GC(44) - age   1:     662032 bytes,     662032 total
[2024-02-18T09:10:45.120+0000][7][gc,age      ] GC(44) - age   2:     115200 bytes,     777232 total
[2024-02-18T09:10:45.120+0000][7][gc,age      ] GC(44) - age   3:     125544 bytes,     902776 total
[2024-02-18T09:10:45.120+0000][7][gc,age      ] GC(44) - age   4:     129480 bytes,    1032256 total
[2024-02-18T09:10:45.120+0000][7][gc,age      ] GC(44) - age   5:     103568 bytes,    1135824 total
[2024-02-18T09:10:45.120+0000][7][gc,age      ] GC(44) - age   6:      49120 bytes,    1184944 total
[2024-02-18T09:10:45.120+0000][7][gc,age      ] GC(44) - age   7:     104104 bytes,    1289048 total
[2024-02-18T09:10:45.120+0000][7][gc,age      ] GC(44) - age   8:     170800 bytes,    1459848 total
[2024-02-18T09:10:45.120+0000][7][gc,age      ] GC(44) - age   9:    3940688 bytes,    5400536 total
[2024-02-18T09:10:45.121+0000][7][gc,age      ] GC(44) - age  10:     231608 bytes,    5632144 total
[2024-02-18T09:10:45.121+0000][7][gc,age      ] GC(44) - age  11:     371456 bytes,    6003600 total
[2024-02-18T09:10:45.121+0000][7][gc,age      ] GC(44) - age  12:      49640 bytes,    6053240 total
[2024-02-18T09:10:45.121+0000][7][gc,age      ] GC(44) - age  13:     282576 bytes,    6335816 total
[2024-02-18T09:10:45.121+0000][7][gc,age      ] GC(44) - age  14:    1038840 bytes,    7374656 total
[2024-02-18T09:10:45.121+0000][7][gc,age      ] GC(44) - age  15:      59560 bytes,    7434216 total
[2024-02-18T09:10:45.121+0000][7][gc,heap     ] GC(44) Eden regions: 73->0(74)
[2024-02-18T09:10:45.121+0000][7][gc,heap     ] GC(44) Survivor regions: 3->2(10)
[2024-02-18T09:10:45.121+0000][7][gc,heap     ] GC(44) Old regions: 29->29
[2024-02-18T09:10:45.121+0000][7][gc,heap     ] GC(44) Humongous regions: 2->2
[2024-02-18T09:10:45.121+0000][7][gc,metaspace] GC(44) Metaspace: 120358K(124416K)->120358K(124416K) NonClass: 104548K(106752K)->104548K(106752K) Class: 15810K(17664K)->15810K(17664K)
[2024-02-18T09:10:45.122+0000][7][gc          ] GC(44) Pause Young (Normal) (G1 Evacuation Pause) 422M->129M(512M) 9.284ms
[2024-02-18T09:10:45.122+0000][7][gc,cpu      ] GC(44) User=0.03s Sys=0.00s Real=0.01s
[2024-02-18T09:10:45.122+0000][7][safepoint   ] Safepoint "G1CollectForAllocation", Time since last: 2011692510 ns, Reaching safepoint: 15680 ns, Cleanup: 14989 ns, At safepoint: 9555422 ns, Total: 9586091 ns
[2024-02-18T09:10:48.122+0000][7][safepoint   ] Safepoint "Cleanup", Time since last: 3000335817 ns, Reaching safepoint: 26521 ns, Cleanup: 15199 ns, At safepoint: 3787 ns, Total: 45507 ns
[2024-02-18T09:10:55.123+0000][7][safepoint   ] Safepoint "Cleanup", Time since last: 7000974341 ns, Reaching safepoint: 36771 ns, Cleanup: 12283 ns, At safepoint: 2916 ns, Total: 51970 ns
[2024-02-18T09:10:57.124+0000][7][safepoint   ] Safepoint "Cleanup", Time since last: 2000450399 ns, Reaching safepoint: 16411 ns, Cleanup: 15089 ns, At safepoint: 13616 ns, Total: 45116 ns
[2024-02-18T09:10:58.124+0000][7][safepoint   ] Safepoint "Cleanup", Time since last: 1000278973 ns, Reaching safepoint: 20779 ns, Cleanup: 19498 ns, At safepoint: 3206 ns, Total: 43483 ns
[2024-02-18T09:11:00.125+0000][7][safepoint   ] Safepoint "Cleanup", Time since last: 2000448214 ns, Reaching safepoint: 18846 ns, Cleanup: 12654 ns, At safepoint: 3256 ns, Total: 34756 ns
[2024-02-18T09:11:03.125+0000][7][safepoint   ] Safepoint "Cleanup", Time since last: 3000393669 ns, Reaching safepoint: 18996 ns, Cleanup: 14478 ns, At safepoint: 2836 ns, Total: 36310 ns
[2024-02-18T09:11:06.126+0000][7][safepoint   ] Safepoint "Cleanup", Time since last: 3000584212 ns, Reaching safepoint: 17414 ns, Cleanup: 23685 ns, At safepoint: 3186 ns, Total: 44285 ns
[2024-02-18T09:11:09.126+0000][7][safepoint   ] Safepoint "Cleanup", Time since last: 3000513969 ns, Reaching safepoint: 16922 ns, Cleanup: 12714 ns, At safepoint: 3156 ns, Total: 32792 ns
[2024-02-18T09:11:15.127+0000][7][safepoint   ] Safepoint "Cleanup", Time since last: 6000648871 ns, Reaching safepoint: 18035 ns, Cleanup: 19557 ns, At safepoint: 3216 ns, Total: 40808 ns
[2024-02-18T09:11:18.127+0000][7][safepoint   ] Safepoint "Cleanup", Time since last: 3000517676 ns, Reaching safepoint: 15179 ns, Cleanup: 25839 ns, At safepoint: 2886 ns, Total: 43904 ns
[2024-02-18T09:11:21.128+0000][7][safepoint   ] Safepoint "Cleanup", Time since last: 3000446700 ns, Reaching safepoint: 35468 ns, Cleanup: 9458 ns, At safepoint: 3607 ns, Total: 48533 ns
[2024-02-18T09:11:22.128+0000][7][safepoint   ] Safepoint "Cleanup", Time since last: 1000298449 ns, Reaching safepoint: 19307 ns, Cleanup: 13957 ns, At safepoint: 3326 ns, Total: 36590 ns
[2024-02-18T09:11:24.129+0000][7][safepoint   ] Safepoint "Cleanup", Time since last: 2000476208 ns, Reaching safepoint: 17523 ns, Cleanup: 9328 ns, At safepoint: 2615 ns, Total: 29466 ns
[2024-02-18T09:11:28.129+0000][7][safepoint   ] Safepoint "Cleanup", Time since last: 4000534155 ns, Reaching safepoint: 19808 ns, Cleanup: 12835 ns, At safepoint: 2545 ns, Total: 35188 ns
[2024-02-18T09:11:34.130+0000][7][safepoint   ] Safepoint "Cleanup", Time since last: 6000726419 ns, Reaching safepoint: 20159 ns, Cleanup: 16091 ns, At safepoint: 2955 ns, Total: 39205 ns
[2024-02-18T09:11:45.184+0000][7][gc,start    ] GC(45) Pause Young (Concurrent Start) (G1 Evacuation Pause)
[2024-02-18T09:11:45.184+0000][7][gc,task     ] GC(45) Using 12 workers of 13 for evacuation
[2024-02-18T09:11:45.184+0000][7][gc,age      ] GC(45) Desired survivor size 20971520 bytes, new threshold 15 (max threshold 15)
[2024-02-18T09:11:45.190+0000][7][gc,phases   ] GC(45)   Pre Evacuate Collection Set: 0.3ms
[2024-02-18T09:11:45.191+0000][7][gc,phases   ] GC(45)   Merge Heap Roots: 0.2ms
[2024-02-18T09:11:45.191+0000][7][gc,phases   ] GC(45)   Evacuate Collection Set: 5.0ms
[2024-02-18T09:11:45.191+0000][7][gc,phases   ] GC(45)   Post Evacuate Collection Set: 0.8ms
[2024-02-18T09:11:45.191+0000][7][gc,phases   ] GC(45)   Other: 0.4ms
[2024-02-18T09:11:45.191+0000][7][gc,age      ] GC(45) Age table with threshold 15 (max threshold 15)
[2024-02-18T09:11:45.191+0000][7][gc,age      ] GC(45) - age   1:    1631760 bytes,    1631760 total
[2024-02-18T09:11:45.192+0000][7][gc,age      ] GC(45) - age   2:     110440 bytes,    1742200 total
[2024-02-18T09:11:45.192+0000][7][gc,age      ] GC(45) - age   3:     112840 bytes,    1855040 total
[2024-02-18T09:11:45.192+0000][7][gc,age      ] GC(45) - age   4:     124088 bytes,    1979128 total
[2024-02-18T09:11:45.192+0000][7][gc,age      ] GC(45) - age   5:     129416 bytes,    2108544 total
[2024-02-18T09:11:45.192+0000][7][gc,age      ] GC(45) - age   6:     103504 bytes,    2212048 total
[2024-02-18T09:11:45.192+0000][7][gc,age      ] GC(45) - age   7:      48480 bytes,    2260528 total
[2024-02-18T09:11:45.192+0000][7][gc,age      ] GC(45) - age   8:     102888 bytes,    2363416 total
[2024-02-18T09:11:45.192+0000][7][gc,age      ] GC(45) - age   9:     170800 bytes,    2534216 total
[2024-02-18T09:11:45.192+0000][7][gc,age      ] GC(45) - age  10:    3939936 bytes,    6474152 total
[2024-02-18T09:11:45.192+0000][7][gc,age      ] GC(45) - age  11:     231608 bytes,    6705760 total
[2024-02-18T09:11:45.193+0000][7][gc,age      ] GC(45) - age  12:     371456 bytes,    7077216 total
[2024-02-18T09:11:45.193+0000][7][gc,age      ] GC(45) - age  13:      49640 bytes,    7126856 total
[2024-02-18T09:11:45.193+0000][7][gc,age      ] GC(45) - age  14:     282576 bytes,    7409432 total
[2024-02-18T09:11:45.193+0000][7][gc,age      ] GC(45) - age  15:    1038840 bytes,    8448272 total
[2024-02-18T09:11:45.193+0000][7][gc,heap     ] GC(45) Eden regions: 74->0(73)
[2024-02-18T09:11:45.193+0000][7][gc,heap     ] GC(45) Survivor regions: 2->3(10)
[2024-02-18T09:11:45.193+0000][7][gc,heap     ] GC(45) Old regions: 29->29
[2024-02-18T09:11:45.193+0000][7][gc,heap     ] GC(45) Humongous regions: 2->2
[2024-02-18T09:11:45.193+0000][7][gc,metaspace] GC(45) Metaspace: 120389K(124416K)->120389K(124416K) NonClass: 104579K(106752K)->104579K(106752K) Class: 15810K(17664K)->15810K(17664K)
[2024-02-18T09:11:45.194+0000][7][gc          ] GC(45) Pause Young (Concurrent Start) (G1 Evacuation Pause) 425M->130M(512M) 9.976ms
[2024-02-18T09:11:45.194+0000][7][gc          ] GC(46) Concurrent Mark Cycle
[2024-02-18T09:11:45.194+0000][7][gc,marking  ] GC(46) Concurrent Scan Root Regions
[2024-02-18T09:11:45.194+0000][7][gc,cpu      ] GC(45) User=0.03s Sys=0.00s Real=0.01s
[2024-02-18T09:11:45.194+0000][7][safepoint   ] Safepoint "G1CollectForAllocation", Time since last: 11053412801 ns, Reaching safepoint: 18655 ns, Cleanup: 3998 ns, At safepoint: 10582028 ns, Total: 10604681 ns
[2024-02-18T09:11:45.196+0000][7][gc,marking  ] GC(46) Concurrent Scan Root Regions 2.080ms
[2024-02-18T09:11:45.206+0000][7][gc,marking  ] GC(46) Concurrent Mark
[2024-02-18T09:11:45.206+0000][7][gc,marking  ] GC(46) Concurrent Mark From Roots
[2024-02-18T09:11:45.207+0000][7][gc,task     ] GC(46) Using 3 workers of 3 for marking
[2024-02-18T09:11:45.239+0000][7][gc,marking  ] GC(46) Concurrent Mark From Roots 32.668ms
[2024-02-18T09:11:45.239+0000][7][gc,marking  ] GC(46) Concurrent Preclean
[2024-02-18T09:11:45.240+0000][7][gc,marking  ] GC(46) Concurrent Preclean 0.501ms
[2024-02-18T09:11:45.240+0000][7][gc,start    ] GC(46) Pause Remark
[2024-02-18T09:11:45.248+0000][7][gc          ] GC(46) Pause Remark 133M->133M(512M) 8.427ms
[2024-02-18T09:11:45.249+0000][7][gc,cpu      ] GC(46) User=0.04s Sys=0.00s Real=0.01s
[2024-02-18T09:11:45.249+0000][7][safepoint   ] Safepoint "G1PauseRemark", Time since last: 45902577 ns, Reaching safepoint: 17534 ns, Cleanup: 3456 ns, At safepoint: 8860221 ns, Total: 8881211 ns
[2024-02-18T09:11:45.249+0000][7][gc,marking  ] GC(46) Concurrent Mark 42.778ms
[2024-02-18T09:11:45.249+0000][7][gc,marking  ] GC(46) Concurrent Rebuild Remembered Sets and Scrub Regions
[2024-02-18T09:11:45.262+0000][7][gc,marking  ] GC(46) Concurrent Rebuild Remembered Sets and Scrub Regions 12.408ms
[2024-02-18T09:11:45.262+0000][7][gc,start    ] GC(46) Pause Cleanup
[2024-02-18T09:11:45.262+0000][7][gc          ] GC(46) Pause Cleanup 133M->133M(512M) 0.280ms
[2024-02-18T09:11:45.262+0000][7][gc,cpu      ] GC(46) User=0.00s Sys=0.00s Real=0.00s
[2024-02-18T09:11:45.262+0000][7][safepoint   ] Safepoint "G1PauseCleanup", Time since last: 12976373 ns, Reaching safepoint: 13837 ns, Cleanup: 12684 ns, At safepoint: 539584 ns, Total: 566105 ns
[2024-02-18T09:11:45.263+0000][7][gc,marking  ] GC(46) Concurrent Clear Claimed Marks
[2024-02-18T09:11:45.263+0000][7][gc,marking  ] GC(46) Concurrent Clear Claimed Marks 0.285ms
[2024-02-18T09:11:45.263+0000][7][gc,marking  ] GC(46) Concurrent Cleanup for Next Mark
[2024-02-18T09:11:45.263+0000][7][gc,marking  ] GC(46) Concurrent Cleanup for Next Mark 0.387ms
[2024-02-18T09:11:45.263+0000][7][gc          ] GC(46) Concurrent Mark Cycle 69.745ms
[2024-02-18T09:11:49.263+0000][7][safepoint   ] Safepoint "Cleanup", Time since last: 4000734629 ns, Reaching safepoint: 20509 ns, Cleanup: 14267 ns, At safepoint: 3246 ns, Total: 38022 ns
[2024-02-18T09:11:57.264+0000][7][safepoint   ] Safepoint "Cleanup", Time since last: 8001123856 ns, Reaching safepoint: 54886 ns, Cleanup: 16050 ns, At safepoint: 3417 ns, Total: 74353 ns
[2024-02-18T09:12:00.265+0000][7][safepoint   ] Safepoint "Cleanup", Time since last: 3000580927 ns, Reaching safepoint: 31690 ns, Cleanup: 12334 ns, At safepoint: 2625 ns, Total: 46649 ns
[2024-02-18T09:12:03.266+0000][7][safepoint   ] Safepoint "Cleanup", Time since last: 3000573422 ns, Reaching safepoint: 20509 ns, Cleanup: 17233 ns, At safepoint: 3096 ns, Total: 40838 ns
[2024-02-18T09:12:06.266+0000][7][safepoint   ] Safepoint "Cleanup", Time since last: 3000520000 ns, Reaching safepoint: 19909 ns, Cleanup: 22453 ns, At safepoint: 3827 ns, Total: 46189 ns
[2024-02-18T09:12:08.267+0000][7][safepoint   ] Safepoint "Cleanup", Time since last: 2000446471 ns, Reaching safepoint: 20028 ns, Cleanup: 13176 ns, At safepoint: 3306 ns, Total: 36510 ns
[2024-02-18T09:12:09.267+0000][7][safepoint   ] Safepoint "Cleanup", Time since last: 1000333737 ns, Reaching safepoint: 24387 ns, Cleanup: 24767 ns, At safepoint: 5110 ns, Total: 54264 ns
[2024-02-18T09:12:12.268+0000][7][safepoint   ] Safepoint "Cleanup", Time since last: 3000596336 ns, Reaching safepoint: 18726 ns, Cleanup: 19868 ns, At safepoint: 2675 ns, Total: 41269 ns
[2024-02-18T09:12:13.268+0000][7][safepoint   ] Safepoint "Cleanup", Time since last: 1000405645 ns, Reaching safepoint: 19387 ns, Cleanup: 13426 ns, At safepoint: 3056 ns, Total: 35869 ns
[2024-02-18T09:12:15.269+0000][7][safepoint   ] Safepoint "Cleanup", Time since last: 2000409981 ns, Reaching safepoint: 20169 ns, Cleanup: 13466 ns, At safepoint: 3005 ns, Total: 36640 ns
[2024-02-18T09:12:16.269+0000][7][safepoint   ] Safepoint "Cleanup", Time since last: 1000352474 ns, Reaching safepoint: 19337 ns, Cleanup: 17172 ns, At safepoint: 2225 ns, Total: 38734 ns
[2024-02-18T09:12:19.270+0000][7][safepoint   ] Safepoint "Cleanup", Time since last: 3000603640 ns, Reaching safepoint: 19638 ns, Cleanup: 17503 ns, At safepoint: 3126 ns, Total: 40267 ns
[2024-02-18T09:12:34.271+0000][7][safepoint   ] Safepoint "Cleanup", Time since last: 15001813694 ns, Reaching safepoint: 20008 ns, Cleanup: 12995 ns, At safepoint: 3677 ns, Total: 36680 ns
[2024-02-18T09:12:42.273+0000][7][safepoint   ] Safepoint "Cleanup", Time since last: 8001003596 ns, Reaching safepoint: 21351 ns, Cleanup: 12764 ns, At safepoint: 2715 ns, Total: 36830 ns
[2024-02-18T09:12:42.933+0000][7][gc,start    ] GC(47) Pause Young (Normal) (G1 Evacuation Pause)
[2024-02-18T09:12:42.934+0000][7][gc,task     ] GC(47) Using 12 workers of 13 for evacuation
[2024-02-18T09:12:42.934+0000][7][gc,age      ] GC(47) Desired survivor size 20971520 bytes, new threshold 15 (max threshold 15)
[2024-02-18T09:12:42.940+0000][7][gc,phases   ] GC(47)   Pre Evacuate Collection Set: 0.2ms
[2024-02-18T09:12:42.940+0000][7][gc,phases   ] GC(47)   Merge Heap Roots: 0.1ms
[2024-02-18T09:12:42.940+0000][7][gc,phases   ] GC(47)   Evacuate Collection Set: 4.7ms
[2024-02-18T09:12:42.940+0000][7][gc,phases   ] GC(47)   Post Evacuate Collection Set: 0.6ms
[2024-02-18T09:12:42.940+0000][7][gc,phases   ] GC(47)   Other: 0.3ms
[2024-02-18T09:12:42.940+0000][7][gc,age      ] GC(47) Age table with threshold 15 (max threshold 15)
[2024-02-18T09:12:42.940+0000][7][gc,age      ] GC(47) - age   1:    1217696 bytes,    1217696 total
[2024-02-18T09:12:42.940+0000][7][gc,age      ] GC(47) - age   2:      24912 bytes,    1242608 total
[2024-02-18T09:12:42.941+0000][7][gc,age      ] GC(47) - age   3:     104344 bytes,    1346952 total
[2024-02-18T09:12:42.941+0000][7][gc,age      ] GC(47) - age   4:     111360 bytes,    1458312 total
[2024-02-18T09:12:42.941+0000][7][gc,age      ] GC(47) - age   5:     124088 bytes,    1582400 total
[2024-02-18T09:12:42.941+0000][7][gc,age      ] GC(47) - age   6:     129416 bytes,    1711816 total
[2024-02-18T09:12:42.941+0000][7][gc,age      ] GC(47) - age   7:     103504 bytes,    1815320 total
[2024-02-18T09:12:42.941+0000][7][gc,age      ] GC(47) - age   8:      48480 bytes,    1863800 total
[2024-02-18T09:12:42.941+0000][7][gc,age      ] GC(47) - age   9:     102888 bytes,    1966688 total
[2024-02-18T09:12:42.941+0000][7][gc,age      ] GC(47) - age  10:     170800 bytes,    2137488 total
[2024-02-18T09:12:42.941+0000][7][gc,age      ] GC(47) - age  11:    3939936 bytes,    6077424 total
[2024-02-18T09:12:42.941+0000][7][gc,age      ] GC(47) - age  12:     231608 bytes,    6309032 total
[2024-02-18T09:12:42.941+0000][7][gc,age      ] GC(47) - age  13:     371456 bytes,    6680488 total
[2024-02-18T09:12:42.942+0000][7][gc,age      ] GC(47) - age  14:      49640 bytes,    6730128 total
[2024-02-18T09:12:42.942+0000][7][gc,age      ] GC(47) - age  15:     282576 bytes,    7012704 total
[2024-02-18T09:12:42.942+0000][7][gc,heap     ] GC(47) Eden regions: 73->0(74)
[2024-02-18T09:12:42.942+0000][7][gc,heap     ] GC(47) Survivor regions: 3->2(10)
[2024-02-18T09:12:42.942+0000][7][gc,heap     ] GC(47) Old regions: 29->29
[2024-02-18T09:12:42.942+0000][7][gc,heap     ] GC(47) Humongous regions: 2->2
[2024-02-18T09:12:42.942+0000][7][gc,metaspace] GC(47) Metaspace: 120410K(124416K)->120410K(124416K) NonClass: 104598K(106752K)->104598K(106752K) Class: 15811K(17664K)->15811K(17664K)
[2024-02-18T09:12:42.943+0000][7][gc          ] GC(47) Pause Young (Normal) (G1 Evacuation Pause) 422M->130M(512M) 9.169ms
[2024-02-18T09:12:42.943+0000][7][gc,cpu      ] GC(47) User=0.03s Sys=0.01s Real=0.01s
[2024-02-18T09:12:42.943+0000][7][safepoint   ] Safepoint "G1CollectForAllocation", Time since last: 660807840 ns, Reaching safepoint: 17073 ns, Cleanup: 4027 ns, At safepoint: 9496960 ns, Total: 9518060 ns
[2024-02-18T09:12:45.492+0000][7][safepoint   ] Safepoint "Cleanup", Time since last: 2548821289 ns, Reaching safepoint: 19467 ns, Cleanup: 22924 ns, At safepoint: 2976 ns, Total: 45367 ns
[2024-02-18T09:12:51.493+0000][7][safepoint   ] Safepoint "Cleanup", Time since last: 6000784410 ns, Reaching safepoint: 38714 ns, Cleanup: 17454 ns, At safepoint: 3386 ns, Total: 59554 ns
[2024-02-18T09:12:52.493+0000][7][safepoint   ] Safepoint "Cleanup", Time since last: 1000362291 ns, Reaching safepoint: 20740 ns, Cleanup: 15540 ns, At safepoint: 3296 ns, Total: 39576 ns
[2024-02-18T09:12:53.493+0000][7][safepoint   ] Safepoint "Cleanup", Time since last: 1000357965 ns, Reaching safepoint: 35357 ns, Cleanup: 37522 ns, At safepoint: 4469 ns, Total: 77348 ns
[2024-02-18T09:12:54.494+0000][7][safepoint   ] Safepoint "Cleanup", Time since last: 1000867608 ns, Reaching safepoint: 18105 ns, Cleanup: 17093 ns, At safepoint: 2996 ns, Total: 38194 ns
[2024-02-18T09:12:57.495+0000][7][safepoint   ] Safepoint "Cleanup", Time since last: 3000433274 ns, Reaching safepoint: 21380 ns, Cleanup: 16682 ns, At safepoint: 3447 ns, Total: 41509 ns
[2024-02-18T09:13:00.495+0000][7][safepoint   ] Safepoint "Cleanup", Time since last: 3000590675 ns, Reaching safepoint: 20540 ns, Cleanup: 29967 ns, At safepoint: 3116 ns, Total: 53623 ns
[2024-02-18T09:13:01.496+0000][7][safepoint   ] Safepoint "Cleanup", Time since last: 1000349207 ns, Reaching safepoint: 20149 ns, Cleanup: 13465 ns, At safepoint: 3467 ns, Total: 37081 ns
[2024-02-18T09:13:06.497+0000][7][safepoint   ] Safepoint "Cleanup", Time since last: 5000863153 ns, Reaching safepoint: 20069 ns, Cleanup: 20519 ns, At safepoint: 2755 ns, Total: 43343 ns
[2024-02-18T09:13:07.497+0000][7][safepoint   ] Safepoint "Cleanup", Time since last: 1000399574 ns, Reaching safepoint: 20870 ns, Cleanup: 15710 ns, At safepoint: 2775 ns, Total: 39355 ns
[2024-02-18T09:13:08.498+0000][7][safepoint   ] Safepoint "Cleanup", Time since last: 1000357172 ns, Reaching safepoint: 21371 ns, Cleanup: 14017 ns, At safepoint: 3366 ns, Total: 38754 ns
[2024-02-18T09:13:10.498+0000][7][safepoint   ] Safepoint "Cleanup", Time since last: 2000420742 ns, Reaching safepoint: 20590 ns, Cleanup: 13355 ns, At safepoint: 3187 ns, Total: 37132 ns
[2024-02-18T09:13:17.499+0000][7][safepoint   ] Safepoint "Cleanup", Time since last: 7000856024 ns, Reaching safepoint: 19728 ns, Cleanup: 15850 ns, At safepoint: 2906 ns, Total: 38484 ns
[2024-02-18T09:13:24.500+0000][7][safepoint   ] Safepoint "Cleanup", Time since last: 7000804938 ns, Reaching safepoint: 55436 ns, Cleanup: 16972 ns, At safepoint: 3277 ns, Total: 75685 ns
[2024-02-18T09:13:33.501+0000][7][safepoint   ] Safepoint "Cleanup", Time since last: 9001175413 ns, Reaching safepoint: 20950 ns, Cleanup: 19057 ns, At safepoint: 3587 ns, Total: 43594 ns
[2024-02-18T09:13:36.502+0000][7][safepoint   ] Safepoint "Cleanup", Time since last: 3000583091 ns, Reaching safepoint: 19848 ns, Cleanup: 13375 ns, At safepoint: 3447 ns, Total: 36670 ns
[2024-02-18T09:13:45.562+0000][7][gc,start    ] GC(48) Pause Young (Concurrent Start) (G1 Evacuation Pause)
[2024-02-18T09:13:45.562+0000][7][gc,task     ] GC(48) Using 12 workers of 13 for evacuation
[2024-02-18T09:13:45.563+0000][7][gc,age      ] GC(48) Desired survivor size 20971520 bytes, new threshold 15 (max threshold 15)
[2024-02-18T09:13:45.568+0000][7][gc,phases   ] GC(48)   Pre Evacuate Collection Set: 0.2ms
[2024-02-18T09:13:45.569+0000][7][gc,phases   ] GC(48)   Merge Heap Roots: 0.2ms
[2024-02-18T09:13:45.569+0000][7][gc,phases   ] GC(48)   Evacuate Collection Set: 4.3ms
[2024-02-18T09:13:45.569+0000][7][gc,phases   ] GC(48)   Post Evacuate Collection Set: 0.7ms
[2024-02-18T09:13:45.569+0000][7][gc,phases   ] GC(48)   Other: 0.3ms
[2024-02-18T09:13:45.569+0000][7][gc,age      ] GC(48) Age table with threshold 15 (max threshold 15)
[2024-02-18T09:13:45.569+0000][7][gc,age      ] GC(48) - age   1:    1942112 bytes,    1942112 total
[2024-02-18T09:13:45.569+0000][7][gc,age      ] GC(48) - age   2:      32856 bytes,    1974968 total
[2024-02-18T09:13:45.569+0000][7][gc,age      ] GC(48) - age   3:      18344 bytes,    1993312 total
[2024-02-18T09:13:45.569+0000][7][gc,age      ] GC(48) - age   4:     101464 bytes,    2094776 total
[2024-02-18T09:13:45.570+0000][7][gc,age      ] GC(48) - age   5:     108608 bytes,    2203384 total
[2024-02-18T09:13:45.570+0000][7][gc,age      ] GC(48) - age   6:     122392 bytes,    2325776 total
[2024-02-18T09:13:45.570+0000][7][gc,age      ] GC(48) - age   7:     127816 bytes,    2453592 total
[2024-02-18T09:13:45.570+0000][7][gc,age      ] GC(48) - age   8:     101904 bytes,    2555496 total
[2024-02-18T09:13:45.570+0000][7][gc,age      ] GC(48) - age   9:      46880 bytes,    2602376 total
[2024-02-18T09:13:45.570+0000][7][gc,age      ] GC(48) - age  10:     101288 bytes,    2703664 total
[2024-02-18T09:13:45.570+0000][7][gc,age      ] GC(48) - age  11:     166376 bytes,    2870040 total
[2024-02-18T09:13:45.570+0000][7][gc,age      ] GC(48) - age  12:    3937632 bytes,    6807672 total
[2024-02-18T09:13:45.571+0000][7][gc,age      ] GC(48) - age  13:     231608 bytes,    7039280 total
[2024-02-18T09:13:45.571+0000][7][gc,age      ] GC(48) - age  14:     371456 bytes,    7410736 total
[2024-02-18T09:13:45.571+0000][7][gc,age      ] GC(48) - age  15:      49640 bytes,    7460376 total
[2024-02-18T09:13:45.571+0000][7][gc,heap     ] GC(48) Eden regions: 74->0(74)
[2024-02-18T09:13:45.571+0000][7][gc,heap     ] GC(48) Survivor regions: 2->2(10)
[2024-02-18T09:13:45.571+0000][7][gc,heap     ] GC(48) Old regions: 29->29
[2024-02-18T09:13:45.571+0000][7][gc,heap     ] GC(48) Humongous regions: 2->2
[2024-02-18T09:13:45.571+0000][7][gc,metaspace] GC(48) Metaspace: 120445K(124416K)->120445K(124416K) NonClass: 104633K(106752K)->104633K(106752K) Class: 15811K(17664K)->15811K(17664K)
[2024-02-18T09:13:45.571+0000][7][gc          ] GC(48) Pause Young (Concurrent Start) (G1 Evacuation Pause) 426M->131M(512M) 9.039ms
[2024-02-18T09:13:45.572+0000][7][gc          ] GC(49) Concurrent Mark Cycle
[2024-02-18T09:13:45.572+0000][7][gc,marking  ] GC(49) Concurrent Scan Root Regions
[2024-02-18T09:13:45.572+0000][7][gc,cpu      ] GC(48) User=0.03s Sys=0.00s Real=0.01s
[2024-02-18T09:13:45.572+0000][7][safepoint   ] Safepoint "G1CollectForAllocation", Time since last: 9060593897 ns, Reaching safepoint: 17544 ns, Cleanup: 4178 ns, At safepoint: 9634558 ns, Total: 9656280 ns
[2024-02-18T09:13:45.573+0000][7][gc,marking  ] GC(49) Concurrent Scan Root Regions 1.607ms
[2024-02-18T09:13:45.586+0000][7][gc,marking  ] GC(49) Concurrent Mark
[2024-02-18T09:13:45.587+0000][7][gc,marking  ] GC(49) Concurrent Mark From Roots
[2024-02-18T09:13:45.587+0000][7][gc,task     ] GC(49) Using 3 workers of 3 for marking
[2024-02-18T09:13:45.628+0000][7][gc,marking  ] GC(49) Concurrent Mark From Roots 41.832ms
[2024-02-18T09:13:45.629+0000][7][gc,marking  ] GC(49) Concurrent Preclean
[2024-02-18T09:13:45.629+0000][7][gc,marking  ] GC(49) Concurrent Preclean 0.583ms
[2024-02-18T09:13:45.629+0000][7][gc,start    ] GC(49) Pause Remark
[2024-02-18T09:13:45.649+0000][7][gc          ] GC(49) Pause Remark 133M->133M(512M) 19.549ms
[2024-02-18T09:13:45.649+0000][7][gc,cpu      ] GC(49) User=0.04s Sys=0.00s Real=0.02s
[2024-02-18T09:13:45.649+0000][7][safepoint   ] Safepoint "G1PauseRemark", Time since last: 57367651 ns, Reaching safepoint: 18927 ns, Cleanup: 3717 ns, At safepoint: 20087093 ns, Total: 20109737 ns
[2024-02-18T09:13:45.650+0000][7][gc,marking  ] GC(49) Concurrent Mark 63.202ms
[2024-02-18T09:13:45.650+0000][7][gc,marking  ] GC(49) Concurrent Rebuild Remembered Sets and Scrub Regions
[2024-02-18T09:13:45.663+0000][7][gc,marking  ] GC(49) Concurrent Rebuild Remembered Sets and Scrub Regions 12.803ms
[2024-02-18T09:13:45.663+0000][7][gc,start    ] GC(49) Pause Cleanup
[2024-02-18T09:13:45.663+0000][7][gc          ] GC(49) Pause Cleanup 133M->133M(512M) 0.266ms
[2024-02-18T09:13:45.663+0000][7][gc,cpu      ] GC(49) User=0.00s Sys=0.00s Real=0.00s
[2024-02-18T09:13:45.663+0000][7][safepoint   ] Safepoint "G1PauseCleanup", Time since last: 13428079 ns, Reaching safepoint: 14848 ns, Cleanup: 18185 ns, At safepoint: 574947 ns, Total: 607980 ns
[2024-02-18T09:13:45.664+0000][7][gc,marking  ] GC(49) Concurrent Clear Claimed Marks
[2024-02-18T09:13:45.664+0000][7][gc,marking  ] GC(49) Concurrent Clear Claimed Marks 0.277ms
[2024-02-18T09:13:45.664+0000][7][gc,marking  ] GC(49) Concurrent Cleanup for Next Mark
[2024-02-18T09:13:45.665+0000][7][gc,marking  ] GC(49) Concurrent Cleanup for Next Mark 0.607ms
[2024-02-18T09:13:45.665+0000][7][gc          ] GC(49) Concurrent Mark Cycle 93.198ms
[2024-02-18T09:13:46.664+0000][7][safepoint   ] Safepoint "Cleanup", Time since last: 1000226322 ns, Reaching safepoint: 19327 ns, Cleanup: 20860 ns, At safepoint: 3196 ns, Total: 43383 ns
[2024-02-18T09:14:00.665+0000][7][safepoint   ] Safepoint "Cleanup", Time since last: 14001615881 ns, Reaching safepoint: 18495 ns, Cleanup: 16702 ns, At safepoint: 2996 ns, Total: 38193 ns
[2024-02-18T09:14:06.666+0000][7][safepoint   ] Safepoint "Cleanup", Time since last: 6000814323 ns, Reaching safepoint: 19026 ns, Cleanup: 21151 ns, At safepoint: 10510 ns, Total: 50687 ns
[2024-02-18T09:14:08.667+0000][7][safepoint   ] Safepoint "Cleanup", Time since last: 2000433536 ns, Reaching safepoint: 19337 ns, Cleanup: 12845 ns, At safepoint: 3507 ns, Total: 35689 ns
[2024-02-18T09:14:09.667+0000][7][safepoint   ] Safepoint "Cleanup", Time since last: 1000356445 ns, Reaching safepoint: 20119 ns, Cleanup: 9408 ns, At safepoint: 2725 ns, Total: 32252 ns
[2024-02-18T09:14:10.667+0000][7][safepoint   ] Safepoint "Cleanup", Time since last: 1000292413 ns, Reaching safepoint: 19788 ns, Cleanup: 13676 ns, At safepoint: 3657 ns, Total: 37121 ns
[2024-02-18T09:14:13.668+0000][7][safepoint   ] Safepoint "Cleanup", Time since last: 3000968640 ns, Reaching safepoint: 19677 ns, Cleanup: 14759 ns, At safepoint: 3226 ns, Total: 37662 ns
[2024-02-18T09:14:15.669+0000][7][safepoint   ] Safepoint "Cleanup", Time since last: 2000487730 ns, Reaching safepoint: 20449 ns, Cleanup: 13556 ns, At safepoint: 3096 ns, Total: 37101 ns
[2024-02-18T09:14:17.670+0000][7][safepoint   ] Safepoint "Cleanup", Time since last: 2000585993 ns, Reaching safepoint: 19427 ns, Cleanup: 13396 ns, At safepoint: 2966 ns, Total: 35789 ns
[2024-02-18T09:14:18.670+0000][7][safepoint   ] Safepoint "Cleanup", Time since last: 1000337129 ns, Reaching safepoint: 20419 ns, Cleanup: 18816 ns, At safepoint: 3056 ns, Total: 42291 ns
[2024-02-18T09:14:19.670+0000][7][safepoint   ] Safepoint "Cleanup", Time since last: 1000364736 ns, Reaching safepoint: 20840 ns, Cleanup: 18355 ns, At safepoint: 3477 ns, Total: 42672 ns
[2024-02-18T09:14:21.671+0000][7][safepoint   ] Safepoint "Cleanup", Time since last: 2000451691 ns, Reaching safepoint: 40247 ns, Cleanup: 13657 ns, At safepoint: 3516 ns, Total: 57420 ns
[2024-02-18T09:14:24.671+0000][7][safepoint   ] Safepoint "Cleanup", Time since last: 3000601216 ns, Reaching safepoint: 18665 ns, Cleanup: 15200 ns, At safepoint: 3366 ns, Total: 37231 ns
[2024-02-18T09:14:27.672+0000][7][safepoint   ] Safepoint "Cleanup", Time since last: 3000539026 ns, Reaching safepoint: 19398 ns, Cleanup: 24667 ns, At safepoint: 3657 ns, Total: 47722 ns
[2024-02-18T09:14:30.673+0000][7][safepoint   ] Safepoint "Cleanup", Time since last: 3000623087 ns, Reaching safepoint: 17694 ns, Cleanup: 9188 ns, At safepoint: 2765 ns, Total: 29647 ns
[2024-02-18T09:14:36.674+0000][7][safepoint   ] Safepoint "Cleanup", Time since last: 6001170139 ns, Reaching safepoint: 22844 ns, Cleanup: 16452 ns, At safepoint: 3296 ns, Total: 42592 ns
[2024-02-18T09:14:37.674+0000][7][safepoint   ] Safepoint "Cleanup", Time since last: 1000348189 ns, Reaching safepoint: 20690 ns, Cleanup: 14097 ns, At safepoint: 3366 ns, Total: 38153 ns
[2024-02-18T09:14:40.675+0000][7][safepoint   ] Safepoint "Cleanup", Time since last: 3000605129 ns, Reaching safepoint: 36680 ns, Cleanup: 24447 ns, At safepoint: 5180 ns, Total: 66307 ns
[2024-02-18T09:14:42.676+0000][7][safepoint   ] Safepoint "Cleanup", Time since last: 2000675249 ns, Reaching safepoint: 21742 ns, Cleanup: 16181 ns, At safepoint: 3376 ns, Total: 41299 ns
[2024-02-18T09:14:44.971+0000][7][gc,start    ] GC(50) Pause Young (Normal) (G1 Evacuation Pause)
[2024-02-18T09:14:44.971+0000][7][gc,task     ] GC(50) Using 12 workers of 13 for evacuation
[2024-02-18T09:14:44.971+0000][7][gc,age      ] GC(50) Desired survivor size 20971520 bytes, new threshold 15 (max threshold 15)
[2024-02-18T09:14:44.978+0000][7][gc,phases   ] GC(50)   Pre Evacuate Collection Set: 0.2ms
[2024-02-18T09:14:44.978+0000][7][gc,phases   ] GC(50)   Merge Heap Roots: 0.1ms
[2024-02-18T09:14:44.978+0000][7][gc,phases   ] GC(50)   Evacuate Collection Set: 4.6ms
[2024-02-18T09:14:44.978+0000][7][gc,phases   ] GC(50)   Post Evacuate Collection Set: 1.0ms
[2024-02-18T09:14:44.978+0000][7][gc,phases   ] GC(50)   Other: 0.3ms
[2024-02-18T09:14:44.978+0000][7][gc,age      ] GC(50) Age table with threshold 15 (max threshold 15)
[2024-02-18T09:14:44.979+0000][7][gc,age      ] GC(50) - age   1:    1379232 bytes,    1379232 total
[2024-02-18T09:14:44.979+0000][7][gc,age      ] GC(50) - age   2:     130872 bytes,    1510104 total
[2024-02-18T09:14:44.979+0000][7][gc,age      ] GC(50) - age   3:      30392 bytes,    1540496 total
[2024-02-18T09:14:44.979+0000][7][gc,age      ] GC(50) - age   4:      16968 bytes,    1557464 total
[2024-02-18T09:14:44.979+0000][7][gc,age      ] GC(50) - age   5:     101368 bytes,    1658832 total
[2024-02-18T09:14:44.979+0000][7][gc,age      ] GC(50) - age   6:     108296 bytes,    1767128 total
[2024-02-18T09:14:44.979+0000][7][gc,age      ] GC(50) - age   7:     122344 bytes,    1889472 total
[2024-02-18T09:14:44.979+0000][7][gc,age      ] GC(50) - age   8:     127496 bytes,    2016968 total
[2024-02-18T09:14:44.980+0000][7][gc,age      ] GC(50) - age   9:     101904 bytes,    2118872 total
[2024-02-18T09:14:44.980+0000][7][gc,age      ] GC(50) - age  10:      46816 bytes,    2165688 total
[2024-02-18T09:14:44.980+0000][7][gc,age      ] GC(50) - age  11:     101288 bytes,    2266976 total
[2024-02-18T09:14:44.980+0000][7][gc,age      ] GC(50) - age  12:     166376 bytes,    2433352 total
[2024-02-18T09:14:44.980+0000][7][gc,age      ] GC(50) - age  13:    3935352 bytes,    6368704 total
[2024-02-18T09:14:44.980+0000][7][gc,age      ] GC(50) - age  14:     231608 bytes,    6600312 total
[2024-02-18T09:14:44.980+0000][7][gc,age      ] GC(50) - age  15:     371456 bytes,    6971768 total
[2024-02-18T09:14:44.980+0000][7][gc,heap     ] GC(50) Eden regions: 74->0(74)
[2024-02-18T09:14:44.980+0000][7][gc,heap     ] GC(50) Survivor regions: 2->2(10)
[2024-02-18T09:14:44.980+0000][7][gc,heap     ] GC(50) Old regions: 29->29
[2024-02-18T09:14:44.981+0000][7][gc,heap     ] GC(50) Humongous regions: 2->2
[2024-02-18T09:14:44.981+0000][7][gc,metaspace] GC(50) Metaspace: 120508K(124416K)->120508K(124416K) NonClass: 104692K(106752K)->104692K(106752K) Class: 15815K(17664K)->15815K(17664K)
[2024-02-18T09:14:44.981+0000][7][gc          ] GC(50) Pause Young (Normal) (G1 Evacuation Pause) 427M->130M(512M) 9.728ms
[2024-02-18T09:14:44.981+0000][7][gc,cpu      ] GC(50) User=0.03s Sys=0.00s Real=0.01s
[2024-02-18T09:14:44.981+0000][7][safepoint   ] Safepoint "G1CollectForAllocation", Time since last: 2295319855 ns, Reaching safepoint: 31520 ns, Cleanup: 5290 ns, At safepoint: 10096683 ns, Total: 10133493 ns
[2024-02-18T09:14:53.982+0000][7][safepoint   ] Safepoint "Cleanup", Time since last: 9000938130 ns, Reaching safepoint: 35017 ns, Cleanup: 13997 ns, At safepoint: 3577 ns, Total: 52591 ns
[2024-02-18T09:15:05.983+0000][7][safepoint   ] Safepoint "Cleanup", Time since last: 12001092648 ns, Reaching safepoint: 19608 ns, Cleanup: 13816 ns, At safepoint: 3046 ns, Total: 36470 ns
[2024-02-18T09:15:06.984+0000][7][safepoint   ] Safepoint "Cleanup", Time since last: 1000238535 ns, Reaching safepoint: 21120 ns, Cleanup: 19548 ns, At safepoint: 3597 ns, Total: 44265 ns
[2024-02-18T09:15:09.984+0000][7][safepoint   ] Safepoint "Cleanup", Time since last: 3000617886 ns, Reaching safepoint: 20319 ns, Cleanup: 16361 ns, At safepoint: 3226 ns, Total: 39906 ns
[2024-02-18T09:15:11.985+0000][7][safepoint   ] Safepoint "Cleanup", Time since last: 2000456466 ns, Reaching safepoint: 17884 ns, Cleanup: 12514 ns, At safepoint: 14678 ns, Total: 45076 ns
[2024-02-18T09:15:14.985+0000][7][safepoint   ] Safepoint "Cleanup", Time since last: 3000456840 ns, Reaching safepoint: 23074 ns, Cleanup: 12825 ns, At safepoint: 3697 ns, Total: 39596 ns
[2024-02-18T09:15:18.986+0000][7][safepoint   ] Safepoint "Cleanup", Time since last: 4000684252 ns, Reaching safepoint: 71918 ns, Cleanup: 20279 ns, At safepoint: 47170 ns, Total: 139367 ns
[2024-02-18T09:15:23.987+0000][7][safepoint   ] Safepoint "Cleanup", Time since last: 5000873117 ns, Reaching safepoint: 41790 ns, Cleanup: 10621 ns, At safepoint: 2505 ns, Total: 54916 ns
[2024-02-18T09:15:24.987+0000][7][safepoint   ] Safepoint "Cleanup", Time since last: 1000276527 ns, Reaching safepoint: 19637 ns, Cleanup: 17454 ns, At safepoint: 2665 ns, Total: 39756 ns
[2024-02-18T09:15:35.988+0000][7][safepoint   ] Safepoint "Cleanup", Time since last: 11001143047 ns, Reaching safepoint: 21241 ns, Cleanup: 14527 ns, At safepoint: 3758 ns, Total: 39526 ns
[2024-02-18T09:15:41.989+0000][7][safepoint   ] Safepoint "Cleanup", Time since last: 6000678678 ns, Reaching safepoint: 17774 ns, Cleanup: 8967 ns, At safepoint: 11001 ns, Total: 37742 ns
[2024-02-18T09:15:45.087+0000][7][gc,start    ] GC(51) Pause Young (Concurrent Start) (G1 Evacuation Pause)
[2024-02-18T09:15:45.088+0000][7][gc,task     ] GC(51) Using 12 workers of 13 for evacuation
[2024-02-18T09:15:45.088+0000][7][gc,age      ] GC(51) Desired survivor size 20971520 bytes, new threshold 15 (max threshold 15)
[2024-02-18T09:15:45.093+0000][7][gc,phases   ] GC(51)   Pre Evacuate Collection Set: 0.2ms
[2024-02-18T09:15:45.093+0000][7][gc,phases   ] GC(51)   Merge Heap Roots: 0.1ms
[2024-02-18T09:15:45.093+0000][7][gc,phases   ] GC(51)   Evacuate Collection Set: 3.6ms
[2024-02-18T09:15:45.093+0000][7][gc,phases   ] GC(51)   Post Evacuate Collection Set: 0.7ms
[2024-02-18T09:15:45.093+0000][7][gc,phases   ] GC(51)   Other: 0.4ms
[2024-02-18T09:15:45.093+0000][7][gc,age      ] GC(51) Age table with threshold 15 (max threshold 15)
[2024-02-18T09:15:45.093+0000][7][gc,age      ] GC(51) - age   1:    2278240 bytes,    2278240 total
[2024-02-18T09:15:45.093+0000][7][gc,age      ] GC(51) - age   2:      55744 bytes,    2333984 total
[2024-02-18T09:15:45.094+0000][7][gc,age      ] GC(51) - age   3:     121240 bytes,    2455224 total
[2024-02-18T09:15:45.094+0000][7][gc,age      ] GC(51) - age   4:      28440 bytes,    2483664 total
[2024-02-18T09:15:45.094+0000][7][gc,age      ] GC(51) - age   5:      13984 bytes,    2497648 total
[2024-02-18T09:15:45.094+0000][7][gc,age      ] GC(51) - age   6:      77416 bytes,    2575064 total
[2024-02-18T09:15:45.094+0000][7][gc,age      ] GC(51) - age   7:      84344 bytes,    2659408 total
[2024-02-18T09:15:45.094+0000][7][gc,age      ] GC(51) - age   8:      45512 bytes,    2704920 total
[2024-02-18T09:15:45.094+0000][7][gc,age      ] GC(51) - age   9:      74136 bytes,    2779056 total
[2024-02-18T09:15:45.094+0000][7][gc,age      ] GC(51) - age  10:     101904 bytes,    2880960 total
[2024-02-18T09:15:45.094+0000][7][gc,age      ] GC(51) - age  11:      46816 bytes,    2927776 total
[2024-02-18T09:15:45.095+0000][7][gc,age      ] GC(51) - age  12:     101288 bytes,    3029064 total
[2024-02-18T09:15:45.095+0000][7][gc,age      ] GC(51) - age  13:     165968 bytes,    3195032 total
[2024-02-18T09:15:45.095+0000][7][gc,age      ] GC(51) - age  14:    3857312 bytes,    7052344 total
[2024-02-18T09:15:45.095+0000][7][gc,age      ] GC(51) - age  15:     231608 bytes,    7283952 total
[2024-02-18T09:15:45.095+0000][7][gc,heap     ] GC(51) Eden regions: 74->0(74)
[2024-02-18T09:15:45.095+0000][7][gc,heap     ] GC(51) Survivor regions: 2->2(10)
[2024-02-18T09:15:45.095+0000][7][gc,heap     ] GC(51) Old regions: 29->29
[2024-02-18T09:15:45.095+0000][7][gc,heap     ] GC(51) Humongous regions: 2->2
[2024-02-18T09:15:45.095+0000][7][gc,metaspace] GC(51) Metaspace: 120533K(124416K)->120533K(124416K) NonClass: 104717K(106752K)->104717K(106752K) Class: 15815K(17664K)->15815K(17664K)
[2024-02-18T09:15:45.095+0000][7][gc          ] GC(51) Pause Young (Concurrent Start) (G1 Evacuation Pause) 426M->131M(512M) 8.004ms
[2024-02-18T09:15:45.096+0000][7][gc          ] GC(52) Concurrent Mark Cycle
[2024-02-18T09:15:45.096+0000][7][gc,marking  ] GC(52) Concurrent Scan Root Regions
[2024-02-18T09:15:45.096+0000][7][gc,cpu      ] GC(51) User=0.03s Sys=0.00s Real=0.00s
[2024-02-18T09:15:45.096+0000][7][safepoint   ] Safepoint "G1CollectForAllocation", Time since last: 3098365684 ns, Reaching safepoint: 15410 ns, Cleanup: 3857 ns, At safepoint: 8751116 ns, Total: 8770383 ns
[2024-02-18T09:15:45.098+0000][7][gc,marking  ] GC(52) Concurrent Scan Root Regions 2.224ms
[2024-02-18T09:15:45.098+0000][7][gc,marking  ] GC(52) Concurrent Mark
[2024-02-18T09:15:45.098+0000][7][gc,marking  ] GC(52) Concurrent Mark From Roots
[2024-02-18T09:15:45.098+0000][7][gc,task     ] GC(52) Using 3 workers of 3 for marking
[2024-02-18T09:15:45.138+0000][7][gc,marking  ] GC(52) Concurrent Mark From Roots 39.774ms
[2024-02-18T09:15:45.138+0000][7][gc,marking  ] GC(52) Concurrent Preclean
[2024-02-18T09:15:45.139+0000][7][gc,marking  ] GC(52) Concurrent Preclean 0.479ms
[2024-02-18T09:15:45.139+0000][7][gc,start    ] GC(52) Pause Remark
[2024-02-18T09:15:45.145+0000][7][gc          ] GC(52) Pause Remark 142M->142M(512M) 5.540ms
[2024-02-18T09:15:45.145+0000][7][gc,cpu      ] GC(52) User=0.03s Sys=0.00s Real=0.00s
[2024-02-18T09:15:45.145+0000][7][safepoint   ] Safepoint "G1PauseRemark", Time since last: 42707354 ns, Reaching safepoint: 15540 ns, Cleanup: 2354 ns, At safepoint: 5948864 ns, Total: 5966758 ns
[2024-02-18T09:15:45.145+0000][7][gc,marking  ] GC(52) Concurrent Mark 46.854ms
[2024-02-18T09:15:45.145+0000][7][gc,marking  ] GC(52) Concurrent Rebuild Remembered Sets and Scrub Regions
[2024-02-18T09:15:45.158+0000][7][gc,marking  ] GC(52) Concurrent Rebuild Remembered Sets and Scrub Regions 13.063ms
[2024-02-18T09:15:45.158+0000][7][gc,start    ] GC(52) Pause Cleanup
[2024-02-18T09:15:45.159+0000][7][gc          ] GC(52) Pause Cleanup 144M->144M(512M) 0.372ms
[2024-02-18T09:15:45.159+0000][7][gc,cpu      ] GC(52) User=0.00s Sys=0.00s Real=0.00s
[2024-02-18T09:15:45.159+0000][7][safepoint   ] Safepoint "G1PauseCleanup", Time since last: 13527820 ns, Reaching safepoint: 31430 ns, Cleanup: 9048 ns, At safepoint: 673774 ns, Total: 714252 ns
[2024-02-18T09:15:45.159+0000][7][gc,marking  ] GC(52) Concurrent Clear Claimed Marks
[2024-02-18T09:15:45.160+0000][7][gc,marking  ] GC(52) Concurrent Clear Claimed Marks 0.330ms
[2024-02-18T09:15:45.160+0000][7][gc,marking  ] GC(52) Concurrent Cleanup for Next Mark
[2024-02-18T09:15:45.161+0000][7][gc,marking  ] GC(52) Concurrent Cleanup for Next Mark 0.731ms
[2024-02-18T09:15:45.161+0000][7][gc          ] GC(52) Concurrent Mark Cycle 65.167ms
[2024-02-18T09:15:54.160+0000][7][safepoint   ] Safepoint "Cleanup", Time since last: 9001184194 ns, Reaching safepoint: 50006 ns, Cleanup: 12524 ns, At safepoint: 3156 ns, Total: 65686 ns
[2024-02-18T09:15:57.161+0000][7][safepoint   ] Safepoint "Cleanup", Time since last: 3000502342 ns, Reaching safepoint: 18496 ns, Cleanup: 11592 ns, At safepoint: 3497 ns, Total: 33585 ns
[2024-02-18T09:16:00.162+0000][7][safepoint   ] Safepoint "Cleanup", Time since last: 3000580329 ns, Reaching safepoint: 17053 ns, Cleanup: 21812 ns, At safepoint: 3076 ns, Total: 41941 ns
[2024-02-18T09:16:01.162+0000][7][safepoint   ] Safepoint "Cleanup", Time since last: 1000211809 ns, Reaching safepoint: 19568 ns, Cleanup: 9959 ns, At safepoint: 3246 ns, Total: 32773 ns
[2024-02-18T09:16:06.162+0000][7][safepoint   ] Safepoint "Cleanup", Time since last: 5000501120 ns, Reaching safepoint: 19287 ns, Cleanup: 23174 ns, At safepoint: 3257 ns, Total: 45718 ns
[2024-02-18T09:16:09.163+0000][7][safepoint   ] Safepoint "Cleanup", Time since last: 3000533676 ns, Reaching safepoint: 17583 ns, Cleanup: 17594 ns, At safepoint: 3397 ns, Total: 38574 ns
[2024-02-18T09:16:12.164+0000][7][safepoint   ] Safepoint "Cleanup", Time since last: 3000632194 ns, Reaching safepoint: 26782 ns, Cleanup: 13957 ns, At safepoint: 3065 ns, Total: 43804 ns
[2024-02-18T09:16:20.165+0000][7][safepoint   ] Safepoint "Cleanup", Time since last: 8000969101 ns, Reaching safepoint: 21210 ns, Cleanup: 13406 ns, At safepoint: 3437 ns, Total: 38053 ns
[2024-02-18T09:16:21.165+0000][7][safepoint   ] Safepoint "Cleanup", Time since last: 1000332899 ns, Reaching safepoint: 19898 ns, Cleanup: 16462 ns, At safepoint: 2996 ns, Total: 39356 ns
[2024-02-18T09:16:24.166+0000][7][safepoint   ] Safepoint "Cleanup", Time since last: 3000433814 ns, Reaching safepoint: 53773 ns, Cleanup: 12444 ns, At safepoint: 3156 ns, Total: 69373 ns
[2024-02-18T09:16:25.166+0000][7][safepoint   ] Safepoint "Cleanup", Time since last: 1000339774 ns, Reaching safepoint: 19057 ns, Cleanup: 11001 ns, At safepoint: 2855 ns, Total: 32913 ns
[2024-02-18T09:16:26.166+0000][7][safepoint   ] Safepoint "Cleanup", Time since last: 1000372682 ns, Reaching safepoint: 19848 ns, Cleanup: 13817 ns, At safepoint: 3146 ns, Total: 36811 ns
[2024-02-18T09:16:27.167+0000][7][safepoint   ] Safepoint "Cleanup", Time since last: 1000363474 ns, Reaching safepoint: 32893 ns, Cleanup: 10971 ns, At safepoint: 3416 ns, Total: 47280 ns
[2024-02-18T09:16:28.167+0000][7][safepoint   ] Safepoint "Cleanup", Time since last: 1000399954 ns, Reaching safepoint: 24868 ns, Cleanup: 12264 ns, At safepoint: 2735 ns, Total: 39867 ns
[2024-02-18T09:16:33.168+0000][7][safepoint   ] Safepoint "Cleanup", Time since last: 5000652470 ns, Reaching safepoint: 22192 ns, Cleanup: 11692 ns, At safepoint: 3597 ns, Total: 37481 ns
[2024-02-18T09:16:34.168+0000][7][safepoint   ] Safepoint "Cleanup", Time since last: 1000228656 ns, Reaching safepoint: 20439 ns, Cleanup: 14458 ns, At safepoint: 3367 ns, Total: 38264 ns
[2024-02-18T09:16:36.169+0000][7][safepoint   ] Safepoint "Cleanup", Time since last: 2000375405 ns, Reaching safepoint: 17784 ns, Cleanup: 18054 ns, At safepoint: 8006 ns, Total: 43844 ns
[2024-02-18T09:16:42.169+0000][7][safepoint   ] Safepoint "Cleanup", Time since last: 6000731624 ns, Reaching safepoint: 16030 ns, Cleanup: 12855 ns, At safepoint: 2535 ns, Total: 31420 ns
[2024-02-18T09:16:42.220+0000][7][gc,start    ] GC(53) Pause Young (Normal) (G1 Evacuation Pause)
[2024-02-18T09:16:42.220+0000][7][gc,task     ] GC(53) Using 12 workers of 13 for evacuation
[2024-02-18T09:16:42.220+0000][7][gc,age      ] GC(53) Desired survivor size 20971520 bytes, new threshold 15 (max threshold 15)
[2024-02-18T09:16:42.225+0000][7][gc,phases   ] GC(53)   Pre Evacuate Collection Set: 0.2ms
[2024-02-18T09:16:42.225+0000][7][gc,phases   ] GC(53)   Merge Heap Roots: 0.1ms
[2024-02-18T09:16:42.225+0000][7][gc,phases   ] GC(53)   Evacuate Collection Set: 3.8ms
[2024-02-18T09:16:42.225+0000][7][gc,phases   ] GC(53)   Post Evacuate Collection Set: 0.7ms
[2024-02-18T09:16:42.225+0000][7][gc,phases   ] GC(53)   Other: 0.2ms
[2024-02-18T09:16:42.226+0000][7][gc,age      ] GC(53) Age table with threshold 15 (max threshold 15)
[2024-02-18T09:16:42.226+0000][7][gc,age      ] GC(53) - age   1:    1559864 bytes,    1559864 total
[2024-02-18T09:16:42.226+0000][7][gc,age      ] GC(53) - age   2:     371552 bytes,    1931416 total
[2024-02-18T09:16:42.226+0000][7][gc,age      ] GC(53) - age   3:      52024 bytes,    1983440 total
[2024-02-18T09:16:42.226+0000][7][gc,age      ] GC(53) - age   4:     120600 bytes,    2104040 total
[2024-02-18T09:16:42.226+0000][7][gc,age      ] GC(53) - age   5:      28440 bytes,    2132480 total
[2024-02-18T09:16:42.226+0000][7][gc,age      ] GC(53) - age   6:      13560 bytes,    2146040 total
[2024-02-18T09:16:42.226+0000][7][gc,age      ] GC(53) - age   7:      77264 bytes,    2223304 total
[2024-02-18T09:16:42.226+0000][7][gc,age      ] GC(53) - age   8:      84280 bytes,    2307584 total
[2024-02-18T09:16:42.226+0000][7][gc,age      ] GC(53) - age   9:      45320 bytes,    2352904 total
[2024-02-18T09:16:42.226+0000][7][gc,age      ] GC(53) - age  10:      73656 bytes,    2426560 total
[2024-02-18T09:16:42.227+0000][7][gc,age      ] GC(53) - age  11:     101904 bytes,    2528464 total
[2024-02-18T09:16:42.227+0000][7][gc,age      ] GC(53) - age  12:      45744 bytes,    2574208 total
[2024-02-18T09:16:42.227+0000][7][gc,age      ] GC(53) - age  13:     101288 bytes,    2675496 total
[2024-02-18T09:16:42.227+0000][7][gc,age      ] GC(53) - age  14:     165968 bytes,    2841464 total
[2024-02-18T09:16:42.227+0000][7][gc,age      ] GC(53) - age  15:    3854600 bytes,    6696064 total
[2024-02-18T09:16:42.227+0000][7][gc,heap     ] GC(53) Eden regions: 74->0(74)
[2024-02-18T09:16:42.227+0000][7][gc,heap     ] GC(53) Survivor regions: 2->2(10)
[2024-02-18T09:16:42.227+0000][7][gc,heap     ] GC(53) Old regions: 29->29
[2024-02-18T09:16:42.227+0000][7][gc,heap     ] GC(53) Humongous regions: 2->2
[2024-02-18T09:16:42.227+0000][7][gc,metaspace] GC(53) Metaspace: 120544K(124416K)->120544K(124416K) NonClass: 104728K(106752K)->104728K(106752K) Class: 15815K(17664K)->15815K(17664K)
[2024-02-18T09:16:42.228+0000][7][gc          ] GC(53) Pause Young (Normal) (G1 Evacuation Pause) 427M->130M(512M) 7.974ms
[2024-02-18T09:16:42.228+0000][7][gc,cpu      ] GC(53) User=0.02s Sys=0.01s Real=0.01s
[2024-02-18T09:16:42.228+0000][7][safepoint   ] Safepoint "G1CollectForAllocation", Time since last: 50187925 ns, Reaching safepoint: 102562 ns, Cleanup: 4128 ns, At safepoint: 8260782 ns, Total: 8367472 ns
[2024-02-18T09:16:43.228+0000][7][safepoint   ] Safepoint "Cleanup", Time since last: 1000267811 ns, Reaching safepoint: 20840 ns, Cleanup: 16261 ns, At safepoint: 3186 ns, Total: 40287 ns
[2024-02-18T09:16:46.582+0000][7][safepoint   ] Safepoint "Cleanup", Time since last: 3353376509 ns, Reaching safepoint: 21461 ns, Cleanup: 17173 ns, At safepoint: 3597 ns, Total: 42231 ns
[2024-02-18T09:16:48.582+0000][7][safepoint   ] Safepoint "Cleanup", Time since last: 2000470978 ns, Reaching safepoint: 18826 ns, Cleanup: 14758 ns, At safepoint: 2956 ns, Total: 36540 ns
[2024-02-18T09:16:49.582+0000][7][safepoint   ] Safepoint "Cleanup", Time since last: 1000344187 ns, Reaching safepoint: 19307 ns, Cleanup: 12314 ns, At safepoint: 3947 ns, Total: 35568 ns
[2024-02-18T09:16:55.583+0000][7][safepoint   ] Safepoint "Cleanup", Time since last: 6000685135 ns, Reaching safepoint: 56127 ns, Cleanup: 11442 ns, At safepoint: 3256 ns, Total: 70825 ns
[2024-02-18T09:16:56.583+0000][7][safepoint   ] Safepoint "Cleanup", Time since last: 1000342315 ns, Reaching safepoint: 20840 ns, Cleanup: 14608 ns, At safepoint: 3306 ns, Total: 38754 ns
[2024-02-18T09:16:57.584+0000][7][safepoint   ] Safepoint "Cleanup", Time since last: 1000380576 ns, Reaching safepoint: 37412 ns, Cleanup: 23995 ns, At safepoint: 4339 ns, Total: 65746 ns
[2024-02-18T09:17:00.584+0000][7][safepoint   ] Safepoint "Cleanup", Time since last: 3000591357 ns, Reaching safepoint: 19999 ns, Cleanup: 26080 ns, At safepoint: 2925 ns, Total: 49004 ns
[2024-02-18T09:17:01.585+0000][7][safepoint   ] Safepoint "Cleanup", Time since last: 1000358685 ns, Reaching safepoint: 21381 ns, Cleanup: 12845 ns, At safepoint: 3246 ns, Total: 37472 ns
[2024-02-18T09:17:02.585+0000][7][safepoint   ] Safepoint "Cleanup", Time since last: 1000352428 ns, Reaching safepoint: 21802 ns, Cleanup: 28534 ns, At safepoint: 3798 ns, Total: 54134 ns
[2024-02-18T09:17:06.586+0000][7][safepoint   ] Safepoint "Cleanup", Time since last: 4000579181 ns, Reaching safepoint: 19748 ns, Cleanup: 18425 ns, At safepoint: 3848 ns, Total: 42021 ns
[2024-02-18T09:17:09.586+0000][7][safepoint   ] Safepoint "Cleanup", Time since last: 3000512195 ns, Reaching safepoint: 19377 ns, Cleanup: 16582 ns, At safepoint: 3236 ns, Total: 39195 ns
[2024-02-18T09:17:10.587+0000][7][safepoint   ] Safepoint "Cleanup", Time since last: 1000365312 ns, Reaching safepoint: 20399 ns, Cleanup: 20710 ns, At safepoint: 3276 ns, Total: 44385 ns
[2024-02-18T09:17:21.589+0000][7][safepoint   ] Safepoint "Cleanup", Time since last: 11001875466 ns, Reaching safepoint: 19788 ns, Cleanup: 13916 ns, At safepoint: 3176 ns, Total: 36880 ns
[2024-02-18T09:17:24.590+0000][7][safepoint   ] Safepoint "Cleanup", Time since last: 3000549657 ns, Reaching safepoint: 42161 ns, Cleanup: 18846 ns, At safepoint: 3567 ns, Total: 64574 ns
[2024-02-18T09:17:25.590+0000][7][safepoint   ] Safepoint "Cleanup", Time since last: 1000340263 ns, Reaching safepoint: 27984 ns, Cleanup: 26711 ns, At safepoint: 4068 ns, Total: 58763 ns
[2024-02-18T09:17:33.591+0000][7][safepoint   ] Safepoint "Cleanup", Time since last: 8001007680 ns, Reaching safepoint: 18896 ns, Cleanup: 12755 ns, At safepoint: 2875 ns, Total: 34526 ns
[2024-02-18T09:17:36.592+0000][7][safepoint   ] Safepoint "Cleanup", Time since last: 3000463291 ns, Reaching safepoint: 16442 ns, Cleanup: 10881 ns, At safepoint: 3006 ns, Total: 30329 ns
[2024-02-18T09:17:42.609+0000][7][gc,start    ] GC(54) Pause Young (Concurrent Start) (G1 Evacuation Pause)
[2024-02-18T09:17:42.609+0000][7][gc,task     ] GC(54) Using 12 workers of 13 for evacuation
[2024-02-18T09:17:42.610+0000][7][gc,age      ] GC(54) Desired survivor size 20971520 bytes, new threshold 15 (max threshold 15)
[2024-02-18T09:17:42.614+0000][7][gc,phases   ] GC(54)   Pre Evacuate Collection Set: 0.2ms
[2024-02-18T09:17:42.614+0000][7][gc,phases   ] GC(54)   Merge Heap Roots: 0.1ms
[2024-02-18T09:17:42.615+0000][7][gc,phases   ] GC(54)   Evacuate Collection Set: 3.5ms
[2024-02-18T09:17:42.615+0000][7][gc,phases   ] GC(54)   Post Evacuate Collection Set: 0.7ms
[2024-02-18T09:17:42.615+0000][7][gc,phases   ] GC(54)   Other: 0.3ms
[2024-02-18T09:17:42.615+0000][7][gc,age      ] GC(54) Age table with threshold 15 (max threshold 15)
[2024-02-18T09:17:42.615+0000][7][gc,age      ] GC(54) - age   1:    1977656 bytes,    1977656 total
[2024-02-18T09:17:42.615+0000][7][gc,age      ] GC(54) - age   2:      20312 bytes,    1997968 total
[2024-02-18T09:17:42.615+0000][7][gc,age      ] GC(54) - age   3:      34152 bytes,    2032120 total
[2024-02-18T09:17:42.615+0000][7][gc,age      ] GC(54) - age   4:      48728 bytes,    2080848 total
[2024-02-18T09:17:42.615+0000][7][gc,age      ] GC(54) - age   5:     119256 bytes,    2200104 total
[2024-02-18T09:17:42.615+0000][7][gc,age      ] GC(54) - age   6:      28440 bytes,    2228544 total
[2024-02-18T09:17:42.615+0000][7][gc,age      ] GC(54) - age   7:      13560 bytes,    2242104 total
[2024-02-18T09:17:42.615+0000][7][gc,age      ] GC(54) - age   8:      77264 bytes,    2319368 total
[2024-02-18T09:17:42.615+0000][7][gc,age      ] GC(54) - age   9:      84280 bytes,    2403648 total
[2024-02-18T09:17:42.615+0000][7][gc,age      ] GC(54) - age  10:      44544 bytes,    2448192 total
[2024-02-18T09:17:42.616+0000][7][gc,age      ] GC(54) - age  11:      73656 bytes,    2521848 total
[2024-02-18T09:17:42.616+0000][7][gc,age      ] GC(54) - age  12:     101904 bytes,    2623752 total
[2024-02-18T09:17:42.616+0000][7][gc,age      ] GC(54) - age  13:      45744 bytes,    2669496 total
[2024-02-18T09:17:42.616+0000][7][gc,age      ] GC(54) - age  14:     101288 bytes,    2770784 total
[2024-02-18T09:17:42.616+0000][7][gc,age      ] GC(54) - age  15:     165968 bytes,    2936752 total
[2024-02-18T09:17:42.616+0000][7][gc,heap     ] GC(54) Eden regions: 74->0(75)
[2024-02-18T09:17:42.616+0000][7][gc,heap     ] GC(54) Survivor regions: 2->1(10)
[2024-02-18T09:17:42.616+0000][7][gc,heap     ] GC(54) Old regions: 29->30
[2024-02-18T09:17:42.616+0000][7][gc,heap     ] GC(54) Humongous regions: 2->2
[2024-02-18T09:17:42.616+0000][7][gc,metaspace] GC(54) Metaspace: 120551K(124416K)->120551K(124416K) NonClass: 104734K(106752K)->104734K(106752K) Class: 15816K(17664K)->15816K(17664K)
[2024-02-18T09:17:42.616+0000][7][gc          ] GC(54) Pause Young (Concurrent Start) (G1 Evacuation Pause) 426M->131M(512M) 7.006ms
[2024-02-18T09:17:42.616+0000][7][gc          ] GC(55) Concurrent Mark Cycle
[2024-02-18T09:17:42.617+0000][7][gc,marking  ] GC(55) Concurrent Scan Root Regions
[2024-02-18T09:17:42.616+0000][7][gc,cpu      ] GC(54) User=0.02s Sys=0.01s Real=0.01s
[2024-02-18T09:17:42.617+0000][7][safepoint   ] Safepoint "G1CollectForAllocation", Time since last: 6017733167 ns, Reaching safepoint: 17684 ns, Cleanup: 4278 ns, At safepoint: 7516676 ns, Total: 7538638 ns
[2024-02-18T09:17:42.618+0000][7][gc,marking  ] GC(55) Concurrent Scan Root Regions 1.475ms
[2024-02-18T09:17:42.618+0000][7][gc,marking  ] GC(55) Concurrent Mark
[2024-02-18T09:17:42.618+0000][7][gc,marking  ] GC(55) Concurrent Mark From Roots
[2024-02-18T09:17:42.618+0000][7][gc,task     ] GC(55) Using 3 workers of 3 for marking
[2024-02-18T09:17:42.661+0000][7][gc,marking  ] GC(55) Concurrent Mark From Roots 42.353ms
[2024-02-18T09:17:42.661+0000][7][gc,marking  ] GC(55) Concurrent Preclean
[2024-02-18T09:17:42.661+0000][7][gc,marking  ] GC(55) Concurrent Preclean 0.494ms
[2024-02-18T09:17:42.662+0000][7][gc,start    ] GC(55) Pause Remark
[2024-02-18T09:17:42.673+0000][7][gc          ] GC(55) Pause Remark 133M->133M(512M) 11.330ms
[2024-02-18T09:17:42.673+0000][7][gc,cpu      ] GC(55) User=0.04s Sys=0.00s Real=0.01s
[2024-02-18T09:17:42.673+0000][7][safepoint   ] Safepoint "G1PauseRemark", Time since last: 44688874 ns, Reaching safepoint: 17273 ns, Cleanup: 3056 ns, At safepoint: 11771636 ns, Total: 11791965 ns
[2024-02-18T09:17:42.673+0000][7][gc,marking  ] GC(55) Concurrent Mark 55.280ms
[2024-02-18T09:17:42.674+0000][7][gc,marking  ] GC(55) Concurrent Rebuild Remembered Sets and Scrub Regions
[2024-02-18T09:17:42.688+0000][7][gc,marking  ] GC(55) Concurrent Rebuild Remembered Sets and Scrub Regions 14.131ms
[2024-02-18T09:17:42.688+0000][7][gc,start    ] GC(55) Pause Cleanup
[2024-02-18T09:17:42.688+0000][7][gc          ] GC(55) Pause Cleanup 133M->133M(512M) 0.276ms
[2024-02-18T09:17:42.688+0000][7][gc,cpu      ] GC(55) User=0.00s Sys=0.00s Real=0.00s
[2024-02-18T09:17:42.689+0000][7][safepoint   ] Safepoint "G1PauseCleanup", Time since last: 14658806 ns, Reaching safepoint: 16872 ns, Cleanup: 10681 ns, At safepoint: 554241 ns, Total: 581794 ns
[2024-02-18T09:17:42.689+0000][7][gc,marking  ] GC(55) Concurrent Clear Claimed Marks
[2024-02-18T09:17:42.689+0000][7][gc,marking  ] GC(55) Concurrent Clear Claimed Marks 0.310ms
[2024-02-18T09:17:42.689+0000][7][gc,marking  ] GC(55) Concurrent Cleanup for Next Mark
[2024-02-18T09:17:42.690+0000][7][gc,marking  ] GC(55) Concurrent Cleanup for Next Mark 0.628ms
[2024-02-18T09:17:42.690+0000][7][gc          ] GC(55) Concurrent Mark Cycle 73.461ms
[2024-02-18T09:17:43.689+0000][7][safepoint   ] Safepoint "Cleanup", Time since last: 1000200372 ns, Reaching safepoint: 19718 ns, Cleanup: 17083 ns, At safepoint: 2925 ns, Total: 39726 ns
[2024-02-18T09:17:57.605+0000][7][safepoint   ] Safepoint "Cleanup", Time since last: 13916270800 ns, Reaching safepoint: 17483 ns, Cleanup: 16201 ns, At safepoint: 3287 ns, Total: 36971 ns
[2024-02-18T09:18:03.606+0000][7][safepoint   ] Safepoint "Cleanup", Time since last: 6000736919 ns, Reaching safepoint: 19878 ns, Cleanup: 21231 ns, At safepoint: 2805 ns, Total: 43914 ns
[2024-02-18T09:18:07.607+0000][7][safepoint   ] Safepoint "Cleanup", Time since last: 4000621332 ns, Reaching safepoint: 23505 ns, Cleanup: 15490 ns, At safepoint: 3497 ns, Total: 42492 ns
[2024-02-18T09:18:18.608+0000][7][safepoint   ] Safepoint "Cleanup", Time since last: 11001330687 ns, Reaching safepoint: 20329 ns, Cleanup: 18645 ns, At safepoint: 3216 ns, Total: 42190 ns
[2024-02-18T09:18:22.609+0000][7][safepoint   ] Safepoint "Cleanup", Time since last: 4000662521 ns, Reaching safepoint: 38715 ns, Cleanup: 15028 ns, At safepoint: 6032 ns, Total: 59775 ns
[2024-02-18T09:18:27.609+0000][7][safepoint   ] Safepoint "Cleanup", Time since last: 5000741500 ns, Reaching safepoint: 19056 ns, Cleanup: 15600 ns, At safepoint: 3286 ns, Total: 37942 ns
[2024-02-18T09:18:31.610+0000][7][safepoint   ] Safepoint "Cleanup", Time since last: 4000922239 ns, Reaching safepoint: 18565 ns, Cleanup: 16732 ns, At safepoint: 3026 ns, Total: 38323 ns
[2024-02-18T09:18:41.939+0000][7][gc,start    ] GC(56) Pause Young (Prepare Mixed) (G1 Evacuation Pause)
[2024-02-18T09:18:41.939+0000][7][gc,task     ] GC(56) Using 12 workers of 13 for evacuation
[2024-02-18T09:18:41.939+0000][7][gc,age      ] GC(56) Desired survivor size 20971520 bytes, new threshold 15 (max threshold 15)
[2024-02-18T09:18:41.943+0000][7][gc,phases   ] GC(56)   Pre Evacuate Collection Set: 0.2ms
[2024-02-18T09:18:41.944+0000][7][gc,phases   ] GC(56)   Merge Heap Roots: 0.2ms
[2024-02-18T09:18:41.944+0000][7][gc,phases   ] GC(56)   Evacuate Collection Set: 2.8ms
[2024-02-18T09:18:41.944+0000][7][gc,phases   ] GC(56)   Post Evacuate Collection Set: 0.7ms
[2024-02-18T09:18:41.944+0000][7][gc,phases   ] GC(56)   Other: 0.4ms
[2024-02-18T09:18:41.944+0000][7][gc,age      ] GC(56) Age table with threshold 15 (max threshold 15)
[2024-02-18T09:18:41.944+0000][7][gc,age      ] GC(56) - age   1:    1372544 bytes,    1372544 total
[2024-02-18T09:18:41.944+0000][7][gc,age      ] GC(56) - age   2:     118408 bytes,    1490952 total
[2024-02-18T09:18:41.944+0000][7][gc,age      ] GC(56) - age   3:      15456 bytes,    1506408 total
[2024-02-18T09:18:41.945+0000][7][gc,age      ] GC(56) - age   4:      31912 bytes,    1538320 total
[2024-02-18T09:18:41.945+0000][7][gc,age      ] GC(56) - age   5:      48728 bytes,    1587048 total
[2024-02-18T09:18:41.945+0000][7][gc,age      ] GC(56) - age   6:     118728 bytes,    1705776 total
[2024-02-18T09:18:41.945+0000][7][gc,age      ] GC(56) - age   7:      27968 bytes,    1733744 total
[2024-02-18T09:18:41.945+0000][7][gc,age      ] GC(56) - age   8:      11888 bytes,    1745632 total
[2024-02-18T09:18:41.945+0000][7][gc,age      ] GC(56) - age   9:      77264 bytes,    1822896 total
[2024-02-18T09:18:41.945+0000][7][gc,age      ] GC(56) - age  10:      84280 bytes,    1907176 total
[2024-02-18T09:18:41.945+0000][7][gc,age      ] GC(56) - age  11:      44544 bytes,    1951720 total
[2024-02-18T09:18:41.945+0000][7][gc,age      ] GC(56) - age  12:      73656 bytes,    2025376 total
[2024-02-18T09:18:41.946+0000][7][gc,age      ] GC(56) - age  13:     100232 bytes,    2125608 total
[2024-02-18T09:18:41.946+0000][7][gc,age      ] GC(56) - age  14:      45744 bytes,    2171352 total
[2024-02-18T09:18:41.946+0000][7][gc,age      ] GC(56) - age  15:     101288 bytes,    2272640 total
[2024-02-18T09:18:41.946+0000][7][gc,heap     ] GC(56) Eden regions: 75->0(75)
[2024-02-18T09:18:41.946+0000][7][gc,heap     ] GC(56) Survivor regions: 1->1(10)
[2024-02-18T09:18:41.946+0000][7][gc,heap     ] GC(56) Old regions: 30->30
[2024-02-18T09:18:41.946+0000][7][gc,heap     ] GC(56) Humongous regions: 2->2
[2024-02-18T09:18:41.946+0000][7][gc,metaspace] GC(56) Metaspace: 120571K(124416K)->120571K(124416K) NonClass: 104754K(106752K)->104754K(106752K) Class: 15817K(17664K)->15817K(17664K)
[2024-02-18T09:18:41.946+0000][7][gc          ] GC(56) Pause Young (Prepare Mixed) (G1 Evacuation Pause) 431M->130M(512M) 7.462ms
[2024-02-18T09:18:41.946+0000][7][gc,cpu      ] GC(56) User=0.02s Sys=0.00s Real=0.01s
[2024-02-18T09:18:41.947+0000][7][safepoint   ] Safepoint "G1CollectForAllocation", Time since last: 10328484062 ns, Reaching safepoint: 16051 ns, Cleanup: 2735 ns, At safepoint: 7770815 ns, Total: 7789601 ns
[2024-02-18T09:18:48.629+0000][7][safepoint   ] Safepoint "Cleanup", Time since last: 6682380667 ns, Reaching safepoint: 19577 ns, Cleanup: 16442 ns, At safepoint: 3126 ns, Total: 39145 ns
[2024-02-18T09:18:57.631+0000][7][safepoint   ] Safepoint "Cleanup", Time since last: 9001651374 ns, Reaching safepoint: 41449 ns, Cleanup: 35929 ns, At safepoint: 4228 ns, Total: 81606 ns
[2024-02-18T09:19:00.632+0000][7][safepoint   ] Safepoint "Cleanup", Time since last: 3000892409 ns, Reaching safepoint: 19267 ns, Cleanup: 14928 ns, At safepoint: 2956 ns, Total: 37151 ns
[2024-02-18T09:19:03.632+0000][7][safepoint   ] Safepoint "Cleanup", Time since last: 3000594567 ns, Reaching safepoint: 28104 ns, Cleanup: 12965 ns, At safepoint: 3417 ns, Total: 44486 ns
[2024-02-18T09:19:04.633+0000][7][safepoint   ] Safepoint "Cleanup", Time since last: 1000383552 ns, Reaching safepoint: 20770 ns, Cleanup: 15420 ns, At safepoint: 3246 ns, Total: 39436 ns
[2024-02-18T09:19:06.633+0000][7][safepoint   ] Safepoint "Cleanup", Time since last: 2000515919 ns, Reaching safepoint: 17494 ns, Cleanup: 26831 ns, At safepoint: 3517 ns, Total: 47842 ns
[2024-02-18T09:19:10.634+0000][7][safepoint   ] Safepoint "Cleanup", Time since last: 4000524912 ns, Reaching safepoint: 34366 ns, Cleanup: 23515 ns, At safepoint: 4489 ns, Total: 62370 ns
[2024-02-18T09:19:21.636+0000][7][safepoint   ] Safepoint "Cleanup", Time since last: 11001879808 ns, Reaching safepoint: 22213 ns, Cleanup: 18455 ns, At safepoint: 3467 ns, Total: 44135 ns
[2024-02-18T09:19:22.636+0000][7][safepoint   ] Safepoint "Cleanup", Time since last: 1000416986 ns, Reaching safepoint: 46630 ns, Cleanup: 28574 ns, At safepoint: 5801 ns, Total: 81005 ns
[2024-02-18T09:19:28.637+0000][7][safepoint   ] Safepoint "Cleanup", Time since last: 6000932304 ns, Reaching safepoint: 53342 ns, Cleanup: 29526 ns, At safepoint: 3447 ns, Total: 86315 ns
[2024-02-18T09:19:30.638+0000][7][safepoint   ] Safepoint "Cleanup", Time since last: 2000465928 ns, Reaching safepoint: 20680 ns, Cleanup: 21581 ns, At safepoint: 3216 ns, Total: 45477 ns
[2024-02-18T09:19:34.639+0000][7][safepoint   ] Safepoint "Cleanup", Time since last: 4000647438 ns, Reaching safepoint: 43824 ns, Cleanup: 26691 ns, At safepoint: 5000 ns, Total: 75515 ns
[2024-02-18T09:19:36.639+0000][7][safepoint   ] Safepoint "Cleanup", Time since last: 2000620409 ns, Reaching safepoint: 35728 ns, Cleanup: 23896 ns, At safepoint: 4088 ns, Total: 63712 ns
[2024-02-18T09:19:37.640+0000][7][safepoint   ] Safepoint "Cleanup", Time since last: 1000461341 ns, Reaching safepoint: 20560 ns, Cleanup: 13115 ns, At safepoint: 3346 ns, Total: 37021 ns
[2024-02-18T09:19:42.153+0000][7][gc,start    ] GC(57) Pause Young (Mixed) (G1 Evacuation Pause)
[2024-02-18T09:19:42.153+0000][7][gc,task     ] GC(57) Using 12 workers of 13 for evacuation
[2024-02-18T09:19:42.153+0000][7][gc,age      ] GC(57) Desired survivor size 20971520 bytes, new threshold 15 (max threshold 15)
[2024-02-18T09:19:42.159+0000][7][gc,phases   ] GC(57)   Pre Evacuate Collection Set: 0.2ms
[2024-02-18T09:19:42.159+0000][7][gc,phases   ] GC(57)   Merge Heap Roots: 0.1ms
[2024-02-18T09:19:42.160+0000][7][gc,phases   ] GC(57)   Evacuate Collection Set: 5.1ms
[2024-02-18T09:19:42.160+0000][7][gc,phases   ] GC(57)   Post Evacuate Collection Set: 0.7ms
[2024-02-18T09:19:42.160+0000][7][gc,phases   ] GC(57)   Other: 0.3ms
[2024-02-18T09:19:42.160+0000][7][gc,age      ] GC(57) Age table with threshold 15 (max threshold 15)
[2024-02-18T09:19:42.160+0000][7][gc,age      ] GC(57) - age   1:     861192 bytes,     861192 total
[2024-02-18T09:19:42.160+0000][7][gc,age      ] GC(57) - age   2:     201720 bytes,    1062912 total
[2024-02-18T09:19:42.160+0000][7][gc,age      ] GC(57) - age   3:     110832 bytes,    1173744 total
[2024-02-18T09:19:42.160+0000][7][gc,age      ] GC(57) - age   4:      12288 bytes,    1186032 total
[2024-02-18T09:19:42.161+0000][7][gc,age      ] GC(57) - age   5:      29368 bytes,    1215400 total
[2024-02-18T09:19:42.161+0000][7][gc,age      ] GC(57) - age   6:      48728 bytes,    1264128 total
[2024-02-18T09:19:42.161+0000][7][gc,age      ] GC(57) - age   7:     118728 bytes,    1382856 total
[2024-02-18T09:19:42.161+0000][7][gc,age      ] GC(57) - age   8:      27968 bytes,    1410824 total
[2024-02-18T09:19:42.161+0000][7][gc,age      ] GC(57) - age   9:      11888 bytes,    1422712 total
[2024-02-18T09:19:42.161+0000][7][gc,age      ] GC(57) - age  10:      77264 bytes,    1499976 total
[2024-02-18T09:19:42.161+0000][7][gc,age      ] GC(57) - age  11:      84280 bytes,    1584256 total
[2024-02-18T09:19:42.161+0000][7][gc,age      ] GC(57) - age  12:      44544 bytes,    1628800 total
[2024-02-18T09:19:42.161+0000][7][gc,age      ] GC(57) - age  13:      73656 bytes,    1702456 total
[2024-02-18T09:19:42.162+0000][7][gc,age      ] GC(57) - age  14:     100232 bytes,    1802688 total
[2024-02-18T09:19:42.162+0000][7][gc,age      ] GC(57) - age  15:      45744 bytes,    1848432 total
[2024-02-18T09:19:42.162+0000][7][gc,heap     ] GC(57) Eden regions: 75->0(75)
[2024-02-18T09:19:42.162+0000][7][gc,heap     ] GC(57) Survivor regions: 1->1(10)
[2024-02-18T09:19:42.162+0000][7][gc,heap     ] GC(57) Old regions: 30->30
[2024-02-18T09:19:42.162+0000][7][gc,heap     ] GC(57) Humongous regions: 2->2
[2024-02-18T09:19:42.162+0000][7][gc,metaspace] GC(57) Metaspace: 120581K(124416K)->120581K(124416K) NonClass: 104763K(106752K)->104763K(106752K) Class: 15817K(17664K)->15817K(17664K)
[2024-02-18T09:19:42.162+0000][7][gc          ] GC(57) Pause Young (Mixed) (G1 Evacuation Pause) 430M->128M(512M) 9.670ms
[2024-02-18T09:19:42.162+0000][7][gc,cpu      ] GC(57) User=0.03s Sys=0.00s Real=0.01s
[2024-02-18T09:19:42.163+0000][7][safepoint   ] Safepoint "G1CollectForAllocation", Time since last: 4512721832 ns, Reaching safepoint: 17754 ns, Cleanup: 4188 ns, At safepoint: 9983782 ns, Total: 10005724 ns
[2024-02-18T09:19:45.651+0000][7][safepoint   ] Safepoint "Cleanup", Time since last: 3488147753 ns, Reaching safepoint: 20850 ns, Cleanup: 14638 ns, At safepoint: 2926 ns, Total: 38414 ns
[2024-02-18T09:19:57.653+0000][7][safepoint   ] Safepoint "Cleanup", Time since last: 12001413863 ns, Reaching safepoint: 19999 ns, Cleanup: 22212 ns, At safepoint: 3377 ns, Total: 45588 ns
[2024-02-18T09:20:00.654+0000][7][safepoint   ] Safepoint "Cleanup", Time since last: 3000543715 ns, Reaching safepoint: 20129 ns, Cleanup: 19908 ns, At safepoint: 3286 ns, Total: 43323 ns
[2024-02-18T09:20:01.654+0000][7][safepoint   ] Safepoint "Cleanup", Time since last: 1000334639 ns, Reaching safepoint: 21651 ns, Cleanup: 13757 ns, At safepoint: 3657 ns, Total: 39065 ns
[2024-02-18T09:20:06.655+0000][7][safepoint   ] Safepoint "Cleanup", Time since last: 5000800453 ns, Reaching safepoint: 32893 ns, Cleanup: 31821 ns, At safepoint: 4909 ns, Total: 69623 ns
[2024-02-18T09:20:08.570+0000][7][safepoint   ] Safepoint "ICBufferFull", Time since last: 1914371821 ns, Reaching safepoint: 120036 ns, Cleanup: 160818 ns, At safepoint: 80774 ns, Total: 361628 ns
[2024-02-18T09:20:09.570+0000][7][safepoint   ] Safepoint "Cleanup", Time since last: 1000317832 ns, Reaching safepoint: 19778 ns, Cleanup: 94912 ns, At safepoint: 3387 ns, Total: 118077 ns
[2024-02-18T09:20:12.571+0000][7][safepoint   ] Safepoint "Cleanup", Time since last: 3000520375 ns, Reaching safepoint: 17664 ns, Cleanup: 10851 ns, At safepoint: 2354 ns, Total: 30869 ns
[2024-02-18T09:20:30.571+0000][7][safepoint   ] Safepoint "Cleanup", Time since last: 18001821953 ns, Reaching safepoint: 20759 ns, Cleanup: 12905 ns, At safepoint: 3327 ns, Total: 36991 ns
[2024-02-18T09:20:33.572+0000][7][safepoint   ] Safepoint "Cleanup", Time since last: 3000439174 ns, Reaching safepoint: 21852 ns, Cleanup: 17153 ns, At safepoint: 2806 ns, Total: 41811 ns
[2024-02-18T09:20:34.572+0000][7][safepoint   ] Safepoint "Cleanup", Time since last: 1000347564 ns, Reaching safepoint: 20429 ns, Cleanup: 18676 ns, At safepoint: 3236 ns, Total: 42341 ns
[2024-02-18T09:20:37.573+0000][7][safepoint   ] Safepoint "Cleanup", Time since last: 3000553449 ns, Reaching safepoint: 18907 ns, Cleanup: 12003 ns, At safepoint: 3055 ns, Total: 33965 ns
[2024-02-18T09:20:38.574+0000][7][safepoint   ] Safepoint "Cleanup", Time since last: 1000872980 ns, Reaching safepoint: 18826 ns, Cleanup: 11983 ns, At safepoint: 3497 ns, Total: 34306 ns
[2024-02-18T09:20:38.937+0000][7][gc,start    ] GC(58) Pause Young (Concurrent Start) (G1 Evacuation Pause)
[2024-02-18T09:20:38.938+0000][7][gc,task     ] GC(58) Using 12 workers of 13 for evacuation
[2024-02-18T09:20:38.938+0000][7][gc,age      ] GC(58) Desired survivor size 20971520 bytes, new threshold 15 (max threshold 15)
[2024-02-18T09:20:38.942+0000][7][gc,phases   ] GC(58)   Pre Evacuate Collection Set: 0.2ms
[2024-02-18T09:20:38.942+0000][7][gc,phases   ] GC(58)   Merge Heap Roots: 0.1ms
[2024-02-18T09:20:38.942+0000][7][gc,phases   ] GC(58)   Evacuate Collection Set: 2.7ms
[2024-02-18T09:20:38.942+0000][7][gc,phases   ] GC(58)   Post Evacuate Collection Set: 0.6ms
[2024-02-18T09:20:38.942+0000][7][gc,phases   ] GC(58)   Other: 0.3ms
[2024-02-18T09:20:38.942+0000][7][gc,age      ] GC(58) Age table with threshold 15 (max threshold 15)
[2024-02-18T09:20:38.942+0000][7][gc,age      ] GC(58) - age   1:    1770656 bytes,    1770656 total
[2024-02-18T09:20:38.943+0000][7][gc,age      ] GC(58) - age   2:     266752 bytes,    2037408 total
[2024-02-18T09:20:38.943+0000][7][gc,age      ] GC(58) - age   3:     195544 bytes,    2232952 total
[2024-02-18T09:20:38.943+0000][7][gc,age      ] GC(58) - age   4:     108432 bytes,    2341384 total
[2024-02-18T09:20:38.943+0000][7][gc,age      ] GC(58) - age   5:      11808 bytes,    2353192 total
[2024-02-18T09:20:38.943+0000][7][gc,age      ] GC(58) - age   6:      29240 bytes,    2382432 total
[2024-02-18T09:20:38.943+0000][7][gc,age      ] GC(58) - age   7:      48728 bytes,    2431160 total
[2024-02-18T09:20:38.943+0000][7][gc,age      ] GC(58) - age   8:     110440 bytes,    2541600 total
[2024-02-18T09:20:38.943+0000][7][gc,age      ] GC(58) - age   9:      27968 bytes,    2569568 total
[2024-02-18T09:20:38.943+0000][7][gc,age      ] GC(58) - age  10:      11888 bytes,    2581456 total
[2024-02-18T09:20:38.944+0000][7][gc,age      ] GC(58) - age  11:      77264 bytes,    2658720 total
[2024-02-18T09:20:38.944+0000][7][gc,age      ] GC(58) - age  12:      84280 bytes,    2743000 total
[2024-02-18T09:20:38.944+0000][7][gc,age      ] GC(58) - age  13:      44544 bytes,    2787544 total
[2024-02-18T09:20:38.944+0000][7][gc,age      ] GC(58) - age  14:      73616 bytes,    2861160 total
[2024-02-18T09:20:38.944+0000][7][gc,age      ] GC(58) - age  15:     100232 bytes,    2961392 total
[2024-02-18T09:20:38.944+0000][7][gc,heap     ] GC(58) Eden regions: 75->0(75)
[2024-02-18T09:20:38.944+0000][7][gc,heap     ] GC(58) Survivor regions: 1->1(10)
[2024-02-18T09:20:38.944+0000][7][gc,heap     ] GC(58) Old regions: 30->30
[2024-02-18T09:20:38.944+0000][7][gc,heap     ] GC(58) Humongous regions: 2->2
[2024-02-18T09:20:38.944+0000][7][gc,metaspace] GC(58) Metaspace: 120669K(124480K)->120669K(124480K) NonClass: 104851K(106816K)->104851K(106816K) Class: 15817K(17664K)->15817K(17664K)
[2024-02-18T09:20:38.945+0000][7][gc          ] GC(58) Pause Young (Concurrent Start) (G1 Evacuation Pause) 428M->129M(512M) 7.094ms
[2024-02-18T09:20:38.945+0000][7][gc          ] GC(59) Concurrent Mark Cycle
[2024-02-18T09:20:38.945+0000][7][gc,marking  ] GC(59) Concurrent Scan Root Regions
[2024-02-18T09:20:38.945+0000][7][gc,cpu      ] GC(58) User=0.02s Sys=0.00s Real=0.00s
[2024-02-18T09:20:38.945+0000][7][safepoint   ] Safepoint "G1CollectForAllocation", Time since last: 363588308 ns, Reaching safepoint: 17884 ns, Cleanup: 3126 ns, At safepoint: 7636346 ns, Total: 7657356 ns
[2024-02-18T09:20:38.947+0000][7][gc,marking  ] GC(59) Concurrent Scan Root Regions 1.880ms
[2024-02-18T09:20:38.947+0000][7][gc,marking  ] GC(59) Concurrent Mark
[2024-02-18T09:20:38.947+0000][7][gc,marking  ] GC(59) Concurrent Mark From Roots
[2024-02-18T09:20:38.947+0000][7][gc,task     ] GC(59) Using 3 workers of 3 for marking
[2024-02-18T09:20:38.988+0000][7][gc,marking  ] GC(59) Concurrent Mark From Roots 40.827ms
[2024-02-18T09:20:38.988+0000][7][gc,marking  ] GC(59) Concurrent Preclean
[2024-02-18T09:20:38.989+0000][7][gc,marking  ] GC(59) Concurrent Preclean 0.508ms
[2024-02-18T09:20:38.989+0000][7][gc,start    ] GC(59) Pause Remark
[2024-02-18T09:20:38.994+0000][7][gc          ] GC(59) Pause Remark 132M->132M(512M) 4.936ms
[2024-02-18T09:20:38.994+0000][7][gc,cpu      ] GC(59) User=0.03s Sys=0.00s Real=0.00s
[2024-02-18T09:20:38.994+0000][7][safepoint   ] Safepoint "G1PauseRemark", Time since last: 43582269 ns, Reaching safepoint: 18476 ns, Cleanup: 10640 ns, At safepoint: 5380409 ns, Total: 5409525 ns
[2024-02-18T09:20:38.994+0000][7][gc,marking  ] GC(59) Concurrent Mark 47.389ms
[2024-02-18T09:20:38.994+0000][7][gc,marking  ] GC(59) Concurrent Rebuild Remembered Sets and Scrub Regions
[2024-02-18T09:20:39.007+0000][7][gc,marking  ] GC(59) Concurrent Rebuild Remembered Sets and Scrub Regions 12.929ms
[2024-02-18T09:20:39.008+0000][7][gc,start    ] GC(59) Pause Cleanup
[2024-02-18T09:20:39.008+0000][7][gc          ] GC(59) Pause Cleanup 132M->132M(512M) 0.281ms
[2024-02-18T09:20:39.008+0000][7][gc,cpu      ] GC(59) User=0.00s Sys=0.00s Real=0.00s
[2024-02-18T09:20:39.008+0000][7][safepoint   ] Safepoint "G1PauseCleanup", Time since last: 13479438 ns, Reaching safepoint: 16090 ns, Cleanup: 5591 ns, At safepoint: 568159 ns, Total: 589840 ns
[2024-02-18T09:20:39.008+0000][7][gc,marking  ] GC(59) Concurrent Clear Claimed Marks
[2024-02-18T09:20:39.009+0000][7][gc,marking  ] GC(59) Concurrent Clear Claimed Marks 0.286ms
[2024-02-18T09:20:39.009+0000][7][gc,marking  ] GC(59) Concurrent Cleanup for Next Mark
[2024-02-18T09:20:39.009+0000][7][gc,marking  ] GC(59) Concurrent Cleanup for Next Mark 0.521ms
[2024-02-18T09:20:39.009+0000][7][gc          ] GC(59) Concurrent Mark Cycle 64.641ms
[2024-02-18T09:20:45.672+0000][7][safepoint   ] Safepoint "Cleanup", Time since last: 6664179913 ns, Reaching safepoint: 36930 ns, Cleanup: 53242 ns, At safepoint: 4649 ns, Total: 94821 ns
[2024-02-18T09:20:47.673+0000][7][safepoint   ] Safepoint "Cleanup", Time since last: 2000571841 ns, Reaching safepoint: 20570 ns, Cleanup: 13666 ns, At safepoint: 2665 ns, Total: 36901 ns
[2024-02-18T09:20:51.674+0000][7][safepoint   ] Safepoint "Cleanup", Time since last: 4000629348 ns, Reaching safepoint: 21901 ns, Cleanup: 13556 ns, At safepoint: 3227 ns, Total: 38684 ns
[2024-02-18T09:20:55.674+0000][7][safepoint   ] Safepoint "Cleanup", Time since last: 4000599709 ns, Reaching safepoint: 42963 ns, Cleanup: 19046 ns, At safepoint: 3417 ns, Total: 65426 ns
[2024-02-18T09:20:57.675+0000][7][safepoint   ] Safepoint "Cleanup", Time since last: 2000453204 ns, Reaching safepoint: 19677 ns, Cleanup: 15831 ns, At safepoint: 3046 ns, Total: 38554 ns
[2024-02-18T09:21:00.675+0000][7][safepoint   ] Safepoint "Cleanup", Time since last: 3000539557 ns, Reaching safepoint: 21481 ns, Cleanup: 12985 ns, At safepoint: 2856 ns, Total: 37322 ns
[2024-02-18T09:21:01.676+0000][7][safepoint   ] Safepoint "Cleanup", Time since last: 1000336366 ns, Reaching safepoint: 19728 ns, Cleanup: 13055 ns, At safepoint: 2906 ns, Total: 35689 ns
[2024-02-18T09:21:06.677+0000][7][safepoint   ] Safepoint "Cleanup", Time since last: 5000709384 ns, Reaching safepoint: 20790 ns, Cleanup: 35067 ns, At safepoint: 3907 ns, Total: 59764 ns
[2024-02-18T09:21:08.677+0000][7][safepoint   ] Safepoint "Cleanup", Time since last: 2000473082 ns, Reaching safepoint: 35739 ns, Cleanup: 33204 ns, At safepoint: 3877 ns, Total: 72820 ns
[2024-02-18T09:21:12.678+0000][7][safepoint   ] Safepoint "Cleanup", Time since last: 4000786969 ns, Reaching safepoint: 19518 ns, Cleanup: 13215 ns, At safepoint: 3096 ns, Total: 35829 ns
[2024-02-18T09:21:18.679+0000][7][safepoint   ] Safepoint "Cleanup", Time since last: 6000793672 ns, Reaching safepoint: 17414 ns, Cleanup: 8736 ns, At safepoint: 2545 ns, Total: 28695 ns
[2024-02-18T09:21:21.679+0000][7][safepoint   ] Safepoint "Cleanup", Time since last: 3000397612 ns, Reaching safepoint: 19707 ns, Cleanup: 13707 ns, At safepoint: 3336 ns, Total: 36750 ns
[2024-02-18T09:21:24.680+0000][7][safepoint   ] Safepoint "Cleanup", Time since last: 3000832121 ns, Reaching safepoint: 40258 ns, Cleanup: 13556 ns, At safepoint: 3226 ns, Total: 57040 ns
[2024-02-18T09:21:33.681+0000][7][safepoint   ] Safepoint "Cleanup", Time since last: 9001032670 ns, Reaching safepoint: 18686 ns, Cleanup: 33334 ns, At safepoint: 3857 ns, Total: 55877 ns
[2024-02-18T09:21:34.682+0000][7][safepoint   ] Safepoint "Cleanup", Time since last: 1000360514 ns, Reaching safepoint: 35418 ns, Cleanup: 26531 ns, At safepoint: 4608 ns, Total: 66557 ns
[2024-02-18T09:21:36.683+0000][7][safepoint   ] Safepoint "Cleanup", Time since last: 2001156856 ns, Reaching safepoint: 21822 ns, Cleanup: 9628 ns, At safepoint: 10901 ns, Total: 42351 ns
[2024-02-18T09:21:37.683+0000][7][safepoint   ] Safepoint "Cleanup", Time since last: 1000235876 ns, Reaching safepoint: 20469 ns, Cleanup: 16953 ns, At safepoint: 3426 ns, Total: 40848 ns
[2024-02-18T09:21:41.538+0000][7][gc,start    ] GC(60) Pause Young (Normal) (G1 Evacuation Pause)
[2024-02-18T09:21:41.538+0000][7][gc,task     ] GC(60) Using 12 workers of 13 for evacuation
[2024-02-18T09:21:41.538+0000][7][gc,age      ] GC(60) Desired survivor size 20971520 bytes, new threshold 15 (max threshold 15)
[2024-02-18T09:21:41.542+0000][7][gc,phases   ] GC(60)   Pre Evacuate Collection Set: 0.2ms
[2024-02-18T09:21:41.542+0000][7][gc,phases   ] GC(60)   Merge Heap Roots: 0.1ms
[2024-02-18T09:21:41.542+0000][7][gc,phases   ] GC(60)   Evacuate Collection Set: 2.3ms
[2024-02-18T09:21:41.542+0000][7][gc,phases   ] GC(60)   Post Evacuate Collection Set: 0.6ms
[2024-02-18T09:21:41.542+0000][7][gc,phases   ] GC(60)   Other: 0.3ms
[2024-02-18T09:21:41.542+0000][7][gc,age      ] GC(60) Age table with threshold 15 (max threshold 15)
[2024-02-18T09:21:41.543+0000][7][gc,age      ] GC(60) - age   1:     629992 bytes,     629992 total
[2024-02-18T09:21:41.543+0000][7][gc,age      ] GC(60) - age   2:     572064 bytes,    1202056 total
[2024-02-18T09:21:41.543+0000][7][gc,age      ] GC(60) - age   3:     144392 bytes,    1346448 total
[2024-02-18T09:21:41.543+0000][7][gc,age      ] GC(60) - age   4:     191304 bytes,    1537752 total
[2024-02-18T09:21:41.543+0000][7][gc,age      ] GC(60) - age   5:     106776 bytes,    1644528 total
[2024-02-18T09:21:41.543+0000][7][gc,age      ] GC(60) - age   6:      11808 bytes,    1656336 total
[2024-02-18T09:21:41.543+0000][7][gc,age      ] GC(60) - age   7:      29240 bytes,    1685576 total
[2024-02-18T09:21:41.543+0000][7][gc,age      ] GC(60) - age   8:      24144 bytes,    1709720 total
[2024-02-18T09:21:41.544+0000][7][gc,age      ] GC(60) - age   9:     110440 bytes,    1820160 total
[2024-02-18T09:21:41.544+0000][7][gc,age      ] GC(60) - age  10:      27936 bytes,    1848096 total
[2024-02-18T09:21:41.544+0000][7][gc,age      ] GC(60) - age  11:      11888 bytes,    1859984 total
[2024-02-18T09:21:41.544+0000][7][gc,age      ] GC(60) - age  12:      77264 bytes,    1937248 total
[2024-02-18T09:21:41.544+0000][7][gc,age      ] GC(60) - age  13:      83392 bytes,    2020640 total
[2024-02-18T09:21:41.544+0000][7][gc,age      ] GC(60) - age  14:      44544 bytes,    2065184 total
[2024-02-18T09:21:41.544+0000][7][gc,age      ] GC(60) - age  15:      73616 bytes,    2138800 total
[2024-02-18T09:21:41.544+0000][7][gc,heap     ] GC(60) Eden regions: 75->0(75)
[2024-02-18T09:21:41.544+0000][7][gc,heap     ] GC(60) Survivor regions: 1->1(10)
[2024-02-18T09:21:41.545+0000][7][gc,heap     ] GC(60) Old regions: 30->30
[2024-02-18T09:21:41.545+0000][7][gc,heap     ] GC(60) Humongous regions: 2->2
[2024-02-18T09:21:41.545+0000][7][gc,metaspace] GC(60) Metaspace: 120703K(124480K)->120703K(124480K) NonClass: 104885K(106816K)->104885K(106816K) Class: 15817K(17664K)->15817K(17664K)
[2024-02-18T09:21:41.545+0000][7][gc          ] GC(60) Pause Young (Normal) (G1 Evacuation Pause) 429M->129M(512M) 6.871ms
[2024-02-18T09:21:41.545+0000][7][gc,cpu      ] GC(60) User=0.02s Sys=0.00s Real=0.00s
[2024-02-18T09:21:41.545+0000][7][safepoint   ] Safepoint "G1CollectForAllocation", Time since last: 3854785367 ns, Reaching safepoint: 18024 ns, Cleanup: 4619 ns, At safepoint: 7167387 ns, Total: 7190030 ns
[2024-02-18T09:21:45.694+0000][7][safepoint   ] Safepoint "Cleanup", Time since last: 4148979279 ns, Reaching safepoint: 20159 ns, Cleanup: 14147 ns, At safepoint: 3677 ns, Total: 37983 ns
[2024-02-18T09:21:47.695+0000][7][safepoint   ] Safepoint "Cleanup", Time since last: 2000474088 ns, Reaching safepoint: 20820 ns, Cleanup: 14318 ns, At safepoint: 3366 ns, Total: 38504 ns
[2024-02-18T09:21:52.695+0000][7][safepoint   ] Safepoint "Cleanup", Time since last: 5000720330 ns, Reaching safepoint: 31390 ns, Cleanup: 20940 ns, At safepoint: 5500 ns, Total: 57830 ns
[2024-02-18T09:21:57.696+0000][7][safepoint   ] Safepoint "Cleanup", Time since last: 5000924762 ns, Reaching safepoint: 30318 ns, Cleanup: 10850 ns, At safepoint: 2625 ns, Total: 43793 ns
[2024-02-18T09:22:03.697+0000][7][safepoint   ] Safepoint "Cleanup", Time since last: 6000977019 ns, Reaching safepoint: 22694 ns, Cleanup: 12864 ns, At safepoint: 3547 ns, Total: 39105 ns
[2024-02-18T09:22:06.698+0000][7][safepoint   ] Safepoint "Cleanup", Time since last: 3000580386 ns, Reaching safepoint: 19758 ns, Cleanup: 13917 ns, At safepoint: 2895 ns, Total: 36570 ns
[2024-02-18T09:22:17.699+0000][7][safepoint   ] Safepoint "Cleanup", Time since last: 11001250599 ns, Reaching safepoint: 20409 ns, Cleanup: 30829 ns, At safepoint: 4068 ns, Total: 55306 ns
[2024-02-18T09:22:19.700+0000][7][safepoint   ] Safepoint "Cleanup", Time since last: 2000603276 ns, Reaching safepoint: 21702 ns, Cleanup: 15980 ns, At safepoint: 3277 ns, Total: 40959 ns
[2024-02-18T09:22:25.701+0000][7][safepoint   ] Safepoint "Cleanup", Time since last: 6000832151 ns, Reaching safepoint: 20459 ns, Cleanup: 13015 ns, At safepoint: 3166 ns, Total: 36640 ns
[2024-02-18T09:22:31.702+0000][7][safepoint   ] Safepoint "Cleanup", Time since last: 6000768510 ns, Reaching safepoint: 16802 ns, Cleanup: 47121 ns, At safepoint: 2985 ns, Total: 66908 ns
[2024-02-18T09:22:32.702+0000][7][safepoint   ] Safepoint "Cleanup", Time since last: 1000352493 ns, Reaching safepoint: 20990 ns, Cleanup: 24848 ns, At safepoint: 3556 ns, Total: 49394 ns
[2024-02-18T09:22:32.909+0000][7][gc,start    ] GC(61) Pause Young (Concurrent Start) (G1 Evacuation Pause)
[2024-02-18T09:22:32.909+0000][7][gc,task     ] GC(61) Using 12 workers of 13 for evacuation
[2024-02-18T09:22:32.909+0000][7][gc,age      ] GC(61) Desired survivor size 20971520 bytes, new threshold 15 (max threshold 15)
[2024-02-18T09:22:32.913+0000][7][gc,phases   ] GC(61)   Pre Evacuate Collection Set: 0.2ms
[2024-02-18T09:22:32.913+0000][7][gc,phases   ] GC(61)   Merge Heap Roots: 0.1ms
[2024-02-18T09:22:32.914+0000][7][gc,phases   ] GC(61)   Evacuate Collection Set: 2.8ms
[2024-02-18T09:22:32.914+0000][7][gc,phases   ] GC(61)   Post Evacuate Collection Set: 0.7ms
[2024-02-18T09:22:32.914+0000][7][gc,phases   ] GC(61)   Other: 0.4ms
[2024-02-18T09:22:32.914+0000][7][gc,age      ] GC(61) Age table with threshold 15 (max threshold 15)
[2024-02-18T09:22:32.914+0000][7][gc,age      ] GC(61) - age   1:    2230512 bytes,    2230512 total
[2024-02-18T09:22:32.914+0000][7][gc,age      ] GC(61) - age   2:     282416 bytes,    2512928 total
[2024-02-18T09:22:32.914+0000][7][gc,age      ] GC(61) - age   3:     567584 bytes,    3080512 total
[2024-02-18T09:22:32.914+0000][7][gc,age      ] GC(61) - age   4:     142384 bytes,    3222896 total
[2024-02-18T09:22:32.915+0000][7][gc,age      ] GC(61) - age   5:     188136 bytes,    3411032 total
[2024-02-18T09:22:32.915+0000][7][gc,age      ] GC(61) - age   6:     102440 bytes,    3513472 total
[2024-02-18T09:22:32.915+0000][7][gc,age      ] GC(61) - age   7:      10096 bytes,    3523568 total
[2024-02-18T09:22:32.915+0000][7][gc,age      ] GC(61) - age   8:      27640 bytes,    3551208 total
[2024-02-18T09:22:32.915+0000][7][gc,age      ] GC(61) - age   9:      22544 bytes,    3573752 total
[2024-02-18T09:22:32.915+0000][7][gc,age      ] GC(61) - age  10:     108840 bytes,    3682592 total
[2024-02-18T09:22:32.915+0000][7][gc,age      ] GC(61) - age  11:      26992 bytes,    3709584 total
[2024-02-18T09:22:32.915+0000][7][gc,age      ] GC(61) - age  12:      11888 bytes,    3721472 total
[2024-02-18T09:22:32.916+0000][7][gc,age      ] GC(61) - age  13:      70240 bytes,    3791712 total
[2024-02-18T09:22:32.916+0000][7][gc,age      ] GC(61) - age  14:      83392 bytes,    3875104 total
[2024-02-18T09:22:32.916+0000][7][gc,age      ] GC(61) - age  15:      44096 bytes,    3919200 total
[2024-02-18T09:22:32.916+0000][7][gc,heap     ] GC(61) Eden regions: 75->0(74)
[2024-02-18T09:22:32.916+0000][7][gc,heap     ] GC(61) Survivor regions: 1->2(10)
[2024-02-18T09:22:32.916+0000][7][gc,heap     ] GC(61) Old regions: 30->30
[2024-02-18T09:22:32.916+0000][7][gc,heap     ] GC(61) Humongous regions: 2->2
[2024-02-18T09:22:32.917+0000][7][gc,metaspace] GC(61) Metaspace: 120739K(124480K)->120739K(124480K) NonClass: 104915K(106816K)->104915K(106816K) Class: 15823K(17664K)->15823K(17664K)
[2024-02-18T09:22:32.917+0000][7][gc          ] GC(61) Pause Young (Concurrent Start) (G1 Evacuation Pause) 429M->131M(512M) 8.101ms
[2024-02-18T09:22:32.917+0000][7][gc          ] GC(62) Concurrent Mark Cycle
[2024-02-18T09:22:32.917+0000][7][gc,marking  ] GC(62) Concurrent Scan Root Regions
[2024-02-18T09:22:32.917+0000][7][gc,cpu      ] GC(61) User=0.02s Sys=0.00s Real=0.01s
[2024-02-18T09:22:32.917+0000][7][safepoint   ] Safepoint "G1CollectForAllocation", Time since last: 206535119 ns, Reaching safepoint: 25469 ns, Cleanup: 24677 ns, At safepoint: 8814021 ns, Total: 8864167 ns
[2024-02-18T09:22:32.920+0000][7][gc,marking  ] GC(62) Concurrent Scan Root Regions 3.005ms
[2024-02-18T09:22:32.920+0000][7][gc,marking  ] GC(62) Concurrent Mark
[2024-02-18T09:22:32.921+0000][7][gc,marking  ] GC(62) Concurrent Mark From Roots
[2024-02-18T09:22:32.921+0000][7][gc,task     ] GC(62) Using 3 workers of 3 for marking
[2024-02-18T09:22:32.966+0000][7][gc,marking  ] GC(62) Concurrent Mark From Roots 44.979ms
[2024-02-18T09:22:32.966+0000][7][gc,marking  ] GC(62) Concurrent Preclean
[2024-02-18T09:22:32.966+0000][7][gc,marking  ] GC(62) Concurrent Preclean 0.596ms
[2024-02-18T09:22:32.967+0000][7][gc,start    ] GC(62) Pause Remark
[2024-02-18T09:22:32.977+0000][7][gc          ] GC(62) Pause Remark 137M->137M(512M) 10.298ms
[2024-02-18T09:22:32.977+0000][7][gc,cpu      ] GC(62) User=0.05s Sys=0.00s Real=0.01s
[2024-02-18T09:22:32.977+0000][7][safepoint   ] Safepoint "G1PauseRemark", Time since last: 49052311 ns, Reaching safepoint: 19126 ns, Cleanup: 11122 ns, At safepoint: 10873075 ns, Total: 10903323 ns
[2024-02-18T09:22:32.978+0000][7][gc,marking  ] GC(62) Concurrent Mark 57.240ms
[2024-02-18T09:22:32.978+0000][7][gc,marking  ] GC(62) Concurrent Rebuild Remembered Sets and Scrub Regions
[2024-02-18T09:22:32.996+0000][7][gc,marking  ] GC(62) Concurrent Rebuild Remembered Sets and Scrub Regions 18.412ms
[2024-02-18T09:22:32.996+0000][7][gc,start    ] GC(62) Pause Cleanup
[2024-02-18T09:22:32.997+0000][7][gc          ] GC(62) Pause Cleanup 138M->138M(512M) 0.274ms
[2024-02-18T09:22:32.997+0000][7][gc,cpu      ] GC(62) User=0.00s Sys=0.00s Real=0.00s
[2024-02-18T09:22:32.997+0000][7][safepoint   ] Safepoint "G1PauseCleanup", Time since last: 19067110 ns, Reaching safepoint: 16972 ns, Cleanup: 8567 ns, At safepoint: 610469 ns, Total: 636008 ns
[2024-02-18T09:22:32.997+0000][7][gc,marking  ] GC(62) Concurrent Clear Claimed Marks
[2024-02-18T09:22:32.998+0000][7][gc,marking  ] GC(62) Concurrent Clear Claimed Marks 0.329ms
[2024-02-18T09:22:32.998+0000][7][gc,marking  ] GC(62) Concurrent Cleanup for Next Mark
[2024-02-18T09:22:32.999+0000][7][gc,marking  ] GC(62) Concurrent Cleanup for Next Mark 0.873ms
[2024-02-18T09:22:32.999+0000][7][gc          ] GC(62) Concurrent Mark Cycle 81.857ms
[2024-02-18T09:22:33.997+0000][7][safepoint   ] Safepoint "Cleanup", Time since last: 1000220741 ns, Reaching safepoint: 16331 ns, Cleanup: 8637 ns, At safepoint: 12293 ns, Total: 37261 ns
[2024-02-18T09:22:34.998+0000][7][safepoint   ] Safepoint "Cleanup", Time since last: 1000280791 ns, Reaching safepoint: 37973 ns, Cleanup: 39025 ns, At safepoint: 5100 ns, Total: 82098 ns
[2024-02-18T09:22:35.998+0000][7][safepoint   ] Safepoint "Cleanup", Time since last: 1000548669 ns, Reaching safepoint: 16742 ns, Cleanup: 8847 ns, At safepoint: 2645 ns, Total: 28234 ns
[2024-02-18T09:22:39.999+0000][7][safepoint   ] Safepoint "Cleanup", Time since last: 4000475172 ns, Reaching safepoint: 21230 ns, Cleanup: 15350 ns, At safepoint: 3316 ns, Total: 39896 ns
[2024-02-18T09:22:41.999+0000][7][safepoint   ] Safepoint "Cleanup", Time since last: 2000514932 ns, Reaching safepoint: 17674 ns, Cleanup: 11212 ns, At safepoint: 3376 ns, Total: 32262 ns
[2024-02-18T09:22:43.000+0000][7][safepoint   ] Safepoint "Cleanup", Time since last: 1000283331 ns, Reaching safepoint: 20199 ns, Cleanup: 18154 ns, At safepoint: 3457 ns, Total: 41810 ns
[2024-02-18T09:22:45.716+0000][7][safepoint   ] Safepoint "Cleanup", Time since last: 2716077700 ns, Reaching safepoint: 21130 ns, Cleanup: 19127 ns, At safepoint: 3326 ns, Total: 43583 ns
[2024-02-18T09:22:48.716+0000][7][safepoint   ] Safepoint "Cleanup", Time since last: 3000574956 ns, Reaching safepoint: 20991 ns, Cleanup: 16541 ns, At safepoint: 3297 ns, Total: 40829 ns
[2024-02-18T09:22:50.717+0000][7][safepoint   ] Safepoint "Cleanup", Time since last: 2000448504 ns, Reaching safepoint: 21271 ns, Cleanup: 14037 ns, At safepoint: 3116 ns, Total: 38424 ns
[2024-02-18T09:22:54.718+0000][7][safepoint   ] Safepoint "Cleanup", Time since last: 4000731092 ns, Reaching safepoint: 32212 ns, Cleanup: 16922 ns, At safepoint: 4879 ns, Total: 54013 ns
[2024-02-18T09:22:57.718+0000][7][safepoint   ] Safepoint "Cleanup", Time since last: 3000491351 ns, Reaching safepoint: 18676 ns, Cleanup: 13546 ns, At safepoint: 3366 ns, Total: 35588 ns
[2024-02-18T09:22:59.719+0000][7][safepoint   ] Safepoint "Cleanup", Time since last: 2000632552 ns, Reaching safepoint: 18516 ns, Cleanup: 11221 ns, At safepoint: 3367 ns, Total: 33104 ns
[2024-02-18T09:23:00.719+0000][7][safepoint   ] Safepoint "Cleanup", Time since last: 1000376935 ns, Reaching safepoint: 19076 ns, Cleanup: 22183 ns, At safepoint: 4088 ns, Total: 45347 ns
[2024-02-18T09:23:02.720+0000][7][safepoint   ] Safepoint "Cleanup", Time since last: 2000418972 ns, Reaching safepoint: 21972 ns, Cleanup: 25399 ns, At safepoint: 3116 ns, Total: 50487 ns
[2024-02-18T09:23:06.721+0000][7][safepoint   ] Safepoint "Cleanup", Time since last: 4000648966 ns, Reaching safepoint: 23144 ns, Cleanup: 19598 ns, At safepoint: 3256 ns, Total: 45998 ns
[2024-02-18T09:23:07.721+0000][7][safepoint   ] Safepoint "Cleanup", Time since last: 1000374430 ns, Reaching safepoint: 21021 ns, Cleanup: 16742 ns, At safepoint: 3025 ns, Total: 40788 ns
[2024-02-18T09:23:09.722+0000][7][safepoint   ] Safepoint "Cleanup", Time since last: 2000491989 ns, Reaching safepoint: 24106 ns, Cleanup: 18245 ns, At safepoint: 3436 ns, Total: 45787 ns
[2024-02-18T09:23:18.130+0000][7][gc,start    ] GC(63) Pause Young (Prepare Mixed) (G1 Evacuation Pause)
[2024-02-18T09:23:18.131+0000][7][gc,task     ] GC(63) Using 12 workers of 13 for evacuation
[2024-02-18T09:23:18.131+0000][7][gc,age      ] GC(63) Desired survivor size 20971520 bytes, new threshold 15 (max threshold 15)
[2024-02-18T09:23:18.134+0000][7][gc,phases   ] GC(63)   Pre Evacuate Collection Set: 0.2ms
[2024-02-18T09:23:18.134+0000][7][gc,phases   ] GC(63)   Merge Heap Roots: 0.1ms
[2024-02-18T09:23:18.134+0000][7][gc,phases   ] GC(63)   Evacuate Collection Set: 2.1ms
[2024-02-18T09:23:18.134+0000][7][gc,phases   ] GC(63)   Post Evacuate Collection Set: 0.6ms
[2024-02-18T09:23:18.134+0000][7][gc,phases   ] GC(63)   Other: 0.3ms
[2024-02-18T09:23:18.134+0000][7][gc,age      ] GC(63) Age table with threshold 15 (max threshold 15)
[2024-02-18T09:23:18.135+0000][7][gc,age      ] GC(63) - age   1:    2316600 bytes,    2316600 total
[2024-02-18T09:23:18.135+0000][7][gc,age      ] GC(63) - age   2:     600936 bytes,    2917536 total
[2024-02-18T09:23:18.135+0000][7][gc,age      ] GC(63) - age   3:     275736 bytes,    3193272 total
[2024-02-18T09:23:18.135+0000][7][gc,age      ] GC(63) - age   4:     556768 bytes,    3750040 total
[2024-02-18T09:23:18.135+0000][7][gc,age      ] GC(63) - age   5:     135360 bytes,    3885400 total
[2024-02-18T09:23:18.135+0000][7][gc,age      ] GC(63) - age   6:     181376 bytes,    4066776 total
[2024-02-18T09:23:18.135+0000][7][gc,age      ] GC(63) - age   7:      96344 bytes,    4163120 total
[2024-02-18T09:23:18.135+0000][7][gc,age      ] GC(63) - age   8:       4152 bytes,    4167272 total
[2024-02-18T09:23:18.135+0000][7][gc,age      ] GC(63) - age   9:      20560 bytes,    4187832 total
[2024-02-18T09:23:18.135+0000][7][gc,age      ] GC(63) - age  10:      17608 bytes,    4205440 total
[2024-02-18T09:23:18.136+0000][7][gc,age      ] GC(63) - age  11:     104024 bytes,    4309464 total
[2024-02-18T09:23:18.136+0000][7][gc,age      ] GC(63) - age  12:      23624 bytes,    4333088 total
[2024-02-18T09:23:18.136+0000][7][gc,age      ] GC(63) - age  13:       4632 bytes,    4337720 total
[2024-02-18T09:23:18.136+0000][7][gc,age      ] GC(63) - age  14:      60136 bytes,    4397856 total
[2024-02-18T09:23:18.136+0000][7][gc,age      ] GC(63) - age  15:      78192 bytes,    4476048 total
[2024-02-18T09:23:18.136+0000][7][gc,heap     ] GC(63) Eden regions: 74->0(74)
[2024-02-18T09:23:18.136+0000][7][gc,heap     ] GC(63) Survivor regions: 2->2(10)
[2024-02-18T09:23:18.136+0000][7][gc,heap     ] GC(63) Old regions: 30->30
[2024-02-18T09:23:18.136+0000][7][gc,heap     ] GC(63) Humongous regions: 2->2
[2024-02-18T09:23:18.136+0000][7][gc,metaspace] GC(63) Metaspace: 120746K(124480K)->120746K(124480K) NonClass: 104922K(106816K)->104922K(106816K) Class: 15823K(17664K)->15823K(17664K)
[2024-02-18T09:23:18.137+0000][7][gc          ] GC(63) Pause Young (Prepare Mixed) (G1 Evacuation Pause) 427M->131M(512M) 6.187ms
[2024-02-18T09:23:18.137+0000][7][gc,cpu      ] GC(63) User=0.02s Sys=0.00s Real=0.01s
[2024-02-18T09:23:18.137+0000][7][safepoint   ] Safepoint "G1CollectForAllocation", Time since last: 8408775165 ns, Reaching safepoint: 18375 ns, Cleanup: 3807 ns, At safepoint: 6477070 ns, Total: 6499252 ns
[2024-02-18T09:23:22.137+0000][7][safepoint   ] Safepoint "Cleanup", Time since last: 4000410760 ns, Reaching safepoint: 20269 ns, Cleanup: 21340 ns, At safepoint: 3297 ns, Total: 44906 ns
[2024-02-18T09:23:23.138+0000][7][safepoint   ] Safepoint "Cleanup", Time since last: 1000387560 ns, Reaching safepoint: 31310 ns, Cleanup: 13366 ns, At safepoint: 2805 ns, Total: 47481 ns
[2024-02-18T09:23:26.138+0000][7][safepoint   ] Safepoint "Cleanup", Time since last: 3000618388 ns, Reaching safepoint: 18525 ns, Cleanup: 20850 ns, At safepoint: 3096 ns, Total: 42471 ns
[2024-02-18T09:23:30.139+0000][7][safepoint   ] Safepoint "Cleanup", Time since last: 4000761801 ns, Reaching safepoint: 18967 ns, Cleanup: 16301 ns, At safepoint: 2926 ns, Total: 38194 ns
[2024-02-18T09:23:32.140+0000][7][safepoint   ] Safepoint "Cleanup", Time since last: 2000428336 ns, Reaching safepoint: 21171 ns, Cleanup: 13285 ns, At safepoint: 3136 ns, Total: 37592 ns
[2024-02-18T09:23:33.140+0000][7][safepoint   ] Safepoint "Cleanup", Time since last: 1000396277 ns, Reaching safepoint: 18215 ns, Cleanup: 11101 ns, At safepoint: 2785 ns, Total: 32101 ns
[2024-02-18T09:23:36.141+0000][7][safepoint   ] Safepoint "Cleanup", Time since last: 3000535956 ns, Reaching safepoint: 30819 ns, Cleanup: 20990 ns, At safepoint: 3607 ns, Total: 55416 ns
[2024-02-18T09:23:37.142+0000][7][safepoint   ] Safepoint "Cleanup", Time since last: 1000977139 ns, Reaching safepoint: 29036 ns, Cleanup: 17433 ns, At safepoint: 4329 ns, Total: 50798 ns
[2024-02-18T09:23:38.142+0000][7][safepoint   ] Safepoint "Cleanup", Time since last: 1000420889 ns, Reaching safepoint: 20740 ns, Cleanup: 14738 ns, At safepoint: 3146 ns, Total: 38624 ns
[2024-02-18T09:23:43.143+0000][7][safepoint   ] Safepoint "Cleanup", Time since last: 5000748354 ns, Reaching safepoint: 20579 ns, Cleanup: 16732 ns, At safepoint: 3477 ns, Total: 40788 ns
[2024-02-18T09:23:45.738+0000][7][safepoint   ] Safepoint "Cleanup", Time since last: 2594814028 ns, Reaching safepoint: 53533 ns, Cleanup: 58261 ns, At safepoint: 7975 ns, Total: 119769 ns
[2024-02-18T09:23:48.738+0000][7][safepoint   ] Safepoint "Cleanup", Time since last: 3000616294 ns, Reaching safepoint: 20940 ns, Cleanup: 12955 ns, At safepoint: 2855 ns, Total: 36750 ns
[2024-02-18T09:23:56.739+0000][7][safepoint   ] Safepoint "Cleanup", Time since last: 8001049104 ns, Reaching safepoint: 34787 ns, Cleanup: 8987 ns, At safepoint: 4469 ns, Total: 48243 ns
[2024-02-18T09:23:57.740+0000][7][safepoint   ] Safepoint "Cleanup", Time since last: 1000393562 ns, Reaching safepoint: 18355 ns, Cleanup: 17553 ns, At safepoint: 3287 ns, Total: 39195 ns
[2024-02-18T09:23:59.740+0000][7][safepoint   ] Safepoint "Cleanup", Time since last: 2000372629 ns, Reaching safepoint: 19337 ns, Cleanup: 12815 ns, At safepoint: 2765 ns, Total: 34917 ns
[2024-02-18T09:24:02.741+0000][7][safepoint   ] Safepoint "Cleanup", Time since last: 3000502816 ns, Reaching safepoint: 20810 ns, Cleanup: 12464 ns, At safepoint: 3376 ns, Total: 36650 ns
[2024-02-18T09:24:04.742+0000][7][safepoint   ] Safepoint "Cleanup", Time since last: 2000866828 ns, Reaching safepoint: 19006 ns, Cleanup: 11913 ns, At safepoint: 2976 ns, Total: 33895 ns
[2024-02-18T09:24:06.742+0000][7][safepoint   ] Safepoint "Cleanup", Time since last: 2000392878 ns, Reaching safepoint: 19347 ns, Cleanup: 21732 ns, At safepoint: 3296 ns, Total: 44375 ns
[2024-02-18T09:24:09.217+0000][7][gc,start    ] GC(64) Pause Young (Mixed) (G1 Evacuation Pause)
[2024-02-18T09:24:09.217+0000][7][gc,task     ] GC(64) Using 12 workers of 13 for evacuation
[2024-02-18T09:24:09.218+0000][7][gc,age      ] GC(64) Desired survivor size 20971520 bytes, new threshold 15 (max threshold 15)
[2024-02-18T09:24:09.222+0000][7][gc,phases   ] GC(64)   Pre Evacuate Collection Set: 0.2ms
[2024-02-18T09:24:09.223+0000][7][gc,phases   ] GC(64)   Merge Heap Roots: 0.2ms
[2024-02-18T09:24:09.223+0000][7][gc,phases   ] GC(64)   Evacuate Collection Set: 3.6ms
[2024-02-18T09:24:09.223+0000][7][gc,phases   ] GC(64)   Post Evacuate Collection Set: 0.7ms
[2024-02-18T09:24:09.223+0000][7][gc,phases   ] GC(64)   Other: 0.4ms
[2024-02-18T09:24:09.223+0000][7][gc,age      ] GC(64) Age table with threshold 15 (max threshold 15)
[2024-02-18T09:24:09.223+0000][7][gc,age      ] GC(64) - age   1:    2053320 bytes,    2053320 total
[2024-02-18T09:24:09.224+0000][7][gc,age      ] GC(64) - age   2:     120248 bytes,    2173568 total
[2024-02-18T09:24:09.224+0000][7][gc,age      ] GC(64) - age   3:     506192 bytes,    2679760 total
[2024-02-18T09:24:09.224+0000][7][gc,age      ] GC(64) - age   4:     265448 bytes,    2945208 total
[2024-02-18T09:24:09.224+0000][7][gc,age      ] GC(64) - age   5:     553984 bytes,    3499192 total
[2024-02-18T09:24:09.224+0000][7][gc,age      ] GC(64) - age   6:     135360 bytes,    3634552 total
[2024-02-18T09:24:09.224+0000][7][gc,age      ] GC(64) - age   7:     181376 bytes,    3815928 total
[2024-02-18T09:24:09.224+0000][7][gc,age      ] GC(64) - age   8:      96200 bytes,    3912128 total
[2024-02-18T09:24:09.224+0000][7][gc,age      ] GC(64) - age   9:       4152 bytes,    3916280 total
[2024-02-18T09:24:09.224+0000][7][gc,age      ] GC(64) - age  10:      20560 bytes,    3936840 total
[2024-02-18T09:24:09.225+0000][7][gc,age      ] GC(64) - age  11:      17608 bytes,    3954448 total
[2024-02-18T09:24:09.225+0000][7][gc,age      ] GC(64) - age  12:     104024 bytes,    4058472 total
[2024-02-18T09:24:09.225+0000][7][gc,age      ] GC(64) - age  13:      22528 bytes,    4081000 total
[2024-02-18T09:24:09.225+0000][7][gc,age      ] GC(64) - age  14:       3856 bytes,    4084856 total
[2024-02-18T09:24:09.225+0000][7][gc,age      ] GC(64) - age  15:      51880 bytes,    4136736 total
[2024-02-18T09:24:09.225+0000][7][gc,heap     ] GC(64) Eden regions: 74->0(74)
[2024-02-18T09:24:09.225+0000][7][gc,heap     ] GC(64) Survivor regions: 2->2(10)
[2024-02-18T09:24:09.225+0000][7][gc,heap     ] GC(64) Old regions: 30->29
[2024-02-18T09:24:09.225+0000][7][gc,heap     ] GC(64) Humongous regions: 2->2
[2024-02-18T09:24:09.225+0000][7][gc,metaspace] GC(64) Metaspace: 120982K(124608K)->120982K(124608K) NonClass: 105096K(106944K)->105096K(106944K) Class: 15886K(17664K)->15886K(17664K)
[2024-02-18T09:24:09.226+0000][7][gc          ] GC(64) Pause Young (Mixed) (G1 Evacuation Pause) 427M->128M(512M) 8.476ms
[2024-02-18T09:24:09.226+0000][7][gc,cpu      ] GC(64) User=0.02s Sys=0.00s Real=0.00s
[2024-02-18T09:24:09.226+0000][7][safepoint   ] Safepoint "G1CollectForAllocation", Time since last: 2474980880 ns, Reaching safepoint: 17374 ns, Cleanup: 10079 ns, At safepoint: 8781559 ns, Total: 8809012 ns
[2024-02-18T09:24:15.227+0000][7][safepoint   ] Safepoint "Cleanup", Time since last: 6000699283 ns, Reaching safepoint: 36149 ns, Cleanup: 22644 ns, At safepoint: 12193 ns, Total: 70986 ns
[2024-02-18T09:24:24.228+0000][7][safepoint   ] Safepoint "Cleanup", Time since last: 9001374224 ns, Reaching safepoint: 17253 ns, Cleanup: 13496 ns, At safepoint: 2915 ns, Total: 33664 ns
[2024-02-18T09:24:27.228+0000][7][safepoint   ] Safepoint "Cleanup", Time since last: 3000513191 ns, Reaching safepoint: 36520 ns, Cleanup: 25890 ns, At safepoint: 5440 ns, Total: 67850 ns
[2024-02-18T09:24:34.230+0000][7][safepoint   ] Safepoint "Cleanup", Time since last: 7001249008 ns, Reaching safepoint: 34497 ns, Cleanup: 20759 ns, At safepoint: 5020 ns, Total: 60276 ns
[2024-02-18T09:24:42.231+0000][7][safepoint   ] Safepoint "Cleanup", Time since last: 8001316476 ns, Reaching safepoint: 23325 ns, Cleanup: 17553 ns, At safepoint: 3657 ns, Total: 44535 ns
[2024-02-18T09:24:43.232+0000][7][safepoint   ] Safepoint "Cleanup", Time since last: 1000385607 ns, Reaching safepoint: 29436 ns, Cleanup: 25509 ns, At safepoint: 3827 ns, Total: 58772 ns
[2024-02-18T09:24:47.761+0000][7][safepoint   ] Safepoint "Cleanup", Time since last: 4529545525 ns, Reaching safepoint: 49024 ns, Cleanup: 34987 ns, At safepoint: 9558 ns, Total: 93569 ns
[2024-02-18T09:24:48.764+0000][7][safepoint   ] Safepoint "Cleanup", Time since last: 1002300674 ns, Reaching safepoint: 42542 ns, Cleanup: 23635 ns, At safepoint: 8156 ns, Total: 74333 ns
[2024-02-18T09:24:54.766+0000][7][safepoint   ] Safepoint "Cleanup", Time since last: 6001283627 ns, Reaching safepoint: 21571 ns, Cleanup: 16322 ns, At safepoint: 3246 ns, Total: 41139 ns
[2024-02-18T09:24:57.767+0000][7][safepoint   ] Safepoint "Cleanup", Time since last: 3000769958 ns, Reaching safepoint: 41250 ns, Cleanup: 13606 ns, At safepoint: 3406 ns, Total: 58262 ns
[2024-02-18T09:25:00.768+0000][7][safepoint   ] Safepoint "Cleanup", Time since last: 3000591687 ns, Reaching safepoint: 20339 ns, Cleanup: 23586 ns, At safepoint: 3536 ns, Total: 47461 ns
[2024-02-18T09:25:02.768+0000][7][safepoint   ] Safepoint "Cleanup", Time since last: 2000447432 ns, Reaching safepoint: 24096 ns, Cleanup: 14378 ns, At safepoint: 3476 ns, Total: 41950 ns
[2024-02-18T09:25:03.769+0000][7][safepoint   ] Safepoint "Cleanup", Time since last: 1000418281 ns, Reaching safepoint: 36219 ns, Cleanup: 27142 ns, At safepoint: 3727 ns, Total: 67088 ns
[2024-02-18T09:25:06.770+0000][7][safepoint   ] Safepoint "Cleanup", Time since last: 3000649828 ns, Reaching safepoint: 46519 ns, Cleanup: 20639 ns, At safepoint: 3768 ns, Total: 70926 ns
[2024-02-18T09:25:07.770+0000][7][safepoint   ] Safepoint "Cleanup", Time since last: 1000238444 ns, Reaching safepoint: 19407 ns, Cleanup: 14628 ns, At safepoint: 3016 ns, Total: 37051 ns
[2024-02-18T09:25:09.001+0000][7][gc,start    ] GC(65) Pause Young (Concurrent Start) (G1 Evacuation Pause)
[2024-02-18T09:25:09.002+0000][7][gc,task     ] GC(65) Using 12 workers of 13 for evacuation
[2024-02-18T09:25:09.002+0000][7][gc,age      ] GC(65) Desired survivor size 20971520 bytes, new threshold 15 (max threshold 15)
[2024-02-18T09:25:09.006+0000][7][gc,phases   ] GC(65)   Pre Evacuate Collection Set: 0.2ms
[2024-02-18T09:25:09.006+0000][7][gc,phases   ] GC(65)   Merge Heap Roots: 0.1ms
[2024-02-18T09:25:09.006+0000][7][gc,phases   ] GC(65)   Evacuate Collection Set: 3.0ms
[2024-02-18T09:25:09.006+0000][7][gc,phases   ] GC(65)   Post Evacuate Collection Set: 0.7ms
[2024-02-18T09:25:09.007+0000][7][gc,phases   ] GC(65)   Other: 0.3ms
[2024-02-18T09:25:09.007+0000][7][gc,age      ] GC(65) Age table with threshold 15 (max threshold 15)
[2024-02-18T09:25:09.007+0000][7][gc,age      ] GC(65) - age   1:    4958280 bytes,    4958280 total
[2024-02-18T09:25:09.007+0000][7][gc,age      ] GC(65) - age   2:     329976 bytes,    5288256 total
[2024-02-18T09:25:09.007+0000][7][gc,age      ] GC(65) - age   3:     114616 bytes,    5402872 total
[2024-02-18T09:25:09.007+0000][7][gc,age      ] GC(65) - age   4:     505584 bytes,    5908456 total
[2024-02-18T09:25:09.007+0000][7][gc,age      ] GC(65) - age   5:     265352 bytes,    6173808 total
[2024-02-18T09:25:09.007+0000][7][gc,age      ] GC(65) - age   6:     553608 bytes,    6727416 total
[2024-02-18T09:25:09.007+0000][7][gc,age      ] GC(65) - age   7:     135296 bytes,    6862712 total
[2024-02-18T09:25:09.007+0000][7][gc,age      ] GC(65) - age   8:     181376 bytes,    7044088 total
[2024-02-18T09:25:09.008+0000][7][gc,age      ] GC(65) - age   9:      96200 bytes,    7140288 total
[2024-02-18T09:25:09.008+0000][7][gc,age      ] GC(65) - age  10:       4152 bytes,    7144440 total
[2024-02-18T09:25:09.008+0000][7][gc,age      ] GC(65) - age  11:      20560 bytes,    7165000 total
[2024-02-18T09:25:09.008+0000][7][gc,age      ] GC(65) - age  12:      17608 bytes,    7182608 total
[2024-02-18T09:25:09.008+0000][7][gc,age      ] GC(65) - age  13:     104024 bytes,    7286632 total
[2024-02-18T09:25:09.008+0000][7][gc,age      ] GC(65) - age  14:      22528 bytes,    7309160 total
[2024-02-18T09:25:09.008+0000][7][gc,age      ] GC(65) - age  15:       3856 bytes,    7313016 total
[2024-02-18T09:25:09.008+0000][7][gc,heap     ] GC(65) Eden regions: 74->0(74)
[2024-02-18T09:25:09.008+0000][7][gc,heap     ] GC(65) Survivor regions: 2->2(10)
[2024-02-18T09:25:09.008+0000][7][gc,heap     ] GC(65) Old regions: 29->29
[2024-02-18T09:25:09.009+0000][7][gc,heap     ] GC(65) Humongous regions: 2->2
[2024-02-18T09:25:09.009+0000][7][gc,metaspace] GC(65) Metaspace: 120999K(124608K)->120999K(124608K) NonClass: 105113K(106944K)->105113K(106944K) Class: 15886K(17664K)->15886K(17664K)
[2024-02-18T09:25:09.009+0000][7][gc          ] GC(65) Pause Young (Concurrent Start) (G1 Evacuation Pause) 423M->131M(512M) 7.316ms
[2024-02-18T09:25:09.009+0000][7][gc,cpu      ] GC(65) User=0.03s Sys=0.00s Real=0.01s
[2024-02-18T09:25:09.009+0000][7][gc          ] GC(66) Concurrent Mark Cycle
[2024-02-18T09:25:09.009+0000][7][gc,marking  ] GC(66) Concurrent Scan Root Regions
[2024-02-18T09:25:09.009+0000][7][safepoint   ] Safepoint "G1CollectForAllocation", Time since last: 1231490014 ns, Reaching safepoint: 16281 ns, Cleanup: 4148 ns, At safepoint: 7625115 ns, Total: 7645544 ns
[2024-02-18T09:25:09.011+0000][7][gc,marking  ] GC(66) Concurrent Scan Root Regions 1.726ms
[2024-02-18T09:25:09.011+0000][7][gc,marking  ] GC(66) Concurrent Mark
[2024-02-18T09:25:09.011+0000][7][gc,marking  ] GC(66) Concurrent Mark From Roots
[2024-02-18T09:25:09.011+0000][7][gc,task     ] GC(66) Using 3 workers of 3 for marking
[2024-02-18T09:25:09.044+0000][7][gc,marking  ] GC(66) Concurrent Mark From Roots 33.385ms
[2024-02-18T09:25:09.045+0000][7][gc,marking  ] GC(66) Concurrent Preclean
[2024-02-18T09:25:09.045+0000][7][gc,marking  ] GC(66) Concurrent Preclean 0.445ms
[2024-02-18T09:25:09.045+0000][7][gc,start    ] GC(66) Pause Remark
[2024-02-18T09:25:09.050+0000][7][gc          ] GC(66) Pause Remark 132M->132M(512M) 4.777ms
[2024-02-18T09:25:09.050+0000][7][gc,cpu      ] GC(66) User=0.03s Sys=0.00s Real=0.01s
[2024-02-18T09:25:09.050+0000][7][safepoint   ] Safepoint "G1PauseRemark", Time since last: 36212568 ns, Reaching safepoint: 15951 ns, Cleanup: 3055 ns, At safepoint: 5222042 ns, Total: 5241048 ns
[2024-02-18T09:25:09.051+0000][7][gc,marking  ] GC(66) Concurrent Mark 39.691ms
[2024-02-18T09:25:09.051+0000][7][gc,marking  ] GC(66) Concurrent Rebuild Remembered Sets and Scrub Regions
[2024-02-18T09:25:09.066+0000][7][gc,marking  ] GC(66) Concurrent Rebuild Remembered Sets and Scrub Regions 15.129ms
[2024-02-18T09:25:09.066+0000][7][gc,start    ] GC(66) Pause Cleanup
[2024-02-18T09:25:09.066+0000][7][gc          ] GC(66) Pause Cleanup 132M->132M(512M) 0.263ms
[2024-02-18T09:25:09.067+0000][7][gc,cpu      ] GC(66) User=0.00s Sys=0.00s Real=0.00s
[2024-02-18T09:25:09.067+0000][7][safepoint   ] Safepoint "G1PauseCleanup", Time since last: 15670002 ns, Reaching safepoint: 15119 ns, Cleanup: 5741 ns, At safepoint: 542339 ns, Total: 563199 ns
[2024-02-18T09:25:09.067+0000][7][gc,marking  ] GC(66) Concurrent Clear Claimed Marks
[2024-02-18T09:25:09.067+0000][7][gc,marking  ] GC(66) Concurrent Clear Claimed Marks 0.611ms
[2024-02-18T09:25:09.068+0000][7][gc,marking  ] GC(66) Concurrent Cleanup for Next Mark
[2024-02-18T09:25:09.068+0000][7][gc,marking  ] GC(66) Concurrent Cleanup for Next Mark 0.591ms
[2024-02-18T09:25:09.068+0000][7][gc          ] GC(66) Concurrent Mark Cycle 59.501ms
[2024-02-18T09:25:11.067+0000][7][safepoint   ] Safepoint "Cleanup", Time since last: 2000312235 ns, Reaching safepoint: 20108 ns, Cleanup: 15781 ns, At safepoint: 3035 ns, Total: 38924 ns
[2024-02-18T09:25:22.068+0000][7][safepoint   ] Safepoint "Cleanup", Time since last: 11001248299 ns, Reaching safepoint: 20459 ns, Cleanup: 21141 ns, At safepoint: 3346 ns, Total: 44946 ns
[2024-02-18T09:25:28.068+0000][7][safepoint   ] Safepoint "Cleanup", Time since last: 6000833474 ns, Reaching safepoint: 23145 ns, Cleanup: 15429 ns, At safepoint: 3697 ns, Total: 42271 ns
[2024-02-18T09:25:31.068+0000][7][safepoint   ] Safepoint "Cleanup", Time since last: 3000558334 ns, Reaching safepoint: 20599 ns, Cleanup: 13215 ns, At safepoint: 3136 ns, Total: 36950 ns
[2024-02-18T09:25:46.783+0000][7][safepoint   ] Safepoint "Cleanup", Time since last: 15714154977 ns, Reaching safepoint: 19157 ns, Cleanup: 10810 ns, At safepoint: 2906 ns, Total: 32873 ns
[2024-02-18T09:25:57.785+0000][7][safepoint   ] Safepoint "Cleanup", Time since last: 11001466065 ns, Reaching safepoint: 61388 ns, Cleanup: 16191 ns, At safepoint: 4378 ns, Total: 81957 ns
[2024-02-18T09:26:00.250+0000][7][gc,start    ] GC(67) Pause Young (Normal) (G1 Evacuation Pause)
[2024-02-18T09:26:00.250+0000][7][gc,task     ] GC(67) Using 12 workers of 13 for evacuation
[2024-02-18T09:26:00.250+0000][7][gc,age      ] GC(67) Desired survivor size 20971520 bytes, new threshold 15 (max threshold 15)
[2024-02-18T09:26:00.254+0000][7][gc,phases   ] GC(67)   Pre Evacuate Collection Set: 0.2ms
[2024-02-18T09:26:00.254+0000][7][gc,phases   ] GC(67)   Merge Heap Roots: 0.1ms
[2024-02-18T09:26:00.254+0000][7][gc,phases   ] GC(67)   Evacuate Collection Set: 2.7ms
[2024-02-18T09:26:00.255+0000][7][gc,phases   ] GC(67)   Post Evacuate Collection Set: 0.6ms
[2024-02-18T09:26:00.255+0000][7][gc,phases   ] GC(67)   Other: 0.3ms
[2024-02-18T09:26:00.255+0000][7][gc,age      ] GC(67) Age table with threshold 15 (max threshold 15)
[2024-02-18T09:26:00.255+0000][7][gc,age      ] GC(67) - age   1:    1440752 bytes,    1440752 total
[2024-02-18T09:26:00.255+0000][7][gc,age      ] GC(67) - age   2:      12960 bytes,    1453712 total
[2024-02-18T09:26:00.255+0000][7][gc,age      ] GC(67) - age   3:     237024 bytes,    1690736 total
[2024-02-18T09:26:00.255+0000][7][gc,age      ] GC(67) - age   4:     113248 bytes,    1803984 total
[2024-02-18T09:26:00.256+0000][7][gc,age      ] GC(67) - age   5:     498784 bytes,    2302768 total
[2024-02-18T09:26:00.256+0000][7][gc,age      ] GC(67) - age   6:     258432 bytes,    2561200 total
[2024-02-18T09:26:00.256+0000][7][gc,age      ] GC(67) - age   7:     545168 bytes,    3106368 total
[2024-02-18T09:26:00.256+0000][7][gc,age      ] GC(67) - age   8:     128952 bytes,    3235320 total
[2024-02-18T09:26:00.256+0000][7][gc,age      ] GC(67) - age   9:     174736 bytes,    3410056 total
[2024-02-18T09:26:00.256+0000][7][gc,age      ] GC(67) - age  10:      96200 bytes,    3506256 total
[2024-02-18T09:26:00.256+0000][7][gc,age      ] GC(67) - age  11:       4152 bytes,    3510408 total
[2024-02-18T09:26:00.256+0000][7][gc,age      ] GC(67) - age  12:      20560 bytes,    3530968 total
[2024-02-18T09:26:00.257+0000][7][gc,age      ] GC(67) - age  13:      17608 bytes,    3548576 total
[2024-02-18T09:26:00.257+0000][7][gc,age      ] GC(67) - age  14:     104024 bytes,    3652600 total
[2024-02-18T09:26:00.257+0000][7][gc,age      ] GC(67) - age  15:      22528 bytes,    3675128 total
[2024-02-18T09:26:00.257+0000][7][gc,heap     ] GC(67) Eden regions: 74->0(74)
[2024-02-18T09:26:00.257+0000][7][gc,heap     ] GC(67) Survivor regions: 2->2(10)
[2024-02-18T09:26:00.257+0000][7][gc,heap     ] GC(67) Old regions: 29->29
[2024-02-18T09:26:00.257+0000][7][gc,heap     ] GC(67) Humongous regions: 2->2
[2024-02-18T09:26:00.257+0000][7][gc,metaspace] GC(67) Metaspace: 121029K(124608K)->121029K(124608K) NonClass: 105143K(106944K)->105143K(106944K) Class: 15886K(17664K)->15886K(17664K)
[2024-02-18T09:26:00.258+0000][7][gc          ] GC(67) Pause Young (Normal) (G1 Evacuation Pause) 427M->127M(512M) 7.643ms
[2024-02-18T09:26:00.258+0000][7][gc,cpu      ] GC(67) User=0.02s Sys=0.01s Real=0.01s
[2024-02-18T09:26:00.258+0000][7][safepoint   ] Safepoint "G1CollectForAllocation", Time since last: 2465398818 ns, Reaching safepoint: 18295 ns, Cleanup: 3787 ns, At safepoint: 7968853 ns, Total: 7990935 ns
[2024-02-18T09:26:02.258+0000][7][safepoint   ] Safepoint "Cleanup", Time since last: 2000300051 ns, Reaching safepoint: 18876 ns, Cleanup: 41370 ns, At safepoint: 3707 ns, Total: 63953 ns
[2024-02-18T09:26:09.259+0000][7][safepoint   ] Safepoint "Cleanup", Time since last: 7000851372 ns, Reaching safepoint: 19437 ns, Cleanup: 12033 ns, At safepoint: 3216 ns, Total: 34686 ns
[2024-02-18T09:26:12.260+0000][7][safepoint   ] Safepoint "Cleanup", Time since last: 3000537955 ns, Reaching safepoint: 18786 ns, Cleanup: 13876 ns, At safepoint: 3176 ns, Total: 35838 ns
[2024-02-18T09:26:21.261+0000][7][safepoint   ] Safepoint "Cleanup", Time since last: 9000913206 ns, Reaching safepoint: 16532 ns, Cleanup: 8406 ns, At safepoint: 2785 ns, Total: 27723 ns
[2024-02-18T09:26:29.261+0000][7][safepoint   ] Safepoint "Cleanup", Time since last: 8000854420 ns, Reaching safepoint: 39346 ns, Cleanup: 13055 ns, At safepoint: 2986 ns, Total: 55387 ns
[2024-02-18T09:26:30.262+0000][7][safepoint   ] Safepoint "Cleanup", Time since last: 1000459062 ns, Reaching safepoint: 17634 ns, Cleanup: 9398 ns, At safepoint: 3016 ns, Total: 30048 ns
[2024-02-18T09:26:48.804+0000][7][safepoint   ] Safepoint "Cleanup", Time since last: 18541887275 ns, Reaching safepoint: 20489 ns, Cleanup: 13025 ns, At safepoint: 3767 ns, Total: 37281 ns
[2024-02-18T09:26:49.639+0000][7][gc,start    ] GC(68) Pause Young (Concurrent Start) (G1 Evacuation Pause)
[2024-02-18T09:26:49.639+0000][7][gc,task     ] GC(68) Using 12 workers of 13 for evacuation
[2024-02-18T09:26:49.639+0000][7][gc,age      ] GC(68) Desired survivor size 20971520 bytes, new threshold 15 (max threshold 15)
[2024-02-18T09:26:49.643+0000][7][gc,phases   ] GC(68)   Pre Evacuate Collection Set: 0.3ms
[2024-02-18T09:26:49.643+0000][7][gc,phases   ] GC(68)   Merge Heap Roots: 0.1ms
[2024-02-18T09:26:49.643+0000][7][gc,phases   ] GC(68)   Evacuate Collection Set: 2.1ms
[2024-02-18T09:26:49.643+0000][7][gc,phases   ] GC(68)   Post Evacuate Collection Set: 0.6ms
[2024-02-18T09:26:49.643+0000][7][gc,phases   ] GC(68)   Other: 0.4ms
[2024-02-18T09:26:49.643+0000][7][gc,age      ] GC(68) Age table with threshold 15 (max threshold 15)
[2024-02-18T09:26:49.643+0000][7][gc,age      ] GC(68) - age   1:    1081528 bytes,    1081528 total
[2024-02-18T09:26:49.644+0000][7][gc,age      ] GC(68) - age   2:     201760 bytes,    1283288 total
[2024-02-18T09:26:49.644+0000][7][gc,age      ] GC(68) - age   3:       7648 bytes,    1290936 total
[2024-02-18T09:26:49.644+0000][7][gc,age      ] GC(68) - age   4:     233864 bytes,    1524800 total
[2024-02-18T09:26:49.644+0000][7][gc,age      ] GC(68) - age   5:     113040 bytes,    1637840 total
[2024-02-18T09:26:49.644+0000][7][gc,age      ] GC(68) - age   6:     465464 bytes,    2103304 total
[2024-02-18T09:26:49.644+0000][7][gc,age      ] GC(68) - age   7:      80672 bytes,    2183976 total
[2024-02-18T09:26:49.644+0000][7][gc,age      ] GC(68) - age   8:     438792 bytes,    2622768 total
[2024-02-18T09:26:49.644+0000][7][gc,age      ] GC(68) - age   9:      52776 bytes,    2675544 total
[2024-02-18T09:26:49.644+0000][7][gc,age      ] GC(68) - age  10:      25440 bytes,    2700984 total
[2024-02-18T09:26:49.644+0000][7][gc,age      ] GC(68) - age  11:      96200 bytes,    2797184 total
[2024-02-18T09:26:49.645+0000][7][gc,age      ] GC(68) - age  12:       4152 bytes,    2801336 total
[2024-02-18T09:26:49.645+0000][7][gc,age      ] GC(68) - age  13:      20440 bytes,    2821776 total
[2024-02-18T09:26:49.645+0000][7][gc,age      ] GC(68) - age  14:      17608 bytes,    2839384 total
[2024-02-18T09:26:49.645+0000][7][gc,age      ] GC(68) - age  15:     104024 bytes,    2943408 total
[2024-02-18T09:26:49.645+0000][7][gc,heap     ] GC(68) Eden regions: 74->0(75)
[2024-02-18T09:26:49.645+0000][7][gc,heap     ] GC(68) Survivor regions: 2->1(10)
[2024-02-18T09:26:49.645+0000][7][gc,heap     ] GC(68) Old regions: 29->29
[2024-02-18T09:26:49.645+0000][7][gc,heap     ] GC(68) Humongous regions: 2->2
[2024-02-18T09:26:49.645+0000][7][gc,metaspace] GC(68) Metaspace: 121050K(124608K)->121050K(124608K) NonClass: 105164K(106944K)->105164K(106944K) Class: 15886K(17664K)->15886K(17664K)
[2024-02-18T09:26:49.645+0000][7][gc          ] GC(68) Pause Young (Concurrent Start) (G1 Evacuation Pause) 423M->126M(512M) 6.518ms
[2024-02-18T09:26:49.645+0000][7][gc          ] GC(69) Concurrent Mark Cycle
[2024-02-18T09:26:49.646+0000][7][gc,marking  ] GC(69) Concurrent Scan Root Regions
[2024-02-18T09:26:49.645+0000][7][gc,cpu      ] GC(68) User=0.01s Sys=0.00s Real=0.00s
[2024-02-18T09:26:49.646+0000][7][safepoint   ] Safepoint "G1CollectForAllocation", Time since last: 834862509 ns, Reaching safepoint: 17804 ns, Cleanup: 4208 ns, At safepoint: 7064034 ns, Total: 7086046 ns
[2024-02-18T09:26:49.647+0000][7][gc,marking  ] GC(69) Concurrent Scan Root Regions 1.690ms
[2024-02-18T09:26:49.647+0000][7][gc,marking  ] GC(69) Concurrent Mark
[2024-02-18T09:26:49.648+0000][7][gc,marking  ] GC(69) Concurrent Mark From Roots
[2024-02-18T09:26:49.648+0000][7][gc,task     ] GC(69) Using 3 workers of 3 for marking
[2024-02-18T09:26:49.682+0000][7][gc,marking  ] GC(69) Concurrent Mark From Roots 34.848ms
[2024-02-18T09:26:49.683+0000][7][gc,marking  ] GC(69) Concurrent Preclean
[2024-02-18T09:26:49.683+0000][7][gc,marking  ] GC(69) Concurrent Preclean 0.471ms
[2024-02-18T09:26:49.683+0000][7][gc,start    ] GC(69) Pause Remark
[2024-02-18T09:26:49.696+0000][7][gc          ] GC(69) Pause Remark 129M->129M(512M) 12.548ms
[2024-02-18T09:26:49.696+0000][7][gc,cpu      ] GC(69) User=0.04s Sys=0.00s Real=0.02s
[2024-02-18T09:26:49.696+0000][7][safepoint   ] Safepoint "G1PauseRemark", Time since last: 37390285 ns, Reaching safepoint: 17183 ns, Cleanup: 3196 ns, At safepoint: 13005084 ns, Total: 13025463 ns
[2024-02-18T09:26:49.696+0000][7][gc,marking  ] GC(69) Concurrent Mark 48.986ms
[2024-02-18T09:26:49.697+0000][7][gc,marking  ] GC(69) Concurrent Rebuild Remembered Sets and Scrub Regions
[2024-02-18T09:26:49.712+0000][7][gc,marking  ] GC(69) Concurrent Rebuild Remembered Sets and Scrub Regions 15.550ms
[2024-02-18T09:26:49.713+0000][7][gc,start    ] GC(69) Pause Cleanup
[2024-02-18T09:26:49.713+0000][7][gc          ] GC(69) Pause Cleanup 129M->129M(512M) 0.361ms
[2024-02-18T09:26:49.713+0000][7][gc,cpu      ] GC(69) User=0.00s Sys=0.00s Real=0.00s
[2024-02-18T09:26:49.713+0000][7][safepoint   ] Safepoint "G1PauseCleanup", Time since last: 16143099 ns, Reaching safepoint: 88409 ns, Cleanup: 20169 ns, At safepoint: 687477 ns, Total: 796055 ns
[2024-02-18T09:26:49.713+0000][7][gc,marking  ] GC(69) Concurrent Clear Claimed Marks
[2024-02-18T09:26:49.714+0000][7][gc,marking  ] GC(69) Concurrent Clear Claimed Marks 0.356ms
[2024-02-18T09:26:49.714+0000][7][gc,marking  ] GC(69) Concurrent Cleanup for Next Mark
[2024-02-18T09:26:49.714+0000][7][gc,marking  ] GC(69) Concurrent Cleanup for Next Mark 0.520ms
[2024-02-18T09:26:49.715+0000][7][gc          ] GC(69) Concurrent Mark Cycle 69.102ms
[2024-02-18T09:26:51.714+0000][7][safepoint   ] Safepoint "Cleanup", Time since last: 2000380468 ns, Reaching safepoint: 22654 ns, Cleanup: 15139 ns, At safepoint: 3617 ns, Total: 41410 ns
[2024-02-18T09:26:57.715+0000][7][safepoint   ] Safepoint "Cleanup", Time since last: 6000850242 ns, Reaching safepoint: 43673 ns, Cleanup: 16442 ns, At safepoint: 3226 ns, Total: 63341 ns
[2024-02-18T09:26:58.715+0000][7][safepoint   ] Safepoint "Cleanup", Time since last: 1000397299 ns, Reaching safepoint: 21201 ns, Cleanup: 20399 ns, At safepoint: 3296 ns, Total: 44896 ns
[2024-02-18T09:27:00.715+0000][7][safepoint   ] Safepoint "Cleanup", Time since last: 2000487985 ns, Reaching safepoint: 20930 ns, Cleanup: 14668 ns, At safepoint: 3307 ns, Total: 38905 ns
[2024-02-18T09:27:02.716+0000][7][safepoint   ] Safepoint "Cleanup", Time since last: 2000456576 ns, Reaching safepoint: 29586 ns, Cleanup: 13536 ns, At safepoint: 3347 ns, Total: 46469 ns
[2024-02-18T09:27:12.717+0000][7][safepoint   ] Safepoint "Cleanup", Time since last: 10001152026 ns, Reaching safepoint: 18055 ns, Cleanup: 8887 ns, At safepoint: 3146 ns, Total: 30088 ns
[2024-02-18T09:27:18.718+0000][7][safepoint   ] Safepoint "Cleanup", Time since last: 6000641521 ns, Reaching safepoint: 20329 ns, Cleanup: 13315 ns, At safepoint: 2485 ns, Total: 36129 ns
[2024-02-18T09:27:19.718+0000][7][safepoint   ] Safepoint "Cleanup", Time since last: 1000371616 ns, Reaching safepoint: 25679 ns, Cleanup: 17453 ns, At safepoint: 5421 ns, Total: 48553 ns
[2024-02-18T09:27:30.719+0000][7][safepoint   ] Safepoint "Cleanup", Time since last: 11001373012 ns, Reaching safepoint: 28044 ns, Cleanup: 18675 ns, At safepoint: 3387 ns, Total: 50106 ns
[2024-02-18T09:27:36.720+0000][7][safepoint   ] Safepoint "Cleanup", Time since last: 6000777562 ns, Reaching safepoint: 18346 ns, Cleanup: 10049 ns, At safepoint: 2986 ns, Total: 31381 ns
[2024-02-18T09:27:45.826+0000][7][safepoint   ] Safepoint "Cleanup", Time since last: 9106044334 ns, Reaching safepoint: 19056 ns, Cleanup: 12845 ns, At safepoint: 2715 ns, Total: 34616 ns
[2024-02-18T09:27:49.170+0000][7][gc,start    ] GC(70) Pause Young (Normal) (G1 Evacuation Pause)
[2024-02-18T09:27:49.170+0000][7][gc,task     ] GC(70) Using 12 workers of 13 for evacuation
[2024-02-18T09:27:49.170+0000][7][gc,age      ] GC(70) Desired survivor size 20971520 bytes, new threshold 15 (max threshold 15)
[2024-02-18T09:27:49.174+0000][7][gc,phases   ] GC(70)   Pre Evacuate Collection Set: 0.2ms
[2024-02-18T09:27:49.174+0000][7][gc,phases   ] GC(70)   Merge Heap Roots: 0.1ms
[2024-02-18T09:27:49.174+0000][7][gc,phases   ] GC(70)   Evacuate Collection Set: 2.3ms
[2024-02-18T09:27:49.174+0000][7][gc,phases   ] GC(70)   Post Evacuate Collection Set: 0.6ms
[2024-02-18T09:27:49.175+0000][7][gc,phases   ] GC(70)   Other: 0.2ms
[2024-02-18T09:27:49.175+0000][7][gc,age      ] GC(70) Age table with threshold 15 (max threshold 15)
[2024-02-18T09:27:49.175+0000][7][gc,age      ] GC(70) - age   1:    5402992 bytes,    5402992 total
[2024-02-18T09:27:49.175+0000][7][gc,age      ] GC(70) - age   2:     406784 bytes,    5809776 total
[2024-02-18T09:27:49.175+0000][7][gc,age      ] GC(70) - age   3:     198296 bytes,    6008072 total
[2024-02-18T09:27:49.175+0000][7][gc,age      ] GC(70) - age   4:       4184 bytes,    6012256 total
[2024-02-18T09:27:49.175+0000][7][gc,age      ] GC(70) - age   5:     233504 bytes,    6245760 total
[2024-02-18T09:27:49.175+0000][7][gc,age      ] GC(70) - age   6:     112720 bytes,    6358480 total
[2024-02-18T09:27:49.175+0000][7][gc,age      ] GC(70) - age   7:     179088 bytes,    6537568 total
[2024-02-18T09:27:49.175+0000][7][gc,age      ] GC(70) - age   8:      79752 bytes,    6617320 total
[2024-02-18T09:27:49.176+0000][7][gc,age      ] GC(70) - age   9:     359280 bytes,    6976600 total
[2024-02-18T09:27:49.176+0000][7][gc,age      ] GC(70) - age  10:      52616 bytes,    7029216 total
[2024-02-18T09:27:49.176+0000][7][gc,age      ] GC(70) - age  11:      25280 bytes,    7054496 total
[2024-02-18T09:27:49.176+0000][7][gc,age      ] GC(70) - age  12:      96200 bytes,    7150696 total
[2024-02-18T09:27:49.176+0000][7][gc,age      ] GC(70) - age  13:       4152 bytes,    7154848 total
[2024-02-18T09:27:49.176+0000][7][gc,age      ] GC(70) - age  14:      20440 bytes,    7175288 total
[2024-02-18T09:27:49.176+0000][7][gc,age      ] GC(70) - age  15:      17608 bytes,    7192896 total
[2024-02-18T09:27:49.176+0000][7][gc,heap     ] GC(70) Eden regions: 75->0(74)
[2024-02-18T09:27:49.176+0000][7][gc,heap     ] GC(70) Survivor regions: 1->2(10)
[2024-02-18T09:27:49.176+0000][7][gc,heap     ] GC(70) Old regions: 29->29
[2024-02-18T09:27:49.176+0000][7][gc,heap     ] GC(70) Humongous regions: 2->2
[2024-02-18T09:27:49.176+0000][7][gc,metaspace] GC(70) Metaspace: 121087K(124608K)->121087K(124608K) NonClass: 105201K(106944K)->105201K(106944K) Class: 15886K(17664K)->15886K(17664K)
[2024-02-18T09:27:49.177+0000][7][gc          ] GC(70) Pause Young (Normal) (G1 Evacuation Pause) 426M->131M(512M) 6.395ms
[2024-02-18T09:27:49.177+0000][7][gc,cpu      ] GC(70) User=0.02s Sys=0.00s Real=0.01s
[2024-02-18T09:27:49.177+0000][7][safepoint   ] Safepoint "G1CollectForAllocation", Time since last: 3343771628 ns, Reaching safepoint: 18325 ns, Cleanup: 3938 ns, At safepoint: 6652652 ns, Total: 6674915 ns
[2024-02-18T09:28:01.178+0000][7][safepoint   ] Safepoint "Cleanup", Time since last: 12001196412 ns, Reaching safepoint: 20309 ns, Cleanup: 17303 ns, At safepoint: 3436 ns, Total: 41048 ns
[2024-02-18T09:28:06.179+0000][7][safepoint   ] Safepoint "Cleanup", Time since last: 5000741110 ns, Reaching safepoint: 18034 ns, Cleanup: 15781 ns, At safepoint: 3556 ns, Total: 37371 ns
[2024-02-18T09:28:18.180+0000][7][safepoint   ] Safepoint "Cleanup", Time since last: 12001218451 ns, Reaching safepoint: 17122 ns, Cleanup: 7946 ns, At safepoint: 2615 ns, Total: 27683 ns
[2024-02-18T09:28:22.181+0000][7][safepoint   ] Safepoint "Cleanup", Time since last: 4000622563 ns, Reaching safepoint: 24568 ns, Cleanup: 16271 ns, At safepoint: 4088 ns, Total: 44927 ns
[2024-02-18T09:28:24.181+0000][7][safepoint   ] Safepoint "Cleanup", Time since last: 2000508961 ns, Reaching safepoint: 19227 ns, Cleanup: 13145 ns, At safepoint: 3056 ns, Total: 35428 ns
[2024-02-18T09:28:25.182+0000][7][safepoint   ] Safepoint "Cleanup", Time since last: 1000356009 ns, Reaching safepoint: 33093 ns, Cleanup: 20880 ns, At safepoint: 5471 ns, Total: 59444 ns
[2024-02-18T09:28:31.183+0000][7][safepoint   ] Safepoint "Cleanup", Time since last: 6000954576 ns, Reaching safepoint: 19327 ns, Cleanup: 18215 ns, At safepoint: 2896 ns, Total: 40438 ns
[2024-02-18T09:28:32.183+0000][7][safepoint   ] Safepoint "Cleanup", Time since last: 1000372691 ns, Reaching safepoint: 19367 ns, Cleanup: 13747 ns, At safepoint: 2945 ns, Total: 36059 ns
[2024-02-18T09:28:33.184+0000][7][safepoint   ] Safepoint "Cleanup", Time since last: 1000388788 ns, Reaching safepoint: 29897 ns, Cleanup: 13556 ns, At safepoint: 23215 ns, Total: 66668 ns
[2024-02-18T09:28:35.184+0000][7][safepoint   ] Safepoint "Cleanup", Time since last: 2000487173 ns, Reaching safepoint: 21682 ns, Cleanup: 16672 ns, At safepoint: 3226 ns, Total: 41580 ns
[2024-02-18T09:28:36.185+0000][7][safepoint   ] Safepoint "Cleanup", Time since last: 1000367673 ns, Reaching safepoint: 16923 ns, Cleanup: 22813 ns, At safepoint: 2846 ns, Total: 42582 ns
[2024-02-18T09:28:48.849+0000][7][safepoint   ] Safepoint "Cleanup", Time since last: 12663943948 ns, Reaching safepoint: 17353 ns, Cleanup: 10971 ns, At safepoint: 2755 ns, Total: 31079 ns
[2024-02-18T09:28:51.007+0000][7][gc,start    ] GC(71) Pause Young (Concurrent Start) (G1 Evacuation Pause)
[2024-02-18T09:28:51.007+0000][7][gc,task     ] GC(71) Using 12 workers of 13 for evacuation
[2024-02-18T09:28:51.007+0000][7][gc,age      ] GC(71) Desired survivor size 20971520 bytes, new threshold 15 (max threshold 15)
[2024-02-18T09:28:51.011+0000][7][gc,phases   ] GC(71)   Pre Evacuate Collection Set: 0.2ms
[2024-02-18T09:28:51.012+0000][7][gc,phases   ] GC(71)   Merge Heap Roots: 0.1ms
[2024-02-18T09:28:51.012+0000][7][gc,phases   ] GC(71)   Evacuate Collection Set: 2.8ms
[2024-02-18T09:28:51.012+0000][7][gc,phases   ] GC(71)   Post Evacuate Collection Set: 0.6ms
[2024-02-18T09:28:51.012+0000][7][gc,phases   ] GC(71)   Other: 0.3ms
[2024-02-18T09:28:51.012+0000][7][gc,age      ] GC(71) Age table with threshold 15 (max threshold 15)
[2024-02-18T09:28:51.012+0000][7][gc,age      ] GC(71) - age   1:     885784 bytes,     885784 total
[2024-02-18T09:28:51.012+0000][7][gc,age      ] GC(71) - age   2:    3847952 bytes,    4733736 total
[2024-02-18T09:28:51.012+0000][7][gc,age      ] GC(71) - age   3:     405408 bytes,    5139144 total
[2024-02-18T09:28:51.012+0000][7][gc,age      ] GC(71) - age   4:     197944 bytes,    5337088 total
[2024-02-18T09:28:51.013+0000][7][gc,age      ] GC(71) - age   5:       3992 bytes,    5341080 total
[2024-02-18T09:28:51.013+0000][7][gc,age      ] GC(71) - age   6:     233312 bytes,    5574392 total
[2024-02-18T09:28:51.013+0000][7][gc,age      ] GC(71) - age   7:     112720 bytes,    5687112 total
[2024-02-18T09:28:51.013+0000][7][gc,age      ] GC(71) - age   8:     178992 bytes,    5866104 total
[2024-02-18T09:28:51.013+0000][7][gc,age      ] GC(71) - age   9:      79656 bytes,    5945760 total
[2024-02-18T09:28:51.013+0000][7][gc,age      ] GC(71) - age  10:     359280 bytes,    6305040 total
[2024-02-18T09:28:51.013+0000][7][gc,age      ] GC(71) - age  11:      52616 bytes,    6357656 total
[2024-02-18T09:28:51.013+0000][7][gc,age      ] GC(71) - age  12:      25280 bytes,    6382936 total
[2024-02-18T09:28:51.013+0000][7][gc,age      ] GC(71) - age  13:      96200 bytes,    6479136 total
[2024-02-18T09:28:51.013+0000][7][gc,age      ] GC(71) - age  14:       4152 bytes,    6483288 total
[2024-02-18T09:28:51.013+0000][7][gc,age      ] GC(71) - age  15:      20440 bytes,    6503728 total
[2024-02-18T09:28:51.014+0000][7][gc,heap     ] GC(71) Eden regions: 74->0(74)
[2024-02-18T09:28:51.014+0000][7][gc,heap     ] GC(71) Survivor regions: 2->2(10)
[2024-02-18T09:28:51.014+0000][7][gc,heap     ] GC(71) Old regions: 29->29
[2024-02-18T09:28:51.014+0000][7][gc,heap     ] GC(71) Humongous regions: 2->2
[2024-02-18T09:28:51.014+0000][7][gc,metaspace] GC(71) Metaspace: 121103K(124608K)->121103K(124608K) NonClass: 105215K(106944K)->105215K(106944K) Class: 15887K(17664K)->15887K(17664K)
[2024-02-18T09:28:51.014+0000][7][gc          ] GC(71) Pause Young (Concurrent Start) (G1 Evacuation Pause) 427M->130M(512M) 6.828ms
[2024-02-18T09:28:51.014+0000][7][gc          ] GC(72) Concurrent Mark Cycle
[2024-02-18T09:28:51.014+0000][7][gc,marking  ] GC(72) Concurrent Scan Root Regions
[2024-02-18T09:28:51.014+0000][7][gc,cpu      ] GC(71) User=0.02s Sys=0.00s Real=0.00s
[2024-02-18T09:28:51.014+0000][7][safepoint   ] Safepoint "G1CollectForAllocation", Time since last: 2158580121 ns, Reaching safepoint: 17784 ns, Cleanup: 8787 ns, At safepoint: 7289331 ns, Total: 7315902 ns
[2024-02-18T09:28:51.016+0000][7][gc,marking  ] GC(72) Concurrent Scan Root Regions 1.400ms
[2024-02-18T09:28:51.016+0000][7][gc,marking  ] GC(72) Concurrent Mark
[2024-02-18T09:28:51.016+0000][7][gc,marking  ] GC(72) Concurrent Mark From Roots
[2024-02-18T09:28:51.016+0000][7][gc,task     ] GC(72) Using 3 workers of 3 for marking
[2024-02-18T09:28:51.050+0000][7][gc,marking  ] GC(72) Concurrent Mark From Roots 34.087ms
[2024-02-18T09:28:51.050+0000][7][gc,marking  ] GC(72) Concurrent Preclean
[2024-02-18T09:28:51.051+0000][7][gc,marking  ] GC(72) Concurrent Preclean 0.498ms
[2024-02-18T09:28:51.051+0000][7][gc,start    ] GC(72) Pause Remark
[2024-02-18T09:28:51.055+0000][7][gc          ] GC(72) Pause Remark 132M->132M(512M) 4.441ms
[2024-02-18T09:28:51.056+0000][7][gc,cpu      ] GC(72) User=0.02s Sys=0.00s Real=0.00s
[2024-02-18T09:28:51.056+0000][7][safepoint   ] Safepoint "G1PauseRemark", Time since last: 36385921 ns, Reaching safepoint: 18055 ns, Cleanup: 3216 ns, At safepoint: 4891949 ns, Total: 4913220 ns
[2024-02-18T09:28:51.056+0000][7][gc,marking  ] GC(72) Concurrent Mark 40.193ms
[2024-02-18T09:28:51.056+0000][7][gc,marking  ] GC(72) Concurrent Rebuild Remembered Sets and Scrub Regions
[2024-02-18T09:28:51.069+0000][7][gc,marking  ] GC(72) Concurrent Rebuild Remembered Sets and Scrub Regions 12.921ms
[2024-02-18T09:28:51.069+0000][7][gc,start    ] GC(72) Pause Cleanup
[2024-02-18T09:28:51.069+0000][7][gc          ] GC(72) Pause Cleanup 132M->132M(512M) 0.260ms
[2024-02-18T09:28:51.070+0000][7][gc,cpu      ] GC(72) User=0.00s Sys=0.00s Real=0.00s
[2024-02-18T09:28:51.070+0000][7][safepoint   ] Safepoint "G1PauseCleanup", Time since last: 13394484 ns, Reaching safepoint: 15590 ns, Cleanup: 6242 ns, At safepoint: 541859 ns, Total: 563691 ns
[2024-02-18T09:28:51.070+0000][7][gc,marking  ] GC(72) Concurrent Clear Claimed Marks
[2024-02-18T09:28:51.070+0000][7][gc,marking  ] GC(72) Concurrent Clear Claimed Marks 0.290ms
[2024-02-18T09:28:51.070+0000][7][gc,marking  ] GC(72) Concurrent Cleanup for Next Mark
[2024-02-18T09:28:51.071+0000][7][gc,marking  ] GC(72) Concurrent Cleanup for Next Mark 0.575ms
[2024-02-18T09:28:51.071+0000][7][gc          ] GC(72) Concurrent Mark Cycle 56.824ms
[2024-02-18T09:28:55.070+0000][7][safepoint   ] Safepoint "Cleanup", Time since last: 4000477866 ns, Reaching safepoint: 21130 ns, Cleanup: 15249 ns, At safepoint: 3257 ns, Total: 39636 ns
[2024-02-18T09:29:01.071+0000][7][safepoint   ] Safepoint "Cleanup", Time since last: 6000830058 ns, Reaching safepoint: 25258 ns, Cleanup: 21672 ns, At safepoint: 4538 ns, Total: 51468 ns
[2024-02-18T09:29:05.072+0000][7][safepoint   ] Safepoint "Cleanup", Time since last: 4000674083 ns, Reaching safepoint: 21070 ns, Cleanup: 10851 ns, At safepoint: 13065 ns, Total: 44986 ns
[2024-02-18T09:29:10.073+0000][7][safepoint   ] Safepoint "Cleanup", Time since last: 5000627317 ns, Reaching safepoint: 20700 ns, Cleanup: 12884 ns, At safepoint: 3417 ns, Total: 37001 ns
[2024-02-18T09:29:12.073+0000][7][safepoint   ] Safepoint "Cleanup", Time since last: 2000487665 ns, Reaching safepoint: 19317 ns, Cleanup: 10861 ns, At safepoint: 3106 ns, Total: 33284 ns
[2024-02-18T09:29:14.074+0000][7][safepoint   ] Safepoint "Cleanup", Time since last: 2000417761 ns, Reaching safepoint: 27082 ns, Cleanup: 20810 ns, At safepoint: 3025 ns, Total: 50917 ns
[2024-02-18T09:29:17.074+0000][7][safepoint   ] Safepoint "Cleanup", Time since last: 3000619166 ns, Reaching safepoint: 30208 ns, Cleanup: 19567 ns, At safepoint: 14478 ns, Total: 64253 ns
[2024-02-18T09:29:22.075+0000][7][safepoint   ] Safepoint "Cleanup", Time since last: 5000625037 ns, Reaching safepoint: 27051 ns, Cleanup: 13045 ns, At safepoint: 3006 ns, Total: 43102 ns
[2024-02-18T09:29:31.076+0000][7][safepoint   ] Safepoint "Cleanup", Time since last: 9001033500 ns, Reaching safepoint: 62821 ns, Cleanup: 14317 ns, At safepoint: 3657 ns, Total: 80795 ns
[2024-02-18T09:29:33.077+0000][7][safepoint   ] Safepoint "Cleanup", Time since last: 2000431052 ns, Reaching safepoint: 17915 ns, Cleanup: 19227 ns, At safepoint: 3116 ns, Total: 40258 ns
[2024-02-18T09:29:34.077+0000][7][safepoint   ] Safepoint "Cleanup", Time since last: 1000243213 ns, Reaching safepoint: 19367 ns, Cleanup: 23596 ns, At safepoint: 3126 ns, Total: 46089 ns
[2024-02-18T09:29:36.077+0000][7][safepoint   ] Safepoint "Cleanup", Time since last: 2000369634 ns, Reaching safepoint: 17874 ns, Cleanup: 9478 ns, At safepoint: 2765 ns, Total: 30117 ns
[2024-02-18T09:29:38.969+0000][7][gc,start    ] GC(73) Pause Young (Normal) (G1 Evacuation Pause)
[2024-02-18T09:29:38.970+0000][7][gc,task     ] GC(73) Using 12 workers of 13 for evacuation
[2024-02-18T09:29:38.970+0000][7][gc,age      ] GC(73) Desired survivor size 20971520 bytes, new threshold 15 (max threshold 15)
[2024-02-18T09:29:38.973+0000][7][gc,phases   ] GC(73)   Pre Evacuate Collection Set: 0.3ms
[2024-02-18T09:29:38.974+0000][7][gc,phases   ] GC(73)   Merge Heap Roots: 0.1ms
[2024-02-18T09:29:38.974+0000][7][gc,phases   ] GC(73)   Evacuate Collection Set: 2.4ms
[2024-02-18T09:29:38.974+0000][7][gc,phases   ] GC(73)   Post Evacuate Collection Set: 0.6ms
[2024-02-18T09:29:38.974+0000][7][gc,phases   ] GC(73)   Other: 0.4ms
[2024-02-18T09:29:38.974+0000][7][gc,age      ] GC(73) Age table with threshold 15 (max threshold 15)
[2024-02-18T09:29:38.974+0000][7][gc,age      ] GC(73) - age   1:     763000 bytes,     763000 total
[2024-02-18T09:29:38.974+0000][7][gc,age      ] GC(73) - age   2:       6688 bytes,     769688 total
[2024-02-18T09:29:38.974+0000][7][gc,age      ] GC(73) - age   3:     109928 bytes,     879616 total
[2024-02-18T09:29:38.975+0000][7][gc,age      ] GC(73) - age   4:     279176 bytes,    1158792 total
[2024-02-18T09:29:38.975+0000][7][gc,age      ] GC(73) - age   5:     197784 bytes,    1356576 total
[2024-02-18T09:29:38.975+0000][7][gc,age      ] GC(73) - age   6:       3864 bytes,    1360440 total
[2024-02-18T09:29:38.975+0000][7][gc,age      ] GC(73) - age   7:     233312 bytes,    1593752 total
[2024-02-18T09:29:38.975+0000][7][gc,age      ] GC(73) - age   8:     112720 bytes,    1706472 total
[2024-02-18T09:29:38.975+0000][7][gc,age      ] GC(73) - age   9:     161960 bytes,    1868432 total
[2024-02-18T09:29:38.975+0000][7][gc,age      ] GC(73) - age  10:      79656 bytes,    1948088 total
[2024-02-18T09:29:38.975+0000][7][gc,age      ] GC(73) - age  11:     359280 bytes,    2307368 total
[2024-02-18T09:29:38.975+0000][7][gc,age      ] GC(73) - age  12:      52616 bytes,    2359984 total
[2024-02-18T09:29:38.975+0000][7][gc,age      ] GC(73) - age  13:      25248 bytes,    2385232 total
[2024-02-18T09:29:38.976+0000][7][gc,age      ] GC(73) - age  14:      96168 bytes,    2481400 total
[2024-02-18T09:29:38.976+0000][7][gc,age      ] GC(73) - age  15:       4120 bytes,    2485520 total
[2024-02-18T09:29:38.976+0000][7][gc,heap     ] GC(73) Eden regions: 74->0(75)
[2024-02-18T09:29:38.976+0000][7][gc,heap     ] GC(73) Survivor regions: 2->1(10)
[2024-02-18T09:29:38.976+0000][7][gc,heap     ] GC(73) Old regions: 29->29
[2024-02-18T09:29:38.976+0000][7][gc,heap     ] GC(73) Humongous regions: 2->2
[2024-02-18T09:29:38.976+0000][7][gc,metaspace] GC(73) Metaspace: 121125K(124672K)->121125K(124672K) NonClass: 105237K(107008K)->105237K(107008K) Class: 15887K(17664K)->15887K(17664K)
[2024-02-18T09:29:38.976+0000][7][gc          ] GC(73) Pause Young (Normal) (G1 Evacuation Pause) 426M->126M(512M) 7.094ms
[2024-02-18T09:29:38.976+0000][7][gc,cpu      ] GC(73) User=0.02s Sys=0.00s Real=0.01s
[2024-02-18T09:29:38.977+0000][7][safepoint   ] Safepoint "G1CollectForAllocation", Time since last: 2891910189 ns, Reaching safepoint: 26922 ns, Cleanup: 7454 ns, At safepoint: 7406100 ns, Total: 7440476 ns
[2024-02-18T09:29:55.873+0000][7][safepoint   ] Safepoint "Cleanup", Time since last: 16896259520 ns, Reaching safepoint: 45027 ns, Cleanup: 36590 ns, At safepoint: 7223 ns, Total: 88840 ns
[2024-02-18T09:30:03.874+0000][7][safepoint   ] Safepoint "Cleanup", Time since last: 8001171909 ns, Reaching safepoint: 19598 ns, Cleanup: 13325 ns, At safepoint: 2755 ns, Total: 35678 ns
[2024-02-18T09:30:06.875+0000][7][safepoint   ] Safepoint "Cleanup", Time since last: 3000617557 ns, Reaching safepoint: 20369 ns, Cleanup: 14037 ns, At safepoint: 3146 ns, Total: 37552 ns
[2024-02-18T09:30:25.878+0000][7][safepoint   ] Safepoint "Cleanup", Time since last: 19001964839 ns, Reaching safepoint: 22323 ns, Cleanup: 13796 ns, At safepoint: 3327 ns, Total: 39446 ns
[2024-02-18T09:30:31.879+0000][7][safepoint   ] Safepoint "Cleanup", Time since last: 6001273898 ns, Reaching safepoint: 19798 ns, Cleanup: 15880 ns, At safepoint: 3447 ns, Total: 39125 ns
[2024-02-18T09:30:32.879+0000][7][safepoint   ] Safepoint "Cleanup", Time since last: 1000347093 ns, Reaching safepoint: 21130 ns, Cleanup: 14358 ns, At safepoint: 3456 ns, Total: 38944 ns
[2024-02-18T09:30:33.059+0000][7][gc,start    ] GC(74) Pause Young (Concurrent Start) (G1 Evacuation Pause)
[2024-02-18T09:30:33.059+0000][7][gc,task     ] GC(74) Using 12 workers of 13 for evacuation
[2024-02-18T09:30:33.060+0000][7][gc,age      ] GC(74) Desired survivor size 20971520 bytes, new threshold 15 (max threshold 15)
[2024-02-18T09:30:33.064+0000][7][gc,phases   ] GC(74)   Pre Evacuate Collection Set: 0.2ms
[2024-02-18T09:30:33.064+0000][7][gc,phases   ] GC(74)   Merge Heap Roots: 0.1ms
[2024-02-18T09:30:33.064+0000][7][gc,phases   ] GC(74)   Evacuate Collection Set: 2.8ms
[2024-02-18T09:30:33.064+0000][7][gc,phases   ] GC(74)   Post Evacuate Collection Set: 0.7ms
[2024-02-18T09:30:33.064+0000][7][gc,phases   ] GC(74)   Other: 0.3ms
[2024-02-18T09:30:33.064+0000][7][gc,age      ] GC(74) Age table with threshold 15 (max threshold 15)
[2024-02-18T09:30:33.065+0000][7][gc,age      ] GC(74) - age   1:     820800 bytes,     820800 total
[2024-02-18T09:30:33.065+0000][7][gc,age      ] GC(74) - age   2:     124424 bytes,     945224 total
[2024-02-18T09:30:33.065+0000][7][gc,age      ] GC(74) - age   3:       4248 bytes,     949472 total
[2024-02-18T09:30:33.065+0000][7][gc,age      ] GC(74) - age   4:     107112 bytes,    1056584 total
[2024-02-18T09:30:33.065+0000][7][gc,age      ] GC(74) - age   5:     276400 bytes,    1332984 total
[2024-02-18T09:30:33.065+0000][7][gc,age      ] GC(74) - age   6:     197784 bytes,    1530768 total
[2024-02-18T09:30:33.065+0000][7][gc,age      ] GC(74) - age   7:       3864 bytes,    1534632 total
[2024-02-18T09:30:33.065+0000][7][gc,age      ] GC(74) - age   8:     233312 bytes,    1767944 total
[2024-02-18T09:30:33.066+0000][7][gc,age      ] GC(74) - age   9:     112720 bytes,    1880664 total
[2024-02-18T09:30:33.066+0000][7][gc,age      ] GC(74) - age  10:     161928 bytes,    2042592 total
[2024-02-18T09:30:33.066+0000][7][gc,age      ] GC(74) - age  11:      79624 bytes,    2122216 total
[2024-02-18T09:30:33.066+0000][7][gc,age      ] GC(74) - age  12:     359056 bytes,    2481272 total
[2024-02-18T09:30:33.066+0000][7][gc,age      ] GC(74) - age  13:      52584 bytes,    2533856 total
[2024-02-18T09:30:33.066+0000][7][gc,age      ] GC(74) - age  14:      25248 bytes,    2559104 total
[2024-02-18T09:30:33.066+0000][7][gc,age      ] GC(74) - age  15:      96168 bytes,    2655272 total
[2024-02-18T09:30:33.066+0000][7][gc,heap     ] GC(74) Eden regions: 75->0(75)
[2024-02-18T09:30:33.066+0000][7][gc,heap     ] GC(74) Survivor regions: 1->1(10)
[2024-02-18T09:30:33.067+0000][7][gc,heap     ] GC(74) Old regions: 29->29
[2024-02-18T09:30:33.067+0000][7][gc,heap     ] GC(74) Humongous regions: 2->2
[2024-02-18T09:30:33.067+0000][7][gc,metaspace] GC(74) Metaspace: 121138K(124672K)->121138K(124672K) NonClass: 105250K(107008K)->105250K(107008K) Class: 15888K(17664K)->15888K(17664K)
[2024-02-18T09:30:33.067+0000][7][gc          ] GC(74) Pause Young (Concurrent Start) (G1 Evacuation Pause) 426M->126M(512M) 7.753ms
[2024-02-18T09:30:33.067+0000][7][gc          ] GC(75) Concurrent Mark Cycle
[2024-02-18T09:30:33.067+0000][7][gc,marking  ] GC(75) Concurrent Scan Root Regions
[2024-02-18T09:30:33.067+0000][7][gc,cpu      ] GC(74) User=0.02s Sys=0.00s Real=0.01s
[2024-02-18T09:30:33.068+0000][7][safepoint   ] Safepoint "G1CollectForAllocation", Time since last: 179958106 ns, Reaching safepoint: 18406 ns, Cleanup: 7153 ns, At safepoint: 8462623 ns, Total: 8488182 ns
[2024-02-18T09:30:33.069+0000][7][gc,marking  ] GC(75) Concurrent Scan Root Regions 2.012ms
[2024-02-18T09:30:33.069+0000][7][gc,marking  ] GC(75) Concurrent Mark
[2024-02-18T09:30:33.070+0000][7][gc,marking  ] GC(75) Concurrent Mark From Roots
[2024-02-18T09:30:33.070+0000][7][gc,task     ] GC(75) Using 3 workers of 3 for marking
[2024-02-18T09:30:33.112+0000][7][gc,marking  ] GC(75) Concurrent Mark From Roots 42.353ms
[2024-02-18T09:30:33.112+0000][7][gc,marking  ] GC(75) Concurrent Preclean
[2024-02-18T09:30:33.113+0000][7][gc,marking  ] GC(75) Concurrent Preclean 0.521ms
[2024-02-18T09:30:33.113+0000][7][gc,start    ] GC(75) Pause Remark
[2024-02-18T09:30:33.123+0000][7][gc          ] GC(75) Pause Remark 127M->127M(512M) 10.041ms
[2024-02-18T09:30:33.123+0000][7][gc,cpu      ] GC(75) User=0.03s Sys=0.00s Real=0.01s
[2024-02-18T09:30:33.123+0000][7][safepoint   ] Safepoint "G1PauseRemark", Time since last: 45197302 ns, Reaching safepoint: 25229 ns, Cleanup: 3687 ns, At safepoint: 10456858 ns, Total: 10485774 ns
[2024-02-18T09:30:33.123+0000][7][gc,marking  ] GC(75) Concurrent Mark 54.016ms
[2024-02-18T09:30:33.124+0000][7][gc,marking  ] GC(75) Concurrent Rebuild Remembered Sets and Scrub Regions
[2024-02-18T09:30:33.138+0000][7][gc,marking  ] GC(75) Concurrent Rebuild Remembered Sets and Scrub Regions 13.882ms
[2024-02-18T09:30:33.138+0000][7][gc,start    ] GC(75) Pause Cleanup
[2024-02-18T09:30:33.138+0000][7][gc          ] GC(75) Pause Cleanup 127M->127M(512M) 0.275ms
[2024-02-18T09:30:33.138+0000][7][gc,cpu      ] GC(75) User=0.00s Sys=0.00s Real=0.00s
[2024-02-18T09:30:33.138+0000][7][safepoint   ] Safepoint "G1PauseCleanup", Time since last: 14418255 ns, Reaching safepoint: 19257 ns, Cleanup: 11863 ns, At safepoint: 554973 ns, Total: 586093 ns
[2024-02-18T09:30:33.138+0000][7][gc,marking  ] GC(75) Concurrent Clear Claimed Marks
[2024-02-18T09:30:33.139+0000][7][gc,marking  ] GC(75) Concurrent Clear Claimed Marks 0.267ms
[2024-02-18T09:30:33.139+0000][7][gc,marking  ] GC(75) Concurrent Cleanup for Next Mark
[2024-02-18T09:30:33.139+0000][7][gc,marking  ] GC(75) Concurrent Cleanup for Next Mark 0.463ms
[2024-02-18T09:30:33.139+0000][7][gc          ] GC(75) Concurrent Mark Cycle 72.242ms
[2024-02-18T09:30:44.140+0000][7][safepoint   ] Safepoint "Cleanup", Time since last: 11001733318 ns, Reaching safepoint: 20910 ns, Cleanup: 22954 ns, At safepoint: 3566 ns, Total: 47430 ns
[2024-02-18T09:30:55.894+0000][7][safepoint   ] Safepoint "Cleanup", Time since last: 11754302766 ns, Reaching safepoint: 20749 ns, Cleanup: 15370 ns, At safepoint: 2695 ns, Total: 38814 ns
[2024-02-18T09:31:01.895+0000][7][safepoint   ] Safepoint "Cleanup", Time since last: 6000763320 ns, Reaching safepoint: 17584 ns, Cleanup: 9638 ns, At safepoint: 3256 ns, Total: 30478 ns
[2024-02-18T09:31:02.895+0000][7][safepoint   ] Safepoint "Cleanup", Time since last: 1000214068 ns, Reaching safepoint: 16692 ns, Cleanup: 10320 ns, At safepoint: 2806 ns, Total: 29818 ns
[2024-02-18T09:31:03.895+0000][7][safepoint   ] Safepoint "Cleanup", Time since last: 1000226141 ns, Reaching safepoint: 17694 ns, Cleanup: 11321 ns, At safepoint: 3096 ns, Total: 32111 ns
[2024-02-18T09:31:05.895+0000][7][safepoint   ] Safepoint "Cleanup", Time since last: 2000319428 ns, Reaching safepoint: 20740 ns, Cleanup: 14317 ns, At safepoint: 3086 ns, Total: 38143 ns
[2024-02-18T09:31:08.896+0000][7][safepoint   ] Safepoint "Cleanup", Time since last: 3000536862 ns, Reaching safepoint: 29246 ns, Cleanup: 17213 ns, At safepoint: 3046 ns, Total: 49505 ns
[2024-02-18T09:31:12.897+0000][7][safepoint   ] Safepoint "Cleanup", Time since last: 4000603673 ns, Reaching safepoint: 21511 ns, Cleanup: 27293 ns, At safepoint: 2955 ns, Total: 51759 ns
[2024-02-18T09:31:19.898+0000][7][safepoint   ] Safepoint "Cleanup", Time since last: 7000932242 ns, Reaching safepoint: 21070 ns, Cleanup: 14859 ns, At safepoint: 2825 ns, Total: 38754 ns
[2024-02-18T09:31:22.872+0000][7][gc,start    ] GC(76) Pause Young (Normal) (G1 Evacuation Pause)
[2024-02-18T09:31:22.872+0000][7][gc,task     ] GC(76) Using 12 workers of 13 for evacuation
[2024-02-18T09:31:22.872+0000][7][gc,age      ] GC(76) Desired survivor size 20971520 bytes, new threshold 15 (max threshold 15)
[2024-02-18T09:31:22.875+0000][7][gc,phases   ] GC(76)   Pre Evacuate Collection Set: 0.2ms
[2024-02-18T09:31:22.876+0000][7][gc,phases   ] GC(76)   Merge Heap Roots: 0.1ms
[2024-02-18T09:31:22.876+0000][7][gc,phases   ] GC(76)   Evacuate Collection Set: 2.2ms
[2024-02-18T09:31:22.876+0000][7][gc,phases   ] GC(76)   Post Evacuate Collection Set: 0.7ms
[2024-02-18T09:31:22.876+0000][7][gc,phases   ] GC(76)   Other: 0.4ms
[2024-02-18T09:31:22.876+0000][7][gc,age      ] GC(76) Age table with threshold 15 (max threshold 15)
[2024-02-18T09:31:22.876+0000][7][gc,age      ] GC(76) - age   1:    1996056 bytes,    1996056 total
[2024-02-18T09:31:22.877+0000][7][gc,age      ] GC(76) - age   2:      58448 bytes,    2054504 total
[2024-02-18T09:31:22.877+0000][7][gc,age      ] GC(76) - age   3:      58712 bytes,    2113216 total
[2024-02-18T09:31:22.877+0000][7][gc,age      ] GC(76) - age   4:       3848 bytes,    2117064 total
[2024-02-18T09:31:22.877+0000][7][gc,age      ] GC(76) - age   5:     105280 bytes,    2222344 total
[2024-02-18T09:31:22.877+0000][7][gc,age      ] GC(76) - age   6:     212856 bytes,    2435200 total
[2024-02-18T09:31:22.877+0000][7][gc,age      ] GC(76) - age   7:     134664 bytes,    2569864 total
[2024-02-18T09:31:22.877+0000][7][gc,age      ] GC(76) - age   8:       3864 bytes,    2573728 total
[2024-02-18T09:31:22.878+0000][7][gc,age      ] GC(76) - age   9:      74568 bytes,    2648296 total
[2024-02-18T09:31:22.878+0000][7][gc,age      ] GC(76) - age  10:      75240 bytes,    2723536 total
[2024-02-18T09:31:22.878+0000][7][gc,age      ] GC(76) - age  11:      73856 bytes,    2797392 total
[2024-02-18T09:31:22.878+0000][7][gc,age      ] GC(76) - age  12:      79624 bytes,    2877016 total
[2024-02-18T09:31:22.878+0000][7][gc,age      ] GC(76) - age  13:     326576 bytes,    3203592 total
[2024-02-18T09:31:22.878+0000][7][gc,age      ] GC(76) - age  14:      52584 bytes,    3256176 total
[2024-02-18T09:31:22.878+0000][7][gc,age      ] GC(76) - age  15:      25248 bytes,    3281424 total
[2024-02-18T09:31:22.879+0000][7][gc,heap     ] GC(76) Eden regions: 75->0(75)
[2024-02-18T09:31:22.879+0000][7][gc,heap     ] GC(76) Survivor regions: 1->1(10)
[2024-02-18T09:31:22.879+0000][7][gc,heap     ] GC(76) Old regions: 29->30
[2024-02-18T09:31:22.879+0000][7][gc,heap     ] GC(76) Humongous regions: 2->2
[2024-02-18T09:31:22.879+0000][7][gc,metaspace] GC(76) Metaspace: 121193K(124672K)->121193K(124672K) NonClass: 105301K(107008K)->105301K(107008K) Class: 15892K(17664K)->15892K(17664K)
[2024-02-18T09:31:22.879+0000][7][gc          ] GC(76) Pause Young (Normal) (G1 Evacuation Pause) 426M->127M(512M) 7.815ms
[2024-02-18T09:31:22.880+0000][7][gc,cpu      ] GC(76) User=0.02s Sys=0.00s Real=0.01s
[2024-02-18T09:31:22.880+0000][7][safepoint   ] Safepoint "G1CollectForAllocation", Time since last: 2973998353 ns, Reaching safepoint: 18706 ns, Cleanup: 15630 ns, At safepoint: 8382665 ns, Total: 8417001 ns
[2024-02-18T09:31:31.881+0000][7][safepoint   ] Safepoint "Cleanup", Time since last: 9001213937 ns, Reaching safepoint: 63652 ns, Cleanup: 19708 ns, At safepoint: 4038 ns, Total: 87398 ns
[2024-02-18T09:31:34.882+0000][7][safepoint   ] Safepoint "Cleanup", Time since last: 3000560677 ns, Reaching safepoint: 20800 ns, Cleanup: 19087 ns, At safepoint: 3496 ns, Total: 43383 ns
[2024-02-18T09:31:35.882+0000][7][safepoint   ] Safepoint "Cleanup", Time since last: 1000358345 ns, Reaching safepoint: 21231 ns, Cleanup: 13696 ns, At safepoint: 3747 ns, Total: 38674 ns
[2024-02-18T09:31:36.883+0000][7][safepoint   ] Safepoint "Cleanup", Time since last: 1000373043 ns, Reaching safepoint: 22002 ns, Cleanup: 13947 ns, At safepoint: 3456 ns, Total: 39405 ns
[2024-02-18T09:31:40.883+0000][7][safepoint   ] Safepoint "Cleanup", Time since last: 4000655131 ns, Reaching safepoint: 33525 ns, Cleanup: 16000 ns, At safepoint: 4679 ns, Total: 54204 ns
[2024-02-18T09:31:49.915+0000][7][safepoint   ] Safepoint "Cleanup", Time since last: 9031193934 ns, Reaching safepoint: 20880 ns, Cleanup: 13566 ns, At safepoint: 3106 ns, Total: 37552 ns
[2024-02-18T09:31:54.916+0000][7][safepoint   ] Safepoint "Cleanup", Time since last: 5000732202 ns, Reaching safepoint: 26270 ns, Cleanup: 21301 ns, At safepoint: 3907 ns, Total: 51478 ns
[2024-02-18T09:31:58.916+0000][7][safepoint   ] Safepoint "Cleanup", Time since last: 4000633285 ns, Reaching safepoint: 21190 ns, Cleanup: 17033 ns, At safepoint: 3086 ns, Total: 41309 ns
[2024-02-18T09:32:05.917+0000][7][safepoint   ] Safepoint "Cleanup", Time since last: 7000917273 ns, Reaching safepoint: 19768 ns, Cleanup: 13135 ns, At safepoint: 2986 ns, Total: 35889 ns
[2024-02-18T09:32:10.154+0000][7][gc,start    ] GC(77) Pause Young (Concurrent Start) (G1 Evacuation Pause)
[2024-02-18T09:32:10.154+0000][7][gc,task     ] GC(77) Using 12 workers of 13 for evacuation
[2024-02-18T09:32:10.154+0000][7][gc,age      ] GC(77) Desired survivor size 20971520 bytes, new threshold 15 (max threshold 15)
[2024-02-18T09:32:10.157+0000][7][gc,phases   ] GC(77)   Pre Evacuate Collection Set: 0.2ms
[2024-02-18T09:32:10.158+0000][7][gc,phases   ] GC(77)   Merge Heap Roots: 0.1ms
[2024-02-18T09:32:10.158+0000][7][gc,phases   ] GC(77)   Evacuate Collection Set: 2.4ms
[2024-02-18T09:32:10.158+0000][7][gc,phases   ] GC(77)   Post Evacuate Collection Set: 0.6ms
[2024-02-18T09:32:10.158+0000][7][gc,phases   ] GC(77)   Other: 0.3ms
[2024-02-18T09:32:10.158+0000][7][gc,age      ] GC(77) Age table with threshold 15 (max threshold 15)
[2024-02-18T09:32:10.158+0000][7][gc,age      ] GC(77) - age   1:    1916400 bytes,    1916400 total
[2024-02-18T09:32:10.158+0000][7][gc,age      ] GC(77) - age   2:     176392 bytes,    2092792 total
[2024-02-18T09:32:10.158+0000][7][gc,age      ] GC(77) - age   3:      48736 bytes,    2141528 total
[2024-02-18T09:32:10.158+0000][7][gc,age      ] GC(77) - age   4:      58248 bytes,    2199776 total
[2024-02-18T09:32:10.158+0000][7][gc,age      ] GC(77) - age   5:       3544 bytes,    2203320 total
[2024-02-18T09:32:10.159+0000][7][gc,age      ] GC(77) - age   6:      75912 bytes,    2279232 total
[2024-02-18T09:32:10.159+0000][7][gc,age      ] GC(77) - age   7:     136680 bytes,    2415912 total
[2024-02-18T09:32:10.159+0000][7][gc,age      ] GC(77) - age   8:      82440 bytes,    2498352 total
[2024-02-18T09:32:10.159+0000][7][gc,age      ] GC(77) - age   9:       3832 bytes,    2502184 total
[2024-02-18T09:32:10.159+0000][7][gc,age      ] GC(77) - age  10:      74344 bytes,    2576528 total
[2024-02-18T09:32:10.159+0000][7][gc,age      ] GC(77) - age  11:      74928 bytes,    2651456 total
[2024-02-18T09:32:10.159+0000][7][gc,age      ] GC(77) - age  12:      73632 bytes,    2725088 total
[2024-02-18T09:32:10.159+0000][7][gc,age      ] GC(77) - age  13:       4808 bytes,    2729896 total
[2024-02-18T09:32:10.159+0000][7][gc,age      ] GC(77) - age  14:     326576 bytes,    3056472 total
[2024-02-18T09:32:10.160+0000][7][gc,age      ] GC(77) - age  15:      52552 bytes,    3109024 total
[2024-02-18T09:32:10.160+0000][7][gc,heap     ] GC(77) Eden regions: 75->0(75)
[2024-02-18T09:32:10.160+0000][7][gc,heap     ] GC(77) Survivor regions: 1->1(10)
[2024-02-18T09:32:10.160+0000][7][gc,heap     ] GC(77) Old regions: 30->30
[2024-02-18T09:32:10.160+0000][7][gc,heap     ] GC(77) Humongous regions: 2->2
[2024-02-18T09:32:10.160+0000][7][gc,metaspace] GC(77) Metaspace: 121220K(124736K)->121220K(124736K) NonClass: 105328K(107072K)->105328K(107072K) Class: 15892K(17664K)->15892K(17664K)
[2024-02-18T09:32:10.160+0000][7][gc          ] GC(77) Pause Young (Concurrent Start) (G1 Evacuation Pause) 427M->127M(512M) 6.343ms
[2024-02-18T09:32:10.160+0000][7][gc          ] GC(78) Concurrent Mark Cycle
[2024-02-18T09:32:10.160+0000][7][gc,marking  ] GC(78) Concurrent Scan Root Regions
[2024-02-18T09:32:10.160+0000][7][gc,cpu      ] GC(77) User=0.00s Sys=0.02s Real=0.01s
[2024-02-18T09:32:10.160+0000][7][safepoint   ] Safepoint "G1CollectForAllocation", Time since last: 4236304037 ns, Reaching safepoint: 17564 ns, Cleanup: 4148 ns, At safepoint: 6805534 ns, Total: 6827246 ns
[2024-02-18T09:32:10.162+0000][7][gc,marking  ] GC(78) Concurrent Scan Root Regions 1.747ms
[2024-02-18T09:32:10.162+0000][7][gc,marking  ] GC(78) Concurrent Mark
[2024-02-18T09:32:10.162+0000][7][gc,marking  ] GC(78) Concurrent Mark From Roots
[2024-02-18T09:32:10.162+0000][7][gc,task     ] GC(78) Using 3 workers of 3 for marking
[2024-02-18T09:32:10.196+0000][7][gc,marking  ] GC(78) Concurrent Mark From Roots 33.459ms
[2024-02-18T09:32:10.196+0000][7][gc,marking  ] GC(78) Concurrent Preclean
[2024-02-18T09:32:10.196+0000][7][gc,marking  ] GC(78) Concurrent Preclean 0.500ms
[2024-02-18T09:32:10.197+0000][7][gc,start    ] GC(78) Pause Remark
[2024-02-18T09:32:10.201+0000][7][gc          ] GC(78) Pause Remark 128M->128M(512M) 3.977ms
[2024-02-18T09:32:10.201+0000][7][gc,cpu      ] GC(78) User=0.02s Sys=0.00s Real=0.00s
[2024-02-18T09:32:10.201+0000][7][safepoint   ] Safepoint "G1PauseRemark", Time since last: 36055021 ns, Reaching safepoint: 16422 ns, Cleanup: 2575 ns, At safepoint: 4400553 ns, Total: 4419550 ns
[2024-02-18T09:32:10.201+0000][7][gc,marking  ] GC(78) Concurrent Mark 39.075ms
[2024-02-18T09:32:10.201+0000][7][gc,marking  ] GC(78) Concurrent Rebuild Remembered Sets and Scrub Regions
[2024-02-18T09:32:10.214+0000][7][gc,marking  ] GC(78) Concurrent Rebuild Remembered Sets and Scrub Regions 12.659ms
[2024-02-18T09:32:10.214+0000][7][gc,start    ] GC(78) Pause Cleanup
[2024-02-18T09:32:10.215+0000][7][gc          ] GC(78) Pause Cleanup 132M->132M(512M) 0.275ms
[2024-02-18T09:32:10.215+0000][7][gc,cpu      ] GC(78) User=0.00s Sys=0.00s Real=0.00s
[2024-02-18T09:32:10.215+0000][7][safepoint   ] Safepoint "G1PauseCleanup", Time since last: 13372032 ns, Reaching safepoint: 13385 ns, Cleanup: 3617 ns, At safepoint: 590251 ns, Total: 607253 ns
[2024-02-18T09:32:10.215+0000][7][gc,marking  ] GC(78) Concurrent Clear Claimed Marks
[2024-02-18T09:32:10.215+0000][7][gc,marking  ] GC(78) Concurrent Clear Claimed Marks 0.293ms
[2024-02-18T09:32:10.215+0000][7][gc,marking  ] GC(78) Concurrent Cleanup for Next Mark
[2024-02-18T09:32:10.216+0000][7][gc,marking  ] GC(78) Concurrent Cleanup for Next Mark 0.471ms
[2024-02-18T09:32:10.216+0000][7][gc          ] GC(78) Concurrent Mark Cycle 55.878ms
[2024-02-18T09:32:34.217+0000][7][safepoint   ] Safepoint "Cleanup", Time since last: 24002135798 ns, Reaching safepoint: 21000 ns, Cleanup: 14548 ns, At safepoint: 3617 ns, Total: 39165 ns
[2024-02-18T09:32:37.218+0000][7][safepoint   ] Safepoint "Cleanup", Time since last: 3001197998 ns, Reaching safepoint: 19447 ns, Cleanup: 13857 ns, At safepoint: 3306 ns, Total: 36610 ns
[2024-02-18T09:32:38.219+0000][7][safepoint   ] Safepoint "Cleanup", Time since last: 1000362773 ns, Reaching safepoint: 21161 ns, Cleanup: 14357 ns, At safepoint: 3537 ns, Total: 39055 ns
[2024-02-18T09:32:49.937+0000][7][safepoint   ] Safepoint "Cleanup", Time since last: 11717971795 ns, Reaching safepoint: 21311 ns, Cleanup: 14267 ns, At safepoint: 3216 ns, Total: 38794 ns
[2024-02-18T09:32:55.937+0000][7][safepoint   ] Safepoint "Cleanup", Time since last: 6000809459 ns, Reaching safepoint: 19417 ns, Cleanup: 14348 ns, At safepoint: 3256 ns, Total: 37021 ns
[2024-02-18T09:32:58.938+0000][7][safepoint   ] Safepoint "Cleanup", Time since last: 3000509620 ns, Reaching safepoint: 23325 ns, Cleanup: 12784 ns, At safepoint: 2946 ns, Total: 39055 ns
[2024-02-18T09:33:00.938+0000][7][safepoint   ] Safepoint "Cleanup", Time since last: 2000387122 ns, Reaching safepoint: 20139 ns, Cleanup: 15850 ns, At safepoint: 2825 ns, Total: 38814 ns
[2024-02-18T09:33:01.939+0000][7][safepoint   ] Safepoint "Cleanup", Time since last: 1000359126 ns, Reaching safepoint: 20950 ns, Cleanup: 19037 ns, At safepoint: 3196 ns, Total: 43183 ns
[2024-02-18T09:33:05.939+0000][7][safepoint   ] Safepoint "Cleanup", Time since last: 4000576576 ns, Reaching safepoint: 20850 ns, Cleanup: 17123 ns, At safepoint: 3366 ns, Total: 41339 ns
[2024-02-18T09:33:10.154+0000][7][gc,start    ] GC(79) Pause Young (Prepare Mixed) (G1 Evacuation Pause)
[2024-02-18T09:33:10.155+0000][7][gc,task     ] GC(79) Using 12 workers of 13 for evacuation
[2024-02-18T09:33:10.155+0000][7][gc,age      ] GC(79) Desired survivor size 20971520 bytes, new threshold 15 (max threshold 15)
[2024-02-18T09:33:10.158+0000][7][gc,phases   ] GC(79)   Pre Evacuate Collection Set: 0.2ms
[2024-02-18T09:33:10.159+0000][7][gc,phases   ] GC(79)   Merge Heap Roots: 0.1ms
[2024-02-18T09:33:10.159+0000][7][gc,phases   ] GC(79)   Evacuate Collection Set: 2.6ms
[2024-02-18T09:33:10.159+0000][7][gc,phases   ] GC(79)   Post Evacuate Collection Set: 0.6ms
[2024-02-18T09:33:10.159+0000][7][gc,phases   ] GC(79)   Other: 0.3ms
[2024-02-18T09:33:10.159+0000][7][gc,age      ] GC(79) Age table with threshold 15 (max threshold 15)
[2024-02-18T09:33:10.159+0000][7][gc,age      ] GC(79) - age   1:    4394800 bytes,    4394800 total
[2024-02-18T09:33:10.159+0000][7][gc,age      ] GC(79) - age   2:     626840 bytes,    5021640 total
[2024-02-18T09:33:10.159+0000][7][gc,age      ] GC(79) - age   3:     170536 bytes,    5192176 total
[2024-02-18T09:33:10.159+0000][7][gc,age      ] GC(79) - age   4:      48320 bytes,    5240496 total
[2024-02-18T09:33:10.160+0000][7][gc,age      ] GC(79) - age   5:      57792 bytes,    5298288 total
[2024-02-18T09:33:10.160+0000][7][gc,age      ] GC(79) - age   6:       3512 bytes,    5301800 total
[2024-02-18T09:33:10.160+0000][7][gc,age      ] GC(79) - age   7:      75784 bytes,    5377584 total
[2024-02-18T09:33:10.160+0000][7][gc,age      ] GC(79) - age   8:     136488 bytes,    5514072 total
[2024-02-18T09:33:10.160+0000][7][gc,age      ] GC(79) - age   9:      82408 bytes,    5596480 total
[2024-02-18T09:33:10.160+0000][7][gc,age      ] GC(79) - age  10:       3832 bytes,    5600312 total
[2024-02-18T09:33:10.160+0000][7][gc,age      ] GC(79) - age  11:      74280 bytes,    5674592 total
[2024-02-18T09:33:10.160+0000][7][gc,age      ] GC(79) - age  12:      72120 bytes,    5746712 total
[2024-02-18T09:33:10.160+0000][7][gc,age      ] GC(79) - age  13:      71568 bytes,    5818280 total
[2024-02-18T09:33:10.161+0000][7][gc,age      ] GC(79) - age  14:       4712 bytes,    5822992 total
[2024-02-18T09:33:10.161+0000][7][gc,age      ] GC(79) - age  15:     326544 bytes,    6149536 total
[2024-02-18T09:33:10.161+0000][7][gc,heap     ] GC(79) Eden regions: 75->0(74)
[2024-02-18T09:33:10.161+0000][7][gc,heap     ] GC(79) Survivor regions: 1->2(10)
[2024-02-18T09:33:10.161+0000][7][gc,heap     ] GC(79) Old regions: 30->30
[2024-02-18T09:33:10.161+0000][7][gc,heap     ] GC(79) Humongous regions: 2->2
[2024-02-18T09:33:10.161+0000][7][gc,metaspace] GC(79) Metaspace: 121233K(124736K)->121233K(124736K) NonClass: 105340K(107072K)->105340K(107072K) Class: 15892K(17664K)->15892K(17664K)
[2024-02-18T09:33:10.161+0000][7][gc          ] GC(79) Pause Young (Prepare Mixed) (G1 Evacuation Pause) 427M->130M(512M) 6.978ms
[2024-02-18T09:33:10.161+0000][7][gc,cpu      ] GC(79) User=0.02s Sys=0.00s Real=0.01s
[2024-02-18T09:33:10.162+0000][7][safepoint   ] Safepoint "G1CollectForAllocation", Time since last: 4214912928 ns, Reaching safepoint: 22543 ns, Cleanup: 4609 ns, At safepoint: 7314258 ns, Total: 7341410 ns
[2024-02-18T09:33:18.177+0000][7][safepoint   ] Safepoint "Cleanup", Time since last: 8015052645 ns, Reaching safepoint: 19858 ns, Cleanup: 13636 ns, At safepoint: 3176 ns, Total: 36670 ns
[2024-02-18T09:33:23.177+0000][7][safepoint   ] Safepoint "Cleanup", Time since last: 5000727674 ns, Reaching safepoint: 19166 ns, Cleanup: 12955 ns, At safepoint: 2846 ns, Total: 34967 ns
[2024-02-18T09:33:35.179+0000][7][safepoint   ] Safepoint "Cleanup", Time since last: 12001294364 ns, Reaching safepoint: 36550 ns, Cleanup: 12594 ns, At safepoint: 3126 ns, Total: 52270 ns
[2024-02-18T09:33:36.179+0000][7][safepoint   ] Safepoint "Cleanup", Time since last: 1000323197 ns, Reaching safepoint: 19007 ns, Cleanup: 20078 ns, At safepoint: 3056 ns, Total: 42141 ns
[2024-02-18T09:33:43.180+0000][7][safepoint   ] Safepoint "Cleanup", Time since last: 7000988470 ns, Reaching safepoint: 17464 ns, Cleanup: 9247 ns, At safepoint: 3186 ns, Total: 29897 ns
[2024-02-18T09:33:46.958+0000][7][safepoint   ] Safepoint "Cleanup", Time since last: 3777881081 ns, Reaching safepoint: 19798 ns, Cleanup: 16061 ns, At safepoint: 3226 ns, Total: 39085 ns
[2024-02-18T09:33:49.959+0000][7][safepoint   ] Safepoint "Cleanup", Time since last: 3000590986 ns, Reaching safepoint: 20349 ns, Cleanup: 16792 ns, At safepoint: 4138 ns, Total: 41279 ns
[2024-02-18T09:33:55.959+0000][7][safepoint   ] Safepoint "Cleanup", Time since last: 6000869988 ns, Reaching safepoint: 17203 ns, Cleanup: 12374 ns, At safepoint: 11041 ns, Total: 40618 ns
[2024-02-18T09:34:05.960+0000][7][safepoint   ] Safepoint "Cleanup", Time since last: 10001037477 ns, Reaching safepoint: 21541 ns, Cleanup: 31481 ns, At safepoint: 3657 ns, Total: 56679 ns
[2024-02-18T09:34:10.095+0000][7][gc,start    ] GC(80) Pause Young (Mixed) (G1 Evacuation Pause)
[2024-02-18T09:34:10.095+0000][7][gc,task     ] GC(80) Using 12 workers of 13 for evacuation
[2024-02-18T09:34:10.095+0000][7][gc,age      ] GC(80) Desired survivor size 20971520 bytes, new threshold 15 (max threshold 15)
[2024-02-18T09:34:10.102+0000][7][gc,phases   ] GC(80)   Pre Evacuate Collection Set: 0.2ms
[2024-02-18T09:34:10.102+0000][7][gc,phases   ] GC(80)   Merge Heap Roots: 0.1ms
[2024-02-18T09:34:10.102+0000][7][gc,phases   ] GC(80)   Evacuate Collection Set: 5.2ms
[2024-02-18T09:34:10.102+0000][7][gc,phases   ] GC(80)   Post Evacuate Collection Set: 0.7ms
[2024-02-18T09:34:10.102+0000][7][gc,phases   ] GC(80)   Other: 0.3ms
[2024-02-18T09:34:10.102+0000][7][gc,age      ] GC(80) Age table with threshold 15 (max threshold 15)
[2024-02-18T09:34:10.103+0000][7][gc,age      ] GC(80) - age   1:    1794168 bytes,    1794168 total
[2024-02-18T09:34:10.103+0000][7][gc,age      ] GC(80) - age   2:    3723616 bytes,    5517784 total
[2024-02-18T09:34:10.103+0000][7][gc,age      ] GC(80) - age   3:     624472 bytes,    6142256 total
[2024-02-18T09:34:10.103+0000][7][gc,age      ] GC(80) - age   4:     168648 bytes,    6310904 total
[2024-02-18T09:34:10.103+0000][7][gc,age      ] GC(80) - age   5:      48320 bytes,    6359224 total
[2024-02-18T09:34:10.103+0000][7][gc,age      ] GC(80) - age   6:      57792 bytes,    6417016 total
[2024-02-18T09:34:10.103+0000][7][gc,age      ] GC(80) - age   7:       3384 bytes,    6420400 total
[2024-02-18T09:34:10.103+0000][7][gc,age      ] GC(80) - age   8:      75768 bytes,    6496168 total
[2024-02-18T09:34:10.103+0000][7][gc,age      ] GC(80) - age   9:     120240 bytes,    6616408 total
[2024-02-18T09:34:10.104+0000][7][gc,age      ] GC(80) - age  10:      82328 bytes,    6698736 total
[2024-02-18T09:34:10.104+0000][7][gc,age      ] GC(80) - age  11:       3832 bytes,    6702568 total
[2024-02-18T09:34:10.104+0000][7][gc,age      ] GC(80) - age  12:      74280 bytes,    6776848 total
[2024-02-18T09:34:10.104+0000][7][gc,age      ] GC(80) - age  13:      71992 bytes,    6848840 total
[2024-02-18T09:34:10.104+0000][7][gc,age      ] GC(80) - age  14:      44336 bytes,    6893176 total
[2024-02-18T09:34:10.104+0000][7][gc,age      ] GC(80) - age  15:       4712 bytes,    6897888 total
[2024-02-18T09:34:10.104+0000][7][gc,heap     ] GC(80) Eden regions: 74->0(74)
[2024-02-18T09:34:10.104+0000][7][gc,heap     ] GC(80) Survivor regions: 2->2(10)
[2024-02-18T09:34:10.104+0000][7][gc,heap     ] GC(80) Old regions: 30->29
[2024-02-18T09:34:10.104+0000][7][gc,heap     ] GC(80) Humongous regions: 2->2
[2024-02-18T09:34:10.105+0000][7][gc,metaspace] GC(80) Metaspace: 121269K(124736K)->121269K(124736K) NonClass: 105377K(107072K)->105377K(107072K) Class: 15892K(17664K)->15892K(17664K)
[2024-02-18T09:34:10.105+0000][7][gc          ] GC(80) Pause Young (Mixed) (G1 Evacuation Pause) 426M->130M(512M) 9.508ms
[2024-02-18T09:34:10.105+0000][7][gc,cpu      ] GC(80) User=0.03s Sys=0.00s Real=0.01s
[2024-02-18T09:34:10.105+0000][7][safepoint   ] Safepoint "G1CollectForAllocation", Time since last: 4135055380 ns, Reaching safepoint: 17864 ns, Cleanup: 3978 ns, At safepoint: 9767291 ns, Total: 9789133 ns
[2024-02-18T09:34:11.115+0000][7][safepoint   ] Safepoint "Cleanup", Time since last: 1010567338 ns, Reaching safepoint: 18826 ns, Cleanup: 12915 ns, At safepoint: 3246 ns, Total: 34987 ns
[2024-02-18T09:34:15.116+0000][7][safepoint   ] Safepoint "Cleanup", Time since last: 4000682219 ns, Reaching safepoint: 36149 ns, Cleanup: 23666 ns, At safepoint: 3617 ns, Total: 63432 ns
[2024-02-18T09:34:20.117+0000][7][safepoint   ] Safepoint "Cleanup", Time since last: 5000872831 ns, Reaching safepoint: 18656 ns, Cleanup: 11963 ns, At safepoint: 3637 ns, Total: 34256 ns
[2024-02-18T09:34:26.119+0000][7][safepoint   ] Safepoint "Cleanup", Time since last: 6000799780 ns, Reaching safepoint: 33214 ns, Cleanup: 19587 ns, At safepoint: 4329 ns, Total: 57130 ns
[2024-02-18T09:34:28.120+0000][7][safepoint   ] Safepoint "Cleanup", Time since last: 2000967038 ns, Reaching safepoint: 18135 ns, Cleanup: 14918 ns, At safepoint: 4629 ns, Total: 37682 ns
[2024-02-18T09:34:36.121+0000][7][safepoint   ] Safepoint "Cleanup", Time since last: 8001052159 ns, Reaching safepoint: 39416 ns, Cleanup: 11592 ns, At safepoint: 2876 ns, Total: 53884 ns
[2024-02-18T09:35:05.984+0000][7][safepoint   ] Safepoint "Cleanup", Time since last: 29863341334 ns, Reaching safepoint: 46920 ns, Cleanup: 31811 ns, At safepoint: 7164 ns, Total: 85895 ns
[2024-02-18T09:35:10.289+0000][7][gc,start    ] GC(81) Pause Young (Concurrent Start) (G1 Evacuation Pause)
[2024-02-18T09:35:10.289+0000][7][gc,task     ] GC(81) Using 12 workers of 13 for evacuation
[2024-02-18T09:35:10.290+0000][7][gc,age      ] GC(81) Desired survivor size 20971520 bytes, new threshold 15 (max threshold 15)
[2024-02-18T09:35:10.294+0000][7][gc,phases   ] GC(81)   Pre Evacuate Collection Set: 0.2ms
[2024-02-18T09:35:10.294+0000][7][gc,phases   ] GC(81)   Merge Heap Roots: 0.1ms
[2024-02-18T09:35:10.294+0000][7][gc,phases   ] GC(81)   Evacuate Collection Set: 2.9ms
[2024-02-18T09:35:10.294+0000][7][gc,phases   ] GC(81)   Post Evacuate Collection Set: 0.7ms
[2024-02-18T09:35:10.294+0000][7][gc,phases   ] GC(81)   Other: 0.3ms
[2024-02-18T09:35:10.294+0000][7][gc,age      ] GC(81) Age table with threshold 15 (max threshold 15)
[2024-02-18T09:35:10.294+0000][7][gc,age      ] GC(81) - age   1:    1296216 bytes,    1296216 total
[2024-02-18T09:35:10.294+0000][7][gc,age      ] GC(81) - age   2:      60040 bytes,    1356256 total
[2024-02-18T09:35:10.295+0000][7][gc,age      ] GC(81) - age   3:    3717600 bytes,    5073856 total
[2024-02-18T09:35:10.295+0000][7][gc,age      ] GC(81) - age   4:     624056 bytes,    5697912 total
[2024-02-18T09:35:10.295+0000][7][gc,age      ] GC(81) - age   5:     168232 bytes,    5866144 total
[2024-02-18T09:35:10.295+0000][7][gc,age      ] GC(81) - age   6:      48224 bytes,    5914368 total
[2024-02-18T09:35:10.295+0000][7][gc,age      ] GC(81) - age   7:      57792 bytes,    5972160 total
[2024-02-18T09:35:10.295+0000][7][gc,age      ] GC(81) - age   8:       3352 bytes,    5975512 total
[2024-02-18T09:35:10.295+0000][7][gc,age      ] GC(81) - age   9:      75704 bytes,    6051216 total
[2024-02-18T09:35:10.295+0000][7][gc,age      ] GC(81) - age  10:     120208 bytes,    6171424 total
[2024-02-18T09:35:10.295+0000][7][gc,age      ] GC(81) - age  11:      82296 bytes,    6253720 total
[2024-02-18T09:35:10.295+0000][7][gc,age      ] GC(81) - age  12:       3832 bytes,    6257552 total
[2024-02-18T09:35:10.296+0000][7][gc,age      ] GC(81) - age  13:      74280 bytes,    6331832 total
[2024-02-18T09:35:10.296+0000][7][gc,age      ] GC(81) - age  14:      71992 bytes,    6403824 total
[2024-02-18T09:35:10.296+0000][7][gc,age      ] GC(81) - age  15:      44336 bytes,    6448160 total
[2024-02-18T09:35:10.296+0000][7][gc,heap     ] GC(81) Eden regions: 74->0(74)
[2024-02-18T09:35:10.296+0000][7][gc,heap     ] GC(81) Survivor regions: 2->2(10)
[2024-02-18T09:35:10.296+0000][7][gc,heap     ] GC(81) Old regions: 29->29
[2024-02-18T09:35:10.296+0000][7][gc,heap     ] GC(81) Humongous regions: 2->2
[2024-02-18T09:35:10.296+0000][7][gc,metaspace] GC(81) Metaspace: 121318K(124800K)->121318K(124800K) NonClass: 105426K(107136K)->105426K(107136K) Class: 15892K(17664K)->15892K(17664K)
[2024-02-18T09:35:10.297+0000][7][gc          ] GC(81) Pause Young (Concurrent Start) (G1 Evacuation Pause) 426M->130M(512M) 7.385ms
[2024-02-18T09:35:10.297+0000][7][gc          ] GC(82) Concurrent Mark Cycle
[2024-02-18T09:35:10.297+0000][7][gc,marking  ] GC(82) Concurrent Scan Root Regions
[2024-02-18T09:35:10.297+0000][7][gc,cpu      ] GC(81) User=0.01s Sys=0.00s Real=0.01s
[2024-02-18T09:35:10.297+0000][7][safepoint   ] Safepoint "G1CollectForAllocation", Time since last: 4304917965 ns, Reaching safepoint: 16632 ns, Cleanup: 3957 ns, At safepoint: 8031082 ns, Total: 8051671 ns
[2024-02-18T09:35:10.298+0000][7][gc,marking  ] GC(82) Concurrent Scan Root Regions 1.495ms
[2024-02-18T09:35:10.316+0000][7][gc,marking  ] GC(82) Concurrent Mark
[2024-02-18T09:35:10.316+0000][7][gc,marking  ] GC(82) Concurrent Mark From Roots
[2024-02-18T09:35:10.317+0000][7][gc,task     ] GC(82) Using 3 workers of 3 for marking
[2024-02-18T09:35:10.353+0000][7][gc,marking  ] GC(82) Concurrent Mark From Roots 37.038ms
[2024-02-18T09:35:10.354+0000][7][gc,marking  ] GC(82) Concurrent Preclean
[2024-02-18T09:35:10.354+0000][7][gc,marking  ] GC(82) Concurrent Preclean 0.540ms
[2024-02-18T09:35:10.354+0000][7][gc,start    ] GC(82) Pause Remark
[2024-02-18T09:35:10.360+0000][7][gc          ] GC(82) Pause Remark 131M->131M(512M) 5.144ms
[2024-02-18T09:35:10.360+0000][7][gc,cpu      ] GC(82) User=0.03s Sys=0.00s Real=0.01s
[2024-02-18T09:35:10.360+0000][7][safepoint   ] Safepoint "G1PauseRemark", Time since last: 57151714 ns, Reaching safepoint: 17403 ns, Cleanup: 3417 ns, At safepoint: 5565860 ns, Total: 5586680 ns
[2024-02-18T09:35:10.360+0000][7][gc,marking  ] GC(82) Concurrent Mark 43.839ms
[2024-02-18T09:35:10.360+0000][7][gc,marking  ] GC(82) Concurrent Rebuild Remembered Sets and Scrub Regions
[2024-02-18T09:35:10.376+0000][7][gc,marking  ] GC(82) Concurrent Rebuild Remembered Sets and Scrub Regions 15.734ms
[2024-02-18T09:35:10.376+0000][7][gc,start    ] GC(82) Pause Cleanup
[2024-02-18T09:35:10.377+0000][7][gc          ] GC(82) Pause Cleanup 131M->131M(512M) 0.341ms
[2024-02-18T09:35:10.377+0000][7][gc,cpu      ] GC(82) User=0.00s Sys=0.00s Real=0.00s
[2024-02-18T09:35:10.377+0000][7][safepoint   ] Safepoint "G1PauseCleanup", Time since last: 16289770 ns, Reaching safepoint: 15169 ns, Cleanup: 4418 ns, At safepoint: 718465 ns, Total: 738052 ns
[2024-02-18T09:35:10.377+0000][7][gc,marking  ] GC(82) Concurrent Clear Claimed Marks
[2024-02-18T09:35:10.377+0000][7][gc,marking  ] GC(82) Concurrent Clear Claimed Marks 0.306ms
[2024-02-18T09:35:10.378+0000][7][gc,marking  ] GC(82) Concurrent Cleanup for Next Mark
[2024-02-18T09:35:10.378+0000][7][gc,marking  ] GC(82) Concurrent Cleanup for Next Mark 0.458ms
[2024-02-18T09:35:10.378+0000][7][gc          ] GC(82) Concurrent Mark Cycle 81.394ms
[2024-02-18T09:35:15.378+0000][7][safepoint   ] Safepoint "Cleanup", Time since last: 5000565735 ns, Reaching safepoint: 20319 ns, Cleanup: 16141 ns, At safepoint: 3386 ns, Total: 39846 ns
[2024-02-18T09:35:25.379+0000][7][safepoint   ] Safepoint "Cleanup", Time since last: 10001129352 ns, Reaching safepoint: 19478 ns, Cleanup: 14167 ns, At safepoint: 3226 ns, Total: 36871 ns
[2024-02-18T09:35:33.380+0000][7][safepoint   ] Safepoint "Cleanup", Time since last: 8000873798 ns, Reaching safepoint: 54495 ns, Cleanup: 15449 ns, At safepoint: 2846 ns, Total: 72790 ns
[2024-02-18T09:36:10.265+0000][7][gc,start    ] GC(83) Pause Young (Normal) (G1 Evacuation Pause)
[2024-02-18T09:36:10.265+0000][7][gc,task     ] GC(83) Using 12 workers of 13 for evacuation
[2024-02-18T09:36:10.265+0000][7][gc,age      ] GC(83) Desired survivor size 20971520 bytes, new threshold 15 (max threshold 15)
[2024-02-18T09:36:10.269+0000][7][gc,phases   ] GC(83)   Pre Evacuate Collection Set: 0.2ms
[2024-02-18T09:36:10.269+0000][7][gc,phases   ] GC(83)   Merge Heap Roots: 0.1ms
[2024-02-18T09:36:10.269+0000][7][gc,phases   ] GC(83)   Evacuate Collection Set: 2.4ms
[2024-02-18T09:36:10.269+0000][7][gc,phases   ] GC(83)   Post Evacuate Collection Set: 0.6ms
[2024-02-18T09:36:10.269+0000][7][gc,phases   ] GC(83)   Other: 0.3ms
[2024-02-18T09:36:10.269+0000][7][gc,age      ] GC(83) Age table with threshold 15 (max threshold 15)
[2024-02-18T09:36:10.269+0000][7][gc,age      ] GC(83) - age   1:    2312064 bytes,    2312064 total
[2024-02-18T09:36:10.269+0000][7][gc,age      ] GC(83) - age   2:      50456 bytes,    2362520 total
[2024-02-18T09:36:10.269+0000][7][gc,age      ] GC(83) - age   3:      30000 bytes,    2392520 total
[2024-02-18T09:36:10.270+0000][7][gc,age      ] GC(83) - age   4:    3684280 bytes,    6076800 total
[2024-02-18T09:36:10.270+0000][7][gc,age      ] GC(83) - age   5:     480632 bytes,    6557432 total
[2024-02-18T09:36:10.270+0000][7][gc,age      ] GC(83) - age   6:     168136 bytes,    6725568 total
[2024-02-18T09:36:10.270+0000][7][gc,age      ] GC(83) - age   7:      48224 bytes,    6773792 total
[2024-02-18T09:36:10.270+0000][7][gc,age      ] GC(83) - age   8:      57792 bytes,    6831584 total
[2024-02-18T09:36:10.270+0000][7][gc,age      ] GC(83) - age   9:       3352 bytes,    6834936 total
[2024-02-18T09:36:10.270+0000][7][gc,age      ] GC(83) - age  10:      75640 bytes,    6910576 total
[2024-02-18T09:36:10.270+0000][7][gc,age      ] GC(83) - age  11:     120176 bytes,    7030752 total
[2024-02-18T09:36:10.271+0000][7][gc,age      ] GC(83) - age  12:      82296 bytes,    7113048 total
[2024-02-18T09:36:10.271+0000][7][gc,age      ] GC(83) - age  13:       3832 bytes,    7116880 total
[2024-02-18T09:36:10.271+0000][7][gc,age      ] GC(83) - age  14:      71312 bytes,    7188192 total
[2024-02-18T09:36:10.271+0000][7][gc,age      ] GC(83) - age  15:      71992 bytes,    7260184 total
[2024-02-18T09:36:10.271+0000][7][gc,heap     ] GC(83) Eden regions: 74->0(74)
[2024-02-18T09:36:10.271+0000][7][gc,heap     ] GC(83) Survivor regions: 2->2(10)
[2024-02-18T09:36:10.271+0000][7][gc,heap     ] GC(83) Old regions: 29->29
[2024-02-18T09:36:10.271+0000][7][gc,heap     ] GC(83) Humongous regions: 2->2
[2024-02-18T09:36:10.271+0000][7][gc,metaspace] GC(83) Metaspace: 121349K(124800K)->121349K(124800K) NonClass: 105456K(107136K)->105456K(107136K) Class: 15892K(17664K)->15892K(17664K)
[2024-02-18T09:36:10.271+0000][7][gc          ] GC(83) Pause Young (Normal) (G1 Evacuation Pause) 426M->131M(512M) 6.726ms
[2024-02-18T09:36:10.271+0000][7][gc,cpu      ] GC(83) User=0.03s Sys=0.00s Real=0.01s
[2024-02-18T09:36:10.272+0000][7][safepoint   ] Safepoint "G1CollectForAllocation", Time since last: 36884933438 ns, Reaching safepoint: 18295 ns, Cleanup: 9358 ns, At safepoint: 7009926 ns, Total: 7037579 ns
[2024-02-18T09:36:11.272+0000][7][safepoint   ] Safepoint "Cleanup", Time since last: 1000190082 ns, Reaching safepoint: 20369 ns, Cleanup: 12885 ns, At safepoint: 3196 ns, Total: 36450 ns
[2024-02-18T09:36:13.272+0000][7][safepoint   ] Safepoint "Cleanup", Time since last: 2000437322 ns, Reaching safepoint: 19938 ns, Cleanup: 12484 ns, At safepoint: 2946 ns, Total: 35368 ns
[2024-02-18T09:36:16.273+0000][7][safepoint   ] Safepoint "Cleanup", Time since last: 3000518703 ns, Reaching safepoint: 18175 ns, Cleanup: 9068 ns, At safepoint: 3216 ns, Total: 30459 ns
[2024-02-18T09:36:27.274+0000][7][safepoint   ] Safepoint "Cleanup", Time since last: 11001292343 ns, Reaching safepoint: 20950 ns, Cleanup: 13275 ns, At safepoint: 3868 ns, Total: 38093 ns
[2024-02-18T09:36:33.275+0000][7][safepoint   ] Safepoint "Cleanup", Time since last: 6000787696 ns, Reaching safepoint: 64183 ns, Cleanup: 14718 ns, At safepoint: 3698 ns, Total: 82599 ns
[2024-02-18T09:36:36.276+0000][7][safepoint   ] Safepoint "Cleanup", Time since last: 3000526101 ns, Reaching safepoint: 20169 ns, Cleanup: 14367 ns, At safepoint: 3617 ns, Total: 38153 ns
[2024-02-18T09:36:37.276+0000][7][safepoint   ] Safepoint "Cleanup", Time since last: 1000408791 ns, Reaching safepoint: 18786 ns, Cleanup: 12855 ns, At safepoint: 3116 ns, Total: 34757 ns
[2024-02-18T09:36:50.027+0000][7][safepoint   ] Safepoint "Cleanup", Time since last: 12750380736 ns, Reaching safepoint: 20660 ns, Cleanup: 14948 ns, At safepoint: 3918 ns, Total: 39526 ns
[2024-02-18T09:36:56.027+0000][7][safepoint   ] Safepoint "Cleanup", Time since last: 6000789294 ns, Reaching safepoint: 17233 ns, Cleanup: 9468 ns, At safepoint: 2715 ns, Total: 29416 ns
[2024-02-18T09:37:02.028+0000][7][safepoint   ] Safepoint "Cleanup", Time since last: 6000773440 ns, Reaching safepoint: 41299 ns, Cleanup: 19006 ns, At safepoint: 5301 ns, Total: 65606 ns
[2024-02-18T09:37:04.029+0000][7][safepoint   ] Safepoint "Cleanup", Time since last: 2000432935 ns, Reaching safepoint: 19026 ns, Cleanup: 13586 ns, At safepoint: 3577 ns, Total: 36189 ns
[2024-02-18T09:37:07.099+0000][7][gc,start    ] GC(84) Pause Young (Concurrent Start) (G1 Evacuation Pause)
[2024-02-18T09:37:07.099+0000][7][gc,task     ] GC(84) Using 12 workers of 13 for evacuation
[2024-02-18T09:37:07.099+0000][7][gc,age      ] GC(84) Desired survivor size 20971520 bytes, new threshold 15 (max threshold 15)
[2024-02-18T09:37:07.103+0000][7][gc,phases   ] GC(84)   Pre Evacuate Collection Set: 0.2ms
[2024-02-18T09:37:07.103+0000][7][gc,phases   ] GC(84)   Merge Heap Roots: 0.1ms
[2024-02-18T09:37:07.103+0000][7][gc,phases   ] GC(84)   Evacuate Collection Set: 2.6ms
[2024-02-18T09:37:07.103+0000][7][gc,phases   ] GC(84)   Post Evacuate Collection Set: 0.6ms
[2024-02-18T09:37:07.103+0000][7][gc,phases   ] GC(84)   Other: 0.4ms
[2024-02-18T09:37:07.103+0000][7][gc,age      ] GC(84) Age table with threshold 15 (max threshold 15)
[2024-02-18T09:37:07.103+0000][7][gc,age      ] GC(84) - age   1:    1473920 bytes,    1473920 total
[2024-02-18T09:37:07.104+0000][7][gc,age      ] GC(84) - age   2:     392896 bytes,    1866816 total
[2024-02-18T09:37:07.104+0000][7][gc,age      ] GC(84) - age   3:      45544 bytes,    1912360 total
[2024-02-18T09:37:07.104+0000][7][gc,age      ] GC(84) - age   4:      28472 bytes,    1940832 total
[2024-02-18T09:37:07.104+0000][7][gc,age      ] GC(84) - age   5:    3682704 bytes,    5623536 total
[2024-02-18T09:37:07.104+0000][7][gc,age      ] GC(84) - age   6:     480328 bytes,    6103864 total
[2024-02-18T09:37:07.104+0000][7][gc,age      ] GC(84) - age   7:     168072 bytes,    6271936 total
[2024-02-18T09:37:07.104+0000][7][gc,age      ] GC(84) - age   8:      27200 bytes,    6299136 total
[2024-02-18T09:37:07.104+0000][7][gc,age      ] GC(84) - age   9:      41328 bytes,    6340464 total
[2024-02-18T09:37:07.104+0000][7][gc,age      ] GC(84) - age  10:       3264 bytes,    6343728 total
[2024-02-18T09:37:07.104+0000][7][gc,age      ] GC(84) - age  11:      75608 bytes,    6419336 total
[2024-02-18T09:37:07.104+0000][7][gc,age      ] GC(84) - age  12:     120176 bytes,    6539512 total
[2024-02-18T09:37:07.105+0000][7][gc,age      ] GC(84) - age  13:      82296 bytes,    6621808 total
[2024-02-18T09:37:07.105+0000][7][gc,age      ] GC(84) - age  14:       3832 bytes,    6625640 total
[2024-02-18T09:37:07.105+0000][7][gc,age      ] GC(84) - age  15:      70408 bytes,    6696048 total
[2024-02-18T09:37:07.105+0000][7][gc,heap     ] GC(84) Eden regions: 74->0(74)
[2024-02-18T09:37:07.105+0000][7][gc,heap     ] GC(84) Survivor regions: 2->2(10)
[2024-02-18T09:37:07.105+0000][7][gc,heap     ] GC(84) Old regions: 29->29
[2024-02-18T09:37:07.105+0000][7][gc,heap     ] GC(84) Humongous regions: 2->2
[2024-02-18T09:37:07.105+0000][7][gc,metaspace] GC(84) Metaspace: 121358K(124800K)->121358K(124800K) NonClass: 105465K(107136K)->105465K(107136K) Class: 15893K(17664K)->15893K(17664K)
[2024-02-18T09:37:07.105+0000][7][gc          ] GC(84) Pause Young (Concurrent Start) (G1 Evacuation Pause) 427M->130M(512M) 6.675ms
[2024-02-18T09:37:07.105+0000][7][gc          ] GC(85) Concurrent Mark Cycle
[2024-02-18T09:37:07.106+0000][7][gc,marking  ] GC(85) Concurrent Scan Root Regions
[2024-02-18T09:37:07.105+0000][7][gc,cpu      ] GC(84) User=0.02s Sys=0.00s Real=0.00s
[2024-02-18T09:37:07.106+0000][7][safepoint   ] Safepoint "G1CollectForAllocation", Time since last: 3069988744 ns, Reaching safepoint: 17123 ns, Cleanup: 3777 ns, At safepoint: 7188769 ns, Total: 7209669 ns
[2024-02-18T09:37:07.107+0000][7][gc,marking  ] GC(85) Concurrent Scan Root Regions 1.479ms
[2024-02-18T09:37:07.107+0000][7][gc,marking  ] GC(85) Concurrent Mark
[2024-02-18T09:37:07.107+0000][7][gc,marking  ] GC(85) Concurrent Mark From Roots
[2024-02-18T09:37:07.107+0000][7][gc,task     ] GC(85) Using 3 workers of 3 for marking
[2024-02-18T09:37:07.141+0000][7][gc,marking  ] GC(85) Concurrent Mark From Roots 34.119ms
[2024-02-18T09:37:07.142+0000][7][gc,marking  ] GC(85) Concurrent Preclean
[2024-02-18T09:37:07.142+0000][7][gc,marking  ] GC(85) Concurrent Preclean 0.598ms
[2024-02-18T09:37:07.142+0000][7][gc,start    ] GC(85) Pause Remark
[2024-02-18T09:37:07.147+0000][7][gc          ] GC(85) Pause Remark 133M->133M(512M) 4.463ms
[2024-02-18T09:37:07.147+0000][7][gc,cpu      ] GC(85) User=0.03s Sys=0.00s Real=0.01s
[2024-02-18T09:37:07.147+0000][7][safepoint   ] Safepoint "G1PauseRemark", Time since last: 36494008 ns, Reaching safepoint: 15930 ns, Cleanup: 2986 ns, At safepoint: 4891729 ns, Total: 4910645 ns
[2024-02-18T09:37:07.147+0000][7][gc,marking  ] GC(85) Concurrent Mark 40.219ms
[2024-02-18T09:37:07.148+0000][7][gc,marking  ] GC(85) Concurrent Rebuild Remembered Sets and Scrub Regions
[2024-02-18T09:37:07.161+0000][7][gc,marking  ] GC(85) Concurrent Rebuild Remembered Sets and Scrub Regions 12.984ms
[2024-02-18T09:37:07.161+0000][7][gc,start    ] GC(85) Pause Cleanup
[2024-02-18T09:37:07.161+0000][7][gc          ] GC(85) Pause Cleanup 133M->133M(512M) 0.265ms
[2024-02-18T09:37:07.161+0000][7][gc,cpu      ] GC(85) User=0.01s Sys=0.00s Real=0.00s
[2024-02-18T09:37:07.161+0000][7][safepoint   ] Safepoint "G1PauseCleanup", Time since last: 13545414 ns, Reaching safepoint: 14157 ns, Cleanup: 4238 ns, At safepoint: 608504 ns, Total: 626899 ns
[2024-02-18T09:37:07.162+0000][7][gc,marking  ] GC(85) Concurrent Clear Claimed Marks
[2024-02-18T09:37:07.162+0000][7][gc,marking  ] GC(85) Concurrent Clear Claimed Marks 0.312ms
[2024-02-18T09:37:07.162+0000][7][gc,marking  ] GC(85) Concurrent Cleanup for Next Mark
[2024-02-18T09:37:07.163+0000][7][gc,marking  ] GC(85) Concurrent Cleanup for Next Mark 0.494ms
[2024-02-18T09:37:07.163+0000][7][gc          ] GC(85) Concurrent Mark Cycle 57.183ms
[2024-02-18T09:37:11.162+0000][7][safepoint   ] Safepoint "Cleanup", Time since last: 4000521422 ns, Reaching safepoint: 19617 ns, Cleanup: 13737 ns, At safepoint: 2865 ns, Total: 36219 ns
[2024-02-18T09:37:17.956+0000][7][safepoint   ] Safepoint "Cleanup", Time since last: 6794013784 ns, Reaching safepoint: 67865 ns, Cleanup: 25008 ns, At safepoint: 6683 ns, Total: 99556 ns
[2024-02-18T09:37:18.957+0000][7][safepoint   ] Safepoint "Cleanup", Time since last: 1000812994 ns, Reaching safepoint: 46539 ns, Cleanup: 41400 ns, At safepoint: 6672 ns, Total: 94611 ns
[2024-02-18T09:37:19.957+0000][7][safepoint   ] Safepoint "Cleanup", Time since last: 1000476812 ns, Reaching safepoint: 22453 ns, Cleanup: 12844 ns, At safepoint: 3066 ns, Total: 38363 ns
[2024-02-18T09:37:37.959+0000][7][safepoint   ] Safepoint "Cleanup", Time since last: 18001711463 ns, Reaching safepoint: 43203 ns, Cleanup: 14267 ns, At safepoint: 3317 ns, Total: 60787 ns
[2024-02-18T09:38:07.099+0000][7][gc,start    ] GC(86) Pause Young (Normal) (G1 Evacuation Pause)
[2024-02-18T09:38:07.099+0000][7][gc,task     ] GC(86) Using 12 workers of 13 for evacuation
[2024-02-18T09:38:07.099+0000][7][gc,age      ] GC(86) Desired survivor size 20971520 bytes, new threshold 15 (max threshold 15)
[2024-02-18T09:38:07.103+0000][7][gc,phases   ] GC(86)   Pre Evacuate Collection Set: 0.2ms
[2024-02-18T09:38:07.103+0000][7][gc,phases   ] GC(86)   Merge Heap Roots: 0.1ms
[2024-02-18T09:38:07.103+0000][7][gc,phases   ] GC(86)   Evacuate Collection Set: 2.4ms
[2024-02-18T09:38:07.103+0000][7][gc,phases   ] GC(86)   Post Evacuate Collection Set: 0.6ms
[2024-02-18T09:38:07.103+0000][7][gc,phases   ] GC(86)   Other: 0.2ms
[2024-02-18T09:38:07.103+0000][7][gc,age      ] GC(86) Age table with threshold 15 (max threshold 15)
[2024-02-18T09:38:07.103+0000][7][gc,age      ] GC(86) - age   1:     952776 bytes,     952776 total
[2024-02-18T09:38:07.104+0000][7][gc,age      ] GC(86) - age   2:     117296 bytes,    1070072 total
[2024-02-18T09:38:07.104+0000][7][gc,age      ] GC(86) - age   3:     386312 bytes,    1456384 total
[2024-02-18T09:38:07.104+0000][7][gc,age      ] GC(86) - age   4:      43000 bytes,    1499384 total
[2024-02-18T09:38:07.104+0000][7][gc,age      ] GC(86) - age   5:      25672 bytes,    1525056 total
[2024-02-18T09:38:07.104+0000][7][gc,age      ] GC(86) - age   6:    3678208 bytes,    5203264 total
[2024-02-18T09:38:07.104+0000][7][gc,age      ] GC(86) - age   7:     480328 bytes,    5683592 total
[2024-02-18T09:38:07.104+0000][7][gc,age      ] GC(86) - age   8:      70352 bytes,    5753944 total
[2024-02-18T09:38:07.104+0000][7][gc,age      ] GC(86) - age   9:      27200 bytes,    5781144 total
[2024-02-18T09:38:07.104+0000][7][gc,age      ] GC(86) - age  10:      41328 bytes,    5822472 total
[2024-02-18T09:38:07.104+0000][7][gc,age      ] GC(86) - age  11:       3232 bytes,    5825704 total
[2024-02-18T09:38:07.104+0000][7][gc,age      ] GC(86) - age  12:      75608 bytes,    5901312 total
[2024-02-18T09:38:07.105+0000][7][gc,age      ] GC(86) - age  13:     120176 bytes,    6021488 total
[2024-02-18T09:38:07.105+0000][7][gc,age      ] GC(86) - age  14:      82296 bytes,    6103784 total
[2024-02-18T09:38:07.105+0000][7][gc,age      ] GC(86) - age  15:       3832 bytes,    6107616 total
[2024-02-18T09:38:07.105+0000][7][gc,heap     ] GC(86) Eden regions: 74->0(74)
[2024-02-18T09:38:07.105+0000][7][gc,heap     ] GC(86) Survivor regions: 2->2(10)
[2024-02-18T09:38:07.105+0000][7][gc,heap     ] GC(86) Old regions: 29->29
[2024-02-18T09:38:07.105+0000][7][gc,heap     ] GC(86) Humongous regions: 2->2
[2024-02-18T09:38:07.105+0000][7][gc,metaspace] GC(86) Metaspace: 121361K(124800K)->121361K(124800K) NonClass: 105468K(107136K)->105468K(107136K) Class: 15893K(17664K)->15893K(17664K)
[2024-02-18T09:38:07.105+0000][7][gc          ] GC(86) Pause Young (Normal) (G1 Evacuation Pause) 426M->130M(512M) 6.126ms
[2024-02-18T09:38:07.105+0000][7][gc,cpu      ] GC(86) User=0.01s Sys=0.01s Real=0.00s
[2024-02-18T09:38:07.105+0000][7][safepoint   ] Safepoint "G1CollectForAllocation", Time since last: 29139723961 ns, Reaching safepoint: 30579 ns, Cleanup: 10380 ns, At safepoint: 6396355 ns, Total: 6437314 ns
[2024-02-18T09:38:16.106+0000][7][safepoint   ] Safepoint "Cleanup", Time since last: 9000917635 ns, Reaching safepoint: 15931 ns, Cleanup: 8717 ns, At safepoint: 2755 ns, Total: 27403 ns
[2024-02-18T09:38:35.108+0000][7][safepoint   ] Safepoint "Cleanup", Time since last: 19001716871 ns, Reaching safepoint: 38373 ns, Cleanup: 11011 ns, At safepoint: 2695 ns, Total: 52079 ns
[2024-02-18T09:38:36.109+0000][7][safepoint   ] Safepoint "Cleanup", Time since last: 1000322245 ns, Reaching safepoint: 20339 ns, Cleanup: 13707 ns, At safepoint: 3086 ns, Total: 37132 ns
[2024-02-18T09:39:06.071+0000][7][safepoint   ] Safepoint "Cleanup", Time since last: 29962730151 ns, Reaching safepoint: 40728 ns, Cleanup: 20951 ns, At safepoint: 3346 ns, Total: 65025 ns
[2024-02-18T09:39:07.060+0000][7][gc,start    ] GC(87) Pause Young (Concurrent Start) (G1 Evacuation Pause)
[2024-02-18T09:39:07.060+0000][7][gc,task     ] GC(87) Using 12 workers of 13 for evacuation
[2024-02-18T09:39:07.060+0000][7][gc,age      ] GC(87) Desired survivor size 20971520 bytes, new threshold 15 (max threshold 15)
[2024-02-18T09:39:07.064+0000][7][gc,phases   ] GC(87)   Pre Evacuate Collection Set: 0.2ms
[2024-02-18T09:39:07.064+0000][7][gc,phases   ] GC(87)   Merge Heap Roots: 0.1ms
[2024-02-18T09:39:07.064+0000][7][gc,phases   ] GC(87)   Evacuate Collection Set: 2.4ms
[2024-02-18T09:39:07.065+0000][7][gc,phases   ] GC(87)   Post Evacuate Collection Set: 0.7ms
[2024-02-18T09:39:07.065+0000][7][gc,phases   ] GC(87)   Other: 0.3ms
[2024-02-18T09:39:07.065+0000][7][gc,age      ] GC(87) Age table with threshold 15 (max threshold 15)
[2024-02-18T09:39:07.065+0000][7][gc,age      ] GC(87) - age   1:    1658240 bytes,    1658240 total
[2024-02-18T09:39:07.065+0000][7][gc,age      ] GC(87) - age   2:      61912 bytes,    1720152 total
[2024-02-18T09:39:07.065+0000][7][gc,age      ] GC(87) - age   3:      48568 bytes,    1768720 total
[2024-02-18T09:39:07.065+0000][7][gc,age      ] GC(87) - age   4:     217256 bytes,    1985976 total
[2024-02-18T09:39:07.065+0000][7][gc,age      ] GC(87) - age   5:      41928 bytes,    2027904 total
[2024-02-18T09:39:07.065+0000][7][gc,age      ] GC(87) - age   6:      25672 bytes,    2053576 total
[2024-02-18T09:39:07.066+0000][7][gc,age      ] GC(87) - age   7:    3676224 bytes,    5729800 total
[2024-02-18T09:39:07.066+0000][7][gc,age      ] GC(87) - age   8:     463960 bytes,    6193760 total
[2024-02-18T09:39:07.066+0000][7][gc,age      ] GC(87) - age   9:      70216 bytes,    6263976 total
[2024-02-18T09:39:07.066+0000][7][gc,age      ] GC(87) - age  10:      27200 bytes,    6291176 total
[2024-02-18T09:39:07.066+0000][7][gc,age      ] GC(87) - age  11:      41296 bytes,    6332472 total
[2024-02-18T09:39:07.066+0000][7][gc,age      ] GC(87) - age  12:       3232 bytes,    6335704 total
[2024-02-18T09:39:07.066+0000][7][gc,age      ] GC(87) - age  13:      75608 bytes,    6411312 total
[2024-02-18T09:39:07.066+0000][7][gc,age      ] GC(87) - age  14:     120176 bytes,    6531488 total
[2024-02-18T09:39:07.066+0000][7][gc,age      ] GC(87) - age  15:      66144 bytes,    6597632 total
[2024-02-18T09:39:07.066+0000][7][gc,heap     ] GC(87) Eden regions: 74->0(74)
[2024-02-18T09:39:07.067+0000][7][gc,heap     ] GC(87) Survivor regions: 2->2(10)
[2024-02-18T09:39:07.067+0000][7][gc,heap     ] GC(87) Old regions: 29->29
[2024-02-18T09:39:07.067+0000][7][gc,heap     ] GC(87) Humongous regions: 2->2
[2024-02-18T09:39:07.067+0000][7][gc,metaspace] GC(87) Metaspace: 121374K(124800K)->121374K(124800K) NonClass: 105481K(107136K)->105481K(107136K) Class: 15893K(17664K)->15893K(17664K)
[2024-02-18T09:39:07.067+0000][7][gc          ] GC(87) Pause Young (Concurrent Start) (G1 Evacuation Pause) 426M->130M(512M) 6.931ms
[2024-02-18T09:39:07.067+0000][7][gc          ] GC(88) Concurrent Mark Cycle
[2024-02-18T09:39:07.067+0000][7][gc,marking  ] GC(88) Concurrent Scan Root Regions
[2024-02-18T09:39:07.067+0000][7][gc,cpu      ] GC(87) User=0.02s Sys=0.00s Real=0.01s
[2024-02-18T09:39:07.069+0000][7][gc,marking  ] GC(88) Concurrent Scan Root Regions 1.455ms
[2024-02-18T09:39:07.076+0000][7][gc,marking  ] GC(88) Concurrent Mark
[2024-02-18T09:39:07.076+0000][7][gc,marking  ] GC(88) Concurrent Mark From Roots
[2024-02-18T09:39:07.076+0000][7][gc,task     ] GC(88) Using 3 workers of 3 for marking
[2024-02-18T09:39:07.069+0000][7][safepoint   ] Safepoint "G1CollectForAllocation", Time since last: 988679025 ns, Reaching safepoint: 19076 ns, Cleanup: 4358 ns, At safepoint: 8753957 ns, Total: 8777391 ns
[2024-02-18T09:39:07.114+0000][7][gc,marking  ] GC(88) Concurrent Mark From Roots 38.107ms
[2024-02-18T09:39:07.114+0000][7][gc,marking  ] GC(88) Concurrent Preclean
[2024-02-18T09:39:07.115+0000][7][gc,marking  ] GC(88) Concurrent Preclean 0.578ms
[2024-02-18T09:39:07.115+0000][7][gc,start    ] GC(88) Pause Remark
[2024-02-18T09:39:07.124+0000][7][gc          ] GC(88) Pause Remark 133M->133M(512M) 9.045ms
[2024-02-18T09:39:07.125+0000][7][gc,cpu      ] GC(88) User=0.08s Sys=0.00s Real=0.01s
[2024-02-18T09:39:07.125+0000][7][safepoint   ] Safepoint "G1PauseRemark", Time since last: 46369638 ns, Reaching safepoint: 16271 ns, Cleanup: 3246 ns, At safepoint: 9503797 ns, Total: 9523314 ns
[2024-02-18T09:39:07.125+0000][7][gc,marking  ] GC(88) Concurrent Mark 48.816ms
[2024-02-18T09:39:07.125+0000][7][gc,marking  ] GC(88) Concurrent Rebuild Remembered Sets and Scrub Regions
[2024-02-18T09:39:07.139+0000][7][gc,marking  ] GC(88) Concurrent Rebuild Remembered Sets and Scrub Regions 13.771ms
[2024-02-18T09:39:07.139+0000][7][gc,start    ] GC(88) Pause Cleanup
[2024-02-18T09:39:07.139+0000][7][gc          ] GC(88) Pause Cleanup 136M->136M(512M) 0.390ms
[2024-02-18T09:39:07.139+0000][7][gc,cpu      ] GC(88) User=0.00s Sys=0.00s Real=0.00s
[2024-02-18T09:39:07.140+0000][7][safepoint   ] Safepoint "G1PauseCleanup", Time since last: 14210908 ns, Reaching safepoint: 13907 ns, Cleanup: 4098 ns, At safepoint: 725520 ns, Total: 743525 ns
[2024-02-18T09:39:07.140+0000][7][gc,marking  ] GC(88) Concurrent Clear Claimed Marks
[2024-02-18T09:39:07.140+0000][7][gc,marking  ] GC(88) Concurrent Clear Claimed Marks 0.160ms
[2024-02-18T09:39:07.140+0000][7][gc,marking  ] GC(88) Concurrent Cleanup for Next Mark
[2024-02-18T09:39:07.141+0000][7][gc,marking  ] GC(88) Concurrent Cleanup for Next Mark 0.590ms
[2024-02-18T09:39:07.141+0000][7][gc          ] GC(88) Concurrent Mark Cycle 73.746ms
[2024-02-18T09:39:20.141+0000][7][safepoint   ] Safepoint "Cleanup", Time since last: 13001477985 ns, Reaching safepoint: 37091 ns, Cleanup: 25819 ns, At safepoint: 6032 ns, Total: 68942 ns
[2024-02-18T09:39:27.143+0000][7][safepoint   ] Safepoint "Cleanup", Time since last: 7001196222 ns, Reaching safepoint: 48823 ns, Cleanup: 33635 ns, At safepoint: 7835 ns, Total: 90293 ns
[2024-02-18T09:39:46.093+0000][7][safepoint   ] Safepoint "Cleanup", Time since last: 18950486142 ns, Reaching safepoint: 18716 ns, Cleanup: 12133 ns, At safepoint: 3016 ns, Total: 33865 ns
[2024-02-18T09:40:04.096+0000][7][safepoint   ] Safepoint "Cleanup", Time since last: 18002345477 ns, Reaching safepoint: 34476 ns, Cleanup: 14288 ns, At safepoint: 5721 ns, Total: 54485 ns
[2024-02-18T09:40:06.097+0000][7][safepoint   ] Safepoint "Cleanup", Time since last: 2000514241 ns, Reaching safepoint: 20068 ns, Cleanup: 13175 ns, At safepoint: 22514 ns, Total: 55757 ns
[2024-02-18T09:40:07.070+0000][7][gc,start    ] GC(89) Pause Young (Normal) (G1 Evacuation Pause)
[2024-02-18T09:40:07.071+0000][7][gc,task     ] GC(89) Using 12 workers of 13 for evacuation
[2024-02-18T09:40:07.071+0000][7][gc,age      ] GC(89) Desired survivor size 20971520 bytes, new threshold 15 (max threshold 15)
[2024-02-18T09:40:07.074+0000][7][gc,phases   ] GC(89)   Pre Evacuate Collection Set: 0.2ms
[2024-02-18T09:40:07.075+0000][7][gc,phases   ] GC(89)   Merge Heap Roots: 0.1ms
[2024-02-18T09:40:07.075+0000][7][gc,phases   ] GC(89)   Evacuate Collection Set: 2.6ms
[2024-02-18T09:40:07.075+0000][7][gc,phases   ] GC(89)   Post Evacuate Collection Set: 0.7ms
[2024-02-18T09:40:07.075+0000][7][gc,phases   ] GC(89)   Other: 0.3ms
[2024-02-18T09:40:07.075+0000][7][gc,age      ] GC(89) Age table with threshold 15 (max threshold 15)
[2024-02-18T09:40:07.075+0000][7][gc,age      ] GC(89) - age   1:    1329720 bytes,    1329720 total
[2024-02-18T09:40:07.075+0000][7][gc,age      ] GC(89) - age   2:     299624 bytes,    1629344 total
[2024-02-18T09:40:07.076+0000][7][gc,age      ] GC(89) - age   3:      58560 bytes,    1687904 total
[2024-02-18T09:40:07.076+0000][7][gc,age      ] GC(89) - age   4:      47928 bytes,    1735832 total
[2024-02-18T09:40:07.076+0000][7][gc,age      ] GC(89) - age   5:     216856 bytes,    1952688 total
[2024-02-18T09:40:07.076+0000][7][gc,age      ] GC(89) - age   6:      41864 bytes,    1994552 total
[2024-02-18T09:40:07.076+0000][7][gc,age      ] GC(89) - age   7:      25544 bytes,    2020096 total
[2024-02-18T09:40:07.076+0000][7][gc,age      ] GC(89) - age   8:    3659600 bytes,    5679696 total
[2024-02-18T09:40:07.076+0000][7][gc,age      ] GC(89) - age   9:     463960 bytes,    6143656 total
[2024-02-18T09:40:07.076+0000][7][gc,age      ] GC(89) - age  10:      70216 bytes,    6213872 total
[2024-02-18T09:40:07.076+0000][7][gc,age      ] GC(89) - age  11:      27200 bytes,    6241072 total
[2024-02-18T09:40:07.076+0000][7][gc,age      ] GC(89) - age  12:      41264 bytes,    6282336 total
[2024-02-18T09:40:07.076+0000][7][gc,age      ] GC(89) - age  13:       3232 bytes,    6285568 total
[2024-02-18T09:40:07.077+0000][7][gc,age      ] GC(89) - age  14:      75608 bytes,    6361176 total
[2024-02-18T09:40:07.077+0000][7][gc,age      ] GC(89) - age  15:     120176 bytes,    6481352 total
[2024-02-18T09:40:07.077+0000][7][gc,heap     ] GC(89) Eden regions: 74->0(74)
[2024-02-18T09:40:07.077+0000][7][gc,heap     ] GC(89) Survivor regions: 2->2(10)
[2024-02-18T09:40:07.077+0000][7][gc,heap     ] GC(89) Old regions: 29->29
[2024-02-18T09:40:07.077+0000][7][gc,heap     ] GC(89) Humongous regions: 2->2
[2024-02-18T09:40:07.077+0000][7][gc,metaspace] GC(89) Metaspace: 121371K(124800K)->121371K(124800K) NonClass: 105480K(107136K)->105480K(107136K) Class: 15890K(17664K)->15890K(17664K)
[2024-02-18T09:40:07.077+0000][7][gc          ] GC(89) Pause Young (Normal) (G1 Evacuation Pause) 426M->130M(512M) 6.912ms
[2024-02-18T09:40:07.077+0000][7][gc,cpu      ] GC(89) User=0.02s Sys=0.00s Real=0.01s
[2024-02-18T09:40:07.078+0000][7][safepoint   ] Safepoint "G1CollectForAllocation", Time since last: 973358570 ns, Reaching safepoint: 15800 ns, Cleanup: 4298 ns, At safepoint: 7191244 ns, Total: 7211342 ns
[2024-02-18T09:40:19.079+0000][7][safepoint   ] Safepoint "Cleanup", Time since last: 12001129259 ns, Reaching safepoint: 37152 ns, Cleanup: 9047 ns, At safepoint: 3426 ns, Total: 49625 ns
[2024-02-18T09:40:21.079+0000][7][safepoint   ] Safepoint "Cleanup", Time since last: 2000343359 ns, Reaching safepoint: 24938 ns, Cleanup: 12885 ns, At safepoint: 2925 ns, Total: 40748 ns
[2024-02-18T09:40:26.079+0000][7][safepoint   ] Safepoint "Cleanup", Time since last: 5000647019 ns, Reaching safepoint: 20940 ns, Cleanup: 14057 ns, At safepoint: 3537 ns, Total: 38534 ns
[2024-02-18T09:40:47.115+0000][7][safepoint   ] Safepoint "Cleanup", Time since last: 21036091044 ns, Reaching safepoint: 20489 ns, Cleanup: 20790 ns, At safepoint: 3476 ns, Total: 44755 ns
[2024-02-18T09:40:49.105+0000][7][gc,start    ] GC(90) Pause Young (Concurrent Start) (G1 Evacuation Pause)
[2024-02-18T09:40:49.105+0000][7][gc,task     ] GC(90) Using 12 workers of 13 for evacuation
[2024-02-18T09:40:49.106+0000][7][gc,age      ] GC(90) Desired survivor size 20971520 bytes, new threshold 15 (max threshold 15)
[2024-02-18T09:40:49.109+0000][7][gc,phases   ] GC(90)   Pre Evacuate Collection Set: 0.2ms
[2024-02-18T09:40:49.109+0000][7][gc,phases   ] GC(90)   Merge Heap Roots: 0.1ms
[2024-02-18T09:40:49.109+0000][7][gc,phases   ] GC(90)   Evacuate Collection Set: 2.2ms
[2024-02-18T09:40:49.109+0000][7][gc,phases   ] GC(90)   Post Evacuate Collection Set: 0.6ms
[2024-02-18T09:40:49.109+0000][7][gc,phases   ] GC(90)   Other: 0.3ms
[2024-02-18T09:40:49.110+0000][7][gc,age      ] GC(90) Age table with threshold 15 (max threshold 15)
[2024-02-18T09:40:49.110+0000][7][gc,age      ] GC(90) - age   1:    1892296 bytes,    1892296 total
[2024-02-18T09:40:49.110+0000][7][gc,age      ] GC(90) - age   2:       7232 bytes,    1899528 total
[2024-02-18T09:40:49.110+0000][7][gc,age      ] GC(90) - age   3:       7488 bytes,    1907016 total
[2024-02-18T09:40:49.110+0000][7][gc,age      ] GC(90) - age   4:       3104 bytes,    1910120 total
[2024-02-18T09:40:49.110+0000][7][gc,age      ] GC(90) - age   5:      43160 bytes,    1953280 total
[2024-02-18T09:40:49.110+0000][7][gc,age      ] GC(90) - age   6:      27480 bytes,    1980760 total
[2024-02-18T09:40:49.110+0000][7][gc,age      ] GC(90) - age   7:      21080 bytes,    2001840 total
[2024-02-18T09:40:49.110+0000][7][gc,age      ] GC(90) - age   8:      19352 bytes,    2021192 total
[2024-02-18T09:40:49.110+0000][7][gc,age      ] GC(90) - age   9:      13016 bytes,    2034208 total
[2024-02-18T09:40:49.111+0000][7][gc,age      ] GC(90) - age  10:      99776 bytes,    2133984 total
[2024-02-18T09:40:49.111+0000][7][gc,age      ] GC(90) - age  11:      70216 bytes,    2204200 total
[2024-02-18T09:40:49.111+0000][7][gc,age      ] GC(90) - age  12:      27008 bytes,    2231208 total
[2024-02-18T09:40:49.111+0000][7][gc,age      ] GC(90) - age  13:      41200 bytes,    2272408 total
[2024-02-18T09:40:49.111+0000][7][gc,age      ] GC(90) - age  14:       3232 bytes,    2275640 total
[2024-02-18T09:40:49.111+0000][7][gc,age      ] GC(90) - age  15:      75608 bytes,    2351248 total
[2024-02-18T09:40:49.111+0000][7][gc,heap     ] GC(90) Eden regions: 74->0(75)
[2024-02-18T09:40:49.111+0000][7][gc,heap     ] GC(90) Survivor regions: 2->1(10)
[2024-02-18T09:40:49.111+0000][7][gc,heap     ] GC(90) Old regions: 29->29
[2024-02-18T09:40:49.111+0000][7][gc,heap     ] GC(90) Humongous regions: 2->2
[2024-02-18T09:40:49.111+0000][7][gc,metaspace] GC(90) Metaspace: 121382K(124864K)->121382K(124864K) NonClass: 105491K(107200K)->105491K(107200K) Class: 15891K(17664K)->15891K(17664K)
[2024-02-18T09:40:49.112+0000][7][gc          ] GC(90) Pause Young (Concurrent Start) (G1 Evacuation Pause) 426M->126M(512M) 6.310ms
[2024-02-18T09:40:49.112+0000][7][gc          ] GC(91) Concurrent Mark Cycle
[2024-02-18T09:40:49.112+0000][7][gc,marking  ] GC(91) Concurrent Scan Root Regions
[2024-02-18T09:40:49.112+0000][7][gc,cpu      ] GC(90) User=0.02s Sys=0.00s Real=0.01s
[2024-02-18T09:40:49.112+0000][7][safepoint   ] Safepoint "G1CollectForAllocation", Time since last: 1990343335 ns, Reaching safepoint: 18225 ns, Cleanup: 11141 ns, At safepoint: 6991793 ns, Total: 7021159 ns
[2024-02-18T09:40:49.113+0000][7][gc,marking  ] GC(91) Concurrent Scan Root Regions 1.352ms
[2024-02-18T09:40:49.113+0000][7][gc,marking  ] GC(91) Concurrent Mark
[2024-02-18T09:40:49.114+0000][7][gc,marking  ] GC(91) Concurrent Mark From Roots
[2024-02-18T09:40:49.114+0000][7][gc,task     ] GC(91) Using 3 workers of 3 for marking
[2024-02-18T09:40:49.149+0000][7][gc,marking  ] GC(91) Concurrent Mark From Roots 35.036ms
[2024-02-18T09:40:49.149+0000][7][gc,marking  ] GC(91) Concurrent Preclean
[2024-02-18T09:40:49.149+0000][7][gc,marking  ] GC(91) Concurrent Preclean 0.578ms
[2024-02-18T09:40:49.150+0000][7][gc,start    ] GC(91) Pause Remark
[2024-02-18T09:40:49.154+0000][7][gc          ] GC(91) Pause Remark 128M->128M(512M) 4.037ms
[2024-02-18T09:40:49.154+0000][7][gc,cpu      ] GC(91) User=0.03s Sys=0.00s Real=0.00s
[2024-02-18T09:40:49.154+0000][7][safepoint   ] Safepoint "G1PauseRemark", Time since last: 37283038 ns, Reaching safepoint: 16772 ns, Cleanup: 3486 ns, At safepoint: 4423388 ns, Total: 4443646 ns
[2024-02-18T09:40:49.154+0000][7][gc,marking  ] GC(91) Concurrent Mark 40.724ms
[2024-02-18T09:40:49.154+0000][7][gc,marking  ] GC(91) Concurrent Rebuild Remembered Sets and Scrub Regions
[2024-02-18T09:40:49.168+0000][7][gc,marking  ] GC(91) Concurrent Rebuild Remembered Sets and Scrub Regions 13.366ms
[2024-02-18T09:40:49.168+0000][7][gc,start    ] GC(91) Pause Cleanup
[2024-02-18T09:40:49.168+0000][7][gc          ] GC(91) Pause Cleanup 128M->128M(512M) 0.239ms
[2024-02-18T09:40:49.168+0000][7][gc,cpu      ] GC(91) User=0.00s Sys=0.00s Real=0.00s
[2024-02-18T09:40:49.168+0000][7][safepoint   ] Safepoint "G1PauseCleanup", Time since last: 13860968 ns, Reaching safepoint: 15920 ns, Cleanup: 4188 ns, At safepoint: 494868 ns, Total: 514976 ns
[2024-02-18T09:40:49.168+0000][7][gc,marking  ] GC(91) Concurrent Clear Claimed Marks
[2024-02-18T09:40:49.169+0000][7][gc,marking  ] GC(91) Concurrent Clear Claimed Marks 0.294ms
[2024-02-18T09:40:49.169+0000][7][gc,marking  ] GC(91) Concurrent Cleanup for Next Mark
[2024-02-18T09:40:49.169+0000][7][gc,marking  ] GC(91) Concurrent Cleanup for Next Mark 0.543ms
[2024-02-18T09:40:49.170+0000][7][gc          ] GC(91) Concurrent Mark Cycle 57.808ms
[2024-02-18T09:41:01.169+0000][7][safepoint   ] Safepoint "Cleanup", Time since last: 12001076051 ns, Reaching safepoint: 18175 ns, Cleanup: 9569 ns, At safepoint: 2705 ns, Total: 30449 ns
[2024-02-18T09:41:23.172+0000][7][safepoint   ] Safepoint "Cleanup", Time since last: 22002316353 ns, Reaching safepoint: 16171 ns, Cleanup: 7815 ns, At safepoint: 2264 ns, Total: 26250 ns
[2024-02-18T09:41:25.172+0000][7][safepoint   ] Safepoint "Cleanup", Time since last: 2000350757 ns, Reaching safepoint: 23405 ns, Cleanup: 8967 ns, At safepoint: 2675 ns, Total: 35047 ns
[2024-02-18T09:41:28.173+0000][7][safepoint   ] Safepoint "Cleanup", Time since last: 3000871884 ns, Reaching safepoint: 19648 ns, Cleanup: 13436 ns, At safepoint: 3206 ns, Total: 36290 ns
[2024-02-18T09:41:43.068+0000][7][gc,start    ] GC(92) Pause Young (Normal) (G1 Evacuation Pause)
[2024-02-18T09:41:43.068+0000][7][gc,task     ] GC(92) Using 12 workers of 13 for evacuation
[2024-02-18T09:41:43.068+0000][7][gc,age      ] GC(92) Desired survivor size 20971520 bytes, new threshold 15 (max threshold 15)
[2024-02-18T09:41:43.071+0000][7][gc,phases   ] GC(92)   Pre Evacuate Collection Set: 0.2ms
[2024-02-18T09:41:43.071+0000][7][gc,phases   ] GC(92)   Merge Heap Roots: 0.1ms
[2024-02-18T09:41:43.071+0000][7][gc,phases   ] GC(92)   Evacuate Collection Set: 1.7ms
[2024-02-18T09:41:43.071+0000][7][gc,phases   ] GC(92)   Post Evacuate Collection Set: 0.6ms
[2024-02-18T09:41:43.071+0000][7][gc,phases   ] GC(92)   Other: 0.3ms
[2024-02-18T09:41:43.071+0000][7][gc,age      ] GC(92) Age table with threshold 15 (max threshold 15)
[2024-02-18T09:41:43.071+0000][7][gc,age      ] GC(92) - age   1:     714144 bytes,     714144 total
[2024-02-18T09:41:43.072+0000][7][gc,age      ] GC(92) - age   2:     391120 bytes,    1105264 total
[2024-02-18T09:41:43.072+0000][7][gc,age      ] GC(92) - age   3:       2048 bytes,    1107312 total
[2024-02-18T09:41:43.072+0000][7][gc,age      ] GC(92) - age   4:       5016 bytes,    1112328 total
[2024-02-18T09:41:43.072+0000][7][gc,age      ] GC(92) - age   5:       2880 bytes,    1115208 total
[2024-02-18T09:41:43.072+0000][7][gc,age      ] GC(92) - age   6:      38040 bytes,    1153248 total
[2024-02-18T09:41:43.072+0000][7][gc,age      ] GC(92) - age   7:      27256 bytes,    1180504 total
[2024-02-18T09:41:43.072+0000][7][gc,age      ] GC(92) - age   8:      21080 bytes,    1201584 total
[2024-02-18T09:41:43.072+0000][7][gc,age      ] GC(92) - age   9:      19352 bytes,    1220936 total
[2024-02-18T09:41:43.072+0000][7][gc,age      ] GC(92) - age  10:       7144 bytes,    1228080 total
[2024-02-18T09:41:43.073+0000][7][gc,age      ] GC(92) - age  11:      90648 bytes,    1318728 total
[2024-02-18T09:41:43.073+0000][7][gc,age      ] GC(92) - age  12:      70216 bytes,    1388944 total
[2024-02-18T09:41:43.073+0000][7][gc,age      ] GC(92) - age  13:      26976 bytes,    1415920 total
[2024-02-18T09:41:43.073+0000][7][gc,age      ] GC(92) - age  14:      41200 bytes,    1457120 total
[2024-02-18T09:41:43.073+0000][7][gc,age      ] GC(92) - age  15:       3232 bytes,    1460352 total
[2024-02-18T09:41:43.073+0000][7][gc,heap     ] GC(92) Eden regions: 75->0(75)
[2024-02-18T09:41:43.073+0000][7][gc,heap     ] GC(92) Survivor regions: 1->1(10)
[2024-02-18T09:41:43.073+0000][7][gc,heap     ] GC(92) Old regions: 29->30
[2024-02-18T09:41:43.073+0000][7][gc,heap     ] GC(92) Humongous regions: 2->2
[2024-02-18T09:41:43.074+0000][7][gc,metaspace] GC(92) Metaspace: 121385K(124864K)->121385K(124864K) NonClass: 105494K(107200K)->105494K(107200K) Class: 15891K(17664K)->15891K(17664K)
[2024-02-18T09:41:43.074+0000][7][gc          ] GC(92) Pause Young (Normal) (G1 Evacuation Pause) 426M->125M(512M) 6.204ms
[2024-02-18T09:41:43.074+0000][7][gc,cpu      ] GC(92) User=0.01s Sys=0.00s Real=0.00s
[2024-02-18T09:41:43.074+0000][7][safepoint   ] Safepoint "G1CollectForAllocation", Time since last: 14894509208 ns, Reaching safepoint: 15840 ns, Cleanup: 3798 ns, At safepoint: 6517523 ns, Total: 6537161 ns
[2024-02-18T09:41:47.135+0000][7][safepoint   ] Safepoint "Cleanup", Time since last: 4060805748 ns, Reaching safepoint: 17453 ns, Cleanup: 9699 ns, At safepoint: 24136 ns, Total: 51288 ns
[2024-02-18T09:41:49.135+0000][7][safepoint   ] Safepoint "Cleanup", Time since last: 2000302025 ns, Reaching safepoint: 16321 ns, Cleanup: 9999 ns, At safepoint: 2355 ns, Total: 28675 ns
[2024-02-18T09:41:58.136+0000][7][safepoint   ] Safepoint "Cleanup", Time since last: 9000856061 ns, Reaching safepoint: 16272 ns, Cleanup: 7955 ns, At safepoint: 2264 ns, Total: 26491 ns
[2024-02-18T09:42:14.138+0000][7][safepoint   ] Safepoint "Cleanup", Time since last: 16001339754 ns, Reaching safepoint: 19127 ns, Cleanup: 11352 ns, At safepoint: 2565 ns, Total: 33044 ns
[2024-02-18T09:42:26.139+0000][7][safepoint   ] Safepoint "Cleanup", Time since last: 12001244269 ns, Reaching safepoint: 19046 ns, Cleanup: 11542 ns, At safepoint: 2715 ns, Total: 33303 ns
[2024-02-18T09:42:29.140+0000][7][safepoint   ] Safepoint "Cleanup", Time since last: 3000716637 ns, Reaching safepoint: 16371 ns, Cleanup: 10911 ns, At safepoint: 2525 ns, Total: 29807 ns
[2024-02-18T09:42:30.140+0000][7][safepoint   ] Safepoint "Cleanup", Time since last: 1000229954 ns, Reaching safepoint: 16201 ns, Cleanup: 9538 ns, At safepoint: 2475 ns, Total: 28214 ns
[2024-02-18T09:42:37.568+0000][7][gc,start    ] GC(93) Pause Young (Concurrent Start) (G1 Evacuation Pause)
[2024-02-18T09:42:37.568+0000][7][gc,task     ] GC(93) Using 12 workers of 13 for evacuation
[2024-02-18T09:42:37.568+0000][7][gc,age      ] GC(93) Desired survivor size 20971520 bytes, new threshold 15 (max threshold 15)
[2024-02-18T09:42:37.571+0000][7][gc,phases   ] GC(93)   Pre Evacuate Collection Set: 0.2ms
[2024-02-18T09:42:37.572+0000][7][gc,phases   ] GC(93)   Merge Heap Roots: 0.1ms
[2024-02-18T09:42:37.572+0000][7][gc,phases   ] GC(93)   Evacuate Collection Set: 2.2ms
[2024-02-18T09:42:37.572+0000][7][gc,phases   ] GC(93)   Post Evacuate Collection Set: 0.6ms
[2024-02-18T09:42:37.572+0000][7][gc,phases   ] GC(93)   Other: 0.3ms
[2024-02-18T09:42:37.572+0000][7][gc,age      ] GC(93) Age table with threshold 15 (max threshold 15)
[2024-02-18T09:42:37.572+0000][7][gc,age      ] GC(93) - age   1:    5343624 bytes,    5343624 total
[2024-02-18T09:42:37.572+0000][7][gc,age      ] GC(93) - age   2:     365296 bytes,    5708920 total
[2024-02-18T09:42:37.572+0000][7][gc,age      ] GC(93) - age   3:     265504 bytes,    5974424 total
[2024-02-18T09:42:37.572+0000][7][gc,age      ] GC(93) - age   4:       1504 bytes,    5975928 total
[2024-02-18T09:42:37.573+0000][7][gc,age      ] GC(93) - age   5:       4488 bytes,    5980416 total
[2024-02-18T09:42:37.573+0000][7][gc,age      ] GC(93) - age   6:       2688 bytes,    5983104 total
[2024-02-18T09:42:37.573+0000][7][gc,age      ] GC(93) - age   7:      37976 bytes,    6021080 total
[2024-02-18T09:42:37.573+0000][7][gc,age      ] GC(93) - age   8:      27192 bytes,    6048272 total
[2024-02-18T09:42:37.573+0000][7][gc,age      ] GC(93) - age   9:      21080 bytes,    6069352 total
[2024-02-18T09:42:37.573+0000][7][gc,age      ] GC(93) - age  10:      19352 bytes,    6088704 total
[2024-02-18T09:42:37.573+0000][7][gc,age      ] GC(93) - age  11:       5576 bytes,    6094280 total
[2024-02-18T09:42:37.573+0000][7][gc,age      ] GC(93) - age  12:      89704 bytes,    6183984 total
[2024-02-18T09:42:37.573+0000][7][gc,age      ] GC(93) - age  13:      70152 bytes,    6254136 total
[2024-02-18T09:42:37.573+0000][7][gc,age      ] GC(93) - age  14:      26688 bytes,    6280824 total
[2024-02-18T09:42:37.573+0000][7][gc,age      ] GC(93) - age  15:      41200 bytes,    6322024 total
[2024-02-18T09:42:37.574+0000][7][gc,heap     ] GC(93) Eden regions: 75->0(74)
[2024-02-18T09:42:37.574+0000][7][gc,heap     ] GC(93) Survivor regions: 1->2(10)
[2024-02-18T09:42:37.574+0000][7][gc,heap     ] GC(93) Old regions: 30->30
[2024-02-18T09:42:37.574+0000][7][gc,heap     ] GC(93) Humongous regions: 2->2
[2024-02-18T09:42:37.574+0000][7][gc,metaspace] GC(93) Metaspace: 121394K(124864K)->121394K(124864K) NonClass: 105502K(107200K)->105502K(107200K) Class: 15892K(17664K)->15892K(17664K)
[2024-02-18T09:42:37.574+0000][7][gc          ] GC(93) Pause Young (Concurrent Start) (G1 Evacuation Pause) 425M->130M(512M) 6.201ms
[2024-02-18T09:42:37.574+0000][7][gc          ] GC(94) Concurrent Mark Cycle
[2024-02-18T09:42:37.574+0000][7][gc,marking  ] GC(94) Concurrent Scan Root Regions
[2024-02-18T09:42:37.574+0000][7][gc,cpu      ] GC(93) User=0.02s Sys=0.00s Real=0.00s
[2024-02-18T09:42:37.574+0000][7][safepoint   ] Safepoint "G1CollectForAllocation", Time since last: 7427815750 ns, Reaching safepoint: 32302 ns, Cleanup: 4248 ns, At safepoint: 6668718 ns, Total: 6705268 ns
[2024-02-18T09:42:37.575+0000][7][gc,marking  ] GC(94) Concurrent Scan Root Regions 1.309ms
[2024-02-18T09:42:37.576+0000][7][gc,marking  ] GC(94) Concurrent Mark
[2024-02-18T09:42:37.576+0000][7][gc,marking  ] GC(94) Concurrent Mark From Roots
[2024-02-18T09:42:37.576+0000][7][gc,task     ] GC(94) Using 3 workers of 3 for marking
[2024-02-18T09:42:37.612+0000][7][gc,marking  ] GC(94) Concurrent Mark From Roots 35.869ms
[2024-02-18T09:42:37.612+0000][7][gc,marking  ] GC(94) Concurrent Preclean
[2024-02-18T09:42:37.612+0000][7][gc,marking  ] GC(94) Concurrent Preclean 0.543ms
[2024-02-18T09:42:37.612+0000][7][gc,start    ] GC(94) Pause Remark
[2024-02-18T09:42:37.616+0000][7][gc          ] GC(94) Pause Remark 131M->131M(512M) 3.502ms
[2024-02-18T09:42:37.616+0000][7][gc,cpu      ] GC(94) User=0.02s Sys=0.00s Real=0.01s
[2024-02-18T09:42:37.616+0000][7][safepoint   ] Safepoint "G1PauseRemark", Time since last: 38000297 ns, Reaching safepoint: 16301 ns, Cleanup: 2946 ns, At safepoint: 3919993 ns, Total: 3939240 ns
[2024-02-18T09:42:37.616+0000][7][gc,marking  ] GC(94) Concurrent Mark 40.868ms
[2024-02-18T09:42:37.617+0000][7][gc,marking  ] GC(94) Concurrent Rebuild Remembered Sets and Scrub Regions
[2024-02-18T09:42:37.629+0000][7][gc,marking  ] GC(94) Concurrent Rebuild Remembered Sets and Scrub Regions 12.783ms
[2024-02-18T09:42:37.630+0000][7][gc,start    ] GC(94) Pause Cleanup
[2024-02-18T09:42:37.630+0000][7][gc          ] GC(94) Pause Cleanup 131M->131M(512M) 0.249ms
[2024-02-18T09:42:37.630+0000][7][gc,cpu      ] GC(94) User=0.00s Sys=0.00s Real=0.00s
[2024-02-18T09:42:37.630+0000][7][safepoint   ] Safepoint "G1PauseCleanup", Time since last: 13204084 ns, Reaching safepoint: 14188 ns, Cleanup: 4218 ns, At safepoint: 552163 ns, Total: 570569 ns
[2024-02-18T09:42:37.630+0000][7][gc,marking  ] GC(94) Concurrent Clear Claimed Marks
[2024-02-18T09:42:37.631+0000][7][gc,marking  ] GC(94) Concurrent Clear Claimed Marks 0.305ms
[2024-02-18T09:42:37.631+0000][7][gc,marking  ] GC(94) Concurrent Cleanup for Next Mark
[2024-02-18T09:42:37.631+0000][7][gc,marking  ] GC(94) Concurrent Cleanup for Next Mark 0.498ms
[2024-02-18T09:42:37.631+0000][7][gc          ] GC(94) Concurrent Mark Cycle 57.270ms
[2024-02-18T09:42:49.156+0000][7][safepoint   ] Safepoint "Cleanup", Time since last: 11526106158 ns, Reaching safepoint: 15900 ns, Cleanup: 14358 ns, At safepoint: 2845 ns, Total: 33103 ns
[2024-02-18T09:43:06.158+0000][7][safepoint   ] Safepoint "Cleanup", Time since last: 17001470082 ns, Reaching safepoint: 38644 ns, Cleanup: 18846 ns, At safepoint: 2725 ns, Total: 60215 ns
[2024-02-18T09:43:19.159+0000][7][safepoint   ] Safepoint "Cleanup", Time since last: 13001308911 ns, Reaching safepoint: 16251 ns, Cleanup: 8587 ns, At safepoint: 2374 ns, Total: 27212 ns
[2024-02-18T09:43:20.159+0000][7][safepoint   ] Safepoint "Cleanup", Time since last: 1000235369 ns, Reaching safepoint: 20950 ns, Cleanup: 26040 ns, At safepoint: 3366 ns, Total: 50356 ns
[2024-02-18T09:43:35.161+0000][7][safepoint   ] Safepoint "Cleanup", Time since last: 15001581629 ns, Reaching safepoint: 61408 ns, Cleanup: 8236 ns, At safepoint: 3637 ns, Total: 73281 ns
[2024-02-18T09:43:38.222+0000][7][gc,start    ] GC(95) Pause Young (Normal) (G1 Evacuation Pause)
[2024-02-18T09:43:38.223+0000][7][gc,task     ] GC(95) Using 12 workers of 13 for evacuation
[2024-02-18T09:43:38.223+0000][7][gc,age      ] GC(95) Desired survivor size 20971520 bytes, new threshold 15 (max threshold 15)
[2024-02-18T09:43:38.226+0000][7][gc,phases   ] GC(95)   Pre Evacuate Collection Set: 0.2ms
[2024-02-18T09:43:38.226+0000][7][gc,phases   ] GC(95)   Merge Heap Roots: 0.1ms
[2024-02-18T09:43:38.226+0000][7][gc,phases   ] GC(95)   Evacuate Collection Set: 2.2ms
[2024-02-18T09:43:38.226+0000][7][gc,phases   ] GC(95)   Post Evacuate Collection Set: 0.7ms
[2024-02-18T09:43:38.227+0000][7][gc,phases   ] GC(95)   Other: 0.2ms
[2024-02-18T09:43:38.227+0000][7][gc,age      ] GC(95) Age table with threshold 15 (max threshold 15)
[2024-02-18T09:43:38.227+0000][7][gc,age      ] GC(95) - age   1:    1165424 bytes,    1165424 total
[2024-02-18T09:43:38.227+0000][7][gc,age      ] GC(95) - age   2:    3811448 bytes,    4976872 total
[2024-02-18T09:43:38.227+0000][7][gc,age      ] GC(95) - age   3:     363256 bytes,    5340128 total
[2024-02-18T09:43:38.227+0000][7][gc,age      ] GC(95) - age   4:     264928 bytes,    5605056 total
[2024-02-18T09:43:38.227+0000][7][gc,age      ] GC(95) - age   5:       1312 bytes,    5606368 total
[2024-02-18T09:43:38.227+0000][7][gc,age      ] GC(95) - age   6:       4456 bytes,    5610824 total
[2024-02-18T09:43:38.227+0000][7][gc,age      ] GC(95) - age   7:       2688 bytes,    5613512 total
[2024-02-18T09:43:38.227+0000][7][gc,age      ] GC(95) - age   8:      37976 bytes,    5651488 total
[2024-02-18T09:43:38.227+0000][7][gc,age      ] GC(95) - age   9:      27192 bytes,    5678680 total
[2024-02-18T09:43:38.228+0000][7][gc,age      ] GC(95) - age  10:      21080 bytes,    5699760 total
[2024-02-18T09:43:38.228+0000][7][gc,age      ] GC(95) - age  11:      19352 bytes,    5719112 total
[2024-02-18T09:43:38.228+0000][7][gc,age      ] GC(95) - age  12:       2712 bytes,    5721824 total
[2024-02-18T09:43:38.228+0000][7][gc,age      ] GC(95) - age  13:      89704 bytes,    5811528 total
[2024-02-18T09:43:38.228+0000][7][gc,age      ] GC(95) - age  14:      70152 bytes,    5881680 total
[2024-02-18T09:43:38.228+0000][7][gc,age      ] GC(95) - age  15:      26656 bytes,    5908336 total
[2024-02-18T09:43:38.228+0000][7][gc,heap     ] GC(95) Eden regions: 74->0(74)
[2024-02-18T09:43:38.228+0000][7][gc,heap     ] GC(95) Survivor regions: 2->2(10)
[2024-02-18T09:43:38.228+0000][7][gc,heap     ] GC(95) Old regions: 30->30
[2024-02-18T09:43:38.228+0000][7][gc,heap     ] GC(95) Humongous regions: 2->2
[2024-02-18T09:43:38.228+0000][7][gc,metaspace] GC(95) Metaspace: 121397K(124864K)->121397K(124864K) NonClass: 105505K(107200K)->105505K(107200K) Class: 15892K(17664K)->15892K(17664K)
[2024-02-18T09:43:38.228+0000][7][gc          ] GC(95) Pause Young (Normal) (G1 Evacuation Pause) 426M->130M(512M) 6.033ms
[2024-02-18T09:43:38.229+0000][7][gc,cpu      ] GC(95) User=0.01s Sys=0.01s Real=0.01s
[2024-02-18T09:43:38.229+0000][7][safepoint   ] Safepoint "G1CollectForAllocation", Time since last: 3061329528 ns, Reaching safepoint: 18746 ns, Cleanup: 3918 ns, At safepoint: 6295733 ns, Total: 6318397 ns
[2024-02-18T09:43:55.178+0000][7][safepoint   ] Safepoint "Cleanup", Time since last: 16949230642 ns, Reaching safepoint: 17112 ns, Cleanup: 8707 ns, At safepoint: 2284 ns, Total: 28103 ns
[2024-02-18T09:43:59.178+0000][7][safepoint   ] Safepoint "Cleanup", Time since last: 4000472217 ns, Reaching safepoint: 17203 ns, Cleanup: 12203 ns, At safepoint: 2966 ns, Total: 32372 ns
[2024-02-18T09:44:06.179+0000][7][safepoint   ] Safepoint "Cleanup", Time since last: 7000853320 ns, Reaching safepoint: 35879 ns, Cleanup: 15810 ns, At safepoint: 2686 ns, Total: 54375 ns
[2024-02-18T09:44:35.182+0000][7][safepoint   ] Safepoint "Cleanup", Time since last: 29002826465 ns, Reaching safepoint: 18375 ns, Cleanup: 14889 ns, At safepoint: 2976 ns, Total: 36240 ns
[2024-02-18T09:44:40.835+0000][7][gc,start    ] GC(96) Pause Young (Concurrent Start) (G1 Evacuation Pause)
[2024-02-18T09:44:40.835+0000][7][gc,task     ] GC(96) Using 12 workers of 13 for evacuation
[2024-02-18T09:44:40.835+0000][7][gc,age      ] GC(96) Desired survivor size 20971520 bytes, new threshold 15 (max threshold 15)
[2024-02-18T09:44:40.838+0000][7][gc,phases   ] GC(96)   Pre Evacuate Collection Set: 0.2ms
[2024-02-18T09:44:40.839+0000][7][gc,phases   ] GC(96)   Merge Heap Roots: 0.1ms
[2024-02-18T09:44:40.839+0000][7][gc,phases   ] GC(96)   Evacuate Collection Set: 2.1ms
[2024-02-18T09:44:40.839+0000][7][gc,phases   ] GC(96)   Post Evacuate Collection Set: 0.6ms
[2024-02-18T09:44:40.839+0000][7][gc,phases   ] GC(96)   Other: 0.3ms
[2024-02-18T09:44:40.839+0000][7][gc,age      ] GC(96) Age table with threshold 15 (max threshold 15)
[2024-02-18T09:44:40.839+0000][7][gc,age      ] GC(96) - age   1:    1322168 bytes,    1322168 total
[2024-02-18T09:44:40.839+0000][7][gc,age      ] GC(96) - age   2:     130392 bytes,    1452560 total
[2024-02-18T09:44:40.839+0000][7][gc,age      ] GC(96) - age   3:    3802488 bytes,    5255048 total
[2024-02-18T09:44:40.839+0000][7][gc,age      ] GC(96) - age   4:     362776 bytes,    5617824 total
[2024-02-18T09:44:40.840+0000][7][gc,age      ] GC(96) - age   5:     264896 bytes,    5882720 total
[2024-02-18T09:44:40.840+0000][7][gc,age      ] GC(96) - age   6:       1216 bytes,    5883936 total
[2024-02-18T09:44:40.840+0000][7][gc,age      ] GC(96) - age   7:       4424 bytes,    5888360 total
[2024-02-18T09:44:40.840+0000][7][gc,age      ] GC(96) - age   8:       2688 bytes,    5891048 total
[2024-02-18T09:44:40.840+0000][7][gc,age      ] GC(96) - age   9:      37976 bytes,    5929024 total
[2024-02-18T09:44:40.840+0000][7][gc,age      ] GC(96) - age  10:      27128 bytes,    5956152 total
[2024-02-18T09:44:40.840+0000][7][gc,age      ] GC(96) - age  11:      21080 bytes,    5977232 total
[2024-02-18T09:44:40.840+0000][7][gc,age      ] GC(96) - age  12:      19352 bytes,    5996584 total
[2024-02-18T09:44:40.840+0000][7][gc,age      ] GC(96) - age  13:       2648 bytes,    5999232 total
[2024-02-18T09:44:40.840+0000][7][gc,age      ] GC(96) - age  14:      89704 bytes,    6088936 total
[2024-02-18T09:44:40.840+0000][7][gc,age      ] GC(96) - age  15:      70152 bytes,    6159088 total
[2024-02-18T09:44:40.840+0000][7][gc,heap     ] GC(96) Eden regions: 74->0(74)
[2024-02-18T09:44:40.841+0000][7][gc,heap     ] GC(96) Survivor regions: 2->2(10)
[2024-02-18T09:44:40.841+0000][7][gc,heap     ] GC(96) Old regions: 30->30
[2024-02-18T09:44:40.841+0000][7][gc,heap     ] GC(96) Humongous regions: 2->2
[2024-02-18T09:44:40.841+0000][7][gc,metaspace] GC(96) Metaspace: 121403K(124864K)->121403K(124864K) NonClass: 105511K(107200K)->105511K(107200K) Class: 15892K(17664K)->15892K(17664K)
[2024-02-18T09:44:40.841+0000][7][gc          ] GC(96) Pause Young (Concurrent Start) (G1 Evacuation Pause) 426M->130M(512M) 5.844ms
[2024-02-18T09:44:40.841+0000][7][gc          ] GC(97) Concurrent Mark Cycle
[2024-02-18T09:44:40.841+0000][7][gc,marking  ] GC(97) Concurrent Scan Root Regions
[2024-02-18T09:44:40.841+0000][7][gc,cpu      ] GC(96) User=0.02s Sys=0.00s Real=0.01s
[2024-02-18T09:44:40.841+0000][7][safepoint   ] Safepoint "G1CollectForAllocation", Time since last: 5652799281 ns, Reaching safepoint: 34176 ns, Cleanup: 4218 ns, At safepoint: 6371954 ns, Total: 6410348 ns
[2024-02-18T09:44:40.843+0000][7][gc,marking  ] GC(97) Concurrent Scan Root Regions 1.304ms
[2024-02-18T09:44:40.843+0000][7][gc,marking  ] GC(97) Concurrent Mark
[2024-02-18T09:44:40.843+0000][7][gc,marking  ] GC(97) Concurrent Mark From Roots
[2024-02-18T09:44:40.843+0000][7][gc,task     ] GC(97) Using 3 workers of 3 for marking
[2024-02-18T09:44:40.877+0000][7][gc,marking  ] GC(97) Concurrent Mark From Roots 34.579ms
[2024-02-18T09:44:40.877+0000][7][gc,marking  ] GC(97) Concurrent Preclean
[2024-02-18T09:44:40.878+0000][7][gc,marking  ] GC(97) Concurrent Preclean 0.561ms
[2024-02-18T09:44:40.878+0000][7][gc,start    ] GC(97) Pause Remark
[2024-02-18T09:44:40.882+0000][7][gc          ] GC(97) Pause Remark 132M->132M(512M) 3.908ms
[2024-02-18T09:44:40.882+0000][7][gc,cpu      ] GC(97) User=0.02s Sys=0.00s Real=0.00s
[2024-02-18T09:44:40.882+0000][7][safepoint   ] Safepoint "G1PauseRemark", Time since last: 36708008 ns, Reaching safepoint: 14768 ns, Cleanup: 2765 ns, At safepoint: 4291108 ns, Total: 4308641 ns
[2024-02-18T09:44:40.883+0000][7][gc,marking  ] GC(97) Concurrent Mark 39.961ms
[2024-02-18T09:44:40.883+0000][7][gc,marking  ] GC(97) Concurrent Rebuild Remembered Sets and Scrub Regions
[2024-02-18T09:44:40.895+0000][7][gc,marking  ] GC(97) Concurrent Rebuild Remembered Sets and Scrub Regions 12.732ms
[2024-02-18T09:44:40.896+0000][7][gc,start    ] GC(97) Pause Cleanup
[2024-02-18T09:44:40.896+0000][7][gc          ] GC(97) Pause Cleanup 132M->132M(512M) 0.279ms
[2024-02-18T09:44:40.896+0000][7][gc,cpu      ] GC(97) User=0.00s Sys=0.00s Real=0.01s
[2024-02-18T09:44:40.896+0000][7][safepoint   ] Safepoint "G1PauseCleanup", Time since last: 13327427 ns, Reaching safepoint: 13486 ns, Cleanup: 6433 ns, At safepoint: 580091 ns, Total: 600010 ns
[2024-02-18T09:44:40.897+0000][7][gc,marking  ] GC(97) Concurrent Clear Claimed Marks
[2024-02-18T09:44:40.897+0000][7][gc,marking  ] GC(97) Concurrent Clear Claimed Marks 0.309ms
[2024-02-18T09:44:40.897+0000][7][gc,marking  ] GC(97) Concurrent Cleanup for Next Mark
[2024-02-18T09:44:40.898+0000][7][gc,marking  ] GC(97) Concurrent Cleanup for Next Mark 0.560ms
[2024-02-18T09:44:40.898+0000][7][gc          ] GC(97) Concurrent Mark Cycle 56.551ms
[2024-02-18T09:45:01.199+0000][7][safepoint   ] Safepoint "Cleanup", Time since last: 20302222108 ns, Reaching safepoint: 17373 ns, Cleanup: 9228 ns, At safepoint: 2725 ns, Total: 29326 ns
[2024-02-18T09:45:06.199+0000][7][safepoint   ] Safepoint "Cleanup", Time since last: 5000551998 ns, Reaching safepoint: 38163 ns, Cleanup: 15189 ns, At safepoint: 5190 ns, Total: 58542 ns
[2024-02-18T09:45:25.201+0000][7][safepoint   ] Safepoint "Cleanup", Time since last: 19001713925 ns, Reaching safepoint: 14838 ns, Cleanup: 10620 ns, At safepoint: 2736 ns, Total: 28194 ns
[2024-02-18T09:45:43.228+0000][7][gc,start    ] GC(98) Pause Young (Normal) (G1 Evacuation Pause)
[2024-02-18T09:45:43.228+0000][7][gc,task     ] GC(98) Using 12 workers of 13 for evacuation
[2024-02-18T09:45:43.228+0000][7][gc,age      ] GC(98) Desired survivor size 20971520 bytes, new threshold 15 (max threshold 15)
[2024-02-18T09:45:43.231+0000][7][gc,phases   ] GC(98)   Pre Evacuate Collection Set: 0.2ms
[2024-02-18T09:45:43.232+0000][7][gc,phases   ] GC(98)   Merge Heap Roots: 0.1ms
[2024-02-18T09:45:43.232+0000][7][gc,phases   ] GC(98)   Evacuate Collection Set: 2.1ms
[2024-02-18T09:45:43.232+0000][7][gc,phases   ] GC(98)   Post Evacuate Collection Set: 0.6ms
[2024-02-18T09:45:43.232+0000][7][gc,phases   ] GC(98)   Other: 0.3ms
[2024-02-18T09:45:43.232+0000][7][gc,age      ] GC(98) Age table with threshold 15 (max threshold 15)
[2024-02-18T09:45:43.232+0000][7][gc,age      ] GC(98) - age   1:     969288 bytes,     969288 total
[2024-02-18T09:45:43.232+0000][7][gc,age      ] GC(98) - age   2:      21544 bytes,     990832 total
[2024-02-18T09:45:43.232+0000][7][gc,age      ] GC(98) - age   3:     126472 bytes,    1117304 total
[2024-02-18T09:45:43.232+0000][7][gc,age      ] GC(98) - age   4:    3800896 bytes,    4918200 total
[2024-02-18T09:45:43.232+0000][7][gc,age      ] GC(98) - age   5:     362592 bytes,    5280792 total
[2024-02-18T09:45:43.233+0000][7][gc,age      ] GC(98) - age   6:     264600 bytes,    5545392 total
[2024-02-18T09:45:43.233+0000][7][gc,age      ] GC(98) - age   7:       1216 bytes,    5546608 total
[2024-02-18T09:45:43.233+0000][7][gc,age      ] GC(98) - age   8:       4360 bytes,    5550968 total
[2024-02-18T09:45:43.233+0000][7][gc,age      ] GC(98) - age   9:       2688 bytes,    5553656 total
[2024-02-18T09:45:43.233+0000][7][gc,age      ] GC(98) - age  10:      37976 bytes,    5591632 total
[2024-02-18T09:45:43.233+0000][7][gc,age      ] GC(98) - age  11:      27128 bytes,    5618760 total
[2024-02-18T09:45:43.233+0000][7][gc,age      ] GC(98) - age  12:      21080 bytes,    5639840 total
[2024-02-18T09:45:43.233+0000][7][gc,age      ] GC(98) - age  13:      19352 bytes,    5659192 total
[2024-02-18T09:45:43.233+0000][7][gc,age      ] GC(98) - age  14:       2648 bytes,    5661840 total
[2024-02-18T09:45:43.233+0000][7][gc,age      ] GC(98) - age  15:      89704 bytes,    5751544 total
[2024-02-18T09:45:43.233+0000][7][gc,heap     ] GC(98) Eden regions: 74->0(74)
[2024-02-18T09:45:43.234+0000][7][gc,heap     ] GC(98) Survivor regions: 2->2(10)
[2024-02-18T09:45:43.234+0000][7][gc,heap     ] GC(98) Old regions: 30->30
[2024-02-18T09:45:43.234+0000][7][gc,heap     ] GC(98) Humongous regions: 2->2
[2024-02-18T09:45:43.234+0000][7][gc,metaspace] GC(98) Metaspace: 121428K(124928K)->121428K(124928K) NonClass: 105534K(107264K)->105534K(107264K) Class: 15893K(17664K)->15893K(17664K)
[2024-02-18T09:45:43.234+0000][7][gc          ] GC(98) Pause Young (Normal) (G1 Evacuation Pause) 426M->130M(512M) 6.106ms
[2024-02-18T09:45:43.234+0000][7][gc,cpu      ] GC(98) User=0.02s Sys=0.00s Real=0.00s
[2024-02-18T09:45:43.234+0000][7][safepoint   ] Safepoint "G1CollectForAllocation", Time since last: 18026734799 ns, Reaching safepoint: 16051 ns, Cleanup: 3587 ns, At safepoint: 6373707 ns, Total: 6393345 ns
[2024-02-18T09:45:49.218+0000][7][safepoint   ] Safepoint "Cleanup", Time since last: 5983820905 ns, Reaching safepoint: 33364 ns, Cleanup: 20429 ns, At safepoint: 4078 ns, Total: 57871 ns
[2024-02-18T09:46:20.221+0000][7][safepoint   ] Safepoint "Cleanup", Time since last: 31003160104 ns, Reaching safepoint: 22814 ns, Cleanup: 15310 ns, At safepoint: 3306 ns, Total: 41430 ns
[2024-02-18T09:46:23.222+0000][7][safepoint   ] Safepoint "Cleanup", Time since last: 3000587370 ns, Reaching safepoint: 17523 ns, Cleanup: 9318 ns, At safepoint: 2345 ns, Total: 29186 ns
[2024-02-18T09:46:35.223+0000][7][safepoint   ] Safepoint "Cleanup", Time since last: 12001249367 ns, Reaching safepoint: 39857 ns, Cleanup: 22543 ns, At safepoint: 5791 ns, Total: 68191 ns
[2024-02-18T09:46:39.224+0000][7][safepoint   ] Safepoint "Cleanup", Time since last: 4000869788 ns, Reaching safepoint: 63542 ns, Cleanup: 21251 ns, At safepoint: 6272 ns, Total: 91065 ns
[2024-02-18T09:46:41.447+0000][7][gc,start    ] GC(99) Pause Young (Concurrent Start) (G1 Evacuation Pause)
[2024-02-18T09:46:41.447+0000][7][gc,task     ] GC(99) Using 12 workers of 13 for evacuation
[2024-02-18T09:46:41.448+0000][7][gc,age      ] GC(99) Desired survivor size 20971520 bytes, new threshold 15 (max threshold 15)
[2024-02-18T09:46:41.453+0000][7][gc,phases   ] GC(99)   Pre Evacuate Collection Set: 0.4ms
[2024-02-18T09:46:41.453+0000][7][gc,phases   ] GC(99)   Merge Heap Roots: 0.1ms
[2024-02-18T09:46:41.453+0000][7][gc,phases   ] GC(99)   Evacuate Collection Set: 3.1ms
[2024-02-18T09:46:41.454+0000][7][gc,phases   ] GC(99)   Post Evacuate Collection Set: 1.0ms
[2024-02-18T09:46:41.454+0000][7][gc,phases   ] GC(99)   Other: 0.5ms
[2024-02-18T09:46:41.454+0000][7][gc,age      ] GC(99) Age table with threshold 15 (max threshold 15)
[2024-02-18T09:46:41.454+0000][7][gc,age      ] GC(99) - age   1:    1847664 bytes,    1847664 total
[2024-02-18T09:46:41.454+0000][7][gc,age      ] GC(99) - age   2:      33712 bytes,    1881376 total
[2024-02-18T09:46:41.454+0000][7][gc,age      ] GC(99) - age   3:      16112 bytes,    1897488 total
[2024-02-18T09:46:41.455+0000][7][gc,age      ] GC(99) - age   4:     124656 bytes,    2022144 total
[2024-02-18T09:46:41.455+0000][7][gc,age      ] GC(99) - age   5:    3799296 bytes,    5821440 total
[2024-02-18T09:46:41.455+0000][7][gc,age      ] GC(99) - age   6:     362296 bytes,    6183736 total
[2024-02-18T09:46:41.455+0000][7][gc,age      ] GC(99) - age   7:     264600 bytes,    6448336 total
[2024-02-18T09:46:41.455+0000][7][gc,age      ] GC(99) - age   8:       1216 bytes,    6449552 total
[2024-02-18T09:46:41.455+0000][7][gc,age      ] GC(99) - age   9:       4360 bytes,    6453912 total
[2024-02-18T09:46:41.456+0000][7][gc,age      ] GC(99) - age  10:       2688 bytes,    6456600 total
[2024-02-18T09:46:41.456+0000][7][gc,age      ] GC(99) - age  11:      37976 bytes,    6494576 total
[2024-02-18T09:46:41.456+0000][7][gc,age      ] GC(99) - age  12:      27128 bytes,    6521704 total
[2024-02-18T09:46:41.456+0000][7][gc,age      ] GC(99) - age  13:      21080 bytes,    6542784 total
[2024-02-18T09:46:41.456+0000][7][gc,age      ] GC(99) - age  14:      19352 bytes,    6562136 total
[2024-02-18T09:46:41.456+0000][7][gc,age      ] GC(99) - age  15:       2648 bytes,    6564784 total
[2024-02-18T09:46:41.457+0000][7][gc,heap     ] GC(99) Eden regions: 74->0(74)
[2024-02-18T09:46:41.457+0000][7][gc,heap     ] GC(99) Survivor regions: 2->2(10)
[2024-02-18T09:46:41.457+0000][7][gc,heap     ] GC(99) Old regions: 30->30
[2024-02-18T09:46:41.457+0000][7][gc,heap     ] GC(99) Humongous regions: 2->2
[2024-02-18T09:46:41.457+0000][7][gc,metaspace] GC(99) Metaspace: 121447K(124928K)->121447K(124928K) NonClass: 105553K(107264K)->105553K(107264K) Class: 15893K(17664K)->15893K(17664K)
[2024-02-18T09:46:41.457+0000][7][gc          ] GC(99) Pause Young (Concurrent Start) (G1 Evacuation Pause) 426M->131M(512M) 10.229ms
[2024-02-18T09:46:41.458+0000][7][gc          ] GC(100) Concurrent Mark Cycle
[2024-02-18T09:46:41.458+0000][7][gc,marking  ] GC(100) Concurrent Scan Root Regions
[2024-02-18T09:46:41.458+0000][7][gc,cpu      ] GC(99) User=0.03s Sys=0.00s Real=0.01s
[2024-02-18T09:46:41.458+0000][7][safepoint   ] Safepoint "G1CollectForAllocation", Time since last: 2222978137 ns, Reaching safepoint: 37132 ns, Cleanup: 6632 ns, At safepoint: 11364482 ns, Total: 11408246 ns
[2024-02-18T09:46:41.462+0000][7][gc,marking  ] GC(100) Concurrent Scan Root Regions 3.991ms
[2024-02-18T09:46:41.462+0000][7][gc,marking  ] GC(100) Concurrent Mark
[2024-02-18T09:46:41.462+0000][7][gc,marking  ] GC(100) Concurrent Mark From Roots
[2024-02-18T09:46:41.462+0000][7][gc,task     ] GC(100) Using 3 workers of 3 for marking
[2024-02-18T09:46:41.504+0000][7][gc,marking  ] GC(100) Concurrent Mark From Roots 41.641ms
[2024-02-18T09:46:41.504+0000][7][gc,marking  ] GC(100) Concurrent Preclean
[2024-02-18T09:46:41.505+0000][7][gc,marking  ] GC(100) Concurrent Preclean 0.673ms
[2024-02-18T09:46:41.505+0000][7][gc,start    ] GC(100) Pause Remark
[2024-02-18T09:46:41.509+0000][7][gc          ] GC(100) Pause Remark 134M->134M(512M) 4.223ms
[2024-02-18T09:46:41.509+0000][7][gc,cpu      ] GC(100) User=0.02s Sys=0.00s Real=0.01s
[2024-02-18T09:46:41.510+0000][7][safepoint   ] Safepoint "G1PauseRemark", Time since last: 46484106 ns, Reaching safepoint: 20059 ns, Cleanup: 3346 ns, At safepoint: 4680945 ns, Total: 4704350 ns
[2024-02-18T09:46:41.510+0000][7][gc,marking  ] GC(100) Concurrent Mark 47.787ms
[2024-02-18T09:46:41.510+0000][7][gc,marking  ] GC(100) Concurrent Rebuild Remembered Sets and Scrub Regions
[2024-02-18T09:46:41.525+0000][7][gc,marking  ] GC(100) Concurrent Rebuild Remembered Sets and Scrub Regions 15.410ms
[2024-02-18T09:46:41.526+0000][7][gc,start    ] GC(100) Pause Cleanup
[2024-02-18T09:46:41.526+0000][7][gc          ] GC(100) Pause Cleanup 135M->135M(512M) 0.369ms
[2024-02-18T09:46:41.526+0000][7][gc,cpu      ] GC(100) User=0.00s Sys=0.00s Real=0.01s
[2024-02-18T09:46:41.526+0000][7][safepoint   ] Safepoint "G1PauseCleanup", Time since last: 16040923 ns, Reaching safepoint: 18195 ns, Cleanup: 4278 ns, At safepoint: 747242 ns, Total: 769715 ns
[2024-02-18T09:46:41.527+0000][7][gc,marking  ] GC(100) Concurrent Clear Claimed Marks
[2024-02-18T09:46:41.527+0000][7][gc,marking  ] GC(100) Concurrent Clear Claimed Marks 0.317ms
[2024-02-18T09:46:41.527+0000][7][gc,marking  ] GC(100) Concurrent Cleanup for Next Mark
[2024-02-18T09:46:41.528+0000][7][gc,marking  ] GC(100) Concurrent Cleanup for Next Mark 0.685ms
[2024-02-18T09:46:41.528+0000][7][gc          ] GC(100) Concurrent Mark Cycle 70.337ms
[2024-02-18T09:46:49.240+0000][7][safepoint   ] Safepoint "Cleanup", Time since last: 7713343314 ns, Reaching safepoint: 18986 ns, Cleanup: 11843 ns, At safepoint: 3035 ns, Total: 33864 ns
[2024-02-18T09:46:50.240+0000][7][safepoint   ] Safepoint "Cleanup", Time since last: 1000331588 ns, Reaching safepoint: 20840 ns, Cleanup: 13997 ns, At safepoint: 3447 ns, Total: 38284 ns
[2024-02-18T09:46:58.241+0000][7][safepoint   ] Safepoint "Cleanup", Time since last: 8001025678 ns, Reaching safepoint: 16271 ns, Cleanup: 7053 ns, At safepoint: 2545 ns, Total: 25869 ns
[2024-02-18T09:46:59.242+0000][7][safepoint   ] Safepoint "Cleanup", Time since last: 1000256485 ns, Reaching safepoint: 15600 ns, Cleanup: 8125 ns, At safepoint: 2896 ns, Total: 26621 ns
[2024-02-18T09:47:01.242+0000][7][safepoint   ] Safepoint "Cleanup", Time since last: 2000333439 ns, Reaching safepoint: 18365 ns, Cleanup: 10801 ns, At safepoint: 3446 ns, Total: 32612 ns
[2024-02-18T09:47:06.243+0000][7][safepoint   ] Safepoint "Cleanup", Time since last: 5000732203 ns, Reaching safepoint: 19888 ns, Cleanup: 14488 ns, At safepoint: 3116 ns, Total: 37492 ns
[2024-02-18T09:47:19.244+0000][7][safepoint   ] Safepoint "Cleanup", Time since last: 13001350651 ns, Reaching safepoint: 20209 ns, Cleanup: 12854 ns, At safepoint: 2876 ns, Total: 35939 ns
[2024-02-18T09:47:27.245+0000][7][safepoint   ] Safepoint "Cleanup", Time since last: 8000968619 ns, Reaching safepoint: 20819 ns, Cleanup: 15650 ns, At safepoint: 3096 ns, Total: 39565 ns
[2024-02-18T09:47:38.246+0000][7][safepoint   ] Safepoint "Cleanup", Time since last: 11001258895 ns, Reaching safepoint: 38955 ns, Cleanup: 15850 ns, At safepoint: 3246 ns, Total: 58051 ns
[2024-02-18T09:47:43.129+0000][7][gc,start    ] GC(101) Pause Young (Normal) (G1 Evacuation Pause)
[2024-02-18T09:47:43.129+0000][7][gc,task     ] GC(101) Using 12 workers of 13 for evacuation
[2024-02-18T09:47:43.129+0000][7][gc,age      ] GC(101) Desired survivor size 20971520 bytes, new threshold 15 (max threshold 15)
[2024-02-18T09:47:43.133+0000][7][gc,phases   ] GC(101)   Pre Evacuate Collection Set: 0.2ms
[2024-02-18T09:47:43.133+0000][7][gc,phases   ] GC(101)   Merge Heap Roots: 0.1ms
[2024-02-18T09:47:43.133+0000][7][gc,phases   ] GC(101)   Evacuate Collection Set: 2.5ms
[2024-02-18T09:47:43.133+0000][7][gc,phases   ] GC(101)   Post Evacuate Collection Set: 0.7ms
[2024-02-18T09:47:43.133+0000][7][gc,phases   ] GC(101)   Other: 0.3ms
[2024-02-18T09:47:43.133+0000][7][gc,age      ] GC(101) Age table with threshold 15 (max threshold 15)
[2024-02-18T09:47:43.134+0000][7][gc,age      ] GC(101) - age   1:    1573016 bytes,    1573016 total
[2024-02-18T09:47:43.134+0000][7][gc,age      ] GC(101) - age   2:      35552 bytes,    1608568 total
[2024-02-18T09:47:43.134+0000][7][gc,age      ] GC(101) - age   3:      29696 bytes,    1638264 total
[2024-02-18T09:47:43.134+0000][7][gc,age      ] GC(101) - age   4:      14968 bytes,    1653232 total
[2024-02-18T09:47:43.134+0000][7][gc,age      ] GC(101) - age   5:      98280 bytes,    1751512 total
[2024-02-18T09:47:43.134+0000][7][gc,age      ] GC(101) - age   6:    3698160 bytes,    5449672 total
[2024-02-18T09:47:43.134+0000][7][gc,age      ] GC(101) - age   7:     309080 bytes,    5758752 total
[2024-02-18T09:47:43.134+0000][7][gc,age      ] GC(101) - age   8:     165624 bytes,    5924376 total
[2024-02-18T09:47:43.134+0000][7][gc,age      ] GC(101) - age   9:       1216 bytes,    5925592 total
[2024-02-18T09:47:43.135+0000][7][gc,age      ] GC(101) - age  10:       4360 bytes,    5929952 total
[2024-02-18T09:47:43.135+0000][7][gc,age      ] GC(101) - age  11:       2688 bytes,    5932640 total
[2024-02-18T09:47:43.135+0000][7][gc,age      ] GC(101) - age  12:      21944 bytes,    5954584 total
[2024-02-18T09:47:43.135+0000][7][gc,age      ] GC(101) - age  13:       2544 bytes,    5957128 total
[2024-02-18T09:47:43.135+0000][7][gc,age      ] GC(101) - age  14:      21080 bytes,    5978208 total
[2024-02-18T09:47:43.135+0000][7][gc,age      ] GC(101) - age  15:      19352 bytes,    5997560 total
[2024-02-18T09:47:43.135+0000][7][gc,heap     ] GC(101) Eden regions: 74->0(74)
[2024-02-18T09:47:43.135+0000][7][gc,heap     ] GC(101) Survivor regions: 2->2(10)
[2024-02-18T09:47:43.135+0000][7][gc,heap     ] GC(101) Old regions: 30->30
[2024-02-18T09:47:43.135+0000][7][gc,heap     ] GC(101) Humongous regions: 2->2
[2024-02-18T09:47:43.135+0000][7][gc,metaspace] GC(101) Metaspace: 121464K(124928K)->121464K(124928K) NonClass: 105570K(107264K)->105570K(107264K) Class: 15893K(17664K)->15893K(17664K)
[2024-02-18T09:47:43.136+0000][7][gc          ] GC(101) Pause Young (Normal) (G1 Evacuation Pause) 427M->130M(512M) 6.889ms
[2024-02-18T09:47:43.136+0000][7][gc,cpu      ] GC(101) User=0.02s Sys=0.00s Real=0.00s
[2024-02-18T09:47:43.136+0000][7][safepoint   ] Safepoint "G1CollectForAllocation", Time since last: 4882146014 ns, Reaching safepoint: 17142 ns, Cleanup: 3718 ns, At safepoint: 7186829 ns, Total: 7207689 ns
[2024-02-18T09:47:59.261+0000][7][safepoint   ] Safepoint "Cleanup", Time since last: 16125241756 ns, Reaching safepoint: 21381 ns, Cleanup: 14868 ns, At safepoint: 3587 ns, Total: 39836 ns
[2024-02-18T09:48:01.262+0000][7][safepoint   ] Safepoint "Cleanup", Time since last: 2000528719 ns, Reaching safepoint: 19457 ns, Cleanup: 13456 ns, At safepoint: 3436 ns, Total: 36349 ns
[2024-02-18T09:48:06.262+0000][7][safepoint   ] Safepoint "Cleanup", Time since last: 5000720841 ns, Reaching safepoint: 19708 ns, Cleanup: 16591 ns, At safepoint: 3557 ns, Total: 39856 ns
[2024-02-18T09:48:08.263+0000][7][safepoint   ] Safepoint "Cleanup", Time since last: 2000439678 ns, Reaching safepoint: 15560 ns, Cleanup: 8196 ns, At safepoint: 2545 ns, Total: 26301 ns
[2024-02-18T09:48:20.264+0000][7][safepoint   ] Safepoint "Cleanup", Time since last: 12001232206 ns, Reaching safepoint: 19908 ns, Cleanup: 12073 ns, At safepoint: 3106 ns, Total: 35087 ns
[2024-02-18T09:48:43.273+0000][7][gc,start    ] GC(102) Pause Young (Concurrent Start) (G1 Evacuation Pause)
[2024-02-18T09:48:43.273+0000][7][gc,task     ] GC(102) Using 12 workers of 13 for evacuation
[2024-02-18T09:48:43.273+0000][7][gc,age      ] GC(102) Desired survivor size 20971520 bytes, new threshold 15 (max threshold 15)
[2024-02-18T09:48:43.277+0000][7][gc,phases   ] GC(102)   Pre Evacuate Collection Set: 0.2ms
[2024-02-18T09:48:43.277+0000][7][gc,phases   ] GC(102)   Merge Heap Roots: 0.1ms
[2024-02-18T09:48:43.277+0000][7][gc,phases   ] GC(102)   Evacuate Collection Set: 2.0ms
[2024-02-18T09:48:43.277+0000][7][gc,phases   ] GC(102)   Post Evacuate Collection Set: 0.6ms
[2024-02-18T09:48:43.277+0000][7][gc,phases   ] GC(102)   Other: 0.3ms
[2024-02-18T09:48:43.277+0000][7][gc,age      ] GC(102) Age table with threshold 15 (max threshold 15)
[2024-02-18T09:48:43.277+0000][7][gc,age      ] GC(102) - age   1:    1896400 bytes,    1896400 total
[2024-02-18T09:48:43.278+0000][7][gc,age      ] GC(102) - age   2:     181328 bytes,    2077728 total
[2024-02-18T09:48:43.278+0000][7][gc,age      ] GC(102) - age   3:      30440 bytes,    2108168 total
[2024-02-18T09:48:43.278+0000][7][gc,age      ] GC(102) - age   4:      28920 bytes,    2137088 total
[2024-02-18T09:48:43.278+0000][7][gc,age      ] GC(102) - age   5:      14904 bytes,    2151992 total
[2024-02-18T09:48:43.278+0000][7][gc,age      ] GC(102) - age   6:      98136 bytes,    2250128 total
[2024-02-18T09:48:43.278+0000][7][gc,age      ] GC(102) - age   7:    3697336 bytes,    5947464 total
[2024-02-18T09:48:43.278+0000][7][gc,age      ] GC(102) - age   8:     309080 bytes,    6256544 total
[2024-02-18T09:48:43.278+0000][7][gc,age      ] GC(102) - age   9:     165528 bytes,    6422072 total
[2024-02-18T09:48:43.278+0000][7][gc,age      ] GC(102) - age  10:       1216 bytes,    6423288 total
[2024-02-18T09:48:43.278+0000][7][gc,age      ] GC(102) - age  11:       4360 bytes,    6427648 total
[2024-02-18T09:48:43.278+0000][7][gc,age      ] GC(102) - age  12:       2688 bytes,    6430336 total
[2024-02-18T09:48:43.279+0000][7][gc,age      ] GC(102) - age  13:      21944 bytes,    6452280 total
[2024-02-18T09:48:43.279+0000][7][gc,age      ] GC(102) - age  14:       2544 bytes,    6454824 total
[2024-02-18T09:48:43.279+0000][7][gc,age      ] GC(102) - age  15:      21080 bytes,    6475904 total
[2024-02-18T09:48:43.279+0000][7][gc,heap     ] GC(102) Eden regions: 74->0(74)
[2024-02-18T09:48:43.279+0000][7][gc,heap     ] GC(102) Survivor regions: 2->2(10)
[2024-02-18T09:48:43.279+0000][7][gc,heap     ] GC(102) Old regions: 30->30
[2024-02-18T09:48:43.279+0000][7][gc,heap     ] GC(102) Humongous regions: 2->2
[2024-02-18T09:48:43.279+0000][7][gc,metaspace] GC(102) Metaspace: 121478K(124928K)->121478K(124928K) NonClass: 105584K(107264K)->105584K(107264K) Class: 15893K(17664K)->15893K(17664K)
[2024-02-18T09:48:43.279+0000][7][gc          ] GC(102) Pause Young (Concurrent Start) (G1 Evacuation Pause) 426M->131M(512M) 6.262ms
[2024-02-18T09:48:43.280+0000][7][gc          ] GC(103) Concurrent Mark Cycle
[2024-02-18T09:48:43.280+0000][7][gc,marking  ] GC(103) Concurrent Scan Root Regions
[2024-02-18T09:48:43.280+0000][7][gc,cpu      ] GC(102) User=0.00s Sys=0.02s Real=0.01s
[2024-02-18T09:48:43.280+0000][7][safepoint   ] Safepoint "G1CollectForAllocation", Time since last: 23008912725 ns, Reaching safepoint: 18114 ns, Cleanup: 3958 ns, At safepoint: 6808570 ns, Total: 6830642 ns
[2024-02-18T09:48:43.281+0000][7][gc,marking  ] GC(103) Concurrent Scan Root Regions 1.511ms
[2024-02-18T09:48:43.281+0000][7][gc,marking  ] GC(103) Concurrent Mark
[2024-02-18T09:48:43.281+0000][7][gc,marking  ] GC(103) Concurrent Mark From Roots
[2024-02-18T09:48:43.282+0000][7][gc,task     ] GC(103) Using 3 workers of 3 for marking
[2024-02-18T09:48:43.323+0000][7][gc,marking  ] GC(103) Concurrent Mark From Roots 41.803ms
[2024-02-18T09:48:43.323+0000][7][gc,marking  ] GC(103) Concurrent Preclean
[2024-02-18T09:48:43.324+0000][7][gc,marking  ] GC(103) Concurrent Preclean 0.604ms
[2024-02-18T09:48:43.324+0000][7][gc,start    ] GC(103) Pause Remark
[2024-02-18T09:48:43.328+0000][7][gc          ] GC(103) Pause Remark 138M->138M(512M) 3.872ms
[2024-02-18T09:48:43.329+0000][7][gc,cpu      ] GC(103) User=0.03s Sys=0.00s Real=0.01s
[2024-02-18T09:48:43.329+0000][7][safepoint   ] Safepoint "G1PauseRemark", Time since last: 44314416 ns, Reaching safepoint: 261401 ns, Cleanup: 3597 ns, At safepoint: 4290947 ns, Total: 4555945 ns
[2024-02-18T09:48:43.329+0000][7][gc,marking  ] GC(103) Concurrent Mark 47.550ms
[2024-02-18T09:48:43.329+0000][7][gc,marking  ] GC(103) Concurrent Rebuild Remembered Sets and Scrub Regions
[2024-02-18T09:48:43.342+0000][7][gc,marking  ] GC(103) Concurrent Rebuild Remembered Sets and Scrub Regions 12.847ms
[2024-02-18T09:48:43.342+0000][7][gc,start    ] GC(103) Pause Cleanup
[2024-02-18T09:48:43.342+0000][7][gc          ] GC(103) Pause Cleanup 139M->139M(512M) 0.266ms
[2024-02-18T09:48:43.343+0000][7][gc,cpu      ] GC(103) User=0.00s Sys=0.00s Real=0.00s
[2024-02-18T09:48:43.343+0000][7][safepoint   ] Safepoint "G1PauseCleanup", Time since last: 13307289 ns, Reaching safepoint: 13756 ns, Cleanup: 3497 ns, At safepoint: 570632 ns, Total: 587885 ns
[2024-02-18T09:48:43.343+0000][7][gc,marking  ] GC(103) Concurrent Clear Claimed Marks
[2024-02-18T09:48:43.343+0000][7][gc,marking  ] GC(103) Concurrent Clear Claimed Marks 0.316ms
[2024-02-18T09:48:43.343+0000][7][gc,marking  ] GC(103) Concurrent Cleanup for Next Mark
[2024-02-18T09:48:43.344+0000][7][gc,marking  ] GC(103) Concurrent Cleanup for Next Mark 0.652ms
[2024-02-18T09:48:43.344+0000][7][gc          ] GC(103) Concurrent Mark Cycle 64.622ms
[2024-02-18T09:48:51.281+0000][7][safepoint   ] Safepoint "Cleanup", Time since last: 7938339436 ns, Reaching safepoint: 20720 ns, Cleanup: 15971 ns, At safepoint: 3085 ns, Total: 39776 ns
[2024-02-18T09:49:43.127+0000][7][gc,start    ] GC(104) Pause Young (Normal) (G1 Evacuation Pause)
[2024-02-18T09:49:43.127+0000][7][gc,task     ] GC(104) Using 12 workers of 13 for evacuation
[2024-02-18T09:49:43.127+0000][7][gc,age      ] GC(104) Desired survivor size 20971520 bytes, new threshold 15 (max threshold 15)
[2024-02-18T09:49:43.130+0000][7][gc,phases   ] GC(104)   Pre Evacuate Collection Set: 0.2ms
[2024-02-18T09:49:43.130+0000][7][gc,phases   ] GC(104)   Merge Heap Roots: 0.1ms
[2024-02-18T09:49:43.130+0000][7][gc,phases   ] GC(104)   Evacuate Collection Set: 1.9ms
[2024-02-18T09:49:43.130+0000][7][gc,phases   ] GC(104)   Post Evacuate Collection Set: 0.6ms
[2024-02-18T09:49:43.130+0000][7][gc,phases   ] GC(104)   Other: 0.2ms
[2024-02-18T09:49:43.131+0000][7][gc,age      ] GC(104) Age table with threshold 15 (max threshold 15)
[2024-02-18T09:49:43.131+0000][7][gc,age      ] GC(104) - age   1:    1411064 bytes,    1411064 total
[2024-02-18T09:49:43.131+0000][7][gc,age      ] GC(104) - age   2:     140000 bytes,    1551064 total
[2024-02-18T09:49:43.131+0000][7][gc,age      ] GC(104) - age   3:     177640 bytes,    1728704 total
[2024-02-18T09:49:43.131+0000][7][gc,age      ] GC(104) - age   4:      28680 bytes,    1757384 total
[2024-02-18T09:49:43.131+0000][7][gc,age      ] GC(104) - age   5:      28216 bytes,    1785600 total
[2024-02-18T09:49:43.131+0000][7][gc,age      ] GC(104) - age   6:      13768 bytes,    1799368 total
[2024-02-18T09:49:43.131+0000][7][gc,age      ] GC(104) - age   7:      97760 bytes,    1897128 total
[2024-02-18T09:49:43.131+0000][7][gc,age      ] GC(104) - age   8:    3693192 bytes,    5590320 total
[2024-02-18T09:49:43.131+0000][7][gc,age      ] GC(104) - age   9:     308432 bytes,    5898752 total
[2024-02-18T09:49:43.132+0000][7][gc,age      ] GC(104) - age  10:     165528 bytes,    6064280 total
[2024-02-18T09:49:43.132+0000][7][gc,age      ] GC(104) - age  11:       1216 bytes,    6065496 total
[2024-02-18T09:49:43.132+0000][7][gc,age      ] GC(104) - age  12:       4360 bytes,    6069856 total
[2024-02-18T09:49:43.132+0000][7][gc,age      ] GC(104) - age  13:       2688 bytes,    6072544 total
[2024-02-18T09:49:43.132+0000][7][gc,age      ] GC(104) - age  14:      21944 bytes,    6094488 total
[2024-02-18T09:49:43.132+0000][7][gc,age      ] GC(104) - age  15:       2544 bytes,    6097032 total
[2024-02-18T09:49:43.132+0000][7][gc,heap     ] GC(104) Eden regions: 74->0(74)
[2024-02-18T09:49:43.132+0000][7][gc,heap     ] GC(104) Survivor regions: 2->2(10)
[2024-02-18T09:49:43.133+0000][7][gc,heap     ] GC(104) Old regions: 30->30
[2024-02-18T09:49:43.133+0000][7][gc,heap     ] GC(104) Humongous regions: 2->2
[2024-02-18T09:49:43.133+0000][7][gc,metaspace] GC(104) Metaspace: 121485K(124928K)->121485K(124928K) NonClass: 105592K(107264K)->105592K(107264K) Class: 15893K(17664K)->15893K(17664K)
[2024-02-18T09:49:43.133+0000][7][gc          ] GC(104) Pause Young (Normal) (G1 Evacuation Pause) 427M->130M(512M) 6.032ms
[2024-02-18T09:49:43.133+0000][7][gc,cpu      ] GC(104) User=0.01s Sys=0.01s Real=0.00s
[2024-02-18T09:49:43.133+0000][7][safepoint   ] Safepoint "G1CollectForAllocation", Time since last: 51845601616 ns, Reaching safepoint: 31110 ns, Cleanup: 10600 ns, At safepoint: 6302897 ns, Total: 6344607 ns
[2024-02-18T09:49:46.302+0000][7][safepoint   ] Safepoint "Cleanup", Time since last: 3168621887 ns, Reaching safepoint: 17674 ns, Cleanup: 9498 ns, At safepoint: 2805 ns, Total: 29977 ns
[2024-02-18T09:49:52.302+0000][7][safepoint   ] Safepoint "Cleanup", Time since last: 6000689118 ns, Reaching safepoint: 25679 ns, Cleanup: 12835 ns, At safepoint: 3126 ns, Total: 41640 ns
[2024-02-18T09:50:01.303+0000][7][safepoint   ] Safepoint "Cleanup", Time since last: 9000961884 ns, Reaching safepoint: 16542 ns, Cleanup: 8967 ns, At safepoint: 3156 ns, Total: 28665 ns
[2024-02-18T09:50:06.303+0000][7][safepoint   ] Safepoint "Cleanup", Time since last: 5000575653 ns, Reaching safepoint: 20900 ns, Cleanup: 14037 ns, At safepoint: 3066 ns, Total: 38003 ns
[2024-02-18T09:50:19.305+0000][7][safepoint   ] Safepoint "Cleanup", Time since last: 13001356662 ns, Reaching safepoint: 38243 ns, Cleanup: 10982 ns, At safepoint: 3005 ns, Total: 52230 ns
[2024-02-18T09:50:22.305+0000][7][safepoint   ] Safepoint "Cleanup", Time since last: 3000450361 ns, Reaching safepoint: 16462 ns, Cleanup: 9578 ns, At safepoint: 13646 ns, Total: 39686 ns
[2024-02-18T09:50:25.306+0000][7][safepoint   ] Safepoint "Cleanup", Time since last: 3000440564 ns, Reaching safepoint: 17022 ns, Cleanup: 16963 ns, At safepoint: 3176 ns, Total: 37161 ns
[2024-02-18T09:50:26.307+0000][7][safepoint   ] Safepoint "Cleanup", Time since last: 1000288716 ns, Reaching safepoint: 18145 ns, Cleanup: 9197 ns, At safepoint: 2645 ns, Total: 29987 ns
[2024-02-18T09:50:34.307+0000][7][safepoint   ] Safepoint "Cleanup", Time since last: 8000796164 ns, Reaching safepoint: 18576 ns, Cleanup: 12343 ns, At safepoint: 2876 ns, Total: 33795 ns
[2024-02-18T09:50:43.219+0000][7][gc,start    ] GC(105) Pause Young (Concurrent Start) (G1 Evacuation Pause)
[2024-02-18T09:50:43.220+0000][7][gc,task     ] GC(105) Using 12 workers of 13 for evacuation
[2024-02-18T09:50:43.220+0000][7][gc,age      ] GC(105) Desired survivor size 20971520 bytes, new threshold 15 (max threshold 15)
[2024-02-18T09:50:43.223+0000][7][gc,phases   ] GC(105)   Pre Evacuate Collection Set: 0.2ms
[2024-02-18T09:50:43.223+0000][7][gc,phases   ] GC(105)   Merge Heap Roots: 0.1ms
[2024-02-18T09:50:43.223+0000][7][gc,phases   ] GC(105)   Evacuate Collection Set: 1.9ms
[2024-02-18T09:50:43.223+0000][7][gc,phases   ] GC(105)   Post Evacuate Collection Set: 0.6ms
[2024-02-18T09:50:43.223+0000][7][gc,phases   ] GC(105)   Other: 0.4ms
[2024-02-18T09:50:43.223+0000][7][gc,age      ] GC(105) Age table with threshold 15 (max threshold 15)
[2024-02-18T09:50:43.223+0000][7][gc,age      ] GC(105) - age   1:     491712 bytes,     491712 total
[2024-02-18T09:50:43.224+0000][7][gc,age      ] GC(105) - age   2:      28176 bytes,     519888 total
[2024-02-18T09:50:43.224+0000][7][gc,age      ] GC(105) - age   3:     135728 bytes,     655616 total
[2024-02-18T09:50:43.224+0000][7][gc,age      ] GC(105) - age   4:     177192 bytes,     832808 total
[2024-02-18T09:50:43.224+0000][7][gc,age      ] GC(105) - age   5:      28392 bytes,     861200 total
[2024-02-18T09:50:43.224+0000][7][gc,age      ] GC(105) - age   6:      27896 bytes,     889096 total
[2024-02-18T09:50:43.224+0000][7][gc,age      ] GC(105) - age   7:      11560 bytes,     900656 total
[2024-02-18T09:50:43.224+0000][7][gc,age      ] GC(105) - age   8:      81352 bytes,     982008 total
[2024-02-18T09:50:43.224+0000][7][gc,age      ] GC(105) - age   9:    3693032 bytes,    4675040 total
[2024-02-18T09:50:43.225+0000][7][gc,age      ] GC(105) - age  10:     308432 bytes,    4983472 total
[2024-02-18T09:50:43.225+0000][7][gc,age      ] GC(105) - age  11:     165336 bytes,    5148808 total
[2024-02-18T09:50:43.225+0000][7][gc,age      ] GC(105) - age  12:       1216 bytes,    5150024 total
[2024-02-18T09:50:43.225+0000][7][gc,age      ] GC(105) - age  13:       4360 bytes,    5154384 total
[2024-02-18T09:50:43.225+0000][7][gc,age      ] GC(105) - age  14:       2688 bytes,    5157072 total
[2024-02-18T09:50:43.225+0000][7][gc,age      ] GC(105) - age  15:      21944 bytes,    5179016 total
[2024-02-18T09:50:43.225+0000][7][gc,heap     ] GC(105) Eden regions: 74->0(74)
[2024-02-18T09:50:43.225+0000][7][gc,heap     ] GC(105) Survivor regions: 2->2(10)
[2024-02-18T09:50:43.225+0000][7][gc,heap     ] GC(105) Old regions: 30->30
[2024-02-18T09:50:43.225+0000][7][gc,heap     ] GC(105) Humongous regions: 2->2
[2024-02-18T09:50:43.226+0000][7][gc,metaspace] GC(105) Metaspace: 121489K(124928K)->121489K(124928K) NonClass: 105596K(107264K)->105596K(107264K) Class: 15893K(17664K)->15893K(17664K)
[2024-02-18T09:50:43.226+0000][7][gc          ] GC(105) Pause Young (Concurrent Start) (G1 Evacuation Pause) 426M->129M(512M) 6.290ms
[2024-02-18T09:50:43.226+0000][7][gc          ] GC(106) Concurrent Mark Cycle
[2024-02-18T09:50:43.226+0000][7][gc,marking  ] GC(106) Concurrent Scan Root Regions
[2024-02-18T09:50:43.226+0000][7][gc,cpu      ] GC(105) User=0.01s Sys=0.00s Real=0.00s
[2024-02-18T09:50:43.226+0000][7][safepoint   ] Safepoint "G1CollectForAllocation", Time since last: 8911949368 ns, Reaching safepoint: 31580 ns, Cleanup: 4209 ns, At safepoint: 6889669 ns, Total: 6925458 ns
[2024-02-18T09:50:43.227+0000][7][gc,marking  ] GC(106) Concurrent Scan Root Regions 1.308ms
[2024-02-18T09:50:43.227+0000][7][gc,marking  ] GC(106) Concurrent Mark
[2024-02-18T09:50:43.228+0000][7][gc,marking  ] GC(106) Concurrent Mark From Roots
[2024-02-18T09:50:43.228+0000][7][gc,task     ] GC(106) Using 3 workers of 3 for marking
[2024-02-18T09:50:43.262+0000][7][gc,marking  ] GC(106) Concurrent Mark From Roots 34.526ms
[2024-02-18T09:50:43.262+0000][7][gc,marking  ] GC(106) Concurrent Preclean
[2024-02-18T09:50:43.263+0000][7][gc,marking  ] GC(106) Concurrent Preclean 0.623ms
[2024-02-18T09:50:43.263+0000][7][gc,start    ] GC(106) Pause Remark
[2024-02-18T09:50:43.267+0000][7][gc          ] GC(106) Pause Remark 132M->132M(512M) 3.984ms
[2024-02-18T09:50:43.268+0000][7][gc,cpu      ] GC(106) User=0.03s Sys=0.00s Real=0.01s
[2024-02-18T09:50:43.268+0000][7][safepoint   ] Safepoint "G1PauseRemark", Time since last: 36984583 ns, Reaching safepoint: 18295 ns, Cleanup: 3347 ns, At safepoint: 4374362 ns, Total: 4396004 ns
[2024-02-18T09:50:43.268+0000][7][gc,marking  ] GC(106) Concurrent Mark 40.342ms
[2024-02-18T09:50:43.268+0000][7][gc,marking  ] GC(106) Concurrent Rebuild Remembered Sets and Scrub Regions
[2024-02-18T09:50:43.284+0000][7][gc,marking  ] GC(106) Concurrent Rebuild Remembered Sets and Scrub Regions 15.646ms
[2024-02-18T09:50:43.284+0000][7][gc,start    ] GC(106) Pause Cleanup
[2024-02-18T09:50:43.284+0000][7][gc          ] GC(106) Pause Cleanup 132M->132M(512M) 0.287ms
[2024-02-18T09:50:43.284+0000][7][gc,cpu      ] GC(106) User=0.00s Sys=0.00s Real=0.00s
[2024-02-18T09:50:43.284+0000][7][safepoint   ] Safepoint "G1PauseCleanup", Time since last: 16229110 ns, Reaching safepoint: 13836 ns, Cleanup: 4499 ns, At safepoint: 559305 ns, Total: 577640 ns
[2024-02-18T09:50:43.285+0000][7][gc,marking  ] GC(106) Concurrent Clear Claimed Marks
[2024-02-18T09:50:43.285+0000][7][gc,marking  ] GC(106) Concurrent Clear Claimed Marks 0.310ms
[2024-02-18T09:50:43.285+0000][7][gc,marking  ] GC(106) Concurrent Cleanup for Next Mark
[2024-02-18T09:50:43.285+0000][7][gc,marking  ] GC(106) Concurrent Cleanup for Next Mark 0.412ms
[2024-02-18T09:50:43.286+0000][7][gc          ] GC(106) Concurrent Mark Cycle 59.731ms
[2024-02-18T09:50:52.322+0000][7][safepoint   ] Safepoint "Cleanup", Time since last: 9037594834 ns, Reaching safepoint: 20018 ns, Cleanup: 13125 ns, At safepoint: 3267 ns, Total: 36410 ns
[2024-02-18T09:51:01.323+0000][7][safepoint   ] Safepoint "Cleanup", Time since last: 9001002722 ns, Reaching safepoint: 18836 ns, Cleanup: 13656 ns, At safepoint: 3257 ns, Total: 35749 ns
[2024-02-18T09:51:06.324+0000][7][safepoint   ] Safepoint "Cleanup", Time since last: 5000721592 ns, Reaching safepoint: 35868 ns, Cleanup: 35108 ns, At safepoint: 4418 ns, Total: 75394 ns
[2024-02-18T09:51:43.132+0000][7][gc,start    ] GC(107) Pause Young (Normal) (G1 Evacuation Pause)
[2024-02-18T09:51:43.132+0000][7][gc,task     ] GC(107) Using 12 workers of 13 for evacuation
[2024-02-18T09:51:43.132+0000][7][gc,age      ] GC(107) Desired survivor size 20971520 bytes, new threshold 15 (max threshold 15)
[2024-02-18T09:51:43.135+0000][7][gc,phases   ] GC(107)   Pre Evacuate Collection Set: 0.2ms
[2024-02-18T09:51:43.135+0000][7][gc,phases   ] GC(107)   Merge Heap Roots: 0.1ms
[2024-02-18T09:51:43.136+0000][7][gc,phases   ] GC(107)   Evacuate Collection Set: 2.1ms
[2024-02-18T09:51:43.136+0000][7][gc,phases   ] GC(107)   Post Evacuate Collection Set: 0.6ms
[2024-02-18T09:51:43.136+0000][7][gc,phases   ] GC(107)   Other: 0.2ms
[2024-02-18T09:51:43.136+0000][7][gc,age      ] GC(107) Age table with threshold 15 (max threshold 15)
[2024-02-18T09:51:43.136+0000][7][gc,age      ] GC(107) - age   1:    1614728 bytes,    1614728 total
[2024-02-18T09:51:43.136+0000][7][gc,age      ] GC(107) - age   2:      15928 bytes,    1630656 total
[2024-02-18T09:51:43.136+0000][7][gc,age      ] GC(107) - age   3:      22600 bytes,    1653256 total
[2024-02-18T09:51:43.136+0000][7][gc,age      ] GC(107) - age   4:     134632 bytes,    1787888 total
[2024-02-18T09:51:43.136+0000][7][gc,age      ] GC(107) - age   5:     177128 bytes,    1965016 total
[2024-02-18T09:51:43.136+0000][7][gc,age      ] GC(107) - age   6:      28072 bytes,    1993088 total
[2024-02-18T09:51:43.137+0000][7][gc,age      ] GC(107) - age   7:      26456 bytes,    2019544 total
[2024-02-18T09:51:43.137+0000][7][gc,age      ] GC(107) - age   8:      11560 bytes,    2031104 total
[2024-02-18T09:51:43.137+0000][7][gc,age      ] GC(107) - age   9:      81208 bytes,    2112312 total
[2024-02-18T09:51:43.137+0000][7][gc,age      ] GC(107) - age  10:    3691392 bytes,    5803704 total
[2024-02-18T09:51:43.137+0000][7][gc,age      ] GC(107) - age  11:     308432 bytes,    6112136 total
[2024-02-18T09:51:43.137+0000][7][gc,age      ] GC(107) - age  12:     165336 bytes,    6277472 total
[2024-02-18T09:51:43.137+0000][7][gc,age      ] GC(107) - age  13:       1216 bytes,    6278688 total
[2024-02-18T09:51:43.137+0000][7][gc,age      ] GC(107) - age  14:       4360 bytes,    6283048 total
[2024-02-18T09:51:43.137+0000][7][gc,age      ] GC(107) - age  15:       2688 bytes,    6285736 total
[2024-02-18T09:51:43.137+0000][7][gc,heap     ] GC(107) Eden regions: 74->0(74)
[2024-02-18T09:51:43.137+0000][7][gc,heap     ] GC(107) Survivor regions: 2->2(10)
[2024-02-18T09:51:43.138+0000][7][gc,heap     ] GC(107) Old regions: 30->30
[2024-02-18T09:51:43.138+0000][7][gc,heap     ] GC(107) Humongous regions: 2->2
[2024-02-18T09:51:43.138+0000][7][gc,metaspace] GC(107) Metaspace: 121495K(124928K)->121495K(124928K) NonClass: 105601K(107264K)->105601K(107264K) Class: 15893K(17664K)->15893K(17664K)
[2024-02-18T09:51:43.138+0000][7][gc          ] GC(107) Pause Young (Normal) (G1 Evacuation Pause) 425M->131M(512M) 6.020ms
[2024-02-18T09:51:43.138+0000][7][gc,cpu      ] GC(107) User=0.02s Sys=0.00s Real=0.01s
[2024-02-18T09:51:43.138+0000][7][safepoint   ] Safepoint "G1CollectForAllocation", Time since last: 36807785911 ns, Reaching safepoint: 31671 ns, Cleanup: 3477 ns, At safepoint: 6284737 ns, Total: 6319885 ns
[2024-02-18T09:51:54.343+0000][7][safepoint   ] Safepoint "Cleanup", Time since last: 11205245471 ns, Reaching safepoint: 19968 ns, Cleanup: 16682 ns, At safepoint: 2936 ns, Total: 39586 ns
[2024-02-18T09:51:55.344+0000][7][safepoint   ] Safepoint "Cleanup", Time since last: 1000342564 ns, Reaching safepoint: 18004 ns, Cleanup: 11693 ns, At safepoint: 3386 ns, Total: 33083 ns
[2024-02-18T09:51:59.344+0000][7][safepoint   ] Safepoint "Cleanup", Time since last: 4000621653 ns, Reaching safepoint: 20860 ns, Cleanup: 14307 ns, At safepoint: 3427 ns, Total: 38594 ns
[2024-02-18T09:52:01.345+0000][7][safepoint   ] Safepoint "Cleanup", Time since last: 2000441767 ns, Reaching safepoint: 17223 ns, Cleanup: 9267 ns, At safepoint: 2946 ns, Total: 29436 ns
[2024-02-18T09:52:02.345+0000][7][safepoint   ] Safepoint "Cleanup", Time since last: 1000280250 ns, Reaching safepoint: 23575 ns, Cleanup: 16712 ns, At safepoint: 3447 ns, Total: 43734 ns
[2024-02-18T09:52:04.346+0000][7][safepoint   ] Safepoint "Cleanup", Time since last: 2000528408 ns, Reaching safepoint: 20720 ns, Cleanup: 13345 ns, At safepoint: 3367 ns, Total: 37432 ns
[2024-02-18T09:52:06.346+0000][7][safepoint   ] Safepoint "Cleanup", Time since last: 2000527927 ns, Reaching safepoint: 19387 ns, Cleanup: 13656 ns, At safepoint: 3417 ns, Total: 36460 ns
[2024-02-18T09:52:07.347+0000][7][safepoint   ] Safepoint "Cleanup", Time since last: 1000311830 ns, Reaching safepoint: 16371 ns, Cleanup: 9558 ns, At safepoint: 3186 ns, Total: 29115 ns
[2024-02-18T09:52:10.347+0000][7][safepoint   ] Safepoint "Cleanup", Time since last: 3000416958 ns, Reaching safepoint: 38725 ns, Cleanup: 18204 ns, At safepoint: 3567 ns, Total: 60496 ns
[2024-02-18T09:52:21.348+0000][7][safepoint   ] Safepoint "Cleanup", Time since last: 11001221913 ns, Reaching safepoint: 30950 ns, Cleanup: 17293 ns, At safepoint: 4759 ns, Total: 53002 ns
[2024-02-18T09:52:37.350+0000][7][safepoint   ] Safepoint "Cleanup", Time since last: 16001782007 ns, Reaching safepoint: 15209 ns, Cleanup: 7604 ns, At safepoint: 2585 ns, Total: 25398 ns
[2024-02-18T09:52:43.361+0000][7][gc,start    ] GC(108) Pause Young (Concurrent Start) (G1 Evacuation Pause)
[2024-02-18T09:52:43.361+0000][7][gc,task     ] GC(108) Using 12 workers of 13 for evacuation
[2024-02-18T09:52:43.361+0000][7][gc,age      ] GC(108) Desired survivor size 20971520 bytes, new threshold 15 (max threshold 15)
[2024-02-18T09:52:43.365+0000][7][gc,phases   ] GC(108)   Pre Evacuate Collection Set: 0.3ms
[2024-02-18T09:52:43.365+0000][7][gc,phases   ] GC(108)   Merge Heap Roots: 0.1ms
[2024-02-18T09:52:43.365+0000][7][gc,phases   ] GC(108)   Evacuate Collection Set: 2.5ms
[2024-02-18T09:52:43.365+0000][7][gc,phases   ] GC(108)   Post Evacuate Collection Set: 0.6ms
[2024-02-18T09:52:43.365+0000][7][gc,phases   ] GC(108)   Other: 0.4ms
[2024-02-18T09:52:43.365+0000][7][gc,age      ] GC(108) Age table with threshold 15 (max threshold 15)
[2024-02-18T09:52:43.366+0000][7][gc,age      ] GC(108) - age   1:    1022880 bytes,    1022880 total
[2024-02-18T09:52:43.366+0000][7][gc,age      ] GC(108) - age   2:      33032 bytes,    1055912 total
[2024-02-18T09:52:43.366+0000][7][gc,age      ] GC(108) - age   3:      13448 bytes,    1069360 total
[2024-02-18T09:52:43.366+0000][7][gc,age      ] GC(108) - age   4:      21584 bytes,    1090944 total
[2024-02-18T09:52:43.366+0000][7][gc,age      ] GC(108) - age   5:      11048 bytes,    1101992 total
[2024-02-18T09:52:43.366+0000][7][gc,age      ] GC(108) - age   6:     100352 bytes,    1202344 total
[2024-02-18T09:52:43.366+0000][7][gc,age      ] GC(108) - age   7:      27296 bytes,    1229640 total
[2024-02-18T09:52:43.366+0000][7][gc,age      ] GC(108) - age   8:      25368 bytes,    1255008 total
[2024-02-18T09:52:43.366+0000][7][gc,age      ] GC(108) - age   9:      11560 bytes,    1266568 total
[2024-02-18T09:52:43.367+0000][7][gc,age      ] GC(108) - age  10:      81208 bytes,    1347776 total
[2024-02-18T09:52:43.367+0000][7][gc,age      ] GC(108) - age  11:    3691232 bytes,    5039008 total
[2024-02-18T09:52:43.367+0000][7][gc,age      ] GC(108) - age  12:     308272 bytes,    5347280 total
[2024-02-18T09:52:43.367+0000][7][gc,age      ] GC(108) - age  13:     163752 bytes,    5511032 total
[2024-02-18T09:52:43.367+0000][7][gc,age      ] GC(108) - age  14:       1216 bytes,    5512248 total
[2024-02-18T09:52:43.367+0000][7][gc,age      ] GC(108) - age  15:       4360 bytes,    5516608 total
[2024-02-18T09:52:43.367+0000][7][gc,heap     ] GC(108) Eden regions: 74->0(74)
[2024-02-18T09:52:43.367+0000][7][gc,heap     ] GC(108) Survivor regions: 2->2(10)
[2024-02-18T09:52:43.367+0000][7][gc,heap     ] GC(108) Old regions: 30->30
[2024-02-18T09:52:43.367+0000][7][gc,heap     ] GC(108) Humongous regions: 2->2
[2024-02-18T09:52:43.368+0000][7][gc,metaspace] GC(108) Metaspace: 121508K(124928K)->121508K(124928K) NonClass: 105614K(107264K)->105614K(107264K) Class: 15894K(17664K)->15894K(17664K)
[2024-02-18T09:52:43.368+0000][7][gc          ] GC(108) Pause Young (Concurrent Start) (G1 Evacuation Pause) 427M->130M(512M) 6.992ms
[2024-02-18T09:52:43.368+0000][7][gc          ] GC(109) Concurrent Mark Cycle
[2024-02-18T09:52:43.368+0000][7][gc,marking  ] GC(109) Concurrent Scan Root Regions
[2024-02-18T09:52:43.368+0000][7][gc,cpu      ] GC(108) User=0.01s Sys=0.00s Real=0.01s
[2024-02-18T09:52:43.368+0000][7][safepoint   ] Safepoint "G1CollectForAllocation", Time since last: 6010308582 ns, Reaching safepoint: 37743 ns, Cleanup: 4288 ns, At safepoint: 7552911 ns, Total: 7594942 ns
[2024-02-18T09:52:43.369+0000][7][gc,marking  ] GC(109) Concurrent Scan Root Regions 1.242ms
[2024-02-18T09:52:43.369+0000][7][gc,marking  ] GC(109) Concurrent Mark
[2024-02-18T09:52:43.369+0000][7][gc,marking  ] GC(109) Concurrent Mark From Roots
[2024-02-18T09:52:43.369+0000][7][gc,task     ] GC(109) Using 3 workers of 3 for marking
[2024-02-18T09:52:43.404+0000][7][gc,marking  ] GC(109) Concurrent Mark From Roots 34.927ms
[2024-02-18T09:52:43.404+0000][7][gc,marking  ] GC(109) Concurrent Preclean
[2024-02-18T09:52:43.405+0000][7][gc,marking  ] GC(109) Concurrent Preclean 0.611ms
[2024-02-18T09:52:43.405+0000][7][gc,start    ] GC(109) Pause Remark
[2024-02-18T09:52:43.409+0000][7][gc          ] GC(109) Pause Remark 132M->132M(512M) 3.824ms
[2024-02-18T09:52:43.409+0000][7][gc,cpu      ] GC(109) User=0.03s Sys=0.00s Real=0.01s
[2024-02-18T09:52:43.409+0000][7][safepoint   ] Safepoint "G1PauseRemark", Time since last: 36991686 ns, Reaching safepoint: 17483 ns, Cleanup: 3116 ns, At safepoint: 4240667 ns, Total: 4261266 ns
[2024-02-18T09:52:43.410+0000][7][gc,marking  ] GC(109) Concurrent Mark 40.368ms
[2024-02-18T09:52:43.410+0000][7][gc,marking  ] GC(109) Concurrent Rebuild Remembered Sets and Scrub Regions
[2024-02-18T09:52:43.423+0000][7][gc,marking  ] GC(109) Concurrent Rebuild Remembered Sets and Scrub Regions 13.329ms
[2024-02-18T09:52:43.424+0000][7][gc,start    ] GC(109) Pause Cleanup
[2024-02-18T09:52:43.424+0000][7][gc          ] GC(109) Pause Cleanup 135M->135M(512M) 0.263ms
[2024-02-18T09:52:43.424+0000][7][gc,cpu      ] GC(109) User=0.00s Sys=0.00s Real=0.00s
[2024-02-18T09:52:43.424+0000][7][safepoint   ] Safepoint "G1PauseCleanup", Time since last: 14299734 ns, Reaching safepoint: 12784 ns, Cleanup: 4459 ns, At safepoint: 551861 ns, Total: 569104 ns
[2024-02-18T09:52:43.424+0000][7][gc,marking  ] GC(109) Concurrent Clear Claimed Marks
[2024-02-18T09:52:43.425+0000][7][gc,marking  ] GC(109) Concurrent Clear Claimed Marks 0.294ms
[2024-02-18T09:52:43.425+0000][7][gc,marking  ] GC(109) Concurrent Cleanup for Next Mark
[2024-02-18T09:52:43.425+0000][7][gc,marking  ] GC(109) Concurrent Cleanup for Next Mark 0.532ms
[2024-02-18T09:52:43.426+0000][7][gc          ] GC(109) Concurrent Mark Cycle 57.721ms
[2024-02-18T09:52:49.364+0000][7][safepoint   ] Safepoint "Cleanup", Time since last: 5939700927 ns, Reaching safepoint: 21201 ns, Cleanup: 15960 ns, At safepoint: 3056 ns, Total: 40217 ns
[2024-02-18T09:52:55.365+0000][7][safepoint   ] Safepoint "Cleanup", Time since last: 6000728312 ns, Reaching safepoint: 23626 ns, Cleanup: 11361 ns, At safepoint: 2876 ns, Total: 37863 ns
[2024-02-18T09:52:58.365+0000][7][safepoint   ] Safepoint "Cleanup", Time since last: 3000491676 ns, Reaching safepoint: 17263 ns, Cleanup: 10080 ns, At safepoint: 2835 ns, Total: 30178 ns
[2024-02-18T09:53:06.366+0000][7][safepoint   ] Safepoint "Cleanup", Time since last: 8000986614 ns, Reaching safepoint: 21050 ns, Cleanup: 14478 ns, At safepoint: 2735 ns, Total: 38263 ns
[2024-02-18T09:53:08.367+0000][7][safepoint   ] Safepoint "Cleanup", Time since last: 2000538027 ns, Reaching safepoint: 20649 ns, Cleanup: 13847 ns, At safepoint: 3406 ns, Total: 37902 ns
[2024-02-18T09:53:09.367+0000][7][safepoint   ] Safepoint "Cleanup", Time since last: 1000354768 ns, Reaching safepoint: 20379 ns, Cleanup: 13816 ns, At safepoint: 3016 ns, Total: 37211 ns
[2024-02-18T09:53:10.368+0000][7][safepoint   ] Safepoint "Cleanup", Time since last: 1000389334 ns, Reaching safepoint: 19066 ns, Cleanup: 12955 ns, At safepoint: 3256 ns, Total: 35277 ns
[2024-02-18T09:53:19.369+0000][7][safepoint   ] Safepoint "Cleanup", Time since last: 9001111021 ns, Reaching safepoint: 39806 ns, Cleanup: 21661 ns, At safepoint: 5351 ns, Total: 66818 ns
[2024-02-18T09:53:37.371+0000][7][safepoint   ] Safepoint "Cleanup", Time since last: 18002069016 ns, Reaching safepoint: 16732 ns, Cleanup: 10661 ns, At safepoint: 3176 ns, Total: 30569 ns
[2024-02-18T09:53:43.093+0000][7][gc,start    ] GC(110) Pause Young (Normal) (G1 Evacuation Pause)
[2024-02-18T09:53:43.093+0000][7][gc,task     ] GC(110) Using 12 workers of 13 for evacuation
[2024-02-18T09:53:43.093+0000][7][gc,age      ] GC(110) Desired survivor size 20971520 bytes, new threshold 15 (max threshold 15)
[2024-02-18T09:53:43.096+0000][7][gc,phases   ] GC(110)   Pre Evacuate Collection Set: 0.3ms
[2024-02-18T09:53:43.097+0000][7][gc,phases   ] GC(110)   Merge Heap Roots: 0.2ms
[2024-02-18T09:53:43.097+0000][7][gc,phases   ] GC(110)   Evacuate Collection Set: 2.0ms
[2024-02-18T09:53:43.097+0000][7][gc,phases   ] GC(110)   Post Evacuate Collection Set: 0.7ms
[2024-02-18T09:53:43.097+0000][7][gc,phases   ] GC(110)   Other: 0.5ms
[2024-02-18T09:53:43.097+0000][7][gc,age      ] GC(110) Age table with threshold 15 (max threshold 15)
[2024-02-18T09:53:43.097+0000][7][gc,age      ] GC(110) - age   1:    1554144 bytes,    1554144 total
[2024-02-18T09:53:43.097+0000][7][gc,age      ] GC(110) - age   2:     100176 bytes,    1654320 total
[2024-02-18T09:53:43.098+0000][7][gc,age      ] GC(110) - age   3:      26992 bytes,    1681312 total
[2024-02-18T09:53:43.098+0000][7][gc,age      ] GC(110) - age   4:      12776 bytes,    1694088 total
[2024-02-18T09:53:43.098+0000][7][gc,age      ] GC(110) - age   5:      21016 bytes,    1715104 total
[2024-02-18T09:53:43.098+0000][7][gc,age      ] GC(110) - age   6:      10696 bytes,    1725800 total
[2024-02-18T09:53:43.098+0000][7][gc,age      ] GC(110) - age   7:     100288 bytes,    1826088 total
[2024-02-18T09:53:43.098+0000][7][gc,age      ] GC(110) - age   8:      27296 bytes,    1853384 total
[2024-02-18T09:53:43.098+0000][7][gc,age      ] GC(110) - age   9:      24816 bytes,    1878200 total
[2024-02-18T09:53:43.098+0000][7][gc,age      ] GC(110) - age  10:      10344 bytes,    1888544 total
[2024-02-18T09:53:43.098+0000][7][gc,age      ] GC(110) - age  11:      78416 bytes,    1966960 total
[2024-02-18T09:53:43.099+0000][7][gc,age      ] GC(110) - age  12:    3689896 bytes,    5656856 total
[2024-02-18T09:53:43.099+0000][7][gc,age      ] GC(110) - age  13:     308272 bytes,    5965128 total
[2024-02-18T09:53:43.099+0000][7][gc,age      ] GC(110) - age  14:     163752 bytes,    6128880 total
[2024-02-18T09:53:43.099+0000][7][gc,age      ] GC(110) - age  15:       1216 bytes,    6130096 total
[2024-02-18T09:53:43.099+0000][7][gc,heap     ] GC(110) Eden regions: 74->0(74)
[2024-02-18T09:53:43.099+0000][7][gc,heap     ] GC(110) Survivor regions: 2->2(10)
[2024-02-18T09:53:43.099+0000][7][gc,heap     ] GC(110) Old regions: 30->30
[2024-02-18T09:53:43.099+0000][7][gc,heap     ] GC(110) Humongous regions: 2->2
[2024-02-18T09:53:43.099+0000][7][gc,metaspace] GC(110) Metaspace: 121518K(124992K)->121518K(124992K) NonClass: 105623K(107328K)->105623K(107328K) Class: 15895K(17664K)->15895K(17664K)
[2024-02-18T09:53:43.099+0000][7][gc          ] GC(110) Pause Young (Normal) (G1 Evacuation Pause) 426M->131M(512M) 6.970ms
[2024-02-18T09:53:43.100+0000][7][gc,cpu      ] GC(110) User=0.02s Sys=0.00s Real=0.01s
[2024-02-18T09:53:43.100+0000][7][safepoint   ] Safepoint "G1CollectForAllocation", Time since last: 5721442223 ns, Reaching safepoint: 16171 ns, Cleanup: 3707 ns, At safepoint: 7270807 ns, Total: 7290685 ns
[2024-02-18T09:53:56.386+0000][7][safepoint   ] Safepoint "Cleanup", Time since last: 13286435155 ns, Reaching safepoint: 20750 ns, Cleanup: 13646 ns, At safepoint: 3186 ns, Total: 37582 ns
[2024-02-18T09:53:59.387+0000][7][safepoint   ] Safepoint "Cleanup", Time since last: 3000553163 ns, Reaching safepoint: 19518 ns, Cleanup: 15028 ns, At safepoint: 2856 ns, Total: 37402 ns
[2024-02-18T09:54:04.388+0000][7][safepoint   ] Safepoint "Cleanup", Time since last: 5000680424 ns, Reaching safepoint: 24557 ns, Cleanup: 12173 ns, At safepoint: 3377 ns, Total: 40107 ns
[2024-02-18T09:54:05.388+0000][7][safepoint   ] Safepoint "Cleanup", Time since last: 1000401165 ns, Reaching safepoint: 22403 ns, Cleanup: 17303 ns, At safepoint: 3257 ns, Total: 42963 ns
[2024-02-18T09:54:06.388+0000][7][safepoint   ] Safepoint "Cleanup", Time since last: 1000381308 ns, Reaching safepoint: 19738 ns, Cleanup: 22603 ns, At safepoint: 3126 ns, Total: 45467 ns
[2024-02-18T09:54:09.389+0000][7][safepoint   ] Safepoint "Cleanup", Time since last: 3000571439 ns, Reaching safepoint: 19968 ns, Cleanup: 15680 ns, At safepoint: 3196 ns, Total: 38844 ns
[2024-02-18T09:54:10.389+0000][7][safepoint   ] Safepoint "Cleanup", Time since last: 1000369166 ns, Reaching safepoint: 19367 ns, Cleanup: 13095 ns, At safepoint: 23495 ns, Total: 55957 ns
[2024-02-18T09:54:32.391+0000][7][safepoint   ] Safepoint "Cleanup", Time since last: 22002091921 ns, Reaching safepoint: 20099 ns, Cleanup: 14287 ns, At safepoint: 3126 ns, Total: 37512 ns
[2024-02-18T09:54:33.391+0000][7][safepoint   ] Safepoint "Cleanup", Time since last: 1000403311 ns, Reaching safepoint: 20910 ns, Cleanup: 14027 ns, At safepoint: 3136 ns, Total: 38073 ns
[2024-02-18T09:54:35.392+0000][7][safepoint   ] Safepoint "Cleanup", Time since last: 2000419389 ns, Reaching safepoint: 21050 ns, Cleanup: 13386 ns, At safepoint: 2915 ns, Total: 37351 ns
[2024-02-18T09:54:43.095+0000][7][gc,start    ] GC(111) Pause Young (Concurrent Start) (G1 Evacuation Pause)
[2024-02-18T09:54:43.095+0000][7][gc,task     ] GC(111) Using 12 workers of 13 for evacuation
[2024-02-18T09:54:43.095+0000][7][gc,age      ] GC(111) Desired survivor size 20971520 bytes, new threshold 15 (max threshold 15)
[2024-02-18T09:54:43.098+0000][7][gc,phases   ] GC(111)   Pre Evacuate Collection Set: 0.2ms
[2024-02-18T09:54:43.099+0000][7][gc,phases   ] GC(111)   Merge Heap Roots: 0.1ms
[2024-02-18T09:54:43.099+0000][7][gc,phases   ] GC(111)   Evacuate Collection Set: 1.9ms
[2024-02-18T09:54:43.099+0000][7][gc,phases   ] GC(111)   Post Evacuate Collection Set: 0.6ms
[2024-02-18T09:54:43.099+0000][7][gc,phases   ] GC(111)   Other: 0.3ms
[2024-02-18T09:54:43.099+0000][7][gc,age      ] GC(111) Age table with threshold 15 (max threshold 15)
[2024-02-18T09:54:43.099+0000][7][gc,age      ] GC(111) - age   1:    1247696 bytes,    1247696 total
[2024-02-18T09:54:43.099+0000][7][gc,age      ] GC(111) - age   2:      58856 bytes,    1306552 total
[2024-02-18T09:54:43.099+0000][7][gc,age      ] GC(111) - age   3:      41688 bytes,    1348240 total
[2024-02-18T09:54:43.099+0000][7][gc,age      ] GC(111) - age   4:      24952 bytes,    1373192 total
[2024-02-18T09:54:43.100+0000][7][gc,age      ] GC(111) - age   5:      12712 bytes,    1385904 total
[2024-02-18T09:54:43.100+0000][7][gc,age      ] GC(111) - age   6:      20920 bytes,    1406824 total
[2024-02-18T09:54:43.100+0000][7][gc,age      ] GC(111) - age   7:      10288 bytes,    1417112 total
[2024-02-18T09:54:43.100+0000][7][gc,age      ] GC(111) - age   8:      99824 bytes,    1516936 total
[2024-02-18T09:54:43.100+0000][7][gc,age      ] GC(111) - age   9:      27296 bytes,    1544232 total
[2024-02-18T09:54:43.100+0000][7][gc,age      ] GC(111) - age  10:      24496 bytes,    1568728 total
[2024-02-18T09:54:43.100+0000][7][gc,age      ] GC(111) - age  11:       9272 bytes,    1578000 total
[2024-02-18T09:54:43.100+0000][7][gc,age      ] GC(111) - age  12:      78416 bytes,    1656416 total
[2024-02-18T09:54:43.100+0000][7][gc,age      ] GC(111) - age  13:    3688616 bytes,    5345032 total
[2024-02-18T09:54:43.100+0000][7][gc,age      ] GC(111) - age  14:     294096 bytes,    5639128 total
[2024-02-18T09:54:43.101+0000][7][gc,age      ] GC(111) - age  15:     163752 bytes,    5802880 total
[2024-02-18T09:54:43.101+0000][7][gc,heap     ] GC(111) Eden regions: 74->0(74)
[2024-02-18T09:54:43.101+0000][7][gc,heap     ] GC(111) Survivor regions: 2->2(10)
[2024-02-18T09:54:43.101+0000][7][gc,heap     ] GC(111) Old regions: 30->30
[2024-02-18T09:54:43.101+0000][7][gc,heap     ] GC(111) Humongous regions: 2->2
[2024-02-18T09:54:43.101+0000][7][gc,metaspace] GC(111) Metaspace: 121536K(124992K)->121536K(124992K) NonClass: 105639K(107328K)->105639K(107328K) Class: 15896K(17664K)->15896K(17664K)
[2024-02-18T09:54:43.101+0000][7][gc          ] GC(111) Pause Young (Concurrent Start) (G1 Evacuation Pause) 427M->130M(512M) 6.177ms
[2024-02-18T09:54:43.101+0000][7][gc          ] GC(112) Concurrent Mark Cycle
[2024-02-18T09:54:43.101+0000][7][gc,marking  ] GC(112) Concurrent Scan Root Regions
[2024-02-18T09:54:43.101+0000][7][gc,cpu      ] GC(111) User=0.02s Sys=0.00s Real=0.01s
[2024-02-18T09:54:43.103+0000][7][safepoint   ] Safepoint "G1CollectForAllocation", Time since last: 7703208417 ns, Reaching safepoint: 21250 ns, Cleanup: 3487 ns, At safepoint: 7702593 ns, Total: 7727330 ns
[2024-02-18T09:54:43.103+0000][7][gc,marking  ] GC(112) Concurrent Scan Root Regions 1.457ms
[2024-02-18T09:54:43.103+0000][7][gc,marking  ] GC(112) Concurrent Mark
[2024-02-18T09:54:43.103+0000][7][gc,marking  ] GC(112) Concurrent Mark From Roots
[2024-02-18T09:54:43.103+0000][7][gc,task     ] GC(112) Using 3 workers of 3 for marking
[2024-02-18T09:54:43.146+0000][7][gc,marking  ] GC(112) Concurrent Mark From Roots 43.015ms
[2024-02-18T09:54:43.146+0000][7][gc,marking  ] GC(112) Concurrent Preclean
[2024-02-18T09:54:43.147+0000][7][gc,marking  ] GC(112) Concurrent Preclean 0.576ms
[2024-02-18T09:54:43.147+0000][7][gc,start    ] GC(112) Pause Remark
[2024-02-18T09:54:43.151+0000][7][gc          ] GC(112) Pause Remark 138M->138M(512M) 4.340ms
[2024-02-18T09:54:43.152+0000][7][gc,cpu      ] GC(112) User=0.03s Sys=0.00s Real=0.00s
[2024-02-18T09:54:43.152+0000][7][safepoint   ] Safepoint "G1PauseRemark", Time since last: 44435878 ns, Reaching safepoint: 17053 ns, Cleanup: 3076 ns, At safepoint: 4760528 ns, Total: 4780657 ns
[2024-02-18T09:54:43.152+0000][7][gc,marking  ] GC(112) Concurrent Mark 49.150ms
[2024-02-18T09:54:43.152+0000][7][gc,marking  ] GC(112) Concurrent Rebuild Remembered Sets and Scrub Regions
[2024-02-18T09:54:43.167+0000][7][gc,marking  ] GC(112) Concurrent Rebuild Remembered Sets and Scrub Regions 14.761ms
[2024-02-18T09:54:43.167+0000][7][gc,start    ] GC(112) Pause Cleanup
[2024-02-18T09:54:43.168+0000][7][gc          ] GC(112) Pause Cleanup 138M->138M(512M) 0.252ms
[2024-02-18T09:54:43.168+0000][7][gc,cpu      ] GC(112) User=0.00s Sys=0.00s Real=0.00s
[2024-02-18T09:54:43.168+0000][7][safepoint   ] Safepoint "G1PauseCleanup", Time since last: 15364789 ns, Reaching safepoint: 16501 ns, Cleanup: 4699 ns, At safepoint: 558810 ns, Total: 580010 ns
[2024-02-18T09:54:43.168+0000][7][gc,marking  ] GC(112) Concurrent Clear Claimed Marks
[2024-02-18T09:54:43.168+0000][7][gc,marking  ] GC(112) Concurrent Clear Claimed Marks 0.308ms
[2024-02-18T09:54:43.168+0000][7][gc,marking  ] GC(112) Concurrent Cleanup for Next Mark
[2024-02-18T09:54:43.169+0000][7][gc,marking  ] GC(112) Concurrent Cleanup for Next Mark 0.523ms
[2024-02-18T09:54:43.169+0000][7][gc          ] GC(112) Concurrent Mark Cycle 67.775ms
[2024-02-18T09:54:49.405+0000][7][safepoint   ] Safepoint "Cleanup", Time since last: 6237432154 ns, Reaching safepoint: 19367 ns, Cleanup: 11563 ns, At safepoint: 3797 ns, Total: 34727 ns
[2024-02-18T09:54:51.406+0000][7][safepoint   ] Safepoint "Cleanup", Time since last: 2000393189 ns, Reaching safepoint: 19838 ns, Cleanup: 13225 ns, At safepoint: 3136 ns, Total: 36199 ns
[2024-02-18T09:55:01.408+0000][7][safepoint   ] Safepoint "Cleanup", Time since last: 10001107481 ns, Reaching safepoint: 28515 ns, Cleanup: 13746 ns, At safepoint: 3467 ns, Total: 45728 ns
[2024-02-18T09:55:06.408+0000][7][safepoint   ] Safepoint "Cleanup", Time since last: 5000698998 ns, Reaching safepoint: 17554 ns, Cleanup: 9378 ns, At safepoint: 2615 ns, Total: 29547 ns
[2024-02-18T09:55:36.411+0000][7][safepoint   ] Safepoint "Cleanup", Time since last: 30002745548 ns, Reaching safepoint: 19538 ns, Cleanup: 13275 ns, At safepoint: 3076 ns, Total: 35889 ns
[2024-02-18T09:55:37.842+0000][7][gc,start    ] GC(113) Pause Young (Normal) (G1 Evacuation Pause)
[2024-02-18T09:55:37.843+0000][7][gc,task     ] GC(113) Using 12 workers of 13 for evacuation
[2024-02-18T09:55:37.843+0000][7][gc,age      ] GC(113) Desired survivor size 20971520 bytes, new threshold 15 (max threshold 15)
[2024-02-18T09:55:37.846+0000][7][gc,phases   ] GC(113)   Pre Evacuate Collection Set: 0.2ms
[2024-02-18T09:55:37.846+0000][7][gc,phases   ] GC(113)   Merge Heap Roots: 0.1ms
[2024-02-18T09:55:37.846+0000][7][gc,phases   ] GC(113)   Evacuate Collection Set: 1.8ms
[2024-02-18T09:55:37.846+0000][7][gc,phases   ] GC(113)   Post Evacuate Collection Set: 0.6ms
[2024-02-18T09:55:37.846+0000][7][gc,phases   ] GC(113)   Other: 0.3ms
[2024-02-18T09:55:37.846+0000][7][gc,age      ] GC(113) Age table with threshold 15 (max threshold 15)
[2024-02-18T09:55:37.846+0000][7][gc,age      ] GC(113) - age   1:    1948960 bytes,    1948960 total
[2024-02-18T09:55:37.847+0000][7][gc,age      ] GC(113) - age   2:     266536 bytes,    2215496 total
[2024-02-18T09:55:37.847+0000][7][gc,age      ] GC(113) - age   3:      51616 bytes,    2267112 total
[2024-02-18T09:55:37.847+0000][7][gc,age      ] GC(113) - age   4:      41560 bytes,    2308672 total
[2024-02-18T09:55:37.847+0000][7][gc,age      ] GC(113) - age   5:      23712 bytes,    2332384 total
[2024-02-18T09:55:37.847+0000][7][gc,age      ] GC(113) - age   6:      12648 bytes,    2345032 total
[2024-02-18T09:55:37.847+0000][7][gc,age      ] GC(113) - age   7:      20920 bytes,    2365952 total
[2024-02-18T09:55:37.847+0000][7][gc,age      ] GC(113) - age   8:      10288 bytes,    2376240 total
[2024-02-18T09:55:37.847+0000][7][gc,age      ] GC(113) - age   9:      99824 bytes,    2476064 total
[2024-02-18T09:55:37.847+0000][7][gc,age      ] GC(113) - age  10:      27296 bytes,    2503360 total
[2024-02-18T09:55:37.848+0000][7][gc,age      ] GC(113) - age  11:      24496 bytes,    2527856 total
[2024-02-18T09:55:37.848+0000][7][gc,age      ] GC(113) - age  12:       9272 bytes,    2537128 total
[2024-02-18T09:55:37.848+0000][7][gc,age      ] GC(113) - age  13:      78416 bytes,    2615544 total
[2024-02-18T09:55:37.848+0000][7][gc,age      ] GC(113) - age  14:    3687496 bytes,    6303040 total
[2024-02-18T09:55:37.848+0000][7][gc,age      ] GC(113) - age  15:     294096 bytes,    6597136 total
[2024-02-18T09:55:37.848+0000][7][gc,heap     ] GC(113) Eden regions: 74->0(74)
[2024-02-18T09:55:37.848+0000][7][gc,heap     ] GC(113) Survivor regions: 2->2(10)
[2024-02-18T09:55:37.848+0000][7][gc,heap     ] GC(113) Old regions: 30->30
[2024-02-18T09:55:37.848+0000][7][gc,heap     ] GC(113) Humongous regions: 2->2
[2024-02-18T09:55:37.848+0000][7][gc,metaspace] GC(113) Metaspace: 121566K(124992K)->121566K(124992K) NonClass: 105669K(107328K)->105669K(107328K) Class: 15897K(17664K)->15897K(17664K)
[2024-02-18T09:55:37.849+0000][7][gc          ] GC(113) Pause Young (Normal) (G1 Evacuation Pause) 426M->131M(512M) 6.100ms
[2024-02-18T09:55:37.849+0000][7][gc,cpu      ] GC(113) User=0.01s Sys=0.01s Real=0.01s
[2024-02-18T09:55:37.849+0000][7][safepoint   ] Safepoint "G1CollectForAllocation", Time since last: 1431291485 ns, Reaching safepoint: 17564 ns, Cleanup: 3647 ns, At safepoint: 6381732 ns, Total: 6402943 ns
[2024-02-18T09:56:06.427+0000][7][safepoint   ] Safepoint "Cleanup", Time since last: 28578181991 ns, Reaching safepoint: 18716 ns, Cleanup: 18496 ns, At safepoint: 2845 ns, Total: 40057 ns
[2024-02-18T09:56:37.430+0000][7][safepoint   ] Safepoint "Cleanup", Time since last: 31003059147 ns, Reaching safepoint: 16893 ns, Cleanup: 8466 ns, At safepoint: 2715 ns, Total: 28074 ns
[2024-02-18T09:56:43.101+0000][7][gc,start    ] GC(114) Pause Young (Concurrent Start) (G1 Evacuation Pause)
[2024-02-18T09:56:43.101+0000][7][gc,task     ] GC(114) Using 12 workers of 13 for evacuation
[2024-02-18T09:56:43.101+0000][7][gc,age      ] GC(114) Desired survivor size 20971520 bytes, new threshold 15 (max threshold 15)
[2024-02-18T09:56:43.105+0000][7][gc,phases   ] GC(114)   Pre Evacuate Collection Set: 0.3ms
[2024-02-18T09:56:43.105+0000][7][gc,phases   ] GC(114)   Merge Heap Roots: 0.1ms
[2024-02-18T09:56:43.105+0000][7][gc,phases   ] GC(114)   Evacuate Collection Set: 2.2ms
[2024-02-18T09:56:43.105+0000][7][gc,phases   ] GC(114)   Post Evacuate Collection Set: 0.7ms
[2024-02-18T09:56:43.105+0000][7][gc,phases   ] GC(114)   Other: 0.4ms
[2024-02-18T09:56:43.105+0000][7][gc,age      ] GC(114) Age table with threshold 15 (max threshold 15)
[2024-02-18T09:56:43.106+0000][7][gc,age      ] GC(114) - age   1:    1044336 bytes,    1044336 total
[2024-02-18T09:56:43.106+0000][7][gc,age      ] GC(114) - age   2:      96760 bytes,    1141096 total
[2024-02-18T09:56:43.106+0000][7][gc,age      ] GC(114) - age   3:     263224 bytes,    1404320 total
[2024-02-18T09:56:43.106+0000][7][gc,age      ] GC(114) - age   4:      48680 bytes,    1453000 total
[2024-02-18T09:56:43.106+0000][7][gc,age      ] GC(114) - age   5:      40512 bytes,    1493512 total
[2024-02-18T09:56:43.106+0000][7][gc,age      ] GC(114) - age   6:      23712 bytes,    1517224 total
[2024-02-18T09:56:43.106+0000][7][gc,age      ] GC(114) - age   7:      12616 bytes,    1529840 total
[2024-02-18T09:56:43.106+0000][7][gc,age      ] GC(114) - age   8:      20920 bytes,    1550760 total
[2024-02-18T09:56:43.107+0000][7][gc,age      ] GC(114) - age   9:      10288 bytes,    1561048 total
[2024-02-18T09:56:43.107+0000][7][gc,age      ] GC(114) - age  10:      99824 bytes,    1660872 total
[2024-02-18T09:56:43.107+0000][7][gc,age      ] GC(114) - age  11:      27296 bytes,    1688168 total
[2024-02-18T09:56:43.107+0000][7][gc,age      ] GC(114) - age  12:      24176 bytes,    1712344 total
[2024-02-18T09:56:43.107+0000][7][gc,age      ] GC(114) - age  13:       8200 bytes,    1720544 total
[2024-02-18T09:56:43.107+0000][7][gc,age      ] GC(114) - age  14:      78416 bytes,    1798960 total
[2024-02-18T09:56:43.107+0000][7][gc,age      ] GC(114) - age  15:    3687336 bytes,    5486296 total
[2024-02-18T09:56:43.107+0000][7][gc,heap     ] GC(114) Eden regions: 74->0(74)
[2024-02-18T09:56:43.107+0000][7][gc,heap     ] GC(114) Survivor regions: 2->2(10)
[2024-02-18T09:56:43.107+0000][7][gc,heap     ] GC(114) Old regions: 30->30
[2024-02-18T09:56:43.108+0000][7][gc,heap     ] GC(114) Humongous regions: 2->2
[2024-02-18T09:56:43.108+0000][7][gc,metaspace] GC(114) Metaspace: 121598K(124992K)->121598K(124992K) NonClass: 105701K(107328K)->105701K(107328K) Class: 15897K(17664K)->15897K(17664K)
[2024-02-18T09:56:43.108+0000][7][gc          ] GC(114) Pause Young (Concurrent Start) (G1 Evacuation Pause) 427M->130M(512M) 6.790ms
[2024-02-18T09:56:43.108+0000][7][gc          ] GC(115) Concurrent Mark Cycle
[2024-02-18T09:56:43.108+0000][7][gc,marking  ] GC(115) Concurrent Scan Root Regions
[2024-02-18T09:56:43.108+0000][7][gc,cpu      ] GC(114) User=0.01s Sys=0.00s Real=0.01s
[2024-02-18T09:56:43.108+0000][7][safepoint   ] Safepoint "G1CollectForAllocation", Time since last: 5670860344 ns, Reaching safepoint: 21462 ns, Cleanup: 3837 ns, At safepoint: 7412217 ns, Total: 7437516 ns
[2024-02-18T09:56:43.109+0000][7][gc,marking  ] GC(115) Concurrent Scan Root Regions 1.338ms
[2024-02-18T09:56:43.110+0000][7][gc,marking  ] GC(115) Concurrent Mark
[2024-02-18T09:56:43.110+0000][7][gc,marking  ] GC(115) Concurrent Mark From Roots
[2024-02-18T09:56:43.110+0000][7][gc,task     ] GC(115) Using 3 workers of 3 for marking
[2024-02-18T09:56:43.154+0000][7][gc,marking  ] GC(115) Concurrent Mark From Roots 43.900ms
[2024-02-18T09:56:43.154+0000][7][gc,marking  ] GC(115) Concurrent Preclean
[2024-02-18T09:56:43.154+0000][7][gc,marking  ] GC(115) Concurrent Preclean 0.609ms
[2024-02-18T09:56:43.155+0000][7][gc,start    ] GC(115) Pause Remark
[2024-02-18T09:56:43.159+0000][7][gc          ] GC(115) Pause Remark 135M->135M(512M) 4.055ms
[2024-02-18T09:56:43.159+0000][7][gc,cpu      ] GC(115) User=0.03s Sys=0.00s Real=0.01s
[2024-02-18T09:56:43.159+0000][7][safepoint   ] Safepoint "G1PauseRemark", Time since last: 46225766 ns, Reaching safepoint: 17294 ns, Cleanup: 2865 ns, At safepoint: 4704209 ns, Total: 4724368 ns
[2024-02-18T09:56:43.160+0000][7][gc,marking  ] GC(115) Concurrent Mark 49.959ms
[2024-02-18T09:56:43.160+0000][7][gc,marking  ] GC(115) Concurrent Rebuild Remembered Sets and Scrub Regions
[2024-02-18T09:56:43.173+0000][7][gc,marking  ] GC(115) Concurrent Rebuild Remembered Sets and Scrub Regions 13.536ms
[2024-02-18T09:56:43.173+0000][7][gc,start    ] GC(115) Pause Cleanup
[2024-02-18T09:56:43.174+0000][7][gc          ] GC(115) Pause Cleanup 138M->138M(512M) 0.241ms
[2024-02-18T09:56:43.174+0000][7][gc,cpu      ] GC(115) User=0.00s Sys=0.00s Real=0.00s
[2024-02-18T09:56:43.174+0000][7][safepoint   ] Safepoint "G1PauseCleanup", Time since last: 14077554 ns, Reaching safepoint: 13887 ns, Cleanup: 5059 ns, At safepoint: 479469 ns, Total: 498415 ns
[2024-02-18T09:56:43.174+0000][7][gc,marking  ] GC(115) Concurrent Clear Claimed Marks
[2024-02-18T09:56:43.174+0000][7][gc,marking  ] GC(115) Concurrent Clear Claimed Marks 0.329ms
[2024-02-18T09:56:43.175+0000][7][gc,marking  ] GC(115) Concurrent Cleanup for Next Mark
[2024-02-18T09:56:43.175+0000][7][gc,marking  ] GC(115) Concurrent Cleanup for Next Mark 0.738ms
[2024-02-18T09:56:43.176+0000][7][gc          ] GC(115) Concurrent Mark Cycle 67.579ms
[2024-02-18T09:56:59.447+0000][7][safepoint   ] Safepoint "Cleanup", Time since last: 16272799913 ns, Reaching safepoint: 19447 ns, Cleanup: 16271 ns, At safepoint: 3016 ns, Total: 38734 ns
[2024-02-18T09:57:04.448+0000][7][safepoint   ] Safepoint "Cleanup", Time since last: 5000673781 ns, Reaching safepoint: 18766 ns, Cleanup: 14788 ns, At safepoint: 2915 ns, Total: 36469 ns
[2024-02-18T09:57:06.448+0000][7][safepoint   ] Safepoint "Cleanup", Time since last: 2000418268 ns, Reaching safepoint: 19677 ns, Cleanup: 15219 ns, At safepoint: 2916 ns, Total: 37812 ns
[2024-02-18T09:57:07.448+0000][7][safepoint   ] Safepoint "Cleanup", Time since last: 1000310212 ns, Reaching safepoint: 34035 ns, Cleanup: 37141 ns, At safepoint: 4559 ns, Total: 75735 ns
[2024-02-18T09:57:09.449+0000][7][safepoint   ] Safepoint "Cleanup", Time since last: 2000495435 ns, Reaching safepoint: 20459 ns, Cleanup: 13777 ns, At safepoint: 3246 ns, Total: 37482 ns
[2024-02-18T09:57:22.450+0000][7][safepoint   ] Safepoint "Cleanup", Time since last: 13001380248 ns, Reaching safepoint: 20279 ns, Cleanup: 15910 ns, At safepoint: 3737 ns, Total: 39926 ns
[2024-02-18T09:57:35.155+0000][7][gc,start    ] GC(116) Pause Young (Normal) (G1 Evacuation Pause)
[2024-02-18T09:57:35.155+0000][7][gc,task     ] GC(116) Using 12 workers of 13 for evacuation
[2024-02-18T09:57:35.155+0000][7][gc,age      ] GC(116) Desired survivor size 20971520 bytes, new threshold 15 (max threshold 15)
[2024-02-18T09:57:35.159+0000][7][gc,phases   ] GC(116)   Pre Evacuate Collection Set: 0.2ms
[2024-02-18T09:57:35.159+0000][7][gc,phases   ] GC(116)   Merge Heap Roots: 0.1ms
[2024-02-18T09:57:35.159+0000][7][gc,phases   ] GC(116)   Evacuate Collection Set: 2.1ms
[2024-02-18T09:57:35.159+0000][7][gc,phases   ] GC(116)   Post Evacuate Collection Set: 0.6ms
[2024-02-18T09:57:35.159+0000][7][gc,phases   ] GC(116)   Other: 0.3ms
[2024-02-18T09:57:35.159+0000][7][gc,age      ] GC(116) Age table with threshold 15 (max threshold 15)
[2024-02-18T09:57:35.159+0000][7][gc,age      ] GC(116) - age   1:    1509752 bytes,    1509752 total
[2024-02-18T09:57:35.159+0000][7][gc,age      ] GC(116) - age   2:      24232 bytes,    1533984 total
[2024-02-18T09:57:35.160+0000][7][gc,age      ] GC(116) - age   3:      86616 bytes,    1620600 total
[2024-02-18T09:57:35.160+0000][7][gc,age      ] GC(116) - age   4:     260000 bytes,    1880600 total
[2024-02-18T09:57:35.160+0000][7][gc,age      ] GC(116) - age   5:      47904 bytes,    1928504 total
[2024-02-18T09:57:35.160+0000][7][gc,age      ] GC(116) - age   6:      40512 bytes,    1969016 total
[2024-02-18T09:57:35.160+0000][7][gc,age      ] GC(116) - age   7:      23712 bytes,    1992728 total
[2024-02-18T09:57:35.160+0000][7][gc,age      ] GC(116) - age   8:      11792 bytes,    2004520 total
[2024-02-18T09:57:35.160+0000][7][gc,age      ] GC(116) - age   9:      20920 bytes,    2025440 total
[2024-02-18T09:57:35.160+0000][7][gc,age      ] GC(116) - age  10:      10288 bytes,    2035728 total
[2024-02-18T09:57:35.160+0000][7][gc,age      ] GC(116) - age  11:      99824 bytes,    2135552 total
[2024-02-18T09:57:35.160+0000][7][gc,age      ] GC(116) - age  12:      26976 bytes,    2162528 total
[2024-02-18T09:57:35.160+0000][7][gc,age      ] GC(116) - age  13:      24176 bytes,    2186704 total
[2024-02-18T09:57:35.161+0000][7][gc,age      ] GC(116) - age  14:       8200 bytes,    2194904 total
[2024-02-18T09:57:35.161+0000][7][gc,age      ] GC(116) - age  15:      78416 bytes,    2273320 total
[2024-02-18T09:57:35.161+0000][7][gc,heap     ] GC(116) Eden regions: 74->0(75)
[2024-02-18T09:57:35.161+0000][7][gc,heap     ] GC(116) Survivor regions: 2->1(10)
[2024-02-18T09:57:35.161+0000][7][gc,heap     ] GC(116) Old regions: 30->31
[2024-02-18T09:57:35.161+0000][7][gc,heap     ] GC(116) Humongous regions: 2->2
[2024-02-18T09:57:35.161+0000][7][gc,metaspace] GC(116) Metaspace: 121603K(124992K)->121603K(124992K) NonClass: 105705K(107328K)->105705K(107328K) Class: 15897K(17664K)->15897K(17664K)
[2024-02-18T09:57:35.161+0000][7][gc          ] GC(116) Pause Young (Normal) (G1 Evacuation Pause) 426M->131M(512M) 6.120ms
[2024-02-18T09:57:35.161+0000][7][gc,cpu      ] GC(116) User=0.01s Sys=0.02s Real=0.01s
[2024-02-18T09:57:35.162+0000][7][safepoint   ] Safepoint "G1CollectForAllocation", Time since last: 12704816766 ns, Reaching safepoint: 18255 ns, Cleanup: 3567 ns, At safepoint: 6408625 ns, Total: 6430447 ns
[2024-02-18T09:57:36.162+0000][7][safepoint   ] Safepoint "Cleanup", Time since last: 1000205482 ns, Reaching safepoint: 20319 ns, Cleanup: 12784 ns, At safepoint: 2806 ns, Total: 35909 ns
[2024-02-18T09:58:09.467+0000][7][safepoint   ] Safepoint "Cleanup", Time since last: 33305583810 ns, Reaching safepoint: 20158 ns, Cleanup: 17003 ns, At safepoint: 2996 ns, Total: 40157 ns
[2024-02-18T09:58:10.468+0000][7][safepoint   ] Safepoint "Cleanup", Time since last: 1000329539 ns, Reaching safepoint: 18866 ns, Cleanup: 15210 ns, At safepoint: 3256 ns, Total: 37332 ns
[2024-02-18T09:58:37.256+0000][7][gc,start    ] GC(117) Pause Young (Concurrent Start) (G1 Evacuation Pause)
[2024-02-18T09:58:37.256+0000][7][gc,task     ] GC(117) Using 12 workers of 13 for evacuation
[2024-02-18T09:58:37.256+0000][7][gc,age      ] GC(117) Desired survivor size 20971520 bytes, new threshold 15 (max threshold 15)
[2024-02-18T09:58:37.259+0000][7][gc,phases   ] GC(117)   Pre Evacuate Collection Set: 0.2ms
[2024-02-18T09:58:37.259+0000][7][gc,phases   ] GC(117)   Merge Heap Roots: 0.1ms
[2024-02-18T09:58:37.259+0000][7][gc,phases   ] GC(117)   Evacuate Collection Set: 1.7ms
[2024-02-18T09:58:37.259+0000][7][gc,phases   ] GC(117)   Post Evacuate Collection Set: 0.6ms
[2024-02-18T09:58:37.259+0000][7][gc,phases   ] GC(117)   Other: 0.3ms
[2024-02-18T09:58:37.260+0000][7][gc,age      ] GC(117) Age table with threshold 15 (max threshold 15)
[2024-02-18T09:58:37.260+0000][7][gc,age      ] GC(117) - age   1:    1391736 bytes,    1391736 total
[2024-02-18T09:58:37.260+0000][7][gc,age      ] GC(117) - age   2:      47904 bytes,    1439640 total
[2024-02-18T09:58:37.260+0000][7][gc,age      ] GC(117) - age   3:      19728 bytes,    1459368 total
[2024-02-18T09:58:37.260+0000][7][gc,age      ] GC(117) - age   4:      86200 bytes,    1545568 total
[2024-02-18T09:58:37.260+0000][7][gc,age      ] GC(117) - age   5:     259936 bytes,    1805504 total
[2024-02-18T09:58:37.260+0000][7][gc,age      ] GC(117) - age   6:      47904 bytes,    1853408 total
[2024-02-18T09:58:37.260+0000][7][gc,age      ] GC(117) - age   7:      40512 bytes,    1893920 total
[2024-02-18T09:58:37.260+0000][7][gc,age      ] GC(117) - age   8:      23648 bytes,    1917568 total
[2024-02-18T09:58:37.260+0000][7][gc,age      ] GC(117) - age   9:      11792 bytes,    1929360 total
[2024-02-18T09:58:37.260+0000][7][gc,age      ] GC(117) - age  10:      20920 bytes,    1950280 total
[2024-02-18T09:58:37.260+0000][7][gc,age      ] GC(117) - age  11:      10288 bytes,    1960568 total
[2024-02-18T09:58:37.261+0000][7][gc,age      ] GC(117) - age  12:      99824 bytes,    2060392 total
[2024-02-18T09:58:37.261+0000][7][gc,age      ] GC(117) - age  13:      26976 bytes,    2087368 total
[2024-02-18T09:58:37.261+0000][7][gc,age      ] GC(117) - age  14:      23856 bytes,    2111224 total
[2024-02-18T09:58:37.261+0000][7][gc,age      ] GC(117) - age  15:       8200 bytes,    2119424 total
[2024-02-18T09:58:37.261+0000][7][gc,heap     ] GC(117) Eden regions: 75->0(75)
[2024-02-18T09:58:37.261+0000][7][gc,heap     ] GC(117) Survivor regions: 1->1(10)
[2024-02-18T09:58:37.261+0000][7][gc,heap     ] GC(117) Old regions: 31->31
[2024-02-18T09:58:37.261+0000][7][gc,heap     ] GC(117) Humongous regions: 2->2
[2024-02-18T09:58:37.261+0000][7][gc,metaspace] GC(117) Metaspace: 121611K(124992K)->121611K(124992K) NonClass: 105714K(107328K)->105714K(107328K) Class: 15897K(17664K)->15897K(17664K)
[2024-02-18T09:58:37.261+0000][7][gc          ] GC(117) Pause Young (Concurrent Start) (G1 Evacuation Pause) 431M->130M(512M) 5.458ms
[2024-02-18T09:58:37.262+0000][7][gc          ] GC(118) Concurrent Mark Cycle
[2024-02-18T09:58:37.262+0000][7][gc,marking  ] GC(118) Concurrent Scan Root Regions
[2024-02-18T09:58:37.262+0000][7][gc,cpu      ] GC(117) User=0.00s Sys=0.01s Real=0.00s
[2024-02-18T09:58:37.262+0000][7][safepoint   ] Safepoint "G1CollectForAllocation", Time since last: 26788118918 ns, Reaching safepoint: 26230 ns, Cleanup: 3427 ns, At safepoint: 5987899 ns, Total: 6017556 ns
[2024-02-18T09:58:37.263+0000][7][gc,marking  ] GC(118) Concurrent Scan Root Regions 1.185ms
[2024-02-18T09:58:37.263+0000][7][gc,marking  ] GC(118) Concurrent Mark
[2024-02-18T09:58:37.263+0000][7][gc,marking  ] GC(118) Concurrent Mark From Roots
[2024-02-18T09:58:37.263+0000][7][gc,task     ] GC(118) Using 3 workers of 3 for marking
[2024-02-18T09:58:37.298+0000][7][gc,marking  ] GC(118) Concurrent Mark From Roots 34.813ms
[2024-02-18T09:58:37.298+0000][7][gc,marking  ] GC(118) Concurrent Preclean
[2024-02-18T09:58:37.299+0000][7][gc,marking  ] GC(118) Concurrent Preclean 0.589ms
[2024-02-18T09:58:37.299+0000][7][gc,start    ] GC(118) Pause Remark
[2024-02-18T09:58:37.302+0000][7][gc          ] GC(118) Pause Remark 131M->131M(512M) 3.304ms
[2024-02-18T09:58:37.302+0000][7][gc,cpu      ] GC(118) User=0.03s Sys=0.00s Real=0.00s
[2024-02-18T09:58:37.303+0000][7][safepoint   ] Safepoint "G1PauseRemark", Time since last: 36982222 ns, Reaching safepoint: 17634 ns, Cleanup: 10730 ns, At safepoint: 3699716 ns, Total: 3728080 ns
[2024-02-18T09:58:37.303+0000][7][gc,marking  ] GC(118) Concurrent Mark 39.792ms
[2024-02-18T09:58:37.303+0000][7][gc,marking  ] GC(118) Concurrent Rebuild Remembered Sets and Scrub Regions
[2024-02-18T09:58:37.315+0000][7][gc,marking  ] GC(118) Concurrent Rebuild Remembered Sets and Scrub Regions 12.554ms
[2024-02-18T09:58:37.316+0000][7][gc,start    ] GC(118) Pause Cleanup
[2024-02-18T09:58:37.316+0000][7][gc          ] GC(118) Pause Cleanup 131M->131M(512M) 0.250ms
[2024-02-18T09:58:37.316+0000][7][gc,cpu      ] GC(118) User=0.00s Sys=0.00s Real=0.01s
[2024-02-18T09:58:37.316+0000][7][safepoint   ] Safepoint "G1PauseCleanup", Time since last: 13085974 ns, Reaching safepoint: 17604 ns, Cleanup: 3677 ns, At safepoint: 625748 ns, Total: 647029 ns
[2024-02-18T09:58:37.316+0000][7][gc,marking  ] GC(118) Concurrent Clear Claimed Marks
[2024-02-18T09:58:37.317+0000][7][gc,marking  ] GC(118) Concurrent Clear Claimed Marks 0.304ms
[2024-02-18T09:58:37.317+0000][7][gc,marking  ] GC(118) Concurrent Cleanup for Next Mark
[2024-02-18T09:58:37.317+0000][7][gc,marking  ] GC(118) Concurrent Cleanup for Next Mark 0.469ms
[2024-02-18T09:58:37.317+0000][7][gc          ] GC(118) Concurrent Mark Cycle 55.939ms
[2024-02-18T09:58:40.317+0000][7][safepoint   ] Safepoint "Cleanup", Time since last: 3000372568 ns, Reaching safepoint: 18536 ns, Cleanup: 12784 ns, At safepoint: 2815 ns, Total: 34135 ns
[2024-02-18T09:59:01.487+0000][7][safepoint   ] Safepoint "Cleanup", Time since last: 21170159275 ns, Reaching safepoint: 19117 ns, Cleanup: 14608 ns, At safepoint: 4719 ns, Total: 38444 ns
[2024-02-18T09:59:05.488+0000][7][safepoint   ] Safepoint "Cleanup", Time since last: 4000587807 ns, Reaching safepoint: 19448 ns, Cleanup: 20248 ns, At safepoint: 3457 ns, Total: 43153 ns
[2024-02-18T09:59:37.208+0000][7][gc,start    ] GC(119) Pause Young (Normal) (G1 Evacuation Pause)
[2024-02-18T09:59:37.208+0000][7][gc,task     ] GC(119) Using 12 workers of 13 for evacuation
[2024-02-18T09:59:37.208+0000][7][gc,age      ] GC(119) Desired survivor size 20971520 bytes, new threshold 15 (max threshold 15)
[2024-02-18T09:59:37.211+0000][7][gc,phases   ] GC(119)   Pre Evacuate Collection Set: 0.2ms
[2024-02-18T09:59:37.211+0000][7][gc,phases   ] GC(119)   Merge Heap Roots: 0.1ms
[2024-02-18T09:59:37.211+0000][7][gc,phases   ] GC(119)   Evacuate Collection Set: 1.9ms
[2024-02-18T09:59:37.211+0000][7][gc,phases   ] GC(119)   Post Evacuate Collection Set: 0.5ms
[2024-02-18T09:59:37.212+0000][7][gc,phases   ] GC(119)   Other: 0.3ms
[2024-02-18T09:59:37.212+0000][7][gc,age      ] GC(119) Age table with threshold 15 (max threshold 15)
[2024-02-18T09:59:37.212+0000][7][gc,age      ] GC(119) - age   1:     938128 bytes,     938128 total
[2024-02-18T09:59:37.212+0000][7][gc,age      ] GC(119) - age   2:      18432 bytes,     956560 total
[2024-02-18T09:59:37.212+0000][7][gc,age      ] GC(119) - age   3:      39096 bytes,     995656 total
[2024-02-18T09:59:37.212+0000][7][gc,age      ] GC(119) - age   4:      16088 bytes,    1011744 total
[2024-02-18T09:59:37.212+0000][7][gc,age      ] GC(119) - age   5:      55552 bytes,    1067296 total
[2024-02-18T09:59:37.212+0000][7][gc,age      ] GC(119) - age   6:     104608 bytes,    1171904 total
[2024-02-18T09:59:37.212+0000][7][gc,age      ] GC(119) - age   7:      47872 bytes,    1219776 total
[2024-02-18T09:59:37.212+0000][7][gc,age      ] GC(119) - age   8:      17544 bytes,    1237320 total
[2024-02-18T09:59:37.212+0000][7][gc,age      ] GC(119) - age   9:      23648 bytes,    1260968 total
[2024-02-18T09:59:37.212+0000][7][gc,age      ] GC(119) - age  10:      11792 bytes,    1272760 total
[2024-02-18T09:59:37.213+0000][7][gc,age      ] GC(119) - age  11:      20920 bytes,    1293680 total
[2024-02-18T09:59:37.213+0000][7][gc,age      ] GC(119) - age  12:      10288 bytes,    1303968 total
[2024-02-18T09:59:37.213+0000][7][gc,age      ] GC(119) - age  13:      99768 bytes,    1403736 total
[2024-02-18T09:59:37.213+0000][7][gc,age      ] GC(119) - age  14:      26976 bytes,    1430712 total
[2024-02-18T09:59:37.213+0000][7][gc,age      ] GC(119) - age  15:      23856 bytes,    1454568 total
[2024-02-18T09:59:37.213+0000][7][gc,heap     ] GC(119) Eden regions: 75->0(75)
[2024-02-18T09:59:37.213+0000][7][gc,heap     ] GC(119) Survivor regions: 1->1(10)
[2024-02-18T09:59:37.213+0000][7][gc,heap     ] GC(119) Old regions: 31->31
[2024-02-18T09:59:37.213+0000][7][gc,heap     ] GC(119) Humongous regions: 2->2
[2024-02-18T09:59:37.214+0000][7][gc,metaspace] GC(119) Metaspace: 121614K(124992K)->121614K(124992K) NonClass: 105717K(107328K)->105717K(107328K) Class: 15897K(17664K)->15897K(17664K)
[2024-02-18T09:59:37.214+0000][7][gc          ] GC(119) Pause Young (Normal) (G1 Evacuation Pause) 430M->130M(512M) 6.339ms
[2024-02-18T09:59:37.214+0000][7][gc,cpu      ] GC(119) User=0.02s Sys=0.01s Real=0.00s
[2024-02-18T09:59:37.214+0000][7][safepoint   ] Safepoint "G1CollectForAllocation", Time since last: 31720282712 ns, Reaching safepoint: 16712 ns, Cleanup: 3807 ns, At safepoint: 6628395 ns, Total: 6648914 ns
[2024-02-18T09:59:39.215+0000][7][safepoint   ] Safepoint "Cleanup", Time since last: 2000340959 ns, Reaching safepoint: 27142 ns, Cleanup: 13265 ns, At safepoint: 3267 ns, Total: 43674 ns
[2024-02-18T09:59:46.507+0000][7][safepoint   ] Safepoint "Cleanup", Time since last: 7291912759 ns, Reaching safepoint: 20980 ns, Cleanup: 17414 ns, At safepoint: 3196 ns, Total: 41590 ns
[2024-02-18T09:59:49.507+0000][7][safepoint   ] Safepoint "Cleanup", Time since last: 3000493669 ns, Reaching safepoint: 19758 ns, Cleanup: 14708 ns, At safepoint: 2755 ns, Total: 37221 ns
[2024-02-18T09:59:58.508+0000][7][safepoint   ] Safepoint "Cleanup", Time since last: 9000943228 ns, Reaching safepoint: 20900 ns, Cleanup: 16772 ns, At safepoint: 3166 ns, Total: 40838 ns
[2024-02-18T10:00:16.510+0000][7][safepoint   ] Safepoint "Cleanup", Time since last: 18001925142 ns, Reaching safepoint: 19617 ns, Cleanup: 13656 ns, At safepoint: 2696 ns, Total: 35969 ns
[2024-02-18T10:00:31.511+0000][7][safepoint   ] Safepoint "Cleanup", Time since last: 15001615384 ns, Reaching safepoint: 20219 ns, Cleanup: 15459 ns, At safepoint: 3006 ns, Total: 38684 ns
[2024-02-18T10:00:34.512+0000][7][safepoint   ] Safepoint "Cleanup", Time since last: 3000578841 ns, Reaching safepoint: 19508 ns, Cleanup: 12925 ns, At safepoint: 3186 ns, Total: 35619 ns
[2024-02-18T10:00:43.155+0000][7][gc,start    ] GC(120) Pause Young (Concurrent Start) (G1 Evacuation Pause)
[2024-02-18T10:00:43.156+0000][7][gc,task     ] GC(120) Using 12 workers of 13 for evacuation
[2024-02-18T10:00:43.156+0000][7][gc,age      ] GC(120) Desired survivor size 20971520 bytes, new threshold 15 (max threshold 15)
[2024-02-18T10:00:43.159+0000][7][gc,phases   ] GC(120)   Pre Evacuate Collection Set: 0.2ms
[2024-02-18T10:00:43.159+0000][7][gc,phases   ] GC(120)   Merge Heap Roots: 0.1ms
[2024-02-18T10:00:43.159+0000][7][gc,phases   ] GC(120)   Evacuate Collection Set: 2.3ms
[2024-02-18T10:00:43.159+0000][7][gc,phases   ] GC(120)   Post Evacuate Collection Set: 0.6ms
[2024-02-18T10:00:43.160+0000][7][gc,phases   ] GC(120)   Other: 0.3ms
[2024-02-18T10:00:43.160+0000][7][gc,age      ] GC(120) Age table with threshold 15 (max threshold 15)
[2024-02-18T10:00:43.160+0000][7][gc,age      ] GC(120) - age   1:    1985696 bytes,    1985696 total
[2024-02-18T10:00:43.160+0000][7][gc,age      ] GC(120) - age   2:     200176 bytes,    2185872 total
[2024-02-18T10:00:43.160+0000][7][gc,age      ] GC(120) - age   3:      14872 bytes,    2200744 total
[2024-02-18T10:00:43.160+0000][7][gc,age      ] GC(120) - age   4:      35128 bytes,    2235872 total
[2024-02-18T10:00:43.160+0000][7][gc,age      ] GC(120) - age   5:      13152 bytes,    2249024 total
[2024-02-18T10:00:43.160+0000][7][gc,age      ] GC(120) - age   6:      55456 bytes,    2304480 total
[2024-02-18T10:00:43.160+0000][7][gc,age      ] GC(120) - age   7:     102912 bytes,    2407392 total
[2024-02-18T10:00:43.160+0000][7][gc,age      ] GC(120) - age   8:      31232 bytes,    2438624 total
[2024-02-18T10:00:43.160+0000][7][gc,age      ] GC(120) - age   9:      17544 bytes,    2456168 total
[2024-02-18T10:00:43.161+0000][7][gc,age      ] GC(120) - age  10:      23648 bytes,    2479816 total
[2024-02-18T10:00:43.161+0000][7][gc,age      ] GC(120) - age  11:      11600 bytes,    2491416 total
[2024-02-18T10:00:43.161+0000][7][gc,age      ] GC(120) - age  12:      20920 bytes,    2512336 total
[2024-02-18T10:00:43.161+0000][7][gc,age      ] GC(120) - age  13:      10288 bytes,    2522624 total
[2024-02-18T10:00:43.161+0000][7][gc,age      ] GC(120) - age  14:      99768 bytes,    2622392 total
[2024-02-18T10:00:43.161+0000][7][gc,age      ] GC(120) - age  15:      26976 bytes,    2649368 total
[2024-02-18T10:00:43.161+0000][7][gc,heap     ] GC(120) Eden regions: 75->0(75)
[2024-02-18T10:00:43.161+0000][7][gc,heap     ] GC(120) Survivor regions: 1->1(10)
[2024-02-18T10:00:43.161+0000][7][gc,heap     ] GC(120) Old regions: 31->31
[2024-02-18T10:00:43.161+0000][7][gc,heap     ] GC(120) Humongous regions: 2->2
[2024-02-18T10:00:43.162+0000][7][gc,metaspace] GC(120) Metaspace: 121677K(125056K)->121677K(125056K) NonClass: 105778K(107392K)->105778K(107392K) Class: 15898K(17664K)->15898K(17664K)
[2024-02-18T10:00:43.162+0000][7][gc          ] GC(120) Pause Young (Concurrent Start) (G1 Evacuation Pause) 430M->131M(512M) 6.228ms
[2024-02-18T10:00:43.162+0000][7][gc          ] GC(121) Concurrent Mark Cycle
[2024-02-18T10:00:43.162+0000][7][gc,marking  ] GC(121) Concurrent Scan Root Regions
[2024-02-18T10:00:43.162+0000][7][gc,cpu      ] GC(120) User=0.02s Sys=0.00s Real=0.01s
[2024-02-18T10:00:43.163+0000][7][safepoint   ] Safepoint "G1CollectForAllocation", Time since last: 8643236060 ns, Reaching safepoint: 17363 ns, Cleanup: 3908 ns, At safepoint: 7452594 ns, Total: 7473865 ns
[2024-02-18T10:00:43.163+0000][7][gc,marking  ] GC(121) Concurrent Scan Root Regions 1.119ms
[2024-02-18T10:00:43.163+0000][7][gc,marking  ] GC(121) Concurrent Mark
[2024-02-18T10:00:43.163+0000][7][gc,marking  ] GC(121) Concurrent Mark From Roots
[2024-02-18T10:00:43.163+0000][7][gc,task     ] GC(121) Using 3 workers of 3 for marking
[2024-02-18T10:00:43.208+0000][7][gc,marking  ] GC(121) Concurrent Mark From Roots 44.757ms
[2024-02-18T10:00:43.208+0000][7][gc,marking  ] GC(121) Concurrent Preclean
[2024-02-18T10:00:43.209+0000][7][gc,marking  ] GC(121) Concurrent Preclean 0.639ms
[2024-02-18T10:00:43.209+0000][7][gc,start    ] GC(121) Pause Remark
[2024-02-18T10:00:43.212+0000][7][gc          ] GC(121) Pause Remark 136M->136M(512M) 3.417ms
[2024-02-18T10:00:43.213+0000][7][gc,cpu      ] GC(121) User=0.03s Sys=0.00s Real=0.00s
[2024-02-18T10:00:43.213+0000][7][safepoint   ] Safepoint "G1PauseRemark", Time since last: 46135904 ns, Reaching safepoint: 19428 ns, Cleanup: 3146 ns, At safepoint: 3823177 ns, Total: 3845751 ns
[2024-02-18T10:00:43.213+0000][7][gc,marking  ] GC(121) Concurrent Mark 49.879ms
[2024-02-18T10:00:43.213+0000][7][gc,marking  ] GC(121) Concurrent Rebuild Remembered Sets and Scrub Regions
[2024-02-18T10:00:43.229+0000][7][gc,marking  ] GC(121) Concurrent Rebuild Remembered Sets and Scrub Regions 16.079ms
[2024-02-18T10:00:43.229+0000][7][gc,start    ] GC(121) Pause Cleanup
[2024-02-18T10:00:43.230+0000][7][gc          ] GC(121) Pause Cleanup 136M->136M(512M) 0.258ms
[2024-02-18T10:00:43.230+0000][7][gc,cpu      ] GC(121) User=0.00s Sys=0.00s Real=0.00s
[2024-02-18T10:00:43.230+0000][7][safepoint   ] Safepoint "G1PauseCleanup", Time since last: 16574269 ns, Reaching safepoint: 16452 ns, Cleanup: 2956 ns, At safepoint: 551772 ns, Total: 571180 ns
[2024-02-18T10:00:43.230+0000][7][gc,marking  ] GC(121) Concurrent Clear Claimed Marks
[2024-02-18T10:00:43.230+0000][7][gc,marking  ] GC(121) Concurrent Clear Claimed Marks 0.324ms
[2024-02-18T10:00:43.231+0000][7][gc,marking  ] GC(121) Concurrent Cleanup for Next Mark
[2024-02-18T10:00:43.231+0000][7][gc,marking  ] GC(121) Concurrent Cleanup for Next Mark 0.498ms
[2024-02-18T10:00:43.231+0000][7][gc          ] GC(121) Concurrent Mark Cycle 69.428ms
[2024-02-18T10:00:44.230+0000][7][safepoint   ] Safepoint "Cleanup", Time since last: 1000223025 ns, Reaching safepoint: 19006 ns, Cleanup: 39035 ns, At safepoint: 3437 ns, Total: 61478 ns
[2024-02-18T10:01:01.529+0000][7][safepoint   ] Safepoint "Cleanup", Time since last: 17297964930 ns, Reaching safepoint: 18665 ns, Cleanup: 11783 ns, At safepoint: 3847 ns, Total: 34295 ns
[2024-02-18T10:01:06.529+0000][7][safepoint   ] Safepoint "Cleanup", Time since last: 5000706343 ns, Reaching safepoint: 28475 ns, Cleanup: 12373 ns, At safepoint: 3337 ns, Total: 44185 ns
[2024-02-18T10:01:35.532+0000][7][safepoint   ] Safepoint "Cleanup", Time since last: 29002669905 ns, Reaching safepoint: 20349 ns, Cleanup: 15981 ns, At safepoint: 3787 ns, Total: 40117 ns
[2024-02-18T10:01:40.107+0000][7][gc,start    ] GC(122) Pause Young (Normal) (G1 Evacuation Pause)
[2024-02-18T10:01:40.107+0000][7][gc,task     ] GC(122) Using 12 workers of 13 for evacuation
[2024-02-18T10:01:40.107+0000][7][gc,age      ] GC(122) Desired survivor size 20971520 bytes, new threshold 15 (max threshold 15)
[2024-02-18T10:01:40.111+0000][7][gc,phases   ] GC(122)   Pre Evacuate Collection Set: 0.3ms
[2024-02-18T10:01:40.111+0000][7][gc,phases   ] GC(122)   Merge Heap Roots: 0.1ms
[2024-02-18T10:01:40.111+0000][7][gc,phases   ] GC(122)   Evacuate Collection Set: 2.1ms
[2024-02-18T10:01:40.111+0000][7][gc,phases   ] GC(122)   Post Evacuate Collection Set: 0.6ms
[2024-02-18T10:01:40.111+0000][7][gc,phases   ] GC(122)   Other: 0.4ms
[2024-02-18T10:01:40.111+0000][7][gc,age      ] GC(122) Age table with threshold 15 (max threshold 15)
[2024-02-18T10:01:40.111+0000][7][gc,age      ] GC(122) - age   1:    1243288 bytes,    1243288 total
[2024-02-18T10:01:40.112+0000][7][gc,age      ] GC(122) - age   2:      69936 bytes,    1313224 total
[2024-02-18T10:01:40.112+0000][7][gc,age      ] GC(122) - age   3:     195720 bytes,    1508944 total
[2024-02-18T10:01:40.112+0000][7][gc,age      ] GC(122) - age   4:      10536 bytes,    1519480 total
[2024-02-18T10:01:40.112+0000][7][gc,age      ] GC(122) - age   5:      33368 bytes,    1552848 total
[2024-02-18T10:01:40.112+0000][7][gc,age      ] GC(122) - age   6:      13152 bytes,    1566000 total
[2024-02-18T10:01:40.112+0000][7][gc,age      ] GC(122) - age   7:      55456 bytes,    1621456 total
[2024-02-18T10:01:40.112+0000][7][gc,age      ] GC(122) - age   8:     102912 bytes,    1724368 total
[2024-02-18T10:01:40.112+0000][7][gc,age      ] GC(122) - age   9:      31232 bytes,    1755600 total
[2024-02-18T10:01:40.112+0000][7][gc,age      ] GC(122) - age  10:      17544 bytes,    1773144 total
[2024-02-18T10:01:40.112+0000][7][gc,age      ] GC(122) - age  11:      23648 bytes,    1796792 total
[2024-02-18T10:01:40.113+0000][7][gc,age      ] GC(122) - age  12:      11600 bytes,    1808392 total
[2024-02-18T10:01:40.113+0000][7][gc,age      ] GC(122) - age  13:      20920 bytes,    1829312 total
[2024-02-18T10:01:40.113+0000][7][gc,age      ] GC(122) - age  14:      10288 bytes,    1839600 total
[2024-02-18T10:01:40.113+0000][7][gc,age      ] GC(122) - age  15:      99768 bytes,    1939368 total
[2024-02-18T10:01:40.113+0000][7][gc,heap     ] GC(122) Eden regions: 75->0(75)
[2024-02-18T10:01:40.113+0000][7][gc,heap     ] GC(122) Survivor regions: 1->1(10)
[2024-02-18T10:01:40.113+0000][7][gc,heap     ] GC(122) Old regions: 31->31
[2024-02-18T10:01:40.113+0000][7][gc,heap     ] GC(122) Humongous regions: 2->2
[2024-02-18T10:01:40.113+0000][7][gc,metaspace] GC(122) Metaspace: 121679K(125056K)->121679K(125056K) NonClass: 105781K(107392K)->105781K(107392K) Class: 15898K(17664K)->15898K(17664K)
[2024-02-18T10:01:40.113+0000][7][gc          ] GC(122) Pause Young (Normal) (G1 Evacuation Pause) 431M->130M(512M) 6.531ms
[2024-02-18T10:01:40.114+0000][7][gc,cpu      ] GC(122) User=0.02s Sys=0.00s Real=0.00s
[2024-02-18T10:01:40.114+0000][7][safepoint   ] Safepoint "G1CollectForAllocation", Time since last: 4574688427 ns, Reaching safepoint: 18616 ns, Cleanup: 3997 ns, At safepoint: 6997136 ns, Total: 7019749 ns
[2024-02-18T10:01:58.549+0000][7][safepoint   ] Safepoint "Cleanup", Time since last: 18434834607 ns, Reaching safepoint: 20139 ns, Cleanup: 14377 ns, At safepoint: 3026 ns, Total: 37542 ns
[2024-02-18T10:02:31.552+0000][7][safepoint   ] Safepoint "Cleanup", Time since last: 33003240496 ns, Reaching safepoint: 21171 ns, Cleanup: 14467 ns, At safepoint: 3818 ns, Total: 39456 ns
[2024-02-18T10:02:34.553+0000][7][safepoint   ] Safepoint "Cleanup", Time since last: 3000569705 ns, Reaching safepoint: 21010 ns, Cleanup: 15810 ns, At safepoint: 3176 ns, Total: 39996 ns
[2024-02-18T10:02:40.113+0000][7][gc,start    ] GC(123) Pause Young (Concurrent Start) (G1 Evacuation Pause)
[2024-02-18T10:02:40.113+0000][7][gc,task     ] GC(123) Using 12 workers of 13 for evacuation
[2024-02-18T10:02:40.113+0000][7][gc,age      ] GC(123) Desired survivor size 20971520 bytes, new threshold 15 (max threshold 15)
[2024-02-18T10:02:40.116+0000][7][gc,phases   ] GC(123)   Pre Evacuate Collection Set: 0.2ms
[2024-02-18T10:02:40.116+0000][7][gc,phases   ] GC(123)   Merge Heap Roots: 0.1ms
[2024-02-18T10:02:40.117+0000][7][gc,phases   ] GC(123)   Evacuate Collection Set: 2.0ms
[2024-02-18T10:02:40.117+0000][7][gc,phases   ] GC(123)   Post Evacuate Collection Set: 0.6ms
[2024-02-18T10:02:40.117+0000][7][gc,phases   ] GC(123)   Other: 0.4ms
[2024-02-18T10:02:40.117+0000][7][gc,age      ] GC(123) Age table with threshold 15 (max threshold 15)
[2024-02-18T10:02:40.117+0000][7][gc,age      ] GC(123) - age   1:     716528 bytes,     716528 total
[2024-02-18T10:02:40.117+0000][7][gc,age      ] GC(123) - age   2:      23952 bytes,     740480 total
[2024-02-18T10:02:40.117+0000][7][gc,age      ] GC(123) - age   3:      66832 bytes,     807312 total
[2024-02-18T10:02:40.117+0000][7][gc,age      ] GC(123) - age   4:     195304 bytes,    1002616 total
[2024-02-18T10:02:40.117+0000][7][gc,age      ] GC(123) - age   5:       7544 bytes,    1010160 total
[2024-02-18T10:02:40.117+0000][7][gc,age      ] GC(123) - age   6:      33256 bytes,    1043416 total
[2024-02-18T10:02:40.118+0000][7][gc,age      ] GC(123) - age   7:      13152 bytes,    1056568 total
[2024-02-18T10:02:40.118+0000][7][gc,age      ] GC(123) - age   8:      55456 bytes,    1112024 total
[2024-02-18T10:02:40.118+0000][7][gc,age      ] GC(123) - age   9:     102024 bytes,    1214048 total
[2024-02-18T10:02:40.118+0000][7][gc,age      ] GC(123) - age  10:      29456 bytes,    1243504 total
[2024-02-18T10:02:40.118+0000][7][gc,age      ] GC(123) - age  11:      17544 bytes,    1261048 total
[2024-02-18T10:02:40.118+0000][7][gc,age      ] GC(123) - age  12:      23648 bytes,    1284696 total
[2024-02-18T10:02:40.118+0000][7][gc,age      ] GC(123) - age  13:      11600 bytes,    1296296 total
[2024-02-18T10:02:40.118+0000][7][gc,age      ] GC(123) - age  14:      20920 bytes,    1317216 total
[2024-02-18T10:02:40.118+0000][7][gc,age      ] GC(123) - age  15:      10288 bytes,    1327504 total
[2024-02-18T10:02:40.118+0000][7][gc,heap     ] GC(123) Eden regions: 75->0(75)
[2024-02-18T10:02:40.119+0000][7][gc,heap     ] GC(123) Survivor regions: 1->1(10)
[2024-02-18T10:02:40.119+0000][7][gc,heap     ] GC(123) Old regions: 31->31
[2024-02-18T10:02:40.119+0000][7][gc,heap     ] GC(123) Humongous regions: 2->2
[2024-02-18T10:02:40.119+0000][7][gc,metaspace] GC(123) Metaspace: 121682K(125056K)->121682K(125056K) NonClass: 105784K(107392K)->105784K(107392K) Class: 15898K(17664K)->15898K(17664K)
[2024-02-18T10:02:40.119+0000][7][gc          ] GC(123) Pause Young (Concurrent Start) (G1 Evacuation Pause) 430M->130M(512M) 6.467ms
[2024-02-18T10:02:40.119+0000][7][gc          ] GC(124) Concurrent Mark Cycle
[2024-02-18T10:02:40.119+0000][7][gc,marking  ] GC(124) Concurrent Scan Root Regions
[2024-02-18T10:02:40.119+0000][7][gc,cpu      ] GC(123) User=0.01s Sys=0.00s Real=0.01s
[2024-02-18T10:02:40.120+0000][7][safepoint   ] Safepoint "G1CollectForAllocation", Time since last: 5559899215 ns, Reaching safepoint: 16221 ns, Cleanup: 4278 ns, At safepoint: 7041392 ns, Total: 7061891 ns
[2024-02-18T10:02:40.120+0000][7][gc,marking  ] GC(124) Concurrent Scan Root Regions 1.014ms
[2024-02-18T10:02:40.121+0000][7][gc,marking  ] GC(124) Concurrent Mark
[2024-02-18T10:02:40.121+0000][7][gc,marking  ] GC(124) Concurrent Mark From Roots
[2024-02-18T10:02:40.121+0000][7][gc,task     ] GC(124) Using 3 workers of 3 for marking
[2024-02-18T10:02:40.155+0000][7][gc,marking  ] GC(124) Concurrent Mark From Roots 34.670ms
[2024-02-18T10:02:40.156+0000][7][gc,marking  ] GC(124) Concurrent Preclean
[2024-02-18T10:02:40.156+0000][7][gc,marking  ] GC(124) Concurrent Preclean 0.594ms
[2024-02-18T10:02:40.157+0000][7][gc,start    ] GC(124) Pause Remark
[2024-02-18T10:02:40.160+0000][7][gc          ] GC(124) Pause Remark 131M->131M(512M) 3.390ms
[2024-02-18T10:02:40.160+0000][7][gc,cpu      ] GC(124) User=0.03s Sys=0.00s Real=0.00s
[2024-02-18T10:02:40.160+0000][7][safepoint   ] Safepoint "G1PauseRemark", Time since last: 36880652 ns, Reaching safepoint: 17003 ns, Cleanup: 3186 ns, At safepoint: 3820036 ns, Total: 3840225 ns
[2024-02-18T10:02:40.160+0000][7][gc,marking  ] GC(124) Concurrent Mark 39.773ms
[2024-02-18T10:02:40.161+0000][7][gc,marking  ] GC(124) Concurrent Rebuild Remembered Sets and Scrub Regions
[2024-02-18T10:02:40.173+0000][7][gc,marking  ] GC(124) Concurrent Rebuild Remembered Sets and Scrub Regions 12.515ms
[2024-02-18T10:02:40.173+0000][7][gc,start    ] GC(124) Pause Cleanup
[2024-02-18T10:02:40.174+0000][7][gc          ] GC(124) Pause Cleanup 131M->131M(512M) 0.255ms
[2024-02-18T10:02:40.174+0000][7][gc,cpu      ] GC(124) User=0.00s Sys=0.00s Real=0.00s
[2024-02-18T10:02:40.174+0000][7][safepoint   ] Safepoint "G1PauseCleanup", Time since last: 13089892 ns, Reaching safepoint: 16431 ns, Cleanup: 3397 ns, At safepoint: 524840 ns, Total: 544668 ns
[2024-02-18T10:02:40.174+0000][7][gc,marking  ] GC(124) Concurrent Clear Claimed Marks
[2024-02-18T10:02:40.174+0000][7][gc,marking  ] GC(124) Concurrent Clear Claimed Marks 0.296ms
[2024-02-18T10:02:40.174+0000][7][gc,marking  ] GC(124) Concurrent Cleanup for Next Mark
[2024-02-18T10:02:40.175+0000][7][gc,marking  ] GC(124) Concurrent Cleanup for Next Mark 0.386ms
[2024-02-18T10:02:40.175+0000][7][gc          ] GC(124) Concurrent Mark Cycle 55.783ms
[2024-02-18T10:03:10.572+0000][7][safepoint   ] Safepoint "Cleanup", Time since last: 30397676452 ns, Reaching safepoint: 30569 ns, Cleanup: 25298 ns, At safepoint: 3527 ns, Total: 59394 ns
[2024-02-18T10:03:34.574+0000][7][safepoint   ] Safepoint "Cleanup", Time since last: 24002408815 ns, Reaching safepoint: 16763 ns, Cleanup: 10830 ns, At safepoint: 2856 ns, Total: 30449 ns
[2024-02-18T10:03:43.112+0000][7][gc,start    ] GC(125) Pause Young (Normal) (G1 Evacuation Pause)
[2024-02-18T10:03:43.112+0000][7][gc,task     ] GC(125) Using 12 workers of 13 for evacuation
[2024-02-18T10:03:43.112+0000][7][gc,age      ] GC(125) Desired survivor size 20971520 bytes, new threshold 15 (max threshold 15)
[2024-02-18T10:03:43.115+0000][7][gc,phases   ] GC(125)   Pre Evacuate Collection Set: 0.2ms
[2024-02-18T10:03:43.116+0000][7][gc,phases   ] GC(125)   Merge Heap Roots: 0.1ms
[2024-02-18T10:03:43.116+0000][7][gc,phases   ] GC(125)   Evacuate Collection Set: 1.9ms
[2024-02-18T10:03:43.116+0000][7][gc,phases   ] GC(125)   Post Evacuate Collection Set: 0.6ms
[2024-02-18T10:03:43.116+0000][7][gc,phases   ] GC(125)   Other: 0.3ms
[2024-02-18T10:03:43.116+0000][7][gc,age      ] GC(125) Age table with threshold 15 (max threshold 15)
[2024-02-18T10:03:43.116+0000][7][gc,age      ] GC(125) - age   1:    1532200 bytes,    1532200 total
[2024-02-18T10:03:43.116+0000][7][gc,age      ] GC(125) - age   2:      22776 bytes,    1554976 total
[2024-02-18T10:03:43.116+0000][7][gc,age      ] GC(125) - age   3:      13792 bytes,    1568768 total
[2024-02-18T10:03:43.117+0000][7][gc,age      ] GC(125) - age   4:      62360 bytes,    1631128 total
[2024-02-18T10:03:43.117+0000][7][gc,age      ] GC(125) - age   5:     191872 bytes,    1823000 total
[2024-02-18T10:03:43.117+0000][7][gc,age      ] GC(125) - age   6:       7416 bytes,    1830416 total
[2024-02-18T10:03:43.117+0000][7][gc,age      ] GC(125) - age   7:      33256 bytes,    1863672 total
[2024-02-18T10:03:43.117+0000][7][gc,age      ] GC(125) - age   8:      13152 bytes,    1876824 total
[2024-02-18T10:03:43.117+0000][7][gc,age      ] GC(125) - age   9:      55456 bytes,    1932280 total
[2024-02-18T10:03:43.117+0000][7][gc,age      ] GC(125) - age  10:     102024 bytes,    2034304 total
[2024-02-18T10:03:43.117+0000][7][gc,age      ] GC(125) - age  11:      26688 bytes,    2060992 total
[2024-02-18T10:03:43.117+0000][7][gc,age      ] GC(125) - age  12:      17544 bytes,    2078536 total
[2024-02-18T10:03:43.118+0000][7][gc,age      ] GC(125) - age  13:      23648 bytes,    2102184 total
[2024-02-18T10:03:43.118+0000][7][gc,age      ] GC(125) - age  14:      11600 bytes,    2113784 total
[2024-02-18T10:03:43.118+0000][7][gc,age      ] GC(125) - age  15:      20920 bytes,    2134704 total
[2024-02-18T10:03:43.118+0000][7][gc,heap     ] GC(125) Eden regions: 75->0(75)
[2024-02-18T10:03:43.118+0000][7][gc,heap     ] GC(125) Survivor regions: 1->1(10)
[2024-02-18T10:03:43.118+0000][7][gc,heap     ] GC(125) Old regions: 31->31
[2024-02-18T10:03:43.118+0000][7][gc,heap     ] GC(125) Humongous regions: 2->2
[2024-02-18T10:03:43.119+0000][7][gc,metaspace] GC(125) Metaspace: 121688K(125056K)->121688K(125056K) NonClass: 105790K(107392K)->105790K(107392K) Class: 15898K(17664K)->15898K(17664K)
[2024-02-18T10:03:43.119+0000][7][gc          ] GC(125) Pause Young (Normal) (G1 Evacuation Pause) 430M->131M(512M) 6.734ms
[2024-02-18T10:03:43.119+0000][7][gc,cpu      ] GC(125) User=0.02s Sys=0.00s Real=0.01s
[2024-02-18T10:03:43.119+0000][7][safepoint   ] Safepoint "G1CollectForAllocation", Time since last: 8537720043 ns, Reaching safepoint: 19377 ns, Cleanup: 4038 ns, At safepoint: 7057107 ns, Total: 7080522 ns
[2024-02-18T10:03:49.591+0000][7][safepoint   ] Safepoint "Cleanup", Time since last: 6471665753 ns, Reaching safepoint: 24337 ns, Cleanup: 25088 ns, At safepoint: 4178 ns, Total: 53603 ns
[2024-02-18T10:03:52.591+0000][7][safepoint   ] Safepoint "Cleanup", Time since last: 3000559565 ns, Reaching safepoint: 21852 ns, Cleanup: 14147 ns, At safepoint: 3297 ns, Total: 39296 ns
[2024-02-18T10:03:55.592+0000][7][safepoint   ] Safepoint "Cleanup", Time since last: 3000517394 ns, Reaching safepoint: 20409 ns, Cleanup: 16231 ns, At safepoint: 3086 ns, Total: 39726 ns
[2024-02-18T10:03:58.592+0000][7][safepoint   ] Safepoint "Cleanup", Time since last: 3000541762 ns, Reaching safepoint: 17874 ns, Cleanup: 15379 ns, At safepoint: 3096 ns, Total: 36349 ns
[2024-02-18T10:04:05.593+0000][7][safepoint   ] Safepoint "Cleanup", Time since last: 7000800089 ns, Reaching safepoint: 20780 ns, Cleanup: 13015 ns, At safepoint: 4007 ns, Total: 37802 ns
[2024-02-18T10:04:06.594+0000][7][safepoint   ] Safepoint "Cleanup", Time since last: 1000375958 ns, Reaching safepoint: 35438 ns, Cleanup: 32202 ns, At safepoint: 4038 ns, Total: 71678 ns
[2024-02-18T10:04:07.594+0000][7][safepoint   ] Safepoint "Cleanup", Time since last: 1000487126 ns, Reaching safepoint: 19367 ns, Cleanup: 13997 ns, At safepoint: 3096 ns, Total: 36460 ns
[2024-02-18T10:04:10.595+0000][7][safepoint   ] Safepoint "Cleanup", Time since last: 3000517570 ns, Reaching safepoint: 20790 ns, Cleanup: 15099 ns, At safepoint: 3086 ns, Total: 38975 ns
[2024-02-18T10:04:22.596+0000][7][safepoint   ] Safepoint "Cleanup", Time since last: 12001370851 ns, Reaching safepoint: 20379 ns, Cleanup: 13606 ns, At safepoint: 2966 ns, Total: 36951 ns
[2024-02-18T10:04:35.598+0000][7][safepoint   ] Safepoint "Cleanup", Time since last: 13001285656 ns, Reaching safepoint: 19327 ns, Cleanup: 14518 ns, At safepoint: 3186 ns, Total: 37031 ns
[2024-02-18T10:04:43.229+0000][7][gc,start    ] GC(126) Pause Young (Concurrent Start) (G1 Evacuation Pause)
[2024-02-18T10:04:43.229+0000][7][gc,task     ] GC(126) Using 12 workers of 13 for evacuation
[2024-02-18T10:04:43.229+0000][7][gc,age      ] GC(126) Desired survivor size 20971520 bytes, new threshold 15 (max threshold 15)
[2024-02-18T10:04:43.233+0000][7][gc,phases   ] GC(126)   Pre Evacuate Collection Set: 0.2ms
[2024-02-18T10:04:43.233+0000][7][gc,phases   ] GC(126)   Merge Heap Roots: 0.1ms
[2024-02-18T10:04:43.233+0000][7][gc,phases   ] GC(126)   Evacuate Collection Set: 2.1ms
[2024-02-18T10:04:43.233+0000][7][gc,phases   ] GC(126)   Post Evacuate Collection Set: 0.6ms
[2024-02-18T10:04:43.233+0000][7][gc,phases   ] GC(126)   Other: 0.4ms
[2024-02-18T10:04:43.233+0000][7][gc,age      ] GC(126) Age table with threshold 15 (max threshold 15)
[2024-02-18T10:04:43.234+0000][7][gc,age      ] GC(126) - age   1:     888224 bytes,     888224 total
[2024-02-18T10:04:43.234+0000][7][gc,age      ] GC(126) - age   2:      49672 bytes,     937896 total
[2024-02-18T10:04:43.234+0000][7][gc,age      ] GC(126) - age   3:      18480 bytes,     956376 total
[2024-02-18T10:04:43.234+0000][7][gc,age      ] GC(126) - age   4:       7784 bytes,     964160 total
[2024-02-18T10:04:43.234+0000][7][gc,age      ] GC(126) - age   5:      60696 bytes,    1024856 total
[2024-02-18T10:04:43.234+0000][7][gc,age      ] GC(126) - age   6:     191648 bytes,    1216504 total
[2024-02-18T10:04:43.234+0000][7][gc,age      ] GC(126) - age   7:       7416 bytes,    1223920 total
[2024-02-18T10:04:43.234+0000][7][gc,age      ] GC(126) - age   8:      33256 bytes,    1257176 total
[2024-02-18T10:04:43.234+0000][7][gc,age      ] GC(126) - age   9:      13152 bytes,    1270328 total
[2024-02-18T10:04:43.234+0000][7][gc,age      ] GC(126) - age  10:      55360 bytes,    1325688 total
[2024-02-18T10:04:43.235+0000][7][gc,age      ] GC(126) - age  11:     102024 bytes,    1427712 total
[2024-02-18T10:04:43.235+0000][7][gc,age      ] GC(126) - age  12:      26648 bytes,    1454360 total
[2024-02-18T10:04:43.235+0000][7][gc,age      ] GC(126) - age  13:      17544 bytes,    1471904 total
[2024-02-18T10:04:43.235+0000][7][gc,age      ] GC(126) - age  14:      23648 bytes,    1495552 total
[2024-02-18T10:04:43.235+0000][7][gc,age      ] GC(126) - age  15:      11600 bytes,    1507152 total
[2024-02-18T10:04:43.235+0000][7][gc,heap     ] GC(126) Eden regions: 75->0(75)
[2024-02-18T10:04:43.235+0000][7][gc,heap     ] GC(126) Survivor regions: 1->1(10)
[2024-02-18T10:04:43.235+0000][7][gc,heap     ] GC(126) Old regions: 31->31
[2024-02-18T10:04:43.235+0000][7][gc,heap     ] GC(126) Humongous regions: 2->2
[2024-02-18T10:04:43.235+0000][7][gc,metaspace] GC(126) Metaspace: 121692K(125056K)->121692K(125056K) NonClass: 105793K(107392K)->105793K(107392K) Class: 15899K(17664K)->15899K(17664K)
[2024-02-18T10:04:43.236+0000][7][gc          ] GC(126) Pause Young (Concurrent Start) (G1 Evacuation Pause) 431M->130M(512M) 6.449ms
[2024-02-18T10:04:43.236+0000][7][gc          ] GC(127) Concurrent Mark Cycle
[2024-02-18T10:04:43.236+0000][7][gc,marking  ] GC(127) Concurrent Scan Root Regions
[2024-02-18T10:04:43.236+0000][7][gc,cpu      ] GC(126) User=0.02s Sys=0.00s Real=0.00s
[2024-02-18T10:04:43.236+0000][7][safepoint   ] Safepoint "G1CollectForAllocation", Time since last: 7631596732 ns, Reaching safepoint: 18726 ns, Cleanup: 4529 ns, At safepoint: 6978281 ns, Total: 7001536 ns
[2024-02-18T10:04:43.237+0000][7][gc,marking  ] GC(127) Concurrent Scan Root Regions 1.154ms
[2024-02-18T10:04:43.237+0000][7][gc,marking  ] GC(127) Concurrent Mark
[2024-02-18T10:04:43.237+0000][7][gc,marking  ] GC(127) Concurrent Mark From Roots
[2024-02-18T10:04:43.237+0000][7][gc,task     ] GC(127) Using 3 workers of 3 for marking
[2024-02-18T10:04:43.277+0000][7][gc,marking  ] GC(127) Concurrent Mark From Roots 40.041ms
[2024-02-18T10:04:43.277+0000][7][gc,marking  ] GC(127) Concurrent Preclean
[2024-02-18T10:04:43.278+0000][7][gc,marking  ] GC(127) Concurrent Preclean 0.603ms
[2024-02-18T10:04:43.278+0000][7][gc,start    ] GC(127) Pause Remark
[2024-02-18T10:04:43.282+0000][7][gc          ] GC(127) Pause Remark 135M->135M(512M) 3.951ms
[2024-02-18T10:04:43.282+0000][7][gc,cpu      ] GC(127) User=0.02s Sys=0.00s Real=0.00s
[2024-02-18T10:04:43.283+0000][7][safepoint   ] Safepoint "G1PauseRemark", Time since last: 42092154 ns, Reaching safepoint: 18225 ns, Cleanup: 3277 ns, At safepoint: 4356419 ns, Total: 4377921 ns
[2024-02-18T10:04:43.283+0000][7][gc,marking  ] GC(127) Concurrent Mark 45.607ms
[2024-02-18T10:04:43.283+0000][7][gc,marking  ] GC(127) Concurrent Rebuild Remembered Sets and Scrub Regions
[2024-02-18T10:04:43.295+0000][7][gc,marking  ] GC(127) Concurrent Rebuild Remembered Sets and Scrub Regions 12.601ms
[2024-02-18T10:04:43.296+0000][7][gc,start    ] GC(127) Pause Cleanup
[2024-02-18T10:04:43.296+0000][7][gc          ] GC(127) Pause Cleanup 135M->135M(512M) 0.304ms
[2024-02-18T10:04:43.296+0000][7][gc,cpu      ] GC(127) User=0.00s Sys=0.00s Real=0.01s
[2024-02-18T10:04:43.296+0000][7][safepoint   ] Safepoint "G1PauseCleanup", Time since last: 13122769 ns, Reaching safepoint: 16441 ns, Cleanup: 3587 ns, At safepoint: 584204 ns, Total: 604232 ns
[2024-02-18T10:04:43.296+0000][7][gc,marking  ] GC(127) Concurrent Clear Claimed Marks
[2024-02-18T10:04:43.297+0000][7][gc,marking  ] GC(127) Concurrent Clear Claimed Marks 0.346ms
[2024-02-18T10:04:43.297+0000][7][gc,marking  ] GC(127) Concurrent Cleanup for Next Mark
[2024-02-18T10:04:43.298+0000][7][gc,marking  ] GC(127) Concurrent Cleanup for Next Mark 0.839ms
[2024-02-18T10:04:43.298+0000][7][gc          ] GC(127) Concurrent Mark Cycle 62.225ms
[2024-02-18T10:04:59.612+0000][7][safepoint   ] Safepoint "Cleanup", Time since last: 16315872215 ns, Reaching safepoint: 36890 ns, Cleanup: 22303 ns, At safepoint: 4108 ns, Total: 63301 ns
[2024-02-18T10:05:01.613+0000][7][safepoint   ] Safepoint "Cleanup", Time since last: 2000713352 ns, Reaching safepoint: 18225 ns, Cleanup: 14137 ns, At safepoint: 2746 ns, Total: 35108 ns
[2024-02-18T10:05:07.614+0000][7][safepoint   ] Safepoint "Cleanup", Time since last: 6000775423 ns, Reaching safepoint: 18205 ns, Cleanup: 15930 ns, At safepoint: 2986 ns, Total: 37121 ns
[2024-02-18T10:05:09.614+0000][7][safepoint   ] Safepoint "Cleanup", Time since last: 2000372980 ns, Reaching safepoint: 19337 ns, Cleanup: 14107 ns, At safepoint: 3016 ns, Total: 36460 ns
[2024-02-18T10:05:10.615+0000][7][safepoint   ] Safepoint "Cleanup", Time since last: 1000474767 ns, Reaching safepoint: 20710 ns, Cleanup: 14368 ns, At safepoint: 3346 ns, Total: 38424 ns
[2024-02-18T10:05:17.616+0000][7][safepoint   ] Safepoint "Cleanup", Time since last: 7000979352 ns, Reaching safepoint: 67740 ns, Cleanup: 26210 ns, At safepoint: 7093 ns, Total: 101043 ns
[2024-02-18T10:05:27.617+0000][7][safepoint   ] Safepoint "Cleanup", Time since last: 10001441436 ns, Reaching safepoint: 19888 ns, Cleanup: 24227 ns, At safepoint: 5390 ns, Total: 49505 ns
[2024-02-18T10:05:28.618+0000][7][safepoint   ] Safepoint "Cleanup", Time since last: 1000392991 ns, Reaching safepoint: 19397 ns, Cleanup: 13175 ns, At safepoint: 3176 ns, Total: 35748 ns
[2024-02-18T10:05:29.618+0000][7][safepoint   ] Safepoint "Cleanup", Time since last: 1000358044 ns, Reaching safepoint: 19277 ns, Cleanup: 13536 ns, At safepoint: 3316 ns, Total: 36129 ns
[2024-02-18T10:05:31.619+0000][7][safepoint   ] Safepoint "Cleanup", Time since last: 2000475888 ns, Reaching safepoint: 33263 ns, Cleanup: 30849 ns, At safepoint: 3948 ns, Total: 68060 ns
[2024-02-18T10:05:37.620+0000][7][safepoint   ] Safepoint "Cleanup", Time since last: 6000895463 ns, Reaching safepoint: 20129 ns, Cleanup: 13456 ns, At safepoint: 2985 ns, Total: 36570 ns
[2024-02-18T10:05:40.620+0000][7][safepoint   ] Safepoint "Cleanup", Time since last: 3000639018 ns, Reaching safepoint: 21040 ns, Cleanup: 14639 ns, At safepoint: 2735 ns, Total: 38414 ns
[2024-02-18T10:05:41.300+0000][7][gc,start    ] GC(128) Pause Young (Normal) (G1 Evacuation Pause)
[2024-02-18T10:05:41.300+0000][7][gc,task     ] GC(128) Using 12 workers of 13 for evacuation
[2024-02-18T10:05:41.300+0000][7][gc,age      ] GC(128) Desired survivor size 20971520 bytes, new threshold 15 (max threshold 15)
[2024-02-18T10:05:41.303+0000][7][gc,phases   ] GC(128)   Pre Evacuate Collection Set: 0.2ms
[2024-02-18T10:05:41.303+0000][7][gc,phases   ] GC(128)   Merge Heap Roots: 0.1ms
[2024-02-18T10:05:41.304+0000][7][gc,phases   ] GC(128)   Evacuate Collection Set: 1.9ms
[2024-02-18T10:05:41.304+0000][7][gc,phases   ] GC(128)   Post Evacuate Collection Set: 0.5ms
[2024-02-18T10:05:41.304+0000][7][gc,phases   ] GC(128)   Other: 0.3ms
[2024-02-18T10:05:41.304+0000][7][gc,age      ] GC(128) Age table with threshold 15 (max threshold 15)
[2024-02-18T10:05:41.304+0000][7][gc,age      ] GC(128) - age   1:    1784032 bytes,    1784032 total
[2024-02-18T10:05:41.304+0000][7][gc,age      ] GC(128) - age   2:      22912 bytes,    1806944 total
[2024-02-18T10:05:41.304+0000][7][gc,age      ] GC(128) - age   3:      44936 bytes,    1851880 total
[2024-02-18T10:05:41.304+0000][7][gc,age      ] GC(128) - age   4:      17936 bytes,    1869816 total
[2024-02-18T10:05:41.304+0000][7][gc,age      ] GC(128) - age   5:       7400 bytes,    1877216 total
[2024-02-18T10:05:41.304+0000][7][gc,age      ] GC(128) - age   6:      60200 bytes,    1937416 total
[2024-02-18T10:05:41.304+0000][7][gc,age      ] GC(128) - age   7:     191648 bytes,    2129064 total
[2024-02-18T10:05:41.305+0000][7][gc,age      ] GC(128) - age   8:       7352 bytes,    2136416 total
[2024-02-18T10:05:41.305+0000][7][gc,age      ] GC(128) - age   9:      32896 bytes,    2169312 total
[2024-02-18T10:05:41.305+0000][7][gc,age      ] GC(128) - age  10:      13152 bytes,    2182464 total
[2024-02-18T10:05:41.305+0000][7][gc,age      ] GC(128) - age  11:      55360 bytes,    2237824 total
[2024-02-18T10:05:41.305+0000][7][gc,age      ] GC(128) - age  12:     102024 bytes,    2339848 total
[2024-02-18T10:05:41.305+0000][7][gc,age      ] GC(128) - age  13:      26648 bytes,    2366496 total
[2024-02-18T10:05:41.305+0000][7][gc,age      ] GC(128) - age  14:      17544 bytes,    2384040 total
[2024-02-18T10:05:41.305+0000][7][gc,age      ] GC(128) - age  15:      23648 bytes,    2407688 total
[2024-02-18T10:05:41.305+0000][7][gc,heap     ] GC(128) Eden regions: 75->0(75)
[2024-02-18T10:05:41.305+0000][7][gc,heap     ] GC(128) Survivor regions: 1->1(10)
[2024-02-18T10:05:41.306+0000][7][gc,heap     ] GC(128) Old regions: 31->31
[2024-02-18T10:05:41.306+0000][7][gc,heap     ] GC(128) Humongous regions: 2->2
[2024-02-18T10:05:41.306+0000][7][gc,metaspace] GC(128) Metaspace: 121711K(125056K)->121711K(125056K) NonClass: 105812K(107392K)->105812K(107392K) Class: 15899K(17664K)->15899K(17664K)
[2024-02-18T10:05:41.306+0000][7][gc          ] GC(128) Pause Young (Normal) (G1 Evacuation Pause) 430M->131M(512M) 5.696ms
[2024-02-18T10:05:41.306+0000][7][gc,cpu      ] GC(128) User=0.01s Sys=0.00s Real=0.00s
[2024-02-18T10:05:41.306+0000][7][safepoint   ] Safepoint "G1CollectForAllocation", Time since last: 679792787 ns, Reaching safepoint: 17063 ns, Cleanup: 4128 ns, At safepoint: 5975470 ns, Total: 5996661 ns
[2024-02-18T10:05:43.306+0000][7][safepoint   ] Safepoint "Cleanup", Time since last: 2000277572 ns, Reaching safepoint: 18435 ns, Cleanup: 7464 ns, At safepoint: 13927 ns, Total: 39826 ns
[2024-02-18T10:05:44.307+0000][7][safepoint   ] Safepoint "Cleanup", Time since last: 1000253234 ns, Reaching safepoint: 18595 ns, Cleanup: 12685 ns, At safepoint: 7173 ns, Total: 38453 ns
[2024-02-18T10:06:06.634+0000][7][safepoint   ] Safepoint "Cleanup", Time since last: 22327555676 ns, Reaching safepoint: 19728 ns, Cleanup: 13897 ns, At safepoint: 3146 ns, Total: 36771 ns
[2024-02-18T10:06:08.635+0000][7][safepoint   ] Safepoint "Cleanup", Time since last: 2000396746 ns, Reaching safepoint: 19868 ns, Cleanup: 21110 ns, At safepoint: 2755 ns, Total: 43733 ns
[2024-02-18T10:06:31.637+0000][7][safepoint   ] Safepoint "Cleanup", Time since last: 23002215248 ns, Reaching safepoint: 16902 ns, Cleanup: 11091 ns, At safepoint: 7615 ns, Total: 35608 ns
[2024-02-18T10:06:32.637+0000][7][safepoint   ] Safepoint "Cleanup", Time since last: 1000221061 ns, Reaching safepoint: 17113 ns, Cleanup: 8717 ns, At safepoint: 3206 ns, Total: 29036 ns
[2024-02-18T10:06:46.135+0000][7][gc,start    ] GC(129) Pause Young (Concurrent Start) (G1 Evacuation Pause)
[2024-02-18T10:06:46.135+0000][7][gc,task     ] GC(129) Using 12 workers of 13 for evacuation
[2024-02-18T10:06:46.135+0000][7][gc,age      ] GC(129) Desired survivor size 20971520 bytes, new threshold 15 (max threshold 15)
[2024-02-18T10:06:46.139+0000][7][gc,phases   ] GC(129)   Pre Evacuate Collection Set: 0.3ms
[2024-02-18T10:06:46.139+0000][7][gc,phases   ] GC(129)   Merge Heap Roots: 0.1ms
[2024-02-18T10:06:46.139+0000][7][gc,phases   ] GC(129)   Evacuate Collection Set: 2.3ms
[2024-02-18T10:06:46.139+0000][7][gc,phases   ] GC(129)   Post Evacuate Collection Set: 0.6ms
[2024-02-18T10:06:46.139+0000][7][gc,phases   ] GC(129)   Other: 0.3ms
[2024-02-18T10:06:46.139+0000][7][gc,age      ] GC(129) Age table with threshold 15 (max threshold 15)
[2024-02-18T10:06:46.139+0000][7][gc,age      ] GC(129) - age   1:    1603344 bytes,    1603344 total
[2024-02-18T10:06:46.140+0000][7][gc,age      ] GC(129) - age   2:      65976 bytes,    1669320 total
[2024-02-18T10:06:46.140+0000][7][gc,age      ] GC(129) - age   3:      14984 bytes,    1684304 total
[2024-02-18T10:06:46.140+0000][7][gc,age      ] GC(129) - age   4:      31656 bytes,    1715960 total
[2024-02-18T10:06:46.140+0000][7][gc,age      ] GC(129) - age   5:      16032 bytes,    1731992 total
[2024-02-18T10:06:46.140+0000][7][gc,age      ] GC(129) - age   6:       7400 bytes,    1739392 total
[2024-02-18T10:06:46.140+0000][7][gc,age      ] GC(129) - age   7:      60136 bytes,    1799528 total
[2024-02-18T10:06:46.140+0000][7][gc,age      ] GC(129) - age   8:     191648 bytes,    1991176 total
[2024-02-18T10:06:46.140+0000][7][gc,age      ] GC(129) - age   9:       5800 bytes,    1996976 total
[2024-02-18T10:06:46.140+0000][7][gc,age      ] GC(129) - age  10:      32896 bytes,    2029872 total
[2024-02-18T10:06:46.140+0000][7][gc,age      ] GC(129) - age  11:      12376 bytes,    2042248 total
[2024-02-18T10:06:46.140+0000][7][gc,age      ] GC(129) - age  12:      55360 bytes,    2097608 total
[2024-02-18T10:06:46.140+0000][7][gc,age      ] GC(129) - age  13:     102024 bytes,    2199632 total
[2024-02-18T10:06:46.140+0000][7][gc,age      ] GC(129) - age  14:      26648 bytes,    2226280 total
[2024-02-18T10:06:46.141+0000][7][gc,age      ] GC(129) - age  15:      17544 bytes,    2243824 total
[2024-02-18T10:06:46.141+0000][7][gc,heap     ] GC(129) Eden regions: 75->0(75)
[2024-02-18T10:06:46.141+0000][7][gc,heap     ] GC(129) Survivor regions: 1->1(10)
[2024-02-18T10:06:46.141+0000][7][gc,heap     ] GC(129) Old regions: 31->31
[2024-02-18T10:06:46.141+0000][7][gc,heap     ] GC(129) Humongous regions: 2->2
[2024-02-18T10:06:46.141+0000][7][gc,metaspace] GC(129) Metaspace: 121711K(125056K)->121711K(125056K) NonClass: 105812K(107392K)->105812K(107392K) Class: 15899K(17664K)->15899K(17664K)
[2024-02-18T10:06:46.141+0000][7][gc          ] GC(129) Pause Young (Concurrent Start) (G1 Evacuation Pause) 431M->131M(512M) 5.905ms
[2024-02-18T10:06:46.141+0000][7][gc          ] GC(130) Concurrent Mark Cycle
[2024-02-18T10:06:46.141+0000][7][gc,cpu      ] GC(129) User=0.00s Sys=0.01s Real=0.01s
[2024-02-18T10:06:46.141+0000][7][gc,marking  ] GC(130) Concurrent Scan Root Regions
[2024-02-18T10:06:46.141+0000][7][safepoint   ] Safepoint "G1CollectForAllocation", Time since last: 13497890608 ns, Reaching safepoint: 17152 ns, Cleanup: 3838 ns, At safepoint: 6263797 ns, Total: 6284787 ns
[2024-02-18T10:06:46.142+0000][7][gc,marking  ] GC(130) Concurrent Scan Root Regions 1.252ms
[2024-02-18T10:06:46.143+0000][7][gc,marking  ] GC(130) Concurrent Mark
[2024-02-18T10:06:46.143+0000][7][gc,marking  ] GC(130) Concurrent Mark From Roots
[2024-02-18T10:06:46.143+0000][7][gc,task     ] GC(130) Using 3 workers of 3 for marking
[2024-02-18T10:06:46.181+0000][7][gc,marking  ] GC(130) Concurrent Mark From Roots 37.822ms
[2024-02-18T10:06:46.181+0000][7][gc,marking  ] GC(130) Concurrent Preclean
[2024-02-18T10:06:46.181+0000][7][gc,marking  ] GC(130) Concurrent Preclean 0.594ms
[2024-02-18T10:06:46.182+0000][7][gc,start    ] GC(130) Pause Remark
[2024-02-18T10:06:46.186+0000][7][gc          ] GC(130) Pause Remark 134M->134M(512M) 4.015ms
[2024-02-18T10:06:46.186+0000][7][gc,cpu      ] GC(130) User=0.02s Sys=0.01s Real=0.00s
[2024-02-18T10:06:46.186+0000][7][safepoint   ] Safepoint "G1PauseRemark", Time since last: 40120944 ns, Reaching safepoint: 35257 ns, Cleanup: 3076 ns, At safepoint: 4414696 ns, Total: 4453029 ns
[2024-02-18T10:06:46.186+0000][7][gc,marking  ] GC(130) Concurrent Mark 43.452ms
[2024-02-18T10:06:46.186+0000][7][gc,marking  ] GC(130) Concurrent Rebuild Remembered Sets and Scrub Regions
[2024-02-18T10:06:46.199+0000][7][gc,marking  ] GC(130) Concurrent Rebuild Remembered Sets and Scrub Regions 12.502ms
[2024-02-18T10:06:46.199+0000][7][gc,start    ] GC(130) Pause Cleanup
[2024-02-18T10:06:46.199+0000][7][gc          ] GC(130) Pause Cleanup 134M->134M(512M) 0.246ms
[2024-02-18T10:06:46.199+0000][7][gc,cpu      ] GC(130) User=0.00s Sys=0.00s Real=0.00s
[2024-02-18T10:06:46.199+0000][7][safepoint   ] Safepoint "G1PauseCleanup", Time since last: 12973668 ns, Reaching safepoint: 15750 ns, Cleanup: 6433 ns, At safepoint: 520597 ns, Total: 542780 ns
[2024-02-18T10:06:46.200+0000][7][gc,marking  ] GC(130) Concurrent Clear Claimed Marks
[2024-02-18T10:06:46.200+0000][7][gc,marking  ] GC(130) Concurrent Clear Claimed Marks 0.299ms
[2024-02-18T10:06:46.200+0000][7][gc,marking  ] GC(130) Concurrent Cleanup for Next Mark
[2024-02-18T10:06:46.200+0000][7][gc,marking  ] GC(130) Concurrent Cleanup for Next Mark 0.475ms
[2024-02-18T10:06:46.201+0000][7][gc          ] GC(130) Concurrent Mark Cycle 59.446ms
[2024-02-18T10:06:47.200+0000][7][safepoint   ] Safepoint "Cleanup", Time since last: 1000206513 ns, Reaching safepoint: 18867 ns, Cleanup: 10780 ns, At safepoint: 3276 ns, Total: 32923 ns
[2024-02-18T10:06:50.200+0000][7][safepoint   ] Safepoint "Cleanup", Time since last: 3000441110 ns, Reaching safepoint: 17383 ns, Cleanup: 17443 ns, At safepoint: 3066 ns, Total: 37892 ns
[2024-02-18T10:06:52.201+0000][7][safepoint   ] Safepoint "Cleanup", Time since last: 2000327453 ns, Reaching safepoint: 34586 ns, Cleanup: 23676 ns, At safepoint: 4739 ns, Total: 63001 ns
[2024-02-18T10:07:11.202+0000][7][safepoint   ] Safepoint "Cleanup", Time since last: 19001799748 ns, Reaching safepoint: 20590 ns, Cleanup: 8827 ns, At safepoint: 2605 ns, Total: 32022 ns
[2024-02-18T10:07:43.714+0000][7][gc,start    ] GC(131) Pause Young (Normal) (G1 Evacuation Pause)
[2024-02-18T10:07:43.714+0000][7][gc,task     ] GC(131) Using 12 workers of 13 for evacuation
[2024-02-18T10:07:43.714+0000][7][gc,age      ] GC(131) Desired survivor size 20971520 bytes, new threshold 15 (max threshold 15)
[2024-02-18T10:07:43.717+0000][7][gc,phases   ] GC(131)   Pre Evacuate Collection Set: 0.2ms
[2024-02-18T10:07:43.717+0000][7][gc,phases   ] GC(131)   Merge Heap Roots: 0.1ms
[2024-02-18T10:07:43.717+0000][7][gc,phases   ] GC(131)   Evacuate Collection Set: 2.0ms
[2024-02-18T10:07:43.717+0000][7][gc,phases   ] GC(131)   Post Evacuate Collection Set: 0.6ms
[2024-02-18T10:07:43.717+0000][7][gc,phases   ] GC(131)   Other: 0.2ms
[2024-02-18T10:07:43.717+0000][7][gc,age      ] GC(131) Age table with threshold 15 (max threshold 15)
[2024-02-18T10:07:43.717+0000][7][gc,age      ] GC(131) - age   1:     764272 bytes,     764272 total
[2024-02-18T10:07:43.717+0000][7][gc,age      ] GC(131) - age   2:      36600 bytes,     800872 total
[2024-02-18T10:07:43.718+0000][7][gc,age      ] GC(131) - age   3:      63360 bytes,     864232 total
[2024-02-18T10:07:43.718+0000][7][gc,age      ] GC(131) - age   4:      14760 bytes,     878992 total
[2024-02-18T10:07:43.718+0000][7][gc,age      ] GC(131) - age   5:      31592 bytes,     910584 total
[2024-02-18T10:07:43.718+0000][7][gc,age      ] GC(131) - age   6:      15608 bytes,     926192 total
[2024-02-18T10:07:43.718+0000][7][gc,age      ] GC(131) - age   7:       7400 bytes,     933592 total
[2024-02-18T10:07:43.718+0000][7][gc,age      ] GC(131) - age   8:      58120 bytes,     991712 total
[2024-02-18T10:07:43.718+0000][7][gc,age      ] GC(131) - age   9:     190304 bytes,    1182016 total
[2024-02-18T10:07:43.718+0000][7][gc,age      ] GC(131) - age  10:       5800 bytes,    1187816 total
[2024-02-18T10:07:43.718+0000][7][gc,age      ] GC(131) - age  11:      32896 bytes,    1220712 total
[2024-02-18T10:07:43.718+0000][7][gc,age      ] GC(131) - age  12:      12376 bytes,    1233088 total
[2024-02-18T10:07:43.718+0000][7][gc,age      ] GC(131) - age  13:      55360 bytes,    1288448 total
[2024-02-18T10:07:43.718+0000][7][gc,age      ] GC(131) - age  14:     102024 bytes,    1390472 total
[2024-02-18T10:07:43.719+0000][7][gc,age      ] GC(131) - age  15:      26648 bytes,    1417120 total
[2024-02-18T10:07:43.719+0000][7][gc,heap     ] GC(131) Eden regions: 75->0(75)
[2024-02-18T10:07:43.719+0000][7][gc,heap     ] GC(131) Survivor regions: 1->1(10)
[2024-02-18T10:07:43.719+0000][7][gc,heap     ] GC(131) Old regions: 31->31
[2024-02-18T10:07:43.719+0000][7][gc,heap     ] GC(131) Humongous regions: 2->2
[2024-02-18T10:07:43.719+0000][7][gc,metaspace] GC(131) Metaspace: 121712K(125056K)->121712K(125056K) NonClass: 105812K(107392K)->105812K(107392K) Class: 15899K(17664K)->15899K(17664K)
[2024-02-18T10:07:43.719+0000][7][gc          ] GC(131) Pause Young (Normal) (G1 Evacuation Pause) 431M->130M(512M) 5.333ms
[2024-02-18T10:07:43.719+0000][7][gc,cpu      ] GC(131) User=0.01s Sys=0.00s Real=0.01s
[2024-02-18T10:07:43.719+0000][7][safepoint   ] Safepoint "G1CollectForAllocation", Time since last: 32511244046 ns, Reaching safepoint: 18305 ns, Cleanup: 4118 ns, At safepoint: 5567543 ns, Total: 5589966 ns
[2024-02-18T10:07:49.674+0000][7][safepoint   ] Safepoint "Cleanup", Time since last: 5954896481 ns, Reaching safepoint: 33204 ns, Cleanup: 17794 ns, At safepoint: 4378 ns, Total: 55376 ns
[2024-02-18T10:07:55.675+0000][7][safepoint   ] Safepoint "Cleanup", Time since last: 6000818796 ns, Reaching safepoint: 17283 ns, Cleanup: 10541 ns, At safepoint: 3055 ns, Total: 30879 ns
[2024-02-18T10:08:06.676+0000][7][safepoint   ] Safepoint "Cleanup", Time since last: 11001177063 ns, Reaching safepoint: 18596 ns, Cleanup: 16642 ns, At safepoint: 3226 ns, Total: 38464 ns
[2024-02-18T10:08:10.677+0000][7][safepoint   ] Safepoint "Cleanup", Time since last: 4000628646 ns, Reaching safepoint: 19647 ns, Cleanup: 11533 ns, At safepoint: 3366 ns, Total: 34546 ns
[2024-02-18T10:08:25.678+0000][7][safepoint   ] Safepoint "Cleanup", Time since last: 15001484794 ns, Reaching safepoint: 35799 ns, Cleanup: 12413 ns, At safepoint: 3166 ns, Total: 51378 ns
[2024-02-18T10:08:31.679+0000][7][safepoint   ] Safepoint "Cleanup", Time since last: 6000721421 ns, Reaching safepoint: 15660 ns, Cleanup: 8235 ns, At safepoint: 2515 ns, Total: 26410 ns
[2024-02-18T10:08:47.389+0000][7][gc,start    ] GC(132) Pause Young (Concurrent Start) (G1 Evacuation Pause)
[2024-02-18T10:08:47.389+0000][7][gc,task     ] GC(132) Using 12 workers of 13 for evacuation
[2024-02-18T10:08:47.389+0000][7][gc,age      ] GC(132) Desired survivor size 20971520 bytes, new threshold 15 (max threshold 15)
[2024-02-18T10:08:47.392+0000][7][gc,phases   ] GC(132)   Pre Evacuate Collection Set: 0.2ms
[2024-02-18T10:08:47.392+0000][7][gc,phases   ] GC(132)   Merge Heap Roots: 0.1ms
[2024-02-18T10:08:47.392+0000][7][gc,phases   ] GC(132)   Evacuate Collection Set: 1.8ms
[2024-02-18T10:08:47.392+0000][7][gc,phases   ] GC(132)   Post Evacuate Collection Set: 0.6ms
[2024-02-18T10:08:47.392+0000][7][gc,phases   ] GC(132)   Other: 0.3ms
[2024-02-18T10:08:47.392+0000][7][gc,age      ] GC(132) Age table with threshold 15 (max threshold 15)
[2024-02-18T10:08:47.392+0000][7][gc,age      ] GC(132) - age   1:    1344152 bytes,    1344152 total
[2024-02-18T10:08:47.392+0000][7][gc,age      ] GC(132) - age   2:      13320 bytes,    1357472 total
[2024-02-18T10:08:47.393+0000][7][gc,age      ] GC(132) - age   3:      33120 bytes,    1390592 total
[2024-02-18T10:08:47.393+0000][7][gc,age      ] GC(132) - age   4:      62688 bytes,    1453280 total
[2024-02-18T10:08:47.393+0000][7][gc,age      ] GC(132) - age   5:      12872 bytes,    1466152 total
[2024-02-18T10:08:47.393+0000][7][gc,age      ] GC(132) - age   6:      27536 bytes,    1493688 total
[2024-02-18T10:08:47.393+0000][7][gc,age      ] GC(132) - age   7:      15608 bytes,    1509296 total
[2024-02-18T10:08:47.393+0000][7][gc,age      ] GC(132) - age   8:       7336 bytes,    1516632 total
[2024-02-18T10:08:47.393+0000][7][gc,age      ] GC(132) - age   9:      58120 bytes,    1574752 total
[2024-02-18T10:08:47.393+0000][7][gc,age      ] GC(132) - age  10:     190304 bytes,    1765056 total
[2024-02-18T10:08:47.393+0000][7][gc,age      ] GC(132) - age  11:       5800 bytes,    1770856 total
[2024-02-18T10:08:47.393+0000][7][gc,age      ] GC(132) - age  12:      32896 bytes,    1803752 total
[2024-02-18T10:08:47.393+0000][7][gc,age      ] GC(132) - age  13:      12376 bytes,    1816128 total
[2024-02-18T10:08:47.394+0000][7][gc,age      ] GC(132) - age  14:      55360 bytes,    1871488 total
[2024-02-18T10:08:47.394+0000][7][gc,age      ] GC(132) - age  15:     102024 bytes,    1973512 total
[2024-02-18T10:08:47.394+0000][7][gc,heap     ] GC(132) Eden regions: 75->0(75)
[2024-02-18T10:08:47.394+0000][7][gc,heap     ] GC(132) Survivor regions: 1->1(10)
[2024-02-18T10:08:47.394+0000][7][gc,heap     ] GC(132) Old regions: 31->31
[2024-02-18T10:08:47.394+0000][7][gc,heap     ] GC(132) Humongous regions: 2->2
[2024-02-18T10:08:47.394+0000][7][gc,metaspace] GC(132) Metaspace: 121719K(125056K)->121719K(125056K) NonClass: 105820K(107392K)->105820K(107392K) Class: 15899K(17664K)->15899K(17664K)
[2024-02-18T10:08:47.394+0000][7][gc          ] GC(132) Pause Young (Concurrent Start) (G1 Evacuation Pause) 430M->131M(512M) 5.682ms
[2024-02-18T10:08:47.394+0000][7][gc          ] GC(133) Concurrent Mark Cycle
[2024-02-18T10:08:47.394+0000][7][gc,marking  ] GC(133) Concurrent Scan Root Regions
[2024-02-18T10:08:47.394+0000][7][gc,cpu      ] GC(132) User=0.01s Sys=0.00s Real=0.00s
[2024-02-18T10:08:47.395+0000][7][safepoint   ] Safepoint "G1CollectForAllocation", Time since last: 15709320743 ns, Reaching safepoint: 29606 ns, Cleanup: 3808 ns, At safepoint: 6187481 ns, Total: 6220895 ns
[2024-02-18T10:08:47.396+0000][7][gc,marking  ] GC(133) Concurrent Scan Root Regions 1.126ms
[2024-02-18T10:08:47.396+0000][7][gc,marking  ] GC(133) Concurrent Mark
[2024-02-18T10:08:47.396+0000][7][gc,marking  ] GC(133) Concurrent Mark From Roots
[2024-02-18T10:08:47.396+0000][7][gc,task     ] GC(133) Using 3 workers of 3 for marking
[2024-02-18T10:08:47.429+0000][7][gc,marking  ] GC(133) Concurrent Mark From Roots 33.505ms
[2024-02-18T10:08:47.430+0000][7][gc,marking  ] GC(133) Concurrent Preclean
[2024-02-18T10:08:47.430+0000][7][gc,marking  ] GC(133) Concurrent Preclean 0.611ms
[2024-02-18T10:08:47.430+0000][7][gc,start    ] GC(133) Pause Remark
[2024-02-18T10:08:47.434+0000][7][gc          ] GC(133) Pause Remark 131M->131M(512M) 3.672ms
[2024-02-18T10:08:47.434+0000][7][gc,cpu      ] GC(133) User=0.03s Sys=0.00s Real=0.00s
[2024-02-18T10:08:47.435+0000][7][safepoint   ] Safepoint "G1PauseRemark", Time since last: 35726472 ns, Reaching safepoint: 16511 ns, Cleanup: 3166 ns, At safepoint: 4050504 ns, Total: 4070181 ns
[2024-02-18T10:08:47.435+0000][7][gc,marking  ] GC(133) Concurrent Mark 38.929ms
[2024-02-18T10:08:47.435+0000][7][gc,marking  ] GC(133) Concurrent Rebuild Remembered Sets and Scrub Regions
[2024-02-18T10:08:47.448+0000][7][gc,marking  ] GC(133) Concurrent Rebuild Remembered Sets and Scrub Regions 13.164ms
[2024-02-18T10:08:47.448+0000][7][gc,start    ] GC(133) Pause Cleanup
[2024-02-18T10:08:47.449+0000][7][gc          ] GC(133) Pause Cleanup 131M->131M(512M) 0.301ms
[2024-02-18T10:08:47.449+0000][7][gc,cpu      ] GC(133) User=0.00s Sys=0.00s Real=0.00s
[2024-02-18T10:08:47.449+0000][7][safepoint   ] Safepoint "G1PauseCleanup", Time since last: 13703050 ns, Reaching safepoint: 16091 ns, Cleanup: 3657 ns, At safepoint: 602339 ns, Total: 622087 ns
[2024-02-18T10:08:47.449+0000][7][gc,marking  ] GC(133) Concurrent Clear Claimed Marks
[2024-02-18T10:08:47.449+0000][7][gc,marking  ] GC(133) Concurrent Clear Claimed Marks 0.299ms
[2024-02-18T10:08:47.449+0000][7][gc,marking  ] GC(133) Concurrent Cleanup for Next Mark
[2024-02-18T10:08:47.450+0000][7][gc,marking  ] GC(133) Concurrent Cleanup for Next Mark 0.491ms
[2024-02-18T10:08:47.450+0000][7][gc          ] GC(133) Concurrent Mark Cycle 55.620ms
[2024-02-18T10:09:02.450+0000][7][safepoint   ] Safepoint "Cleanup", Time since last: 15001271509 ns, Reaching safepoint: 20038 ns, Cleanup: 17143 ns, At safepoint: 3236 ns, Total: 40417 ns
[2024-02-18T10:09:06.451+0000][7][safepoint   ] Safepoint "Cleanup", Time since last: 4000585253 ns, Reaching safepoint: 20109 ns, Cleanup: 32132 ns, At safepoint: 3436 ns, Total: 55677 ns
[2024-02-18T10:09:38.454+0000][7][safepoint   ] Safepoint "Cleanup", Time since last: 32002880278 ns, Reaching safepoint: 19467 ns, Cleanup: 16101 ns, At safepoint: 2886 ns, Total: 38454 ns
[2024-02-18T10:09:49.180+0000][7][gc,start    ] GC(134) Pause Young (Normal) (G1 Evacuation Pause)
[2024-02-18T10:09:49.180+0000][7][gc,task     ] GC(134) Using 12 workers of 13 for evacuation
[2024-02-18T10:09:49.180+0000][7][gc,age      ] GC(134) Desired survivor size 20971520 bytes, new threshold 15 (max threshold 15)
[2024-02-18T10:09:49.183+0000][7][gc,phases   ] GC(134)   Pre Evacuate Collection Set: 0.2ms
[2024-02-18T10:09:49.183+0000][7][gc,phases   ] GC(134)   Merge Heap Roots: 0.1ms
[2024-02-18T10:09:49.184+0000][7][gc,phases   ] GC(134)   Evacuate Collection Set: 1.9ms
[2024-02-18T10:09:49.184+0000][7][gc,phases   ] GC(134)   Post Evacuate Collection Set: 0.5ms
[2024-02-18T10:09:49.184+0000][7][gc,phases   ] GC(134)   Other: 0.3ms
[2024-02-18T10:09:49.184+0000][7][gc,age      ] GC(134) Age table with threshold 15 (max threshold 15)
[2024-02-18T10:09:49.184+0000][7][gc,age      ] GC(134) - age   1:    1153880 bytes,    1153880 total
[2024-02-18T10:09:49.184+0000][7][gc,age      ] GC(134) - age   2:      23880 bytes,    1177760 total
[2024-02-18T10:09:49.184+0000][7][gc,age      ] GC(134) - age   3:      10712 bytes,    1188472 total
[2024-02-18T10:09:49.184+0000][7][gc,age      ] GC(134) - age   4:      15792 bytes,    1204264 total
[2024-02-18T10:09:49.184+0000][7][gc,age      ] GC(134) - age   5:      61328 bytes,    1265592 total
[2024-02-18T10:09:49.185+0000][7][gc,age      ] GC(134) - age   6:      12488 bytes,    1278080 total
[2024-02-18T10:09:49.185+0000][7][gc,age      ] GC(134) - age   7:      27408 bytes,    1305488 total
[2024-02-18T10:09:49.185+0000][7][gc,age      ] GC(134) - age   8:      15608 bytes,    1321096 total
[2024-02-18T10:09:49.185+0000][7][gc,age      ] GC(134) - age   9:       7336 bytes,    1328432 total
[2024-02-18T10:09:49.185+0000][7][gc,age      ] GC(134) - age  10:      58120 bytes,    1386552 total
[2024-02-18T10:09:49.185+0000][7][gc,age      ] GC(134) - age  11:     190208 bytes,    1576760 total
[2024-02-18T10:09:49.185+0000][7][gc,age      ] GC(134) - age  12:       5800 bytes,    1582560 total
[2024-02-18T10:09:49.185+0000][7][gc,age      ] GC(134) - age  13:       8312 bytes,    1590872 total
[2024-02-18T10:09:49.185+0000][7][gc,age      ] GC(134) - age  14:      12376 bytes,    1603248 total
[2024-02-18T10:09:49.185+0000][7][gc,age      ] GC(134) - age  15:      55360 bytes,    1658608 total
[2024-02-18T10:09:49.185+0000][7][gc,heap     ] GC(134) Eden regions: 75->0(75)
[2024-02-18T10:09:49.186+0000][7][gc,heap     ] GC(134) Survivor regions: 1->1(10)
[2024-02-18T10:09:49.186+0000][7][gc,heap     ] GC(134) Old regions: 31->31
[2024-02-18T10:09:49.186+0000][7][gc,heap     ] GC(134) Humongous regions: 2->2
[2024-02-18T10:09:49.186+0000][7][gc,metaspace] GC(134) Metaspace: 121720K(125056K)->121720K(125056K) NonClass: 105820K(107392K)->105820K(107392K) Class: 15900K(17664K)->15900K(17664K)
[2024-02-18T10:09:49.186+0000][7][gc          ] GC(134) Pause Young (Normal) (G1 Evacuation Pause) 431M->130M(512M) 5.888ms
[2024-02-18T10:09:49.186+0000][7][gc,cpu      ] GC(134) User=0.00s Sys=0.00s Real=0.01s
[2024-02-18T10:09:49.186+0000][7][safepoint   ] Safepoint "G1CollectForAllocation", Time since last: 10726331192 ns, Reaching safepoint: 31972 ns, Cleanup: 4117 ns, At safepoint: 6159563 ns, Total: 6195652 ns
[2024-02-18T10:09:59.187+0000][7][safepoint   ] Safepoint "Cleanup", Time since last: 10001113387 ns, Reaching safepoint: 20459 ns, Cleanup: 15249 ns, At safepoint: 3397 ns, Total: 39105 ns
[2024-02-18T10:10:06.188+0000][7][safepoint   ] Safepoint "Cleanup", Time since last: 7000892695 ns, Reaching safepoint: 20960 ns, Cleanup: 17694 ns, At safepoint: 3116 ns, Total: 41770 ns
[2024-02-18T10:10:11.189+0000][7][safepoint   ] Safepoint "Cleanup", Time since last: 5000696786 ns, Reaching safepoint: 20028 ns, Cleanup: 14177 ns, At safepoint: 2946 ns, Total: 37151 ns
[2024-02-18T10:10:49.285+0000][7][gc,start    ] GC(135) Pause Young (Concurrent Start) (G1 Evacuation Pause)
[2024-02-18T10:10:49.286+0000][7][gc,task     ] GC(135) Using 12 workers of 13 for evacuation
[2024-02-18T10:10:49.286+0000][7][gc,age      ] GC(135) Desired survivor size 20971520 bytes, new threshold 15 (max threshold 15)
[2024-02-18T10:10:49.289+0000][7][gc,phases   ] GC(135)   Pre Evacuate Collection Set: 0.2ms
[2024-02-18T10:10:49.289+0000][7][gc,phases   ] GC(135)   Merge Heap Roots: 0.1ms
[2024-02-18T10:10:49.289+0000][7][gc,phases   ] GC(135)   Evacuate Collection Set: 1.8ms
[2024-02-18T10:10:49.289+0000][7][gc,phases   ] GC(135)   Post Evacuate Collection Set: 0.5ms
[2024-02-18T10:10:49.289+0000][7][gc,phases   ] GC(135)   Other: 0.4ms
[2024-02-18T10:10:49.289+0000][7][gc,age      ] GC(135) Age table with threshold 15 (max threshold 15)
[2024-02-18T10:10:49.289+0000][7][gc,age      ] GC(135) - age   1:    1666232 bytes,    1666232 total
[2024-02-18T10:10:49.289+0000][7][gc,age      ] GC(135) - age   2:      48968 bytes,    1715200 total
[2024-02-18T10:10:49.289+0000][7][gc,age      ] GC(135) - age   3:      20056 bytes,    1735256 total
[2024-02-18T10:10:49.290+0000][7][gc,age      ] GC(135) - age   4:      10232 bytes,    1745488 total
[2024-02-18T10:10:49.290+0000][7][gc,age      ] GC(135) - age   5:      13312 bytes,    1758800 total
[2024-02-18T10:10:49.290+0000][7][gc,age      ] GC(135) - age   6:      59184 bytes,    1817984 total
[2024-02-18T10:10:49.290+0000][7][gc,age      ] GC(135) - age   7:      12488 bytes,    1830472 total
[2024-02-18T10:10:49.290+0000][7][gc,age      ] GC(135) - age   8:      11000 bytes,    1841472 total
[2024-02-18T10:10:49.290+0000][7][gc,age      ] GC(135) - age   9:      15608 bytes,    1857080 total
[2024-02-18T10:10:49.290+0000][7][gc,age      ] GC(135) - age  10:       7336 bytes,    1864416 total
[2024-02-18T10:10:49.290+0000][7][gc,age      ] GC(135) - age  11:      57928 bytes,    1922344 total
[2024-02-18T10:10:49.290+0000][7][gc,age      ] GC(135) - age  12:     190208 bytes,    2112552 total
[2024-02-18T10:10:49.290+0000][7][gc,age      ] GC(135) - age  13:       5800 bytes,    2118352 total
[2024-02-18T10:10:49.290+0000][7][gc,age      ] GC(135) - age  14:       8312 bytes,    2126664 total
[2024-02-18T10:10:49.291+0000][7][gc,age      ] GC(135) - age  15:      12376 bytes,    2139040 total
[2024-02-18T10:10:49.291+0000][7][gc,heap     ] GC(135) Eden regions: 75->0(75)
[2024-02-18T10:10:49.291+0000][7][gc,heap     ] GC(135) Survivor regions: 1->1(10)
[2024-02-18T10:10:49.291+0000][7][gc,heap     ] GC(135) Old regions: 31->31
[2024-02-18T10:10:49.291+0000][7][gc,heap     ] GC(135) Humongous regions: 2->2
[2024-02-18T10:10:49.291+0000][7][gc,metaspace] GC(135) Metaspace: 121724K(125056K)->121724K(125056K) NonClass: 105824K(107392K)->105824K(107392K) Class: 15900K(17664K)->15900K(17664K)
[2024-02-18T10:10:49.291+0000][7][gc          ] GC(135) Pause Young (Concurrent Start) (G1 Evacuation Pause) 430M->131M(512M) 5.929ms
[2024-02-18T10:10:49.292+0000][7][gc          ] GC(136) Concurrent Mark Cycle
[2024-02-18T10:10:49.292+0000][7][gc,marking  ] GC(136) Concurrent Scan Root Regions
[2024-02-18T10:10:49.292+0000][7][gc,cpu      ] GC(135) User=0.01s Sys=0.01s Real=0.01s
[2024-02-18T10:10:49.293+0000][7][safepoint   ] Safepoint "G1CollectForAllocation", Time since last: 38096376294 ns, Reaching safepoint: 31471 ns, Cleanup: 3627 ns, At safepoint: 7265936 ns, Total: 7301034 ns
[2024-02-18T10:10:49.293+0000][7][gc,marking  ] GC(136) Concurrent Scan Root Regions 1.236ms
[2024-02-18T10:10:49.293+0000][7][gc,marking  ] GC(136) Concurrent Mark
[2024-02-18T10:10:49.294+0000][7][gc,marking  ] GC(136) Concurrent Mark From Roots
[2024-02-18T10:10:49.294+0000][7][gc,task     ] GC(136) Using 3 workers of 3 for marking
[2024-02-18T10:10:49.330+0000][7][gc,marking  ] GC(136) Concurrent Mark From Roots 36.039ms
[2024-02-18T10:10:49.330+0000][7][gc,marking  ] GC(136) Concurrent Preclean
[2024-02-18T10:10:49.330+0000][7][gc,marking  ] GC(136) Concurrent Preclean 0.522ms
[2024-02-18T10:10:49.330+0000][7][gc,start    ] GC(136) Pause Remark
[2024-02-18T10:10:49.334+0000][7][gc          ] GC(136) Pause Remark 135M->135M(512M) 3.816ms
[2024-02-18T10:10:49.334+0000][7][gc,cpu      ] GC(136) User=0.03s Sys=0.00s Real=0.00s
[2024-02-18T10:10:49.335+0000][7][safepoint   ] Safepoint "G1PauseRemark", Time since last: 37667906 ns, Reaching safepoint: 16371 ns, Cleanup: 2856 ns, At safepoint: 4248226 ns, Total: 4267453 ns
[2024-02-18T10:10:49.335+0000][7][gc,marking  ] GC(136) Concurrent Mark 41.566ms
[2024-02-18T10:10:49.335+0000][7][gc,marking  ] GC(136) Concurrent Rebuild Remembered Sets and Scrub Regions
[2024-02-18T10:10:49.348+0000][7][gc,marking  ] GC(136) Concurrent Rebuild Remembered Sets and Scrub Regions 12.873ms
[2024-02-18T10:10:49.348+0000][7][gc,start    ] GC(136) Pause Cleanup
[2024-02-18T10:10:49.348+0000][7][gc          ] GC(136) Pause Cleanup 138M->138M(512M) 0.237ms
[2024-02-18T10:10:49.348+0000][7][gc,cpu      ] GC(136) User=0.00s Sys=0.00s Real=0.00s
[2024-02-18T10:10:49.348+0000][7][safepoint   ] Safepoint "G1PauseCleanup", Time since last: 13339911 ns, Reaching safepoint: 15620 ns, Cleanup: 4338 ns, At safepoint: 498805 ns, Total: 518763 ns
[2024-02-18T10:10:49.349+0000][7][gc,marking  ] GC(136) Concurrent Clear Claimed Marks
[2024-02-18T10:10:49.349+0000][7][gc,marking  ] GC(136) Concurrent Clear Claimed Marks 0.292ms
[2024-02-18T10:10:49.349+0000][7][gc,marking  ] GC(136) Concurrent Cleanup for Next Mark
[2024-02-18T10:10:49.349+0000][7][gc,marking  ] GC(136) Concurrent Cleanup for Next Mark 0.434ms
[2024-02-18T10:10:49.350+0000][7][gc          ] GC(136) Concurrent Mark Cycle 58.050ms
[2024-02-18T10:11:52.153+0000][7][gc,start    ] GC(137) Pause Young (Normal) (G1 Evacuation Pause)
[2024-02-18T10:11:52.154+0000][7][gc,task     ] GC(137) Using 12 workers of 13 for evacuation
[2024-02-18T10:11:52.154+0000][7][gc,age      ] GC(137) Desired survivor size 20971520 bytes, new threshold 15 (max threshold 15)
[2024-02-18T10:11:52.157+0000][7][gc,phases   ] GC(137)   Pre Evacuate Collection Set: 0.2ms
[2024-02-18T10:11:52.157+0000][7][gc,phases   ] GC(137)   Merge Heap Roots: 0.1ms
[2024-02-18T10:11:52.157+0000][7][gc,phases   ] GC(137)   Evacuate Collection Set: 2.0ms
[2024-02-18T10:11:52.157+0000][7][gc,phases   ] GC(137)   Post Evacuate Collection Set: 0.6ms
[2024-02-18T10:11:52.158+0000][7][gc,phases   ] GC(137)   Other: 0.3ms
[2024-02-18T10:11:52.158+0000][7][gc,age      ] GC(137) Age table with threshold 15 (max threshold 15)
[2024-02-18T10:11:52.158+0000][7][gc,age      ] GC(137) - age   1:    1231528 bytes,    1231528 total
[2024-02-18T10:11:52.158+0000][7][gc,age      ] GC(137) - age   2:      30744 bytes,    1262272 total
[2024-02-18T10:11:52.158+0000][7][gc,age      ] GC(137) - age   3:      45184 bytes,    1307456 total
[2024-02-18T10:11:52.158+0000][7][gc,age      ] GC(137) - age   4:      19040 bytes,    1326496 total
[2024-02-18T10:11:52.158+0000][7][gc,age      ] GC(137) - age   5:       7592 bytes,    1334088 total
[2024-02-18T10:11:52.158+0000][7][gc,age      ] GC(137) - age   6:       8768 bytes,    1342856 total
[2024-02-18T10:11:52.158+0000][7][gc,age      ] GC(137) - age   7:      59120 bytes,    1401976 total
[2024-02-18T10:11:52.158+0000][7][gc,age      ] GC(137) - age   8:      12488 bytes,    1414464 total
[2024-02-18T10:11:52.158+0000][7][gc,age      ] GC(137) - age   9:      11000 bytes,    1425464 total
[2024-02-18T10:11:52.159+0000][7][gc,age      ] GC(137) - age  10:      15608 bytes,    1441072 total
[2024-02-18T10:11:52.159+0000][7][gc,age      ] GC(137) - age  11:       7336 bytes,    1448408 total
[2024-02-18T10:11:52.159+0000][7][gc,age      ] GC(137) - age  12:      57832 bytes,    1506240 total
[2024-02-18T10:11:52.159+0000][7][gc,age      ] GC(137) - age  13:     190208 bytes,    1696448 total
[2024-02-18T10:11:52.159+0000][7][gc,age      ] GC(137) - age  14:       5800 bytes,    1702248 total
[2024-02-18T10:11:52.159+0000][7][gc,age      ] GC(137) - age  15:       8312 bytes,    1710560 total
[2024-02-18T10:11:52.159+0000][7][gc,heap     ] GC(137) Eden regions: 75->0(75)
[2024-02-18T10:11:52.159+0000][7][gc,heap     ] GC(137) Survivor regions: 1->1(10)
[2024-02-18T10:11:52.159+0000][7][gc,heap     ] GC(137) Old regions: 31->31
[2024-02-18T10:11:52.159+0000][7][gc,heap     ] GC(137) Humongous regions: 2->2
[2024-02-18T10:11:52.159+0000][7][gc,metaspace] GC(137) Metaspace: 121724K(125056K)->121724K(125056K) NonClass: 105824K(107392K)->105824K(107392K) Class: 15900K(17664K)->15900K(17664K)
[2024-02-18T10:11:52.160+0000][7][gc          ] GC(137) Pause Young (Normal) (G1 Evacuation Pause) 431M->131M(512M) 6.161ms
[2024-02-18T10:11:52.160+0000][7][gc,cpu      ] GC(137) User=0.00s Sys=0.01s Real=0.01s
[2024-02-18T10:11:52.160+0000][7][safepoint   ] Safepoint "G1CollectForAllocation", Time since last: 62804811448 ns, Reaching safepoint: 48393 ns, Cleanup: 3937 ns, At safepoint: 6436839 ns, Total: 6489169 ns
[2024-02-18T10:12:11.161+0000][7][safepoint   ] Safepoint "Cleanup", Time since last: 19001574607 ns, Reaching safepoint: 17053 ns, Cleanup: 6833 ns, At safepoint: 2545 ns, Total: 26431 ns
[2024-02-18T10:12:14.162+0000][7][safepoint   ] Safepoint "Cleanup", Time since last: 3000405771 ns, Reaching safepoint: 21531 ns, Cleanup: 13777 ns, At safepoint: 3226 ns, Total: 38534 ns
[2024-02-18T10:12:44.165+0000][7][safepoint   ] Safepoint "Cleanup", Time since last: 30002892299 ns, Reaching safepoint: 41149 ns, Cleanup: 25459 ns, At safepoint: 4659 ns, Total: 71267 ns
[2024-02-18T10:12:49.863+0000][7][gc,start    ] GC(138) Pause Young (Concurrent Start) (G1 Evacuation Pause)
[2024-02-18T10:12:49.864+0000][7][gc,task     ] GC(138) Using 12 workers of 13 for evacuation
[2024-02-18T10:12:49.864+0000][7][gc,age      ] GC(138) Desired survivor size 20971520 bytes, new threshold 15 (max threshold 15)
[2024-02-18T10:12:49.866+0000][7][gc,phases   ] GC(138)   Pre Evacuate Collection Set: 0.2ms
[2024-02-18T10:12:49.867+0000][7][gc,phases   ] GC(138)   Merge Heap Roots: 0.1ms
[2024-02-18T10:12:49.867+0000][7][gc,phases   ] GC(138)   Evacuate Collection Set: 1.6ms
[2024-02-18T10:12:49.867+0000][7][gc,phases   ] GC(138)   Post Evacuate Collection Set: 0.7ms
[2024-02-18T10:12:49.867+0000][7][gc,phases   ] GC(138)   Other: 0.3ms
[2024-02-18T10:12:49.867+0000][7][gc,age      ] GC(138) Age table with threshold 15 (max threshold 15)
[2024-02-18T10:12:49.867+0000][7][gc,age      ] GC(138) - age   1:    1863776 bytes,    1863776 total
[2024-02-18T10:12:49.867+0000][7][gc,age      ] GC(138) - age   2:      18728 bytes,    1882504 total
[2024-02-18T10:12:49.867+0000][7][gc,age      ] GC(138) - age   3:      27096 bytes,    1909600 total
[2024-02-18T10:12:49.867+0000][7][gc,age      ] GC(138) - age   4:      40744 bytes,    1950344 total
[2024-02-18T10:12:49.867+0000][7][gc,age      ] GC(138) - age   5:      15008 bytes,    1965352 total
[2024-02-18T10:12:49.867+0000][7][gc,age      ] GC(138) - age   6:       5928 bytes,    1971280 total
[2024-02-18T10:12:49.868+0000][7][gc,age      ] GC(138) - age   7:       6416 bytes,    1977696 total
[2024-02-18T10:12:49.868+0000][7][gc,age      ] GC(138) - age   8:      59120 bytes,    2036816 total
[2024-02-18T10:12:49.868+0000][7][gc,age      ] GC(138) - age   9:      12488 bytes,    2049304 total
[2024-02-18T10:12:49.868+0000][7][gc,age      ] GC(138) - age  10:      11000 bytes,    2060304 total
[2024-02-18T10:12:49.868+0000][7][gc,age      ] GC(138) - age  11:      15608 bytes,    2075912 total
[2024-02-18T10:12:49.868+0000][7][gc,age      ] GC(138) - age  12:       7336 bytes,    2083248 total
[2024-02-18T10:12:49.868+0000][7][gc,age      ] GC(138) - age  13:      54048 bytes,    2137296 total
[2024-02-18T10:12:49.868+0000][7][gc,age      ] GC(138) - age  14:     190208 bytes,    2327504 total
[2024-02-18T10:12:49.868+0000][7][gc,age      ] GC(138) - age  15:       5800 bytes,    2333304 total
[2024-02-18T10:12:49.869+0000][7][gc,heap     ] GC(138) Eden regions: 75->0(75)
[2024-02-18T10:12:49.869+0000][7][gc,heap     ] GC(138) Survivor regions: 1->1(10)
[2024-02-18T10:12:49.869+0000][7][gc,heap     ] GC(138) Old regions: 31->31
[2024-02-18T10:12:49.869+0000][7][gc,heap     ] GC(138) Humongous regions: 2->2
[2024-02-18T10:12:49.869+0000][7][gc,metaspace] GC(138) Metaspace: 121725K(125056K)->121725K(125056K) NonClass: 105825K(107392K)->105825K(107392K) Class: 15900K(17664K)->15900K(17664K)
[2024-02-18T10:12:49.869+0000][7][gc          ] GC(138) Pause Young (Concurrent Start) (G1 Evacuation Pause) 431M->131M(512M) 5.720ms
[2024-02-18T10:12:49.869+0000][7][gc          ] GC(139) Concurrent Mark Cycle
[2024-02-18T10:12:49.869+0000][7][gc,marking  ] GC(139) Concurrent Scan Root Regions
[2024-02-18T10:12:49.869+0000][7][gc,cpu      ] GC(138) User=0.01s Sys=0.01s Real=0.01s
[2024-02-18T10:12:49.870+0000][7][safepoint   ] Safepoint "G1CollectForAllocation", Time since last: 5698515743 ns, Reaching safepoint: 17013 ns, Cleanup: 3947 ns, At safepoint: 6296459 ns, Total: 6317419 ns
[2024-02-18T10:12:49.871+0000][7][gc,marking  ] GC(139) Concurrent Scan Root Regions 1.279ms
[2024-02-18T10:12:49.871+0000][7][gc,marking  ] GC(139) Concurrent Mark
[2024-02-18T10:12:49.871+0000][7][gc,marking  ] GC(139) Concurrent Mark From Roots
[2024-02-18T10:12:49.871+0000][7][gc,task     ] GC(139) Using 3 workers of 3 for marking
[2024-02-18T10:12:49.905+0000][7][gc,marking  ] GC(139) Concurrent Mark From Roots 34.108ms
[2024-02-18T10:12:49.905+0000][7][gc,marking  ] GC(139) Concurrent Preclean
[2024-02-18T10:12:49.906+0000][7][gc,marking  ] GC(139) Concurrent Preclean 0.536ms
[2024-02-18T10:12:49.906+0000][7][gc,start    ] GC(139) Pause Remark
[2024-02-18T10:12:49.910+0000][7][gc          ] GC(139) Pause Remark 136M->136M(512M) 3.579ms
[2024-02-18T10:12:49.910+0000][7][gc,cpu      ] GC(139) User=0.02s Sys=0.01s Real=0.01s
[2024-02-18T10:12:49.910+0000][7][safepoint   ] Safepoint "G1PauseRemark", Time since last: 36211156 ns, Reaching safepoint: 16752 ns, Cleanup: 2976 ns, At safepoint: 3994129 ns, Total: 4013857 ns
[2024-02-18T10:12:49.910+0000][7][gc,marking  ] GC(139) Concurrent Mark 39.252ms
[2024-02-18T10:12:49.910+0000][7][gc,marking  ] GC(139) Concurrent Rebuild Remembered Sets and Scrub Regions
[2024-02-18T10:12:49.923+0000][7][gc,marking  ] GC(139) Concurrent Rebuild Remembered Sets and Scrub Regions 12.921ms
[2024-02-18T10:12:49.923+0000][7][gc,start    ] GC(139) Pause Cleanup
[2024-02-18T10:12:49.924+0000][7][gc          ] GC(139) Pause Cleanup 136M->136M(512M) 0.256ms
[2024-02-18T10:12:49.924+0000][7][gc,cpu      ] GC(139) User=0.00s Sys=0.00s Real=0.00s
[2024-02-18T10:12:49.924+0000][7][safepoint   ] Safepoint "G1PauseCleanup", Time since last: 13496450 ns, Reaching safepoint: 16071 ns, Cleanup: 3697 ns, At safepoint: 553741 ns, Total: 573509 ns
[2024-02-18T10:12:49.924+0000][7][gc,marking  ] GC(139) Concurrent Clear Claimed Marks
[2024-02-18T10:12:49.925+0000][7][gc,marking  ] GC(139) Concurrent Clear Claimed Marks 0.307ms
[2024-02-18T10:12:49.925+0000][7][gc,marking  ] GC(139) Concurrent Cleanup for Next Mark
[2024-02-18T10:12:49.925+0000][7][gc,marking  ] GC(139) Concurrent Cleanup for Next Mark 0.511ms
[2024-02-18T10:12:49.925+0000][7][gc          ] GC(139) Concurrent Mark Cycle 55.981ms
[2024-02-18T10:13:01.925+0000][7][safepoint   ] Safepoint "Cleanup", Time since last: 12001343899 ns, Reaching safepoint: 18957 ns, Cleanup: 12834 ns, At safepoint: 2715 ns, Total: 34506 ns
[2024-02-18T10:13:15.927+0000][7][safepoint   ] Safepoint "Cleanup", Time since last: 14001433458 ns, Reaching safepoint: 21080 ns, Cleanup: 13617 ns, At safepoint: 3546 ns, Total: 38243 ns
[2024-02-18T10:13:40.930+0000][7][safepoint   ] Safepoint "Cleanup", Time since last: 25002825422 ns, Reaching safepoint: 20158 ns, Cleanup: 20319 ns, At safepoint: 3006 ns, Total: 43483 ns
[2024-02-18T10:13:43.930+0000][7][safepoint   ] Safepoint "Cleanup", Time since last: 3000613850 ns, Reaching safepoint: 16772 ns, Cleanup: 12143 ns, At safepoint: 2625 ns, Total: 31540 ns
[2024-02-18T10:13:55.389+0000][7][gc,start    ] GC(140) Pause Young (Normal) (G1 Evacuation Pause)
[2024-02-18T10:13:55.389+0000][7][gc,task     ] GC(140) Using 12 workers of 13 for evacuation
[2024-02-18T10:13:55.389+0000][7][gc,age      ] GC(140) Desired survivor size 20971520 bytes, new threshold 15 (max threshold 15)
[2024-02-18T10:13:55.392+0000][7][gc,phases   ] GC(140)   Pre Evacuate Collection Set: 0.2ms
[2024-02-18T10:13:55.392+0000][7][gc,phases   ] GC(140)   Merge Heap Roots: 0.1ms
[2024-02-18T10:13:55.392+0000][7][gc,phases   ] GC(140)   Evacuate Collection Set: 2.1ms
[2024-02-18T10:13:55.392+0000][7][gc,phases   ] GC(140)   Post Evacuate Collection Set: 0.5ms
[2024-02-18T10:13:55.393+0000][7][gc,phases   ] GC(140)   Other: 0.3ms
[2024-02-18T10:13:55.393+0000][7][gc,age      ] GC(140) Age table with threshold 15 (max threshold 15)
[2024-02-18T10:13:55.393+0000][7][gc,age      ] GC(140) - age   1:    1387216 bytes,    1387216 total
[2024-02-18T10:13:55.393+0000][7][gc,age      ] GC(140) - age   2:      52240 bytes,    1439456 total
[2024-02-18T10:13:55.393+0000][7][gc,age      ] GC(140) - age   3:      11184 bytes,    1450640 total
[2024-02-18T10:13:55.393+0000][7][gc,age      ] GC(140) - age   4:      24824 bytes,    1475464 total
[2024-02-18T10:13:55.393+0000][7][gc,age      ] GC(140) - age   5:      27048 bytes,    1502512 total
[2024-02-18T10:13:55.393+0000][7][gc,age      ] GC(140) - age   6:      15008 bytes,    1517520 total
[2024-02-18T10:13:55.393+0000][7][gc,age      ] GC(140) - age   7:       5784 bytes,    1523304 total
[2024-02-18T10:13:55.394+0000][7][gc,age      ] GC(140) - age   8:       4064 bytes,    1527368 total
[2024-02-18T10:13:55.394+0000][7][gc,age      ] GC(140) - age   9:      59120 bytes,    1586488 total
[2024-02-18T10:13:55.394+0000][7][gc,age      ] GC(140) - age  10:      12488 bytes,    1598976 total
[2024-02-18T10:13:55.394+0000][7][gc,age      ] GC(140) - age  11:       8208 bytes,    1607184 total
[2024-02-18T10:13:55.394+0000][7][gc,age      ] GC(140) - age  12:      15608 bytes,    1622792 total
[2024-02-18T10:13:55.394+0000][7][gc,age      ] GC(140) - age  13:       7336 bytes,    1630128 total
[2024-02-18T10:13:55.394+0000][7][gc,age      ] GC(140) - age  14:      54048 bytes,    1684176 total
[2024-02-18T10:13:55.394+0000][7][gc,age      ] GC(140) - age  15:     190208 bytes,    1874384 total
[2024-02-18T10:13:55.394+0000][7][gc,heap     ] GC(140) Eden regions: 75->0(75)
[2024-02-18T10:13:55.395+0000][7][gc,heap     ] GC(140) Survivor regions: 1->1(10)
[2024-02-18T10:13:55.395+0000][7][gc,heap     ] GC(140) Old regions: 31->31
[2024-02-18T10:13:55.395+0000][7][gc,heap     ] GC(140) Humongous regions: 2->2
[2024-02-18T10:13:55.395+0000][7][gc,metaspace] GC(140) Metaspace: 121737K(125056K)->121737K(125056K) NonClass: 105836K(107392K)->105836K(107392K) Class: 15900K(17664K)->15900K(17664K)
[2024-02-18T10:13:55.395+0000][7][gc          ] GC(140) Pause Young (Normal) (G1 Evacuation Pause) 431M->131M(512M) 6.328ms
[2024-02-18T10:13:55.395+0000][7][gc,cpu      ] GC(140) User=0.01s Sys=0.00s Real=0.00s
[2024-02-18T10:13:55.395+0000][7][safepoint   ] Safepoint "G1CollectForAllocation", Time since last: 11458326094 ns, Reaching safepoint: 31340 ns, Cleanup: 8637 ns, At safepoint: 6631270 ns, Total: 6671247 ns
[2024-02-18T10:13:58.416+0000][7][safepoint   ] Safepoint "Cleanup", Time since last: 3020937036 ns, Reaching safepoint: 18144 ns, Cleanup: 11823 ns, At safepoint: 15019 ns, Total: 44986 ns
[2024-02-18T10:14:06.417+0000][7][safepoint   ] Safepoint "Cleanup", Time since last: 8000940755 ns, Reaching safepoint: 23284 ns, Cleanup: 13727 ns, At safepoint: 3717 ns, Total: 40728 ns
[2024-02-18T10:14:19.419+0000][7][safepoint   ] Safepoint "Cleanup", Time since last: 13001361813 ns, Reaching safepoint: 16031 ns, Cleanup: 9558 ns, At safepoint: 2926 ns, Total: 28515 ns
[2024-02-18T10:14:22.419+0000][7][safepoint   ] Safepoint "Cleanup", Time since last: 3000440828 ns, Reaching safepoint: 29607 ns, Cleanup: 12684 ns, At safepoint: 3758 ns, Total: 46049 ns
[2024-02-18T10:14:28.420+0000][7][safepoint   ] Safepoint "Cleanup", Time since last: 6000709626 ns, Reaching safepoint: 20589 ns, Cleanup: 13667 ns, At safepoint: 3226 ns, Total: 37482 ns
[2024-02-18T10:14:29.420+0000][7][safepoint   ] Safepoint "Cleanup", Time since last: 1000345289 ns, Reaching safepoint: 21551 ns, Cleanup: 14037 ns, At safepoint: 3697 ns, Total: 39285 ns
[2024-02-18T10:14:31.421+0000][7][safepoint   ] Safepoint "Cleanup", Time since last: 2000550451 ns, Reaching safepoint: 16722 ns, Cleanup: 13886 ns, At safepoint: 3417 ns, Total: 34025 ns
[2024-02-18T10:14:34.421+0000][7][safepoint   ] Safepoint "Cleanup", Time since last: 3000464413 ns, Reaching safepoint: 17554 ns, Cleanup: 24687 ns, At safepoint: 3768 ns, Total: 46009 ns
[2024-02-18T10:14:36.422+0000][7][safepoint   ] Safepoint "Cleanup", Time since last: 2000426242 ns, Reaching safepoint: 21270 ns, Cleanup: 13927 ns, At safepoint: 3867 ns, Total: 39064 ns
[2024-02-18T10:14:37.422+0000][7][safepoint   ] Safepoint "Cleanup", Time since last: 1000389475 ns, Reaching safepoint: 15950 ns, Cleanup: 14999 ns, At safepoint: 3336 ns, Total: 34285 ns
[2024-02-18T10:14:55.182+0000][7][gc,start    ] GC(141) Pause Young (Concurrent Start) (G1 Evacuation Pause)
[2024-02-18T10:14:55.183+0000][7][gc,task     ] GC(141) Using 12 workers of 13 for evacuation
[2024-02-18T10:14:55.183+0000][7][gc,age      ] GC(141) Desired survivor size 20971520 bytes, new threshold 15 (max threshold 15)
[2024-02-18T10:14:55.185+0000][7][gc,phases   ] GC(141)   Pre Evacuate Collection Set: 0.2ms
[2024-02-18T10:14:55.185+0000][7][gc,phases   ] GC(141)   Merge Heap Roots: 0.1ms
[2024-02-18T10:14:55.186+0000][7][gc,phases   ] GC(141)   Evacuate Collection Set: 1.6ms
[2024-02-18T10:14:55.186+0000][7][gc,phases   ] GC(141)   Post Evacuate Collection Set: 0.5ms
[2024-02-18T10:14:55.186+0000][7][gc,phases   ] GC(141)   Other: 0.3ms
[2024-02-18T10:14:55.186+0000][7][gc,age      ] GC(141) Age table with threshold 15 (max threshold 15)
[2024-02-18T10:14:55.186+0000][7][gc,age      ] GC(141) - age   1:     712024 bytes,     712024 total
[2024-02-18T10:14:55.186+0000][7][gc,age      ] GC(141) - age   2:      79032 bytes,     791056 total
[2024-02-18T10:14:55.186+0000][7][gc,age      ] GC(141) - age   3:      45280 bytes,     836336 total
[2024-02-18T10:14:55.186+0000][7][gc,age      ] GC(141) - age   4:      10264 bytes,     846600 total
[2024-02-18T10:14:55.186+0000][7][gc,age      ] GC(141) - age   5:      24600 bytes,     871200 total
[2024-02-18T10:14:55.186+0000][7][gc,age      ] GC(141) - age   6:      26824 bytes,     898024 total
[2024-02-18T10:14:55.186+0000][7][gc,age      ] GC(141) - age   7:      14312 bytes,     912336 total
[2024-02-18T10:14:55.186+0000][7][gc,age      ] GC(141) - age   8:       4712 bytes,     917048 total
[2024-02-18T10:14:55.187+0000][7][gc,age      ] GC(141) - age   9:       4064 bytes,     921112 total
[2024-02-18T10:14:55.187+0000][7][gc,age      ] GC(141) - age  10:      59120 bytes,     980232 total
[2024-02-18T10:14:55.187+0000][7][gc,age      ] GC(141) - age  11:      12488 bytes,     992720 total
[2024-02-18T10:14:55.187+0000][7][gc,age      ] GC(141) - age  12:       8208 bytes,    1000928 total
[2024-02-18T10:14:55.187+0000][7][gc,age      ] GC(141) - age  13:      15608 bytes,    1016536 total
[2024-02-18T10:14:55.187+0000][7][gc,age      ] GC(141) - age  14:       7336 bytes,    1023872 total
[2024-02-18T10:14:55.187+0000][7][gc,age      ] GC(141) - age  15:      54048 bytes,    1077920 total
[2024-02-18T10:14:55.187+0000][7][gc,heap     ] GC(141) Eden regions: 75->0(75)
[2024-02-18T10:14:55.187+0000][7][gc,heap     ] GC(141) Survivor regions: 1->1(10)
[2024-02-18T10:14:55.187+0000][7][gc,heap     ] GC(141) Old regions: 31->31
[2024-02-18T10:14:55.187+0000][7][gc,heap     ] GC(141) Humongous regions: 2->2
[2024-02-18T10:14:55.187+0000][7][gc,metaspace] GC(141) Metaspace: 121738K(125056K)->121738K(125056K) NonClass: 105838K(107392K)->105838K(107392K) Class: 15900K(17664K)->15900K(17664K)
[2024-02-18T10:14:55.188+0000][7][gc          ] GC(141) Pause Young (Concurrent Start) (G1 Evacuation Pause) 431M->130M(512M) 5.164ms
[2024-02-18T10:14:55.188+0000][7][gc          ] GC(142) Concurrent Mark Cycle
[2024-02-18T10:14:55.188+0000][7][gc,marking  ] GC(142) Concurrent Scan Root Regions
[2024-02-18T10:14:55.188+0000][7][gc,cpu      ] GC(141) User=0.01s Sys=0.01s Real=0.01s
[2024-02-18T10:14:55.188+0000][7][safepoint   ] Safepoint "G1CollectForAllocation", Time since last: 17760086626 ns, Reaching safepoint: 17133 ns, Cleanup: 4028 ns, At safepoint: 5637512 ns, Total: 5658673 ns
[2024-02-18T10:14:55.189+0000][7][gc,marking  ] GC(142) Concurrent Scan Root Regions 1.060ms
[2024-02-18T10:14:55.189+0000][7][gc,marking  ] GC(142) Concurrent Mark
[2024-02-18T10:14:55.189+0000][7][gc,marking  ] GC(142) Concurrent Mark From Roots
[2024-02-18T10:14:55.189+0000][7][gc,task     ] GC(142) Using 3 workers of 3 for marking
[2024-02-18T10:14:55.223+0000][7][gc,marking  ] GC(142) Concurrent Mark From Roots 34.157ms
[2024-02-18T10:14:55.223+0000][7][gc,marking  ] GC(142) Concurrent Preclean
[2024-02-18T10:14:55.224+0000][7][gc,marking  ] GC(142) Concurrent Preclean 0.586ms
[2024-02-18T10:14:55.224+0000][7][gc,start    ] GC(142) Pause Remark
[2024-02-18T10:14:55.228+0000][7][gc          ] GC(142) Pause Remark 134M->134M(512M) 3.533ms
[2024-02-18T10:14:55.228+0000][7][gc,cpu      ] GC(142) User=0.03s Sys=0.00s Real=0.01s
[2024-02-18T10:14:55.228+0000][7][safepoint   ] Safepoint "G1PauseRemark", Time since last: 36178293 ns, Reaching safepoint: 16512 ns, Cleanup: 3266 ns, At safepoint: 3904759 ns, Total: 3924537 ns
[2024-02-18T10:14:55.228+0000][7][gc,marking  ] GC(142) Concurrent Mark 39.207ms
[2024-02-18T10:14:55.228+0000][7][gc,marking  ] GC(142) Concurrent Rebuild Remembered Sets and Scrub Regions
[2024-02-18T10:14:55.244+0000][7][gc,marking  ] GC(142) Concurrent Rebuild Remembered Sets and Scrub Regions 15.996ms
[2024-02-18T10:14:55.245+0000][7][gc,start    ] GC(142) Pause Cleanup
[2024-02-18T10:14:55.245+0000][7][gc          ] GC(142) Pause Cleanup 134M->134M(512M) 0.242ms
[2024-02-18T10:14:55.245+0000][7][gc,cpu      ] GC(142) User=0.00s Sys=0.00s Real=0.00s
[2024-02-18T10:14:55.245+0000][7][safepoint   ] Safepoint "G1PauseCleanup", Time since last: 16464930 ns, Reaching safepoint: 16121 ns, Cleanup: 4158 ns, At safepoint: 509741 ns, Total: 530020 ns
[2024-02-18T10:14:55.245+0000][7][gc,marking  ] GC(142) Concurrent Clear Claimed Marks
[2024-02-18T10:14:55.245+0000][7][gc,marking  ] GC(142) Concurrent Clear Claimed Marks 0.302ms
[2024-02-18T10:14:55.246+0000][7][gc,marking  ] GC(142) Concurrent Cleanup for Next Mark
[2024-02-18T10:14:55.246+0000][7][gc,marking  ] GC(142) Concurrent Cleanup for Next Mark 0.551ms
[2024-02-18T10:14:55.246+0000][7][gc          ] GC(142) Concurrent Mark Cycle 58.647ms
[2024-02-18T10:15:06.246+0000][7][safepoint   ] Safepoint "Cleanup", Time since last: 11001015734 ns, Reaching safepoint: 35939 ns, Cleanup: 25328 ns, At safepoint: 4849 ns, Total: 66116 ns
[2024-02-18T10:15:44.250+0000][7][safepoint   ] Safepoint "Cleanup", Time since last: 38003528508 ns, Reaching safepoint: 35418 ns, Cleanup: 30929 ns, At safepoint: 4689 ns, Total: 71036 ns
[2024-02-18T10:15:57.157+0000][7][gc,start    ] GC(143) Pause Young (Normal) (G1 Evacuation Pause)
[2024-02-18T10:15:57.157+0000][7][gc,task     ] GC(143) Using 12 workers of 13 for evacuation
[2024-02-18T10:15:57.158+0000][7][gc,age      ] GC(143) Desired survivor size 20971520 bytes, new threshold 15 (max threshold 15)
[2024-02-18T10:15:57.161+0000][7][gc,phases   ] GC(143)   Pre Evacuate Collection Set: 0.2ms
[2024-02-18T10:15:57.161+0000][7][gc,phases   ] GC(143)   Merge Heap Roots: 0.1ms
[2024-02-18T10:15:57.161+0000][7][gc,phases   ] GC(143)   Evacuate Collection Set: 2.0ms
[2024-02-18T10:15:57.161+0000][7][gc,phases   ] GC(143)   Post Evacuate Collection Set: 0.6ms
[2024-02-18T10:15:57.161+0000][7][gc,phases   ] GC(143)   Other: 0.4ms
[2024-02-18T10:15:57.161+0000][7][gc,age      ] GC(143) Age table with threshold 15 (max threshold 15)
[2024-02-18T10:15:57.161+0000][7][gc,age      ] GC(143) - age   1:    1244608 bytes,    1244608 total
[2024-02-18T10:15:57.162+0000][7][gc,age      ] GC(143) - age   2:      14528 bytes,    1259136 total
[2024-02-18T10:15:57.162+0000][7][gc,age      ] GC(143) - age   3:      76488 bytes,    1335624 total
[2024-02-18T10:15:57.162+0000][7][gc,age      ] GC(143) - age   4:      44544 bytes,    1380168 total
[2024-02-18T10:15:57.162+0000][7][gc,age      ] GC(143) - age   5:      10040 bytes,    1390208 total
[2024-02-18T10:15:57.162+0000][7][gc,age      ] GC(143) - age   6:      23280 bytes,    1413488 total
[2024-02-18T10:15:57.162+0000][7][gc,age      ] GC(143) - age   7:      23040 bytes,    1436528 total
[2024-02-18T10:15:57.162+0000][7][gc,age      ] GC(143) - age   8:      12744 bytes,    1449272 total
[2024-02-18T10:15:57.162+0000][7][gc,age      ] GC(143) - age   9:       4712 bytes,    1453984 total
[2024-02-18T10:15:57.162+0000][7][gc,age      ] GC(143) - age  10:       4064 bytes,    1458048 total
[2024-02-18T10:15:57.162+0000][7][gc,age      ] GC(143) - age  11:      59120 bytes,    1517168 total
[2024-02-18T10:15:57.163+0000][7][gc,age      ] GC(143) - age  12:      12456 bytes,    1529624 total
[2024-02-18T10:15:57.163+0000][7][gc,age      ] GC(143) - age  13:       8208 bytes,    1537832 total
[2024-02-18T10:15:57.163+0000][7][gc,age      ] GC(143) - age  14:      15608 bytes,    1553440 total
[2024-02-18T10:15:57.163+0000][7][gc,age      ] GC(143) - age  15:       7336 bytes,    1560776 total
[2024-02-18T10:15:57.163+0000][7][gc,heap     ] GC(143) Eden regions: 75->0(75)
[2024-02-18T10:15:57.163+0000][7][gc,heap     ] GC(143) Survivor regions: 1->1(10)
[2024-02-18T10:15:57.163+0000][7][gc,heap     ] GC(143) Old regions: 31->31
[2024-02-18T10:15:57.163+0000][7][gc,heap     ] GC(143) Humongous regions: 2->2
[2024-02-18T10:15:57.164+0000][7][gc,metaspace] GC(143) Metaspace: 121744K(125056K)->121744K(125056K) NonClass: 105844K(107392K)->105844K(107392K) Class: 15900K(17664K)->15900K(17664K)
[2024-02-18T10:15:57.164+0000][7][gc          ] GC(143) Pause Young (Normal) (G1 Evacuation Pause) 430M->131M(512M) 6.480ms
[2024-02-18T10:15:57.164+0000][7][gc,cpu      ] GC(143) User=0.01s Sys=0.00s Real=0.00s
[2024-02-18T10:15:57.164+0000][7][safepoint   ] Safepoint "G1CollectForAllocation", Time since last: 12907318981 ns, Reaching safepoint: 36690 ns, Cleanup: 3767 ns, At safepoint: 6819783 ns, Total: 6860240 ns
[2024-02-18T10:16:06.165+0000][7][safepoint   ] Safepoint "Cleanup", Time since last: 9000854328 ns, Reaching safepoint: 33394 ns, Cleanup: 23455 ns, At safepoint: 4448 ns, Total: 61297 ns
[2024-02-18T10:16:23.167+0000][7][safepoint   ] Safepoint "Cleanup", Time since last: 17001888714 ns, Reaching safepoint: 56939 ns, Cleanup: 21061 ns, At safepoint: 3657 ns, Total: 81657 ns
[2024-02-18T10:16:28.168+0000][7][safepoint   ] Safepoint "Cleanup", Time since last: 5000801815 ns, Reaching safepoint: 17864 ns, Cleanup: 11412 ns, At safepoint: 2705 ns, Total: 31981 ns
[2024-02-18T10:16:32.168+0000][7][safepoint   ] Safepoint "Cleanup", Time since last: 4000557535 ns, Reaching safepoint: 19888 ns, Cleanup: 16040 ns, At safepoint: 3567 ns, Total: 39495 ns
[2024-02-18T10:16:35.169+0000][7][safepoint   ] Safepoint "Cleanup", Time since last: 3000486717 ns, Reaching safepoint: 17323 ns, Cleanup: 9488 ns, At safepoint: 3106 ns, Total: 29917 ns
[2024-02-18T10:16:38.169+0000][7][safepoint   ] Safepoint "Cleanup", Time since last: 3000497231 ns, Reaching safepoint: 19648 ns, Cleanup: 11011 ns, At safepoint: 2865 ns, Total: 33524 ns
[2024-02-18T10:16:55.942+0000][7][gc,start    ] GC(144) Pause Young (Concurrent Start) (G1 Evacuation Pause)
[2024-02-18T10:16:55.942+0000][7][gc,task     ] GC(144) Using 12 workers of 13 for evacuation
[2024-02-18T10:16:55.942+0000][7][gc,age      ] GC(144) Desired survivor size 20971520 bytes, new threshold 15 (max threshold 15)
[2024-02-18T10:16:55.945+0000][7][gc,phases   ] GC(144)   Pre Evacuate Collection Set: 0.3ms
[2024-02-18T10:16:55.945+0000][7][gc,phases   ] GC(144)   Merge Heap Roots: 0.1ms
[2024-02-18T10:16:55.945+0000][7][gc,phases   ] GC(144)   Evacuate Collection Set: 1.7ms
[2024-02-18T10:16:55.945+0000][7][gc,phases   ] GC(144)   Post Evacuate Collection Set: 0.6ms
[2024-02-18T10:16:55.945+0000][7][gc,phases   ] GC(144)   Other: 0.3ms
[2024-02-18T10:16:55.945+0000][7][gc,age      ] GC(144) Age table with threshold 15 (max threshold 15)
[2024-02-18T10:16:55.946+0000][7][gc,age      ] GC(144) - age   1:    1129600 bytes,    1129600 total
[2024-02-18T10:16:55.946+0000][7][gc,age      ] GC(144) - age   2:      14896 bytes,    1144496 total
[2024-02-18T10:16:55.946+0000][7][gc,age      ] GC(144) - age   3:      12608 bytes,    1157104 total
[2024-02-18T10:16:55.946+0000][7][gc,age      ] GC(144) - age   4:      76072 bytes,    1233176 total
[2024-02-18T10:16:55.946+0000][7][gc,age      ] GC(144) - age   5:      42624 bytes,    1275800 total
[2024-02-18T10:16:55.946+0000][7][gc,age      ] GC(144) - age   6:      10008 bytes,    1285808 total
[2024-02-18T10:16:55.946+0000][7][gc,age      ] GC(144) - age   7:      23280 bytes,    1309088 total
[2024-02-18T10:16:55.946+0000][7][gc,age      ] GC(144) - age   8:      22960 bytes,    1332048 total
[2024-02-18T10:16:55.946+0000][7][gc,age      ] GC(144) - age   9:      12424 bytes,    1344472 total
[2024-02-18T10:16:55.946+0000][7][gc,age      ] GC(144) - age  10:       4712 bytes,    1349184 total
[2024-02-18T10:16:55.947+0000][7][gc,age      ] GC(144) - age  11:       4064 bytes,    1353248 total
[2024-02-18T10:16:55.947+0000][7][gc,age      ] GC(144) - age  12:      59120 bytes,    1412368 total
[2024-02-18T10:16:55.947+0000][7][gc,age      ] GC(144) - age  13:      12456 bytes,    1424824 total
[2024-02-18T10:16:55.947+0000][7][gc,age      ] GC(144) - age  14:       8208 bytes,    1433032 total
[2024-02-18T10:16:55.947+0000][7][gc,age      ] GC(144) - age  15:      15608 bytes,    1448640 total
[2024-02-18T10:16:55.947+0000][7][gc,heap     ] GC(144) Eden regions: 75->0(75)
[2024-02-18T10:16:55.947+0000][7][gc,heap     ] GC(144) Survivor regions: 1->1(10)
[2024-02-18T10:16:55.947+0000][7][gc,heap     ] GC(144) Old regions: 31->31
[2024-02-18T10:16:55.947+0000][7][gc,heap     ] GC(144) Humongous regions: 2->2
[2024-02-18T10:16:55.948+0000][7][gc,metaspace] GC(144) Metaspace: 121754K(125056K)->121754K(125056K) NonClass: 105853K(107392K)->105853K(107392K) Class: 15900K(17664K)->15900K(17664K)
[2024-02-18T10:16:55.948+0000][7][gc          ] GC(144) Pause Young (Concurrent Start) (G1 Evacuation Pause) 431M->131M(512M) 6.139ms
[2024-02-18T10:16:55.948+0000][7][gc          ] GC(145) Concurrent Mark Cycle
[2024-02-18T10:16:55.948+0000][7][gc,marking  ] GC(145) Concurrent Scan Root Regions
[2024-02-18T10:16:55.948+0000][7][gc,cpu      ] GC(144) User=0.02s Sys=0.00s Real=0.01s
[2024-02-18T10:16:55.948+0000][7][safepoint   ] Safepoint "G1CollectForAllocation", Time since last: 17772143955 ns, Reaching safepoint: 48784 ns, Cleanup: 4248 ns, At safepoint: 6796411 ns, Total: 6849443 ns
[2024-02-18T10:16:55.949+0000][7][gc,marking  ] GC(145) Concurrent Scan Root Regions 0.922ms
[2024-02-18T10:16:55.966+0000][7][gc,marking  ] GC(145) Concurrent Mark
[2024-02-18T10:16:55.966+0000][7][gc,marking  ] GC(145) Concurrent Mark From Roots
[2024-02-18T10:16:55.967+0000][7][gc,task     ] GC(145) Using 3 workers of 3 for marking
[2024-02-18T10:16:56.001+0000][7][gc,marking  ] GC(145) Concurrent Mark From Roots 34.302ms
[2024-02-18T10:16:56.001+0000][7][gc,marking  ] GC(145) Concurrent Preclean
[2024-02-18T10:16:56.001+0000][7][gc,marking  ] GC(145) Concurrent Preclean 0.595ms
[2024-02-18T10:16:56.002+0000][7][gc,start    ] GC(145) Pause Remark
[2024-02-18T10:16:56.007+0000][7][gc          ] GC(145) Pause Remark 134M->134M(512M) 5.081ms
[2024-02-18T10:16:56.007+0000][7][gc,cpu      ] GC(145) User=0.04s Sys=0.01s Real=0.01s
[2024-02-18T10:16:56.007+0000][7][safepoint   ] Safepoint "G1PauseRemark", Time since last: 53213702 ns, Reaching safepoint: 23234 ns, Cleanup: 4208 ns, At safepoint: 5469215 ns, Total: 5496657 ns
[2024-02-18T10:16:56.007+0000][7][gc,marking  ] GC(145) Concurrent Mark 41.025ms
[2024-02-18T10:16:56.007+0000][7][gc,marking  ] GC(145) Concurrent Rebuild Remembered Sets and Scrub Regions
[2024-02-18T10:16:56.023+0000][7][gc,marking  ] GC(145) Concurrent Rebuild Remembered Sets and Scrub Regions 15.638ms
[2024-02-18T10:16:56.023+0000][7][gc,start    ] GC(145) Pause Cleanup
[2024-02-18T10:16:56.023+0000][7][gc          ] GC(145) Pause Cleanup 134M->134M(512M) 0.247ms
[2024-02-18T10:16:56.024+0000][7][gc,cpu      ] GC(145) User=0.00s Sys=0.00s Real=0.00s
[2024-02-18T10:16:56.024+0000][7][safepoint   ] Safepoint "G1PauseCleanup", Time since last: 16095247 ns, Reaching safepoint: 13726 ns, Cleanup: 5851 ns, At safepoint: 534174 ns, Total: 553751 ns
[2024-02-18T10:16:56.024+0000][7][gc,marking  ] GC(145) Concurrent Clear Claimed Marks
[2024-02-18T10:16:56.024+0000][7][gc,marking  ] GC(145) Concurrent Clear Claimed Marks 0.319ms
[2024-02-18T10:16:56.024+0000][7][gc,marking  ] GC(145) Concurrent Cleanup for Next Mark
[2024-02-18T10:16:56.025+0000][7][gc,marking  ] GC(145) Concurrent Cleanup for Next Mark 0.549ms
[2024-02-18T10:16:56.025+0000][7][gc          ] GC(145) Concurrent Mark Cycle 77.087ms
[2024-02-18T10:17:02.024+0000][7][safepoint   ] Safepoint "Cleanup", Time since last: 6000631418 ns, Reaching safepoint: 20670 ns, Cleanup: 13796 ns, At safepoint: 3056 ns, Total: 37522 ns
[2024-02-18T10:17:06.025+0000][7][safepoint   ] Safepoint "Cleanup", Time since last: 4000633756 ns, Reaching safepoint: 19778 ns, Cleanup: 19317 ns, At safepoint: 3286 ns, Total: 42381 ns
[2024-02-18T10:17:08.026+0000][7][safepoint   ] Safepoint "Cleanup", Time since last: 2000516175 ns, Reaching safepoint: 34696 ns, Cleanup: 35408 ns, At safepoint: 5460 ns, Total: 75564 ns
[2024-02-18T10:17:11.027+0000][7][safepoint   ] Safepoint "Cleanup", Time since last: 3000823542 ns, Reaching safepoint: 34897 ns, Cleanup: 23795 ns, At safepoint: 3637 ns, Total: 62329 ns
[2024-02-18T10:17:14.027+0000][7][safepoint   ] Safepoint "Cleanup", Time since last: 3000662643 ns, Reaching safepoint: 16381 ns, Cleanup: 12244 ns, At safepoint: 2705 ns, Total: 31330 ns
[2024-02-18T10:17:19.028+0000][7][safepoint   ] Safepoint "Cleanup", Time since last: 5000613185 ns, Reaching safepoint: 20860 ns, Cleanup: 19367 ns, At safepoint: 3156 ns, Total: 43383 ns
[2024-02-18T10:17:32.029+0000][7][safepoint   ] Safepoint "Cleanup", Time since last: 13001404654 ns, Reaching safepoint: 49174 ns, Cleanup: 16391 ns, At safepoint: 2535 ns, Total: 68100 ns
[2024-02-18T10:17:49.817+0000][7][gc,start    ] GC(146) Pause Young (Normal) (G1 Evacuation Pause)
[2024-02-18T10:17:49.817+0000][7][gc,task     ] GC(146) Using 12 workers of 13 for evacuation
[2024-02-18T10:17:49.817+0000][7][gc,age      ] GC(146) Desired survivor size 20971520 bytes, new threshold 15 (max threshold 15)
[2024-02-18T10:17:49.819+0000][7][gc,phases   ] GC(146)   Pre Evacuate Collection Set: 0.2ms
[2024-02-18T10:17:49.819+0000][7][gc,phases   ] GC(146)   Merge Heap Roots: 0.1ms
[2024-02-18T10:17:49.820+0000][7][gc,phases   ] GC(146)   Evacuate Collection Set: 1.5ms
[2024-02-18T10:17:49.820+0000][7][gc,phases   ] GC(146)   Post Evacuate Collection Set: 0.5ms
[2024-02-18T10:17:49.820+0000][7][gc,phases   ] GC(146)   Other: 0.2ms
[2024-02-18T10:17:49.820+0000][7][gc,age      ] GC(146) Age table with threshold 15 (max threshold 15)
[2024-02-18T10:17:49.820+0000][7][gc,age      ] GC(146) - age   1:    2113392 bytes,    2113392 total
[2024-02-18T10:17:49.820+0000][7][gc,age      ] GC(146) - age   2:      21824 bytes,    2135216 total
[2024-02-18T10:17:49.820+0000][7][gc,age      ] GC(146) - age   3:      10352 bytes,    2145568 total
[2024-02-18T10:17:49.820+0000][7][gc,age      ] GC(146) - age   4:      11448 bytes,    2157016 total
[2024-02-18T10:17:49.820+0000][7][gc,age      ] GC(146) - age   5:      56144 bytes,    2213160 total
[2024-02-18T10:17:49.820+0000][7][gc,age      ] GC(146) - age   6:      39680 bytes,    2252840 total
[2024-02-18T10:17:49.820+0000][7][gc,age      ] GC(146) - age   7:      10008 bytes,    2262848 total
[2024-02-18T10:17:49.820+0000][7][gc,age      ] GC(146) - age   8:      20928 bytes,    2283776 total
[2024-02-18T10:17:49.821+0000][7][gc,age      ] GC(146) - age   9:      22960 bytes,    2306736 total
[2024-02-18T10:17:49.821+0000][7][gc,age      ] GC(146) - age  10:      12424 bytes,    2319160 total
[2024-02-18T10:17:49.821+0000][7][gc,age      ] GC(146) - age  11:       4712 bytes,    2323872 total
[2024-02-18T10:17:49.821+0000][7][gc,age      ] GC(146) - age  12:       4064 bytes,    2327936 total
[2024-02-18T10:17:49.821+0000][7][gc,age      ] GC(146) - age  13:      59120 bytes,    2387056 total
[2024-02-18T10:17:49.821+0000][7][gc,age      ] GC(146) - age  14:      12456 bytes,    2399512 total
[2024-02-18T10:17:49.821+0000][7][gc,age      ] GC(146) - age  15:       8208 bytes,    2407720 total
[2024-02-18T10:17:49.821+0000][7][gc,heap     ] GC(146) Eden regions: 75->0(75)
[2024-02-18T10:17:49.821+0000][7][gc,heap     ] GC(146) Survivor regions: 1->1(10)
[2024-02-18T10:17:49.821+0000][7][gc,heap     ] GC(146) Old regions: 31->31
[2024-02-18T10:17:49.821+0000][7][gc,heap     ] GC(146) Humongous regions: 2->2
[2024-02-18T10:17:49.822+0000][7][gc,metaspace] GC(146) Metaspace: 121767K(125056K)->121767K(125056K) NonClass: 105866K(107392K)->105866K(107392K) Class: 15901K(17664K)->15901K(17664K)
[2024-02-18T10:17:49.822+0000][7][gc          ] GC(146) Pause Young (Normal) (G1 Evacuation Pause) 431M->132M(512M) 4.985ms
[2024-02-18T10:17:49.822+0000][7][gc,cpu      ] GC(146) User=0.01s Sys=0.01s Real=0.00s
[2024-02-18T10:17:49.822+0000][7][safepoint   ] Safepoint "G1CollectForAllocation", Time since last: 17787237398 ns, Reaching safepoint: 23245 ns, Cleanup: 3867 ns, At safepoint: 5237552 ns, Total: 5264664 ns
[2024-02-18T10:18:00.823+0000][7][safepoint   ] Safepoint "Cleanup", Time since last: 11001312772 ns, Reaching safepoint: 19437 ns, Cleanup: 13476 ns, At safepoint: 2905 ns, Total: 35818 ns
[2024-02-18T10:18:01.824+0000][7][safepoint   ] Safepoint "Cleanup", Time since last: 1000355058 ns, Reaching safepoint: 17844 ns, Cleanup: 13065 ns, At safepoint: 2856 ns, Total: 33765 ns
[2024-02-18T10:18:05.824+0000][7][safepoint   ] Safepoint "Cleanup", Time since last: 4000658984 ns, Reaching safepoint: 25259 ns, Cleanup: 14307 ns, At safepoint: 19157 ns, Total: 58723 ns
[2024-02-18T10:18:15.825+0000][7][safepoint   ] Safepoint "Cleanup", Time since last: 10001202894 ns, Reaching safepoint: 19788 ns, Cleanup: 12834 ns, At safepoint: 3046 ns, Total: 35668 ns
[2024-02-18T10:18:49.576+0000][7][gc,start    ] GC(147) Pause Young (Concurrent Start) (G1 Evacuation Pause)
[2024-02-18T10:18:49.576+0000][7][gc,task     ] GC(147) Using 12 workers of 13 for evacuation
[2024-02-18T10:18:49.576+0000][7][gc,age      ] GC(147) Desired survivor size 20971520 bytes, new threshold 15 (max threshold 15)
[2024-02-18T10:18:49.579+0000][7][gc,phases   ] GC(147)   Pre Evacuate Collection Set: 0.2ms
[2024-02-18T10:18:49.579+0000][7][gc,phases   ] GC(147)   Merge Heap Roots: 0.1ms
[2024-02-18T10:18:49.579+0000][7][gc,phases   ] GC(147)   Evacuate Collection Set: 1.4ms
[2024-02-18T10:18:49.579+0000][7][gc,phases   ] GC(147)   Post Evacuate Collection Set: 0.6ms
[2024-02-18T10:18:49.579+0000][7][gc,phases   ] GC(147)   Other: 0.2ms
[2024-02-18T10:18:49.579+0000][7][gc,age      ] GC(147) Age table with threshold 15 (max threshold 15)
[2024-02-18T10:18:49.579+0000][7][gc,age      ] GC(147) - age   1:     946144 bytes,     946144 total
[2024-02-18T10:18:49.579+0000][7][gc,age      ] GC(147) - age   2:     162416 bytes,    1108560 total
[2024-02-18T10:18:49.580+0000][7][gc,age      ] GC(147) - age   3:      19168 bytes,    1127728 total
[2024-02-18T10:18:49.580+0000][7][gc,age      ] GC(147) - age   4:       9936 bytes,    1137664 total
[2024-02-18T10:18:49.580+0000][7][gc,age      ] GC(147) - age   5:      11288 bytes,    1148952 total
[2024-02-18T10:18:49.580+0000][7][gc,age      ] GC(147) - age   6:      56080 bytes,    1205032 total
[2024-02-18T10:18:49.580+0000][7][gc,age      ] GC(147) - age   7:      37328 bytes,    1242360 total
[2024-02-18T10:18:49.580+0000][7][gc,age      ] GC(147) - age   8:      10008 bytes,    1252368 total
[2024-02-18T10:18:49.580+0000][7][gc,age      ] GC(147) - age   9:      20928 bytes,    1273296 total
[2024-02-18T10:18:49.580+0000][7][gc,age      ] GC(147) - age  10:      22960 bytes,    1296256 total
[2024-02-18T10:18:49.580+0000][7][gc,age      ] GC(147) - age  11:      12424 bytes,    1308680 total
[2024-02-18T10:18:49.580+0000][7][gc,age      ] GC(147) - age  12:       4712 bytes,    1313392 total
[2024-02-18T10:18:49.580+0000][7][gc,age      ] GC(147) - age  13:       4064 bytes,    1317456 total
[2024-02-18T10:18:49.580+0000][7][gc,age      ] GC(147) - age  14:      59120 bytes,    1376576 total
[2024-02-18T10:18:49.581+0000][7][gc,age      ] GC(147) - age  15:      12456 bytes,    1389032 total
[2024-02-18T10:18:49.581+0000][7][gc,heap     ] GC(147) Eden regions: 75->0(75)
[2024-02-18T10:18:49.581+0000][7][gc,heap     ] GC(147) Survivor regions: 1->1(10)
[2024-02-18T10:18:49.581+0000][7][gc,heap     ] GC(147) Old regions: 31->31
[2024-02-18T10:18:49.581+0000][7][gc,heap     ] GC(147) Humongous regions: 2->2
[2024-02-18T10:18:49.581+0000][7][gc,metaspace] GC(147) Metaspace: 121773K(125056K)->121773K(125056K) NonClass: 105872K(107392K)->105872K(107392K) Class: 15901K(17664K)->15901K(17664K)
[2024-02-18T10:18:49.581+0000][7][gc          ] GC(147) Pause Young (Concurrent Start) (G1 Evacuation Pause) 432M->131M(512M) 4.949ms
[2024-02-18T10:18:49.581+0000][7][gc          ] GC(148) Concurrent Mark Cycle
[2024-02-18T10:18:49.581+0000][7][gc,cpu      ] GC(147) User=0.01s Sys=0.00s Real=0.00s
[2024-02-18T10:18:49.581+0000][7][gc,marking  ] GC(148) Concurrent Scan Root Regions
[2024-02-18T10:18:49.582+0000][7][safepoint   ] Safepoint "G1CollectForAllocation", Time since last: 33750566910 ns, Reaching safepoint: 17073 ns, Cleanup: 4208 ns, At safepoint: 5404702 ns, Total: 5425983 ns
[2024-02-18T10:18:49.582+0000][7][gc,marking  ] GC(148) Concurrent Scan Root Regions 1.062ms
[2024-02-18T10:18:49.583+0000][7][gc,marking  ] GC(148) Concurrent Mark
[2024-02-18T10:18:49.583+0000][7][gc,marking  ] GC(148) Concurrent Mark From Roots
[2024-02-18T10:18:49.583+0000][7][gc,task     ] GC(148) Using 3 workers of 3 for marking
[2024-02-18T10:18:49.617+0000][7][gc,marking  ] GC(148) Concurrent Mark From Roots 34.163ms
[2024-02-18T10:18:49.617+0000][7][gc,marking  ] GC(148) Concurrent Preclean
[2024-02-18T10:18:49.618+0000][7][gc,marking  ] GC(148) Concurrent Preclean 0.641ms
[2024-02-18T10:18:49.618+0000][7][gc,start    ] GC(148) Pause Remark
[2024-02-18T10:18:49.622+0000][7][gc          ] GC(148) Pause Remark 131M->131M(512M) 4.099ms
[2024-02-18T10:18:49.622+0000][7][gc,cpu      ] GC(148) User=0.03s Sys=0.01s Real=0.00s
[2024-02-18T10:18:49.623+0000][7][safepoint   ] Safepoint "G1PauseRemark", Time since last: 36547820 ns, Reaching safepoint: 17814 ns, Cleanup: 2976 ns, At safepoint: 4526971 ns, Total: 4547761 ns
[2024-02-18T10:18:49.623+0000][7][gc,marking  ] GC(148) Concurrent Mark 40.183ms
[2024-02-18T10:18:49.623+0000][7][gc,marking  ] GC(148) Concurrent Rebuild Remembered Sets and Scrub Regions
[2024-02-18T10:18:49.635+0000][7][gc,marking  ] GC(148) Concurrent Rebuild Remembered Sets and Scrub Regions 12.502ms
[2024-02-18T10:18:49.636+0000][7][gc,start    ] GC(148) Pause Cleanup
[2024-02-18T10:18:49.636+0000][7][gc          ] GC(148) Pause Cleanup 131M->131M(512M) 0.267ms
[2024-02-18T10:18:49.636+0000][7][gc,cpu      ] GC(148) User=0.00s Sys=0.00s Real=0.01s
[2024-02-18T10:18:49.636+0000][7][safepoint   ] Safepoint "G1PauseCleanup", Time since last: 13032180 ns, Reaching safepoint: 14077 ns, Cleanup: 3978 ns, At safepoint: 514425 ns, Total: 532480 ns
[2024-02-18T10:18:49.636+0000][7][gc,marking  ] GC(148) Concurrent Clear Claimed Marks
[2024-02-18T10:18:49.637+0000][7][gc,marking  ] GC(148) Concurrent Clear Claimed Marks 0.293ms
[2024-02-18T10:18:49.637+0000][7][gc,marking  ] GC(148) Concurrent Cleanup for Next Mark
[2024-02-18T10:18:49.637+0000][7][gc,marking  ] GC(148) Concurrent Cleanup for Next Mark 0.487ms
[2024-02-18T10:18:49.637+0000][7][gc          ] GC(148) Concurrent Mark Cycle 56.107ms
[2024-02-18T10:19:07.638+0000][7][safepoint   ] Safepoint "Cleanup", Time since last: 18001572516 ns, Reaching safepoint: 19477 ns, Cleanup: 13817 ns, At safepoint: 2575 ns, Total: 35869 ns
[2024-02-18T10:19:19.639+0000][7][safepoint   ] Safepoint "Cleanup", Time since last: 12001146121 ns, Reaching safepoint: 19417 ns, Cleanup: 15149 ns, At safepoint: 2585 ns, Total: 37151 ns
[2024-02-18T10:19:21.639+0000][7][safepoint   ] Safepoint "Cleanup", Time since last: 2000431944 ns, Reaching safepoint: 19226 ns, Cleanup: 12575 ns, At safepoint: 2625 ns, Total: 34426 ns
[2024-02-18T10:19:46.928+0000][7][safepoint   ] Safepoint "Cleanup", Time since last: 25288179361 ns, Reaching safepoint: 18085 ns, Cleanup: 10200 ns, At safepoint: 2905 ns, Total: 31190 ns
[2024-02-18T10:19:52.142+0000][7][gc,start    ] GC(149) Pause Young (Normal) (G1 Evacuation Pause)
[2024-02-18T10:19:52.142+0000][7][gc,task     ] GC(149) Using 12 workers of 13 for evacuation
[2024-02-18T10:19:52.143+0000][7][gc,age      ] GC(149) Desired survivor size 20971520 bytes, new threshold 15 (max threshold 15)
[2024-02-18T10:19:52.145+0000][7][gc,phases   ] GC(149)   Pre Evacuate Collection Set: 0.2ms
[2024-02-18T10:19:52.145+0000][7][gc,phases   ] GC(149)   Merge Heap Roots: 0.1ms
[2024-02-18T10:19:52.146+0000][7][gc,phases   ] GC(149)   Evacuate Collection Set: 1.6ms
[2024-02-18T10:19:52.146+0000][7][gc,phases   ] GC(149)   Post Evacuate Collection Set: 0.5ms
[2024-02-18T10:19:52.146+0000][7][gc,phases   ] GC(149)   Other: 0.4ms
[2024-02-18T10:19:52.146+0000][7][gc,age      ] GC(149) Age table with threshold 15 (max threshold 15)
[2024-02-18T10:19:52.146+0000][7][gc,age      ] GC(149) - age   1:     657288 bytes,     657288 total
[2024-02-18T10:19:52.146+0000][7][gc,age      ] GC(149) - age   2:      11256 bytes,     668544 total
[2024-02-18T10:19:52.146+0000][7][gc,age      ] GC(149) - age   3:      49328 bytes,     717872 total
[2024-02-18T10:19:52.146+0000][7][gc,age      ] GC(149) - age   4:      18816 bytes,     736688 total
[2024-02-18T10:19:52.146+0000][7][gc,age      ] GC(149) - age   5:       9544 bytes,     746232 total
[2024-02-18T10:19:52.146+0000][7][gc,age      ] GC(149) - age   6:      10944 bytes,     757176 total
[2024-02-18T10:19:52.147+0000][7][gc,age      ] GC(149) - age   7:      56048 bytes,     813224 total
[2024-02-18T10:19:52.147+0000][7][gc,age      ] GC(149) - age   8:      12744 bytes,     825968 total
[2024-02-18T10:19:52.147+0000][7][gc,age      ] GC(149) - age   9:       7320 bytes,     833288 total
[2024-02-18T10:19:52.147+0000][7][gc,age      ] GC(149) - age  10:      20928 bytes,     854216 total
[2024-02-18T10:19:52.147+0000][7][gc,age      ] GC(149) - age  11:      22960 bytes,     877176 total
[2024-02-18T10:19:52.147+0000][7][gc,age      ] GC(149) - age  12:      12424 bytes,     889600 total
[2024-02-18T10:19:52.147+0000][7][gc,age      ] GC(149) - age  13:       4712 bytes,     894312 total
[2024-02-18T10:19:52.147+0000][7][gc,age      ] GC(149) - age  14:       4064 bytes,     898376 total
[2024-02-18T10:19:52.147+0000][7][gc,age      ] GC(149) - age  15:      59120 bytes,     957496 total
[2024-02-18T10:19:52.147+0000][7][gc,heap     ] GC(149) Eden regions: 75->0(75)
[2024-02-18T10:19:52.147+0000][7][gc,heap     ] GC(149) Survivor regions: 1->1(10)
[2024-02-18T10:19:52.147+0000][7][gc,heap     ] GC(149) Old regions: 31->31
[2024-02-18T10:19:52.148+0000][7][gc,heap     ] GC(149) Humongous regions: 2->2
[2024-02-18T10:19:52.148+0000][7][gc,metaspace] GC(149) Metaspace: 121778K(125056K)->121778K(125056K) NonClass: 105877K(107392K)->105877K(107392K) Class: 15901K(17664K)->15901K(17664K)
[2024-02-18T10:19:52.148+0000][7][gc          ] GC(149) Pause Young (Normal) (G1 Evacuation Pause) 431M->130M(512M) 5.599ms
[2024-02-18T10:19:52.148+0000][7][gc,cpu      ] GC(149) User=0.00s Sys=0.01s Real=0.01s
[2024-02-18T10:19:52.148+0000][7][safepoint   ] Safepoint "G1CollectForAllocation", Time since last: 5214520272 ns, Reaching safepoint: 18055 ns, Cleanup: 3807 ns, At safepoint: 5871996 ns, Total: 5893858 ns
[2024-02-18T10:20:32.169+0000][7][safepoint   ] Safepoint "Cleanup", Time since last: 40021079895 ns, Reaching safepoint: 37732 ns, Cleanup: 12574 ns, At safepoint: 2866 ns, Total: 53172 ns
[2024-02-18T10:20:36.170+0000][7][safepoint   ] Safepoint "Cleanup", Time since last: 4000612064 ns, Reaching safepoint: 18405 ns, Cleanup: 14448 ns, At safepoint: 3807 ns, Total: 36660 ns
[2024-02-18T10:20:55.148+0000][7][gc,start    ] GC(150) Pause Young (Concurrent Start) (G1 Evacuation Pause)
[2024-02-18T10:20:55.149+0000][7][gc,task     ] GC(150) Using 12 workers of 13 for evacuation
[2024-02-18T10:20:55.149+0000][7][gc,age      ] GC(150) Desired survivor size 20971520 bytes, new threshold 15 (max threshold 15)
[2024-02-18T10:20:55.152+0000][7][gc,phases   ] GC(150)   Pre Evacuate Collection Set: 0.2ms
[2024-02-18T10:20:55.152+0000][7][gc,phases   ] GC(150)   Merge Heap Roots: 0.1ms
[2024-02-18T10:20:55.152+0000][7][gc,phases   ] GC(150)   Evacuate Collection Set: 1.8ms
[2024-02-18T10:20:55.152+0000][7][gc,phases   ] GC(150)   Post Evacuate Collection Set: 0.7ms
[2024-02-18T10:20:55.152+0000][7][gc,phases   ] GC(150)   Other: 0.4ms
[2024-02-18T10:20:55.153+0000][7][gc,age      ] GC(150) Age table with threshold 15 (max threshold 15)
[2024-02-18T10:20:55.153+0000][7][gc,age      ] GC(150) - age   1:    1475232 bytes,    1475232 total
[2024-02-18T10:20:55.153+0000][7][gc,age      ] GC(150) - age   2:      16632 bytes,    1491864 total
[2024-02-18T10:20:55.153+0000][7][gc,age      ] GC(150) - age   3:       8656 bytes,    1500520 total
[2024-02-18T10:20:55.154+0000][7][gc,age      ] GC(150) - age   4:      48488 bytes,    1549008 total
[2024-02-18T10:20:55.154+0000][7][gc,age      ] GC(150) - age   5:      18336 bytes,    1567344 total
[2024-02-18T10:20:55.154+0000][7][gc,age      ] GC(150) - age   6:       9448 bytes,    1576792 total
[2024-02-18T10:20:55.154+0000][7][gc,age      ] GC(150) - age   7:       8592 bytes,    1585384 total
[2024-02-18T10:20:55.154+0000][7][gc,age      ] GC(150) - age   8:      39640 bytes,    1625024 total
[2024-02-18T10:20:55.154+0000][7][gc,age      ] GC(150) - age   9:      10056 bytes,    1635080 total
[2024-02-18T10:20:55.154+0000][7][gc,age      ] GC(150) - age  10:       7320 bytes,    1642400 total
[2024-02-18T10:20:55.154+0000][7][gc,age      ] GC(150) - age  11:      20736 bytes,    1663136 total
[2024-02-18T10:20:55.155+0000][7][gc,age      ] GC(150) - age  12:      22960 bytes,    1686096 total
[2024-02-18T10:20:55.155+0000][7][gc,age      ] GC(150) - age  13:      12424 bytes,    1698520 total
[2024-02-18T10:20:55.155+0000][7][gc,age      ] GC(150) - age  14:       4712 bytes,    1703232 total
[2024-02-18T10:20:55.155+0000][7][gc,age      ] GC(150) - age  15:       4064 bytes,    1707296 total
[2024-02-18T10:20:55.155+0000][7][gc,heap     ] GC(150) Eden regions: 75->0(75)
[2024-02-18T10:20:55.155+0000][7][gc,heap     ] GC(150) Survivor regions: 1->1(10)
[2024-02-18T10:20:55.155+0000][7][gc,heap     ] GC(150) Old regions: 31->31
[2024-02-18T10:20:55.155+0000][7][gc,heap     ] GC(150) Humongous regions: 2->2
[2024-02-18T10:20:55.155+0000][7][gc,metaspace] GC(150) Metaspace: 121782K(125056K)->121782K(125056K) NonClass: 105881K(107392K)->105881K(107392K) Class: 15901K(17664K)->15901K(17664K)
[2024-02-18T10:20:55.156+0000][7][gc          ] GC(150) Pause Young (Concurrent Start) (G1 Evacuation Pause) 430M->131M(512M) 7.551ms
[2024-02-18T10:20:55.156+0000][7][gc          ] GC(151) Concurrent Mark Cycle
[2024-02-18T10:20:55.156+0000][7][gc,marking  ] GC(151) Concurrent Scan Root Regions
[2024-02-18T10:20:55.156+0000][7][gc,cpu      ] GC(150) User=0.01s Sys=0.00s Real=0.01s
[2024-02-18T10:20:55.156+0000][7][safepoint   ] Safepoint "G1CollectForAllocation", Time since last: 18978407045 ns, Reaching safepoint: 20599 ns, Cleanup: 13626 ns, At safepoint: 8075287 ns, Total: 8109512 ns
[2024-02-18T10:20:55.157+0000][7][gc,marking  ] GC(151) Concurrent Scan Root Regions 1.366ms
[2024-02-18T10:20:55.157+0000][7][gc,marking  ] GC(151) Concurrent Mark
[2024-02-18T10:20:55.157+0000][7][gc,marking  ] GC(151) Concurrent Mark From Roots
[2024-02-18T10:20:55.158+0000][7][gc,task     ] GC(151) Using 3 workers of 3 for marking
[2024-02-18T10:20:55.195+0000][7][gc,marking  ] GC(151) Concurrent Mark From Roots 37.938ms
[2024-02-18T10:20:55.196+0000][7][gc,marking  ] GC(151) Concurrent Preclean
[2024-02-18T10:20:55.196+0000][7][gc,marking  ] GC(151) Concurrent Preclean 0.623ms
[2024-02-18T10:20:55.196+0000][7][gc,start    ] GC(151) Pause Remark
[2024-02-18T10:20:55.200+0000][7][gc          ] GC(151) Pause Remark 134M->134M(512M) 3.960ms
[2024-02-18T10:20:55.201+0000][7][gc,cpu      ] GC(151) User=0.02s Sys=0.01s Real=0.00s
[2024-02-18T10:20:55.201+0000][7][safepoint   ] Safepoint "G1PauseRemark", Time since last: 40244410 ns, Reaching safepoint: 17043 ns, Cleanup: 3126 ns, At safepoint: 4376738 ns, Total: 4396907 ns
[2024-02-18T10:20:55.201+0000][7][gc,marking  ] GC(151) Concurrent Mark 43.540ms
[2024-02-18T10:20:55.201+0000][7][gc,marking  ] GC(151) Concurrent Rebuild Remembered Sets and Scrub Regions
[2024-02-18T10:20:55.214+0000][7][gc,marking  ] GC(151) Concurrent Rebuild Remembered Sets and Scrub Regions 13.044ms
[2024-02-18T10:20:55.214+0000][7][gc,start    ] GC(151) Pause Cleanup
[2024-02-18T10:20:55.215+0000][7][gc          ] GC(151) Pause Cleanup 137M->137M(512M) 0.260ms
[2024-02-18T10:20:55.215+0000][7][gc,cpu      ] GC(151) User=0.00s Sys=0.00s Real=0.00s
[2024-02-18T10:20:55.215+0000][7][safepoint   ] Safepoint "G1PauseCleanup", Time since last: 13535089 ns, Reaching safepoint: 14297 ns, Cleanup: 4980 ns, At safepoint: 543797 ns, Total: 563074 ns
[2024-02-18T10:20:55.215+0000][7][gc,marking  ] GC(151) Concurrent Clear Claimed Marks
[2024-02-18T10:20:55.215+0000][7][gc,marking  ] GC(151) Concurrent Clear Claimed Marks 0.299ms
[2024-02-18T10:20:55.215+0000][7][gc,marking  ] GC(151) Concurrent Cleanup for Next Mark
[2024-02-18T10:20:55.216+0000][7][gc,marking  ] GC(151) Concurrent Cleanup for Next Mark 0.508ms
[2024-02-18T10:20:55.216+0000][7][gc          ] GC(151) Concurrent Mark Cycle 60.249ms
[2024-02-18T10:20:59.215+0000][7][safepoint   ] Safepoint "Cleanup", Time since last: 4000442384 ns, Reaching safepoint: 17894 ns, Cleanup: 10199 ns, At safepoint: 3026 ns, Total: 31119 ns
[2024-02-18T10:21:11.217+0000][7][safepoint   ] Safepoint "Cleanup", Time since last: 12001203401 ns, Reaching safepoint: 19277 ns, Cleanup: 12825 ns, At safepoint: 3246 ns, Total: 35348 ns
[2024-02-18T10:21:23.218+0000][7][safepoint   ] Safepoint "Cleanup", Time since last: 12001158215 ns, Reaching safepoint: 32011 ns, Cleanup: 16933 ns, At safepoint: 2875 ns, Total: 51819 ns
[2024-02-18T10:21:43.219+0000][7][safepoint   ] Safepoint "Cleanup", Time since last: 20001856506 ns, Reaching safepoint: 17383 ns, Cleanup: 9468 ns, At safepoint: 3216 ns, Total: 30067 ns
[2024-02-18T10:21:55.281+0000][7][gc,start    ] GC(152) Pause Young (Normal) (G1 Evacuation Pause)
[2024-02-18T10:21:55.282+0000][7][gc,task     ] GC(152) Using 12 workers of 13 for evacuation
[2024-02-18T10:21:55.282+0000][7][gc,age      ] GC(152) Desired survivor size 20971520 bytes, new threshold 15 (max threshold 15)
[2024-02-18T10:21:55.284+0000][7][gc,phases   ] GC(152)   Pre Evacuate Collection Set: 0.2ms
[2024-02-18T10:21:55.284+0000][7][gc,phases   ] GC(152)   Merge Heap Roots: 0.1ms
[2024-02-18T10:21:55.284+0000][7][gc,phases   ] GC(152)   Evacuate Collection Set: 1.6ms
[2024-02-18T10:21:55.285+0000][7][gc,phases   ] GC(152)   Post Evacuate Collection Set: 0.6ms
[2024-02-18T10:21:55.285+0000][7][gc,phases   ] GC(152)   Other: 0.2ms
[2024-02-18T10:21:55.285+0000][7][gc,age      ] GC(152) Age table with threshold 15 (max threshold 15)
[2024-02-18T10:21:55.285+0000][7][gc,age      ] GC(152) - age   1:     914192 bytes,     914192 total
[2024-02-18T10:21:55.285+0000][7][gc,age      ] GC(152) - age   2:      14256 bytes,     928448 total
[2024-02-18T10:21:55.285+0000][7][gc,age      ] GC(152) - age   3:      13704 bytes,     942152 total
[2024-02-18T10:21:55.285+0000][7][gc,age      ] GC(152) - age   4:       8368 bytes,     950520 total
[2024-02-18T10:21:55.285+0000][7][gc,age      ] GC(152) - age   5:      32464 bytes,     982984 total
[2024-02-18T10:21:55.285+0000][7][gc,age      ] GC(152) - age   6:       9968 bytes,     992952 total
[2024-02-18T10:21:55.286+0000][7][gc,age      ] GC(152) - age   7:       9448 bytes,    1002400 total
[2024-02-18T10:21:55.286+0000][7][gc,age      ] GC(152) - age   8:       8592 bytes,    1010992 total
[2024-02-18T10:21:55.286+0000][7][gc,age      ] GC(152) - age   9:      36952 bytes,    1047944 total
[2024-02-18T10:21:55.286+0000][7][gc,age      ] GC(152) - age  10:      10056 bytes,    1058000 total
[2024-02-18T10:21:55.286+0000][7][gc,age      ] GC(152) - age  11:       7320 bytes,    1065320 total
[2024-02-18T10:21:55.286+0000][7][gc,age      ] GC(152) - age  12:      20736 bytes,    1086056 total
[2024-02-18T10:21:55.286+0000][7][gc,age      ] GC(152) - age  13:      22960 bytes,    1109016 total
[2024-02-18T10:21:55.286+0000][7][gc,age      ] GC(152) - age  14:      12424 bytes,    1121440 total
[2024-02-18T10:21:55.286+0000][7][gc,age      ] GC(152) - age  15:       4712 bytes,    1126152 total
[2024-02-18T10:21:55.287+0000][7][gc,heap     ] GC(152) Eden regions: 75->0(75)
[2024-02-18T10:21:55.287+0000][7][gc,heap     ] GC(152) Survivor regions: 1->1(10)
[2024-02-18T10:21:55.287+0000][7][gc,heap     ] GC(152) Old regions: 31->31
[2024-02-18T10:21:55.287+0000][7][gc,heap     ] GC(152) Humongous regions: 2->2
[2024-02-18T10:21:55.287+0000][7][gc,metaspace] GC(152) Metaspace: 121785K(125056K)->121785K(125056K) NonClass: 105884K(107392K)->105884K(107392K) Class: 15901K(17664K)->15901K(17664K)
[2024-02-18T10:21:55.287+0000][7][gc          ] GC(152) Pause Young (Normal) (G1 Evacuation Pause) 431M->130M(512M) 5.538ms
[2024-02-18T10:21:55.287+0000][7][gc,cpu      ] GC(152) User=0.02s Sys=0.00s Real=0.01s
[2024-02-18T10:21:55.287+0000][7][safepoint   ] Safepoint "G1CollectForAllocation", Time since last: 12061486291 ns, Reaching safepoint: 30699 ns, Cleanup: 3617 ns, At safepoint: 5807141 ns, Total: 5841457 ns
[2024-02-18T10:22:28.290+0000][7][safepoint   ] Safepoint "Cleanup", Time since last: 33002872777 ns, Reaching safepoint: 16532 ns, Cleanup: 9548 ns, At safepoint: 2705 ns, Total: 28785 ns
[2024-02-18T10:22:47.993+0000][7][safepoint   ] Safepoint "Cleanup", Time since last: 19702739756 ns, Reaching safepoint: 20399 ns, Cleanup: 14658 ns, At safepoint: 3377 ns, Total: 38434 ns
[2024-02-18T10:22:49.201+0000][7][gc,start    ] GC(153) Pause Young (Concurrent Start) (G1 Evacuation Pause)
[2024-02-18T10:22:49.202+0000][7][gc,task     ] GC(153) Using 12 workers of 13 for evacuation
[2024-02-18T10:22:49.202+0000][7][gc,age      ] GC(153) Desired survivor size 20971520 bytes, new threshold 15 (max threshold 15)
[2024-02-18T10:22:49.204+0000][7][gc,phases   ] GC(153)   Pre Evacuate Collection Set: 0.2ms
[2024-02-18T10:22:49.204+0000][7][gc,phases   ] GC(153)   Merge Heap Roots: 0.1ms
[2024-02-18T10:22:49.204+0000][7][gc,phases   ] GC(153)   Evacuate Collection Set: 1.5ms
[2024-02-18T10:22:49.204+0000][7][gc,phases   ] GC(153)   Post Evacuate Collection Set: 0.5ms
[2024-02-18T10:22:49.205+0000][7][gc,phases   ] GC(153)   Other: 0.3ms
[2024-02-18T10:22:49.205+0000][7][gc,age      ] GC(153) Age table with threshold 15 (max threshold 15)
[2024-02-18T10:22:49.205+0000][7][gc,age      ] GC(153) - age   1:     887216 bytes,     887216 total
[2024-02-18T10:22:49.205+0000][7][gc,age      ] GC(153) - age   2:      42024 bytes,     929240 total
[2024-02-18T10:22:49.205+0000][7][gc,age      ] GC(153) - age   3:      10912 bytes,     940152 total
[2024-02-18T10:22:49.205+0000][7][gc,age      ] GC(153) - age   4:      12104 bytes,     952256 total
[2024-02-18T10:22:49.205+0000][7][gc,age      ] GC(153) - age   5:       5392 bytes,     957648 total
[2024-02-18T10:22:49.205+0000][7][gc,age      ] GC(153) - age   6:      21112 bytes,     978760 total
[2024-02-18T10:22:49.205+0000][7][gc,age      ] GC(153) - age   7:       9904 bytes,     988664 total
[2024-02-18T10:22:49.205+0000][7][gc,age      ] GC(153) - age   8:       7096 bytes,     995760 total
[2024-02-18T10:22:49.205+0000][7][gc,age      ] GC(153) - age   9:       8592 bytes,    1004352 total
[2024-02-18T10:22:49.205+0000][7][gc,age      ] GC(153) - age  10:      36952 bytes,    1041304 total
[2024-02-18T10:22:49.206+0000][7][gc,age      ] GC(153) - age  11:      10056 bytes,    1051360 total
[2024-02-18T10:22:49.206+0000][7][gc,age      ] GC(153) - age  12:       7320 bytes,    1058680 total
[2024-02-18T10:22:49.206+0000][7][gc,age      ] GC(153) - age  13:      20736 bytes,    1079416 total
[2024-02-18T10:22:49.206+0000][7][gc,age      ] GC(153) - age  14:      22960 bytes,    1102376 total
[2024-02-18T10:22:49.206+0000][7][gc,age      ] GC(153) - age  15:      12424 bytes,    1114800 total
[2024-02-18T10:22:49.206+0000][7][gc,heap     ] GC(153) Eden regions: 75->0(75)
[2024-02-18T10:22:49.206+0000][7][gc,heap     ] GC(153) Survivor regions: 1->1(10)
[2024-02-18T10:22:49.206+0000][7][gc,heap     ] GC(153) Old regions: 31->31
[2024-02-18T10:22:49.206+0000][7][gc,heap     ] GC(153) Humongous regions: 2->2
[2024-02-18T10:22:49.206+0000][7][gc,metaspace] GC(153) Metaspace: 121787K(125056K)->121787K(125056K) NonClass: 105885K(107392K)->105885K(107392K) Class: 15902K(17664K)->15902K(17664K)
[2024-02-18T10:22:49.207+0000][7][gc          ] GC(153) Pause Young (Concurrent Start) (G1 Evacuation Pause) 430M->130M(512M) 5.047ms
[2024-02-18T10:22:49.207+0000][7][gc          ] GC(154) Concurrent Mark Cycle
[2024-02-18T10:22:49.207+0000][7][gc,marking  ] GC(154) Concurrent Scan Root Regions
[2024-02-18T10:22:49.207+0000][7][gc,cpu      ] GC(153) User=0.01s Sys=0.00s Real=0.01s
[2024-02-18T10:22:49.207+0000][7][safepoint   ] Safepoint "G1CollectForAllocation", Time since last: 1208857775 ns, Reaching safepoint: 16812 ns, Cleanup: 3907 ns, At safepoint: 5550652 ns, Total: 5571371 ns
[2024-02-18T10:22:49.208+0000][7][gc,marking  ] GC(154) Concurrent Scan Root Regions 0.914ms
[2024-02-18T10:22:49.216+0000][7][gc,marking  ] GC(154) Concurrent Mark
[2024-02-18T10:22:49.216+0000][7][gc,marking  ] GC(154) Concurrent Mark From Roots
[2024-02-18T10:22:49.216+0000][7][gc,task     ] GC(154) Using 3 workers of 3 for marking
[2024-02-18T10:22:49.253+0000][7][gc,marking  ] GC(154) Concurrent Mark From Roots 36.554ms
[2024-02-18T10:22:49.253+0000][7][gc,marking  ] GC(154) Concurrent Preclean
[2024-02-18T10:22:49.253+0000][7][gc,marking  ] GC(154) Concurrent Preclean 0.596ms
[2024-02-18T10:22:49.254+0000][7][gc,start    ] GC(154) Pause Remark
[2024-02-18T10:22:49.257+0000][7][gc          ] GC(154) Pause Remark 132M->132M(512M) 3.630ms
[2024-02-18T10:22:49.257+0000][7][gc,cpu      ] GC(154) User=0.03s Sys=0.00s Real=0.01s
[2024-02-18T10:22:49.258+0000][7][safepoint   ] Safepoint "G1PauseRemark", Time since last: 46519098 ns, Reaching safepoint: 16010 ns, Cleanup: 3046 ns, At safepoint: 4044397 ns, Total: 4063453 ns
[2024-02-18T10:22:49.258+0000][7][gc,marking  ] GC(154) Concurrent Mark 41.920ms
[2024-02-18T10:22:49.258+0000][7][gc,marking  ] GC(154) Concurrent Rebuild Remembered Sets and Scrub Regions
[2024-02-18T10:22:49.271+0000][7][gc,marking  ] GC(154) Concurrent Rebuild Remembered Sets and Scrub Regions 12.755ms
[2024-02-18T10:22:49.271+0000][7][gc,start    ] GC(154) Pause Cleanup
[2024-02-18T10:22:49.271+0000][7][gc          ] GC(154) Pause Cleanup 132M->132M(512M) 0.320ms
[2024-02-18T10:22:49.271+0000][7][gc,cpu      ] GC(154) User=0.00s Sys=0.00s Real=0.00s
[2024-02-18T10:22:49.271+0000][7][safepoint   ] Safepoint "G1PauseCleanup", Time since last: 13299832 ns, Reaching safepoint: 15059 ns, Cleanup: 4208 ns, At safepoint: 620510 ns, Total: 639777 ns
[2024-02-18T10:22:49.272+0000][7][gc,marking  ] GC(154) Concurrent Clear Claimed Marks
[2024-02-18T10:22:49.272+0000][7][gc,marking  ] GC(154) Concurrent Clear Claimed Marks 0.301ms
[2024-02-18T10:22:49.272+0000][7][gc,marking  ] GC(154) Concurrent Cleanup for Next Mark
[2024-02-18T10:22:49.273+0000][7][gc,marking  ] GC(154) Concurrent Cleanup for Next Mark 0.499ms
[2024-02-18T10:22:49.273+0000][7][gc          ] GC(154) Concurrent Mark Cycle 66.058ms
[2024-02-18T10:23:32.275+0000][7][safepoint   ] Safepoint "Cleanup", Time since last: 43003764323 ns, Reaching safepoint: 19167 ns, Cleanup: 13776 ns, At safepoint: 2916 ns, Total: 35859 ns
[2024-02-18T10:23:38.276+0000][7][safepoint   ] Safepoint "Cleanup", Time since last: 6000685606 ns, Reaching safepoint: 17694 ns, Cleanup: 7474 ns, At safepoint: 3296 ns, Total: 28464 ns
[2024-02-18T10:23:55.241+0000][7][gc,start    ] GC(155) Pause Young (Normal) (G1 Evacuation Pause)
[2024-02-18T10:23:55.241+0000][7][gc,task     ] GC(155) Using 12 workers of 13 for evacuation
[2024-02-18T10:23:55.242+0000][7][gc,age      ] GC(155) Desired survivor size 20971520 bytes, new threshold 15 (max threshold 15)
[2024-02-18T10:23:55.244+0000][7][gc,phases   ] GC(155)   Pre Evacuate Collection Set: 0.2ms
[2024-02-18T10:23:55.244+0000][7][gc,phases   ] GC(155)   Merge Heap Roots: 0.1ms
[2024-02-18T10:23:55.244+0000][7][gc,phases   ] GC(155)   Evacuate Collection Set: 1.6ms
[2024-02-18T10:23:55.245+0000][7][gc,phases   ] GC(155)   Post Evacuate Collection Set: 0.5ms
[2024-02-18T10:23:55.245+0000][7][gc,phases   ] GC(155)   Other: 0.3ms
[2024-02-18T10:23:55.245+0000][7][gc,age      ] GC(155) Age table with threshold 15 (max threshold 15)
[2024-02-18T10:23:55.245+0000][7][gc,age      ] GC(155) - age   1:    1534368 bytes,    1534368 total
[2024-02-18T10:23:55.245+0000][7][gc,age      ] GC(155) - age   2:      33104 bytes,    1567472 total
[2024-02-18T10:23:55.245+0000][7][gc,age      ] GC(155) - age   3:      39256 bytes,    1606728 total
[2024-02-18T10:23:55.245+0000][7][gc,age      ] GC(155) - age   4:       9896 bytes,    1616624 total
[2024-02-18T10:23:55.245+0000][7][gc,age      ] GC(155) - age   5:      11784 bytes,    1628408 total
[2024-02-18T10:23:55.245+0000][7][gc,age      ] GC(155) - age   6:       5264 bytes,    1633672 total
[2024-02-18T10:23:55.246+0000][7][gc,age      ] GC(155) - age   7:      18424 bytes,    1652096 total
[2024-02-18T10:23:55.246+0000][7][gc,age      ] GC(155) - age   8:       9904 bytes,    1662000 total
[2024-02-18T10:23:55.246+0000][7][gc,age      ] GC(155) - age   9:       7096 bytes,    1669096 total
[2024-02-18T10:23:55.246+0000][7][gc,age      ] GC(155) - age  10:       8592 bytes,    1677688 total
[2024-02-18T10:23:55.246+0000][7][gc,age      ] GC(155) - age  11:      31496 bytes,    1709184 total
[2024-02-18T10:23:55.246+0000][7][gc,age      ] GC(155) - age  12:      10016 bytes,    1719200 total
[2024-02-18T10:23:55.246+0000][7][gc,age      ] GC(155) - age  13:       7320 bytes,    1726520 total
[2024-02-18T10:23:55.246+0000][7][gc,age      ] GC(155) - age  14:      20736 bytes,    1747256 total
[2024-02-18T10:23:55.246+0000][7][gc,age      ] GC(155) - age  15:      22960 bytes,    1770216 total
[2024-02-18T10:23:55.246+0000][7][gc,heap     ] GC(155) Eden regions: 75->0(75)
[2024-02-18T10:23:55.247+0000][7][gc,heap     ] GC(155) Survivor regions: 1->1(10)
[2024-02-18T10:23:55.247+0000][7][gc,heap     ] GC(155) Old regions: 31->31
[2024-02-18T10:23:55.247+0000][7][gc,heap     ] GC(155) Humongous regions: 2->2
[2024-02-18T10:23:55.247+0000][7][gc,metaspace] GC(155) Metaspace: 121787K(125056K)->121787K(125056K) NonClass: 105885K(107392K)->105885K(107392K) Class: 15902K(17664K)->15902K(17664K)
[2024-02-18T10:23:55.247+0000][7][gc          ] GC(155) Pause Young (Normal) (G1 Evacuation Pause) 430M->131M(512M) 5.805ms
[2024-02-18T10:23:55.247+0000][7][gc,cpu      ] GC(155) User=0.02s Sys=0.00s Real=0.01s
[2024-02-18T10:23:55.247+0000][7][safepoint   ] Safepoint "G1CollectForAllocation", Time since last: 16965313356 ns, Reaching safepoint: 31560 ns, Cleanup: 3968 ns, At safepoint: 6134478 ns, Total: 6170006 ns
[2024-02-18T10:24:02.256+0000][7][safepoint   ] Safepoint "Cleanup", Time since last: 7008733234 ns, Reaching safepoint: 18606 ns, Cleanup: 12594 ns, At safepoint: 2945 ns, Total: 34145 ns
[2024-02-18T10:24:06.257+0000][7][safepoint   ] Safepoint "Cleanup", Time since last: 4000711916 ns, Reaching safepoint: 20459 ns, Cleanup: 16452 ns, At safepoint: 3096 ns, Total: 40007 ns
[2024-02-18T10:24:26.259+0000][7][safepoint   ] Safepoint "Cleanup", Time since last: 20001830154 ns, Reaching safepoint: 18776 ns, Cleanup: 12224 ns, At safepoint: 3176 ns, Total: 34176 ns
[2024-02-18T10:24:29.260+0000][7][safepoint   ] Safepoint "Cleanup", Time since last: 3000495162 ns, Reaching safepoint: 17313 ns, Cleanup: 19888 ns, At safepoint: 3126 ns, Total: 40327 ns
[2024-02-18T10:24:32.260+0000][7][safepoint   ] Safepoint "Cleanup", Time since last: 3000435398 ns, Reaching safepoint: 22013 ns, Cleanup: 13846 ns, At safepoint: 3487 ns, Total: 39346 ns
[2024-02-18T10:24:35.261+0000][7][safepoint   ] Safepoint "Cleanup", Time since last: 3000603600 ns, Reaching safepoint: 19848 ns, Cleanup: 22653 ns, At safepoint: 3046 ns, Total: 45547 ns
[2024-02-18T10:24:37.261+0000][7][safepoint   ] Safepoint "Cleanup", Time since last: 2000497780 ns, Reaching safepoint: 17042 ns, Cleanup: 9158 ns, At safepoint: 2715 ns, Total: 28915 ns
[2024-02-18T10:24:55.175+0000][7][gc,start    ] GC(156) Pause Young (Concurrent Start) (G1 Evacuation Pause)
[2024-02-18T10:24:55.175+0000][7][gc,task     ] GC(156) Using 12 workers of 13 for evacuation
[2024-02-18T10:24:55.176+0000][7][gc,age      ] GC(156) Desired survivor size 20971520 bytes, new threshold 15 (max threshold 15)
[2024-02-18T10:24:55.178+0000][7][gc,phases   ] GC(156)   Pre Evacuate Collection Set: 0.2ms
[2024-02-18T10:24:55.178+0000][7][gc,phases   ] GC(156)   Merge Heap Roots: 0.1ms
[2024-02-18T10:24:55.179+0000][7][gc,phases   ] GC(156)   Evacuate Collection Set: 1.6ms
[2024-02-18T10:24:55.179+0000][7][gc,phases   ] GC(156)   Post Evacuate Collection Set: 0.5ms
[2024-02-18T10:24:55.179+0000][7][gc,phases   ] GC(156)   Other: 0.3ms
[2024-02-18T10:24:55.179+0000][7][gc,age      ] GC(156) Age table with threshold 15 (max threshold 15)
[2024-02-18T10:24:55.179+0000][7][gc,age      ] GC(156) - age   1:    1070816 bytes,    1070816 total
[2024-02-18T10:24:55.179+0000][7][gc,age      ] GC(156) - age   2:      60792 bytes,    1131608 total
[2024-02-18T10:24:55.179+0000][7][gc,age      ] GC(156) - age   3:      30080 bytes,    1161688 total
[2024-02-18T10:24:55.179+0000][7][gc,age      ] GC(156) - age   4:      38736 bytes,    1200424 total
[2024-02-18T10:24:55.179+0000][7][gc,age      ] GC(156) - age   5:       9832 bytes,    1210256 total
[2024-02-18T10:24:55.179+0000][7][gc,age      ] GC(156) - age   6:       8760 bytes,    1219016 total
[2024-02-18T10:24:55.179+0000][7][gc,age      ] GC(156) - age   7:       5264 bytes,    1224280 total
[2024-02-18T10:24:55.180+0000][7][gc,age      ] GC(156) - age   8:      18424 bytes,    1242704 total
[2024-02-18T10:24:55.180+0000][7][gc,age      ] GC(156) - age   9:       9840 bytes,    1252544 total
[2024-02-18T10:24:55.180+0000][7][gc,age      ] GC(156) - age  10:       7096 bytes,    1259640 total
[2024-02-18T10:24:55.180+0000][7][gc,age      ] GC(156) - age  11:       8592 bytes,    1268232 total
[2024-02-18T10:24:55.180+0000][7][gc,age      ] GC(156) - age  12:      31496 bytes,    1299728 total
[2024-02-18T10:24:55.180+0000][7][gc,age      ] GC(156) - age  13:      10016 bytes,    1309744 total
[2024-02-18T10:24:55.180+0000][7][gc,age      ] GC(156) - age  14:       7320 bytes,    1317064 total
[2024-02-18T10:24:55.180+0000][7][gc,age      ] GC(156) - age  15:      20736 bytes,    1337800 total
[2024-02-18T10:24:55.180+0000][7][gc,heap     ] GC(156) Eden regions: 75->0(75)
[2024-02-18T10:24:55.180+0000][7][gc,heap     ] GC(156) Survivor regions: 1->1(10)
[2024-02-18T10:24:55.180+0000][7][gc,heap     ] GC(156) Old regions: 31->31
[2024-02-18T10:24:55.181+0000][7][gc,heap     ] GC(156) Humongous regions: 2->2
[2024-02-18T10:24:55.181+0000][7][gc,metaspace] GC(156) Metaspace: 121788K(125056K)->121788K(125056K) NonClass: 105886K(107392K)->105886K(107392K) Class: 15902K(17664K)->15902K(17664K)
[2024-02-18T10:24:55.181+0000][7][gc          ] GC(156) Pause Young (Concurrent Start) (G1 Evacuation Pause) 431M->131M(512M) 5.498ms
[2024-02-18T10:24:55.181+0000][7][gc          ] GC(157) Concurrent Mark Cycle
[2024-02-18T10:24:55.181+0000][7][gc,marking  ] GC(157) Concurrent Scan Root Regions
[2024-02-18T10:24:55.181+0000][7][gc,cpu      ] GC(156) User=0.01s Sys=0.00s Real=0.01s
[2024-02-18T10:24:55.181+0000][7][safepoint   ] Safepoint "G1CollectForAllocation", Time since last: 17914059736 ns, Reaching safepoint: 19728 ns, Cleanup: 3256 ns, At safepoint: 6021243 ns, Total: 6044227 ns
[2024-02-18T10:24:55.182+0000][7][gc,marking  ] GC(157) Concurrent Scan Root Regions 0.995ms
[2024-02-18T10:24:55.196+0000][7][gc,marking  ] GC(157) Concurrent Mark
[2024-02-18T10:24:55.196+0000][7][gc,marking  ] GC(157) Concurrent Mark From Roots
[2024-02-18T10:24:55.196+0000][7][gc,task     ] GC(157) Using 3 workers of 3 for marking
[2024-02-18T10:24:55.233+0000][7][gc,marking  ] GC(157) Concurrent Mark From Roots 36.896ms
[2024-02-18T10:24:55.233+0000][7][gc,marking  ] GC(157) Concurrent Preclean
[2024-02-18T10:24:55.234+0000][7][gc,marking  ] GC(157) Concurrent Preclean 0.636ms
[2024-02-18T10:24:55.234+0000][7][gc,start    ] GC(157) Pause Remark
[2024-02-18T10:24:55.238+0000][7][gc          ] GC(157) Pause Remark 135M->135M(512M) 3.754ms
[2024-02-18T10:24:55.238+0000][7][gc,cpu      ] GC(157) User=0.03s Sys=0.00s Real=0.01s
[2024-02-18T10:24:55.238+0000][7][safepoint   ] Safepoint "G1PauseRemark", Time since last: 52779679 ns, Reaching safepoint: 17394 ns, Cleanup: 3236 ns, At safepoint: 4154291 ns, Total: 4174921 ns
[2024-02-18T10:24:55.238+0000][7][gc,marking  ] GC(157) Concurrent Mark 42.582ms
[2024-02-18T10:24:55.239+0000][7][gc,marking  ] GC(157) Concurrent Rebuild Remembered Sets and Scrub Regions
[2024-02-18T10:24:55.252+0000][7][gc,marking  ] GC(157) Concurrent Rebuild Remembered Sets and Scrub Regions 13.084ms
[2024-02-18T10:24:55.252+0000][7][gc,start    ] GC(157) Pause Cleanup
[2024-02-18T10:24:55.252+0000][7][gc          ] GC(157) Pause Cleanup 135M->135M(512M) 0.259ms
[2024-02-18T10:24:55.252+0000][7][gc,cpu      ] GC(157) User=0.00s Sys=0.00s Real=0.00s
[2024-02-18T10:24:55.252+0000][7][safepoint   ] Safepoint "G1PauseCleanup", Time since last: 13677927 ns, Reaching safepoint: 15721 ns, Cleanup: 3536 ns, At safepoint: 557935 ns, Total: 577192 ns
[2024-02-18T10:24:55.253+0000][7][gc,marking  ] GC(157) Concurrent Clear Claimed Marks
[2024-02-18T10:24:55.253+0000][7][gc,marking  ] GC(157) Concurrent Clear Claimed Marks 0.301ms
[2024-02-18T10:24:55.253+0000][7][gc,marking  ] GC(157) Concurrent Cleanup for Next Mark
[2024-02-18T10:24:55.254+0000][7][gc,marking  ] GC(157) Concurrent Cleanup for Next Mark 0.466ms
[2024-02-18T10:24:55.254+0000][7][gc          ] GC(157) Concurrent Mark Cycle 72.751ms
[2024-02-18T10:25:06.254+0000][7][safepoint   ] Safepoint "Cleanup", Time since last: 11001059301 ns, Reaching safepoint: 18766 ns, Cleanup: 19528 ns, At safepoint: 3266 ns, Total: 41560 ns
[2024-02-18T10:25:56.772+0000][7][gc,start    ] GC(158) Pause Young (Normal) (G1 Evacuation Pause)
[2024-02-18T10:25:56.773+0000][7][gc,task     ] GC(158) Using 12 workers of 13 for evacuation
[2024-02-18T10:25:56.773+0000][7][gc,age      ] GC(158) Desired survivor size 20971520 bytes, new threshold 15 (max threshold 15)
[2024-02-18T10:25:56.775+0000][7][gc,phases   ] GC(158)   Pre Evacuate Collection Set: 0.2ms
[2024-02-18T10:25:56.776+0000][7][gc,phases   ] GC(158)   Merge Heap Roots: 0.1ms
[2024-02-18T10:25:56.776+0000][7][gc,phases   ] GC(158)   Evacuate Collection Set: 1.4ms
[2024-02-18T10:25:56.776+0000][7][gc,phases   ] GC(158)   Post Evacuate Collection Set: 0.6ms
[2024-02-18T10:25:56.776+0000][7][gc,phases   ] GC(158)   Other: 0.4ms
[2024-02-18T10:25:56.776+0000][7][gc,age      ] GC(158) Age table with threshold 15 (max threshold 15)
[2024-02-18T10:25:56.776+0000][7][gc,age      ] GC(158) - age   1:    1231976 bytes,    1231976 total
[2024-02-18T10:25:56.776+0000][7][gc,age      ] GC(158) - age   2:     129976 bytes,    1361952 total
[2024-02-18T10:25:56.776+0000][7][gc,age      ] GC(158) - age   3:      57824 bytes,    1419776 total
[2024-02-18T10:25:56.777+0000][7][gc,age      ] GC(158) - age   4:      29568 bytes,    1449344 total
[2024-02-18T10:25:56.777+0000][7][gc,age      ] GC(158) - age   5:      38672 bytes,    1488016 total
[2024-02-18T10:25:56.777+0000][7][gc,age      ] GC(158) - age   6:       3928 bytes,    1491944 total
[2024-02-18T10:25:56.777+0000][7][gc,age      ] GC(158) - age   7:       8760 bytes,    1500704 total
[2024-02-18T10:25:56.777+0000][7][gc,age      ] GC(158) - age   8:       4952 bytes,    1505656 total
[2024-02-18T10:25:56.777+0000][7][gc,age      ] GC(158) - age   9:      18424 bytes,    1524080 total
[2024-02-18T10:25:56.777+0000][7][gc,age      ] GC(158) - age  10:       9840 bytes,    1533920 total
[2024-02-18T10:25:56.777+0000][7][gc,age      ] GC(158) - age  11:       7096 bytes,    1541016 total
[2024-02-18T10:25:56.778+0000][7][gc,age      ] GC(158) - age  12:       8592 bytes,    1549608 total
[2024-02-18T10:25:56.778+0000][7][gc,age      ] GC(158) - age  13:       6912 bytes,    1556520 total
[2024-02-18T10:25:56.778+0000][7][gc,age      ] GC(158) - age  14:      10016 bytes,    1566536 total
[2024-02-18T10:25:56.778+0000][7][gc,age      ] GC(158) - age  15:       7320 bytes,    1573856 total
[2024-02-18T10:25:56.778+0000][7][gc,heap     ] GC(158) Eden regions: 75->0(75)
[2024-02-18T10:25:56.778+0000][7][gc,heap     ] GC(158) Survivor regions: 1->1(10)
[2024-02-18T10:25:56.778+0000][7][gc,heap     ] GC(158) Old regions: 31->31
[2024-02-18T10:25:56.778+0000][7][gc,heap     ] GC(158) Humongous regions: 2->2
[2024-02-18T10:25:56.778+0000][7][gc,metaspace] GC(158) Metaspace: 121789K(125056K)->121789K(125056K) NonClass: 105887K(107392K)->105887K(107392K) Class: 15902K(17664K)->15902K(17664K)
[2024-02-18T10:25:56.779+0000][7][gc          ] GC(158) Pause Young (Normal) (G1 Evacuation Pause) 431M->131M(512M) 6.291ms
[2024-02-18T10:25:56.779+0000][7][gc,cpu      ] GC(158) User=0.01s Sys=0.00s Real=0.01s
[2024-02-18T10:25:56.779+0000][7][safepoint   ] Safepoint "G1CollectForAllocation", Time since last: 50518223187 ns, Reaching safepoint: 33123 ns, Cleanup: 3767 ns, At safepoint: 6606649 ns, Total: 6643539 ns
[2024-02-18T10:25:57.779+0000][7][safepoint   ] Safepoint "Cleanup", Time since last: 1000236316 ns, Reaching safepoint: 20499 ns, Cleanup: 13496 ns, At safepoint: 3607 ns, Total: 37602 ns
[2024-02-18T10:26:00.780+0000][7][safepoint   ] Safepoint "Cleanup", Time since last: 3000561619 ns, Reaching safepoint: 23225 ns, Cleanup: 14648 ns, At safepoint: 3066 ns, Total: 40939 ns
[2024-02-18T10:26:06.781+0000][7][safepoint   ] Safepoint "Cleanup", Time since last: 6000840157 ns, Reaching safepoint: 16882 ns, Cleanup: 12975 ns, At safepoint: 3036 ns, Total: 32893 ns
[2024-02-18T10:26:09.781+0000][7][safepoint   ] Safepoint "Cleanup", Time since last: 3000798273 ns, Reaching safepoint: 22193 ns, Cleanup: 14638 ns, At safepoint: 3346 ns, Total: 40177 ns
[2024-02-18T10:26:19.783+0000][7][safepoint   ] Safepoint "Cleanup", Time since last: 10001364934 ns, Reaching safepoint: 21642 ns, Cleanup: 16692 ns, At safepoint: 3236 ns, Total: 41570 ns
[2024-02-18T10:26:28.784+0000][7][safepoint   ] Safepoint "Cleanup", Time since last: 9001138472 ns, Reaching safepoint: 38524 ns, Cleanup: 13065 ns, At safepoint: 2575 ns, Total: 54164 ns
[2024-02-18T10:26:55.165+0000][7][gc,start    ] GC(159) Pause Young (Concurrent Start) (G1 Evacuation Pause)
[2024-02-18T10:26:55.165+0000][7][gc,task     ] GC(159) Using 12 workers of 13 for evacuation
[2024-02-18T10:26:55.165+0000][7][gc,age      ] GC(159) Desired survivor size 20971520 bytes, new threshold 15 (max threshold 15)
[2024-02-18T10:26:55.168+0000][7][gc,phases   ] GC(159)   Pre Evacuate Collection Set: 0.2ms
[2024-02-18T10:26:55.168+0000][7][gc,phases   ] GC(159)   Merge Heap Roots: 0.1ms
[2024-02-18T10:26:55.168+0000][7][gc,phases   ] GC(159)   Evacuate Collection Set: 1.4ms
[2024-02-18T10:26:55.168+0000][7][gc,phases   ] GC(159)   Post Evacuate Collection Set: 0.6ms
[2024-02-18T10:26:55.168+0000][7][gc,phases   ] GC(159)   Other: 0.3ms
[2024-02-18T10:26:55.168+0000][7][gc,age      ] GC(159) Age table with threshold 15 (max threshold 15)
[2024-02-18T10:26:55.169+0000][7][gc,age      ] GC(159) - age   1:     911896 bytes,     911896 total
[2024-02-18T10:26:55.169+0000][7][gc,age      ] GC(159) - age   2:      16280 bytes,     928176 total
[2024-02-18T10:26:55.169+0000][7][gc,age      ] GC(159) - age   3:      13176 bytes,     941352 total
[2024-02-18T10:26:55.169+0000][7][gc,age      ] GC(159) - age   4:      57184 bytes,     998536 total
[2024-02-18T10:26:55.169+0000][7][gc,age      ] GC(159) - age   5:      21960 bytes,    1020496 total
[2024-02-18T10:26:55.169+0000][7][gc,age      ] GC(159) - age   6:      16648 bytes,    1037144 total
[2024-02-18T10:26:55.169+0000][7][gc,age      ] GC(159) - age   7:       3928 bytes,    1041072 total
[2024-02-18T10:26:55.169+0000][7][gc,age      ] GC(159) - age   8:       8760 bytes,    1049832 total
[2024-02-18T10:26:55.169+0000][7][gc,age      ] GC(159) - age   9:       4920 bytes,    1054752 total
[2024-02-18T10:26:55.169+0000][7][gc,age      ] GC(159) - age  10:      18424 bytes,    1073176 total
[2024-02-18T10:26:55.169+0000][7][gc,age      ] GC(159) - age  11:       9840 bytes,    1083016 total
[2024-02-18T10:26:55.170+0000][7][gc,age      ] GC(159) - age  12:       7096 bytes,    1090112 total
[2024-02-18T10:26:55.170+0000][7][gc,age      ] GC(159) - age  13:       8592 bytes,    1098704 total
[2024-02-18T10:26:55.170+0000][7][gc,age      ] GC(159) - age  14:       6912 bytes,    1105616 total
[2024-02-18T10:26:55.170+0000][7][gc,age      ] GC(159) - age  15:      10016 bytes,    1115632 total
[2024-02-18T10:26:55.170+0000][7][gc,heap     ] GC(159) Eden regions: 75->0(75)
[2024-02-18T10:26:55.170+0000][7][gc,heap     ] GC(159) Survivor regions: 1->1(10)
[2024-02-18T10:26:55.170+0000][7][gc,heap     ] GC(159) Old regions: 31->31
[2024-02-18T10:26:55.170+0000][7][gc,heap     ] GC(159) Humongous regions: 2->2
[2024-02-18T10:26:55.170+0000][7][gc,metaspace] GC(159) Metaspace: 121843K(125120K)->121843K(125120K) NonClass: 105930K(107456K)->105930K(107456K) Class: 15913K(17664K)->15913K(17664K)
[2024-02-18T10:26:55.171+0000][7][gc          ] GC(159) Pause Young (Concurrent Start) (G1 Evacuation Pause) 431M->131M(512M) 5.493ms
[2024-02-18T10:26:55.171+0000][7][gc          ] GC(160) Concurrent Mark Cycle
[2024-02-18T10:26:55.171+0000][7][gc,marking  ] GC(160) Concurrent Scan Root Regions
[2024-02-18T10:26:55.171+0000][7][gc,cpu      ] GC(159) User=0.00s Sys=0.01s Real=0.01s
[2024-02-18T10:26:55.171+0000][7][safepoint   ] Safepoint "G1CollectForAllocation", Time since last: 26381111279 ns, Reaching safepoint: 14908 ns, Cleanup: 3196 ns, At safepoint: 6031964 ns, Total: 6050068 ns
[2024-02-18T10:26:55.172+0000][7][gc,marking  ] GC(160) Concurrent Scan Root Regions 0.928ms
[2024-02-18T10:26:55.172+0000][7][gc,marking  ] GC(160) Concurrent Mark
[2024-02-18T10:26:55.172+0000][7][gc,marking  ] GC(160) Concurrent Mark From Roots
[2024-02-18T10:26:55.172+0000][7][gc,task     ] GC(160) Using 3 workers of 3 for marking
[2024-02-18T10:26:55.215+0000][7][gc,marking  ] GC(160) Concurrent Mark From Roots 43.417ms
[2024-02-18T10:26:55.216+0000][7][gc,marking  ] GC(160) Concurrent Preclean
[2024-02-18T10:26:55.216+0000][7][gc,marking  ] GC(160) Concurrent Preclean 0.522ms
[2024-02-18T10:26:55.216+0000][7][gc,start    ] GC(160) Pause Remark
[2024-02-18T10:26:55.219+0000][7][gc          ] GC(160) Pause Remark 133M->133M(512M) 3.234ms
[2024-02-18T10:26:55.220+0000][7][gc,cpu      ] GC(160) User=0.02s Sys=0.00s Real=0.00s
[2024-02-18T10:26:55.220+0000][7][safepoint   ] Safepoint "G1PauseRemark", Time since last: 45126375 ns, Reaching safepoint: 16351 ns, Cleanup: 8336 ns, At safepoint: 3635990 ns, Total: 3660677 ns
[2024-02-18T10:26:55.220+0000][7][gc,marking  ] GC(160) Concurrent Mark 48.246ms
[2024-02-18T10:26:55.220+0000][7][gc,marking  ] GC(160) Concurrent Rebuild Remembered Sets and Scrub Regions
[2024-02-18T10:26:55.233+0000][7][gc,marking  ] GC(160) Concurrent Rebuild Remembered Sets and Scrub Regions 12.726ms
[2024-02-18T10:26:55.233+0000][7][gc,start    ] GC(160) Pause Cleanup
[2024-02-18T10:26:55.233+0000][7][gc          ] GC(160) Pause Cleanup 136M->136M(512M) 0.255ms
[2024-02-18T10:26:55.234+0000][7][gc,cpu      ] GC(160) User=0.00s Sys=0.00s Real=0.00s
[2024-02-18T10:26:55.234+0000][7][safepoint   ] Safepoint "G1PauseCleanup", Time since last: 13298505 ns, Reaching safepoint: 15269 ns, Cleanup: 3477 ns, At safepoint: 544047 ns, Total: 562793 ns
[2024-02-18T10:26:55.234+0000][7][gc,marking  ] GC(160) Concurrent Clear Claimed Marks
[2024-02-18T10:26:55.234+0000][7][gc,marking  ] GC(160) Concurrent Clear Claimed Marks 0.302ms
[2024-02-18T10:26:55.234+0000][7][gc,marking  ] GC(160) Concurrent Cleanup for Next Mark
[2024-02-18T10:26:55.235+0000][7][gc,marking  ] GC(160) Concurrent Cleanup for Next Mark 0.543ms
[2024-02-18T10:26:55.235+0000][7][gc          ] GC(160) Concurrent Mark Cycle 64.289ms
[2024-02-18T10:27:06.235+0000][7][safepoint   ] Safepoint "Cleanup", Time since last: 11001109508 ns, Reaching safepoint: 19107 ns, Cleanup: 16031 ns, At safepoint: 3035 ns, Total: 38173 ns
[2024-02-18T10:27:29.237+0000][7][safepoint   ] Safepoint "Cleanup", Time since last: 23002250014 ns, Reaching safepoint: 19327 ns, Cleanup: 13226 ns, At safepoint: 17713 ns, Total: 50266 ns
[2024-02-18T10:27:43.239+0000][7][safepoint   ] Safepoint "Cleanup", Time since last: 14001347253 ns, Reaching safepoint: 17914 ns, Cleanup: 8467 ns, At safepoint: 2464 ns, Total: 28845 ns
[2024-02-18T10:27:45.239+0000][7][safepoint   ] Safepoint "Cleanup", Time since last: 2000317414 ns, Reaching safepoint: 31340 ns, Cleanup: 15290 ns, At safepoint: 4578 ns, Total: 51208 ns
[2024-02-18T10:27:56.105+0000][7][safepoint   ] Safepoint "Cleanup", Time since last: 10866122912 ns, Reaching safepoint: 18957 ns, Cleanup: 9758 ns, At safepoint: 3327 ns, Total: 32042 ns
[2024-02-18T10:27:56.218+0000][7][gc,start    ] GC(161) Pause Young (Normal) (G1 Evacuation Pause)
[2024-02-18T10:27:56.218+0000][7][gc,task     ] GC(161) Using 12 workers of 13 for evacuation
[2024-02-18T10:27:56.218+0000][7][gc,age      ] GC(161) Desired survivor size 20971520 bytes, new threshold 15 (max threshold 15)
[2024-02-18T10:27:56.221+0000][7][gc,phases   ] GC(161)   Pre Evacuate Collection Set: 0.2ms
[2024-02-18T10:27:56.221+0000][7][gc,phases   ] GC(161)   Merge Heap Roots: 0.1ms
[2024-02-18T10:27:56.222+0000][7][gc,phases   ] GC(161)   Evacuate Collection Set: 1.8ms
[2024-02-18T10:27:56.222+0000][7][gc,phases   ] GC(161)   Post Evacuate Collection Set: 0.5ms
[2024-02-18T10:27:56.222+0000][7][gc,phases   ] GC(161)   Other: 0.2ms
[2024-02-18T10:27:56.222+0000][7][gc,age      ] GC(161) Age table with threshold 15 (max threshold 15)
[2024-02-18T10:27:56.222+0000][7][gc,age      ] GC(161) - age   1:    1490912 bytes,    1490912 total
[2024-02-18T10:27:56.222+0000][7][gc,age      ] GC(161) - age   2:      73240 bytes,    1564152 total
[2024-02-18T10:27:56.222+0000][7][gc,age      ] GC(161) - age   3:      12696 bytes,    1576848 total
[2024-02-18T10:27:56.222+0000][7][gc,age      ] GC(161) - age   4:      11776 bytes,    1588624 total
[2024-02-18T10:27:56.222+0000][7][gc,age      ] GC(161) - age   5:      56616 bytes,    1645240 total
[2024-02-18T10:27:56.222+0000][7][gc,age      ] GC(161) - age   6:      19272 bytes,    1664512 total
[2024-02-18T10:27:56.222+0000][7][gc,age      ] GC(161) - age   7:      13496 bytes,    1678008 total
[2024-02-18T10:27:56.223+0000][7][gc,age      ] GC(161) - age   8:       3928 bytes,    1681936 total
[2024-02-18T10:27:56.223+0000][7][gc,age      ] GC(161) - age   9:       8760 bytes,    1690696 total
[2024-02-18T10:27:56.223+0000][7][gc,age      ] GC(161) - age  10:       4920 bytes,    1695616 total
[2024-02-18T10:27:56.223+0000][7][gc,age      ] GC(161) - age  11:      18424 bytes,    1714040 total
[2024-02-18T10:27:56.223+0000][7][gc,age      ] GC(161) - age  12:       9840 bytes,    1723880 total
[2024-02-18T10:27:56.223+0000][7][gc,age      ] GC(161) - age  13:       7096 bytes,    1730976 total
[2024-02-18T10:27:56.223+0000][7][gc,age      ] GC(161) - age  14:       8592 bytes,    1739568 total
[2024-02-18T10:27:56.223+0000][7][gc,age      ] GC(161) - age  15:       6912 bytes,    1746480 total
[2024-02-18T10:27:56.223+0000][7][gc,heap     ] GC(161) Eden regions: 75->0(75)
[2024-02-18T10:27:56.223+0000][7][gc,heap     ] GC(161) Survivor regions: 1->1(10)
[2024-02-18T10:27:56.223+0000][7][gc,heap     ] GC(161) Old regions: 31->31
[2024-02-18T10:27:56.224+0000][7][gc,heap     ] GC(161) Humongous regions: 2->2
[2024-02-18T10:27:56.224+0000][7][gc,metaspace] GC(161) Metaspace: 121860K(125120K)->121860K(125120K) NonClass: 105946K(107456K)->105946K(107456K) Class: 15913K(17664K)->15913K(17664K)
[2024-02-18T10:27:56.224+0000][7][gc          ] GC(161) Pause Young (Normal) (G1 Evacuation Pause) 431M->131M(512M) 5.525ms
[2024-02-18T10:27:56.224+0000][7][gc,cpu      ] GC(161) User=0.01s Sys=0.00s Real=0.00s
[2024-02-18T10:27:56.224+0000][7][safepoint   ] Safepoint "G1CollectForAllocation", Time since last: 113174543 ns, Reaching safepoint: 18495 ns, Cleanup: 3076 ns, At safepoint: 5813015 ns, Total: 5834586 ns
[2024-02-18T10:27:57.224+0000][7][safepoint   ] Safepoint "Cleanup", Time since last: 1000399714 ns, Reaching safepoint: 19577 ns, Cleanup: 13336 ns, At safepoint: 2945 ns, Total: 35858 ns
[2024-02-18T10:27:58.225+0000][7][safepoint   ] Safepoint "Cleanup", Time since last: 1000353455 ns, Reaching safepoint: 16843 ns, Cleanup: 11241 ns, At safepoint: 2595 ns, Total: 30679 ns
[2024-02-18T10:28:06.226+0000][7][safepoint   ] Safepoint "Cleanup", Time since last: 8000834803 ns, Reaching safepoint: 20219 ns, Cleanup: 18185 ns, At safepoint: 3386 ns, Total: 41790 ns
[2024-02-18T10:28:10.226+0000][7][safepoint   ] Safepoint "Cleanup", Time since last: 4000600272 ns, Reaching safepoint: 16892 ns, Cleanup: 9258 ns, At safepoint: 3086 ns, Total: 29236 ns
[2024-02-18T10:28:20.227+0000][7][safepoint   ] Safepoint "Cleanup", Time since last: 10001006428 ns, Reaching safepoint: 18766 ns, Cleanup: 11672 ns, At safepoint: 2755 ns, Total: 33193 ns
[2024-02-18T10:28:46.127+0000][7][safepoint   ] Safepoint "Cleanup", Time since last: 25899660907 ns, Reaching safepoint: 9128 ns, Cleanup: 11171 ns, At safepoint: 10640 ns, Total: 30939 ns
[2024-02-18T10:28:55.304+0000][7][gc,start    ] GC(162) Pause Young (Concurrent Start) (G1 Evacuation Pause)
[2024-02-18T10:28:55.304+0000][7][gc,task     ] GC(162) Using 12 workers of 13 for evacuation
[2024-02-18T10:28:55.305+0000][7][gc,age      ] GC(162) Desired survivor size 20971520 bytes, new threshold 15 (max threshold 15)
[2024-02-18T10:28:55.308+0000][7][gc,phases   ] GC(162)   Pre Evacuate Collection Set: 0.2ms
[2024-02-18T10:28:55.308+0000][7][gc,phases   ] GC(162)   Merge Heap Roots: 0.1ms
[2024-02-18T10:28:55.308+0000][7][gc,phases   ] GC(162)   Evacuate Collection Set: 1.9ms
[2024-02-18T10:28:55.308+0000][7][gc,phases   ] GC(162)   Post Evacuate Collection Set: 0.6ms
[2024-02-18T10:28:55.308+0000][7][gc,phases   ] GC(162)   Other: 0.3ms
[2024-02-18T10:28:55.308+0000][7][gc,age      ] GC(162) Age table with threshold 15 (max threshold 15)
[2024-02-18T10:28:55.308+0000][7][gc,age      ] GC(162) - age   1:    1129256 bytes,    1129256 total
[2024-02-18T10:28:55.308+0000][7][gc,age      ] GC(162) - age   2:      16136 bytes,    1145392 total
[2024-02-18T10:28:55.308+0000][7][gc,age      ] GC(162) - age   3:      71544 bytes,    1216936 total
[2024-02-18T10:28:55.308+0000][7][gc,age      ] GC(162) - age   4:       9024 bytes,    1225960 total
[2024-02-18T10:28:55.309+0000][7][gc,age      ] GC(162) - age   5:      11616 bytes,    1237576 total
[2024-02-18T10:28:55.309+0000][7][gc,age      ] GC(162) - age   6:      56552 bytes,    1294128 total
[2024-02-18T10:28:55.309+0000][7][gc,age      ] GC(162) - age   7:      17608 bytes,    1311736 total
[2024-02-18T10:28:55.309+0000][7][gc,age      ] GC(162) - age   8:       8120 bytes,    1319856 total
[2024-02-18T10:28:55.309+0000][7][gc,age      ] GC(162) - age   9:       3928 bytes,    1323784 total
[2024-02-18T10:28:55.309+0000][7][gc,age      ] GC(162) - age  10:       8760 bytes,    1332544 total
[2024-02-18T10:28:55.309+0000][7][gc,age      ] GC(162) - age  11:       4920 bytes,    1337464 total
[2024-02-18T10:28:55.309+0000][7][gc,age      ] GC(162) - age  12:      18424 bytes,    1355888 total
[2024-02-18T10:28:55.309+0000][7][gc,age      ] GC(162) - age  13:       9840 bytes,    1365728 total
[2024-02-18T10:28:55.309+0000][7][gc,age      ] GC(162) - age  14:       7096 bytes,    1372824 total
[2024-02-18T10:28:55.309+0000][7][gc,age      ] GC(162) - age  15:       8592 bytes,    1381416 total
[2024-02-18T10:28:55.310+0000][7][gc,heap     ] GC(162) Eden regions: 75->0(75)
[2024-02-18T10:28:55.310+0000][7][gc,heap     ] GC(162) Survivor regions: 1->1(10)
[2024-02-18T10:28:55.310+0000][7][gc,heap     ] GC(162) Old regions: 31->31
[2024-02-18T10:28:55.310+0000][7][gc,heap     ] GC(162) Humongous regions: 2->2
[2024-02-18T10:28:55.310+0000][7][gc,metaspace] GC(162) Metaspace: 121881K(125120K)->121881K(125120K) NonClass: 105967K(107456K)->105967K(107456K) Class: 15914K(17664K)->15914K(17664K)
[2024-02-18T10:28:55.310+0000][7][gc          ] GC(162) Pause Young (Concurrent Start) (G1 Evacuation Pause) 431M->131M(512M) 5.680ms
[2024-02-18T10:28:55.310+0000][7][gc          ] GC(163) Concurrent Mark Cycle
[2024-02-18T10:28:55.310+0000][7][gc,marking  ] GC(163) Concurrent Scan Root Regions
[2024-02-18T10:28:55.310+0000][7][gc,cpu      ] GC(162) User=0.02s Sys=0.00s Real=0.01s
[2024-02-18T10:28:55.310+0000][7][safepoint   ] Safepoint "G1CollectForAllocation", Time since last: 9177179255 ns, Reaching safepoint: 16021 ns, Cleanup: 3507 ns, At safepoint: 6212368 ns, Total: 6231896 ns
[2024-02-18T10:28:55.311+0000][7][gc,marking  ] GC(163) Concurrent Scan Root Regions 0.964ms
[2024-02-18T10:28:55.311+0000][7][gc,marking  ] GC(163) Concurrent Mark
[2024-02-18T10:28:55.311+0000][7][gc,marking  ] GC(163) Concurrent Mark From Roots
[2024-02-18T10:28:55.312+0000][7][gc,task     ] GC(163) Using 3 workers of 3 for marking
[2024-02-18T10:28:55.346+0000][7][gc,marking  ] GC(163) Concurrent Mark From Roots 34.882ms
[2024-02-18T10:28:55.347+0000][7][gc,marking  ] GC(163) Concurrent Preclean
[2024-02-18T10:28:55.347+0000][7][gc,marking  ] GC(163) Concurrent Preclean 0.646ms
[2024-02-18T10:28:55.347+0000][7][gc,start    ] GC(163) Pause Remark
[2024-02-18T10:28:55.351+0000][7][gc          ] GC(163) Pause Remark 133M->133M(512M) 3.323ms
[2024-02-18T10:28:55.351+0000][7][gc,cpu      ] GC(163) User=0.03s Sys=0.00s Real=0.00s
[2024-02-18T10:28:55.351+0000][7][safepoint   ] Safepoint "G1PauseRemark", Time since last: 36916827 ns, Reaching safepoint: 18295 ns, Cleanup: 3247 ns, At safepoint: 3727398 ns, Total: 3748940 ns
[2024-02-18T10:28:55.351+0000][7][gc,marking  ] GC(163) Concurrent Mark 39.941ms
[2024-02-18T10:28:55.351+0000][7][gc,marking  ] GC(163) Concurrent Rebuild Remembered Sets and Scrub Regions
[2024-02-18T10:28:55.364+0000][7][gc,marking  ] GC(163) Concurrent Rebuild Remembered Sets and Scrub Regions 12.596ms
[2024-02-18T10:28:55.364+0000][7][gc,start    ] GC(163) Pause Cleanup
[2024-02-18T10:28:55.365+0000][7][gc          ] GC(163) Pause Cleanup 133M->133M(512M) 0.245ms
[2024-02-18T10:28:55.365+0000][7][gc,cpu      ] GC(163) User=0.01s Sys=0.00s Real=0.00s
[2024-02-18T10:28:55.365+0000][7][safepoint   ] Safepoint "G1PauseCleanup", Time since last: 13083279 ns, Reaching safepoint: 14999 ns, Cleanup: 4609 ns, At safepoint: 515486 ns, Total: 535094 ns
[2024-02-18T10:28:55.365+0000][7][gc,marking  ] GC(163) Concurrent Clear Claimed Marks
[2024-02-18T10:28:55.365+0000][7][gc,marking  ] GC(163) Concurrent Clear Claimed Marks 0.282ms
[2024-02-18T10:28:55.365+0000][7][gc,marking  ] GC(163) Concurrent Cleanup for Next Mark
[2024-02-18T10:28:55.366+0000][7][gc,marking  ] GC(163) Concurrent Cleanup for Next Mark 0.515ms
[2024-02-18T10:28:55.366+0000][7][gc          ] GC(163) Concurrent Mark Cycle 55.790ms
[2024-02-18T10:29:01.365+0000][7][safepoint   ] Safepoint "Cleanup", Time since last: 6000611571 ns, Reaching safepoint: 20048 ns, Cleanup: 9438 ns, At safepoint: 10861 ns, Total: 40347 ns
[2024-02-18T10:29:06.366+0000][7][safepoint   ] Safepoint "Cleanup", Time since last: 5000567898 ns, Reaching safepoint: 20258 ns, Cleanup: 15951 ns, At safepoint: 3306 ns, Total: 39515 ns
[2024-02-18T10:29:31.369+0000][7][safepoint   ] Safepoint "Cleanup", Time since last: 25002610099 ns, Reaching safepoint: 33094 ns, Cleanup: 10470 ns, At safepoint: 2575 ns, Total: 46139 ns
[2024-02-18T10:29:34.369+0000][7][safepoint   ] Safepoint "Cleanup", Time since last: 3000400650 ns, Reaching safepoint: 14959 ns, Cleanup: 10901 ns, At safepoint: 2795 ns, Total: 28655 ns
[2024-02-18T10:29:53.150+0000][7][safepoint   ] Safepoint "Cleanup", Time since last: 18781005651 ns, Reaching safepoint: 20470 ns, Cleanup: 13285 ns, At safepoint: 3206 ns, Total: 36961 ns
[2024-02-18T10:29:55.171+0000][7][gc,start    ] GC(164) Pause Young (Normal) (G1 Evacuation Pause)
[2024-02-18T10:29:55.171+0000][7][gc,task     ] GC(164) Using 12 workers of 13 for evacuation
[2024-02-18T10:29:55.171+0000][7][gc,age      ] GC(164) Desired survivor size 20971520 bytes, new threshold 15 (max threshold 15)
[2024-02-18T10:29:55.174+0000][7][gc,phases   ] GC(164)   Pre Evacuate Collection Set: 0.2ms
[2024-02-18T10:29:55.174+0000][7][gc,phases   ] GC(164)   Merge Heap Roots: 0.1ms
[2024-02-18T10:29:55.174+0000][7][gc,phases   ] GC(164)   Evacuate Collection Set: 1.5ms
[2024-02-18T10:29:55.174+0000][7][gc,phases   ] GC(164)   Post Evacuate Collection Set: 0.5ms
[2024-02-18T10:29:55.174+0000][7][gc,phases   ] GC(164)   Other: 0.3ms
[2024-02-18T10:29:55.174+0000][7][gc,age      ] GC(164) Age table with threshold 15 (max threshold 15)
[2024-02-18T10:29:55.174+0000][7][gc,age      ] GC(164) - age   1:     608784 bytes,     608784 total
[2024-02-18T10:29:55.174+0000][7][gc,age      ] GC(164) - age   2:      38456 bytes,     647240 total
[2024-02-18T10:29:55.174+0000][7][gc,age      ] GC(164) - age   3:      12856 bytes,     660096 total
[2024-02-18T10:29:55.175+0000][7][gc,age      ] GC(164) - age   4:      70872 bytes,     730968 total
[2024-02-18T10:29:55.175+0000][7][gc,age      ] GC(164) - age   5:       9024 bytes,     739992 total
[2024-02-18T10:29:55.175+0000][7][gc,age      ] GC(164) - age   6:      11616 bytes,     751608 total
[2024-02-18T10:29:55.175+0000][7][gc,age      ] GC(164) - age   7:      53528 bytes,     805136 total
[2024-02-18T10:29:55.175+0000][7][gc,age      ] GC(164) - age   8:      17608 bytes,     822744 total
[2024-02-18T10:29:55.175+0000][7][gc,age      ] GC(164) - age   9:       8120 bytes,     830864 total
[2024-02-18T10:29:55.175+0000][7][gc,age      ] GC(164) - age  10:       3928 bytes,     834792 total
[2024-02-18T10:29:55.175+0000][7][gc,age      ] GC(164) - age  11:       8760 bytes,     843552 total
[2024-02-18T10:29:55.175+0000][7][gc,age      ] GC(164) - age  12:       4920 bytes,     848472 total
[2024-02-18T10:29:55.175+0000][7][gc,age      ] GC(164) - age  13:      18424 bytes,     866896 total
[2024-02-18T10:29:55.175+0000][7][gc,age      ] GC(164) - age  14:       9840 bytes,     876736 total
[2024-02-18T10:29:55.176+0000][7][gc,age      ] GC(164) - age  15:       7096 bytes,     883832 total
[2024-02-18T10:29:55.176+0000][7][gc,heap     ] GC(164) Eden regions: 75->0(75)
[2024-02-18T10:29:55.176+0000][7][gc,heap     ] GC(164) Survivor regions: 1->1(10)
[2024-02-18T10:29:55.176+0000][7][gc,heap     ] GC(164) Old regions: 31->31
[2024-02-18T10:29:55.176+0000][7][gc,heap     ] GC(164) Humongous regions: 2->2
[2024-02-18T10:29:55.176+0000][7][gc,metaspace] GC(164) Metaspace: 121903K(125184K)->121903K(125184K) NonClass: 105988K(107520K)->105988K(107520K) Class: 15914K(17664K)->15914K(17664K)
[2024-02-18T10:29:55.176+0000][7][gc          ] GC(164) Pause Young (Normal) (G1 Evacuation Pause) 431M->130M(512M) 5.469ms
[2024-02-18T10:29:55.176+0000][7][gc,cpu      ] GC(164) User=0.01s Sys=0.00s Real=0.01s
[2024-02-18T10:29:55.176+0000][7][safepoint   ] Safepoint "G1CollectForAllocation", Time since last: 2020407131 ns, Reaching safepoint: 15209 ns, Cleanup: 3306 ns, At safepoint: 5748857 ns, Total: 5767372 ns
[2024-02-18T10:30:01.177+0000][7][safepoint   ] Safepoint "Cleanup", Time since last: 6000673097 ns, Reaching safepoint: 17344 ns, Cleanup: 9217 ns, At safepoint: 3497 ns, Total: 30058 ns
[2024-02-18T10:30:06.178+0000][7][safepoint   ] Safepoint "Cleanup", Time since last: 5000660215 ns, Reaching safepoint: 19206 ns, Cleanup: 14157 ns, At safepoint: 3577 ns, Total: 36940 ns
[2024-02-18T10:30:11.179+0000][7][safepoint   ] Safepoint "Cleanup", Time since last: 5000769384 ns, Reaching safepoint: 19577 ns, Cleanup: 13476 ns, At safepoint: 3437 ns, Total: 36490 ns
[2024-02-18T10:30:32.181+0000][7][safepoint   ] Safepoint "Cleanup", Time since last: 21002065128 ns, Reaching safepoint: 20138 ns, Cleanup: 16252 ns, At safepoint: 3005 ns, Total: 39395 ns
[2024-02-18T10:30:42.182+0000][7][safepoint   ] Safepoint "Cleanup", Time since last: 10001105718 ns, Reaching safepoint: 16612 ns, Cleanup: 62750 ns, At safepoint: 3226 ns, Total: 82588 ns
[2024-02-18T10:30:43.182+0000][7][safepoint   ] Safepoint "Cleanup", Time since last: 1000251350 ns, Reaching safepoint: 15800 ns, Cleanup: 14909 ns, At safepoint: 3246 ns, Total: 33955 ns
[2024-02-18T10:30:43.533+0000][7][gc,heap,exit] Heap
[2024-02-18T10:30:43.533+0000][7][gc,heap,exit]  garbage-first heap   total 524288K, used 438470K [0x00000000e0000000, 0x0000000100000000)
[2024-02-18T10:30:43.533+0000][7][gc,heap,exit]   region size 4096K, 76 young (311296K), 1 survivors (4096K)
[2024-02-18T10:30:43.533+0000][7][gc,heap,exit]  Metaspace       used 122063K, committed 125248K, reserved 1179648K
[2024-02-18T10:30:43.533+0000][7][gc,heap,exit]   class space    used 15948K, committed 17664K, reserved 1048576K
