[2024-02-18T08:33:35.271+0000][7][gc,init] CardTable entry size: 512
[2024-02-18T08:33:35.272+0000][7][gc     ] Using G1
[2024-02-18T08:33:35.392+0000][7][gc,init] Version: 21.0.1+12-29 (release)
[2024-02-18T08:33:35.392+0000][7][gc,init] CPUs: 16 total, 16 available
[2024-02-18T08:33:35.392+0000][7][gc,init] Memory: 12259M
[2024-02-18T08:33:35.392+0000][7][gc,init] Large Page Support: Disabled
[2024-02-18T08:33:35.393+0000][7][gc,init] NUMA Support: Disabled
[2024-02-18T08:33:35.393+0000][7][gc,init] Compressed Oops: Enabled (32-bit)
[2024-02-18T08:33:35.393+0000][7][gc,init] Heap Region Size: 4M
[2024-02-18T08:33:35.393+0000][7][gc,init] Heap Min Capacity: 512M
[2024-02-18T08:33:35.393+0000][7][gc,init] Heap Initial Capacity: 512M
[2024-02-18T08:33:35.393+0000][7][gc,init] Heap Max Capacity: 512M
[2024-02-18T08:33:35.393+0000][7][gc,init] Pre-touch: Enabled
[2024-02-18T08:33:35.394+0000][7][gc,init] Parallel Workers: 13
[2024-02-18T08:33:35.394+0000][7][gc,init] Concurrent Workers: 3
[2024-02-18T08:33:35.394+0000][7][gc,init] Concurrent Refinement Workers: 13
[2024-02-18T08:33:35.394+0000][7][gc,init] Periodic GC: Disabled
[2024-02-18T08:33:35.399+0000][7][gc,metaspace] CDS archive(s) mapped at: [0x00007f1b7f000000-0x00007f1b7fca5000-0x00007f1b7fca5000), size 13258752, SharedBaseAddress: 0x00007f1b7f000000, ArchiveRelocationMode: 1.
[2024-02-18T08:33:35.399+0000][7][gc,metaspace] Compressed class space mapped at: 0x00007f1b80000000-0x00007f1bc0000000, reserved size: 1073741824
[2024-02-18T08:33:35.399+0000][7][gc,metaspace] Narrow klass base: 0x00007f1b7f000000, Narrow klass shift: 0, Narrow klass range: 0x100000000
[2024-02-18T08:33:35.807+0000][7][safepoint   ] Safepoint "ICBufferFull", Time since last: 404667603 ns, Reaching safepoint: 4418 ns, Cleanup: 95172 ns, At safepoint: 14889 ns, Total: 114479 ns
[2024-02-18T08:33:36.007+0000][7][gc,start    ] GC(0) Pause Young (Normal) (G1 Evacuation Pause)
[2024-02-18T08:33:36.007+0000][7][gc,task     ] GC(0) Using 12 workers of 13 for evacuation
[2024-02-18T08:33:36.008+0000][7][gc,age      ] GC(0) Desired survivor size 2097152 bytes, new threshold 15 (max threshold 15)
[2024-02-18T08:33:36.011+0000][7][gc,phases   ] GC(0)   Pre Evacuate Collection Set: 0.3ms
[2024-02-18T08:33:36.012+0000][7][gc,phases   ] GC(0)   Merge Heap Roots: 0.1ms
[2024-02-18T08:33:36.012+0000][7][gc,phases   ] GC(0)   Evacuate Collection Set: 2.2ms
[2024-02-18T08:33:36.012+0000][7][gc,phases   ] GC(0)   Post Evacuate Collection Set: 0.8ms
[2024-02-18T08:33:36.012+0000][7][gc,phases   ] GC(0)   Other: 0.5ms
[2024-02-18T08:33:36.012+0000][7][gc,age      ] GC(0) Age table with threshold 15 (max threshold 15)
[2024-02-18T08:33:36.012+0000][7][gc,age      ] GC(0) - age   1:    4051992 bytes,    4051992 total
[2024-02-18T08:33:36.013+0000][7][gc,heap     ] GC(0) Eden regions: 6->0(5)
[2024-02-18T08:33:36.013+0000][7][gc,heap     ] GC(0) Survivor regions: 0->1(1)
[2024-02-18T08:33:36.013+0000][7][gc,heap     ] GC(0) Old regions: 1->2
[2024-02-18T08:33:36.013+0000][7][gc,heap     ] GC(0) Humongous regions: 0->0
[2024-02-18T08:33:36.013+0000][7][gc,metaspace] GC(0) Metaspace: 8875K(9088K)->8875K(9088K) NonClass: 7880K(8000K)->7880K(8000K) Class: 994K(1088K)->994K(1088K)
[2024-02-18T08:33:36.013+0000][7][gc          ] GC(0) Pause Young (Normal) (G1 Evacuation Pause) 25M->5M(512M) 6.365ms
[2024-02-18T08:33:36.014+0000][7][gc,cpu      ] GC(0) User=0.02s Sys=0.01s Real=0.00s
[2024-02-18T08:33:36.014+0000][7][safepoint   ] Safepoint "G1CollectForAllocation", Time since last: 199787094 ns, Reaching safepoint: 6141 ns, Cleanup: 82749 ns, At safepoint: 6799193 ns, Total: 6888083 ns
[2024-02-18T08:33:36.388+0000][7][gc,start    ] GC(1) Pause Young (Normal) (G1 Evacuation Pause)
[2024-02-18T08:33:36.389+0000][7][gc,task     ] GC(1) Using 12 workers of 13 for evacuation
[2024-02-18T08:33:36.389+0000][7][gc,age      ] GC(1) Desired survivor size 2097152 bytes, new threshold 1 (max threshold 15)
[2024-02-18T08:33:36.393+0000][7][gc,phases   ] GC(1)   Pre Evacuate Collection Set: 0.2ms
[2024-02-18T08:33:36.394+0000][7][gc,phases   ] GC(1)   Merge Heap Roots: 0.1ms
[2024-02-18T08:33:36.394+0000][7][gc,phases   ] GC(1)   Evacuate Collection Set: 3.2ms
[2024-02-18T08:33:36.394+0000][7][gc,phases   ] GC(1)   Post Evacuate Collection Set: 0.7ms
[2024-02-18T08:33:36.394+0000][7][gc,phases   ] GC(1)   Other: 0.5ms
[2024-02-18T08:33:36.394+0000][7][gc,age      ] GC(1) Age table with threshold 1 (max threshold 15)
[2024-02-18T08:33:36.394+0000][7][gc,age      ] GC(1) - age   1:    1986384 bytes,    1986384 total
[2024-02-18T08:33:36.394+0000][7][gc,heap     ] GC(1) Eden regions: 5->0(11)
[2024-02-18T08:33:36.395+0000][7][gc,heap     ] GC(1) Survivor regions: 1->1(1)
[2024-02-18T08:33:36.395+0000][7][gc,heap     ] GC(1) Old regions: 2->3
[2024-02-18T08:33:36.395+0000][7][gc,heap     ] GC(1) Humongous regions: 0->0
[2024-02-18T08:33:36.395+0000][7][gc,metaspace] GC(1) Metaspace: 12005K(12224K)->12005K(12224K) NonClass: 10572K(10688K)->10572K(10688K) Class: 1432K(1536K)->1432K(1536K)
[2024-02-18T08:33:36.395+0000][7][gc          ] GC(1) Pause Young (Normal) (G1 Evacuation Pause) 25M->7M(512M) 7.066ms
[2024-02-18T08:33:36.396+0000][7][gc,cpu      ] GC(1) User=0.03s Sys=0.01s Real=0.00s
[2024-02-18T08:33:36.396+0000][7][safepoint   ] Safepoint "G1CollectForAllocation", Time since last: 374343989 ns, Reaching safepoint: 4949 ns, Cleanup: 108378 ns, At safepoint: 7525223 ns, Total: 7638550 ns
[2024-02-18T08:33:37.109+0000][7][safepoint   ] Safepoint "ICBufferFull", Time since last: 713358161 ns, Reaching safepoint: 87147 ns, Cleanup: 164875 ns, At safepoint: 25389 ns, Total: 277411 ns
[2024-02-18T08:33:37.185+0000][7][gc,start    ] GC(2) Pause Young (Normal) (G1 Evacuation Pause)
[2024-02-18T08:33:37.185+0000][7][gc,task     ] GC(2) Using 12 workers of 13 for evacuation
[2024-02-18T08:33:37.186+0000][7][gc,age      ] GC(2) Desired survivor size 4194304 bytes, new threshold 15 (max threshold 15)
[2024-02-18T08:33:37.189+0000][7][gc,phases   ] GC(2)   Pre Evacuate Collection Set: 0.2ms
[2024-02-18T08:33:37.189+0000][7][gc,phases   ] GC(2)   Merge Heap Roots: 0.1ms
[2024-02-18T08:33:37.189+0000][7][gc,phases   ] GC(2)   Evacuate Collection Set: 1.9ms
[2024-02-18T08:33:37.190+0000][7][gc,phases   ] GC(2)   Post Evacuate Collection Set: 1.0ms
[2024-02-18T08:33:37.190+0000][7][gc,phases   ] GC(2)   Other: 0.4ms
[2024-02-18T08:33:37.190+0000][7][gc,age      ] GC(2) Age table with threshold 15 (max threshold 15)
[2024-02-18T08:33:37.190+0000][7][gc,age      ] GC(2) - age   1:    1442280 bytes,    1442280 total
[2024-02-18T08:33:37.190+0000][7][gc,age      ] GC(2) - age   2:    1919584 bytes,    3361864 total
[2024-02-18T08:33:37.190+0000][7][gc,heap     ] GC(2) Eden regions: 11->0(60)
[2024-02-18T08:33:37.190+0000][7][gc,heap     ] GC(2) Survivor regions: 1->1(2)
[2024-02-18T08:33:37.191+0000][7][gc,heap     ] GC(2) Old regions: 3->3
[2024-02-18T08:33:37.191+0000][7][gc,heap     ] GC(2) Humongous regions: 0->0
[2024-02-18T08:33:37.191+0000][7][gc,metaspace] GC(2) Metaspace: 15607K(15936K)->15607K(15936K) NonClass: 13825K(14016K)->13825K(14016K) Class: 1782K(1920K)->1782K(1920K)
[2024-02-18T08:33:37.191+0000][7][gc          ] GC(2) Pause Young (Normal) (G1 Evacuation Pause) 51M->8M(512M) 6.012ms
[2024-02-18T08:33:37.191+0000][7][gc,cpu      ] GC(2) User=0.04s Sys=0.02s Real=0.01s
[2024-02-18T08:33:37.191+0000][7][safepoint   ] Safepoint "G1CollectForAllocation", Time since last: 75404748 ns, Reaching safepoint: 8557 ns, Cleanup: 25799 ns, At safepoint: 6316614 ns, Total: 6350970 ns
[2024-02-18T08:33:37.756+0000][7][safepoint   ] Safepoint "ICBufferFull", Time since last: 564426805 ns, Reaching safepoint: 7064 ns, Cleanup: 190174 ns, At safepoint: 38534 ns, Total: 235772 ns
[2024-02-18T08:33:37.909+0000][7][gc,start    ] GC(3) Pause Young (Normal) (G1 Evacuation Pause)
[2024-02-18T08:33:37.909+0000][7][gc,task     ] GC(3) Using 12 workers of 13 for evacuation
[2024-02-18T08:33:37.909+0000][7][gc,age      ] GC(3) Desired survivor size 16777216 bytes, new threshold 15 (max threshold 15)
[2024-02-18T08:33:37.915+0000][7][gc,phases   ] GC(3)   Pre Evacuate Collection Set: 0.2ms
[2024-02-18T08:33:37.916+0000][7][gc,phases   ] GC(3)   Merge Heap Roots: 0.1ms
[2024-02-18T08:33:37.916+0000][7][gc,phases   ] GC(3)   Evacuate Collection Set: 4.6ms
[2024-02-18T08:33:37.916+0000][7][gc,phases   ] GC(3)   Post Evacuate Collection Set: 0.9ms
[2024-02-18T08:33:37.916+0000][7][gc,phases   ] GC(3)   Other: 0.5ms
[2024-02-18T08:33:37.917+0000][7][gc,age      ] GC(3) Age table with threshold 15 (max threshold 15)
[2024-02-18T08:33:37.917+0000][7][gc,age      ] GC(3) - age   1:    4696280 bytes,    4696280 total
[2024-02-18T08:33:37.917+0000][7][gc,age      ] GC(3) - age   2:    1350000 bytes,    6046280 total
[2024-02-18T08:33:37.917+0000][7][gc,age      ] GC(3) - age   3:    1908776 bytes,    7955056 total
[2024-02-18T08:33:37.917+0000][7][gc,heap     ] GC(3) Eden regions: 60->0(73)
[2024-02-18T08:33:37.917+0000][7][gc,heap     ] GC(3) Survivor regions: 1->3(8)
[2024-02-18T08:33:37.918+0000][7][gc,heap     ] GC(3) Old regions: 3->3
[2024-02-18T08:33:37.918+0000][7][gc,heap     ] GC(3) Humongous regions: 0->0
[2024-02-18T08:33:37.918+0000][7][gc,metaspace] GC(3) Metaspace: 18654K(19136K)->18654K(19136K) NonClass: 16477K(16768K)->16477K(16768K) Class: 2176K(2368K)->2176K(2368K)
[2024-02-18T08:33:37.918+0000][7][gc          ] GC(3) Pause Young (Normal) (G1 Evacuation Pause) 248M->13M(512M) 9.469ms
[2024-02-18T08:33:37.918+0000][7][gc,cpu      ] GC(3) User=0.07s Sys=0.00s Real=0.01s
[2024-02-18T08:33:37.919+0000][7][safepoint   ] Safepoint "G1CollectForAllocation", Time since last: 152630099 ns, Reaching safepoint: 12263 ns, Cleanup: 58352 ns, At safepoint: 9979399 ns, Total: 10050014 ns
[2024-02-18T08:33:38.385+0000][7][gc,start    ] GC(4) Pause Young (Normal) (G1 Evacuation Pause)
[2024-02-18T08:33:38.385+0000][7][gc,task     ] GC(4) Using 12 workers of 13 for evacuation
[2024-02-18T08:33:38.386+0000][7][gc,age      ] GC(4) Desired survivor size 20971520 bytes, new threshold 15 (max threshold 15)
[2024-02-18T08:33:38.391+0000][7][gc,phases   ] GC(4)   Pre Evacuate Collection Set: 0.3ms
[2024-02-18T08:33:38.392+0000][7][gc,phases   ] GC(4)   Merge Heap Roots: 0.2ms
[2024-02-18T08:33:38.392+0000][7][gc,phases   ] GC(4)   Evacuate Collection Set: 3.9ms
[2024-02-18T08:33:38.392+0000][7][gc,phases   ] GC(4)   Post Evacuate Collection Set: 1.0ms
[2024-02-18T08:33:38.392+0000][7][gc,phases   ] GC(4)   Other: 0.5ms
[2024-02-18T08:33:38.392+0000][7][gc,age      ] GC(4) Age table with threshold 15 (max threshold 15)
[2024-02-18T08:33:38.393+0000][7][gc,age      ] GC(4) - age   1:    4756352 bytes,    4756352 total
[2024-02-18T08:33:38.393+0000][7][gc,age      ] GC(4) - age   2:    3819864 bytes,    8576216 total
[2024-02-18T08:33:38.393+0000][7][gc,age      ] GC(4) - age   3:    1350000 bytes,    9926216 total
[2024-02-18T08:33:38.393+0000][7][gc,age      ] GC(4) - age   4:    1908776 bytes,   11834992 total
[2024-02-18T08:33:38.393+0000][7][gc,heap     ] GC(4) Eden regions: 73->0(72)
[2024-02-18T08:33:38.393+0000][7][gc,heap     ] GC(4) Survivor regions: 3->4(10)
[2024-02-18T08:33:38.393+0000][7][gc,heap     ] GC(4) Old regions: 3->3
[2024-02-18T08:33:38.394+0000][7][gc,heap     ] GC(4) Humongous regions: 0->0
[2024-02-18T08:33:38.394+0000][7][gc,metaspace] GC(4) Metaspace: 19512K(19968K)->19512K(19968K) NonClass: 17212K(17472K)->17212K(17472K) Class: 2299K(2496K)->2299K(2496K)
[2024-02-18T08:33:38.394+0000][7][gc          ] GC(4) Pause Young (Normal) (G1 Evacuation Pause) 305M->17M(512M) 8.705ms
[2024-02-18T08:33:38.394+0000][7][gc,cpu      ] GC(4) User=0.06s Sys=0.00s Real=0.01s
[2024-02-18T08:33:38.394+0000][7][safepoint   ] Safepoint "G1CollectForAllocation", Time since last: 466479447 ns, Reaching safepoint: 7595 ns, Cleanup: 61588 ns, At safepoint: 9031191 ns, Total: 9100374 ns
[2024-02-18T08:33:38.918+0000][7][gc,start    ] GC(5) Pause Young (Normal) (G1 Evacuation Pause)
[2024-02-18T08:33:38.918+0000][7][gc,task     ] GC(5) Using 12 workers of 13 for evacuation
[2024-02-18T08:33:38.918+0000][7][gc,age      ] GC(5) Desired survivor size 20971520 bytes, new threshold 15 (max threshold 15)
[2024-02-18T08:33:38.926+0000][7][gc,phases   ] GC(5)   Pre Evacuate Collection Set: 0.5ms
[2024-02-18T08:33:38.927+0000][7][gc,phases   ] GC(5)   Merge Heap Roots: 0.2ms
[2024-02-18T08:33:38.927+0000][7][gc,phases   ] GC(5)   Evacuate Collection Set: 4.9ms
[2024-02-18T08:33:38.927+0000][7][gc,phases   ] GC(5)   Post Evacuate Collection Set: 2.1ms
[2024-02-18T08:33:38.928+0000][7][gc,phases   ] GC(5)   Other: 0.8ms
[2024-02-18T08:33:38.928+0000][7][gc,age      ] GC(5) Age table with threshold 15 (max threshold 15)
[2024-02-18T08:33:38.928+0000][7][gc,age      ] GC(5) - age   1:    1372824 bytes,    1372824 total
[2024-02-18T08:33:38.928+0000][7][gc,age      ] GC(5) - age   2:    3812672 bytes,    5185496 total
[2024-02-18T08:33:38.928+0000][7][gc,age      ] GC(5) - age   3:    3819320 bytes,    9004816 total
[2024-02-18T08:33:38.928+0000][7][gc,age      ] GC(5) - age   4:    1349728 bytes,   10354544 total
[2024-02-18T08:33:38.929+0000][7][gc,age      ] GC(5) - age   5:    1908712 bytes,   12263256 total
[2024-02-18T08:33:38.929+0000][7][gc,heap     ] GC(5) Eden regions: 72->0(72)
[2024-02-18T08:33:38.929+0000][7][gc,heap     ] GC(5) Survivor regions: 4->4(10)
[2024-02-18T08:33:38.929+0000][7][gc,heap     ] GC(5) Old regions: 3->3
[2024-02-18T08:33:38.929+0000][7][gc,heap     ] GC(5) Humongous regions: 0->0
[2024-02-18T08:33:38.929+0000][7][gc,metaspace] GC(5) Metaspace: 20458K(20928K)->20458K(20928K) NonClass: 18025K(18304K)->18025K(18304K) Class: 2432K(2624K)->2432K(2624K)
[2024-02-18T08:33:38.930+0000][7][gc          ] GC(5) Pause Young (Normal) (G1 Evacuation Pause) 305M->18M(512M) 12.031ms
[2024-02-18T08:33:38.930+0000][7][gc,cpu      ] GC(5) User=0.04s Sys=0.01s Real=0.01s
[2024-02-18T08:33:38.930+0000][7][safepoint   ] Safepoint "G1CollectForAllocation", Time since last: 523222989 ns, Reaching safepoint: 10229 ns, Cleanup: 113207 ns, At safepoint: 12472334 ns, Total: 12595770 ns
[2024-02-18T08:33:39.315+0000][7][gc,start    ] GC(6) Pause Young (Concurrent Start) (Metadata GC Threshold)
[2024-02-18T08:33:39.315+0000][7][gc,task     ] GC(6) Using 12 workers of 13 for evacuation
[2024-02-18T08:33:39.316+0000][7][gc,age      ] GC(6) Desired survivor size 20971520 bytes, new threshold 15 (max threshold 15)
[2024-02-18T08:33:39.323+0000][7][gc,phases   ] GC(6)   Pre Evacuate Collection Set: 0.4ms
[2024-02-18T08:33:39.324+0000][7][gc,phases   ] GC(6)   Merge Heap Roots: 0.1ms
[2024-02-18T08:33:39.324+0000][7][gc,phases   ] GC(6)   Evacuate Collection Set: 5.7ms
[2024-02-18T08:33:39.324+0000][7][gc,phases   ] GC(6)   Post Evacuate Collection Set: 1.0ms
[2024-02-18T08:33:39.325+0000][7][gc,phases   ] GC(6)   Other: 0.7ms
[2024-02-18T08:33:39.325+0000][7][gc,age      ] GC(6) Age table with threshold 15 (max threshold 15)
[2024-02-18T08:33:39.325+0000][7][gc,age      ] GC(6) - age   1:    1551984 bytes,    1551984 total
[2024-02-18T08:33:39.325+0000][7][gc,age      ] GC(6) - age   2:     659600 bytes,    2211584 total
[2024-02-18T08:33:39.326+0000][7][gc,age      ] GC(6) - age   3:    3808832 bytes,    6020416 total
[2024-02-18T08:33:39.326+0000][7][gc,age      ] GC(6) - age   4:    3818200 bytes,    9838616 total
[2024-02-18T08:33:39.326+0000][7][gc,age      ] GC(6) - age   5:    1349728 bytes,   11188344 total
[2024-02-18T08:33:39.326+0000][7][gc,age      ] GC(6) - age   6:    1908712 bytes,   13097056 total
[2024-02-18T08:33:39.326+0000][7][gc,heap     ] GC(6) Eden regions: 54->0(72)
[2024-02-18T08:33:39.326+0000][7][gc,heap     ] GC(6) Survivor regions: 4->4(10)
[2024-02-18T08:33:39.326+0000][7][gc,heap     ] GC(6) Old regions: 3->3
[2024-02-18T08:33:39.327+0000][7][gc,heap     ] GC(6) Humongous regions: 0->0
[2024-02-18T08:33:39.327+0000][7][gc,metaspace] GC(6) Metaspace: 20898K(21504K)->20898K(21504K) NonClass: 18400K(18752K)->18400K(18752K) Class: 2498K(2752K)->2498K(2752K)
[2024-02-18T08:33:39.327+0000][7][gc          ] GC(6) Pause Young (Concurrent Start) (Metadata GC Threshold) 232M->19M(512M) 12.020ms
[2024-02-18T08:33:39.327+0000][7][gc,cpu      ] GC(6) User=0.03s Sys=0.01s Real=0.02s
[2024-02-18T08:33:39.327+0000][7][gc          ] GC(7) Concurrent Mark Cycle
[2024-02-18T08:33:39.328+0000][7][gc,marking  ] GC(7) Concurrent Scan Root Regions
[2024-02-18T08:33:39.327+0000][7][safepoint   ] Safepoint "CollectForMetadataAllocation", Time since last: 384921152 ns, Reaching safepoint: 6472 ns, Cleanup: 35368 ns, At safepoint: 12536562 ns, Total: 12578402 ns
[2024-02-18T08:33:39.331+0000][7][gc,marking  ] GC(7) Concurrent Scan Root Regions 3.422ms
[2024-02-18T08:33:39.332+0000][7][gc,marking  ] GC(7) Concurrent Mark
[2024-02-18T08:33:39.332+0000][7][gc,marking  ] GC(7) Concurrent Mark From Roots
[2024-02-18T08:33:39.332+0000][7][gc,task     ] GC(7) Using 3 workers of 3 for marking
[2024-02-18T08:33:39.342+0000][7][gc,marking  ] GC(7) Concurrent Mark From Roots 10.069ms
[2024-02-18T08:33:39.343+0000][7][gc,marking  ] GC(7) Concurrent Preclean
[2024-02-18T08:33:39.343+0000][7][gc,marking  ] GC(7) Concurrent Preclean 0.357ms
[2024-02-18T08:33:39.344+0000][7][gc,start    ] GC(7) Pause Remark
[2024-02-18T08:33:39.350+0000][7][gc          ] GC(7) Pause Remark 21M->21M(512M) 5.728ms
[2024-02-18T08:33:39.350+0000][7][gc,cpu      ] GC(7) User=0.01s Sys=0.00s Real=0.01s
[2024-02-18T08:33:39.350+0000][7][safepoint   ] Safepoint "G1PauseRemark", Time since last: 16157251 ns, Reaching safepoint: 305601 ns, Cleanup: 6763 ns, At safepoint: 6417265 ns, Total: 6729629 ns
[2024-02-18T08:33:39.351+0000][7][gc,marking  ] GC(7) Concurrent Mark 18.657ms
[2024-02-18T08:33:39.351+0000][7][gc,marking  ] GC(7) Concurrent Rebuild Remembered Sets and Scrub Regions
[2024-02-18T08:33:39.353+0000][7][gc,marking  ] GC(7) Concurrent Rebuild Remembered Sets and Scrub Regions 2.127ms
[2024-02-18T08:33:39.353+0000][7][gc,start    ] GC(7) Pause Cleanup
[2024-02-18T08:33:39.354+0000][7][gc          ] GC(7) Pause Cleanup 21M->21M(512M) 0.388ms
[2024-02-18T08:33:39.354+0000][7][gc,cpu      ] GC(7) User=0.00s Sys=0.00s Real=0.00s
[2024-02-18T08:33:39.354+0000][7][safepoint   ] Safepoint "G1PauseCleanup", Time since last: 2884219 ns, Reaching safepoint: 101119 ns, Cleanup: 5059 ns, At safepoint: 839414 ns, Total: 945592 ns
[2024-02-18T08:33:39.354+0000][7][gc,marking  ] GC(7) Concurrent Clear Claimed Marks
[2024-02-18T08:33:39.355+0000][7][gc,marking  ] GC(7) Concurrent Clear Claimed Marks 0.520ms
[2024-02-18T08:33:39.355+0000][7][gc,marking  ] GC(7) Concurrent Cleanup for Next Mark
[2024-02-18T08:33:39.357+0000][7][gc,marking  ] GC(7) Concurrent Cleanup for Next Mark 1.938ms
[2024-02-18T08:33:39.358+0000][7][gc          ] GC(7) Concurrent Mark Cycle 30.334ms
[2024-02-18T08:33:39.863+0000][7][gc,start    ] GC(8) Pause Young (Prepare Mixed) (G1 Evacuation Pause)
[2024-02-18T08:33:39.863+0000][7][gc,task     ] GC(8) Using 12 workers of 13 for evacuation
[2024-02-18T08:33:39.863+0000][7][gc,age      ] GC(8) Desired survivor size 20971520 bytes, new threshold 15 (max threshold 15)
[2024-02-18T08:33:39.871+0000][7][gc,phases   ] GC(8)   Pre Evacuate Collection Set: 0.3ms
[2024-02-18T08:33:39.872+0000][7][gc,phases   ] GC(8)   Merge Heap Roots: 0.1ms
[2024-02-18T08:33:39.873+0000][7][gc,phases   ] GC(8)   Evacuate Collection Set: 5.9ms
[2024-02-18T08:33:39.873+0000][7][gc,phases   ] GC(8)   Post Evacuate Collection Set: 1.2ms
[2024-02-18T08:33:39.873+0000][7][gc,phases   ] GC(8)   Other: 0.6ms
[2024-02-18T08:33:39.873+0000][7][gc,age      ] GC(8) Age table with threshold 15 (max threshold 15)
[2024-02-18T08:33:39.873+0000][7][gc,age      ] GC(8) - age   1:     975880 bytes,     975880 total
[2024-02-18T08:33:39.874+0000][7][gc,age      ] GC(8) - age   2:    1542168 bytes,    2518048 total
[2024-02-18T08:33:39.874+0000][7][gc,age      ] GC(8) - age   3:     658416 bytes,    3176464 total
[2024-02-18T08:33:39.874+0000][7][gc,age      ] GC(8) - age   4:    3808768 bytes,    6985232 total
[2024-02-18T08:33:39.874+0000][7][gc,age      ] GC(8) - age   5:    3815408 bytes,   10800640 total
[2024-02-18T08:33:39.874+0000][7][gc,age      ] GC(8) - age   6:    1348576 bytes,   12149216 total
[2024-02-18T08:33:39.874+0000][7][gc,age      ] GC(8) - age   7:    1907496 bytes,   14056712 total
[2024-02-18T08:33:39.875+0000][7][gc,heap     ] GC(8) Eden regions: 72->0(72)
[2024-02-18T08:33:39.875+0000][7][gc,heap     ] GC(8) Survivor regions: 4->4(10)
[2024-02-18T08:33:39.875+0000][7][gc,heap     ] GC(8) Old regions: 3->3
[2024-02-18T08:33:39.875+0000][7][gc,heap     ] GC(8) Humongous regions: 0->0
[2024-02-18T08:33:39.875+0000][7][gc,metaspace] GC(8) Metaspace: 21722K(22400K)->21722K(22400K) NonClass: 19118K(19520K)->19118K(19520K) Class: 2604K(2880K)->2604K(2880K)
[2024-02-18T08:33:39.876+0000][7][gc          ] GC(8) Pause Young (Prepare Mixed) (G1 Evacuation Pause) 307M->19M(512M) 12.938ms
[2024-02-18T08:33:39.876+0000][7][gc,cpu      ] GC(8) User=0.03s Sys=0.00s Real=0.01s
[2024-02-18T08:33:39.876+0000][7][safepoint   ] Safepoint "G1CollectForAllocation", Time since last: 508297385 ns, Reaching safepoint: 10430 ns, Cleanup: 47962 ns, At safepoint: 13420765 ns, Total: 13479157 ns
[2024-02-18T08:33:41.474+0000][7][safepoint   ] Safepoint "Cleanup", Time since last: 1597989583 ns, Reaching safepoint: 7996 ns, Cleanup: 166619 ns, At safepoint: 20339 ns, Total: 194954 ns
[2024-02-18T08:33:42.309+0000][7][safepoint   ] Safepoint "ICBufferFull", Time since last: 834697020 ns, Reaching safepoint: 8787 ns, Cleanup: 166659 ns, At safepoint: 3066 ns, Total: 178512 ns
[2024-02-18T08:33:42.322+0000][7][gc,start    ] GC(9) Pause Young (Mixed) (G1 Evacuation Pause)
[2024-02-18T08:33:42.322+0000][7][gc,task     ] GC(9) Using 12 workers of 13 for evacuation
[2024-02-18T08:33:42.322+0000][7][gc,age      ] GC(9) Desired survivor size 20971520 bytes, new threshold 15 (max threshold 15)
[2024-02-18T08:33:42.333+0000][7][gc,phases   ] GC(9)   Pre Evacuate Collection Set: 0.2ms
[2024-02-18T08:33:42.333+0000][7][gc,phases   ] GC(9)   Merge Heap Roots: 0.1ms
[2024-02-18T08:33:42.333+0000][7][gc,phases   ] GC(9)   Evacuate Collection Set: 8.4ms
[2024-02-18T08:33:42.333+0000][7][gc,phases   ] GC(9)   Post Evacuate Collection Set: 1.6ms
[2024-02-18T08:33:42.333+0000][7][gc,phases   ] GC(9)   Other: 0.4ms
[2024-02-18T08:33:42.333+0000][7][gc,age      ] GC(9) Age table with threshold 15 (max threshold 15)
[2024-02-18T08:33:42.334+0000][7][gc,age      ] GC(9) - age   1:    8765248 bytes,    8765248 total
[2024-02-18T08:33:42.334+0000][7][gc,age      ] GC(9) - age   2:     943872 bytes,    9709120 total
[2024-02-18T08:33:42.334+0000][7][gc,age      ] GC(9) - age   3:    1524104 bytes,   11233224 total
[2024-02-18T08:33:42.334+0000][7][gc,age      ] GC(9) - age   4:     644848 bytes,   11878072 total
[2024-02-18T08:33:42.334+0000][7][gc,age      ] GC(9) - age   5:    3790616 bytes,   15668688 total
[2024-02-18T08:33:42.334+0000][7][gc,age      ] GC(9) - age   6:    3728952 bytes,   19397640 total
[2024-02-18T08:33:42.334+0000][7][gc,age      ] GC(9) - age   7:    1314608 bytes,   20712248 total
[2024-02-18T08:33:42.334+0000][7][gc,age      ] GC(9) - age   8:    1899568 bytes,   22611816 total
[2024-02-18T08:33:42.335+0000][7][gc,heap     ] GC(9) Eden regions: 72->0(70)
[2024-02-18T08:33:42.335+0000][7][gc,heap     ] GC(9) Survivor regions: 4->6(10)
[2024-02-18T08:33:42.335+0000][7][gc,heap     ] GC(9) Old regions: 3->2
[2024-02-18T08:33:42.335+0000][7][gc,heap     ] GC(9) Humongous regions: 0->0
[2024-02-18T08:33:42.335+0000][7][gc,metaspace] GC(9) Metaspace: 31179K(32192K)->31179K(32192K) NonClass: 27296K(27904K)->27296K(27904K) Class: 3883K(4288K)->3883K(4288K)
[2024-02-18T08:33:42.335+0000][7][gc          ] GC(9) Pause Young (Mixed) (G1 Evacuation Pause) 307M->28M(512M) 13.520ms
[2024-02-18T08:33:42.335+0000][7][gc,cpu      ] GC(9) User=0.09s Sys=0.01s Real=0.01s
[2024-02-18T08:33:42.335+0000][7][safepoint   ] Safepoint "G1CollectForAllocation", Time since last: 12586282 ns, Reaching safepoint: 9018 ns, Cleanup: 60320 ns, At safepoint: 13801469 ns, Total: 13870807 ns
[2024-02-18T08:33:43.336+0000][7][safepoint   ] Safepoint "Cleanup", Time since last: 1000294266 ns, Reaching safepoint: 118423 ns, Cleanup: 117295 ns, At safepoint: 35528 ns, Total: 271246 ns
[2024-02-18T08:33:44.145+0000][7][gc,start    ] GC(10) Pause Young (Concurrent Start) (Metadata GC Threshold)
[2024-02-18T08:33:44.145+0000][7][gc,task     ] GC(10) Using 12 workers of 13 for evacuation
[2024-02-18T08:33:44.146+0000][7][gc,age      ] GC(10) Desired survivor size 20971520 bytes, new threshold 8 (max threshold 15)
[2024-02-18T08:33:44.167+0000][7][gc,phases   ] GC(10)   Pre Evacuate Collection Set: 0.4ms
[2024-02-18T08:33:44.167+0000][7][gc,phases   ] GC(10)   Merge Heap Roots: 0.1ms
[2024-02-18T08:33:44.168+0000][7][gc,phases   ] GC(10)   Evacuate Collection Set: 17.9ms
[2024-02-18T08:33:44.168+0000][7][gc,phases   ] GC(10)   Post Evacuate Collection Set: 2.8ms
[2024-02-18T08:33:44.168+0000][7][gc,phases   ] GC(10)   Other: 0.5ms
[2024-02-18T08:33:44.168+0000][7][gc,age      ] GC(10) Age table with threshold 8 (max threshold 15)
[2024-02-18T08:33:44.168+0000][7][gc,age      ] GC(10) - age   1:   19285696 bytes,   19285696 total
[2024-02-18T08:33:44.169+0000][7][gc,age      ] GC(10) - age   2:    8330112 bytes,   27615808 total
[2024-02-18T08:33:44.169+0000][7][gc,age      ] GC(10) - age   3:     943560 bytes,   28559368 total
[2024-02-18T08:33:44.169+0000][7][gc,age      ] GC(10) - age   4:    1524104 bytes,   30083472 total
[2024-02-18T08:33:44.169+0000][7][gc,age      ] GC(10) - age   5:     644848 bytes,   30728320 total
[2024-02-18T08:33:44.169+0000][7][gc,age      ] GC(10) - age   6:    3788568 bytes,   34516888 total
[2024-02-18T08:33:44.169+0000][7][gc,age      ] GC(10) - age   7:    3725264 bytes,   38242152 total
[2024-02-18T08:33:44.169+0000][7][gc,age      ] GC(10) - age   8:    1314448 bytes,   39556600 total
[2024-02-18T08:33:44.170+0000][7][gc,heap     ] GC(10) Eden regions: 52->0(66)
[2024-02-18T08:33:44.170+0000][7][gc,heap     ] GC(10) Survivor regions: 6->10(10)
[2024-02-18T08:33:44.170+0000][7][gc,heap     ] GC(10) Old regions: 2->2
[2024-02-18T08:33:44.170+0000][7][gc,heap     ] GC(10) Humongous regions: 0->0
[2024-02-18T08:33:44.170+0000][7][gc,metaspace] GC(10) Metaspace: 35157K(36160K)->35157K(36160K) NonClass: 30603K(31232K)->30603K(31232K) Class: 4554K(4928K)->4554K(4928K)
[2024-02-18T08:33:44.170+0000][7][gc          ] GC(10) Pause Young (Concurrent Start) (Metadata GC Threshold) 236M->47M(512M) 25.301ms
[2024-02-18T08:33:44.170+0000][7][gc,cpu      ] GC(10) User=0.23s Sys=0.00s Real=0.03s
[2024-02-18T08:33:44.170+0000][7][gc          ] GC(11) Concurrent Mark Cycle
[2024-02-18T08:33:44.171+0000][7][gc,marking  ] GC(11) Concurrent Scan Root Regions
[2024-02-18T08:33:44.171+0000][7][safepoint   ] Safepoint "CollectForMetadataAllocation", Time since last: 808707047 ns, Reaching safepoint: 16472 ns, Cleanup: 93709 ns, At safepoint: 25850984 ns, Total: 25961165 ns
[2024-02-18T08:33:44.184+0000][7][gc,marking  ] GC(11) Concurrent Scan Root Regions 13.328ms
[2024-02-18T08:33:44.184+0000][7][gc,marking  ] GC(11) Concurrent Mark
[2024-02-18T08:33:44.185+0000][7][gc,marking  ] GC(11) Concurrent Mark From Roots
[2024-02-18T08:33:44.185+0000][7][gc,task     ] GC(11) Using 3 workers of 3 for marking
[2024-02-18T08:33:44.189+0000][7][gc,marking  ] GC(11) Concurrent Mark From Roots 3.929ms
[2024-02-18T08:33:44.189+0000][7][gc,marking  ] GC(11) Concurrent Preclean
[2024-02-18T08:33:44.189+0000][7][gc,marking  ] GC(11) Concurrent Preclean 0.269ms
[2024-02-18T08:33:44.190+0000][7][gc,start    ] GC(11) Pause Remark
[2024-02-18T08:33:44.201+0000][7][gc          ] GC(11) Pause Remark 50M->50M(512M) 11.580ms
[2024-02-18T08:33:44.202+0000][7][gc,cpu      ] GC(11) User=0.04s Sys=0.00s Real=0.01s
[2024-02-18T08:33:44.202+0000][7][safepoint   ] Safepoint "G1PauseRemark", Time since last: 18949003 ns, Reaching safepoint: 104569 ns, Cleanup: 5210 ns, At safepoint: 12256130 ns, Total: 12365909 ns
[2024-02-18T08:33:44.202+0000][7][gc,marking  ] GC(11) Concurrent Mark 17.822ms
[2024-02-18T08:33:44.202+0000][7][gc,marking  ] GC(11) Concurrent Rebuild Remembered Sets and Scrub Regions
[2024-02-18T08:33:44.205+0000][7][gc,marking  ] GC(11) Concurrent Rebuild Remembered Sets and Scrub Regions 2.320ms
[2024-02-18T08:33:44.206+0000][7][gc,start    ] GC(11) Pause Cleanup
[2024-02-18T08:33:44.206+0000][7][gc          ] GC(11) Pause Cleanup 50M->50M(512M) 0.421ms
[2024-02-18T08:33:44.206+0000][7][gc,cpu      ] GC(11) User=0.01s Sys=0.00s Real=0.01s
[2024-02-18T08:33:44.206+0000][7][safepoint   ] Safepoint "G1PauseCleanup", Time since last: 3301969 ns, Reaching safepoint: 192148 ns, Cleanup: 12614 ns, At safepoint: 932716 ns, Total: 1137478 ns
[2024-02-18T08:33:44.207+0000][7][gc,marking  ] GC(11) Concurrent Clear Claimed Marks
[2024-02-18T08:33:44.207+0000][7][gc,marking  ] GC(11) Concurrent Clear Claimed Marks 0.263ms
[2024-02-18T08:33:44.207+0000][7][gc,marking  ] GC(11) Concurrent Cleanup for Next Mark
[2024-02-18T08:33:44.208+0000][7][gc,marking  ] GC(11) Concurrent Cleanup for Next Mark 1.277ms
[2024-02-18T08:33:44.209+0000][7][gc          ] GC(11) Concurrent Mark Cycle 38.305ms
[2024-02-18T08:33:45.831+0000][7][safepoint   ] Safepoint "Cleanup", Time since last: 1624720055 ns, Reaching safepoint: 4929 ns, Cleanup: 125962 ns, At safepoint: 13846 ns, Total: 144737 ns
[2024-02-18T08:33:46.503+0000][7][gc,start    ] GC(12) Pause Young (Normal) (G1 Evacuation Pause)
[2024-02-18T08:33:46.504+0000][7][gc,task     ] GC(12) Using 12 workers of 13 for evacuation
[2024-02-18T08:33:46.504+0000][7][gc,age      ] GC(12) Desired survivor size 20971520 bytes, new threshold 2 (max threshold 15)
[2024-02-18T08:33:46.530+0000][7][gc,phases   ] GC(12)   Pre Evacuate Collection Set: 0.2ms
[2024-02-18T08:33:46.530+0000][7][gc,phases   ] GC(12)   Merge Heap Roots: 0.1ms
[2024-02-18T08:33:46.530+0000][7][gc,phases   ] GC(12)   Evacuate Collection Set: 22.1ms
[2024-02-18T08:33:46.530+0000][7][gc,phases   ] GC(12)   Post Evacuate Collection Set: 3.2ms
[2024-02-18T08:33:46.531+0000][7][gc,phases   ] GC(12)   Other: 0.4ms
[2024-02-18T08:33:46.531+0000][7][gc,age      ] GC(12) Age table with threshold 2 (max threshold 15)
[2024-02-18T08:33:46.531+0000][7][gc,age      ] GC(12) - age   1:    6172888 bytes,    6172888 total
[2024-02-18T08:33:46.531+0000][7][gc,age      ] GC(12) - age   2:   19176408 bytes,   25349296 total
[2024-02-18T08:33:46.531+0000][7][gc,heap     ] GC(12) Eden regions: 66->0(69)
[2024-02-18T08:33:46.531+0000][7][gc,heap     ] GC(12) Survivor regions: 10->7(10)
[2024-02-18T08:33:46.531+0000][7][gc,heap     ] GC(12) Old regions: 2->7
[2024-02-18T08:33:46.531+0000][7][gc,heap     ] GC(12) Humongous regions: 0->0
[2024-02-18T08:33:46.531+0000][7][gc,metaspace] GC(12) Metaspace: 53315K(54528K)->53315K(54528K) NonClass: 46266K(46976K)->46266K(46976K) Class: 7049K(7552K)->7049K(7552K)
[2024-02-18T08:33:46.531+0000][7][gc          ] GC(12) Pause Young (Normal) (G1 Evacuation Pause) 311M->54M(512M) 28.083ms
[2024-02-18T08:33:46.532+0000][7][gc,cpu      ] GC(12) User=0.22s Sys=0.00s Real=0.03s
[2024-02-18T08:33:46.532+0000][7][safepoint   ] Safepoint "G1CollectForAllocation", Time since last: 671876611 ns, Reaching safepoint: 13747 ns, Cleanup: 163232 ns, At safepoint: 28509194 ns, Total: 28686173 ns
[2024-02-18T08:33:47.216+0000][7][gc,start    ] GC(13) Pause Young (Concurrent Start) (Metadata GC Threshold)
[2024-02-18T08:33:47.216+0000][7][gc,task     ] GC(13) Using 12 workers of 13 for evacuation
[2024-02-18T08:33:47.216+0000][7][gc,age      ] GC(13) Desired survivor size 20971520 bytes, new threshold 2 (max threshold 15)
[2024-02-18T08:33:47.229+0000][7][gc,phases   ] GC(13)   Pre Evacuate Collection Set: 0.3ms
[2024-02-18T08:33:47.229+0000][7][gc,phases   ] GC(13)   Merge Heap Roots: 0.2ms
[2024-02-18T08:33:47.229+0000][7][gc,phases   ] GC(13)   Evacuate Collection Set: 10.0ms
[2024-02-18T08:33:47.229+0000][7][gc,phases   ] GC(13)   Post Evacuate Collection Set: 1.6ms
[2024-02-18T08:33:47.229+0000][7][gc,phases   ] GC(13)   Other: 0.6ms
[2024-02-18T08:33:47.230+0000][7][gc,age      ] GC(13) Age table with threshold 2 (max threshold 15)
[2024-02-18T08:33:47.230+0000][7][gc,age      ] GC(13) - age   1:    3507312 bytes,    3507312 total
[2024-02-18T08:33:47.230+0000][7][gc,age      ] GC(13) - age   2:    5917280 bytes,    9424592 total
[2024-02-18T08:33:47.230+0000][7][gc,heap     ] GC(13) Eden regions: 28->0(73)
[2024-02-18T08:33:47.230+0000][7][gc,heap     ] GC(13) Survivor regions: 7->3(10)
[2024-02-18T08:33:47.230+0000][7][gc,heap     ] GC(13) Old regions: 7->12
[2024-02-18T08:33:47.231+0000][7][gc,heap     ] GC(13) Humongous regions: 0->0
[2024-02-18T08:33:47.231+0000][7][gc,metaspace] GC(13) Metaspace: 59260K(60480K)->59260K(60480K) NonClass: 51372K(52096K)->51372K(52096K) Class: 7888K(8384K)->7888K(8384K)
[2024-02-18T08:33:47.231+0000][7][gc          ] GC(13) Pause Young (Concurrent Start) (Metadata GC Threshold) 165M->58M(512M) 15.314ms
[2024-02-18T08:33:47.231+0000][7][gc,cpu      ] GC(13) User=0.11s Sys=0.02s Real=0.02s
[2024-02-18T08:33:47.231+0000][7][gc          ] GC(14) Concurrent Mark Cycle
[2024-02-18T08:33:47.231+0000][7][gc,marking  ] GC(14) Concurrent Scan Root Regions
[2024-02-18T08:33:47.231+0000][7][safepoint   ] Safepoint "CollectForMetadataAllocation", Time since last: 683545995 ns, Reaching safepoint: 10400 ns, Cleanup: 196507 ns, At safepoint: 15723981 ns, Total: 15930888 ns
[2024-02-18T08:33:47.241+0000][7][gc,marking  ] GC(14) Concurrent Scan Root Regions 9.397ms
[2024-02-18T08:33:47.241+0000][7][gc,marking  ] GC(14) Concurrent Mark
[2024-02-18T08:33:47.242+0000][7][gc,marking  ] GC(14) Concurrent Mark From Roots
[2024-02-18T08:33:47.242+0000][7][gc,task     ] GC(14) Using 3 workers of 3 for marking
[2024-02-18T08:33:47.257+0000][7][gc,marking  ] GC(14) Concurrent Mark From Roots 15.517ms
[2024-02-18T08:33:47.258+0000][7][gc,marking  ] GC(14) Concurrent Preclean
[2024-02-18T08:33:47.258+0000][7][gc,marking  ] GC(14) Concurrent Preclean 0.495ms
[2024-02-18T08:33:47.258+0000][7][gc,start    ] GC(14) Pause Remark
[2024-02-18T08:33:47.266+0000][7][gc          ] GC(14) Pause Remark 60M->60M(512M) 7.399ms
[2024-02-18T08:33:47.266+0000][7][gc,cpu      ] GC(14) User=0.03s Sys=0.00s Real=0.01s
[2024-02-18T08:33:47.267+0000][7][safepoint   ] Safepoint "G1PauseRemark", Time since last: 26904616 ns, Reaching safepoint: 109695 ns, Cleanup: 3747 ns, At safepoint: 8242102 ns, Total: 8355544 ns
[2024-02-18T08:33:47.267+0000][7][gc,marking  ] GC(14) Concurrent Mark 25.733ms
[2024-02-18T08:33:47.268+0000][7][gc,marking  ] GC(14) Concurrent Rebuild Remembered Sets and Scrub Regions
[2024-02-18T08:33:47.274+0000][7][gc,marking  ] GC(14) Concurrent Rebuild Remembered Sets and Scrub Regions 6.103ms
[2024-02-18T08:33:47.274+0000][7][gc,start    ] GC(14) Pause Cleanup
[2024-02-18T08:33:47.275+0000][7][gc          ] GC(14) Pause Cleanup 60M->60M(512M) 0.271ms
[2024-02-18T08:33:47.275+0000][7][gc,cpu      ] GC(14) User=0.00s Sys=0.00s Real=0.00s
[2024-02-18T08:33:47.275+0000][7][safepoint   ] Safepoint "G1PauseCleanup", Time since last: 7504338 ns, Reaching safepoint: 94080 ns, Cleanup: 15670 ns, At safepoint: 689877 ns, Total: 799627 ns
[2024-02-18T08:33:47.275+0000][7][gc,marking  ] GC(14) Concurrent Clear Claimed Marks
[2024-02-18T08:33:47.275+0000][7][gc,marking  ] GC(14) Concurrent Clear Claimed Marks 0.305ms
[2024-02-18T08:33:47.276+0000][7][gc,marking  ] GC(14) Concurrent Cleanup for Next Mark
[2024-02-18T08:33:47.278+0000][7][gc,marking  ] GC(14) Concurrent Cleanup for Next Mark 2.717ms
[2024-02-18T08:33:47.279+0000][7][gc          ] GC(14) Concurrent Mark Cycle 47.979ms
[2024-02-18T08:33:48.205+0000][7][safepoint   ] Safepoint "ICBufferFull", Time since last: 929780084 ns, Reaching safepoint: 15800 ns, Cleanup: 250971 ns, At safepoint: 19076 ns, Total: 285847 ns
[2024-02-18T08:33:49.396+0000][7][safepoint   ] Safepoint "Cleanup", Time since last: 1191422652 ns, Reaching safepoint: 3968 ns, Cleanup: 86305 ns, At safepoint: 9508 ns, Total: 99781 ns
[2024-02-18T08:33:50.404+0000][7][safepoint   ] Safepoint "ICBufferFull", Time since last: 1006880858 ns, Reaching safepoint: 8756 ns, Cleanup: 163824 ns, At safepoint: 2535 ns, Total: 175115 ns
[2024-02-18T08:33:50.475+0000][7][gc,start    ] GC(15) Pause Young (Normal) (G1 Evacuation Pause)
[2024-02-18T08:33:50.475+0000][7][gc,task     ] GC(15) Using 12 workers of 13 for evacuation
[2024-02-18T08:33:50.476+0000][7][gc,age      ] GC(15) Desired survivor size 20971520 bytes, new threshold 15 (max threshold 15)
[2024-02-18T08:33:50.496+0000][7][gc,phases   ] GC(15)   Pre Evacuate Collection Set: 0.2ms
[2024-02-18T08:33:50.496+0000][7][gc,phases   ] GC(15)   Merge Heap Roots: 0.1ms
[2024-02-18T08:33:50.496+0000][7][gc,phases   ] GC(15)   Evacuate Collection Set: 16.9ms
[2024-02-18T08:33:50.497+0000][7][gc,phases   ] GC(15)   Post Evacuate Collection Set: 2.8ms
[2024-02-18T08:33:50.497+0000][7][gc,phases   ] GC(15)   Other: 0.4ms
[2024-02-18T08:33:50.497+0000][7][gc,age      ] GC(15) Age table with threshold 15 (max threshold 15)
[2024-02-18T08:33:50.497+0000][7][gc,age      ] GC(15) - age   1:   13565824 bytes,   13565824 total
[2024-02-18T08:33:50.497+0000][7][gc,age      ] GC(15) - age   2:    3347432 bytes,   16913256 total
[2024-02-18T08:33:50.497+0000][7][gc,age      ] GC(15) - age   3:    5805936 bytes,   22719192 total
[2024-02-18T08:33:50.498+0000][7][gc,heap     ] GC(15) Eden regions: 73->0(70)
[2024-02-18T08:33:50.498+0000][7][gc,heap     ] GC(15) Survivor regions: 3->6(10)
[2024-02-18T08:33:50.498+0000][7][gc,heap     ] GC(15) Old regions: 12->12
[2024-02-18T08:33:50.498+0000][7][gc,heap     ] GC(15) Humongous regions: 0->0
[2024-02-18T08:33:50.498+0000][7][gc,metaspace] GC(15) Metaspace: 87824K(90496K)->87824K(90496K) NonClass: 75656K(77056K)->75656K(77056K) Class: 12168K(13440K)->12168K(13440K)
[2024-02-18T08:33:50.498+0000][7][gc          ] GC(15) Pause Young (Normal) (G1 Evacuation Pause) 350M->70M(512M) 23.098ms
[2024-02-18T08:33:50.498+0000][7][gc,cpu      ] GC(15) User=0.10s Sys=0.04s Real=0.03s
[2024-02-18T08:33:50.498+0000][7][safepoint   ] Safepoint "G1CollectForAllocation", Time since last: 71483513 ns, Reaching safepoint: 6562 ns, Cleanup: 14278 ns, At safepoint: 23431694 ns, Total: 23452534 ns
[2024-02-18T08:33:51.009+0000][7][safepoint   ] Safepoint "ICBufferFull", Time since last: 510120999 ns, Reaching safepoint: 4007 ns, Cleanup: 97166 ns, At safepoint: 1714 ns, Total: 102887 ns
[2024-02-18T08:33:51.077+0000][7][safepoint   ] Safepoint "ICBufferFull", Time since last: 67688048 ns, Reaching safepoint: 5370 ns, Cleanup: 85714 ns, At safepoint: 11622 ns, Total: 102706 ns
[2024-02-18T08:33:51.321+0000][7][safepoint   ] Safepoint "ICBufferFull", Time since last: 244741867 ns, Reaching safepoint: 6242 ns, Cleanup: 93629 ns, At safepoint: 15109 ns, Total: 114980 ns
[2024-02-18T08:33:51.766+0000][7][safepoint   ] Safepoint "ICBufferFull", Time since last: 444622484 ns, Reaching safepoint: 108117 ns, Cleanup: 138440 ns, At safepoint: 34055 ns, Total: 280612 ns
[2024-02-18T08:33:51.787+0000][7][gc,start    ] GC(16) Pause Young (Concurrent Start) (Metadata GC Threshold)
[2024-02-18T08:33:51.788+0000][7][gc,task     ] GC(16) Using 12 workers of 13 for evacuation
[2024-02-18T08:33:51.788+0000][7][gc,age      ] GC(16) Desired survivor size 20971520 bytes, new threshold 3 (max threshold 15)
[2024-02-18T08:33:51.800+0000][7][gc,phases   ] GC(16)   Pre Evacuate Collection Set: 0.2ms
[2024-02-18T08:33:51.800+0000][7][gc,phases   ] GC(16)   Merge Heap Roots: 0.1ms
[2024-02-18T08:33:51.800+0000][7][gc,phases   ] GC(16)   Evacuate Collection Set: 10.0ms
[2024-02-18T08:33:51.800+0000][7][gc,phases   ] GC(16)   Post Evacuate Collection Set: 1.5ms
[2024-02-18T08:33:51.800+0000][7][gc,phases   ] GC(16)   Other: 0.4ms
[2024-02-18T08:33:51.801+0000][7][gc,age      ] GC(16) Age table with threshold 3 (max threshold 15)
[2024-02-18T08:33:51.801+0000][7][gc,age      ] GC(16) - age   1:    4146712 bytes,    4146712 total
[2024-02-18T08:33:51.801+0000][7][gc,age      ] GC(16) - age   2:   13132464 bytes,   17279176 total
[2024-02-18T08:33:51.801+0000][7][gc,age      ] GC(16) - age   3:    3338752 bytes,   20617928 total
[2024-02-18T08:33:51.801+0000][7][gc,heap     ] GC(16) Eden regions: 22->0(70)
[2024-02-18T08:33:51.801+0000][7][gc,heap     ] GC(16) Survivor regions: 6->6(10)
[2024-02-18T08:33:51.801+0000][7][gc,heap     ] GC(16) Old regions: 12->14
[2024-02-18T08:33:51.801+0000][7][gc,heap     ] GC(16) Humongous regions: 0->0
[2024-02-18T08:33:51.801+0000][7][gc,metaspace] GC(16) Metaspace: 98555K(101248K)->98555K(101248K) NonClass: 84830K(86272K)->84830K(86272K) Class: 13724K(14976K)->13724K(14976K)
[2024-02-18T08:33:51.802+0000][7][gc          ] GC(16) Pause Young (Concurrent Start) (Metadata GC Threshold) 157M->75M(512M) 14.255ms
[2024-02-18T08:33:51.802+0000][7][gc,cpu      ] GC(16) User=0.09s Sys=0.02s Real=0.01s
[2024-02-18T08:33:51.802+0000][7][gc          ] GC(17) Concurrent Mark Cycle
[2024-02-18T08:33:51.802+0000][7][safepoint   ] Safepoint "CollectForMetadataAllocation", Time since last: 20946249 ns, Reaching safepoint: 10049 ns, Cleanup: 55807 ns, At safepoint: 14606937 ns, Total: 14672793 ns
[2024-02-18T08:33:51.802+0000][7][gc,marking  ] GC(17) Concurrent Scan Root Regions
[2024-02-18T08:33:51.810+0000][7][gc,marking  ] GC(17) Concurrent Scan Root Regions 7.633ms
[2024-02-18T08:33:51.810+0000][7][gc,marking  ] GC(17) Concurrent Mark
[2024-02-18T08:33:51.810+0000][7][gc,marking  ] GC(17) Concurrent Mark From Roots
[2024-02-18T08:33:51.810+0000][7][gc,task     ] GC(17) Using 3 workers of 3 for marking
[2024-02-18T08:33:51.824+0000][7][safepoint   ] Safepoint "CollectForMetadataAllocation", Time since last: 21526124 ns, Reaching safepoint: 72804 ns, Cleanup: 4118 ns, At safepoint: 95513 ns, Total: 172435 ns
[2024-02-18T08:33:51.832+0000][7][gc,marking  ] GC(17) Concurrent Mark From Roots 21.497ms
[2024-02-18T08:33:51.832+0000][7][gc,marking  ] GC(17) Concurrent Preclean
[2024-02-18T08:33:51.832+0000][7][gc,marking  ] GC(17) Concurrent Preclean 0.311ms
[2024-02-18T08:33:51.833+0000][7][gc,start    ] GC(17) Pause Remark
[2024-02-18T08:33:51.837+0000][7][gc          ] GC(17) Pause Remark 79M->79M(512M) 4.373ms
[2024-02-18T08:33:51.837+0000][7][gc,cpu      ] GC(17) User=0.02s Sys=0.00s Real=0.01s
[2024-02-18T08:33:51.838+0000][7][safepoint   ] Safepoint "G1PauseRemark", Time since last: 8739398 ns, Reaching safepoint: 451781 ns, Cleanup: 3317 ns, At safepoint: 4766594 ns, Total: 5221692 ns
[2024-02-18T08:33:51.838+0000][7][gc,marking  ] GC(17) Concurrent Mark 27.765ms
[2024-02-18T08:33:51.838+0000][7][gc,marking  ] GC(17) Concurrent Rebuild Remembered Sets and Scrub Regions
[2024-02-18T08:33:51.845+0000][7][gc,marking  ] GC(17) Concurrent Rebuild Remembered Sets and Scrub Regions 6.790ms
[2024-02-18T08:33:51.845+0000][7][gc,start    ] GC(17) Pause Cleanup
[2024-02-18T08:33:51.845+0000][7][gc          ] GC(17) Pause Cleanup 80M->80M(512M) 0.267ms
[2024-02-18T08:33:51.845+0000][7][gc,cpu      ] GC(17) User=0.00s Sys=0.00s Real=0.00s
[2024-02-18T08:33:51.845+0000][7][safepoint   ] Safepoint "G1PauseCleanup", Time since last: 7354966 ns, Reaching safepoint: 7204 ns, Cleanup: 9939 ns, At safepoint: 504468 ns, Total: 521611 ns
[2024-02-18T08:33:51.846+0000][7][gc,marking  ] GC(17) Concurrent Clear Claimed Marks
[2024-02-18T08:33:51.846+0000][7][gc,marking  ] GC(17) Concurrent Clear Claimed Marks 0.373ms
[2024-02-18T08:33:51.846+0000][7][gc,marking  ] GC(17) Concurrent Cleanup for Next Mark
[2024-02-18T08:33:51.847+0000][7][gc,marking  ] GC(17) Concurrent Cleanup for Next Mark 0.784ms
[2024-02-18T08:33:51.847+0000][7][gc          ] GC(17) Concurrent Mark Cycle 45.310ms
[2024-02-18T08:33:52.542+0000][7][safepoint   ] Safepoint "ICBufferFull", Time since last: 696646011 ns, Reaching safepoint: 8106 ns, Cleanup: 149636 ns, At safepoint: 2866 ns, Total: 160608 ns
[2024-02-18T08:33:53.126+0000][7][safepoint   ] Safepoint "ICBufferFull", Time since last: 583145588 ns, Reaching safepoint: 14388 ns, Cleanup: 136792 ns, At safepoint: 28043 ns, Total: 179223 ns
[2024-02-18T08:33:53.451+0000][7][safepoint   ] Safepoint "ICBufferFull", Time since last: 324889288 ns, Reaching safepoint: 12263 ns, Cleanup: 123658 ns, At safepoint: 26270 ns, Total: 162191 ns
[2024-02-18T08:33:53.625+0000][7][safepoint   ] Safepoint "ICBufferFull", Time since last: 173933711 ns, Reaching safepoint: 96160 ns, Cleanup: 104591 ns, At safepoint: 74121 ns, Total: 274872 ns
[2024-02-18T08:33:53.823+0000][7][safepoint   ] Safepoint "ICBufferFull", Time since last: 198273083 ns, Reaching safepoint: 112150 ns, Cleanup: 154105 ns, At safepoint: 52791 ns, Total: 319046 ns
[2024-02-18T08:33:53.991+0000][7][safepoint   ] Safepoint "ICBufferFull", Time since last: 167532392 ns, Reaching safepoint: 41018 ns, Cleanup: 141872 ns, At safepoint: 104921 ns, Total: 287811 ns
[2024-02-18T08:33:54.298+0000][7][safepoint   ] Safepoint "ICBufferFull", Time since last: 306791685 ns, Reaching safepoint: 10090 ns, Cleanup: 102646 ns, At safepoint: 32402 ns, Total: 145138 ns
[2024-02-18T08:33:54.631+0000][7][gc,start    ] GC(18) Pause Young (Prepare Mixed) (G1 Evacuation Pause)
[2024-02-18T08:33:54.631+0000][7][gc,task     ] GC(18) Using 12 workers of 13 for evacuation
[2024-02-18T08:33:54.631+0000][7][gc,age      ] GC(18) Desired survivor size 20971520 bytes, new threshold 15 (max threshold 15)
[2024-02-18T08:33:54.654+0000][7][gc,phases   ] GC(18)   Pre Evacuate Collection Set: 0.2ms
[2024-02-18T08:33:54.654+0000][7][gc,phases   ] GC(18)   Merge Heap Roots: 0.1ms
[2024-02-18T08:33:54.655+0000][7][gc,phases   ] GC(18)   Evacuate Collection Set: 20.8ms
[2024-02-18T08:33:54.655+0000][7][gc,phases   ] GC(18)   Post Evacuate Collection Set: 1.9ms
[2024-02-18T08:33:54.655+0000][7][gc,phases   ] GC(18)   Other: 0.3ms
[2024-02-18T08:33:54.655+0000][7][gc,age      ] GC(18) Age table with threshold 15 (max threshold 15)
[2024-02-18T08:33:54.655+0000][7][gc,age      ] GC(18) - age   1:   21747584 bytes,   21747584 total
[2024-02-18T08:33:54.655+0000][7][gc,age      ] GC(18) - age   2:    3763816 bytes,   25511400 total
[2024-02-18T08:33:54.655+0000][7][gc,age      ] GC(18) - age   3:   13056024 bytes,   38567424 total
[2024-02-18T08:33:54.656+0000][7][gc,age      ] GC(18) - age   4:    3333936 bytes,   41901360 total
[2024-02-18T08:33:54.656+0000][7][gc,heap     ] GC(18) Eden regions: 70->0(66)
[2024-02-18T08:33:54.656+0000][7][gc,heap     ] GC(18) Survivor regions: 6->10(10)
[2024-02-18T08:33:54.656+0000][7][gc,heap     ] GC(18) Old regions: 14->17
[2024-02-18T08:33:54.656+0000][7][gc,heap     ] GC(18) Humongous regions: 2->2
[2024-02-18T08:33:54.656+0000][7][gc,metaspace] GC(18) Metaspace: 108553K(111424K)->108553K(111424K) NonClass: 93540K(95104K)->93540K(95104K) Class: 15012K(16320K)->15012K(16320K)
[2024-02-18T08:33:54.656+0000][7][gc          ] GC(18) Pause Young (Prepare Mixed) (G1 Evacuation Pause) 363M->115M(512M) 25.489ms
[2024-02-18T08:33:54.656+0000][7][gc,cpu      ] GC(18) User=0.22s Sys=0.00s Real=0.03s
[2024-02-18T08:33:54.656+0000][7][safepoint   ] Safepoint "G1CollectForAllocation", Time since last: 332954716 ns, Reaching safepoint: 13196 ns, Cleanup: 85664 ns, At safepoint: 25785166 ns, Total: 25884026 ns
[2024-02-18T08:33:55.714+0000][7][safepoint   ] Safepoint "Cleanup", Time since last: 1056991610 ns, Reaching safepoint: 15179 ns, Cleanup: 143796 ns, At safepoint: 10520 ns, Total: 169495 ns
[2024-02-18T08:33:56.049+0000][7][safepoint   ] Safepoint "ICBufferFull", Time since last: 334836049 ns, Reaching safepoint: 12774 ns, Cleanup: 127955 ns, At safepoint: 12474 ns, Total: 153203 ns
[2024-02-18T08:33:56.163+0000][7][safepoint   ] Safepoint "ICBufferFull", Time since last: 112567387 ns, Reaching safepoint: 2132664 ns, Cleanup: 111303 ns, At safepoint: 57791 ns, Total: 2301758 ns
[2024-02-18T08:33:56.457+0000][7][safepoint   ] Safepoint "ICBufferFull", Time since last: 293226810 ns, Reaching safepoint: 12664 ns, Cleanup: 119439 ns, At safepoint: 23595 ns, Total: 155698 ns
[2024-02-18T08:33:57.457+0000][7][safepoint   ] Safepoint "Cleanup", Time since last: 1000273707 ns, Reaching safepoint: 14558 ns, Cleanup: 121533 ns, At safepoint: 3647 ns, Total: 139738 ns
[2024-02-18T08:33:58.428+0000][7][safepoint   ] Safepoint "ICBufferFull", Time since last: 969935224 ns, Reaching safepoint: 109946 ns, Cleanup: 156179 ns, At safepoint: 217287 ns, Total: 483412 ns
[2024-02-18T08:33:58.429+0000][7][safepoint   ] Safepoint "ICBufferFull", Time since last: 1196591 ns, Reaching safepoint: 211340 ns, Cleanup: 9087 ns, At safepoint: 130931 ns, Total: 351358 ns
[2024-02-18T08:33:58.687+0000][7][safepoint   ] Safepoint "ICBufferFull", Time since last: 257355460 ns, Reaching safepoint: 130415 ns, Cleanup: 265719 ns, At safepoint: 67349 ns, Total: 463483 ns
[2024-02-18T08:33:59.688+0000][7][safepoint   ] Safepoint "Cleanup", Time since last: 1000644623 ns, Reaching safepoint: 19938 ns, Cleanup: 73381 ns, At safepoint: 3567 ns, Total: 96886 ns
[2024-02-18T08:34:00.652+0000][7][safepoint   ] Safepoint "ICBufferFull", Time since last: 964443370 ns, Reaching safepoint: 16221 ns, Cleanup: 131202 ns, At safepoint: 35468 ns, Total: 182891 ns
[2024-02-18T08:34:01.010+0000][7][gc,start    ] GC(19) Pause Young (Mixed) (G1 Evacuation Pause)
[2024-02-18T08:34:01.010+0000][7][gc,task     ] GC(19) Using 12 workers of 13 for evacuation
[2024-02-18T08:34:01.011+0000][7][gc,age      ] GC(19) Desired survivor size 20971520 bytes, new threshold 1 (max threshold 15)
[2024-02-18T08:34:01.034+0000][7][gc,phases   ] GC(19)   Pre Evacuate Collection Set: 0.2ms
[2024-02-18T08:34:01.034+0000][7][gc,phases   ] GC(19)   Merge Heap Roots: 0.2ms
[2024-02-18T08:34:01.034+0000][7][gc,phases   ] GC(19)   Evacuate Collection Set: 21.6ms
[2024-02-18T08:34:01.034+0000][7][gc,phases   ] GC(19)   Post Evacuate Collection Set: 1.1ms
[2024-02-18T08:34:01.035+0000][7][gc,phases   ] GC(19)   Other: 0.5ms
[2024-02-18T08:34:01.035+0000][7][gc,age      ] GC(19) Age table with threshold 1 (max threshold 15)
[2024-02-18T08:34:01.035+0000][7][gc,age      ] GC(19) - age   1:    7069376 bytes,    7069376 total
[2024-02-18T08:34:01.035+0000][7][gc,heap     ] GC(19) Eden regions: 66->0(73)
[2024-02-18T08:34:01.035+0000][7][gc,heap     ] GC(19) Survivor regions: 10->3(10)
[2024-02-18T08:34:01.035+0000][7][gc,heap     ] GC(19) Old regions: 17->27
[2024-02-18T08:34:01.035+0000][7][gc,heap     ] GC(19) Humongous regions: 2->2
[2024-02-18T08:34:01.035+0000][7][gc,metaspace] GC(19) Metaspace: 114517K(117568K)->114517K(117568K) NonClass: 98699K(100352K)->98699K(100352K) Class: 15818K(17216K)->15818K(17216K)
[2024-02-18T08:34:01.035+0000][7][gc          ] GC(19) Pause Young (Mixed) (G1 Evacuation Pause) 379M->126M(512M) 25.545ms
[2024-02-18T08:34:01.036+0000][7][gc,cpu      ] GC(19) User=0.17s Sys=0.01s Real=0.03s
[2024-02-18T08:34:01.036+0000][7][safepoint   ] Safepoint "G1CollectForAllocation", Time since last: 357376770 ns, Reaching safepoint: 13456 ns, Cleanup: 94812 ns, At safepoint: 25813631 ns, Total: 25921899 ns
[2024-02-18T08:34:02.036+0000][7][safepoint   ] Safepoint "Cleanup", Time since last: 1000199531 ns, Reaching safepoint: 16150 ns, Cleanup: 53994 ns, At safepoint: 2715 ns, Total: 72859 ns
[2024-02-18T08:34:03.036+0000][7][safepoint   ] Safepoint "Cleanup", Time since last: 1000328533 ns, Reaching safepoint: 16461 ns, Cleanup: 16281 ns, At safepoint: 2926 ns, Total: 35668 ns
[2024-02-18T08:34:04.037+0000][7][safepoint   ] Safepoint "Cleanup", Time since last: 1000344047 ns, Reaching safepoint: 14017 ns, Cleanup: 63712 ns, At safepoint: 2945 ns, Total: 80674 ns
[2024-02-18T08:34:05.037+0000][7][safepoint   ] Safepoint "Cleanup", Time since last: 1000380297 ns, Reaching safepoint: 14798 ns, Cleanup: 16231 ns, At safepoint: 2325 ns, Total: 33354 ns
[2024-02-18T08:34:07.038+0000][7][safepoint   ] Safepoint "Cleanup", Time since last: 2000434177 ns, Reaching safepoint: 15179 ns, Cleanup: 85654 ns, At safepoint: 3527 ns, Total: 104360 ns
[2024-02-18T08:34:08.038+0000][7][safepoint   ] Safepoint "Cleanup", Time since last: 1000338026 ns, Reaching safepoint: 14477 ns, Cleanup: 57971 ns, At safepoint: 2766 ns, Total: 75214 ns
[2024-02-18T08:34:09.039+0000][7][safepoint   ] Safepoint "Cleanup", Time since last: 1000358229 ns, Reaching safepoint: 42341 ns, Cleanup: 56879 ns, At safepoint: 13305 ns, Total: 112525 ns
[2024-02-18T08:34:10.039+0000][7][safepoint   ] Safepoint "Cleanup", Time since last: 1000371735 ns, Reaching safepoint: 15129 ns, Cleanup: 46139 ns, At safepoint: 3587 ns, Total: 64855 ns
[2024-02-18T08:34:11.039+0000][7][safepoint   ] Safepoint "Cleanup", Time since last: 1000347673 ns, Reaching safepoint: 15771 ns, Cleanup: 16461 ns, At safepoint: 3086 ns, Total: 35318 ns
[2024-02-18T08:34:12.040+0000][7][safepoint   ] Safepoint "Cleanup", Time since last: 1000487642 ns, Reaching safepoint: 11572 ns, Cleanup: 12264 ns, At safepoint: 2084 ns, Total: 25920 ns
[2024-02-18T08:34:13.040+0000][7][safepoint   ] Safepoint "Cleanup", Time since last: 1000219212 ns, Reaching safepoint: 15480 ns, Cleanup: 42271 ns, At safepoint: 3527 ns, Total: 61278 ns
[2024-02-18T08:34:14.041+0000][7][safepoint   ] Safepoint "Cleanup", Time since last: 1000374520 ns, Reaching safepoint: 15660 ns, Cleanup: 21592 ns, At safepoint: 3066 ns, Total: 40318 ns
[2024-02-18T08:34:16.041+0000][7][safepoint   ] Safepoint "Cleanup", Time since last: 2000434578 ns, Reaching safepoint: 15650 ns, Cleanup: 22834 ns, At safepoint: 3005 ns, Total: 41489 ns
[2024-02-18T08:34:17.041+0000][7][safepoint   ] Safepoint "Cleanup", Time since last: 1000347384 ns, Reaching safepoint: 16101 ns, Cleanup: 19206 ns, At safepoint: 4078 ns, Total: 39385 ns
[2024-02-18T08:34:19.043+0000][7][safepoint   ] Safepoint "Cleanup", Time since last: 2000722039 ns, Reaching safepoint: 86295 ns, Cleanup: 467615 ns, At safepoint: 45518 ns, Total: 599428 ns
[2024-02-18T08:34:20.044+0000][7][safepoint   ] Safepoint "Cleanup", Time since last: 1001503652 ns, Reaching safepoint: 16111 ns, Cleanup: 15049 ns, At safepoint: 2565 ns, Total: 33725 ns
[2024-02-18T08:34:21.045+0000][7][safepoint   ] Safepoint "Cleanup", Time since last: 1000245153 ns, Reaching safepoint: 24177 ns, Cleanup: 39225 ns, At safepoint: 4138 ns, Total: 67540 ns
[2024-02-18T08:34:22.056+0000][7][safepoint   ] Safepoint "Cleanup", Time since last: 1010981815 ns, Reaching safepoint: 15741 ns, Cleanup: 61768 ns, At safepoint: 3426 ns, Total: 80935 ns
[2024-02-18T08:34:23.056+0000][7][safepoint   ] Safepoint "Cleanup", Time since last: 1000419948 ns, Reaching safepoint: 25048 ns, Cleanup: 42722 ns, At safepoint: 6282 ns, Total: 74052 ns
[2024-02-18T08:34:24.130+0000][7][safepoint   ] Safepoint "Cleanup", Time since last: 1073407410 ns, Reaching safepoint: 18055 ns, Cleanup: 13776 ns, At safepoint: 2385 ns, Total: 34216 ns
[2024-02-18T08:34:25.131+0000][7][safepoint   ] Safepoint "Cleanup", Time since last: 1000297658 ns, Reaching safepoint: 14207 ns, Cleanup: 54654 ns, At safepoint: 2836 ns, Total: 71697 ns
[2024-02-18T08:34:26.131+0000][7][safepoint   ] Safepoint "Cleanup", Time since last: 1000311926 ns, Reaching safepoint: 18725 ns, Cleanup: 17314 ns, At safepoint: 2665 ns, Total: 38704 ns
[2024-02-18T08:34:27.131+0000][7][safepoint   ] Safepoint "Cleanup", Time since last: 1000354958 ns, Reaching safepoint: 18495 ns, Cleanup: 17374 ns, At safepoint: 4909 ns, Total: 40778 ns
[2024-02-18T08:34:28.132+0000][7][safepoint   ] Safepoint "Cleanup", Time since last: 1000349767 ns, Reaching safepoint: 15019 ns, Cleanup: 16251 ns, At safepoint: 2505 ns, Total: 33775 ns
[2024-02-18T08:34:29.132+0000][7][safepoint   ] Safepoint "Cleanup", Time since last: 1000321223 ns, Reaching safepoint: 15480 ns, Cleanup: 24216 ns, At safepoint: 2465 ns, Total: 42161 ns
[2024-02-18T08:34:30.133+0000][7][safepoint   ] Safepoint "Cleanup", Time since last: 1001063777 ns, Reaching safepoint: 28114 ns, Cleanup: 55346 ns, At safepoint: 4278 ns, Total: 87738 ns
[2024-02-18T08:34:31.134+0000][7][safepoint   ] Safepoint "Cleanup", Time since last: 1000503557 ns, Reaching safepoint: 27893 ns, Cleanup: 68652 ns, At safepoint: 3116 ns, Total: 99661 ns
[2024-02-18T08:34:32.134+0000][7][safepoint   ] Safepoint "Cleanup", Time since last: 1000329183 ns, Reaching safepoint: 15039 ns, Cleanup: 32071 ns, At safepoint: 2445 ns, Total: 49555 ns
[2024-02-18T08:34:34.135+0000][7][safepoint   ] Safepoint "Cleanup", Time since last: 2000392457 ns, Reaching safepoint: 14548 ns, Cleanup: 27332 ns, At safepoint: 2896 ns, Total: 44776 ns
[2024-02-18T08:34:37.481+0000][7][safepoint   ] Safepoint "Cleanup", Time since last: 3346624888 ns, Reaching safepoint: 21121 ns, Cleanup: 86235 ns, At safepoint: 4539 ns, Total: 111895 ns
[2024-02-18T08:34:38.482+0000][7][safepoint   ] Safepoint "Cleanup", Time since last: 1000583570 ns, Reaching safepoint: 18305 ns, Cleanup: 15960 ns, At safepoint: 3507 ns, Total: 37772 ns
[2024-02-18T08:34:39.482+0000][7][safepoint   ] Safepoint "Cleanup", Time since last: 1000307462 ns, Reaching safepoint: 14547 ns, Cleanup: 17835 ns, At safepoint: 2534 ns, Total: 34916 ns
[2024-02-18T08:34:40.483+0000][7][safepoint   ] Safepoint "Cleanup", Time since last: 1000311655 ns, Reaching safepoint: 40758 ns, Cleanup: 25299 ns, At safepoint: 2735 ns, Total: 68792 ns
[2024-02-18T08:34:41.483+0000][7][safepoint   ] Safepoint "Cleanup", Time since last: 1000311615 ns, Reaching safepoint: 13767 ns, Cleanup: 13115 ns, At safepoint: 2474 ns, Total: 29356 ns
[2024-02-18T08:34:43.484+0000][7][safepoint   ] Safepoint "Cleanup", Time since last: 2000398930 ns, Reaching safepoint: 14037 ns, Cleanup: 42902 ns, At safepoint: 2645 ns, Total: 59584 ns
[2024-02-18T08:34:46.619+0000][7][safepoint   ] Safepoint "Cleanup", Time since last: 3135418072 ns, Reaching safepoint: 24978 ns, Cleanup: 43633 ns, At safepoint: 5240 ns, Total: 73851 ns
[2024-02-18T08:34:48.620+0000][7][safepoint   ] Safepoint "Cleanup", Time since last: 2000605151 ns, Reaching safepoint: 18486 ns, Cleanup: 21361 ns, At safepoint: 4117 ns, Total: 43964 ns
[2024-02-18T08:34:49.669+0000][7][safepoint   ] Safepoint "Cleanup", Time since last: 1048819939 ns, Reaching safepoint: 25349 ns, Cleanup: 60014 ns, At safepoint: 5651 ns, Total: 91014 ns
[2024-02-18T08:34:50.669+0000][7][safepoint   ] Safepoint "Cleanup", Time since last: 1000346781 ns, Reaching safepoint: 15510 ns, Cleanup: 14548 ns, At safepoint: 2795 ns, Total: 32853 ns
[2024-02-18T08:34:51.669+0000][7][safepoint   ] Safepoint "Cleanup", Time since last: 1000315843 ns, Reaching safepoint: 14298 ns, Cleanup: 16782 ns, At safepoint: 2906 ns, Total: 33986 ns
[2024-02-18T08:34:52.670+0000][7][safepoint   ] Safepoint "Cleanup", Time since last: 1000246069 ns, Reaching safepoint: 14768 ns, Cleanup: 23405 ns, At safepoint: 3025 ns, Total: 41198 ns
[2024-02-18T08:34:54.849+0000][7][safepoint   ] Safepoint "Cleanup", Time since last: 2179359736 ns, Reaching safepoint: 15509 ns, Cleanup: 25148 ns, At safepoint: 21742 ns, Total: 62399 ns
[2024-02-18T08:34:55.856+0000][7][safepoint   ] Safepoint "Cleanup", Time since last: 1007207403 ns, Reaching safepoint: 18265 ns, Cleanup: 42221 ns, At safepoint: 3917 ns, Total: 64403 ns
[2024-02-18T08:34:56.857+0000][7][safepoint   ] Safepoint "Cleanup", Time since last: 1000341352 ns, Reaching safepoint: 14358 ns, Cleanup: 14958 ns, At safepoint: 2485 ns, Total: 31801 ns
[2024-02-18T08:34:57.857+0000][7][safepoint   ] Safepoint "Cleanup", Time since last: 1000317355 ns, Reaching safepoint: 13296 ns, Cleanup: 91355 ns, At safepoint: 25429 ns, Total: 130080 ns
[2024-02-18T08:34:58.857+0000][7][safepoint   ] Safepoint "Cleanup", Time since last: 1000346427 ns, Reaching safepoint: 14237 ns, Cleanup: 7625 ns, At safepoint: 2725 ns, Total: 24587 ns
[2024-02-18T08:34:59.858+0000][7][safepoint   ] Safepoint "Cleanup", Time since last: 1000346091 ns, Reaching safepoint: 13686 ns, Cleanup: 12975 ns, At safepoint: 2675 ns, Total: 29336 ns
[2024-02-18T08:35:00.105+0000][7][safepoint   ] Safepoint "ICBufferFull", Time since last: 246912920 ns, Reaching safepoint: 124618 ns, Cleanup: 116954 ns, At safepoint: 75024 ns, Total: 316596 ns
[2024-02-18T08:35:00.879+0000][7][safepoint   ] Safepoint "ICBufferFull", Time since last: 773745240 ns, Reaching safepoint: 100322 ns, Cleanup: 146751 ns, At safepoint: 17343 ns, Total: 264416 ns
[2024-02-18T08:35:01.821+0000][7][gc,start    ] GC(20) Pause Young (Normal) (G1 Evacuation Pause)
[2024-02-18T08:35:01.822+0000][7][gc,task     ] GC(20) Using 12 workers of 13 for evacuation
[2024-02-18T08:35:01.822+0000][7][gc,age      ] GC(20) Desired survivor size 20971520 bytes, new threshold 15 (max threshold 15)
[2024-02-18T08:35:01.831+0000][7][gc,phases   ] GC(20)   Pre Evacuate Collection Set: 0.2ms
[2024-02-18T08:35:01.831+0000][7][gc,phases   ] GC(20)   Merge Heap Roots: 0.1ms
[2024-02-18T08:35:01.831+0000][7][gc,phases   ] GC(20)   Evacuate Collection Set: 7.9ms
[2024-02-18T08:35:01.831+0000][7][gc,phases   ] GC(20)   Post Evacuate Collection Set: 0.8ms
[2024-02-18T08:35:01.831+0000][7][gc,phases   ] GC(20)   Other: 0.3ms
[2024-02-18T08:35:01.832+0000][7][gc,age      ] GC(20) Age table with threshold 15 (max threshold 15)
[2024-02-18T08:35:01.832+0000][7][gc,age      ] GC(20) - age   1:    3682288 bytes,    3682288 total
[2024-02-18T08:35:01.832+0000][7][gc,age      ] GC(20) - age   2:    6204456 bytes,    9886744 total
[2024-02-18T08:35:01.832+0000][7][gc,heap     ] GC(20) Eden regions: 73->0(73)
[2024-02-18T08:35:01.832+0000][7][gc,heap     ] GC(20) Survivor regions: 3->3(10)
[2024-02-18T08:35:01.832+0000][7][gc,heap     ] GC(20) Old regions: 27->27
[2024-02-18T08:35:01.832+0000][7][gc,heap     ] GC(20) Humongous regions: 2->2
[2024-02-18T08:35:01.832+0000][7][gc,metaspace] GC(20) Metaspace: 117641K(120640K)->117641K(120640K) NonClass: 101548K(103168K)->101548K(103168K) Class: 16093K(17472K)->16093K(17472K)
[2024-02-18T08:35:01.832+0000][7][gc          ] GC(20) Pause Young (Normal) (G1 Evacuation Pause) 418M->127M(512M) 11.006ms
[2024-02-18T08:35:01.832+0000][7][gc,cpu      ] GC(20) User=0.04s Sys=0.00s Real=0.01s
[2024-02-18T08:35:01.833+0000][7][safepoint   ] Safepoint "G1CollectForAllocation", Time since last: 942100138 ns, Reaching safepoint: 13415 ns, Cleanup: 39446 ns, At safepoint: 11260537 ns, Total: 11313398 ns
[2024-02-18T08:35:02.833+0000][7][safepoint   ] Safepoint "Cleanup", Time since last: 1000214955 ns, Reaching safepoint: 15499 ns, Cleanup: 73551 ns, At safepoint: 2705 ns, Total: 91755 ns
[2024-02-18T08:35:03.833+0000][7][safepoint   ] Safepoint "Cleanup", Time since last: 1000411231 ns, Reaching safepoint: 14388 ns, Cleanup: 63311 ns, At safepoint: 2836 ns, Total: 80535 ns
[2024-02-18T08:35:04.834+0000][7][safepoint   ] Safepoint "Cleanup", Time since last: 1000316068 ns, Reaching safepoint: 14077 ns, Cleanup: 26851 ns, At safepoint: 2535 ns, Total: 43463 ns
[2024-02-18T08:35:05.834+0000][7][safepoint   ] Safepoint "Cleanup", Time since last: 1000365017 ns, Reaching safepoint: 23625 ns, Cleanup: 23916 ns, At safepoint: 2655 ns, Total: 50196 ns
[2024-02-18T08:35:06.834+0000][7][safepoint   ] Safepoint "Cleanup", Time since last: 1000367182 ns, Reaching safepoint: 13275 ns, Cleanup: 29887 ns, At safepoint: 2705 ns, Total: 45867 ns
[2024-02-18T08:35:07.835+0000][7][safepoint   ] Safepoint "Cleanup", Time since last: 1000299342 ns, Reaching safepoint: 15339 ns, Cleanup: 21551 ns, At safepoint: 2736 ns, Total: 39626 ns
[2024-02-18T08:35:09.835+0000][7][safepoint   ] Safepoint "Cleanup", Time since last: 2000405132 ns, Reaching safepoint: 14888 ns, Cleanup: 19147 ns, At safepoint: 3076 ns, Total: 37111 ns
[2024-02-18T08:35:10.836+0000][7][safepoint   ] Safepoint "Cleanup", Time since last: 1000342073 ns, Reaching safepoint: 32853 ns, Cleanup: 19367 ns, At safepoint: 2735 ns, Total: 54955 ns
[2024-02-18T08:35:12.836+0000][7][safepoint   ] Safepoint "Cleanup", Time since last: 2000425441 ns, Reaching safepoint: 13766 ns, Cleanup: 41720 ns, At safepoint: 2555 ns, Total: 58041 ns
[2024-02-18T08:35:13.837+0000][7][safepoint   ] Safepoint "Cleanup", Time since last: 1000358775 ns, Reaching safepoint: 14769 ns, Cleanup: 25348 ns, At safepoint: 2886 ns, Total: 43003 ns
[2024-02-18T08:35:15.837+0000][7][safepoint   ] Safepoint "Cleanup", Time since last: 2000436542 ns, Reaching safepoint: 15079 ns, Cleanup: 20850 ns, At safepoint: 3196 ns, Total: 39125 ns
[2024-02-18T08:35:17.838+0000][7][safepoint   ] Safepoint "Cleanup", Time since last: 2000439568 ns, Reaching safepoint: 15540 ns, Cleanup: 14527 ns, At safepoint: 3217 ns, Total: 33284 ns
[2024-02-18T08:35:18.838+0000][7][safepoint   ] Safepoint "Cleanup", Time since last: 1000375817 ns, Reaching safepoint: 15400 ns, Cleanup: 14257 ns, At safepoint: 2475 ns, Total: 32132 ns
[2024-02-18T08:35:19.838+0000][7][safepoint   ] Safepoint "Cleanup", Time since last: 1000267360 ns, Reaching safepoint: 14909 ns, Cleanup: 20689 ns, At safepoint: 2876 ns, Total: 38474 ns
[2024-02-18T08:35:21.839+0000][7][safepoint   ] Safepoint "Cleanup", Time since last: 2000482415 ns, Reaching safepoint: 20779 ns, Cleanup: 35128 ns, At safepoint: 5290 ns, Total: 61197 ns
[2024-02-18T08:35:22.839+0000][7][safepoint   ] Safepoint "Cleanup", Time since last: 1000560075 ns, Reaching safepoint: 46149 ns, Cleanup: 29777 ns, At safepoint: 5100 ns, Total: 81026 ns
[2024-02-18T08:35:23.840+0000][7][safepoint   ] Safepoint "Cleanup", Time since last: 1000594932 ns, Reaching safepoint: 23435 ns, Cleanup: 27072 ns, At safepoint: 4769 ns, Total: 55276 ns
[2024-02-18T08:35:24.841+0000][7][safepoint   ] Safepoint "Cleanup", Time since last: 1000450280 ns, Reaching safepoint: 19617 ns, Cleanup: 31571 ns, At safepoint: 3927 ns, Total: 55115 ns
[2024-02-18T08:35:25.841+0000][7][safepoint   ] Safepoint "Cleanup", Time since last: 1000333467 ns, Reaching safepoint: 99621 ns, Cleanup: 70625 ns, At safepoint: 16311 ns, Total: 186557 ns
[2024-02-18T08:35:26.841+0000][7][safepoint   ] Safepoint "Cleanup", Time since last: 1000297794 ns, Reaching safepoint: 15539 ns, Cleanup: 19598 ns, At safepoint: 3376 ns, Total: 38513 ns
[2024-02-18T08:35:27.842+0000][7][safepoint   ] Safepoint "Cleanup", Time since last: 1000370028 ns, Reaching safepoint: 15439 ns, Cleanup: 27333 ns, At safepoint: 3226 ns, Total: 45998 ns
[2024-02-18T08:35:28.842+0000][7][safepoint   ] Safepoint "Cleanup", Time since last: 1000312536 ns, Reaching safepoint: 16913 ns, Cleanup: 13977 ns, At safepoint: 2985 ns, Total: 33875 ns
[2024-02-18T08:35:29.843+0000][7][safepoint   ] Safepoint "Cleanup", Time since last: 1000360799 ns, Reaching safepoint: 31360 ns, Cleanup: 61077 ns, At safepoint: 3327 ns, Total: 95764 ns
[2024-02-18T08:35:30.843+0000][7][safepoint   ] Safepoint "Cleanup", Time since last: 1000400405 ns, Reaching safepoint: 16692 ns, Cleanup: 57119 ns, At safepoint: 3687 ns, Total: 77498 ns
[2024-02-18T08:35:31.844+0000][7][safepoint   ] Safepoint "Cleanup", Time since last: 1000373203 ns, Reaching safepoint: 17052 ns, Cleanup: 25048 ns, At safepoint: 2745 ns, Total: 44845 ns
[2024-02-18T08:35:32.844+0000][7][safepoint   ] Safepoint "Cleanup", Time since last: 1000359683 ns, Reaching safepoint: 16572 ns, Cleanup: 18165 ns, At safepoint: 3156 ns, Total: 37893 ns
[2024-02-18T08:35:33.844+0000][7][safepoint   ] Safepoint "Cleanup", Time since last: 1000361259 ns, Reaching safepoint: 17604 ns, Cleanup: 20168 ns, At safepoint: 2886 ns, Total: 40658 ns
[2024-02-18T08:35:37.504+0000][7][safepoint   ] Safepoint "Cleanup", Time since last: 3659152454 ns, Reaching safepoint: 24197 ns, Cleanup: 55516 ns, At safepoint: 3767 ns, Total: 83480 ns
[2024-02-18T08:35:39.504+0000][7][safepoint   ] Safepoint "Cleanup", Time since last: 2000570930 ns, Reaching safepoint: 16010 ns, Cleanup: 17123 ns, At safepoint: 2705 ns, Total: 35838 ns
[2024-02-18T08:35:40.505+0000][7][safepoint   ] Safepoint "Cleanup", Time since last: 1000367998 ns, Reaching safepoint: 42651 ns, Cleanup: 28104 ns, At safepoint: 4409 ns, Total: 75164 ns
[2024-02-18T08:35:43.505+0000][7][safepoint   ] Safepoint "Cleanup", Time since last: 3000569063 ns, Reaching safepoint: 21311 ns, Cleanup: 71717 ns, At safepoint: 4138 ns, Total: 97166 ns
[2024-02-18T08:35:46.506+0000][7][safepoint   ] Safepoint "Cleanup", Time since last: 3000568905 ns, Reaching safepoint: 24136 ns, Cleanup: 20159 ns, At safepoint: 3807 ns, Total: 48102 ns
[2024-02-18T08:35:48.507+0000][7][safepoint   ] Safepoint "Cleanup", Time since last: 2000894028 ns, Reaching safepoint: 14658 ns, Cleanup: 12815 ns, At safepoint: 2605 ns, Total: 30078 ns
[2024-02-18T08:35:49.507+0000][7][safepoint   ] Safepoint "Cleanup", Time since last: 1000338646 ns, Reaching safepoint: 14037 ns, Cleanup: 27753 ns, At safepoint: 2665 ns, Total: 44455 ns
[2024-02-18T08:35:50.508+0000][7][safepoint   ] Safepoint "Cleanup", Time since last: 1000234888 ns, Reaching safepoint: 15420 ns, Cleanup: 37943 ns, At safepoint: 2855 ns, Total: 56218 ns
[2024-02-18T08:35:51.508+0000][7][safepoint   ] Safepoint "Cleanup", Time since last: 1000346161 ns, Reaching safepoint: 14859 ns, Cleanup: 16301 ns, At safepoint: 2535 ns, Total: 33695 ns
[2024-02-18T08:35:52.508+0000][7][safepoint   ] Safepoint "Cleanup", Time since last: 1000438768 ns, Reaching safepoint: 14758 ns, Cleanup: 21151 ns, At safepoint: 3066 ns, Total: 38975 ns
[2024-02-18T08:35:55.509+0000][7][safepoint   ] Safepoint "Cleanup", Time since last: 3000414362 ns, Reaching safepoint: 14338 ns, Cleanup: 29887 ns, At safepoint: 2926 ns, Total: 47151 ns
[2024-02-18T08:35:56.509+0000][7][safepoint   ] Safepoint "Cleanup", Time since last: 1000362382 ns, Reaching safepoint: 14237 ns, Cleanup: 20008 ns, At safepoint: 2936 ns, Total: 37181 ns
[2024-02-18T08:35:57.510+0000][7][safepoint   ] Safepoint "Cleanup", Time since last: 1000335881 ns, Reaching safepoint: 14418 ns, Cleanup: 15399 ns, At safepoint: 2696 ns, Total: 32513 ns
[2024-02-18T08:35:58.510+0000][7][safepoint   ] Safepoint "Cleanup", Time since last: 1000710989 ns, Reaching safepoint: 15189 ns, Cleanup: 39075 ns, At safepoint: 3016 ns, Total: 57280 ns
[2024-02-18T08:35:59.511+0000][7][safepoint   ] Safepoint "Cleanup", Time since last: 1000330391 ns, Reaching safepoint: 15309 ns, Cleanup: 12805 ns, At safepoint: 3156 ns, Total: 31270 ns
[2024-02-18T08:36:01.511+0000][7][safepoint   ] Safepoint "Cleanup", Time since last: 2000483402 ns, Reaching safepoint: 22312 ns, Cleanup: 20429 ns, At safepoint: 3477 ns, Total: 46218 ns
[2024-02-18T08:36:02.512+0000][7][safepoint   ] Safepoint "Cleanup", Time since last: 1000335946 ns, Reaching safepoint: 15450 ns, Cleanup: 28044 ns, At safepoint: 2735 ns, Total: 46229 ns
[2024-02-18T08:36:03.512+0000][7][safepoint   ] Safepoint "Cleanup", Time since last: 1000412066 ns, Reaching safepoint: 14628 ns, Cleanup: 12635 ns, At safepoint: 2665 ns, Total: 29928 ns
[2024-02-18T08:36:07.037+0000][7][gc,start    ] GC(21) Pause Young (Normal) (G1 Evacuation Pause)
[2024-02-18T08:36:07.037+0000][7][gc,task     ] GC(21) Using 12 workers of 13 for evacuation
[2024-02-18T08:36:07.037+0000][7][gc,age      ] GC(21) Desired survivor size 20971520 bytes, new threshold 15 (max threshold 15)
[2024-02-18T08:36:07.046+0000][7][gc,phases   ] GC(21)   Pre Evacuate Collection Set: 0.2ms
[2024-02-18T08:36:07.047+0000][7][gc,phases   ] GC(21)   Merge Heap Roots: 0.1ms
[2024-02-18T08:36:07.047+0000][7][gc,phases   ] GC(21)   Evacuate Collection Set: 8.0ms
[2024-02-18T08:36:07.047+0000][7][gc,phases   ] GC(21)   Post Evacuate Collection Set: 0.8ms
[2024-02-18T08:36:07.047+0000][7][gc,phases   ] GC(21)   Other: 0.3ms
[2024-02-18T08:36:07.047+0000][7][gc,age      ] GC(21) Age table with threshold 15 (max threshold 15)
[2024-02-18T08:36:07.047+0000][7][gc,age      ] GC(21) - age   1:    2034224 bytes,    2034224 total
[2024-02-18T08:36:07.047+0000][7][gc,age      ] GC(21) - age   2:    1588136 bytes,    3622360 total
[2024-02-18T08:36:07.047+0000][7][gc,age      ] GC(21) - age   3:    5997816 bytes,    9620176 total
[2024-02-18T08:36:07.047+0000][7][gc,heap     ] GC(21) Eden regions: 73->0(73)
[2024-02-18T08:36:07.047+0000][7][gc,heap     ] GC(21) Survivor regions: 3->3(10)
[2024-02-18T08:36:07.048+0000][7][gc,heap     ] GC(21) Old regions: 27->27
[2024-02-18T08:36:07.048+0000][7][gc,heap     ] GC(21) Humongous regions: 2->2
[2024-02-18T08:36:07.048+0000][7][gc,metaspace] GC(21) Metaspace: 118252K(121280K)->118252K(121280K) NonClass: 102157K(103808K)->102157K(103808K) Class: 16094K(17472K)->16094K(17472K)
[2024-02-18T08:36:07.048+0000][7][gc          ] GC(21) Pause Young (Normal) (G1 Evacuation Pause) 419M->126M(512M) 10.899ms
[2024-02-18T08:36:07.048+0000][7][gc,cpu      ] GC(21) User=0.04s Sys=0.00s Real=0.01s
[2024-02-18T08:36:07.048+0000][7][safepoint   ] Safepoint "G1CollectForAllocation", Time since last: 3524767095 ns, Reaching safepoint: 13326 ns, Cleanup: 31029 ns, At safepoint: 11162299 ns, Total: 11206654 ns
[2024-02-18T08:36:10.048+0000][7][safepoint   ] Safepoint "Cleanup", Time since last: 3000390523 ns, Reaching safepoint: 15599 ns, Cleanup: 17775 ns, At safepoint: 2785 ns, Total: 36159 ns
[2024-02-18T08:36:11.049+0000][7][safepoint   ] Safepoint "Cleanup", Time since last: 1000351030 ns, Reaching safepoint: 59604 ns, Cleanup: 29687 ns, At safepoint: 6663 ns, Total: 95954 ns
[2024-02-18T08:36:13.049+0000][7][safepoint   ] Safepoint "Cleanup", Time since last: 2000532125 ns, Reaching safepoint: 15540 ns, Cleanup: 31350 ns, At safepoint: 3056 ns, Total: 49946 ns
[2024-02-18T08:36:14.050+0000][7][safepoint   ] Safepoint "Cleanup", Time since last: 1000358844 ns, Reaching safepoint: 15550 ns, Cleanup: 23365 ns, At safepoint: 3416 ns, Total: 42331 ns
[2024-02-18T08:36:16.050+0000][7][safepoint   ] Safepoint "Cleanup", Time since last: 2000435201 ns, Reaching safepoint: 16371 ns, Cleanup: 23134 ns, At safepoint: 3116 ns, Total: 42621 ns
[2024-02-18T08:36:19.051+0000][7][safepoint   ] Safepoint "Cleanup", Time since last: 3000522515 ns, Reaching safepoint: 15830 ns, Cleanup: 44906 ns, At safepoint: 2765 ns, Total: 63501 ns
[2024-02-18T08:36:20.051+0000][7][safepoint   ] Safepoint "Cleanup", Time since last: 1000400195 ns, Reaching safepoint: 25038 ns, Cleanup: 21441 ns, At safepoint: 2966 ns, Total: 49445 ns
[2024-02-18T08:36:21.052+0000][7][safepoint   ] Safepoint "Cleanup", Time since last: 1000353746 ns, Reaching safepoint: 15229 ns, Cleanup: 23174 ns, At safepoint: 2755 ns, Total: 41158 ns
[2024-02-18T08:36:22.052+0000][7][safepoint   ] Safepoint "Cleanup", Time since last: 1000412469 ns, Reaching safepoint: 16421 ns, Cleanup: 22573 ns, At safepoint: 2375 ns, Total: 41369 ns
[2024-02-18T08:36:23.053+0000][7][safepoint   ] Safepoint "Cleanup", Time since last: 1000379143 ns, Reaching safepoint: 19738 ns, Cleanup: 30529 ns, At safepoint: 3286 ns, Total: 53553 ns
[2024-02-18T08:36:24.053+0000][7][safepoint   ] Safepoint "Cleanup", Time since last: 1000404292 ns, Reaching safepoint: 14608 ns, Cleanup: 13256 ns, At safepoint: 2755 ns, Total: 30619 ns
[2024-02-18T08:36:25.053+0000][7][safepoint   ] Safepoint "Cleanup", Time since last: 1000342775 ns, Reaching safepoint: 15539 ns, Cleanup: 44065 ns, At safepoint: 2976 ns, Total: 62580 ns
[2024-02-18T08:36:26.054+0000][7][safepoint   ] Safepoint "Cleanup", Time since last: 1000357091 ns, Reaching safepoint: 14738 ns, Cleanup: 25249 ns, At safepoint: 2745 ns, Total: 42732 ns
[2024-02-18T08:36:27.054+0000][7][safepoint   ] Safepoint "Cleanup", Time since last: 1000298600 ns, Reaching safepoint: 13105 ns, Cleanup: 49625 ns, At safepoint: 2505 ns, Total: 65235 ns
[2024-02-18T08:36:28.055+0000][7][safepoint   ] Safepoint "Cleanup", Time since last: 1000245168 ns, Reaching safepoint: 14177 ns, Cleanup: 35798 ns, At safepoint: 2636 ns, Total: 52611 ns
[2024-02-18T08:36:29.055+0000][7][safepoint   ] Safepoint "Cleanup", Time since last: 1000345880 ns, Reaching safepoint: 23685 ns, Cleanup: 28535 ns, At safepoint: 3276 ns, Total: 55496 ns
[2024-02-18T08:36:30.055+0000][7][safepoint   ] Safepoint "Cleanup", Time since last: 1000337174 ns, Reaching safepoint: 14898 ns, Cleanup: 13266 ns, At safepoint: 3156 ns, Total: 31320 ns
[2024-02-18T08:36:31.056+0000][7][safepoint   ] Safepoint "Cleanup", Time since last: 1000413410 ns, Reaching safepoint: 35518 ns, Cleanup: 38042 ns, At safepoint: 4289 ns, Total: 77849 ns
[2024-02-18T08:36:33.056+0000][7][safepoint   ] Safepoint "Cleanup", Time since last: 2000413217 ns, Reaching safepoint: 15570 ns, Cleanup: 19417 ns, At safepoint: 3337 ns, Total: 38324 ns
[2024-02-18T08:36:34.057+0000][7][safepoint   ] Safepoint "Cleanup", Time since last: 1000397619 ns, Reaching safepoint: 14678 ns, Cleanup: 17724 ns, At safepoint: 12294 ns, Total: 44696 ns
[2024-02-18T08:36:36.525+0000][7][safepoint   ] Safepoint "Cleanup", Time since last: 2468555284 ns, Reaching safepoint: 15409 ns, Cleanup: 15330 ns, At safepoint: 2765 ns, Total: 33504 ns
[2024-02-18T08:36:37.526+0000][7][safepoint   ] Safepoint "Cleanup", Time since last: 1000343866 ns, Reaching safepoint: 14047 ns, Cleanup: 63071 ns, At safepoint: 2485 ns, Total: 79603 ns
[2024-02-18T08:36:38.526+0000][7][safepoint   ] Safepoint "Cleanup", Time since last: 1000460600 ns, Reaching safepoint: 25098 ns, Cleanup: 27633 ns, At safepoint: 4028 ns, Total: 56759 ns
[2024-02-18T08:36:43.527+0000][7][safepoint   ] Safepoint "Cleanup", Time since last: 5000745057 ns, Reaching safepoint: 31741 ns, Cleanup: 28955 ns, At safepoint: 2365 ns, Total: 63061 ns
[2024-02-18T08:36:45.527+0000][7][safepoint   ] Safepoint "Cleanup", Time since last: 2000351489 ns, Reaching safepoint: 13696 ns, Cleanup: 12504 ns, At safepoint: 2405 ns, Total: 28605 ns
[2024-02-18T08:36:46.528+0000][7][safepoint   ] Safepoint "Cleanup", Time since last: 1000345269 ns, Reaching safepoint: 21000 ns, Cleanup: 19607 ns, At safepoint: 3868 ns, Total: 44475 ns
[2024-02-18T08:36:48.528+0000][7][safepoint   ] Safepoint "Cleanup", Time since last: 2000449587 ns, Reaching safepoint: 13997 ns, Cleanup: 12975 ns, At safepoint: 2595 ns, Total: 29567 ns
[2024-02-18T08:36:49.529+0000][7][safepoint   ] Safepoint "Cleanup", Time since last: 1000392770 ns, Reaching safepoint: 13646 ns, Cleanup: 21682 ns, At safepoint: 3006 ns, Total: 38334 ns
[2024-02-18T08:36:50.529+0000][7][safepoint   ] Safepoint "Cleanup", Time since last: 1000230147 ns, Reaching safepoint: 21331 ns, Cleanup: 14869 ns, At safepoint: 3136 ns, Total: 39336 ns
[2024-02-18T08:36:52.529+0000][7][safepoint   ] Safepoint "Cleanup", Time since last: 2000412066 ns, Reaching safepoint: 14628 ns, Cleanup: 15019 ns, At safepoint: 2505 ns, Total: 32152 ns
[2024-02-18T08:36:54.530+0000][7][safepoint   ] Safepoint "Cleanup", Time since last: 2000397977 ns, Reaching safepoint: 33544 ns, Cleanup: 21161 ns, At safepoint: 3998 ns, Total: 58703 ns
[2024-02-18T08:36:56.530+0000][7][safepoint   ] Safepoint "Cleanup", Time since last: 2000427283 ns, Reaching safepoint: 23455 ns, Cleanup: 52541 ns, At safepoint: 18084 ns, Total: 94080 ns
[2024-02-18T08:36:56.756+0000][7][gc,heap,exit] Heap
[2024-02-18T08:36:56.756+0000][7][gc,heap,exit]  garbage-first heap   total 524288K, used 378637K [0x00000000e0000000, 0x0000000100000000)
[2024-02-18T08:36:56.756+0000][7][gc,heap,exit]   region size 4096K, 64 young (262144K), 3 survivors (12288K)
[2024-02-18T08:36:56.756+0000][7][gc,heap,exit]  Metaspace       used 118860K, committed 121920K, reserved 1179648K
[2024-02-18T08:36:56.756+0000][7][gc,heap,exit]   class space    used 16132K, committed 17536K, reserved 1048576K
