[2024-02-18T08:33:35.040+0000][181][gc,init] CardTable entry size: 512
[2024-02-18T08:33:35.041+0000][181][gc     ] Using G1
[2024-02-18T08:33:35.045+0000][181][gc,init] Version: 21.0.1+12-29 (release)
[2024-02-18T08:33:35.045+0000][181][gc,init] CPUs: 16 total, 16 available
[2024-02-18T08:33:35.045+0000][181][gc,init] Memory: 12259M
[2024-02-18T08:33:35.045+0000][181][gc,init] Large Page Support: Disabled
[2024-02-18T08:33:35.045+0000][181][gc,init] NUMA Support: Disabled
[2024-02-18T08:33:35.046+0000][181][gc,init] Compressed Oops: Enabled (32-bit)
[2024-02-18T08:33:35.046+0000][181][gc,init] Heap Region Size: 1M
[2024-02-18T08:33:35.046+0000][181][gc,init] Heap Min Capacity: 512M
[2024-02-18T08:33:35.046+0000][181][gc,init] Heap Initial Capacity: 512M
[2024-02-18T08:33:35.046+0000][181][gc,init] Heap Max Capacity: 512M
[2024-02-18T08:33:35.046+0000][181][gc,init] Pre-touch: Disabled
[2024-02-18T08:33:35.046+0000][181][gc,init] Parallel Workers: 13
[2024-02-18T08:33:35.047+0000][181][gc,init] Concurrent Workers: 3
[2024-02-18T08:33:35.047+0000][181][gc,init] Concurrent Refinement Workers: 13
[2024-02-18T08:33:35.047+0000][181][gc,init] Periodic GC: Disabled
[2024-02-18T08:33:35.047+0000][181][gc,metaspace] CDS archive(s) not mapped
[2024-02-18T08:33:35.047+0000][181][gc,metaspace] Compressed class space mapped at: 0x0000000100000000-0x0000000140000000, reserved size: 1073741824
[2024-02-18T08:33:35.047+0000][181][gc,metaspace] Narrow klass base: 0x0000000000000000, Narrow klass shift: 3, Narrow klass range: 0x140000000
[2024-02-18T08:33:35.102+0000][181][gc,heap,exit] Heap
[2024-02-18T08:33:35.102+0000][181][gc,heap,exit]  garbage-first heap   total 524288K, used 2050K [0x00000000e0000000, 0x0000000100000000)
[2024-02-18T08:33:35.102+0000][181][gc,heap,exit]   region size 1024K, 3 young (3072K), 0 survivors (0K)
[2024-02-18T08:33:35.102+0000][181][gc,heap,exit]  Metaspace       used 4101K, committed 4160K, reserved 1114112K
[2024-02-18T08:33:35.103+0000][181][gc,heap,exit]   class space    used 315K, committed 320K, reserved 1048576K
