[2024-01-16T11:45:40.607+0000][7][gc,init] CardTable entry size: 512
[2024-01-16T11:45:40.608+0000][7][gc     ] Using G1
[2024-01-16T11:45:40.706+0000][7][gc,init] Version: 21.0.1+12-29 (release)
[2024-01-16T11:45:40.707+0000][7][gc,init] CPUs: 16 total, 16 available
[2024-01-16T11:45:40.707+0000][7][gc,init] Memory: 12259M
[2024-01-16T11:45:40.707+0000][7][gc,init] Large Page Support: Disabled
[2024-01-16T11:45:40.707+0000][7][gc,init] NUMA Support: Disabled
[2024-01-16T11:45:40.708+0000][7][gc,init] Compressed Oops: Enabled (32-bit)
[2024-01-16T11:45:40.708+0000][7][gc,init] Heap Region Size: 4M
[2024-01-16T11:45:40.708+0000][7][gc,init] Heap Min Capacity: 512M
[2024-01-16T11:45:40.708+0000][7][gc,init] Heap Initial Capacity: 512M
[2024-01-16T11:45:40.708+0000][7][gc,init] Heap Max Capacity: 512M
[2024-01-16T11:45:40.709+0000][7][gc,init] Pre-touch: Enabled
[2024-01-16T11:45:40.709+0000][7][gc,init] Parallel Workers: 13
[2024-01-16T11:45:40.709+0000][7][gc,init] Concurrent Workers: 3
[2024-01-16T11:45:40.709+0000][7][gc,init] Concurrent Refinement Workers: 13
[2024-01-16T11:45:40.709+0000][7][gc,init] Periodic GC: Disabled
[2024-01-16T11:45:40.715+0000][7][gc,metaspace] CDS archive(s) mapped at: [0x00007f4c87000000-0x00007f4c87ca5000-0x00007f4c87ca5000), size 13258752, SharedBaseAddress: 0x00007f4c87000000, ArchiveRelocationMode: 1.
[2024-01-16T11:45:40.716+0000][7][gc,metaspace] Compressed class space mapped at: 0x00007f4c88000000-0x00007f4cc8000000, reserved size: 1073741824
[2024-01-16T11:45:40.716+0000][7][gc,metaspace] Narrow klass base: 0x00007f4c87000000, Narrow klass shift: 0, Narrow klass range: 0x100000000
[2024-01-16T11:45:41.115+0000][7][safepoint   ] Safepoint "ICBufferFull", Time since last: 394451933 ns, Reaching safepoint: 98418 ns, Cleanup: 112054 ns, At safepoint: 16843 ns, Total: 227315 ns
[2024-01-16T11:45:41.301+0000][7][gc,start    ] GC(0) Pause Young (Normal) (G1 Evacuation Pause)
[2024-01-16T11:45:41.301+0000][7][gc,task     ] GC(0) Using 12 workers of 13 for evacuation
[2024-01-16T11:45:41.301+0000][7][gc,age      ] GC(0) Desired survivor size 2097152 bytes, new threshold 15 (max threshold 15)
[2024-01-16T11:45:41.304+0000][7][gc,phases   ] GC(0)   Pre Evacuate Collection Set: 0.2ms
[2024-01-16T11:45:41.304+0000][7][gc,phases   ] GC(0)   Merge Heap Roots: 0.1ms
[2024-01-16T11:45:41.305+0000][7][gc,phases   ] GC(0)   Evacuate Collection Set: 1.7ms
[2024-01-16T11:45:41.305+0000][7][gc,phases   ] GC(0)   Post Evacuate Collection Set: 0.5ms
[2024-01-16T11:45:41.305+0000][7][gc,phases   ] GC(0)   Other: 0.4ms
[2024-01-16T11:45:41.305+0000][7][gc,age      ] GC(0) Age table with threshold 15 (max threshold 15)
[2024-01-16T11:45:41.305+0000][7][gc,age      ] GC(0) - age   1:    4149824 bytes,    4149824 total
[2024-01-16T11:45:41.305+0000][7][gc,heap     ] GC(0) Eden regions: 6->0(5)
[2024-01-16T11:45:41.306+0000][7][gc,heap     ] GC(0) Survivor regions: 0->1(1)
[2024-01-16T11:45:41.306+0000][7][gc,heap     ] GC(0) Old regions: 1->2
[2024-01-16T11:45:41.306+0000][7][gc,heap     ] GC(0) Humongous regions: 0->0
[2024-01-16T11:45:41.306+0000][7][gc,metaspace] GC(0) Metaspace: 9094K(9344K)->9094K(9344K) NonClass: 8073K(8192K)->8073K(8192K) Class: 1020K(1152K)->1020K(1152K)
[2024-01-16T11:45:41.306+0000][7][gc          ] GC(0) Pause Young (Normal) (G1 Evacuation Pause) 25M->5M(512M) 5.241ms
[2024-01-16T11:45:41.306+0000][7][gc,cpu      ] GC(0) User=0.01s Sys=0.01s Real=0.00s
[2024-01-16T11:45:41.306+0000][7][safepoint   ] Safepoint "G1CollectForAllocation", Time since last: 185891372 ns, Reaching safepoint: 5110 ns, Cleanup: 77098 ns, At safepoint: 5528331 ns, Total: 5610539 ns
[2024-01-16T11:45:41.602+0000][7][gc,start    ] GC(1) Pause Young (Normal) (G1 Evacuation Pause)
[2024-01-16T11:45:41.602+0000][7][gc,task     ] GC(1) Using 12 workers of 13 for evacuation
[2024-01-16T11:45:41.602+0000][7][gc,age      ] GC(1) Desired survivor size 2097152 bytes, new threshold 1 (max threshold 15)
[2024-01-16T11:45:41.605+0000][7][gc,phases   ] GC(1)   Pre Evacuate Collection Set: 0.2ms
[2024-01-16T11:45:41.606+0000][7][gc,phases   ] GC(1)   Merge Heap Roots: 0.1ms
[2024-01-16T11:45:41.606+0000][7][gc,phases   ] GC(1)   Evacuate Collection Set: 2.1ms
[2024-01-16T11:45:41.606+0000][7][gc,phases   ] GC(1)   Post Evacuate Collection Set: 0.7ms
[2024-01-16T11:45:41.606+0000][7][gc,phases   ] GC(1)   Other: 0.3ms
[2024-01-16T11:45:41.606+0000][7][gc,age      ] GC(1) Age table with threshold 1 (max threshold 15)
[2024-01-16T11:45:41.606+0000][7][gc,age      ] GC(1) - age   1:    1943144 bytes,    1943144 total
[2024-01-16T11:45:41.607+0000][7][gc,heap     ] GC(1) Eden regions: 5->0(11)
[2024-01-16T11:45:41.607+0000][7][gc,heap     ] GC(1) Survivor regions: 1->1(1)
[2024-01-16T11:45:41.607+0000][7][gc,heap     ] GC(1) Old regions: 2->3
[2024-01-16T11:45:41.607+0000][7][gc,heap     ] GC(1) Humongous regions: 0->0
[2024-01-16T11:45:41.607+0000][7][gc,metaspace] GC(1) Metaspace: 12187K(12416K)->12187K(12416K) NonClass: 10737K(10880K)->10737K(10880K) Class: 1449K(1536K)->1449K(1536K)
[2024-01-16T11:45:41.607+0000][7][gc          ] GC(1) Pause Young (Normal) (G1 Evacuation Pause) 25M->7M(512M) 5.488ms
[2024-01-16T11:45:41.607+0000][7][gc,cpu      ] GC(1) User=0.02s Sys=0.01s Real=0.00s
[2024-01-16T11:45:41.607+0000][7][safepoint   ] Safepoint "G1CollectForAllocation", Time since last: 295166777 ns, Reaching safepoint: 7174 ns, Cleanup: 110030 ns, At safepoint: 5885486 ns, Total: 6002690 ns
[2024-01-16T11:45:42.002+0000][7][safepoint   ] Safepoint "ICBufferFull", Time since last: 394758953 ns, Reaching safepoint: 91460 ns, Cleanup: 117014 ns, At safepoint: 17403 ns, Total: 225877 ns
[2024-01-16T11:45:42.150+0000][7][gc,start    ] GC(2) Pause Young (Normal) (G1 Evacuation Pause)
[2024-01-16T11:45:42.150+0000][7][gc,task     ] GC(2) Using 12 workers of 13 for evacuation
[2024-01-16T11:45:42.151+0000][7][gc,age      ] GC(2) Desired survivor size 4194304 bytes, new threshold 15 (max threshold 15)
[2024-01-16T11:45:42.153+0000][7][gc,phases   ] GC(2)   Pre Evacuate Collection Set: 0.2ms
[2024-01-16T11:45:42.154+0000][7][gc,phases   ] GC(2)   Merge Heap Roots: 0.1ms
[2024-01-16T11:45:42.154+0000][7][gc,phases   ] GC(2)   Evacuate Collection Set: 1.6ms
[2024-01-16T11:45:42.154+0000][7][gc,phases   ] GC(2)   Post Evacuate Collection Set: 0.8ms
[2024-01-16T11:45:42.154+0000][7][gc,phases   ] GC(2)   Other: 0.4ms
[2024-01-16T11:45:42.154+0000][7][gc,age      ] GC(2) Age table with threshold 15 (max threshold 15)
[2024-01-16T11:45:42.154+0000][7][gc,age      ] GC(2) - age   1:    1428784 bytes,    1428784 total
[2024-01-16T11:45:42.155+0000][7][gc,age      ] GC(2) - age   2:    1905800 bytes,    3334584 total
[2024-01-16T11:45:42.155+0000][7][gc,heap     ] GC(2) Eden regions: 11->0(60)
[2024-01-16T11:45:42.155+0000][7][gc,heap     ] GC(2) Survivor regions: 1->1(2)
[2024-01-16T11:45:42.155+0000][7][gc,heap     ] GC(2) Old regions: 3->3
[2024-01-16T11:45:42.155+0000][7][gc,heap     ] GC(2) Humongous regions: 0->0
[2024-01-16T11:45:42.155+0000][7][gc,metaspace] GC(2) Metaspace: 15741K(16064K)->15741K(16064K) NonClass: 13944K(14144K)->13944K(14144K) Class: 1797K(1920K)->1797K(1920K)
[2024-01-16T11:45:42.155+0000][7][gc          ] GC(2) Pause Young (Normal) (G1 Evacuation Pause) 51M->8M(512M) 5.195ms
[2024-01-16T11:45:42.155+0000][7][gc,cpu      ] GC(2) User=0.02s Sys=0.00s Real=0.00s
[2024-01-16T11:45:42.156+0000][7][safepoint   ] Safepoint "G1CollectForAllocation", Time since last: 147420979 ns, Reaching safepoint: 137894 ns, Cleanup: 62770 ns, At safepoint: 5559730 ns, Total: 5760394 ns
[2024-01-16T11:45:42.713+0000][7][safepoint   ] Safepoint "ICBufferFull", Time since last: 556913594 ns, Reaching safepoint: 97597 ns, Cleanup: 202727 ns, At safepoint: 29557 ns, Total: 329881 ns
[2024-01-16T11:45:42.872+0000][7][gc,start    ] GC(3) Pause Young (Normal) (G1 Evacuation Pause)
[2024-01-16T11:45:42.872+0000][7][gc,task     ] GC(3) Using 12 workers of 13 for evacuation
[2024-01-16T11:45:42.873+0000][7][gc,age      ] GC(3) Desired survivor size 16777216 bytes, new threshold 15 (max threshold 15)
[2024-01-16T11:45:42.878+0000][7][gc,phases   ] GC(3)   Pre Evacuate Collection Set: 0.2ms
[2024-01-16T11:45:42.878+0000][7][gc,phases   ] GC(3)   Merge Heap Roots: 0.1ms
[2024-01-16T11:45:42.878+0000][7][gc,phases   ] GC(3)   Evacuate Collection Set: 3.6ms
[2024-01-16T11:45:42.879+0000][7][gc,phases   ] GC(3)   Post Evacuate Collection Set: 1.1ms
[2024-01-16T11:45:42.879+0000][7][gc,phases   ] GC(3)   Other: 0.4ms
[2024-01-16T11:45:42.879+0000][7][gc,age      ] GC(3) Age table with threshold 15 (max threshold 15)
[2024-01-16T11:45:42.879+0000][7][gc,age      ] GC(3) - age   1:    5094152 bytes,    5094152 total
[2024-01-16T11:45:42.879+0000][7][gc,age      ] GC(3) - age   2:    1402168 bytes,    6496320 total
[2024-01-16T11:45:42.879+0000][7][gc,age      ] GC(3) - age   3:    1904224 bytes,    8400544 total
[2024-01-16T11:45:42.880+0000][7][gc,heap     ] GC(3) Eden regions: 60->0(73)
[2024-01-16T11:45:42.880+0000][7][gc,heap     ] GC(3) Survivor regions: 1->3(8)
[2024-01-16T11:45:42.880+0000][7][gc,heap     ] GC(3) Old regions: 3->3
[2024-01-16T11:45:42.880+0000][7][gc,heap     ] GC(3) Humongous regions: 0->0
[2024-01-16T11:45:42.880+0000][7][gc,metaspace] GC(3) Metaspace: 18764K(19200K)->18764K(19200K) NonClass: 16575K(16832K)->16575K(16832K) Class: 2188K(2368K)->2188K(2368K)
[2024-01-16T11:45:42.880+0000][7][gc          ] GC(3) Pause Young (Normal) (G1 Evacuation Pause) 248M->13M(512M) 8.329ms
[2024-01-16T11:45:42.881+0000][7][gc,cpu      ] GC(3) User=0.05s Sys=0.01s Real=0.01s
[2024-01-16T11:45:42.881+0000][7][safepoint   ] Safepoint "G1CollectForAllocation", Time since last: 158913895 ns, Reaching safepoint: 105035 ns, Cleanup: 58182 ns, At safepoint: 8784680 ns, Total: 8947897 ns
[2024-01-16T11:45:43.319+0000][7][gc,start    ] GC(4) Pause Young (Normal) (G1 Evacuation Pause)
[2024-01-16T11:45:43.319+0000][7][gc,task     ] GC(4) Using 12 workers of 13 for evacuation
[2024-01-16T11:45:43.319+0000][7][gc,age      ] GC(4) Desired survivor size 20971520 bytes, new threshold 15 (max threshold 15)
[2024-01-16T11:45:43.324+0000][7][gc,phases   ] GC(4)   Pre Evacuate Collection Set: 0.2ms
[2024-01-16T11:45:43.325+0000][7][gc,phases   ] GC(4)   Merge Heap Roots: 0.1ms
[2024-01-16T11:45:43.325+0000][7][gc,phases   ] GC(4)   Evacuate Collection Set: 3.3ms
[2024-01-16T11:45:43.325+0000][7][gc,phases   ] GC(4)   Post Evacuate Collection Set: 1.2ms
[2024-01-16T11:45:43.325+0000][7][gc,phases   ] GC(4)   Other: 0.3ms
[2024-01-16T11:45:43.325+0000][7][gc,age      ] GC(4) Age table with threshold 15 (max threshold 15)
[2024-01-16T11:45:43.326+0000][7][gc,age      ] GC(4) - age   1:    3831592 bytes,    3831592 total
[2024-01-16T11:45:43.326+0000][7][gc,age      ] GC(4) - age   2:    3730120 bytes,    7561712 total
[2024-01-16T11:45:43.326+0000][7][gc,age      ] GC(4) - age   3:    1402056 bytes,    8963768 total
[2024-01-16T11:45:43.326+0000][7][gc,age      ] GC(4) - age   4:    1904224 bytes,   10867992 total
[2024-01-16T11:45:43.326+0000][7][gc,heap     ] GC(4) Eden regions: 73->0(73)
[2024-01-16T11:45:43.326+0000][7][gc,heap     ] GC(4) Survivor regions: 3->3(10)
[2024-01-16T11:45:43.326+0000][7][gc,heap     ] GC(4) Old regions: 3->3
[2024-01-16T11:45:43.327+0000][7][gc,heap     ] GC(4) Humongous regions: 0->0
[2024-01-16T11:45:43.327+0000][7][gc,metaspace] GC(4) Metaspace: 19621K(20032K)->19621K(20032K) NonClass: 17309K(17536K)->17309K(17536K) Class: 2311K(2496K)->2311K(2496K)
[2024-01-16T11:45:43.327+0000][7][gc          ] GC(4) Pause Young (Normal) (G1 Evacuation Pause) 305M->16M(512M) 8.268ms
[2024-01-16T11:45:43.327+0000][7][gc,cpu      ] GC(4) User=0.08s Sys=0.00s Real=0.01s
[2024-01-16T11:45:43.327+0000][7][safepoint   ] Safepoint "G1CollectForAllocation", Time since last: 437865971 ns, Reaching safepoint: 7053 ns, Cleanup: 48563 ns, At safepoint: 8658945 ns, Total: 8714561 ns
[2024-01-16T11:45:43.733+0000][7][gc,start    ] GC(5) Pause Young (Normal) (G1 Evacuation Pause)
[2024-01-16T11:45:43.734+0000][7][gc,task     ] GC(5) Using 12 workers of 13 for evacuation
[2024-01-16T11:45:43.734+0000][7][gc,age      ] GC(5) Desired survivor size 20971520 bytes, new threshold 15 (max threshold 15)
[2024-01-16T11:45:43.740+0000][7][gc,phases   ] GC(5)   Pre Evacuate Collection Set: 0.3ms
[2024-01-16T11:45:43.740+0000][7][gc,phases   ] GC(5)   Merge Heap Roots: 0.2ms
[2024-01-16T11:45:43.741+0000][7][gc,phases   ] GC(5)   Evacuate Collection Set: 4.1ms
[2024-01-16T11:45:43.741+0000][7][gc,phases   ] GC(5)   Post Evacuate Collection Set: 1.0ms
[2024-01-16T11:45:43.741+0000][7][gc,phases   ] GC(5)   Other: 0.4ms
[2024-01-16T11:45:43.741+0000][7][gc,age      ] GC(5) Age table with threshold 15 (max threshold 15)
[2024-01-16T11:45:43.741+0000][7][gc,age      ] GC(5) - age   1:    1405400 bytes,    1405400 total
[2024-01-16T11:45:43.742+0000][7][gc,age      ] GC(5) - age   2:    3812696 bytes,    5218096 total
[2024-01-16T11:45:43.742+0000][7][gc,age      ] GC(5) - age   3:    3729576 bytes,    8947672 total
[2024-01-16T11:45:43.742+0000][7][gc,age      ] GC(5) - age   4:    1401784 bytes,   10349456 total
[2024-01-16T11:45:43.742+0000][7][gc,age      ] GC(5) - age   5:    1904160 bytes,   12253616 total
[2024-01-16T11:45:43.742+0000][7][gc,heap     ] GC(5) Eden regions: 73->0(72)
[2024-01-16T11:45:43.742+0000][7][gc,heap     ] GC(5) Survivor regions: 3->4(10)
[2024-01-16T11:45:43.743+0000][7][gc,heap     ] GC(5) Old regions: 3->3
[2024-01-16T11:45:43.743+0000][7][gc,heap     ] GC(5) Humongous regions: 0->0
[2024-01-16T11:45:43.743+0000][7][gc,metaspace] GC(5) Metaspace: 20570K(20992K)->20570K(20992K) NonClass: 18124K(18368K)->18124K(18368K) Class: 2445K(2624K)->2445K(2624K)
[2024-01-16T11:45:43.743+0000][7][gc          ] GC(5) Pause Young (Normal) (G1 Evacuation Pause) 308M->17M(512M) 9.664ms
[2024-01-16T11:45:43.743+0000][7][gc,cpu      ] GC(5) User=0.04s Sys=0.01s Real=0.01s
[2024-01-16T11:45:43.744+0000][7][safepoint   ] Safepoint "G1CollectForAllocation", Time since last: 406053993 ns, Reaching safepoint: 6112 ns, Cleanup: 73671 ns, At safepoint: 10070578 ns, Total: 10150361 ns
[2024-01-16T11:45:44.018+0000][7][gc,start    ] GC(6) Pause Young (Concurrent Start) (Metadata GC Threshold)
[2024-01-16T11:45:44.019+0000][7][gc,task     ] GC(6) Using 12 workers of 13 for evacuation
[2024-01-16T11:45:44.019+0000][7][gc,age      ] GC(6) Desired survivor size 20971520 bytes, new threshold 15 (max threshold 15)
[2024-01-16T11:45:44.025+0000][7][gc,phases   ] GC(6)   Pre Evacuate Collection Set: 0.3ms
[2024-01-16T11:45:44.025+0000][7][gc,phases   ] GC(6)   Merge Heap Roots: 0.1ms
[2024-01-16T11:45:44.025+0000][7][gc,phases   ] GC(6)   Evacuate Collection Set: 4.0ms
[2024-01-16T11:45:44.025+0000][7][gc,phases   ] GC(6)   Post Evacuate Collection Set: 1.0ms
[2024-01-16T11:45:44.026+0000][7][gc,phases   ] GC(6)   Other: 0.5ms
[2024-01-16T11:45:44.026+0000][7][gc,age      ] GC(6) Age table with threshold 15 (max threshold 15)
[2024-01-16T11:45:44.026+0000][7][gc,age      ] GC(6) - age   1:    1561504 bytes,    1561504 total
[2024-01-16T11:45:44.026+0000][7][gc,age      ] GC(6) - age   2:     659600 bytes,    2221104 total
[2024-01-16T11:45:44.026+0000][7][gc,age      ] GC(6) - age   3:    3808856 bytes,    6029960 total
[2024-01-16T11:45:44.026+0000][7][gc,age      ] GC(6) - age   4:    3728456 bytes,    9758416 total
[2024-01-16T11:45:44.027+0000][7][gc,age      ] GC(6) - age   5:    1401784 bytes,   11160200 total
[2024-01-16T11:45:44.027+0000][7][gc,age      ] GC(6) - age   6:    1904160 bytes,   13064360 total
[2024-01-16T11:45:44.027+0000][7][gc,heap     ] GC(6) Eden regions: 52->0(72)
[2024-01-16T11:45:44.027+0000][7][gc,heap     ] GC(6) Survivor regions: 4->4(10)
[2024-01-16T11:45:44.027+0000][7][gc,heap     ] GC(6) Old regions: 3->3
[2024-01-16T11:45:44.027+0000][7][gc,heap     ] GC(6) Humongous regions: 0->0
[2024-01-16T11:45:44.027+0000][7][gc,metaspace] GC(6) Metaspace: 21057K(21504K)->21057K(21504K) NonClass: 18541K(18816K)->18541K(18816K) Class: 2515K(2688K)->2515K(2688K)
[2024-01-16T11:45:44.028+0000][7][gc          ] GC(6) Pause Young (Concurrent Start) (Metadata GC Threshold) 225M->19M(512M) 9.149ms
[2024-01-16T11:45:44.028+0000][7][gc,cpu      ] GC(6) User=0.03s Sys=0.00s Real=0.01s
[2024-01-16T11:45:44.028+0000][7][gc          ] GC(7) Concurrent Mark Cycle
[2024-01-16T11:45:44.028+0000][7][gc,marking  ] GC(7) Concurrent Scan Root Regions
[2024-01-16T11:45:44.028+0000][7][safepoint   ] Safepoint "CollectForMetadataAllocation", Time since last: 274907576 ns, Reaching safepoint: 6502 ns, Cleanup: 43473 ns, At safepoint: 9553380 ns, Total: 9603355 ns
[2024-01-16T11:45:44.030+0000][7][gc,marking  ] GC(7) Concurrent Scan Root Regions 2.083ms
[2024-01-16T11:45:44.031+0000][7][gc,marking  ] GC(7) Concurrent Mark
[2024-01-16T11:45:44.031+0000][7][gc,marking  ] GC(7) Concurrent Mark From Roots
[2024-01-16T11:45:44.031+0000][7][gc,task     ] GC(7) Using 3 workers of 3 for marking
[2024-01-16T11:45:44.035+0000][7][gc,marking  ] GC(7) Concurrent Mark From Roots 3.934ms
[2024-01-16T11:45:44.035+0000][7][gc,marking  ] GC(7) Concurrent Preclean
[2024-01-16T11:45:44.035+0000][7][gc,marking  ] GC(7) Concurrent Preclean 0.176ms
[2024-01-16T11:45:44.036+0000][7][gc,start    ] GC(7) Pause Remark
[2024-01-16T11:45:44.038+0000][7][gc          ] GC(7) Pause Remark 21M->21M(512M) 2.163ms
[2024-01-16T11:45:44.038+0000][7][gc,cpu      ] GC(7) User=0.01s Sys=0.00s Real=0.00s
[2024-01-16T11:45:44.038+0000][7][safepoint   ] Safepoint "G1PauseRemark", Time since last: 7559889 ns, Reaching safepoint: 90563 ns, Cleanup: 20088 ns, At safepoint: 2566997 ns, Total: 2677648 ns
[2024-01-16T11:45:44.038+0000][7][gc,marking  ] GC(7) Concurrent Mark 7.655ms
[2024-01-16T11:45:44.039+0000][7][gc,marking  ] GC(7) Concurrent Rebuild Remembered Sets and Scrub Regions
[2024-01-16T11:45:44.040+0000][7][gc,marking  ] GC(7) Concurrent Rebuild Remembered Sets and Scrub Regions 1.608ms
[2024-01-16T11:45:44.042+0000][7][gc,start    ] GC(7) Pause Cleanup
[2024-01-16T11:45:44.042+0000][7][gc          ] GC(7) Pause Cleanup 21M->21M(512M) 0.413ms
[2024-01-16T11:45:44.043+0000][7][gc,cpu      ] GC(7) User=0.00s Sys=0.00s Real=0.00s
[2024-01-16T11:45:44.043+0000][7][safepoint   ] Safepoint "G1PauseCleanup", Time since last: 3045035 ns, Reaching safepoint: 608113 ns, Cleanup: 4007 ns, At safepoint: 745936 ns, Total: 1358056 ns
[2024-01-16T11:45:44.043+0000][7][gc,marking  ] GC(7) Concurrent Clear Claimed Marks
[2024-01-16T11:45:44.043+0000][7][gc,marking  ] GC(7) Concurrent Clear Claimed Marks 0.179ms
[2024-01-16T11:45:44.043+0000][7][gc,marking  ] GC(7) Concurrent Cleanup for Next Mark
[2024-01-16T11:45:44.044+0000][7][gc,marking  ] GC(7) Concurrent Cleanup for Next Mark 0.947ms
[2024-01-16T11:45:44.044+0000][7][gc          ] GC(7) Concurrent Mark Cycle 16.601ms
[2024-01-16T11:45:44.445+0000][7][gc,start    ] GC(8) Pause Young (Prepare Mixed) (G1 Evacuation Pause)
[2024-01-16T11:45:44.446+0000][7][gc,task     ] GC(8) Using 12 workers of 13 for evacuation
[2024-01-16T11:45:44.446+0000][7][gc,age      ] GC(8) Desired survivor size 20971520 bytes, new threshold 15 (max threshold 15)
[2024-01-16T11:45:44.458+0000][7][gc,phases   ] GC(8)   Pre Evacuate Collection Set: 0.2ms
[2024-01-16T11:45:44.458+0000][7][gc,phases   ] GC(8)   Merge Heap Roots: 0.1ms
[2024-01-16T11:45:44.459+0000][7][gc,phases   ] GC(8)   Evacuate Collection Set: 9.4ms
[2024-01-16T11:45:44.459+0000][7][gc,phases   ] GC(8)   Post Evacuate Collection Set: 1.9ms
[2024-01-16T11:45:44.459+0000][7][gc,phases   ] GC(8)   Other: 0.7ms
[2024-01-16T11:45:44.459+0000][7][gc,age      ] GC(8) Age table with threshold 15 (max threshold 15)
[2024-01-16T11:45:44.459+0000][7][gc,age      ] GC(8) - age   1:     963488 bytes,     963488 total
[2024-01-16T11:45:44.460+0000][7][gc,age      ] GC(8) - age   2:    1554232 bytes,    2517720 total
[2024-01-16T11:45:44.460+0000][7][gc,age      ] GC(8) - age   3:     658416 bytes,    3176136 total
[2024-01-16T11:45:44.460+0000][7][gc,age      ] GC(8) - age   4:    3808792 bytes,    6984928 total
[2024-01-16T11:45:44.460+0000][7][gc,age      ] GC(8) - age   5:    3725632 bytes,   10710560 total
[2024-01-16T11:45:44.460+0000][7][gc,age      ] GC(8) - age   6:    1400632 bytes,   12111192 total
[2024-01-16T11:45:44.460+0000][7][gc,age      ] GC(8) - age   7:    1902880 bytes,   14014072 total
[2024-01-16T11:45:44.460+0000][7][gc,heap     ] GC(8) Eden regions: 72->0(72)
[2024-01-16T11:45:44.461+0000][7][gc,heap     ] GC(8) Survivor regions: 4->4(10)
[2024-01-16T11:45:44.461+0000][7][gc,heap     ] GC(8) Old regions: 3->3
[2024-01-16T11:45:44.461+0000][7][gc,heap     ] GC(8) Humongous regions: 0->0
[2024-01-16T11:45:44.461+0000][7][gc,metaspace] GC(8) Metaspace: 21822K(22400K)->21822K(22400K) NonClass: 19206K(19584K)->19206K(19584K) Class: 2616K(2816K)->2616K(2816K)
[2024-01-16T11:45:44.461+0000][7][gc          ] GC(8) Pause Young (Prepare Mixed) (G1 Evacuation Pause) 307M->20M(512M) 16.383ms
[2024-01-16T11:45:44.462+0000][7][gc,cpu      ] GC(8) User=0.04s Sys=0.00s Real=0.02s
[2024-01-16T11:45:44.462+0000][7][safepoint   ] Safepoint "G1CollectForAllocation", Time since last: 402234189 ns, Reaching safepoint: 10470 ns, Cleanup: 48332 ns, At safepoint: 16773573 ns, Total: 16832375 ns
[2024-01-16T11:45:45.769+0000][7][safepoint   ] Safepoint "ICBufferFull", Time since last: 1306895182 ns, Reaching safepoint: 11622 ns, Cleanup: 187078 ns, At safepoint: 3827 ns, Total: 202527 ns
[2024-01-16T11:45:46.499+0000][7][safepoint   ] Safepoint "ICBufferFull", Time since last: 729521408 ns, Reaching safepoint: 23505 ns, Cleanup: 245569 ns, At safepoint: 42722 ns, Total: 311796 ns
[2024-01-16T11:45:46.785+0000][7][gc,start    ] GC(9) Pause Young (Mixed) (G1 Evacuation Pause)
[2024-01-16T11:45:46.786+0000][7][gc,task     ] GC(9) Using 12 workers of 13 for evacuation
[2024-01-16T11:45:46.786+0000][7][gc,age      ] GC(9) Desired survivor size 20971520 bytes, new threshold 15 (max threshold 15)
[2024-01-16T11:45:46.801+0000][7][gc,phases   ] GC(9)   Pre Evacuate Collection Set: 0.4ms
[2024-01-16T11:45:46.801+0000][7][gc,phases   ] GC(9)   Merge Heap Roots: 0.4ms
[2024-01-16T11:45:46.801+0000][7][gc,phases   ] GC(9)   Evacuate Collection Set: 11.7ms
[2024-01-16T11:45:46.801+0000][7][gc,phases   ] GC(9)   Post Evacuate Collection Set: 2.1ms
[2024-01-16T11:45:46.802+0000][7][gc,phases   ] GC(9)   Other: 0.5ms
[2024-01-16T11:45:46.802+0000][7][gc,age      ] GC(9) Age table with threshold 15 (max threshold 15)
[2024-01-16T11:45:46.802+0000][7][gc,age      ] GC(9) - age   1:    9942232 bytes,    9942232 total
[2024-01-16T11:45:46.802+0000][7][gc,age      ] GC(9) - age   2:     933768 bytes,   10876000 total
[2024-01-16T11:45:46.802+0000][7][gc,age      ] GC(9) - age   3:    1535936 bytes,   12411936 total
[2024-01-16T11:45:46.802+0000][7][gc,age      ] GC(9) - age   4:     644880 bytes,   13056816 total
[2024-01-16T11:45:46.803+0000][7][gc,age      ] GC(9) - age   5:    3790464 bytes,   16847280 total
[2024-01-16T11:45:46.803+0000][7][gc,age      ] GC(9) - age   6:    3640088 bytes,   20487368 total
[2024-01-16T11:45:46.803+0000][7][gc,age      ] GC(9) - age   7:    1367496 bytes,   21854864 total
[2024-01-16T11:45:46.803+0000][7][gc,age      ] GC(9) - age   8:    1896232 bytes,   23751096 total
[2024-01-16T11:45:46.803+0000][7][gc,heap     ] GC(9) Eden regions: 72->0(69)
[2024-01-16T11:45:46.804+0000][7][gc,heap     ] GC(9) Survivor regions: 4->7(10)
[2024-01-16T11:45:46.804+0000][7][gc,heap     ] GC(9) Old regions: 3->2
[2024-01-16T11:45:46.804+0000][7][gc,heap     ] GC(9) Humongous regions: 0->0
[2024-01-16T11:45:46.804+0000][7][gc,metaspace] GC(9) Metaspace: 31596K(32640K)->31596K(32640K) NonClass: 27656K(28288K)->27656K(28288K) Class: 3940K(4352K)->3940K(4352K)
[2024-01-16T11:45:46.804+0000][7][gc          ] GC(9) Pause Young (Mixed) (G1 Evacuation Pause) 308M->30M(512M) 19.419ms
[2024-01-16T11:45:46.805+0000][7][gc,cpu      ] GC(9) User=0.10s Sys=0.02s Real=0.02s
[2024-01-16T11:45:46.805+0000][7][safepoint   ] Safepoint "G1CollectForAllocation", Time since last: 286227030 ns, Reaching safepoint: 16442 ns, Cleanup: 74712 ns, At safepoint: 19879041 ns, Total: 19970195 ns
[2024-01-16T11:45:47.805+0000][7][safepoint   ] Safepoint "Cleanup", Time since last: 1000350648 ns, Reaching safepoint: 29366 ns, Cleanup: 113637 ns, At safepoint: 23245 ns, Total: 166248 ns
[2024-01-16T11:45:48.631+0000][7][gc,start    ] GC(10) Pause Young (Concurrent Start) (Metadata GC Threshold)
[2024-01-16T11:45:48.632+0000][7][gc,task     ] GC(10) Using 12 workers of 13 for evacuation
[2024-01-16T11:45:48.632+0000][7][gc,age      ] GC(10) Desired survivor size 20971520 bytes, new threshold 7 (max threshold 15)
[2024-01-16T11:45:48.654+0000][7][gc,phases   ] GC(10)   Pre Evacuate Collection Set: 0.3ms
[2024-01-16T11:45:48.654+0000][7][gc,phases   ] GC(10)   Merge Heap Roots: 0.2ms
[2024-01-16T11:45:48.655+0000][7][gc,phases   ] GC(10)   Evacuate Collection Set: 19.2ms
[2024-01-16T11:45:48.655+0000][7][gc,phases   ] GC(10)   Post Evacuate Collection Set: 2.1ms
[2024-01-16T11:45:48.655+0000][7][gc,phases   ] GC(10)   Other: 0.5ms
[2024-01-16T11:45:48.655+0000][7][gc,age      ] GC(10) Age table with threshold 7 (max threshold 15)
[2024-01-16T11:45:48.655+0000][7][gc,age      ] GC(10) - age   1:   18083216 bytes,   18083216 total
[2024-01-16T11:45:48.655+0000][7][gc,age      ] GC(10) - age   2:    9464952 bytes,   27548168 total
[2024-01-16T11:45:48.655+0000][7][gc,age      ] GC(10) - age   3:     933456 bytes,   28481624 total
[2024-01-16T11:45:48.656+0000][7][gc,age      ] GC(10) - age   4:    1535936 bytes,   30017560 total
[2024-01-16T11:45:48.656+0000][7][gc,age      ] GC(10) - age   5:     644880 bytes,   30662440 total
[2024-01-16T11:45:48.656+0000][7][gc,age      ] GC(10) - age   6:    3788632 bytes,   34451072 total
[2024-01-16T11:45:48.656+0000][7][gc,age      ] GC(10) - age   7:    3636720 bytes,   38087792 total
[2024-01-16T11:45:48.656+0000][7][gc,heap     ] GC(10) Eden regions: 48->0(66)
[2024-01-16T11:45:48.656+0000][7][gc,heap     ] GC(10) Survivor regions: 7->10(10)
[2024-01-16T11:45:48.656+0000][7][gc,heap     ] GC(10) Old regions: 2->3
[2024-01-16T11:45:48.657+0000][7][gc,heap     ] GC(10) Humongous regions: 0->0
[2024-01-16T11:45:48.657+0000][7][gc,metaspace] GC(10) Metaspace: 35165K(36160K)->35165K(36160K) NonClass: 30619K(31232K)->30619K(31232K) Class: 4545K(4928K)->4545K(4928K)
[2024-01-16T11:45:48.657+0000][7][gc          ] GC(10) Pause Young (Concurrent Start) (Metadata GC Threshold) 222M->47M(512M) 25.563ms
[2024-01-16T11:45:48.657+0000][7][gc,cpu      ] GC(10) User=0.21s Sys=0.01s Real=0.02s
[2024-01-16T11:45:48.657+0000][7][gc          ] GC(11) Concurrent Mark Cycle
[2024-01-16T11:45:48.657+0000][7][safepoint   ] Safepoint "CollectForMetadataAllocation", Time since last: 825814338 ns, Reaching safepoint: 6663 ns, Cleanup: 96204 ns, At safepoint: 26031354 ns, Total: 26134221 ns
[2024-01-16T11:45:48.657+0000][7][gc,marking  ] GC(11) Concurrent Scan Root Regions
[2024-01-16T11:45:48.669+0000][7][gc,marking  ] GC(11) Concurrent Scan Root Regions 11.353ms
[2024-01-16T11:45:48.669+0000][7][gc,marking  ] GC(11) Concurrent Mark
[2024-01-16T11:45:48.669+0000][7][gc,marking  ] GC(11) Concurrent Mark From Roots
[2024-01-16T11:45:48.670+0000][7][gc,task     ] GC(11) Using 3 workers of 3 for marking
[2024-01-16T11:45:48.673+0000][7][gc,marking  ] GC(11) Concurrent Mark From Roots 4.130ms
[2024-01-16T11:45:48.674+0000][7][gc,marking  ] GC(11) Concurrent Preclean
[2024-01-16T11:45:48.674+0000][7][gc,marking  ] GC(11) Concurrent Preclean 0.177ms
[2024-01-16T11:45:48.674+0000][7][gc,start    ] GC(11) Pause Remark
[2024-01-16T11:45:48.680+0000][7][gc          ] GC(11) Pause Remark 50M->50M(512M) 5.461ms
[2024-01-16T11:45:48.680+0000][7][gc,cpu      ] GC(11) User=0.03s Sys=0.00s Real=0.01s
[2024-01-16T11:45:48.680+0000][7][safepoint   ] Safepoint "G1PauseRemark", Time since last: 16842772 ns, Reaching safepoint: 91420 ns, Cleanup: 11993 ns, At safepoint: 5996596 ns, Total: 6100009 ns
[2024-01-16T11:45:48.681+0000][7][gc,marking  ] GC(11) Concurrent Mark 11.359ms
[2024-01-16T11:45:48.681+0000][7][gc,marking  ] GC(11) Concurrent Rebuild Remembered Sets and Scrub Regions
[2024-01-16T11:45:48.683+0000][7][gc,marking  ] GC(11) Concurrent Rebuild Remembered Sets and Scrub Regions 2.084ms
[2024-01-16T11:45:48.683+0000][7][gc,start    ] GC(11) Pause Cleanup
[2024-01-16T11:45:48.684+0000][7][gc          ] GC(11) Pause Cleanup 50M->50M(512M) 0.360ms
[2024-01-16T11:45:48.684+0000][7][gc,cpu      ] GC(11) User=0.00s Sys=0.00s Real=0.00s
[2024-01-16T11:45:48.684+0000][7][safepoint   ] Safepoint "G1PauseCleanup", Time since last: 2966721 ns, Reaching safepoint: 86254 ns, Cleanup: 12284 ns, At safepoint: 687344 ns, Total: 785882 ns
[2024-01-16T11:45:48.684+0000][7][gc,marking  ] GC(11) Concurrent Clear Claimed Marks
[2024-01-16T11:45:48.684+0000][7][gc,marking  ] GC(11) Concurrent Clear Claimed Marks 0.230ms
[2024-01-16T11:45:48.685+0000][7][gc,marking  ] GC(11) Concurrent Cleanup for Next Mark
[2024-01-16T11:45:48.685+0000][7][gc,marking  ] GC(11) Concurrent Cleanup for Next Mark 0.777ms
[2024-01-16T11:45:48.686+0000][7][gc          ] GC(11) Concurrent Mark Cycle 28.575ms
[2024-01-16T11:45:49.907+0000][7][safepoint   ] Safepoint "Cleanup", Time since last: 1223081476 ns, Reaching safepoint: 3557 ns, Cleanup: 147222 ns, At safepoint: 9127 ns, Total: 159906 ns
[2024-01-16T11:45:50.613+0000][7][gc,start    ] GC(12) Pause Young (Normal) (G1 Evacuation Pause)
[2024-01-16T11:45:50.614+0000][7][gc,task     ] GC(12) Using 12 workers of 13 for evacuation
[2024-01-16T11:45:50.614+0000][7][gc,age      ] GC(12) Desired survivor size 20971520 bytes, new threshold 2 (max threshold 15)
[2024-01-16T11:45:50.643+0000][7][gc,phases   ] GC(12)   Pre Evacuate Collection Set: 0.3ms
[2024-01-16T11:45:50.643+0000][7][gc,phases   ] GC(12)   Merge Heap Roots: 0.1ms
[2024-01-16T11:45:50.643+0000][7][gc,phases   ] GC(12)   Evacuate Collection Set: 24.8ms
[2024-01-16T11:45:50.644+0000][7][gc,phases   ] GC(12)   Post Evacuate Collection Set: 2.9ms
[2024-01-16T11:45:50.644+0000][7][gc,phases   ] GC(12)   Other: 0.8ms
[2024-01-16T11:45:50.644+0000][7][gc,age      ] GC(12) Age table with threshold 2 (max threshold 15)
[2024-01-16T11:45:50.644+0000][7][gc,age      ] GC(12) - age   1:    6206952 bytes,    6206952 total
[2024-01-16T11:45:50.644+0000][7][gc,age      ] GC(12) - age   2:   17968928 bytes,   24175880 total
[2024-01-16T11:45:50.644+0000][7][gc,heap     ] GC(12) Eden regions: 66->0(69)
[2024-01-16T11:45:50.645+0000][7][gc,heap     ] GC(12) Survivor regions: 10->7(10)
[2024-01-16T11:45:50.645+0000][7][gc,heap     ] GC(12) Old regions: 3->8
[2024-01-16T11:45:50.645+0000][7][gc,heap     ] GC(12) Humongous regions: 0->0
[2024-01-16T11:45:50.645+0000][7][gc,metaspace] GC(12) Metaspace: 53387K(54656K)->53387K(54656K) NonClass: 46338K(47104K)->46338K(47104K) Class: 7048K(7552K)->7048K(7552K)
[2024-01-16T11:45:50.645+0000][7][gc          ] GC(12) Pause Young (Normal) (G1 Evacuation Pause) 311M->55M(512M) 32.027ms
[2024-01-16T11:45:50.645+0000][7][gc,cpu      ] GC(12) User=0.19s Sys=0.01s Real=0.03s
[2024-01-16T11:45:50.658+0000][7][safepoint   ] Safepoint "G1CollectForAllocation", Time since last: 706147910 ns, Reaching safepoint: 141148 ns, Cleanup: 190785 ns, At safepoint: 45046087 ns, Total: 45378020 ns
[2024-01-16T11:45:51.411+0000][7][gc,start    ] GC(13) Pause Young (Concurrent Start) (Metadata GC Threshold)
[2024-01-16T11:45:51.413+0000][7][gc,task     ] GC(13) Using 12 workers of 13 for evacuation
[2024-01-16T11:45:51.413+0000][7][gc,age      ] GC(13) Desired survivor size 20971520 bytes, new threshold 2 (max threshold 15)
[2024-01-16T11:45:51.431+0000][7][gc,phases   ] GC(13)   Pre Evacuate Collection Set: 0.5ms
[2024-01-16T11:45:51.432+0000][7][gc,phases   ] GC(13)   Merge Heap Roots: 0.1ms
[2024-01-16T11:45:51.432+0000][7][gc,phases   ] GC(13)   Evacuate Collection Set: 14.9ms
[2024-01-16T11:45:51.432+0000][7][gc,phases   ] GC(13)   Post Evacuate Collection Set: 2.5ms
[2024-01-16T11:45:51.432+0000][7][gc,phases   ] GC(13)   Other: 0.9ms
[2024-01-16T11:45:51.433+0000][7][gc,age      ] GC(13) Age table with threshold 2 (max threshold 15)
[2024-01-16T11:45:51.433+0000][7][gc,age      ] GC(13) - age   1:    3430072 bytes,    3430072 total
[2024-01-16T11:45:51.433+0000][7][gc,age      ] GC(13) - age   2:    5933096 bytes,    9363168 total
[2024-01-16T11:45:51.433+0000][7][gc,heap     ] GC(13) Eden regions: 28->0(73)
[2024-01-16T11:45:51.433+0000][7][gc,heap     ] GC(13) Survivor regions: 7->3(10)
[2024-01-16T11:45:51.433+0000][7][gc,heap     ] GC(13) Old regions: 8->12
[2024-01-16T11:45:51.433+0000][7][gc,heap     ] GC(13) Humongous regions: 0->0
[2024-01-16T11:45:51.433+0000][7][gc,metaspace] GC(13) Metaspace: 59527K(60736K)->59527K(60736K) NonClass: 51634K(52352K)->51634K(52352K) Class: 7893K(8384K)->7893K(8384K)
[2024-01-16T11:45:51.434+0000][7][gc          ] GC(13) Pause Young (Concurrent Start) (Metadata GC Threshold) 167M->58M(512M) 22.141ms
[2024-01-16T11:45:51.434+0000][7][gc,cpu      ] GC(13) User=0.12s Sys=0.01s Real=0.02s
[2024-01-16T11:45:51.434+0000][7][gc          ] GC(14) Concurrent Mark Cycle
[2024-01-16T11:45:51.434+0000][7][gc,marking  ] GC(14) Concurrent Scan Root Regions
[2024-01-16T11:45:51.434+0000][7][safepoint   ] Safepoint "CollectForMetadataAllocation", Time since last: 753019470 ns, Reaching safepoint: 21250 ns, Cleanup: 303821 ns, At safepoint: 22566887 ns, Total: 22891958 ns
[2024-01-16T11:45:51.440+0000][7][gc,marking  ] GC(14) Concurrent Scan Root Regions 6.334ms
[2024-01-16T11:45:51.441+0000][7][gc,marking  ] GC(14) Concurrent Mark
[2024-01-16T11:45:51.441+0000][7][gc,marking  ] GC(14) Concurrent Mark From Roots
[2024-01-16T11:45:51.441+0000][7][gc,task     ] GC(14) Using 3 workers of 3 for marking
[2024-01-16T11:45:51.451+0000][7][gc,marking  ] GC(14) Concurrent Mark From Roots 10.494ms
[2024-01-16T11:45:51.452+0000][7][gc,marking  ] GC(14) Concurrent Preclean
[2024-01-16T11:45:51.452+0000][7][gc,marking  ] GC(14) Concurrent Preclean 0.375ms
[2024-01-16T11:45:51.452+0000][7][gc,start    ] GC(14) Pause Remark
[2024-01-16T11:45:51.457+0000][7][gc          ] GC(14) Pause Remark 60M->60M(512M) 4.245ms
[2024-01-16T11:45:51.457+0000][7][gc,cpu      ] GC(14) User=0.02s Sys=0.00s Real=0.00s
[2024-01-16T11:45:51.457+0000][7][safepoint   ] Safepoint "G1PauseRemark", Time since last: 18293420 ns, Reaching safepoint: 98408 ns, Cleanup: 11773 ns, At safepoint: 4811898 ns, Total: 4922079 ns
[2024-01-16T11:45:51.457+0000][7][gc,marking  ] GC(14) Concurrent Mark 16.695ms
[2024-01-16T11:45:51.458+0000][7][gc,marking  ] GC(14) Concurrent Rebuild Remembered Sets and Scrub Regions
[2024-01-16T11:45:51.461+0000][7][gc,marking  ] GC(14) Concurrent Rebuild Remembered Sets and Scrub Regions 3.189ms
[2024-01-16T11:45:51.461+0000][7][gc,start    ] GC(14) Pause Cleanup
[2024-01-16T11:45:51.461+0000][7][gc          ] GC(14) Pause Cleanup 60M->60M(512M) 0.175ms
[2024-01-16T11:45:51.461+0000][7][gc,cpu      ] GC(14) User=0.00s Sys=0.00s Real=0.00s
[2024-01-16T11:45:51.462+0000][7][safepoint   ] Safepoint "G1PauseCleanup", Time since last: 3849366 ns, Reaching safepoint: 96499 ns, Cleanup: 11663 ns, At safepoint: 457965 ns, Total: 566127 ns
[2024-01-16T11:45:51.462+0000][7][gc,marking  ] GC(14) Concurrent Clear Claimed Marks
[2024-01-16T11:45:51.462+0000][7][gc,marking  ] GC(14) Concurrent Clear Claimed Marks 0.215ms
[2024-01-16T11:45:51.462+0000][7][gc,marking  ] GC(14) Concurrent Cleanup for Next Mark
[2024-01-16T11:45:51.463+0000][7][gc,marking  ] GC(14) Concurrent Cleanup for Next Mark 0.840ms
[2024-01-16T11:45:51.463+0000][7][gc          ] GC(14) Concurrent Mark Cycle 29.481ms
[2024-01-16T11:45:52.520+0000][7][safepoint   ] Safepoint "ICBufferFull", Time since last: 1057830998 ns, Reaching safepoint: 9097 ns, Cleanup: 170697 ns, At safepoint: 3737 ns, Total: 183531 ns
[2024-01-16T11:45:53.693+0000][7][safepoint   ] Safepoint "Cleanup", Time since last: 1173577854 ns, Reaching safepoint: 3977 ns, Cleanup: 139607 ns, At safepoint: 11602 ns, Total: 155186 ns
[2024-01-16T11:45:54.559+0000][7][safepoint   ] Safepoint "ICBufferFull", Time since last: 865338918 ns, Reaching safepoint: 10841 ns, Cleanup: 170926 ns, At safepoint: 3327 ns, Total: 185094 ns
[2024-01-16T11:45:54.889+0000][7][gc,start    ] GC(15) Pause Young (Normal) (G1 Evacuation Pause)
[2024-01-16T11:45:54.895+0000][7][gc,task     ] GC(15) Using 12 workers of 13 for evacuation
[2024-01-16T11:45:54.895+0000][7][gc,age      ] GC(15) Desired survivor size 20971520 bytes, new threshold 15 (max threshold 15)
[2024-01-16T11:45:54.919+0000][7][gc,phases   ] GC(15)   Pre Evacuate Collection Set: 0.8ms
[2024-01-16T11:45:54.920+0000][7][gc,phases   ] GC(15)   Merge Heap Roots: 0.5ms
[2024-01-16T11:45:54.920+0000][7][gc,phases   ] GC(15)   Evacuate Collection Set: 17.6ms
[2024-01-16T11:45:54.920+0000][7][gc,phases   ] GC(15)   Post Evacuate Collection Set: 4.7ms
[2024-01-16T11:45:54.920+0000][7][gc,phases   ] GC(15)   Other: 0.5ms
[2024-01-16T11:45:54.920+0000][7][gc,age      ] GC(15) Age table with threshold 15 (max threshold 15)
[2024-01-16T11:45:54.920+0000][7][gc,age      ] GC(15) - age   1:   14083008 bytes,   14083008 total
[2024-01-16T11:45:54.920+0000][7][gc,age      ] GC(15) - age   2:    3319408 bytes,   17402416 total
[2024-01-16T11:45:54.920+0000][7][gc,age      ] GC(15) - age   3:    5749264 bytes,   23151680 total
[2024-01-16T11:45:54.921+0000][7][gc,heap     ] GC(15) Eden regions: 73->0(70)
[2024-01-16T11:45:54.921+0000][7][gc,heap     ] GC(15) Survivor regions: 3->6(10)
[2024-01-16T11:45:54.921+0000][7][gc,heap     ] GC(15) Old regions: 12->12
[2024-01-16T11:45:54.921+0000][7][gc,heap     ] GC(15) Humongous regions: 0->0
[2024-01-16T11:45:54.921+0000][7][gc,metaspace] GC(15) Metaspace: 88967K(91712K)->88967K(91712K) NonClass: 76623K(78080K)->76623K(78080K) Class: 12343K(13632K)->12343K(13632K)
[2024-01-16T11:45:54.921+0000][7][gc          ] GC(15) Pause Young (Normal) (G1 Evacuation Pause) 350M->71M(512M) 32.046ms
[2024-01-16T11:45:54.921+0000][7][gc,cpu      ] GC(15) User=0.08s Sys=0.01s Real=0.03s
[2024-01-16T11:45:54.922+0000][7][safepoint   ] Safepoint "G1CollectForAllocation", Time since last: 330294643 ns, Reaching safepoint: 6492 ns, Cleanup: 40107 ns, At safepoint: 32357350 ns, Total: 32403949 ns
[2024-01-16T11:45:55.454+0000][7][safepoint   ] Safepoint "ICBufferFull", Time since last: 531717066 ns, Reaching safepoint: 96975 ns, Cleanup: 167921 ns, At safepoint: 52199 ns, Total: 317095 ns
[2024-01-16T11:45:55.504+0000][7][safepoint   ] Safepoint "ICBufferFull", Time since last: 50233107 ns, Reaching safepoint: 6142 ns, Cleanup: 98317 ns, At safepoint: 1834 ns, Total: 106293 ns
[2024-01-16T11:45:55.842+0000][7][safepoint   ] Safepoint "ICBufferFull", Time since last: 338166639 ns, Reaching safepoint: 5721 ns, Cleanup: 107606 ns, At safepoint: 1953 ns, Total: 115280 ns
[2024-01-16T11:45:56.077+0000][7][gc,start    ] GC(16) Pause Young (Concurrent Start) (Metadata GC Threshold)
[2024-01-16T11:45:56.078+0000][7][gc,task     ] GC(16) Using 12 workers of 13 for evacuation
[2024-01-16T11:45:56.078+0000][7][gc,age      ] GC(16) Desired survivor size 20971520 bytes, new threshold 3 (max threshold 15)
[2024-01-16T11:45:56.089+0000][7][gc,phases   ] GC(16)   Pre Evacuate Collection Set: 0.2ms
[2024-01-16T11:45:56.089+0000][7][gc,phases   ] GC(16)   Merge Heap Roots: 0.1ms
[2024-01-16T11:45:56.089+0000][7][gc,phases   ] GC(16)   Evacuate Collection Set: 9.4ms
[2024-01-16T11:45:56.090+0000][7][gc,phases   ] GC(16)   Post Evacuate Collection Set: 1.2ms
[2024-01-16T11:45:56.090+0000][7][gc,phases   ] GC(16)   Other: 0.3ms
[2024-01-16T11:45:56.090+0000][7][gc,age      ] GC(16) Age table with threshold 3 (max threshold 15)
[2024-01-16T11:45:56.090+0000][7][gc,age      ] GC(16) - age   1:    3442616 bytes,    3442616 total
[2024-01-16T11:45:56.090+0000][7][gc,age      ] GC(16) - age   2:   13668784 bytes,   17111400 total
[2024-01-16T11:45:56.090+0000][7][gc,age      ] GC(16) - age   3:    3310616 bytes,   20422016 total
[2024-01-16T11:45:56.090+0000][7][gc,heap     ] GC(16) Eden regions: 22->0(70)
[2024-01-16T11:45:56.090+0000][7][gc,heap     ] GC(16) Survivor regions: 6->6(10)
[2024-01-16T11:45:56.090+0000][7][gc,heap     ] GC(16) Old regions: 12->14
[2024-01-16T11:45:56.090+0000][7][gc,heap     ] GC(16) Humongous regions: 0->0
[2024-01-16T11:45:56.091+0000][7][gc,metaspace] GC(16) Metaspace: 98796K(101568K)->98796K(101568K) NonClass: 85058K(86528K)->85058K(86528K) Class: 13737K(15040K)->13737K(15040K)
[2024-01-16T11:45:56.091+0000][7][gc          ] GC(16) Pause Young (Concurrent Start) (Metadata GC Threshold) 159M->75M(512M) 13.320ms
[2024-01-16T11:45:56.091+0000][7][gc,cpu      ] GC(16) User=0.12s Sys=0.00s Real=0.02s
[2024-01-16T11:45:56.091+0000][7][gc          ] GC(17) Concurrent Mark Cycle
[2024-01-16T11:45:56.091+0000][7][gc,marking  ] GC(17) Concurrent Scan Root Regions
[2024-01-16T11:45:56.091+0000][7][safepoint   ] Safepoint "CollectForMetadataAllocation", Time since last: 235040603 ns, Reaching safepoint: 8746 ns, Cleanup: 84432 ns, At safepoint: 13655525 ns, Total: 13748703 ns
[2024-01-16T11:45:56.099+0000][7][gc,marking  ] GC(17) Concurrent Scan Root Regions 7.631ms
[2024-01-16T11:45:56.099+0000][7][gc,marking  ] GC(17) Concurrent Mark
[2024-01-16T11:45:56.099+0000][7][gc,marking  ] GC(17) Concurrent Mark From Roots
[2024-01-16T11:45:56.099+0000][7][gc,task     ] GC(17) Using 3 workers of 3 for marking
[2024-01-16T11:45:56.113+0000][7][safepoint   ] Safepoint "CollectForMetadataAllocation", Time since last: 21753603 ns, Reaching safepoint: 52285 ns, Cleanup: 21281 ns, At safepoint: 77698 ns, Total: 151264 ns
[2024-01-16T11:45:56.120+0000][7][gc,marking  ] GC(17) Concurrent Mark From Roots 21.054ms
[2024-01-16T11:45:56.121+0000][7][gc,marking  ] GC(17) Concurrent Preclean
[2024-01-16T11:45:56.121+0000][7][gc,marking  ] GC(17) Concurrent Preclean 0.326ms
[2024-01-16T11:45:56.121+0000][7][gc,start    ] GC(17) Pause Remark
[2024-01-16T11:45:56.126+0000][7][gc          ] GC(17) Pause Remark 81M->81M(512M) 4.982ms
[2024-01-16T11:45:56.126+0000][7][gc,cpu      ] GC(17) User=0.03s Sys=0.00s Real=0.00s
[2024-01-16T11:45:56.127+0000][7][safepoint   ] Safepoint "G1PauseRemark", Time since last: 8099606 ns, Reaching safepoint: 168522 ns, Cleanup: 3537 ns, At safepoint: 5398543 ns, Total: 5570602 ns
[2024-01-16T11:45:56.127+0000][7][gc,marking  ] GC(17) Concurrent Mark 27.868ms
[2024-01-16T11:45:56.127+0000][7][gc,marking  ] GC(17) Concurrent Rebuild Remembered Sets and Scrub Regions
[2024-01-16T11:45:56.136+0000][7][gc,marking  ] GC(17) Concurrent Rebuild Remembered Sets and Scrub Regions 8.910ms
[2024-01-16T11:45:56.136+0000][7][gc,start    ] GC(17) Pause Cleanup
[2024-01-16T11:45:56.137+0000][7][gc          ] GC(17) Pause Cleanup 82M->82M(512M) 0.295ms
[2024-01-16T11:45:56.137+0000][7][gc,cpu      ] GC(17) User=0.01s Sys=0.00s Real=0.00s
[2024-01-16T11:45:56.137+0000][7][safepoint   ] Safepoint "G1PauseCleanup", Time since last: 9655505 ns, Reaching safepoint: 87757 ns, Cleanup: 13667 ns, At safepoint: 626087 ns, Total: 727511 ns
[2024-01-16T11:45:56.137+0000][7][gc,marking  ] GC(17) Concurrent Clear Claimed Marks
[2024-01-16T11:45:56.138+0000][7][gc,marking  ] GC(17) Concurrent Clear Claimed Marks 0.439ms
[2024-01-16T11:45:56.138+0000][7][gc,marking  ] GC(17) Concurrent Cleanup for Next Mark
[2024-01-16T11:45:56.139+0000][7][gc,marking  ] GC(17) Concurrent Cleanup for Next Mark 0.776ms
[2024-01-16T11:45:56.139+0000][7][gc          ] GC(17) Concurrent Mark Cycle 47.830ms
[2024-01-16T11:45:56.337+0000][7][safepoint   ] Safepoint "ICBufferFull", Time since last: 200102914 ns, Reaching safepoint: 113928 ns, Cleanup: 183210 ns, At safepoint: 34847 ns, Total: 331985 ns
[2024-01-16T11:45:56.815+0000][7][safepoint   ] Safepoint "ICBufferFull", Time since last: 477114693 ns, Reaching safepoint: 90839 ns, Cleanup: 133745 ns, At safepoint: 23285 ns, Total: 247869 ns
[2024-01-16T11:45:57.106+0000][7][safepoint   ] Safepoint "ICBufferFull", Time since last: 291187131 ns, Reaching safepoint: 9829 ns, Cleanup: 102345 ns, At safepoint: 26250 ns, Total: 138424 ns
[2024-01-16T11:45:57.274+0000][7][safepoint   ] Safepoint "ICBufferFull", Time since last: 167943203 ns, Reaching safepoint: 86816 ns, Cleanup: 149396 ns, At safepoint: 42591 ns, Total: 278803 ns
[2024-01-16T11:45:57.403+0000][7][safepoint   ] Safepoint "ICBufferFull", Time since last: 125501253 ns, Reaching safepoint: 3164578 ns, Cleanup: 97407 ns, At safepoint: 93568 ns, Total: 3355553 ns
[2024-01-16T11:45:57.616+0000][7][safepoint   ] Safepoint "ICBufferFull", Time since last: 212383007 ns, Reaching safepoint: 13015 ns, Cleanup: 185094 ns, At safepoint: 33063 ns, Total: 231172 ns
[2024-01-16T11:45:57.854+0000][7][safepoint   ] Safepoint "ICBufferFull", Time since last: 238157215 ns, Reaching safepoint: 94479 ns, Cleanup: 120230 ns, At safepoint: 27523 ns, Total: 242232 ns
[2024-01-16T11:45:58.382+0000][7][safepoint   ] Safepoint "ICBufferFull", Time since last: 527254155 ns, Reaching safepoint: 177008 ns, Cleanup: 126803 ns, At safepoint: 77949 ns, Total: 381760 ns
[2024-01-16T11:45:58.484+0000][7][safepoint   ] Safepoint "ICBufferFull", Time since last: 102126030 ns, Reaching safepoint: 98338 ns, Cleanup: 103157 ns, At safepoint: 92267 ns, Total: 293762 ns
[2024-01-16T11:45:58.570+0000][7][gc,start    ] GC(18) Pause Young (Prepare Mixed) (G1 Evacuation Pause)
[2024-01-16T11:45:58.570+0000][7][gc,task     ] GC(18) Using 12 workers of 13 for evacuation
[2024-01-16T11:45:58.570+0000][7][gc,age      ] GC(18) Desired survivor size 20971520 bytes, new threshold 15 (max threshold 15)
[2024-01-16T11:45:58.587+0000][7][gc,phases   ] GC(18)   Pre Evacuate Collection Set: 0.2ms
[2024-01-16T11:45:58.587+0000][7][gc,phases   ] GC(18)   Merge Heap Roots: 0.1ms
[2024-01-16T11:45:58.587+0000][7][gc,phases   ] GC(18)   Evacuate Collection Set: 14.3ms
[2024-01-16T11:45:58.587+0000][7][gc,phases   ] GC(18)   Post Evacuate Collection Set: 1.4ms
[2024-01-16T11:45:58.587+0000][7][gc,phases   ] GC(18)   Other: 0.2ms
[2024-01-16T11:45:58.587+0000][7][gc,age      ] GC(18) Age table with threshold 15 (max threshold 15)
[2024-01-16T11:45:58.587+0000][7][gc,age      ] GC(18) - age   1:   11991864 bytes,   11991864 total
[2024-01-16T11:45:58.588+0000][7][gc,age      ] GC(18) - age   2:    3065368 bytes,   15057232 total
[2024-01-16T11:45:58.588+0000][7][gc,age      ] GC(18) - age   3:   13591528 bytes,   28648760 total
[2024-01-16T11:45:58.588+0000][7][gc,age      ] GC(18) - age   4:    3305864 bytes,   31954624 total
[2024-01-16T11:45:58.588+0000][7][gc,heap     ] GC(18) Eden regions: 70->0(67)
[2024-01-16T11:45:58.588+0000][7][gc,heap     ] GC(18) Survivor regions: 6->9(10)
[2024-01-16T11:45:58.588+0000][7][gc,heap     ] GC(18) Old regions: 14->14
[2024-01-16T11:45:58.588+0000][7][gc,heap     ] GC(18) Humongous regions: 2->2
[2024-01-16T11:45:58.588+0000][7][gc,metaspace] GC(18) Metaspace: 109363K(112192K)->109363K(112192K) NonClass: 94197K(95680K)->94197K(95680K) Class: 15166K(16512K)->15166K(16512K)
[2024-01-16T11:45:58.588+0000][7][gc          ] GC(18) Pause Young (Prepare Mixed) (G1 Evacuation Pause) 363M->94M(512M) 18.068ms
[2024-01-16T11:45:58.588+0000][7][gc,cpu      ] GC(18) User=0.12s Sys=0.03s Real=0.01s
[2024-01-16T11:45:58.589+0000][7][safepoint   ] Safepoint "G1CollectForAllocation", Time since last: 83747913 ns, Reaching safepoint: 2106442 ns, Cleanup: 76135 ns, At safepoint: 18436068 ns, Total: 20618645 ns
[2024-01-16T11:45:58.860+0000][7][safepoint   ] Safepoint "ICBufferFull", Time since last: 270807073 ns, Reaching safepoint: 9738 ns, Cleanup: 103538 ns, At safepoint: 20229 ns, Total: 133505 ns
[2024-01-16T11:45:58.981+0000][7][safepoint   ] Safepoint "ICBufferFull", Time since last: 121411541 ns, Reaching safepoint: 12414 ns, Cleanup: 112234 ns, At safepoint: 19408 ns, Total: 144056 ns
[2024-01-16T11:46:00.114+0000][7][safepoint   ] Safepoint "ICBufferFull", Time since last: 1132953233 ns, Reaching safepoint: 18606 ns, Cleanup: 160466 ns, At safepoint: 43714 ns, Total: 222786 ns
[2024-01-16T11:46:00.739+0000][7][safepoint   ] Safepoint "ICBufferFull", Time since last: 624273039 ns, Reaching safepoint: 95558 ns, Cleanup: 126081 ns, At safepoint: 103237 ns, Total: 324876 ns
[2024-01-16T11:46:00.739+0000][7][safepoint   ] Safepoint "ICBufferFull", Time since last: 255012 ns, Reaching safepoint: 37903 ns, Cleanup: 1543 ns, At safepoint: 58502 ns, Total: 97948 ns
[2024-01-16T11:46:01.819+0000][7][safepoint   ] Safepoint "Cleanup", Time since last: 1079185065 ns, Reaching safepoint: 15550 ns, Cleanup: 135209 ns, At safepoint: 3135 ns, Total: 153894 ns
[2024-01-16T11:46:02.819+0000][7][safepoint   ] Safepoint "Cleanup", Time since last: 1000364375 ns, Reaching safepoint: 15560 ns, Cleanup: 19737 ns, At safepoint: 2505 ns, Total: 37802 ns
[2024-01-16T11:46:03.954+0000][7][safepoint   ] Safepoint "ICBufferFull", Time since last: 1134439895 ns, Reaching safepoint: 13917 ns, Cleanup: 113126 ns, At safepoint: 28675 ns, Total: 155718 ns
[2024-01-16T11:46:04.954+0000][7][safepoint   ] Safepoint "Cleanup", Time since last: 1000384102 ns, Reaching safepoint: 37452 ns, Cleanup: 58121 ns, At safepoint: 3356 ns, Total: 98929 ns
[2024-01-16T11:46:05.955+0000][7][safepoint   ] Safepoint "Cleanup", Time since last: 1000458534 ns, Reaching safepoint: 15981 ns, Cleanup: 30308 ns, At safepoint: 3226 ns, Total: 49515 ns
[2024-01-16T11:46:06.661+0000][7][gc,start    ] GC(19) Pause Young (Mixed) (G1 Evacuation Pause)
[2024-01-16T11:46:06.661+0000][7][gc,task     ] GC(19) Using 12 workers of 13 for evacuation
[2024-01-16T11:46:06.661+0000][7][gc,age      ] GC(19) Desired survivor size 20971520 bytes, new threshold 3 (max threshold 15)
[2024-01-16T11:46:06.680+0000][7][gc,phases   ] GC(19)   Pre Evacuate Collection Set: 0.2ms
[2024-01-16T11:46:06.680+0000][7][gc,phases   ] GC(19)   Merge Heap Roots: 0.1ms
[2024-01-16T11:46:06.680+0000][7][gc,phases   ] GC(19)   Evacuate Collection Set: 16.3ms
[2024-01-16T11:46:06.680+0000][7][gc,phases   ] GC(19)   Post Evacuate Collection Set: 1.2ms
[2024-01-16T11:46:06.680+0000][7][gc,phases   ] GC(19)   Other: 0.3ms
[2024-01-16T11:46:06.680+0000][7][gc,age      ] GC(19) Age table with threshold 3 (max threshold 15)
[2024-01-16T11:46:06.680+0000][7][gc,age      ] GC(19) - age   1:    5903928 bytes,    5903928 total
[2024-01-16T11:46:06.680+0000][7][gc,age      ] GC(19) - age   2:    6553080 bytes,   12457008 total
[2024-01-16T11:46:06.681+0000][7][gc,age      ] GC(19) - age   3:    3050936 bytes,   15507944 total
[2024-01-16T11:46:06.681+0000][7][gc,heap     ] GC(19) Eden regions: 67->0(71)
[2024-01-16T11:46:06.681+0000][7][gc,heap     ] GC(19) Survivor regions: 9->5(10)
[2024-01-16T11:46:06.681+0000][7][gc,heap     ] GC(19) Old regions: 14->18
[2024-01-16T11:46:06.681+0000][7][gc,heap     ] GC(19) Humongous regions: 2->2
[2024-01-16T11:46:06.681+0000][7][gc,metaspace] GC(19) Metaspace: 113694K(116672K)->113694K(116672K) NonClass: 97959K(99584K)->97959K(99584K) Class: 15735K(17088K)->15735K(17088K)
[2024-01-16T11:46:06.681+0000][7][gc          ] GC(19) Pause Young (Mixed) (G1 Evacuation Pause) 362M->94M(512M) 20.110ms
[2024-01-16T11:46:06.681+0000][7][gc,cpu      ] GC(19) User=0.13s Sys=0.00s Real=0.02s
[2024-01-16T11:46:06.681+0000][7][safepoint   ] Safepoint "G1CollectForAllocation", Time since last: 706390476 ns, Reaching safepoint: 10601 ns, Cleanup: 25649 ns, At safepoint: 20372498 ns, Total: 20408748 ns
[2024-01-16T11:46:07.682+0000][7][safepoint   ] Safepoint "Cleanup", Time since last: 1000174672 ns, Reaching safepoint: 12234 ns, Cleanup: 51308 ns, At safepoint: 2294 ns, Total: 65836 ns
[2024-01-16T11:46:08.682+0000][7][safepoint   ] Safepoint "Cleanup", Time since last: 1000303227 ns, Reaching safepoint: 15169 ns, Cleanup: 20940 ns, At safepoint: 2485 ns, Total: 38594 ns
[2024-01-16T11:46:09.682+0000][7][safepoint   ] Safepoint "Cleanup", Time since last: 1000344156 ns, Reaching safepoint: 11201 ns, Cleanup: 22764 ns, At safepoint: 16642 ns, Total: 50607 ns
[2024-01-16T11:46:10.683+0000][7][safepoint   ] Safepoint "Cleanup", Time since last: 1000243413 ns, Reaching safepoint: 14437 ns, Cleanup: 57440 ns, At safepoint: 2906 ns, Total: 74783 ns
[2024-01-16T11:46:11.683+0000][7][safepoint   ] Safepoint "Cleanup", Time since last: 1000349425 ns, Reaching safepoint: 14077 ns, Cleanup: 25158 ns, At safepoint: 2976 ns, Total: 42211 ns
[2024-01-16T11:46:12.683+0000][7][safepoint   ] Safepoint "Cleanup", Time since last: 1000364515 ns, Reaching safepoint: 12624 ns, Cleanup: 27182 ns, At safepoint: 2455 ns, Total: 42261 ns
[2024-01-16T11:46:13.684+0000][7][safepoint   ] Safepoint "Cleanup", Time since last: 1000371938 ns, Reaching safepoint: 14929 ns, Cleanup: 24777 ns, At safepoint: 2635 ns, Total: 42341 ns
[2024-01-16T11:46:14.684+0000][7][safepoint   ] Safepoint "Cleanup", Time since last: 1000395885 ns, Reaching safepoint: 13966 ns, Cleanup: 12164 ns, At safepoint: 2304 ns, Total: 28434 ns
[2024-01-16T11:46:15.685+0000][7][safepoint   ] Safepoint "Cleanup", Time since last: 1000428472 ns, Reaching safepoint: 10650 ns, Cleanup: 18456 ns, At safepoint: 1823 ns, Total: 30929 ns
[2024-01-16T11:46:16.685+0000][7][safepoint   ] Safepoint "Cleanup", Time since last: 1000194895 ns, Reaching safepoint: 14699 ns, Cleanup: 142482 ns, At safepoint: 2585 ns, Total: 159766 ns
[2024-01-16T11:46:18.686+0000][7][safepoint   ] Safepoint "Cleanup", Time since last: 2000483460 ns, Reaching safepoint: 98257 ns, Cleanup: 22313 ns, At safepoint: 29847 ns, Total: 150417 ns
[2024-01-16T11:46:19.687+0000][7][safepoint   ] Safepoint "Cleanup", Time since last: 1000283119 ns, Reaching safepoint: 15740 ns, Cleanup: 29596 ns, At safepoint: 2505 ns, Total: 47841 ns
[2024-01-16T11:46:20.687+0000][7][safepoint   ] Safepoint "Cleanup", Time since last: 1000346851 ns, Reaching safepoint: 13626 ns, Cleanup: 11612 ns, At safepoint: 2274 ns, Total: 27512 ns
[2024-01-16T11:46:21.688+0000][7][safepoint   ] Safepoint "Cleanup", Time since last: 1000314810 ns, Reaching safepoint: 14137 ns, Cleanup: 32482 ns, At safepoint: 3096 ns, Total: 49715 ns
[2024-01-16T11:46:22.688+0000][7][safepoint   ] Safepoint "Cleanup", Time since last: 1000225118 ns, Reaching safepoint: 12153 ns, Cleanup: 25720 ns, At safepoint: 1803 ns, Total: 39676 ns
[2024-01-16T11:46:23.688+0000][7][safepoint   ] Safepoint "Cleanup", Time since last: 1000237843 ns, Reaching safepoint: 14838 ns, Cleanup: 24376 ns, At safepoint: 2615 ns, Total: 41829 ns
[2024-01-16T11:46:24.688+0000][7][safepoint   ] Safepoint "Cleanup", Time since last: 1000372570 ns, Reaching safepoint: 15230 ns, Cleanup: 46969 ns, At safepoint: 2535 ns, Total: 64734 ns
[2024-01-16T11:46:26.689+0000][7][safepoint   ] Safepoint "Cleanup", Time since last: 2000453683 ns, Reaching safepoint: 15991 ns, Cleanup: 46298 ns, At safepoint: 3407 ns, Total: 65696 ns
[2024-01-16T11:46:27.689+0000][7][safepoint   ] Safepoint "Cleanup", Time since last: 1000364174 ns, Reaching safepoint: 14517 ns, Cleanup: 25800 ns, At safepoint: 2635 ns, Total: 42952 ns
[2024-01-16T11:46:28.690+0000][7][safepoint   ] Safepoint "Cleanup", Time since last: 1000327974 ns, Reaching safepoint: 19378 ns, Cleanup: 98408 ns, At safepoint: 4017 ns, Total: 121803 ns
[2024-01-16T11:46:29.690+0000][7][safepoint   ] Safepoint "Cleanup", Time since last: 1000386206 ns, Reaching safepoint: 38434 ns, Cleanup: 19928 ns, At safepoint: 4478 ns, Total: 62840 ns
[2024-01-16T11:46:30.691+0000][7][safepoint   ] Safepoint "Cleanup", Time since last: 1000336532 ns, Reaching safepoint: 12353 ns, Cleanup: 13115 ns, At safepoint: 2114 ns, Total: 27582 ns
[2024-01-16T11:46:31.691+0000][7][safepoint   ] Safepoint "Cleanup", Time since last: 1000375466 ns, Reaching safepoint: 15199 ns, Cleanup: 16091 ns, At safepoint: 2785 ns, Total: 34075 ns
[2024-01-16T11:46:33.692+0000][7][safepoint   ] Safepoint "Cleanup", Time since last: 2000421081 ns, Reaching safepoint: 12303 ns, Cleanup: 25068 ns, At safepoint: 10971 ns, Total: 48342 ns
[2024-01-16T11:46:34.692+0000][7][safepoint   ] Safepoint "Cleanup", Time since last: 1000260421 ns, Reaching safepoint: 40036 ns, Cleanup: 46749 ns, At safepoint: 12554 ns, Total: 99339 ns
[2024-01-16T11:46:35.692+0000][7][safepoint   ] Safepoint "Cleanup", Time since last: 1000443125 ns, Reaching safepoint: 13767 ns, Cleanup: 78570 ns, At safepoint: 2635 ns, Total: 94972 ns
[2024-01-16T11:46:36.693+0000][7][safepoint   ] Safepoint "Cleanup", Time since last: 1000456851 ns, Reaching safepoint: 13666 ns, Cleanup: 33644 ns, At safepoint: 2545 ns, Total: 49855 ns
[2024-01-16T11:46:38.693+0000][7][safepoint   ] Safepoint "Cleanup", Time since last: 2000464634 ns, Reaching safepoint: 15520 ns, Cleanup: 16962 ns, At safepoint: 2886 ns, Total: 35368 ns
[2024-01-16T11:46:39.694+0000][7][safepoint   ] Safepoint "Cleanup", Time since last: 1000373481 ns, Reaching safepoint: 22994 ns, Cleanup: 60105 ns, At safepoint: 20870 ns, Total: 103969 ns
[2024-01-16T11:46:40.694+0000][7][safepoint   ] Safepoint "Cleanup", Time since last: 1000339412 ns, Reaching safepoint: 15930 ns, Cleanup: 22183 ns, At safepoint: 2595 ns, Total: 40708 ns
[2024-01-16T11:46:41.749+0000][7][safepoint   ] Safepoint "Cleanup", Time since last: 1054623380 ns, Reaching safepoint: 16502 ns, Cleanup: 14397 ns, At safepoint: 2946 ns, Total: 33845 ns
[2024-01-16T11:46:42.749+0000][7][safepoint   ] Safepoint "Cleanup", Time since last: 1000444407 ns, Reaching safepoint: 16542 ns, Cleanup: 19757 ns, At safepoint: 2856 ns, Total: 39155 ns
[2024-01-16T11:46:43.750+0000][7][safepoint   ] Safepoint "Cleanup", Time since last: 1000436923 ns, Reaching safepoint: 27743 ns, Cleanup: 22303 ns, At safepoint: 6642 ns, Total: 56688 ns
[2024-01-16T11:46:45.751+0000][7][safepoint   ] Safepoint "Cleanup", Time since last: 2000615488 ns, Reaching safepoint: 18144 ns, Cleanup: 21241 ns, At safepoint: 14067 ns, Total: 53452 ns
[2024-01-16T11:46:46.751+0000][7][safepoint   ] Safepoint "Cleanup", Time since last: 1000284626 ns, Reaching safepoint: 13927 ns, Cleanup: 74092 ns, At safepoint: 2795 ns, Total: 90814 ns
[2024-01-16T11:46:47.751+0000][7][safepoint   ] Safepoint "Cleanup", Time since last: 1000248112 ns, Reaching safepoint: 15440 ns, Cleanup: 18776 ns, At safepoint: 2344 ns, Total: 36560 ns
[2024-01-16T11:46:48.752+0000][7][safepoint   ] Safepoint "Cleanup", Time since last: 1000374624 ns, Reaching safepoint: 17593 ns, Cleanup: 37001 ns, At safepoint: 3527 ns, Total: 58121 ns
[2024-01-16T11:46:50.752+0000][7][safepoint   ] Safepoint "Cleanup", Time since last: 2000506844 ns, Reaching safepoint: 15720 ns, Cleanup: 30889 ns, At safepoint: 2235 ns, Total: 48844 ns
[2024-01-16T11:46:51.753+0000][7][safepoint   ] Safepoint "Cleanup", Time since last: 1000364083 ns, Reaching safepoint: 12654 ns, Cleanup: 25880 ns, At safepoint: 2454 ns, Total: 40988 ns
[2024-01-16T11:46:52.753+0000][7][safepoint   ] Safepoint "Cleanup", Time since last: 1000274664 ns, Reaching safepoint: 21441 ns, Cleanup: 47110 ns, At safepoint: 3015 ns, Total: 71566 ns
[2024-01-16T11:46:53.753+0000][7][safepoint   ] Safepoint "Cleanup", Time since last: 1000397648 ns, Reaching safepoint: 14849 ns, Cleanup: 20469 ns, At safepoint: 12724 ns, Total: 48042 ns
[2024-01-16T11:46:54.754+0000][7][safepoint   ] Safepoint "Cleanup", Time since last: 1000360076 ns, Reaching safepoint: 100999 ns, Cleanup: 12524 ns, At safepoint: 20018 ns, Total: 133541 ns
[2024-01-16T11:46:56.754+0000][7][safepoint   ] Safepoint "Cleanup", Time since last: 2000469363 ns, Reaching safepoint: 18054 ns, Cleanup: 15800 ns, At safepoint: 15430 ns, Total: 49284 ns
[2024-01-16T11:46:57.755+0000][7][safepoint   ] Safepoint "Cleanup", Time since last: 1000367134 ns, Reaching safepoint: 11322 ns, Cleanup: 23765 ns, At safepoint: 11202 ns, Total: 46289 ns
[2024-01-16T11:46:58.842+0000][7][safepoint   ] Safepoint "Cleanup", Time since last: 1086592553 ns, Reaching safepoint: 15570 ns, Cleanup: 35548 ns, At safepoint: 2665 ns, Total: 53783 ns
[2024-01-16T11:46:59.842+0000][7][safepoint   ] Safepoint "Cleanup", Time since last: 1000334933 ns, Reaching safepoint: 16913 ns, Cleanup: 16621 ns, At safepoint: 2686 ns, Total: 36220 ns
[2024-01-16T11:47:00.842+0000][7][safepoint   ] Safepoint "Cleanup", Time since last: 1000366839 ns, Reaching safepoint: 13375 ns, Cleanup: 104931 ns, At safepoint: 2975 ns, Total: 121281 ns
[2024-01-16T11:47:01.843+0000][7][safepoint   ] Safepoint "Cleanup", Time since last: 1000452373 ns, Reaching safepoint: 14738 ns, Cleanup: 18405 ns, At safepoint: 2715 ns, Total: 35858 ns
