[2024-01-15T07:21:42.992+0000][7][gc,init] CardTable entry size: 512
[2024-01-15T07:21:42.994+0000][7][gc     ] Using G1
[2024-01-15T07:21:43.103+0000][7][gc,init] Version: 21.0.1+12-29 (release)
[2024-01-15T07:21:43.105+0000][7][gc,init] CPUs: 8 total, 8 available
[2024-01-15T07:21:43.107+0000][7][gc,init] Memory: 7858M
[2024-01-15T07:21:43.109+0000][7][gc,init] Large Page Support: Disabled
[2024-01-15T07:21:43.111+0000][7][gc,init] NUMA Support: Disabled
[2024-01-15T07:21:43.112+0000][7][gc,init] Compressed Oops: Enabled (32-bit)
[2024-01-15T07:21:43.113+0000][7][gc,init] Heap Region Size: 4M
[2024-01-15T07:21:43.114+0000][7][gc,init] Heap Min Capacity: 512M
[2024-01-15T07:21:43.116+0000][7][gc,init] Heap Initial Capacity: 512M
[2024-01-15T07:21:43.118+0000][7][gc,init] Heap Max Capacity: 512M
[2024-01-15T07:21:43.119+0000][7][gc,init] Pre-touch: Enabled
[2024-01-15T07:21:43.120+0000][7][gc,init] Parallel Workers: 8
[2024-01-15T07:21:43.121+0000][7][gc,init] Concurrent Workers: 2
[2024-01-15T07:21:43.123+0000][7][gc,init] Concurrent Refinement Workers: 8
[2024-01-15T07:21:43.124+0000][7][gc,init] Periodic GC: Disabled
[2024-01-15T07:21:43.136+0000][7][gc,metaspace] CDS archive(s) mapped at: [0x00007f3363000000-0x00007f3363ca5000-0x00007f3363ca5000), size 13258752, SharedBaseAddress: 0x00007f3363000000, ArchiveRelocationMode: 1.
[2024-01-15T07:21:43.137+0000][7][gc,metaspace] Compressed class space mapped at: 0x00007f3364000000-0x00007f33a4000000, reserved size: 1073741824
[2024-01-15T07:21:43.138+0000][7][gc,metaspace] Narrow klass base: 0x00007f3363000000, Narrow klass shift: 0, Narrow klass range: 0x100000000
[2024-01-15T07:21:43.832+0000][7][safepoint   ] Safepoint "ICBufferFull", Time since last: 676926671 ns, Reaching safepoint: 176521 ns, Cleanup: 121141 ns, At safepoint: 41023 ns, Total: 338685 ns
[2024-01-15T07:21:44.147+0000][7][gc,start    ] GC(0) Pause Young (Normal) (G1 Evacuation Pause)
[2024-01-15T07:21:44.149+0000][7][gc,task     ] GC(0) Using 8 workers of 8 for evacuation
[2024-01-15T07:21:44.150+0000][7][gc,age      ] GC(0) Desired survivor size 2097152 bytes, new threshold 15 (max threshold 15)
[2024-01-15T07:21:44.160+0000][7][gc,phases   ] GC(0)   Pre Evacuate Collection Set: 0.1ms
[2024-01-15T07:21:44.162+0000][7][gc,phases   ] GC(0)   Merge Heap Roots: 0.0ms
[2024-01-15T07:21:44.163+0000][7][gc,phases   ] GC(0)   Evacuate Collection Set: 7.2ms
[2024-01-15T07:21:44.164+0000][7][gc,phases   ] GC(0)   Post Evacuate Collection Set: 1.1ms
[2024-01-15T07:21:44.166+0000][7][gc,phases   ] GC(0)   Other: 2.9ms
[2024-01-15T07:21:44.167+0000][7][gc,age      ] GC(0) Age table with threshold 15 (max threshold 15)
[2024-01-15T07:21:44.168+0000][7][gc,age      ] GC(0) - age   1:    4182360 bytes,    4182360 total
[2024-01-15T07:21:44.169+0000][7][gc,heap     ] GC(0) Eden regions: 6->0(5)
[2024-01-15T07:21:44.171+0000][7][gc,heap     ] GC(0) Survivor regions: 0->1(1)
[2024-01-15T07:21:44.172+0000][7][gc,heap     ] GC(0) Old regions: 1->2
[2024-01-15T07:21:44.174+0000][7][gc,heap     ] GC(0) Humongous regions: 0->0
[2024-01-15T07:21:44.176+0000][7][gc,metaspace] GC(0) Metaspace: 9083K(9280K)->9083K(9280K) NonClass: 8045K(8128K)->8045K(8128K) Class: 1038K(1152K)->1038K(1152K)
[2024-01-15T07:21:44.177+0000][7][gc          ] GC(0) Pause Young (Normal) (G1 Evacuation Pause) 25M->5M(512M) 30.546ms
[2024-01-15T07:21:44.179+0000][7][gc,cpu      ] GC(0) User=0.08s Sys=0.01s Real=0.03s
[2024-01-15T07:21:44.180+0000][7][safepoint   ] Safepoint "G1CollectForAllocation", Time since last: 314731838 ns, Reaching safepoint: 3214 ns, Cleanup: 37240 ns, At safepoint: 33602866 ns, Total: 33643320 ns
[2024-01-15T07:21:44.754+0000][7][gc,start    ] GC(1) Pause Young (Normal) (G1 Evacuation Pause)
[2024-01-15T07:21:44.756+0000][7][gc,task     ] GC(1) Using 8 workers of 8 for evacuation
[2024-01-15T07:21:44.758+0000][7][gc,age      ] GC(1) Desired survivor size 2097152 bytes, new threshold 1 (max threshold 15)
[2024-01-15T07:21:44.766+0000][7][gc,phases   ] GC(1)   Pre Evacuate Collection Set: 0.3ms
[2024-01-15T07:21:44.767+0000][7][gc,phases   ] GC(1)   Merge Heap Roots: 0.1ms
[2024-01-15T07:21:44.770+0000][7][gc,phases   ] GC(1)   Evacuate Collection Set: 4.4ms
[2024-01-15T07:21:44.772+0000][7][gc,phases   ] GC(1)   Post Evacuate Collection Set: 1.1ms
[2024-01-15T07:21:44.773+0000][7][gc,phases   ] GC(1)   Other: 3.3ms
[2024-01-15T07:21:44.774+0000][7][gc,age      ] GC(1) Age table with threshold 1 (max threshold 15)
[2024-01-15T07:21:44.776+0000][7][gc,age      ] GC(1) - age   1:    1979688 bytes,    1979688 total
[2024-01-15T07:21:44.778+0000][7][gc,heap     ] GC(1) Eden regions: 5->0(11)
[2024-01-15T07:21:44.779+0000][7][gc,heap     ] GC(1) Survivor regions: 1->1(1)
[2024-01-15T07:21:44.781+0000][7][gc,heap     ] GC(1) Old regions: 2->3
[2024-01-15T07:21:44.782+0000][7][gc,heap     ] GC(1) Humongous regions: 0->0
[2024-01-15T07:21:44.784+0000][7][gc,metaspace] GC(1) Metaspace: 12213K(12608K)->12213K(12608K) NonClass: 10744K(10944K)->10744K(10944K) Class: 1468K(1664K)->1468K(1664K)
[2024-01-15T07:21:44.785+0000][7][gc          ] GC(1) Pause Young (Normal) (G1 Evacuation Pause) 25M->7M(512M) 30.658ms
[2024-01-15T07:21:44.787+0000][7][gc,cpu      ] GC(1) User=0.01s Sys=0.00s Real=0.03s
[2024-01-15T07:21:44.788+0000][7][safepoint   ] Safepoint "G1CollectForAllocation", Time since last: 573774338 ns, Reaching safepoint: 4438 ns, Cleanup: 76634 ns, At safepoint: 33640195 ns, Total: 33721267 ns
[2024-01-15T07:21:45.809+0000][7][safepoint   ] Safepoint "ICBufferFull", Time since last: 1020631238 ns, Reaching safepoint: 4997 ns, Cleanup: 110710 ns, At safepoint: 2752 ns, Total: 118459 ns
[2024-01-15T07:21:45.993+0000][7][gc,start    ] GC(2) Pause Young (Normal) (G1 Evacuation Pause)
[2024-01-15T07:21:45.995+0000][7][gc,task     ] GC(2) Using 8 workers of 8 for evacuation
[2024-01-15T07:21:45.996+0000][7][gc,age      ] GC(2) Desired survivor size 4194304 bytes, new threshold 15 (max threshold 15)
[2024-01-15T07:21:46.007+0000][7][gc,phases   ] GC(2)   Pre Evacuate Collection Set: 0.3ms
[2024-01-15T07:21:46.009+0000][7][gc,phases   ] GC(2)   Merge Heap Roots: 0.0ms
[2024-01-15T07:21:46.011+0000][7][gc,phases   ] GC(2)   Evacuate Collection Set: 4.5ms
[2024-01-15T07:21:46.012+0000][7][gc,phases   ] GC(2)   Post Evacuate Collection Set: 4.9ms
[2024-01-15T07:21:46.014+0000][7][gc,phases   ] GC(2)   Other: 2.8ms
[2024-01-15T07:21:46.015+0000][7][gc,age      ] GC(2) Age table with threshold 15 (max threshold 15)
[2024-01-15T07:21:46.016+0000][7][gc,age      ] GC(2) - age   1:    1459448 bytes,    1459448 total
[2024-01-15T07:21:46.017+0000][7][gc,age      ] GC(2) - age   2:    1934672 bytes,    3394120 total
[2024-01-15T07:21:46.018+0000][7][gc,heap     ] GC(2) Eden regions: 11->0(46)
[2024-01-15T07:21:46.020+0000][7][gc,heap     ] GC(2) Survivor regions: 1->1(2)
[2024-01-15T07:21:46.021+0000][7][gc,heap     ] GC(2) Old regions: 3->3
[2024-01-15T07:21:46.023+0000][7][gc,heap     ] GC(2) Humongous regions: 0->0
[2024-01-15T07:21:46.025+0000][7][gc,metaspace] GC(2) Metaspace: 15673K(16000K)->15673K(16000K) NonClass: 13869K(14080K)->13869K(14080K) Class: 1803K(1920K)->1803K(1920K)
[2024-01-15T07:21:46.028+0000][7][gc          ] GC(2) Pause Young (Normal) (G1 Evacuation Pause) 51M->8M(512M) 34.745ms
[2024-01-15T07:21:46.029+0000][7][gc,cpu      ] GC(2) User=0.03s Sys=0.01s Real=0.04s
[2024-01-15T07:21:46.032+0000][7][safepoint   ] Safepoint "G1CollectForAllocation", Time since last: 184226056 ns, Reaching safepoint: 5727 ns, Cleanup: 35769 ns, At safepoint: 38699425 ns, Total: 38740921 ns
[2024-01-15T07:21:46.945+0000][7][gc,start    ] GC(3) Pause Young (Normal) (G1 Evacuation Pause)
[2024-01-15T07:21:46.946+0000][7][gc,task     ] GC(3) Using 8 workers of 8 for evacuation
[2024-01-15T07:21:46.947+0000][7][gc,age      ] GC(3) Desired survivor size 12582912 bytes, new threshold 15 (max threshold 15)
[2024-01-15T07:21:46.968+0000][7][gc,phases   ] GC(3)   Pre Evacuate Collection Set: 0.1ms
[2024-01-15T07:21:46.970+0000][7][gc,phases   ] GC(3)   Merge Heap Roots: 0.0ms
[2024-01-15T07:21:46.971+0000][7][gc,phases   ] GC(3)   Evacuate Collection Set: 12.9ms
[2024-01-15T07:21:46.972+0000][7][gc,phases   ] GC(3)   Post Evacuate Collection Set: 6.6ms
[2024-01-15T07:21:46.975+0000][7][gc,phases   ] GC(3)   Other: 2.4ms
[2024-01-15T07:21:46.977+0000][7][gc,age      ] GC(3) Age table with threshold 15 (max threshold 15)
[2024-01-15T07:21:46.978+0000][7][gc,age      ] GC(3) - age   1:    3988712 bytes,    3988712 total
[2024-01-15T07:21:46.980+0000][7][gc,age      ] GC(3) - age   2:    1423768 bytes,    5412480 total
[2024-01-15T07:21:46.982+0000][7][gc,age      ] GC(3) - age   3:    1933160 bytes,    7345640 total
[2024-01-15T07:21:46.983+0000][7][gc,heap     ] GC(3) Eden regions: 46->0(74)
[2024-01-15T07:21:46.985+0000][7][gc,heap     ] GC(3) Survivor regions: 1->2(6)
[2024-01-15T07:21:46.986+0000][7][gc,heap     ] GC(3) Old regions: 3->3
[2024-01-15T07:21:46.988+0000][7][gc,heap     ] GC(3) Humongous regions: 0->0
[2024-01-15T07:21:46.989+0000][7][gc,metaspace] GC(3) Metaspace: 18420K(18880K)->18420K(18880K) NonClass: 16252K(16512K)->16252K(16512K) Class: 2168K(2368K)->2168K(2368K)
[2024-01-15T07:21:46.991+0000][7][gc          ] GC(3) Pause Young (Normal) (G1 Evacuation Pause) 192M->12M(512M) 45.612ms
[2024-01-15T07:21:46.992+0000][7][gc,cpu      ] GC(3) User=0.03s Sys=0.00s Real=0.05s
[2024-01-15T07:21:46.994+0000][7][safepoint   ] Safepoint "G1CollectForAllocation", Time since last: 913056570 ns, Reaching safepoint: 4285 ns, Cleanup: 129735 ns, At safepoint: 48805617 ns, Total: 48939637 ns
[2024-01-15T07:21:47.722+0000][7][gc,start    ] GC(4) Pause Young (Normal) (G1 Evacuation Pause)
[2024-01-15T07:21:47.725+0000][7][gc,task     ] GC(4) Using 8 workers of 8 for evacuation
[2024-01-15T07:21:47.727+0000][7][gc,age      ] GC(4) Desired survivor size 20971520 bytes, new threshold 15 (max threshold 15)
[2024-01-15T07:21:47.742+0000][7][gc,phases   ] GC(4)   Pre Evacuate Collection Set: 0.7ms
[2024-01-15T07:21:47.744+0000][7][gc,phases   ] GC(4)   Merge Heap Roots: 0.3ms
[2024-01-15T07:21:47.745+0000][7][gc,phases   ] GC(4)   Evacuate Collection Set: 10.7ms
[2024-01-15T07:21:47.747+0000][7][gc,phases   ] GC(4)   Post Evacuate Collection Set: 1.6ms
[2024-01-15T07:21:47.748+0000][7][gc,phases   ] GC(4)   Other: 3.4ms
[2024-01-15T07:21:47.750+0000][7][gc,age      ] GC(4) Age table with threshold 15 (max threshold 15)
[2024-01-15T07:21:47.751+0000][7][gc,age      ] GC(4) - age   1:    4343736 bytes,    4343736 total
[2024-01-15T07:21:47.753+0000][7][gc,age      ] GC(4) - age   2:    3421656 bytes,    7765392 total
[2024-01-15T07:21:47.756+0000][7][gc,age      ] GC(4) - age   3:    1423584 bytes,    9188976 total
[2024-01-15T07:21:47.757+0000][7][gc,age      ] GC(4) - age   4:    1933160 bytes,   11122136 total
[2024-01-15T07:21:47.759+0000][7][gc,heap     ] GC(4) Eden regions: 74->0(73)
[2024-01-15T07:21:47.760+0000][7][gc,heap     ] GC(4) Survivor regions: 2->3(10)
[2024-01-15T07:21:47.762+0000][7][gc,heap     ] GC(4) Old regions: 3->3
[2024-01-15T07:21:47.763+0000][7][gc,heap     ] GC(4) Humongous regions: 0->0
[2024-01-15T07:21:47.765+0000][7][gc,metaspace] GC(4) Metaspace: 19343K(19840K)->19343K(19840K) NonClass: 17049K(17344K)->17049K(17344K) Class: 2293K(2496K)->2293K(2496K)
[2024-01-15T07:21:47.766+0000][7][gc          ] GC(4) Pause Young (Normal) (G1 Evacuation Pause) 308M->16M(512M) 43.480ms
[2024-01-15T07:21:47.767+0000][7][gc,cpu      ] GC(4) User=0.05s Sys=0.00s Real=0.05s
[2024-01-15T07:21:47.768+0000][7][safepoint   ] Safepoint "G1CollectForAllocation", Time since last: 728688826 ns, Reaching safepoint: 4507 ns, Cleanup: 47894 ns, At safepoint: 45983504 ns, Total: 46035905 ns
[2024-01-15T07:21:48.344+0000][7][gc,start    ] GC(5) Pause Young (Normal) (G1 Evacuation Pause)
[2024-01-15T07:21:48.345+0000][7][gc,task     ] GC(5) Using 8 workers of 8 for evacuation
[2024-01-15T07:21:48.346+0000][7][gc,age      ] GC(5) Desired survivor size 20971520 bytes, new threshold 15 (max threshold 15)
[2024-01-15T07:21:48.364+0000][7][gc,phases   ] GC(5)   Pre Evacuate Collection Set: 0.5ms
[2024-01-15T07:21:48.366+0000][7][gc,phases   ] GC(5)   Merge Heap Roots: 0.1ms
[2024-01-15T07:21:48.367+0000][7][gc,phases   ] GC(5)   Evacuate Collection Set: 11.7ms
[2024-01-15T07:21:48.370+0000][7][gc,phases   ] GC(5)   Post Evacuate Collection Set: 3.7ms
[2024-01-15T07:21:48.371+0000][7][gc,phases   ] GC(5)   Other: 2.7ms
[2024-01-15T07:21:48.372+0000][7][gc,age      ] GC(5) Age table with threshold 15 (max threshold 15)
[2024-01-15T07:21:48.374+0000][7][gc,age      ] GC(5) - age   1:    2859696 bytes,    2859696 total
[2024-01-15T07:21:48.375+0000][7][gc,age      ] GC(5) - age   2:    3399968 bytes,    6259664 total
[2024-01-15T07:21:48.377+0000][7][gc,age      ] GC(5) - age   3:    3421144 bytes,    9680808 total
[2024-01-15T07:21:48.378+0000][7][gc,age      ] GC(5) - age   4:    1423280 bytes,   11104088 total
[2024-01-15T07:21:48.379+0000][7][gc,age      ] GC(5) - age   5:    1933096 bytes,   13037184 total
[2024-01-15T07:21:48.380+0000][7][gc,heap     ] GC(5) Eden regions: 73->0(72)
[2024-01-15T07:21:48.382+0000][7][gc,heap     ] GC(5) Survivor regions: 3->4(10)
[2024-01-15T07:21:48.385+0000][7][gc,heap     ] GC(5) Old regions: 3->3
[2024-01-15T07:21:48.387+0000][7][gc,heap     ] GC(5) Humongous regions: 0->0
[2024-01-15T07:21:48.388+0000][7][gc,metaspace] GC(5) Metaspace: 20119K(20608K)->20119K(20608K) NonClass: 17724K(17984K)->17724K(17984K) Class: 2395K(2624K)->2395K(2624K)
[2024-01-15T07:21:48.389+0000][7][gc          ] GC(5) Pause Young (Normal) (G1 Evacuation Pause) 308M->18M(512M) 45.432ms
[2024-01-15T07:21:48.391+0000][7][gc,cpu      ] GC(5) User=0.03s Sys=0.00s Real=0.05s
[2024-01-15T07:21:48.392+0000][7][safepoint   ] Safepoint "G1CollectForAllocation", Time since last: 575028644 ns, Reaching safepoint: 4988 ns, Cleanup: 163461 ns, At safepoint: 48311246 ns, Total: 48479695 ns
[2024-01-15T07:21:48.898+0000][7][gc,start    ] GC(6) Pause Young (Concurrent Start) (Metadata GC Threshold)
[2024-01-15T07:21:48.900+0000][7][gc,task     ] GC(6) Using 8 workers of 8 for evacuation
[2024-01-15T07:21:48.901+0000][7][gc,age      ] GC(6) Desired survivor size 20971520 bytes, new threshold 15 (max threshold 15)
[2024-01-15T07:21:48.928+0000][7][gc,phases   ] GC(6)   Pre Evacuate Collection Set: 0.2ms
[2024-01-15T07:21:48.930+0000][7][gc,phases   ] GC(6)   Merge Heap Roots: 0.1ms
[2024-01-15T07:21:48.931+0000][7][gc,phases   ] GC(6)   Evacuate Collection Set: 16.6ms
[2024-01-15T07:21:48.932+0000][7][gc,phases   ] GC(6)   Post Evacuate Collection Set: 8.0ms
[2024-01-15T07:21:48.934+0000][7][gc,phases   ] GC(6)   Other: 3.2ms
[2024-01-15T07:21:48.935+0000][7][gc,age      ] GC(6) Age table with threshold 15 (max threshold 15)
[2024-01-15T07:21:48.936+0000][7][gc,age      ] GC(6) - age   1:    1712664 bytes,    1712664 total
[2024-01-15T07:21:48.938+0000][7][gc,age      ] GC(6) - age   2:    1209216 bytes,    2921880 total
[2024-01-15T07:21:48.939+0000][7][gc,age      ] GC(6) - age   3:    3395032 bytes,    6316912 total
[2024-01-15T07:21:48.941+0000][7][gc,age      ] GC(6) - age   4:    3420056 bytes,    9736968 total
[2024-01-15T07:21:48.943+0000][7][gc,age      ] GC(6) - age   5:    1423280 bytes,   11160248 total
[2024-01-15T07:21:48.945+0000][7][gc,age      ] GC(6) - age   6:    1933096 bytes,   13093344 total
[2024-01-15T07:21:48.946+0000][7][gc,heap     ] GC(6) Eden regions: 66->0(72)
[2024-01-15T07:21:48.947+0000][7][gc,heap     ] GC(6) Survivor regions: 4->4(10)
[2024-01-15T07:21:48.949+0000][7][gc,heap     ] GC(6) Old regions: 3->3
[2024-01-15T07:21:48.950+0000][7][gc,heap     ] GC(6) Humongous regions: 0->0
[2024-01-15T07:21:48.951+0000][7][gc,metaspace] GC(6) Metaspace: 20971K(21504K)->20971K(21504K) NonClass: 18459K(18752K)->18459K(18752K) Class: 2512K(2752K)->2512K(2752K)
[2024-01-15T07:21:48.952+0000][7][gc          ] GC(6) Pause Young (Concurrent Start) (Metadata GC Threshold) 280M->19M(512M) 53.856ms
[2024-01-15T07:21:48.954+0000][7][gc,cpu      ] GC(6) User=0.05s Sys=0.00s Real=0.05s
[2024-01-15T07:21:48.954+0000][7][gc          ] GC(7) Concurrent Mark Cycle
[2024-01-15T07:21:48.956+0000][7][gc,marking  ] GC(7) Concurrent Scan Root Regions
[2024-01-15T07:21:48.955+0000][7][safepoint   ] Safepoint "CollectForMetadataAllocation", Time since last: 506396989 ns, Reaching safepoint: 3666 ns, Cleanup: 24213 ns, At safepoint: 56853805 ns, Total: 56881684 ns
[2024-01-15T07:21:48.964+0000][7][gc,marking  ] GC(7) Concurrent Scan Root Regions 8.336ms
[2024-01-15T07:21:48.966+0000][7][gc,marking  ] GC(7) Concurrent Mark
[2024-01-15T07:21:48.967+0000][7][gc,marking  ] GC(7) Concurrent Mark From Roots
[2024-01-15T07:21:48.973+0000][7][gc,task     ] GC(7) Using 2 workers of 2 for marking
[2024-01-15T07:21:48.980+0000][7][gc,marking  ] GC(7) Concurrent Mark From Roots 13.434ms
[2024-01-15T07:21:48.982+0000][7][gc,marking  ] GC(7) Concurrent Preclean
[2024-01-15T07:21:48.984+0000][7][gc,marking  ] GC(7) Concurrent Preclean 1.532ms
[2024-01-15T07:21:48.985+0000][7][gc,start    ] GC(7) Pause Remark
[2024-01-15T07:21:48.998+0000][7][gc          ] GC(7) Pause Remark 21M->21M(512M) 13.070ms
[2024-01-15T07:21:49.000+0000][7][gc,cpu      ] GC(7) User=0.02s Sys=0.00s Real=0.02s
[2024-01-15T07:21:49.002+0000][7][safepoint   ] Safepoint "G1PauseRemark", Time since last: 29907524 ns, Reaching safepoint: 187980 ns, Cleanup: 16719 ns, At safepoint: 16356856 ns, Total: 16561555 ns
[2024-01-15T07:21:49.003+0000][7][gc,marking  ] GC(7) Concurrent Mark 37.054ms
[2024-01-15T07:21:49.004+0000][7][gc,marking  ] GC(7) Concurrent Rebuild Remembered Sets and Scrub Regions
[2024-01-15T07:21:49.010+0000][7][gc,marking  ] GC(7) Concurrent Rebuild Remembered Sets and Scrub Regions 5.557ms
[2024-01-15T07:21:49.015+0000][7][gc,start    ] GC(7) Pause Cleanup
[2024-01-15T07:21:49.016+0000][7][gc          ] GC(7) Pause Cleanup 21M->21M(512M) 1.360ms
[2024-01-15T07:21:49.018+0000][7][gc,cpu      ] GC(7) User=0.00s Sys=0.00s Real=0.01s
[2024-01-15T07:21:49.019+0000][7][safepoint   ] Safepoint "G1PauseCleanup", Time since last: 10011098 ns, Reaching safepoint: 3409372 ns, Cleanup: 14559 ns, At safepoint: 3820315 ns, Total: 7244246 ns
[2024-01-15T07:21:49.020+0000][7][gc,marking  ] GC(7) Concurrent Clear Claimed Marks
[2024-01-15T07:21:49.022+0000][7][gc,marking  ] GC(7) Concurrent Clear Claimed Marks 1.552ms
[2024-01-15T07:21:49.023+0000][7][gc,marking  ] GC(7) Concurrent Cleanup for Next Mark
[2024-01-15T07:21:49.025+0000][7][gc,marking  ] GC(7) Concurrent Cleanup for Next Mark 2.071ms
[2024-01-15T07:21:49.027+0000][7][gc          ] GC(7) Concurrent Mark Cycle 72.948ms
[2024-01-15T07:21:49.637+0000][7][gc,start    ] GC(8) Pause Young (Prepare Mixed) (G1 Evacuation Pause)
[2024-01-15T07:21:49.639+0000][7][gc,task     ] GC(8) Using 8 workers of 8 for evacuation
[2024-01-15T07:21:49.641+0000][7][gc,age      ] GC(8) Desired survivor size 20971520 bytes, new threshold 15 (max threshold 15)
[2024-01-15T07:21:49.656+0000][7][gc,phases   ] GC(8)   Pre Evacuate Collection Set: 0.6ms
[2024-01-15T07:21:49.658+0000][7][gc,phases   ] GC(8)   Merge Heap Roots: 0.1ms
[2024-01-15T07:21:49.660+0000][7][gc,phases   ] GC(8)   Evacuate Collection Set: 7.9ms
[2024-01-15T07:21:49.661+0000][7][gc,phases   ] GC(8)   Post Evacuate Collection Set: 5.1ms
[2024-01-15T07:21:49.663+0000][7][gc,phases   ] GC(8)   Other: 3.0ms
[2024-01-15T07:21:49.664+0000][7][gc,age      ] GC(8) Age table with threshold 15 (max threshold 15)
[2024-01-15T07:21:49.666+0000][7][gc,age      ] GC(8) - age   1:     955024 bytes,     955024 total
[2024-01-15T07:21:49.667+0000][7][gc,age      ] GC(8) - age   2:    1671208 bytes,    2626232 total
[2024-01-15T07:21:49.670+0000][7][gc,age      ] GC(8) - age   3:    1208032 bytes,    3834264 total
[2024-01-15T07:21:49.671+0000][7][gc,age      ] GC(8) - age   4:    3394904 bytes,    7229168 total
[2024-01-15T07:21:49.673+0000][7][gc,age      ] GC(8) - age   5:    3417384 bytes,   10646552 total
[2024-01-15T07:21:49.675+0000][7][gc,age      ] GC(8) - age   6:    1422128 bytes,   12068680 total
[2024-01-15T07:21:49.676+0000][7][gc,age      ] GC(8) - age   7:    1932008 bytes,   14000688 total
[2024-01-15T07:21:49.678+0000][7][gc,heap     ] GC(8) Eden regions: 72->0(72)
[2024-01-15T07:21:49.679+0000][7][gc,heap     ] GC(8) Survivor regions: 4->4(10)
[2024-01-15T07:21:49.681+0000][7][gc,heap     ] GC(8) Old regions: 3->3
[2024-01-15T07:21:49.683+0000][7][gc,heap     ] GC(8) Humongous regions: 0->0
[2024-01-15T07:21:49.684+0000][7][gc,metaspace] GC(8) Metaspace: 21588K(22272K)->21588K(22272K) NonClass: 18986K(19392K)->18986K(19392K) Class: 2602K(2880K)->2602K(2880K)
[2024-01-15T07:21:49.686+0000][7][gc          ] GC(8) Pause Young (Prepare Mixed) (G1 Evacuation Pause) 307M->20M(512M) 48.273ms
[2024-01-15T07:21:49.687+0000][7][gc,cpu      ] GC(8) User=0.04s Sys=0.00s Real=0.05s
[2024-01-15T07:21:49.689+0000][7][safepoint   ] Safepoint "G1CollectForAllocation", Time since last: 618288286 ns, Reaching safepoint: 5651 ns, Cleanup: 34931 ns, At safepoint: 51456051 ns, Total: 51496633 ns
[2024-01-15T07:21:51.175+0000][7][safepoint   ] Safepoint "Cleanup", Time since last: 1486007221 ns, Reaching safepoint: 5854 ns, Cleanup: 73051 ns, At safepoint: 3075 ns, Total: 81980 ns
[2024-01-15T07:21:52.395+0000][7][safepoint   ] Safepoint "ICBufferFull", Time since last: 1218373172 ns, Reaching safepoint: 1599633 ns, Cleanup: 121707 ns, At safepoint: 15180 ns, Total: 1736520 ns
[2024-01-15T07:21:52.696+0000][7][gc,start    ] GC(9) Pause Young (Mixed) (G1 Evacuation Pause)
[2024-01-15T07:21:52.697+0000][7][gc,task     ] GC(9) Using 8 workers of 8 for evacuation
[2024-01-15T07:21:52.699+0000][7][gc,age      ] GC(9) Desired survivor size 20971520 bytes, new threshold 15 (max threshold 15)
[2024-01-15T07:21:52.744+0000][7][gc,phases   ] GC(9)   Pre Evacuate Collection Set: 0.9ms
[2024-01-15T07:21:52.746+0000][7][gc,phases   ] GC(9)   Merge Heap Roots: 0.1ms
[2024-01-15T07:21:52.748+0000][7][gc,phases   ] GC(9)   Evacuate Collection Set: 34.5ms
[2024-01-15T07:21:52.750+0000][7][gc,phases   ] GC(9)   Post Evacuate Collection Set: 7.4ms
[2024-01-15T07:21:52.751+0000][7][gc,phases   ] GC(9)   Other: 3.5ms
[2024-01-15T07:21:52.753+0000][7][gc,age      ] GC(9) Age table with threshold 15 (max threshold 15)
[2024-01-15T07:21:52.755+0000][7][gc,age      ] GC(9) - age   1:   10003568 bytes,   10003568 total
[2024-01-15T07:21:52.756+0000][7][gc,age      ] GC(9) - age   2:     925328 bytes,   10928896 total
[2024-01-15T07:21:52.758+0000][7][gc,age      ] GC(9) - age   3:    1649952 bytes,   12578848 total
[2024-01-15T07:21:52.759+0000][7][gc,age      ] GC(9) - age   4:    1194896 bytes,   13773744 total
[2024-01-15T07:21:52.761+0000][7][gc,age      ] GC(9) - age   5:    3376400 bytes,   17150144 total
[2024-01-15T07:21:52.762+0000][7][gc,age      ] GC(9) - age   6:    3339576 bytes,   20489720 total
[2024-01-15T07:21:52.764+0000][7][gc,age      ] GC(9) - age   7:    1383904 bytes,   21873624 total
[2024-01-15T07:21:52.765+0000][7][gc,age      ] GC(9) - age   8:    1924928 bytes,   23798552 total
[2024-01-15T07:21:52.766+0000][7][gc,heap     ] GC(9) Eden regions: 72->0(70)
[2024-01-15T07:21:52.768+0000][7][gc,heap     ] GC(9) Survivor regions: 4->6(10)
[2024-01-15T07:21:52.769+0000][7][gc,heap     ] GC(9) Old regions: 3->2
[2024-01-15T07:21:52.771+0000][7][gc,heap     ] GC(9) Humongous regions: 0->0
[2024-01-15T07:21:52.772+0000][7][gc,metaspace] GC(9) Metaspace: 31120K(32128K)->31120K(32128K) NonClass: 27218K(27840K)->27218K(27840K) Class: 3901K(4288K)->3901K(4288K)
[2024-01-15T07:21:52.774+0000][7][gc          ] GC(9) Pause Young (Mixed) (G1 Evacuation Pause) 308M->29M(512M) 77.685ms
[2024-01-15T07:21:52.775+0000][7][gc,cpu      ] GC(9) User=0.08s Sys=0.00s Real=0.08s
[2024-01-15T07:21:52.776+0000][7][safepoint   ] Safepoint "G1CollectForAllocation", Time since last: 300864129 ns, Reaching safepoint: 5997 ns, Cleanup: 29538 ns, At safepoint: 80620383 ns, Total: 80655918 ns
[2024-01-15T07:21:53.781+0000][7][safepoint   ] Safepoint "Cleanup", Time since last: 1004327240 ns, Reaching safepoint: 222439 ns, Cleanup: 55095 ns, At safepoint: 13952 ns, Total: 291486 ns
[2024-01-15T07:21:54.785+0000][7][safepoint   ] Safepoint "Cleanup", Time since last: 1001888820 ns, Reaching safepoint: 1933300 ns, Cleanup: 194860 ns, At safepoint: 16893 ns, Total: 2145053 ns
[2024-01-15T07:21:55.215+0000][7][gc,start    ] GC(10) Pause Young (Concurrent Start) (Metadata GC Threshold)
[2024-01-15T07:21:55.219+0000][7][gc,task     ] GC(10) Using 8 workers of 8 for evacuation
[2024-01-15T07:21:55.221+0000][7][gc,age      ] GC(10) Desired survivor size 20971520 bytes, new threshold 7 (max threshold 15)
[2024-01-15T07:21:55.256+0000][7][gc,phases   ] GC(10)   Pre Evacuate Collection Set: 0.4ms
[2024-01-15T07:21:55.257+0000][7][gc,phases   ] GC(10)   Merge Heap Roots: 0.1ms
[2024-01-15T07:21:55.259+0000][7][gc,phases   ] GC(10)   Evacuate Collection Set: 30.6ms
[2024-01-15T07:21:55.260+0000][7][gc,phases   ] GC(10)   Post Evacuate Collection Set: 2.6ms
[2024-01-15T07:21:55.262+0000][7][gc,phases   ] GC(10)   Other: 2.8ms
[2024-01-15T07:21:55.264+0000][7][gc,age      ] GC(10) Age table with threshold 7 (max threshold 15)
[2024-01-15T07:21:55.265+0000][7][gc,age      ] GC(10) - age   1:   18133264 bytes,   18133264 total
[2024-01-15T07:21:55.266+0000][7][gc,age      ] GC(10) - age   2:    9438216 bytes,   27571480 total
[2024-01-15T07:21:55.267+0000][7][gc,age      ] GC(10) - age   3:     924984 bytes,   28496464 total
[2024-01-15T07:21:55.269+0000][7][gc,age      ] GC(10) - age   4:    1649952 bytes,   30146416 total
[2024-01-15T07:21:55.271+0000][7][gc,age      ] GC(10) - age   5:    1194896 bytes,   31341312 total
[2024-01-15T07:21:55.272+0000][7][gc,age      ] GC(10) - age   6:    3374416 bytes,   34715728 total
[2024-01-15T07:21:55.275+0000][7][gc,age      ] GC(10) - age   7:    3336208 bytes,   38051936 total
[2024-01-15T07:21:55.276+0000][7][gc,heap     ] GC(10) Eden regions: 48->0(66)
[2024-01-15T07:21:55.278+0000][7][gc,heap     ] GC(10) Survivor regions: 6->10(10)
[2024-01-15T07:21:55.280+0000][7][gc,heap     ] GC(10) Old regions: 2->3
[2024-01-15T07:21:55.282+0000][7][gc,heap     ] GC(10) Humongous regions: 0->0
[2024-01-15T07:21:55.283+0000][7][gc,metaspace] GC(10) Metaspace: 35088K(36160K)->35088K(36160K) NonClass: 30527K(31168K)->30527K(31168K) Class: 4560K(4992K)->4560K(4992K)
[2024-01-15T07:21:55.285+0000][7][gc          ] GC(10) Pause Young (Concurrent Start) (Metadata GC Threshold) 219M->48M(512M) 69.241ms
[2024-01-15T07:21:55.286+0000][7][gc,cpu      ] GC(10) User=0.18s Sys=0.00s Real=0.07s
[2024-01-15T07:21:55.286+0000][7][gc          ] GC(11) Concurrent Mark Cycle
[2024-01-15T07:21:55.290+0000][7][gc,marking  ] GC(11) Concurrent Scan Root Regions
[2024-01-15T07:21:55.289+0000][7][safepoint   ] Safepoint "CollectForMetadataAllocation", Time since last: 430080739 ns, Reaching safepoint: 6525 ns, Cleanup: 24539 ns, At safepoint: 73514972 ns, Total: 73546036 ns
[2024-01-15T07:21:55.318+0000][7][gc,marking  ] GC(11) Concurrent Scan Root Regions 28.643ms
[2024-01-15T07:21:55.323+0000][7][gc,marking  ] GC(11) Concurrent Mark
[2024-01-15T07:21:55.325+0000][7][gc,marking  ] GC(11) Concurrent Mark From Roots
[2024-01-15T07:21:55.326+0000][7][gc,task     ] GC(11) Using 2 workers of 2 for marking
[2024-01-15T07:21:55.339+0000][7][gc,marking  ] GC(11) Concurrent Mark From Roots 14.341ms
[2024-01-15T07:21:55.341+0000][7][gc,marking  ] GC(11) Concurrent Preclean
[2024-01-15T07:21:55.344+0000][7][gc,marking  ] GC(11) Concurrent Preclean 2.321ms
[2024-01-15T07:21:55.346+0000][7][gc,start    ] GC(11) Pause Remark
[2024-01-15T07:21:55.360+0000][7][gc          ] GC(11) Pause Remark 50M->50M(512M) 14.252ms
[2024-01-15T07:21:55.362+0000][7][gc,cpu      ] GC(11) User=0.02s Sys=0.00s Real=0.02s
[2024-01-15T07:21:55.364+0000][7][safepoint   ] Safepoint "G1PauseRemark", Time since last: 56090958 ns, Reaching safepoint: 1014109 ns, Cleanup: 12848 ns, At safepoint: 18415027 ns, Total: 19441984 ns
[2024-01-15T07:21:55.368+0000][7][gc,marking  ] GC(11) Concurrent Mark 44.289ms
[2024-01-15T07:21:55.369+0000][7][gc,marking  ] GC(11) Concurrent Rebuild Remembered Sets and Scrub Regions
[2024-01-15T07:21:55.375+0000][7][gc,marking  ] GC(11) Concurrent Rebuild Remembered Sets and Scrub Regions 6.267ms
[2024-01-15T07:21:55.381+0000][7][gc,start    ] GC(11) Pause Cleanup
[2024-01-15T07:21:55.383+0000][7][gc          ] GC(11) Pause Cleanup 50M->50M(512M) 2.208ms
[2024-01-15T07:21:55.384+0000][7][gc,cpu      ] GC(11) User=0.00s Sys=0.00s Real=0.00s
[2024-01-15T07:21:55.387+0000][7][safepoint   ] Safepoint "G1PauseCleanup", Time since last: 15659691 ns, Reaching safepoint: 749089 ns, Cleanup: 13835 ns, At safepoint: 6300452 ns, Total: 7063376 ns
[2024-01-15T07:21:55.388+0000][7][gc,marking  ] GC(11) Concurrent Clear Claimed Marks
[2024-01-15T07:21:55.390+0000][7][gc,marking  ] GC(11) Concurrent Clear Claimed Marks 1.611ms
[2024-01-15T07:21:55.391+0000][7][gc,marking  ] GC(11) Concurrent Cleanup for Next Mark
[2024-01-15T07:21:55.395+0000][7][gc,marking  ] GC(11) Concurrent Cleanup for Next Mark 3.630ms
[2024-01-15T07:21:55.396+0000][7][gc          ] GC(11) Concurrent Mark Cycle 109.756ms
[2024-01-15T07:21:57.289+0000][7][safepoint   ] Safepoint "Cleanup", Time since last: 1902326860 ns, Reaching safepoint: 4585 ns, Cleanup: 118971 ns, At safepoint: 38576 ns, Total: 162132 ns
[2024-01-15T07:21:58.329+0000][7][safepoint   ] Safepoint "Cleanup", Time since last: 1039063116 ns, Reaching safepoint: 296847 ns, Cleanup: 112662 ns, At safepoint: 27168 ns, Total: 436677 ns
[2024-01-15T07:21:58.803+0000][7][gc,start    ] GC(12) Pause Young (Normal) (G1 Evacuation Pause)
[2024-01-15T07:21:58.804+0000][7][gc,task     ] GC(12) Using 8 workers of 8 for evacuation
[2024-01-15T07:21:58.806+0000][7][gc,age      ] GC(12) Desired survivor size 20971520 bytes, new threshold 2 (max threshold 15)
[2024-01-15T07:21:58.869+0000][7][gc,phases   ] GC(12)   Pre Evacuate Collection Set: 0.7ms
[2024-01-15T07:21:58.871+0000][7][gc,phases   ] GC(12)   Merge Heap Roots: 0.2ms
[2024-01-15T07:21:58.873+0000][7][gc,phases   ] GC(12)   Evacuate Collection Set: 53.9ms
[2024-01-15T07:21:58.874+0000][7][gc,phases   ] GC(12)   Post Evacuate Collection Set: 6.8ms
[2024-01-15T07:21:58.876+0000][7][gc,phases   ] GC(12)   Other: 3.2ms
[2024-01-15T07:21:58.877+0000][7][gc,age      ] GC(12) Age table with threshold 2 (max threshold 15)
[2024-01-15T07:21:58.878+0000][7][gc,age      ] GC(12) - age   1:    6174408 bytes,    6174408 total
[2024-01-15T07:21:58.880+0000][7][gc,age      ] GC(12) - age   2:   18046608 bytes,   24221016 total
[2024-01-15T07:21:58.881+0000][7][gc,heap     ] GC(12) Eden regions: 66->0(69)
[2024-01-15T07:21:58.882+0000][7][gc,heap     ] GC(12) Survivor regions: 10->7(10)
[2024-01-15T07:21:58.884+0000][7][gc,heap     ] GC(12) Old regions: 3->8
[2024-01-15T07:21:58.885+0000][7][gc,heap     ] GC(12) Humongous regions: 0->0
[2024-01-15T07:21:58.886+0000][7][gc,metaspace] GC(12) Metaspace: 53170K(54464K)->53170K(54464K) NonClass: 46124K(46912K)->46124K(46912K) Class: 7046K(7552K)->7046K(7552K)
[2024-01-15T07:21:58.888+0000][7][gc          ] GC(12) Pause Young (Normal) (G1 Evacuation Pause) 312M->56M(512M) 85.016ms
[2024-01-15T07:21:58.889+0000][7][gc,cpu      ] GC(12) User=0.21s Sys=0.00s Real=0.09s
[2024-01-15T07:21:58.890+0000][7][safepoint   ] Safepoint "G1CollectForAllocation", Time since last: 473715791 ns, Reaching safepoint: 7406 ns, Cleanup: 12083 ns, At safepoint: 87464693 ns, Total: 87484182 ns
[2024-01-15T07:21:59.999+0000][7][safepoint   ] Safepoint "Cleanup", Time since last: 1105906033 ns, Reaching safepoint: 2812302 ns, Cleanup: 115662 ns, At safepoint: 27464 ns, Total: 2955428 ns
[2024-01-15T07:22:00.329+0000][7][gc,start    ] GC(13) Pause Young (Concurrent Start) (Metadata GC Threshold)
[2024-01-15T07:22:00.331+0000][7][gc,task     ] GC(13) Using 8 workers of 8 for evacuation
[2024-01-15T07:22:00.332+0000][7][gc,age      ] GC(13) Desired survivor size 20971520 bytes, new threshold 2 (max threshold 15)
[2024-01-15T07:22:00.369+0000][7][gc,phases   ] GC(13)   Pre Evacuate Collection Set: 0.3ms
[2024-01-15T07:22:00.371+0000][7][gc,phases   ] GC(13)   Merge Heap Roots: 0.2ms
[2024-01-15T07:22:00.373+0000][7][gc,phases   ] GC(13)   Evacuate Collection Set: 26.1ms
[2024-01-15T07:22:00.375+0000][7][gc,phases   ] GC(13)   Post Evacuate Collection Set: 8.5ms
[2024-01-15T07:22:00.377+0000][7][gc,phases   ] GC(13)   Other: 3.0ms
[2024-01-15T07:22:00.378+0000][7][gc,age      ] GC(13) Age table with threshold 2 (max threshold 15)
[2024-01-15T07:22:00.380+0000][7][gc,age      ] GC(13) - age   1:    3518672 bytes,    3518672 total
[2024-01-15T07:22:00.382+0000][7][gc,age      ] GC(13) - age   2:    5892600 bytes,    9411272 total
[2024-01-15T07:22:00.384+0000][7][gc,heap     ] GC(13) Eden regions: 27->0(73)
[2024-01-15T07:22:00.386+0000][7][gc,heap     ] GC(13) Survivor regions: 7->3(10)
[2024-01-15T07:22:00.388+0000][7][gc,heap     ] GC(13) Old regions: 8->12
[2024-01-15T07:22:00.389+0000][7][gc,heap     ] GC(13) Humongous regions: 0->0
[2024-01-15T07:22:00.392+0000][7][gc,metaspace] GC(13) Metaspace: 59484K(60800K)->59484K(60800K) NonClass: 51564K(52352K)->51564K(52352K) Class: 7919K(8448K)->7919K(8448K)
[2024-01-15T07:22:00.394+0000][7][gc          ] GC(13) Pause Young (Concurrent Start) (Metadata GC Threshold) 162M->59M(512M) 64.535ms
[2024-01-15T07:22:00.395+0000][7][gc          ] GC(14) Concurrent Mark Cycle
[2024-01-15T07:22:00.397+0000][7][gc,marking  ] GC(14) Concurrent Scan Root Regions
[2024-01-15T07:22:00.395+0000][7][gc,cpu      ] GC(13) User=0.09s Sys=0.00s Real=0.06s
[2024-01-15T07:22:00.404+0000][7][safepoint   ] Safepoint "CollectForMetadataAllocation", Time since last: 330007917 ns, Reaching safepoint: 5655 ns, Cleanup: 31551 ns, At safepoint: 75310889 ns, Total: 75348095 ns
[2024-01-15T07:22:00.432+0000][7][gc,marking  ] GC(14) Concurrent Scan Root Regions 34.839ms
[2024-01-15T07:22:00.434+0000][7][gc,marking  ] GC(14) Concurrent Mark
[2024-01-15T07:22:00.436+0000][7][gc,marking  ] GC(14) Concurrent Mark From Roots
[2024-01-15T07:22:00.438+0000][7][gc,task     ] GC(14) Using 2 workers of 2 for marking
[2024-01-15T07:22:00.476+0000][7][safepoint   ] Safepoint "CollectForMetadataAllocation", Time since last: 71402923 ns, Reaching safepoint: 193312 ns, Cleanup: 18620 ns, At safepoint: 119949 ns, Total: 331881 ns
[2024-01-15T07:22:00.480+0000][7][gc,marking  ] GC(14) Concurrent Mark From Roots 44.154ms
[2024-01-15T07:22:00.482+0000][7][gc,marking  ] GC(14) Concurrent Preclean
[2024-01-15T07:22:00.484+0000][7][gc,marking  ] GC(14) Concurrent Preclean 2.248ms
[2024-01-15T07:22:00.486+0000][7][gc,start    ] GC(14) Pause Remark
[2024-01-15T07:22:00.497+0000][7][gc          ] GC(14) Pause Remark 61M->61M(512M) 10.961ms
[2024-01-15T07:22:00.499+0000][7][gc,cpu      ] GC(14) User=0.01s Sys=0.00s Real=0.02s
[2024-01-15T07:22:00.501+0000][7][safepoint   ] Safepoint "G1PauseRemark", Time since last: 9053463 ns, Reaching safepoint: 246408 ns, Cleanup: 12964 ns, At safepoint: 15212331 ns, Total: 15471703 ns
[2024-01-15T07:22:00.503+0000][7][gc,marking  ] GC(14) Concurrent Mark 68.647ms
[2024-01-15T07:22:00.504+0000][7][gc,marking  ] GC(14) Concurrent Rebuild Remembered Sets and Scrub Regions
[2024-01-15T07:22:00.536+0000][7][gc,marking  ] GC(14) Concurrent Rebuild Remembered Sets and Scrub Regions 32.139ms
[2024-01-15T07:22:00.544+0000][7][gc,start    ] GC(14) Pause Cleanup
[2024-01-15T07:22:00.546+0000][7][gc          ] GC(14) Pause Cleanup 63M->63M(512M) 1.960ms
[2024-01-15T07:22:00.548+0000][7][gc,cpu      ] GC(14) User=0.01s Sys=0.00s Real=0.01s
[2024-01-15T07:22:00.550+0000][7][safepoint   ] Safepoint "G1PauseCleanup", Time since last: 37400230 ns, Reaching safepoint: 5433590 ns, Cleanup: 27095 ns, At safepoint: 5972529 ns, Total: 11433214 ns
[2024-01-15T07:22:00.552+0000][7][gc,marking  ] GC(14) Concurrent Clear Claimed Marks
[2024-01-15T07:22:00.553+0000][7][gc,marking  ] GC(14) Concurrent Clear Claimed Marks 1.472ms
[2024-01-15T07:22:00.555+0000][7][gc,marking  ] GC(14) Concurrent Cleanup for Next Mark
[2024-01-15T07:22:00.557+0000][7][gc,marking  ] GC(14) Concurrent Cleanup for Next Mark 2.815ms
[2024-01-15T07:22:00.559+0000][7][gc          ] GC(14) Concurrent Mark Cycle 163.573ms
[2024-01-15T07:22:01.810+0000][7][safepoint   ] Safepoint "Cleanup", Time since last: 1259839869 ns, Reaching safepoint: 4742 ns, Cleanup: 123241 ns, At safepoint: 5695 ns, Total: 133678 ns
[2024-01-15T07:22:03.000+0000][7][safepoint   ] Safepoint "Cleanup", Time since last: 1190257160 ns, Reaching safepoint: 166633 ns, Cleanup: 81623 ns, At safepoint: 40126 ns, Total: 288382 ns
[2024-01-15T07:22:04.310+0000][7][safepoint   ] Safepoint "Cleanup", Time since last: 1309472724 ns, Reaching safepoint: 3759 ns, Cleanup: 81507 ns, At safepoint: 47081 ns, Total: 132347 ns
[2024-01-15T07:22:05.873+0000][7][safepoint   ] Safepoint "Cleanup", Time since last: 1562565497 ns, Reaching safepoint: 15592 ns, Cleanup: 175434 ns, At safepoint: 84451 ns, Total: 275477 ns
[2024-01-15T07:22:06.138+0000][7][gc,start    ] GC(15) Pause Young (Prepare Mixed) (G1 Evacuation Pause)
[2024-01-15T07:22:06.140+0000][7][gc,task     ] GC(15) Using 8 workers of 8 for evacuation
[2024-01-15T07:22:06.141+0000][7][gc,age      ] GC(15) Desired survivor size 20971520 bytes, new threshold 15 (max threshold 15)
[2024-01-15T07:22:06.170+0000][7][gc,phases   ] GC(15)   Pre Evacuate Collection Set: 0.4ms
[2024-01-15T07:22:06.173+0000][7][gc,phases   ] GC(15)   Merge Heap Roots: 0.2ms
[2024-01-15T07:22:06.175+0000][7][gc,phases   ] GC(15)   Evacuate Collection Set: 23.6ms
[2024-01-15T07:22:06.177+0000][7][gc,phases   ] GC(15)   Post Evacuate Collection Set: 3.8ms
[2024-01-15T07:22:06.178+0000][7][gc,phases   ] GC(15)   Other: 2.8ms
[2024-01-15T07:22:06.180+0000][7][gc,age      ] GC(15) Age table with threshold 15 (max threshold 15)
[2024-01-15T07:22:06.182+0000][7][gc,age      ] GC(15) - age   1:   13622360 bytes,   13622360 total
[2024-01-15T07:22:06.184+0000][7][gc,age      ] GC(15) - age   2:    3388544 bytes,   17010904 total
[2024-01-15T07:22:06.186+0000][7][gc,age      ] GC(15) - age   3:    5780176 bytes,   22791080 total
[2024-01-15T07:22:06.188+0000][7][gc,heap     ] GC(15) Eden regions: 73->0(70)
[2024-01-15T07:22:06.189+0000][7][gc,heap     ] GC(15) Survivor regions: 3->6(10)
[2024-01-15T07:22:06.192+0000][7][gc,heap     ] GC(15) Old regions: 12->12
[2024-01-15T07:22:06.193+0000][7][gc,heap     ] GC(15) Humongous regions: 0->0
[2024-01-15T07:22:06.195+0000][7][gc,metaspace] GC(15) Metaspace: 87845K(90624K)->87845K(90624K) NonClass: 75624K(77120K)->75624K(77120K) Class: 12221K(13504K)->12221K(13504K)
[2024-01-15T07:22:06.197+0000][7][gc          ] GC(15) Pause Young (Prepare Mixed) (G1 Evacuation Pause) 351M->71M(512M) 58.994ms
[2024-01-15T07:22:06.199+0000][7][gc,cpu      ] GC(15) User=0.10s Sys=0.00s Real=0.06s
[2024-01-15T07:22:06.201+0000][7][safepoint   ] Safepoint "G1CollectForAllocation", Time since last: 264952827 ns, Reaching safepoint: 5401 ns, Cleanup: 19936 ns, At safepoint: 62745581 ns, Total: 62770918 ns
[2024-01-15T07:22:07.361+0000][7][safepoint   ] Safepoint "ICBufferFull", Time since last: 1159955664 ns, Reaching safepoint: 9456 ns, Cleanup: 141650 ns, At safepoint: 55968 ns, Total: 207074 ns
[2024-01-15T07:22:07.668+0000][7][safepoint   ] Safepoint "ICBufferFull", Time since last: 307168949 ns, Reaching safepoint: 327492 ns, Cleanup: 213830 ns, At safepoint: 68024 ns, Total: 609346 ns
[2024-01-15T07:22:08.693+0000][7][safepoint   ] Safepoint "ICBufferFull", Time since last: 1023391919 ns, Reaching safepoint: 1301743 ns, Cleanup: 163457 ns, At safepoint: 25760 ns, Total: 1490960 ns
[2024-01-15T07:22:09.810+0000][7][gc,start    ] GC(16) Pause Young (Mixed) (Metadata GC Threshold)
[2024-01-15T07:22:09.812+0000][7][gc,task     ] GC(16) Using 8 workers of 8 for evacuation
[2024-01-15T07:22:09.813+0000][7][gc,age      ] GC(16) Desired survivor size 20971520 bytes, new threshold 3 (max threshold 15)
[2024-01-15T07:22:09.840+0000][7][gc,phases   ] GC(16)   Pre Evacuate Collection Set: 0.9ms
[2024-01-15T07:22:09.842+0000][7][gc,phases   ] GC(16)   Merge Heap Roots: 0.1ms
[2024-01-15T07:22:09.844+0000][7][gc,phases   ] GC(16)   Evacuate Collection Set: 20.8ms
[2024-01-15T07:22:09.845+0000][7][gc,phases   ] GC(16)   Post Evacuate Collection Set: 2.9ms
[2024-01-15T07:22:09.847+0000][7][gc,phases   ] GC(16)   Other: 4.0ms
[2024-01-15T07:22:09.848+0000][7][gc,age      ] GC(16) Age table with threshold 3 (max threshold 15)
[2024-01-15T07:22:09.849+0000][7][gc,age      ] GC(16) - age   1:    4151464 bytes,    4151464 total
[2024-01-15T07:22:09.851+0000][7][gc,age      ] GC(16) - age   2:   13198760 bytes,   17350224 total
[2024-01-15T07:22:09.854+0000][7][gc,age      ] GC(16) - age   3:    3378584 bytes,   20728808 total
[2024-01-15T07:22:09.855+0000][7][gc,heap     ] GC(16) Eden regions: 26->0(70)
[2024-01-15T07:22:09.857+0000][7][gc,heap     ] GC(16) Survivor regions: 6->6(10)
[2024-01-15T07:22:09.858+0000][7][gc,heap     ] GC(16) Old regions: 12->14
[2024-01-15T07:22:09.860+0000][7][gc,heap     ] GC(16) Humongous regions: 0->0
[2024-01-15T07:22:09.861+0000][7][gc,metaspace] GC(16) Metaspace: 99203K(102080K)->99203K(102080K) NonClass: 85303K(86848K)->85303K(86848K) Class: 13900K(15232K)->13900K(15232K)
[2024-01-15T07:22:09.862+0000][7][gc          ] GC(16) Pause Young (Mixed) (Metadata GC Threshold) 172M->75M(512M) 52.568ms
[2024-01-15T07:22:09.863+0000][7][gc,cpu      ] GC(16) User=0.12s Sys=0.00s Real=0.05s
[2024-01-15T07:22:09.865+0000][7][safepoint   ] Safepoint "CollectForMetadataAllocation", Time since last: 1116099273 ns, Reaching safepoint: 8967 ns, Cleanup: 108306 ns, At safepoint: 55792199 ns, Total: 55909472 ns
[2024-01-15T07:22:10.051+0000][7][gc,start    ] GC(17) Pause Young (Concurrent Start) (Metadata GC Threshold)
[2024-01-15T07:22:10.053+0000][7][gc,task     ] GC(17) Using 8 workers of 8 for evacuation
[2024-01-15T07:22:10.057+0000][7][gc,age      ] GC(17) Desired survivor size 20971520 bytes, new threshold 15 (max threshold 15)
[2024-01-15T07:22:10.088+0000][7][gc,phases   ] GC(17)   Pre Evacuate Collection Set: 0.8ms
[2024-01-15T07:22:10.090+0000][7][gc,phases   ] GC(17)   Merge Heap Roots: 0.4ms
[2024-01-15T07:22:10.093+0000][7][gc,phases   ] GC(17)   Evacuate Collection Set: 22.8ms
[2024-01-15T07:22:10.095+0000][7][gc,phases   ] GC(17)   Post Evacuate Collection Set: 3.2ms
[2024-01-15T07:22:10.097+0000][7][gc,phases   ] GC(17)   Other: 7.6ms
[2024-01-15T07:22:10.098+0000][7][gc,age      ] GC(17) Age table with threshold 15 (max threshold 15)
[2024-01-15T07:22:10.100+0000][7][gc,age      ] GC(17) - age   1:     333288 bytes,     333288 total
[2024-01-15T07:22:10.102+0000][7][gc,age      ] GC(17) - age   2:    3863704 bytes,    4196992 total
[2024-01-15T07:22:10.104+0000][7][gc,age      ] GC(17) - age   3:   13198640 bytes,   17395632 total
[2024-01-15T07:22:10.106+0000][7][gc,age      ] GC(17) - age   4:    3378368 bytes,   20774000 total
[2024-01-15T07:22:10.108+0000][7][gc,heap     ] GC(17) Eden regions: 4->0(70)
[2024-01-15T07:22:10.109+0000][7][gc,heap     ] GC(17) Survivor regions: 6->6(10)
[2024-01-15T07:22:10.111+0000][7][gc,heap     ] GC(17) Old regions: 14->14
[2024-01-15T07:22:10.112+0000][7][gc,heap     ] GC(17) Humongous regions: 0->0
[2024-01-15T07:22:10.114+0000][7][gc,metaspace] GC(17) Metaspace: 99559K(102400K)->99559K(102400K) NonClass: 85598K(87104K)->85598K(87104K) Class: 13960K(15296K)->13960K(15296K)
[2024-01-15T07:22:10.116+0000][7][gc          ] GC(17) Pause Young (Concurrent Start) (Metadata GC Threshold) 90M->75M(512M) 65.144ms
[2024-01-15T07:22:10.118+0000][7][gc,cpu      ] GC(17) User=0.23s Sys=0.01s Real=0.07s
[2024-01-15T07:22:10.118+0000][7][gc          ] GC(18) Concurrent Mark Cycle
[2024-01-15T07:22:10.121+0000][7][gc,marking  ] GC(18) Concurrent Scan Root Regions
[2024-01-15T07:22:10.120+0000][7][safepoint   ] Safepoint "CollectForMetadataAllocation", Time since last: 185331230 ns, Reaching safepoint: 13206 ns, Cleanup: 133166 ns, At safepoint: 68823947 ns, Total: 68970319 ns
[2024-01-15T07:22:10.136+0000][7][gc,marking  ] GC(18) Concurrent Scan Root Regions 15.248ms
[2024-01-15T07:22:10.139+0000][7][gc,marking  ] GC(18) Concurrent Mark
[2024-01-15T07:22:10.140+0000][7][gc,marking  ] GC(18) Concurrent Mark From Roots
[2024-01-15T07:22:10.142+0000][7][gc,task     ] GC(18) Using 2 workers of 2 for marking
[2024-01-15T07:22:10.252+0000][7][gc,marking  ] GC(18) Concurrent Mark From Roots 111.966ms
[2024-01-15T07:22:10.259+0000][7][gc,marking  ] GC(18) Concurrent Preclean
[2024-01-15T07:22:10.261+0000][7][gc,marking  ] GC(18) Concurrent Preclean 2.235ms
[2024-01-15T07:22:10.264+0000][7][gc,start    ] GC(18) Pause Remark
[2024-01-15T07:22:10.276+0000][7][gc          ] GC(18) Pause Remark 77M->77M(512M) 12.927ms
[2024-01-15T07:22:10.280+0000][7][gc,cpu      ] GC(18) User=0.05s Sys=0.00s Real=0.02s
[2024-01-15T07:22:10.282+0000][7][safepoint   ] Safepoint "G1PauseRemark", Time since last: 143812512 ns, Reaching safepoint: 14668 ns, Cleanup: 21699 ns, At safepoint: 18273620 ns, Total: 18309987 ns
[2024-01-15T07:22:10.284+0000][7][gc,marking  ] GC(18) Concurrent Mark 144.806ms
[2024-01-15T07:22:10.285+0000][7][gc,marking  ] GC(18) Concurrent Rebuild Remembered Sets and Scrub Regions
[2024-01-15T07:22:10.315+0000][7][gc,marking  ] GC(18) Concurrent Rebuild Remembered Sets and Scrub Regions 29.686ms
[2024-01-15T07:22:10.317+0000][7][gc,start    ] GC(18) Pause Cleanup
[2024-01-15T07:22:10.319+0000][7][gc          ] GC(18) Pause Cleanup 77M->77M(512M) 2.349ms
[2024-01-15T07:22:10.322+0000][7][gc,cpu      ] GC(18) User=0.01s Sys=0.00s Real=0.00s
[2024-01-15T07:22:10.324+0000][7][safepoint   ] Safepoint "G1PauseCleanup", Time since last: 35075279 ns, Reaching safepoint: 16038 ns, Cleanup: 9838 ns, At safepoint: 6853300 ns, Total: 6879176 ns
[2024-01-15T07:22:10.326+0000][7][gc,marking  ] GC(18) Concurrent Clear Claimed Marks
[2024-01-15T07:22:10.328+0000][7][gc,marking  ] GC(18) Concurrent Clear Claimed Marks 2.129ms
[2024-01-15T07:22:10.330+0000][7][gc,marking  ] GC(18) Concurrent Cleanup for Next Mark
[2024-01-15T07:22:10.333+0000][7][gc,marking  ] GC(18) Concurrent Cleanup for Next Mark 2.856ms
[2024-01-15T07:22:10.335+0000][7][gc          ] GC(18) Concurrent Mark Cycle 216.848ms
[2024-01-15T07:22:11.459+0000][7][safepoint   ] Safepoint "ICBufferFull", Time since last: 1134359857 ns, Reaching safepoint: 335165 ns, Cleanup: 485755 ns, At safepoint: 192567 ns, Total: 1013487 ns
[2024-01-15T07:22:12.411+0000][7][safepoint   ] Safepoint "ICBufferFull", Time since last: 952110295 ns, Reaching safepoint: 19625 ns, Cleanup: 187009 ns, At safepoint: 26318 ns, Total: 232952 ns
[2024-01-15T07:22:13.170+0000][7][safepoint   ] Safepoint "ICBufferFull", Time since last: 751366292 ns, Reaching safepoint: 6568757 ns, Cleanup: 336775 ns, At safepoint: 473088 ns, Total: 7378620 ns
[2024-01-15T07:22:13.177+0000][7][safepoint   ] Safepoint "ICBufferFull", Time since last: 3791891 ns, Reaching safepoint: 2521979 ns, Cleanup: 20642 ns, At safepoint: 294996 ns, Total: 2837617 ns
[2024-01-15T07:22:14.098+0000][7][safepoint   ] Safepoint "ICBufferFull", Time since last: 915181837 ns, Reaching safepoint: 5115225 ns, Cleanup: 151959 ns, At safepoint: 237099 ns, Total: 5504283 ns
[2024-01-15T07:22:14.924+0000][7][safepoint   ] Safepoint "ICBufferFull", Time since last: 825461092 ns, Reaching safepoint: 540543 ns, Cleanup: 166281 ns, At safepoint: 32190 ns, Total: 739014 ns
[2024-01-15T07:22:15.164+0000][7][gc,start    ] GC(19) Pause Young (Prepare Mixed) (G1 Evacuation Pause)
[2024-01-15T07:22:15.167+0000][7][gc,task     ] GC(19) Using 8 workers of 8 for evacuation
[2024-01-15T07:22:15.169+0000][7][gc,age      ] GC(19) Desired survivor size 20971520 bytes, new threshold 15 (max threshold 15)
[2024-01-15T07:22:15.201+0000][7][gc,phases   ] GC(19)   Pre Evacuate Collection Set: 1.2ms
[2024-01-15T07:22:15.203+0000][7][gc,phases   ] GC(19)   Merge Heap Roots: 0.6ms
[2024-01-15T07:22:15.205+0000][7][gc,phases   ] GC(19)   Evacuate Collection Set: 22.3ms
[2024-01-15T07:22:15.207+0000][7][gc,phases   ] GC(19)   Post Evacuate Collection Set: 5.0ms
[2024-01-15T07:22:15.209+0000][7][gc,phases   ] GC(19)   Other: 4.6ms
[2024-01-15T07:22:15.211+0000][7][gc,age      ] GC(19) Age table with threshold 15 (max threshold 15)
[2024-01-15T07:22:15.213+0000][7][gc,age      ] GC(19) - age   1:    9288376 bytes,    9288376 total
[2024-01-15T07:22:15.214+0000][7][gc,age      ] GC(19) - age   2:     205104 bytes,    9493480 total
[2024-01-15T07:22:15.216+0000][7][gc,age      ] GC(19) - age   3:    3725152 bytes,   13218632 total
[2024-01-15T07:22:15.218+0000][7][gc,age      ] GC(19) - age   4:   13136144 bytes,   26354776 total
[2024-01-15T07:22:15.219+0000][7][gc,age      ] GC(19) - age   5:    3373856 bytes,   29728632 total
[2024-01-15T07:22:15.221+0000][7][gc,heap     ] GC(19) Eden regions: 70->0(68)
[2024-01-15T07:22:15.225+0000][7][gc,heap     ] GC(19) Survivor regions: 6->8(10)
[2024-01-15T07:22:15.227+0000][7][gc,heap     ] GC(19) Old regions: 14->14
[2024-01-15T07:22:15.228+0000][7][gc,heap     ] GC(19) Humongous regions: 2->2
[2024-01-15T07:22:15.230+0000][7][gc,metaspace] GC(19) Metaspace: 108117K(110976K)->108117K(110976K) NonClass: 92974K(94528K)->92974K(94528K) Class: 15143K(16448K)->15143K(16448K)
[2024-01-15T07:22:15.231+0000][7][gc          ] GC(19) Pause Young (Prepare Mixed) (G1 Evacuation Pause) 363M->90M(512M) 67.103ms
[2024-01-15T07:22:15.233+0000][7][gc,cpu      ] GC(19) User=0.17s Sys=0.02s Real=0.07s
[2024-01-15T07:22:15.235+0000][7][safepoint   ] Safepoint "G1CollectForAllocation", Time since last: 240161626 ns, Reaching safepoint: 338871 ns, Cleanup: 43315 ns, At safepoint: 71073826 ns, Total: 71456012 ns
[2024-01-15T07:22:16.170+0000][7][safepoint   ] Safepoint "ICBufferFull", Time since last: 934678980 ns, Reaching safepoint: 17016 ns, Cleanup: 145193 ns, At safepoint: 43560 ns, Total: 205769 ns
[2024-01-15T07:22:17.177+0000][7][safepoint   ] Safepoint "Cleanup", Time since last: 1002686416 ns, Reaching safepoint: 3500910 ns, Cleanup: 105748 ns, At safepoint: 42791 ns, Total: 3649449 ns
[2024-01-15T07:22:18.182+0000][7][safepoint   ] Safepoint "Cleanup", Time since last: 1004578495 ns, Reaching safepoint: 187187 ns, Cleanup: 172107 ns, At safepoint: 62608 ns, Total: 421902 ns
[2024-01-15T07:22:18.827+0000][7][safepoint   ] Safepoint "ICBufferFull", Time since last: 644949878 ns, Reaching safepoint: 607375 ns, Cleanup: 167313 ns, At safepoint: 35361 ns, Total: 810049 ns
[2024-01-15T07:22:19.707+0000][7][safepoint   ] Safepoint "ICBufferFull", Time since last: 878716172 ns, Reaching safepoint: 719475 ns, Cleanup: 157949 ns, At safepoint: 339283 ns, Total: 1216707 ns
[2024-01-15T07:22:20.714+0000][7][safepoint   ] Safepoint "Cleanup", Time since last: 1006920047 ns, Reaching safepoint: 18772 ns, Cleanup: 94823 ns, At safepoint: 4526 ns, Total: 118121 ns
[2024-01-15T07:22:21.716+0000][7][safepoint   ] Safepoint "Cleanup", Time since last: 1001933078 ns, Reaching safepoint: 25665 ns, Cleanup: 132628 ns, At safepoint: 8056 ns, Total: 166349 ns
[2024-01-15T07:22:22.719+0000][7][safepoint   ] Safepoint "Cleanup", Time since last: 1001945902 ns, Reaching safepoint: 21122 ns, Cleanup: 46877 ns, At safepoint: 142938 ns, Total: 210937 ns
[2024-01-15T07:22:23.721+0000][7][safepoint   ] Safepoint "Cleanup", Time since last: 1002679396 ns, Reaching safepoint: 26604 ns, Cleanup: 69029 ns, At safepoint: 8848 ns, Total: 104481 ns
[2024-01-15T07:22:24.723+0000][7][safepoint   ] Safepoint "Cleanup", Time since last: 1001949373 ns, Reaching safepoint: 18171 ns, Cleanup: 33526 ns, At safepoint: 3808 ns, Total: 55505 ns
[2024-01-15T07:22:25.474+0000][7][safepoint   ] Safepoint "ICBufferFull", Time since last: 749435498 ns, Reaching safepoint: 475092 ns, Cleanup: 242238 ns, At safepoint: 225145 ns, Total: 942475 ns
[2024-01-15T07:22:25.520+0000][7][safepoint   ] Safepoint "G1CollectForAllocation", Time since last: 44694551 ns, Reaching safepoint: 1048673 ns, Cleanup: 30495 ns, At safepoint: 220734 ns, Total: 1299902 ns
[2024-01-15T07:22:25.524+0000][7][gc,start    ] GC(20) Pause Young (Mixed) (GCLocker Initiated GC)
[2024-01-15T07:22:25.528+0000][7][gc,task     ] GC(20) Using 8 workers of 8 for evacuation
[2024-01-15T07:22:25.531+0000][7][gc,age      ] GC(20) Desired survivor size 20971520 bytes, new threshold 4 (max threshold 15)
[2024-01-15T07:22:25.588+0000][7][gc,phases   ] GC(20)   Pre Evacuate Collection Set: 1.3ms
[2024-01-15T07:22:25.591+0000][7][gc,phases   ] GC(20)   Merge Heap Roots: 0.6ms
[2024-01-15T07:22:25.593+0000][7][gc,phases   ] GC(20)   Evacuate Collection Set: 48.6ms
[2024-01-15T07:22:25.595+0000][7][gc,phases   ] GC(20)   Post Evacuate Collection Set: 4.3ms
[2024-01-15T07:22:25.596+0000][7][gc,phases   ] GC(20)   Other: 6.3ms
[2024-01-15T07:22:25.598+0000][7][gc,age      ] GC(20) Age table with threshold 4 (max threshold 15)
[2024-01-15T07:22:25.601+0000][7][gc,age      ] GC(20) - age   1:    7372624 bytes,    7372624 total
[2024-01-15T07:22:25.605+0000][7][gc,age      ] GC(20) - age   2:    5579552 bytes,   12952176 total
[2024-01-15T07:22:25.608+0000][7][gc,age      ] GC(20) - age   3:     194960 bytes,   13147136 total
[2024-01-15T07:22:25.610+0000][7][gc,age      ] GC(20) - age   4:    3702496 bytes,   16849632 total
[2024-01-15T07:22:25.612+0000][7][gc,heap     ] GC(20) Eden regions: 68->0(71)
[2024-01-15T07:22:25.613+0000][7][gc,heap     ] GC(20) Survivor regions: 8->5(10)
[2024-01-15T07:22:25.615+0000][7][gc,heap     ] GC(20) Old regions: 14->18
[2024-01-15T07:22:25.618+0000][7][gc,heap     ] GC(20) Humongous regions: 2->2
[2024-01-15T07:22:25.620+0000][7][gc,metaspace] GC(20) Metaspace: 112299K(115200K)->112299K(115200K) NonClass: 96694K(98240K)->96694K(98240K) Class: 15604K(16960K)->15604K(16960K)
[2024-01-15T07:22:25.622+0000][7][gc          ] GC(20) Pause Young (Mixed) (GCLocker Initiated GC) 362M->96M(512M) 97.328ms
[2024-01-15T07:22:25.624+0000][7][gc,cpu      ] GC(20) User=0.29s Sys=0.02s Real=0.10s
[2024-01-15T07:22:25.627+0000][7][safepoint   ] Safepoint "G1CollectForAllocation", Time since last: 4632461 ns, Reaching safepoint: 20151 ns, Cleanup: 10139 ns, At safepoint: 102184998 ns, Total: 102215288 ns
[2024-01-15T07:22:26.641+0000][7][safepoint   ] Safepoint "Cleanup", Time since last: 1013858592 ns, Reaching safepoint: 23657 ns, Cleanup: 82263 ns, At safepoint: 6187 ns, Total: 112107 ns
[2024-01-15T07:22:27.644+0000][7][safepoint   ] Safepoint "Cleanup", Time since last: 1003436088 ns, Reaching safepoint: 109823 ns, Cleanup: 23136 ns, At safepoint: 18009 ns, Total: 150968 ns
[2024-01-15T07:22:29.121+0000][7][safepoint   ] Safepoint "ICBufferFull", Time since last: 1476890733 ns, Reaching safepoint: 51086 ns, Cleanup: 131288 ns, At safepoint: 43918 ns, Total: 226292 ns
[2024-01-15T07:22:30.124+0000][7][safepoint   ] Safepoint "Cleanup", Time since last: 1002429594 ns, Reaching safepoint: 17663 ns, Cleanup: 80714 ns, At safepoint: 4503 ns, Total: 102880 ns
[2024-01-15T07:22:31.126+0000][7][safepoint   ] Safepoint "Cleanup", Time since last: 1001942685 ns, Reaching safepoint: 22511 ns, Cleanup: 27417 ns, At safepoint: 5643 ns, Total: 55571 ns
[2024-01-15T07:22:32.128+0000][7][safepoint   ] Safepoint "Cleanup", Time since last: 1002105629 ns, Reaching safepoint: 19840 ns, Cleanup: 119340 ns, At safepoint: 6401 ns, Total: 145581 ns
[2024-01-15T07:22:33.130+0000][7][safepoint   ] Safepoint "Cleanup", Time since last: 1001963072 ns, Reaching safepoint: 16375 ns, Cleanup: 27006 ns, At safepoint: 3402 ns, Total: 46783 ns
[2024-01-15T07:22:35.133+0000][7][safepoint   ] Safepoint "Cleanup", Time since last: 2002182839 ns, Reaching safepoint: 26942 ns, Cleanup: 88986 ns, At safepoint: 5523 ns, Total: 121451 ns
[2024-01-15T07:22:36.135+0000][7][safepoint   ] Safepoint "Cleanup", Time since last: 1002121941 ns, Reaching safepoint: 21693 ns, Cleanup: 56708 ns, At safepoint: 6633 ns, Total: 85034 ns
[2024-01-15T07:22:37.137+0000][7][safepoint   ] Safepoint "Cleanup", Time since last: 1001867727 ns, Reaching safepoint: 16707 ns, Cleanup: 13130 ns, At safepoint: 2998 ns, Total: 32835 ns
[2024-01-15T07:22:38.139+0000][7][safepoint   ] Safepoint "Cleanup", Time since last: 1001770213 ns, Reaching safepoint: 19007 ns, Cleanup: 25126 ns, At safepoint: 3998 ns, Total: 48131 ns
[2024-01-15T07:22:39.141+0000][7][safepoint   ] Safepoint "Cleanup", Time since last: 1002322629 ns, Reaching safepoint: 16179 ns, Cleanup: 10875 ns, At safepoint: 2907 ns, Total: 29961 ns
[2024-01-15T07:22:40.143+0000][7][safepoint   ] Safepoint "Cleanup", Time since last: 1001621832 ns, Reaching safepoint: 185221 ns, Cleanup: 16933 ns, At safepoint: 61996 ns, Total: 264150 ns
[2024-01-15T07:22:41.145+0000][7][safepoint   ] Safepoint "Cleanup", Time since last: 1002195995 ns, Reaching safepoint: 17151 ns, Cleanup: 51479 ns, At safepoint: 3833 ns, Total: 72463 ns
[2024-01-15T07:22:42.147+0000][7][safepoint   ] Safepoint "Cleanup", Time since last: 1002122869 ns, Reaching safepoint: 22592 ns, Cleanup: 26387 ns, At safepoint: 4579 ns, Total: 53558 ns
[2024-01-15T07:22:44.043+0000][7][safepoint   ] Safepoint "Cleanup", Time since last: 1895461693 ns, Reaching safepoint: 18826 ns, Cleanup: 83727 ns, At safepoint: 3921 ns, Total: 106474 ns
[2024-01-15T07:22:45.044+0000][7][safepoint   ] Safepoint "Cleanup", Time since last: 1001529886 ns, Reaching safepoint: 19805 ns, Cleanup: 25687 ns, At safepoint: 3132 ns, Total: 48624 ns
[2024-01-15T07:22:47.046+0000][7][safepoint   ] Safepoint "Cleanup", Time since last: 2001927314 ns, Reaching safepoint: 18781 ns, Cleanup: 45967 ns, At safepoint: 3882 ns, Total: 68630 ns
[2024-01-15T07:22:48.048+0000][7][safepoint   ] Safepoint "Cleanup", Time since last: 1001839474 ns, Reaching safepoint: 17093 ns, Cleanup: 19132 ns, At safepoint: 3362 ns, Total: 39587 ns
[2024-01-15T07:22:49.050+0000][7][safepoint   ] Safepoint "Cleanup", Time since last: 1001852014 ns, Reaching safepoint: 18005 ns, Cleanup: 15365 ns, At safepoint: 2897 ns, Total: 36267 ns
[2024-01-15T07:22:50.052+0000][7][safepoint   ] Safepoint "Cleanup", Time since last: 1001631271 ns, Reaching safepoint: 16704 ns, Cleanup: 17085 ns, At safepoint: 3328 ns, Total: 37117 ns
[2024-01-15T07:22:51.054+0000][7][safepoint   ] Safepoint "Cleanup", Time since last: 1001918777 ns, Reaching safepoint: 16798 ns, Cleanup: 12422 ns, At safepoint: 3221 ns, Total: 32441 ns
[2024-01-15T07:22:53.056+0000][7][safepoint   ] Safepoint "Cleanup", Time since last: 2002055312 ns, Reaching safepoint: 35326 ns, Cleanup: 97881 ns, At safepoint: 25606 ns, Total: 158813 ns
[2024-01-15T07:22:54.058+0000][7][safepoint   ] Safepoint "Cleanup", Time since last: 1001636901 ns, Reaching safepoint: 21979 ns, Cleanup: 137656 ns, At safepoint: 6500 ns, Total: 166135 ns
[2024-01-15T07:22:55.060+0000][7][safepoint   ] Safepoint "Cleanup", Time since last: 1002155860 ns, Reaching safepoint: 20174 ns, Cleanup: 14272 ns, At safepoint: 3213 ns, Total: 37659 ns
[2024-01-15T07:22:57.062+0000][7][safepoint   ] Safepoint "Cleanup", Time since last: 2002110829 ns, Reaching safepoint: 17064 ns, Cleanup: 40971 ns, At safepoint: 3932 ns, Total: 61967 ns
[2024-01-15T07:22:58.064+0000][7][safepoint   ] Safepoint "Cleanup", Time since last: 1001686574 ns, Reaching safepoint: 18636 ns, Cleanup: 14383 ns, At safepoint: 2841 ns, Total: 35860 ns
[2024-01-15T07:22:59.066+0000][7][safepoint   ] Safepoint "Cleanup", Time since last: 1001647203 ns, Reaching safepoint: 20202 ns, Cleanup: 13866 ns, At safepoint: 3468 ns, Total: 37536 ns
[2024-01-15T07:23:00.068+0000][7][safepoint   ] Safepoint "Cleanup", Time since last: 1002298594 ns, Reaching safepoint: 17684 ns, Cleanup: 26477 ns, At safepoint: 3225 ns, Total: 47386 ns
[2024-01-15T07:23:02.071+0000][7][safepoint   ] Safepoint "Cleanup", Time since last: 2002052628 ns, Reaching safepoint: 18800 ns, Cleanup: 14997 ns, At safepoint: 3610 ns, Total: 37407 ns
[2024-01-15T07:23:03.073+0000][7][safepoint   ] Safepoint "Cleanup", Time since last: 1001917355 ns, Reaching safepoint: 25194 ns, Cleanup: 137337 ns, At safepoint: 16604 ns, Total: 179135 ns
[2024-01-15T07:23:05.033+0000][7][safepoint   ] Safepoint "Cleanup", Time since last: 1960611245 ns, Reaching safepoint: 20457 ns, Cleanup: 191242 ns, At safepoint: 5971 ns, Total: 217670 ns
[2024-01-15T07:23:06.036+0000][7][safepoint   ] Safepoint "Cleanup", Time since last: 1002184776 ns, Reaching safepoint: 26075 ns, Cleanup: 43994 ns, At safepoint: 171852 ns, Total: 241921 ns
[2024-01-15T07:23:06.920+0000][7][gc,start    ] GC(21) Pause Young (Normal) (G1 Evacuation Pause)
[2024-01-15T07:23:06.921+0000][7][gc,task     ] GC(21) Using 8 workers of 8 for evacuation
[2024-01-15T07:23:06.923+0000][7][gc,age      ] GC(21) Desired survivor size 20971520 bytes, new threshold 15 (max threshold 15)
[2024-01-15T07:23:06.965+0000][7][gc,phases   ] GC(21)   Pre Evacuate Collection Set: 1.3ms
[2024-01-15T07:23:06.967+0000][7][gc,phases   ] GC(21)   Merge Heap Roots: 0.4ms
[2024-01-15T07:23:06.968+0000][7][gc,phases   ] GC(21)   Evacuate Collection Set: 35.1ms
[2024-01-15T07:23:06.970+0000][7][gc,phases   ] GC(21)   Post Evacuate Collection Set: 3.3ms
[2024-01-15T07:23:06.973+0000][7][gc,phases   ] GC(21)   Other: 3.2ms
[2024-01-15T07:23:06.975+0000][7][gc,age      ] GC(21) Age table with threshold 15 (max threshold 15)
[2024-01-15T07:23:06.976+0000][7][gc,age      ] GC(21) - age   1:    3595640 bytes,    3595640 total
[2024-01-15T07:23:06.978+0000][7][gc,age      ] GC(21) - age   2:    5664504 bytes,    9260144 total
[2024-01-15T07:23:06.979+0000][7][gc,age      ] GC(21) - age   3:    5574072 bytes,   14834216 total
[2024-01-15T07:23:06.981+0000][7][gc,age      ] GC(21) - age   4:     193952 bytes,   15028168 total
[2024-01-15T07:23:06.983+0000][7][gc,age      ] GC(21) - age   5:    3689472 bytes,   18717640 total
[2024-01-15T07:23:06.985+0000][7][gc,heap     ] GC(21) Eden regions: 71->0(71)
[2024-01-15T07:23:06.986+0000][7][gc,heap     ] GC(21) Survivor regions: 5->5(10)
[2024-01-15T07:23:06.988+0000][7][gc,heap     ] GC(21) Old regions: 18->18
[2024-01-15T07:23:06.990+0000][7][gc,heap     ] GC(21) Humongous regions: 2->2
[2024-01-15T07:23:06.992+0000][7][gc,metaspace] GC(21) Metaspace: 114899K(117952K)->114899K(117952K) NonClass: 99084K(100736K)->99084K(100736K) Class: 15814K(17216K)->15814K(17216K)
[2024-01-15T07:23:06.993+0000][7][gc          ] GC(21) Pause Young (Normal) (G1 Evacuation Pause) 380M->96M(512M) 73.213ms
[2024-01-15T07:23:06.994+0000][7][gc,cpu      ] GC(21) User=0.18s Sys=0.03s Real=0.07s
[2024-01-15T07:23:06.996+0000][7][safepoint   ] Safepoint "G1CollectForAllocation", Time since last: 884018345 ns, Reaching safepoint: 23239 ns, Cleanup: 28088 ns, At safepoint: 75922296 ns, Total: 75973623 ns
[2024-01-15T07:23:07.998+0000][7][safepoint   ] Safepoint "Cleanup", Time since last: 1001614253 ns, Reaching safepoint: 18648 ns, Cleanup: 16726 ns, At safepoint: 3812 ns, Total: 39186 ns
[2024-01-15T07:23:09.000+0000][7][safepoint   ] Safepoint "Cleanup", Time since last: 1001943751 ns, Reaching safepoint: 21192 ns, Cleanup: 72790 ns, At safepoint: 3309 ns, Total: 97291 ns
[2024-01-15T07:23:10.002+0000][7][safepoint   ] Safepoint "Cleanup", Time since last: 1002312143 ns, Reaching safepoint: 21596 ns, Cleanup: 27040 ns, At safepoint: 4058 ns, Total: 52694 ns
[2024-01-15T07:23:12.004+0000][7][safepoint   ] Safepoint "Cleanup", Time since last: 2002254496 ns, Reaching safepoint: 67869 ns, Cleanup: 78406 ns, At safepoint: 20077 ns, Total: 166352 ns
[2024-01-15T07:23:14.007+0000][7][safepoint   ] Safepoint "Cleanup", Time since last: 2002365735 ns, Reaching safepoint: 72329 ns, Cleanup: 24232 ns, At safepoint: 4112 ns, Total: 100673 ns
[2024-01-15T07:23:15.009+0000][7][safepoint   ] Safepoint "Cleanup", Time since last: 1002121957 ns, Reaching safepoint: 16729 ns, Cleanup: 24044 ns, At safepoint: 9452 ns, Total: 50225 ns
[2024-01-15T07:23:16.011+0000][7][safepoint   ] Safepoint "Cleanup", Time since last: 1001855127 ns, Reaching safepoint: 20270 ns, Cleanup: 13395 ns, At safepoint: 4222 ns, Total: 37887 ns
[2024-01-15T07:23:17.013+0000][7][safepoint   ] Safepoint "Cleanup", Time since last: 1001900130 ns, Reaching safepoint: 21831 ns, Cleanup: 20375 ns, At safepoint: 3579 ns, Total: 45785 ns
[2024-01-15T07:23:18.015+0000][7][safepoint   ] Safepoint "Cleanup", Time since last: 1001859771 ns, Reaching safepoint: 22015 ns, Cleanup: 14216 ns, At safepoint: 4022 ns, Total: 40253 ns
[2024-01-15T07:23:21.017+0000][7][safepoint   ] Safepoint "Cleanup", Time since last: 3002242464 ns, Reaching safepoint: 19572 ns, Cleanup: 87488 ns, At safepoint: 3387 ns, Total: 110447 ns
[2024-01-15T07:23:22.019+0000][7][safepoint   ] Safepoint "Cleanup", Time since last: 1001877729 ns, Reaching safepoint: 22075 ns, Cleanup: 30008 ns, At safepoint: 3950 ns, Total: 56033 ns
[2024-01-15T07:23:23.021+0000][7][safepoint   ] Safepoint "Cleanup", Time since last: 1002326578 ns, Reaching safepoint: 23134 ns, Cleanup: 20422 ns, At safepoint: 3307 ns, Total: 46863 ns
[2024-01-15T07:23:24.023+0000][7][safepoint   ] Safepoint "Cleanup", Time since last: 1001646744 ns, Reaching safepoint: 26285 ns, Cleanup: 20566 ns, At safepoint: 4515 ns, Total: 51366 ns
[2024-01-15T07:23:25.027+0000][7][safepoint   ] Safepoint "Cleanup", Time since last: 1003603718 ns, Reaching safepoint: 23034 ns, Cleanup: 14655 ns, At safepoint: 2946 ns, Total: 40635 ns
[2024-01-15T07:23:26.029+0000][7][safepoint   ] Safepoint "Cleanup", Time since last: 1001896752 ns, Reaching safepoint: 19259 ns, Cleanup: 77485 ns, At safepoint: 5376 ns, Total: 102120 ns
[2024-01-15T07:23:27.031+0000][7][safepoint   ] Safepoint "Cleanup", Time since last: 1002195100 ns, Reaching safepoint: 64403 ns, Cleanup: 119689 ns, At safepoint: 18699 ns, Total: 202791 ns
[2024-01-15T07:23:28.033+0000][7][safepoint   ] Safepoint "Cleanup", Time since last: 1001760080 ns, Reaching safepoint: 23048 ns, Cleanup: 17932 ns, At safepoint: 3487 ns, Total: 44467 ns
[2024-01-15T07:23:33.036+0000][7][safepoint   ] Safepoint "Cleanup", Time since last: 5002231706 ns, Reaching safepoint: 18926 ns, Cleanup: 45939 ns, At safepoint: 3282 ns, Total: 68147 ns
[2024-01-15T07:23:34.037+0000][7][safepoint   ] Safepoint "Cleanup", Time since last: 1001625073 ns, Reaching safepoint: 17332 ns, Cleanup: 27585 ns, At safepoint: 3577 ns, Total: 48494 ns
[2024-01-15T07:23:35.039+0000][7][safepoint   ] Safepoint "Cleanup", Time since last: 1001729528 ns, Reaching safepoint: 17474 ns, Cleanup: 10779 ns, At safepoint: 3202 ns, Total: 31455 ns
[2024-01-15T07:23:36.041+0000][7][safepoint   ] Safepoint "Cleanup", Time since last: 1001744213 ns, Reaching safepoint: 19399 ns, Cleanup: 25925 ns, At safepoint: 3894 ns, Total: 49218 ns
[2024-01-15T07:23:37.043+0000][7][safepoint   ] Safepoint "Cleanup", Time since last: 1001707609 ns, Reaching safepoint: 17010 ns, Cleanup: 15175 ns, At safepoint: 2663 ns, Total: 34848 ns
[2024-01-15T07:23:39.044+0000][7][safepoint   ] Safepoint "Cleanup", Time since last: 2001769969 ns, Reaching safepoint: 17022 ns, Cleanup: 39417 ns, At safepoint: 3315 ns, Total: 59754 ns
[2024-01-15T07:23:40.046+0000][7][safepoint   ] Safepoint "Cleanup", Time since last: 1001705621 ns, Reaching safepoint: 73055 ns, Cleanup: 15174 ns, At safepoint: 4778 ns, Total: 93007 ns
[2024-01-15T07:23:41.048+0000][7][safepoint   ] Safepoint "Cleanup", Time since last: 1001580604 ns, Reaching safepoint: 18701 ns, Cleanup: 12123 ns, At safepoint: 2858 ns, Total: 33682 ns
[2024-01-15T07:23:42.049+0000][7][safepoint   ] Safepoint "Cleanup", Time since last: 1001544378 ns, Reaching safepoint: 30991 ns, Cleanup: 19190 ns, At safepoint: 4350 ns, Total: 54531 ns
[2024-01-15T07:23:45.109+0000][7][safepoint   ] Safepoint "Cleanup", Time since last: 3059388163 ns, Reaching safepoint: 31018 ns, Cleanup: 47450 ns, At safepoint: 3701 ns, Total: 82169 ns
[2024-01-15T07:23:46.111+0000][7][safepoint   ] Safepoint "Cleanup", Time since last: 1001684103 ns, Reaching safepoint: 17349 ns, Cleanup: 65283 ns, At safepoint: 4473 ns, Total: 87105 ns
[2024-01-15T07:23:47.112+0000][7][safepoint   ] Safepoint "Cleanup", Time since last: 1001586393 ns, Reaching safepoint: 44596 ns, Cleanup: 32525 ns, At safepoint: 6251 ns, Total: 83372 ns
[2024-01-15T07:23:48.114+0000][7][safepoint   ] Safepoint "Cleanup", Time since last: 1001566263 ns, Reaching safepoint: 17091 ns, Cleanup: 51645 ns, At safepoint: 2692 ns, Total: 71428 ns
[2024-01-15T07:23:49.116+0000][7][safepoint   ] Safepoint "Cleanup", Time since last: 1001566082 ns, Reaching safepoint: 17625 ns, Cleanup: 43788 ns, At safepoint: 2805 ns, Total: 64218 ns
[2024-01-15T07:23:50.117+0000][7][safepoint   ] Safepoint "Cleanup", Time since last: 1001373951 ns, Reaching safepoint: 17275 ns, Cleanup: 12907 ns, At safepoint: 3050 ns, Total: 33232 ns
[2024-01-15T07:23:51.119+0000][7][safepoint   ] Safepoint "Cleanup", Time since last: 1001619826 ns, Reaching safepoint: 19413 ns, Cleanup: 52597 ns, At safepoint: 3046 ns, Total: 75056 ns
[2024-01-15T07:23:52.120+0000][7][safepoint   ] Safepoint "Cleanup", Time since last: 1001723148 ns, Reaching safepoint: 19100 ns, Cleanup: 12530 ns, At safepoint: 3207 ns, Total: 34837 ns
[2024-01-15T07:23:54.122+0000][7][safepoint   ] Safepoint "Cleanup", Time since last: 2001729567 ns, Reaching safepoint: 17255 ns, Cleanup: 15513 ns, At safepoint: 3019 ns, Total: 35787 ns
[2024-01-15T07:23:57.125+0000][7][safepoint   ] Safepoint "Cleanup", Time since last: 3003237898 ns, Reaching safepoint: 17455 ns, Cleanup: 33462 ns, At safepoint: 2593 ns, Total: 53510 ns
[2024-01-15T07:23:58.127+0000][7][safepoint   ] Safepoint "Cleanup", Time since last: 1001410863 ns, Reaching safepoint: 17922 ns, Cleanup: 10541 ns, At safepoint: 2619 ns, Total: 31082 ns
[2024-01-15T07:23:59.129+0000][7][safepoint   ] Safepoint "Cleanup", Time since last: 1001991880 ns, Reaching safepoint: 17530 ns, Cleanup: 14327 ns, At safepoint: 2920 ns, Total: 34777 ns
[2024-01-15T07:24:00.131+0000][7][safepoint   ] Safepoint "Cleanup", Time since last: 1001722244 ns, Reaching safepoint: 18968 ns, Cleanup: 18915 ns, At safepoint: 3415 ns, Total: 41298 ns
[2024-01-15T07:24:02.133+0000][7][safepoint   ] Safepoint "Cleanup", Time since last: 2001668883 ns, Reaching safepoint: 18660 ns, Cleanup: 66962 ns, At safepoint: 2957 ns, Total: 88579 ns
[2024-01-15T07:24:03.134+0000][7][safepoint   ] Safepoint "Cleanup", Time since last: 1001474870 ns, Reaching safepoint: 17066 ns, Cleanup: 29628 ns, At safepoint: 2875 ns, Total: 49569 ns
[2024-01-15T07:24:06.137+0000][7][safepoint   ] Safepoint "Cleanup", Time since last: 3002091909 ns, Reaching safepoint: 20816 ns, Cleanup: 12600 ns, At safepoint: 3324 ns, Total: 36740 ns
[2024-01-15T07:24:07.139+0000][7][safepoint   ] Safepoint "Cleanup", Time since last: 1002083998 ns, Reaching safepoint: 18741 ns, Cleanup: 13078 ns, At safepoint: 3185 ns, Total: 35004 ns
[2024-01-15T07:24:09.141+0000][7][safepoint   ] Safepoint "Cleanup", Time since last: 2001903032 ns, Reaching safepoint: 17710 ns, Cleanup: 30478 ns, At safepoint: 3674 ns, Total: 51862 ns
[2024-01-15T07:24:10.142+0000][7][safepoint   ] Safepoint "Cleanup", Time since last: 1001578081 ns, Reaching safepoint: 20442 ns, Cleanup: 14895 ns, At safepoint: 3929 ns, Total: 39266 ns
[2024-01-15T07:24:11.144+0000][7][safepoint   ] Safepoint "Cleanup", Time since last: 1001462595 ns, Reaching safepoint: 18762 ns, Cleanup: 17321 ns, At safepoint: 3196 ns, Total: 39279 ns
[2024-01-15T07:24:12.146+0000][7][safepoint   ] Safepoint "Cleanup", Time since last: 1001741444 ns, Reaching safepoint: 19763 ns, Cleanup: 158155 ns, At safepoint: 32367 ns, Total: 210285 ns
[2024-01-15T07:24:13.148+0000][7][safepoint   ] Safepoint "Cleanup", Time since last: 1001925349 ns, Reaching safepoint: 20409 ns, Cleanup: 12350 ns, At safepoint: 3023 ns, Total: 35782 ns
[2024-01-15T07:24:14.150+0000][7][safepoint   ] Safepoint "Cleanup", Time since last: 1001915214 ns, Reaching safepoint: 19025 ns, Cleanup: 18396 ns, At safepoint: 3321 ns, Total: 40742 ns
[2024-01-15T07:24:14.215+0000][7][gc,start    ] GC(22) Pause Young (Normal) (G1 Evacuation Pause)
[2024-01-15T07:24:14.216+0000][7][gc,task     ] GC(22) Using 8 workers of 8 for evacuation
[2024-01-15T07:24:14.217+0000][7][gc,age      ] GC(22) Desired survivor size 20971520 bytes, new threshold 15 (max threshold 15)
[2024-01-15T07:24:14.254+0000][7][gc,phases   ] GC(22)   Pre Evacuate Collection Set: 0.5ms
[2024-01-15T07:24:14.255+0000][7][gc,phases   ] GC(22)   Merge Heap Roots: 0.4ms
[2024-01-15T07:24:14.256+0000][7][gc,phases   ] GC(22)   Evacuate Collection Set: 32.0ms
[2024-01-15T07:24:14.257+0000][7][gc,phases   ] GC(22)   Post Evacuate Collection Set: 3.1ms
[2024-01-15T07:24:14.259+0000][7][gc,phases   ] GC(22)   Other: 1.7ms
[2024-01-15T07:24:14.260+0000][7][gc,age      ] GC(22) Age table with threshold 15 (max threshold 15)
[2024-01-15T07:24:14.262+0000][7][gc,age      ] GC(22) - age   1:    6200352 bytes,    6200352 total
[2024-01-15T07:24:14.263+0000][7][gc,age      ] GC(22) - age   2:    1830608 bytes,    8030960 total
[2024-01-15T07:24:14.265+0000][7][gc,age      ] GC(22) - age   3:    5604168 bytes,   13635128 total
[2024-01-15T07:24:14.266+0000][7][gc,age      ] GC(22) - age   4:    5573848 bytes,   19208976 total
[2024-01-15T07:24:14.268+0000][7][gc,age      ] GC(22) - age   5:     193952 bytes,   19402928 total
[2024-01-15T07:24:14.269+0000][7][gc,age      ] GC(22) - age   6:    3686992 bytes,   23089920 total
[2024-01-15T07:24:14.272+0000][7][gc,heap     ] GC(22) Eden regions: 71->0(69)
[2024-01-15T07:24:14.273+0000][7][gc,heap     ] GC(22) Survivor regions: 5->7(10)
[2024-01-15T07:24:14.274+0000][7][gc,heap     ] GC(22) Old regions: 18->18
[2024-01-15T07:24:14.275+0000][7][gc,heap     ] GC(22) Humongous regions: 2->2
[2024-01-15T07:24:14.276+0000][7][gc,metaspace] GC(22) Metaspace: 115973K(119168K)->115973K(119168K) NonClass: 100085K(101824K)->100085K(101824K) Class: 15887K(17344K)->15887K(17344K)
[2024-01-15T07:24:14.277+0000][7][gc          ] GC(22) Pause Young (Normal) (G1 Evacuation Pause) 380M->101M(512M) 62.250ms
[2024-01-15T07:24:14.278+0000][7][gc,cpu      ] GC(22) User=0.14s Sys=0.02s Real=0.06s
[2024-01-15T07:24:14.280+0000][7][safepoint   ] Safepoint "G1CollectForAllocation", Time since last: 65004976 ns, Reaching safepoint: 14775 ns, Cleanup: 12816 ns, At safepoint: 64812902 ns, Total: 64840493 ns
[2024-01-15T07:24:15.143+0000][7][safepoint   ] Safepoint "ICBufferFull", Time since last: 863420054 ns, Reaching safepoint: 19429 ns, Cleanup: 158555 ns, At safepoint: 17094 ns, Total: 195078 ns
[2024-01-15T07:24:16.215+0000][7][safepoint   ] Safepoint "Cleanup", Time since last: 1071287136 ns, Reaching safepoint: 19069 ns, Cleanup: 72996 ns, At safepoint: 3367 ns, Total: 95432 ns
[2024-01-15T07:24:17.216+0000][7][safepoint   ] Safepoint "Cleanup", Time since last: 1001790006 ns, Reaching safepoint: 21699 ns, Cleanup: 17597 ns, At safepoint: 3475 ns, Total: 42771 ns
[2024-01-15T07:24:18.219+0000][7][safepoint   ] Safepoint "Cleanup", Time since last: 1002041961 ns, Reaching safepoint: 89752 ns, Cleanup: 29701 ns, At safepoint: 7832 ns, Total: 127285 ns
[2024-01-15T07:24:19.222+0000][7][safepoint   ] Safepoint "Cleanup", Time since last: 1003547022 ns, Reaching safepoint: 105424 ns, Cleanup: 22972 ns, At safepoint: 16270 ns, Total: 144666 ns
[2024-01-15T07:24:21.235+0000][7][safepoint   ] Safepoint "Cleanup", Time since last: 2012341747 ns, Reaching safepoint: 64465 ns, Cleanup: 24840 ns, At safepoint: 4599 ns, Total: 93904 ns
[2024-01-15T07:24:23.239+0000][7][safepoint   ] Safepoint "Cleanup", Time since last: 2003840299 ns, Reaching safepoint: 59262 ns, Cleanup: 22858 ns, At safepoint: 7938 ns, Total: 90058 ns
[2024-01-15T07:24:25.245+0000][7][safepoint   ] Safepoint "Cleanup", Time since last: 2006737657 ns, Reaching safepoint: 20440 ns, Cleanup: 32964 ns, At safepoint: 4456 ns, Total: 57860 ns
[2024-01-15T07:24:26.248+0000][7][safepoint   ] Safepoint "Cleanup", Time since last: 1001949717 ns, Reaching safepoint: 376560 ns, Cleanup: 29077 ns, At safepoint: 52704 ns, Total: 458341 ns
[2024-01-15T07:24:27.251+0000][7][safepoint   ] Safepoint "Cleanup", Time since last: 1001967695 ns, Reaching safepoint: 778973 ns, Cleanup: 28587 ns, At safepoint: 129472 ns, Total: 937032 ns
[2024-01-15T07:24:28.253+0000][7][safepoint   ] Safepoint "Cleanup", Time since last: 1002104126 ns, Reaching safepoint: 21591 ns, Cleanup: 29455 ns, At safepoint: 3159 ns, Total: 54205 ns
[2024-01-15T07:24:29.256+0000][7][safepoint   ] Safepoint "Cleanup", Time since last: 1003575669 ns, Reaching safepoint: 24850 ns, Cleanup: 37897 ns, At safepoint: 11418 ns, Total: 74165 ns
[2024-01-15T07:24:30.258+0000][7][safepoint   ] Safepoint "Cleanup", Time since last: 1001892766 ns, Reaching safepoint: 28086 ns, Cleanup: 22080 ns, At safepoint: 5987 ns, Total: 56153 ns
[2024-01-15T07:24:31.261+0000][7][safepoint   ] Safepoint "Cleanup", Time since last: 1002183667 ns, Reaching safepoint: 26324 ns, Cleanup: 27843 ns, At safepoint: 5400 ns, Total: 59567 ns
[2024-01-15T07:24:32.263+0000][7][safepoint   ] Safepoint "Cleanup", Time since last: 1002331115 ns, Reaching safepoint: 27686 ns, Cleanup: 27612 ns, At safepoint: 5062 ns, Total: 60360 ns
[2024-01-15T07:24:33.266+0000][7][safepoint   ] Safepoint "Cleanup", Time since last: 1002641343 ns, Reaching safepoint: 22084 ns, Cleanup: 53788 ns, At safepoint: 3637 ns, Total: 79509 ns
[2024-01-15T07:24:34.274+0000][7][safepoint   ] Safepoint "Cleanup", Time since last: 1007683702 ns, Reaching safepoint: 31498 ns, Cleanup: 27258 ns, At safepoint: 5272 ns, Total: 64028 ns
[2024-01-15T07:24:35.281+0000][7][safepoint   ] Safepoint "Cleanup", Time since last: 1007117885 ns, Reaching safepoint: 29838 ns, Cleanup: 42699 ns, At safepoint: 5334 ns, Total: 77871 ns
[2024-01-15T07:24:36.283+0000][7][safepoint   ] Safepoint "Cleanup", Time since last: 1002102561 ns, Reaching safepoint: 31453 ns, Cleanup: 29271 ns, At safepoint: 5109 ns, Total: 65833 ns
[2024-01-15T07:24:37.286+0000][7][safepoint   ] Safepoint "Cleanup", Time since last: 1002829827 ns, Reaching safepoint: 22066 ns, Cleanup: 25338 ns, At safepoint: 4426 ns, Total: 51830 ns
[2024-01-15T07:24:38.288+0000][7][safepoint   ] Safepoint "Cleanup", Time since last: 1001913774 ns, Reaching safepoint: 26614 ns, Cleanup: 26639 ns, At safepoint: 7315 ns, Total: 60568 ns
[2024-01-15T07:24:39.290+0000][7][safepoint   ] Safepoint "Cleanup", Time since last: 1002145434 ns, Reaching safepoint: 30947 ns, Cleanup: 40239 ns, At safepoint: 8184 ns, Total: 79370 ns
[2024-01-15T07:24:40.295+0000][7][safepoint   ] Safepoint "Cleanup", Time since last: 1004281915 ns, Reaching safepoint: 35684 ns, Cleanup: 151850 ns, At safepoint: 84130 ns, Total: 271664 ns
[2024-01-15T07:24:41.299+0000][7][safepoint   ] Safepoint "Cleanup", Time since last: 1004197614 ns, Reaching safepoint: 33520 ns, Cleanup: 24086 ns, At safepoint: 5022 ns, Total: 62628 ns
[2024-01-15T07:24:42.303+0000][7][safepoint   ] Safepoint "Cleanup", Time since last: 1003565203 ns, Reaching safepoint: 27664 ns, Cleanup: 14726 ns, At safepoint: 3592 ns, Total: 45982 ns
[2024-01-15T07:24:45.168+0000][7][safepoint   ] Safepoint "Cleanup", Time since last: 2864847758 ns, Reaching safepoint: 27982 ns, Cleanup: 16941 ns, At safepoint: 4682 ns, Total: 49605 ns
[2024-01-15T07:24:46.170+0000][7][safepoint   ] Safepoint "Cleanup", Time since last: 1002544601 ns, Reaching safepoint: 27115 ns, Cleanup: 17815 ns, At safepoint: 3790 ns, Total: 48720 ns
[2024-01-15T07:24:47.172+0000][7][safepoint   ] Safepoint "Cleanup", Time since last: 1002083661 ns, Reaching safepoint: 24467 ns, Cleanup: 17776 ns, At safepoint: 5388 ns, Total: 47631 ns
[2024-01-15T07:24:49.175+0000][7][safepoint   ] Safepoint "Cleanup", Time since last: 2002533608 ns, Reaching safepoint: 136338 ns, Cleanup: 13263 ns, At safepoint: 5286 ns, Total: 154887 ns
[2024-01-15T07:24:50.177+0000][7][safepoint   ] Safepoint "Cleanup", Time since last: 1002005797 ns, Reaching safepoint: 29349 ns, Cleanup: 14766 ns, At safepoint: 4304 ns, Total: 48419 ns
[2024-01-15T07:24:51.179+0000][7][safepoint   ] Safepoint "Cleanup", Time since last: 1002108017 ns, Reaching safepoint: 26675 ns, Cleanup: 30025 ns, At safepoint: 4967 ns, Total: 61667 ns
[2024-01-15T07:24:52.181+0000][7][safepoint   ] Safepoint "Cleanup", Time since last: 1002044522 ns, Reaching safepoint: 22924 ns, Cleanup: 15946 ns, At safepoint: 4341 ns, Total: 43211 ns
[2024-01-15T07:24:54.183+0000][7][safepoint   ] Safepoint "Cleanup", Time since last: 2001567101 ns, Reaching safepoint: 22959 ns, Cleanup: 12903 ns, At safepoint: 3400 ns, Total: 39262 ns
[2024-01-15T07:24:56.186+0000][7][safepoint   ] Safepoint "Cleanup", Time since last: 2002338654 ns, Reaching safepoint: 245906 ns, Cleanup: 11937 ns, At safepoint: 139688 ns, Total: 397531 ns
[2024-01-15T07:24:56.729+0000][7][gc,start    ] GC(23) Pause Young (Normal) (G1 Evacuation Pause)
[2024-01-15T07:24:56.731+0000][7][gc,task     ] GC(23) Using 8 workers of 8 for evacuation
[2024-01-15T07:24:56.733+0000][7][gc,age      ] GC(23) Desired survivor size 20971520 bytes, new threshold 6 (max threshold 15)
[2024-01-15T07:24:56.788+0000][7][gc,phases   ] GC(23)   Pre Evacuate Collection Set: 0.8ms
[2024-01-15T07:24:56.789+0000][7][gc,phases   ] GC(23)   Merge Heap Roots: 0.3ms
[2024-01-15T07:24:56.791+0000][7][gc,phases   ] GC(23)   Evacuate Collection Set: 48.7ms
[2024-01-15T07:24:56.792+0000][7][gc,phases   ] GC(23)   Post Evacuate Collection Set: 2.8ms
[2024-01-15T07:24:56.794+0000][7][gc,phases   ] GC(23)   Other: 3.6ms
[2024-01-15T07:24:56.795+0000][7][gc,age      ] GC(23) Age table with threshold 6 (max threshold 15)
[2024-01-15T07:24:56.798+0000][7][gc,age      ] GC(23) - age   1:    3489416 bytes,    3489416 total
[2024-01-15T07:24:56.800+0000][7][gc,age      ] GC(23) - age   2:     773728 bytes,    4263144 total
[2024-01-15T07:24:56.801+0000][7][gc,age      ] GC(23) - age   3:    1708672 bytes,    5971816 total
[2024-01-15T07:24:56.803+0000][7][gc,age      ] GC(23) - age   4:    5448624 bytes,   11420440 total
[2024-01-15T07:24:56.805+0000][7][gc,age      ] GC(23) - age   5:    5573168 bytes,   16993608 total
[2024-01-15T07:24:56.806+0000][7][gc,age      ] GC(23) - age   6:     193952 bytes,   17187560 total
[2024-01-15T07:24:56.807+0000][7][gc,heap     ] GC(23) Eden regions: 69->0(71)
[2024-01-15T07:24:56.809+0000][7][gc,heap     ] GC(23) Survivor regions: 7->5(10)
[2024-01-15T07:24:56.810+0000][7][gc,heap     ] GC(23) Old regions: 18->19
[2024-01-15T07:24:56.811+0000][7][gc,heap     ] GC(23) Humongous regions: 2->2
[2024-01-15T07:24:56.813+0000][7][gc,metaspace] GC(23) Metaspace: 120125K(123328K)->120125K(123328K) NonClass: 103571K(105280K)->103571K(105280K) Class: 16554K(18048K)->16554K(18048K)
[2024-01-15T07:24:56.814+0000][7][gc          ] GC(23) Pause Young (Normal) (G1 Evacuation Pause) 377M->100M(512M) 84.745ms
[2024-01-15T07:24:56.815+0000][7][gc,cpu      ] GC(23) User=0.19s Sys=0.04s Real=0.08s
[2024-01-15T07:24:56.817+0000][7][safepoint   ] Safepoint "G1CollectForAllocation", Time since last: 543153646 ns, Reaching safepoint: 24424 ns, Cleanup: 111272 ns, At safepoint: 87661160 ns, Total: 87796856 ns
[2024-01-15T07:24:57.818+0000][7][safepoint   ] Safepoint "Cleanup", Time since last: 1001704295 ns, Reaching safepoint: 19136 ns, Cleanup: 19021 ns, At safepoint: 3334 ns, Total: 41491 ns
[2024-01-15T07:24:58.820+0000][7][safepoint   ] Safepoint "Cleanup", Time since last: 1001498363 ns, Reaching safepoint: 26027 ns, Cleanup: 115091 ns, At safepoint: 63317 ns, Total: 204435 ns
[2024-01-15T07:24:59.822+0000][7][safepoint   ] Safepoint "Cleanup", Time since last: 1001659927 ns, Reaching safepoint: 17167 ns, Cleanup: 17137 ns, At safepoint: 3864 ns, Total: 38168 ns
[2024-01-15T07:25:01.824+0000][7][safepoint   ] Safepoint "Cleanup", Time since last: 2002039861 ns, Reaching safepoint: 18358 ns, Cleanup: 79357 ns, At safepoint: 4231 ns, Total: 101946 ns
[2024-01-15T07:25:02.826+0000][7][safepoint   ] Safepoint "Cleanup", Time since last: 1001689939 ns, Reaching safepoint: 18119 ns, Cleanup: 33980 ns, At safepoint: 37177 ns, Total: 89276 ns
[2024-01-15T07:25:03.827+0000][7][safepoint   ] Safepoint "Cleanup", Time since last: 1001231827 ns, Reaching safepoint: 20167 ns, Cleanup: 23680 ns, At safepoint: 3658 ns, Total: 47505 ns
[2024-01-15T07:25:06.830+0000][7][safepoint   ] Safepoint "Cleanup", Time since last: 3002196793 ns, Reaching safepoint: 21788 ns, Cleanup: 13757 ns, At safepoint: 3205 ns, Total: 38750 ns
[2024-01-15T07:25:08.832+0000][7][safepoint   ] Safepoint "Cleanup", Time since last: 2001952380 ns, Reaching safepoint: 18498 ns, Cleanup: 19349 ns, At safepoint: 2689 ns, Total: 40536 ns
[2024-01-15T07:25:09.833+0000][7][safepoint   ] Safepoint "Cleanup", Time since last: 1001349349 ns, Reaching safepoint: 19174 ns, Cleanup: 14626 ns, At safepoint: 3170 ns, Total: 36970 ns
[2024-01-15T07:25:10.835+0000][7][safepoint   ] Safepoint "Cleanup", Time since last: 1001558651 ns, Reaching safepoint: 19204 ns, Cleanup: 9028 ns, At safepoint: 3176 ns, Total: 31408 ns
[2024-01-15T07:25:11.836+0000][7][safepoint   ] Safepoint "Cleanup", Time since last: 1001477804 ns, Reaching safepoint: 20373 ns, Cleanup: 12456 ns, At safepoint: 3497 ns, Total: 36326 ns
[2024-01-15T07:25:14.838+0000][7][safepoint   ] Safepoint "Cleanup", Time since last: 3002224088 ns, Reaching safepoint: 22672 ns, Cleanup: 19902 ns, At safepoint: 3000 ns, Total: 45574 ns
[2024-01-15T07:25:15.840+0000][7][safepoint   ] Safepoint "Cleanup", Time since last: 1001434799 ns, Reaching safepoint: 28074 ns, Cleanup: 14430 ns, At safepoint: 3465 ns, Total: 45969 ns
[2024-01-15T07:25:16.841+0000][7][safepoint   ] Safepoint "Cleanup", Time since last: 1001224080 ns, Reaching safepoint: 22147 ns, Cleanup: 13124 ns, At safepoint: 2696 ns, Total: 37967 ns
[2024-01-15T07:25:17.843+0000][7][safepoint   ] Safepoint "Cleanup", Time since last: 1002303734 ns, Reaching safepoint: 20612 ns, Cleanup: 17814 ns, At safepoint: 3360 ns, Total: 41786 ns
[2024-01-15T07:25:19.845+0000][7][safepoint   ] Safepoint "Cleanup", Time since last: 2001814166 ns, Reaching safepoint: 100514 ns, Cleanup: 16777 ns, At safepoint: 3737 ns, Total: 121028 ns
[2024-01-15T07:25:20.847+0000][7][safepoint   ] Safepoint "Cleanup", Time since last: 1001438012 ns, Reaching safepoint: 21008 ns, Cleanup: 36946 ns, At safepoint: 3861 ns, Total: 61815 ns
[2024-01-15T07:25:21.849+0000][7][safepoint   ] Safepoint "Cleanup", Time since last: 1001880731 ns, Reaching safepoint: 18761 ns, Cleanup: 23912 ns, At safepoint: 3718 ns, Total: 46391 ns
[2024-01-15T07:25:22.851+0000][7][safepoint   ] Safepoint "Cleanup", Time since last: 1001693772 ns, Reaching safepoint: 54998 ns, Cleanup: 46952 ns, At safepoint: 58031 ns, Total: 159981 ns
[2024-01-15T07:25:23.853+0000][7][safepoint   ] Safepoint "Cleanup", Time since last: 1001935292 ns, Reaching safepoint: 19746 ns, Cleanup: 11816 ns, At safepoint: 3077 ns, Total: 34639 ns
[2024-01-15T07:25:25.854+0000][7][safepoint   ] Safepoint "Cleanup", Time since last: 2001836266 ns, Reaching safepoint: 20079 ns, Cleanup: 24221 ns, At safepoint: 2949 ns, Total: 47249 ns
[2024-01-15T07:25:26.856+0000][7][safepoint   ] Safepoint "Cleanup", Time since last: 1001875437 ns, Reaching safepoint: 20839 ns, Cleanup: 19697 ns, At safepoint: 3677 ns, Total: 44213 ns
[2024-01-15T07:25:27.858+0000][7][safepoint   ] Safepoint "Cleanup", Time since last: 1001492239 ns, Reaching safepoint: 23298 ns, Cleanup: 47867 ns, At safepoint: 3459 ns, Total: 74624 ns
[2024-01-15T07:25:29.860+0000][7][safepoint   ] Safepoint "Cleanup", Time since last: 2001864467 ns, Reaching safepoint: 21007 ns, Cleanup: 15021 ns, At safepoint: 3062 ns, Total: 39090 ns
[2024-01-15T07:25:31.862+0000][7][safepoint   ] Safepoint "Cleanup", Time since last: 2001908713 ns, Reaching safepoint: 20460 ns, Cleanup: 12585 ns, At safepoint: 2612 ns, Total: 35657 ns
[2024-01-15T07:25:32.864+0000][7][safepoint   ] Safepoint "Cleanup", Time since last: 1001501618 ns, Reaching safepoint: 19013 ns, Cleanup: 20506 ns, At safepoint: 3401 ns, Total: 42920 ns
[2024-01-15T07:25:33.865+0000][7][safepoint   ] Safepoint "Cleanup", Time since last: 1001539023 ns, Reaching safepoint: 25965 ns, Cleanup: 20569 ns, At safepoint: 4207 ns, Total: 50741 ns
[2024-01-15T07:25:34.868+0000][7][safepoint   ] Safepoint "Cleanup", Time since last: 1002279628 ns, Reaching safepoint: 133355 ns, Cleanup: 14612 ns, At safepoint: 81652 ns, Total: 229619 ns
[2024-01-15T07:25:35.870+0000][7][safepoint   ] Safepoint "Cleanup", Time since last: 1001675827 ns, Reaching safepoint: 23365 ns, Cleanup: 14153 ns, At safepoint: 3078 ns, Total: 40596 ns
[2024-01-15T07:25:36.871+0000][7][safepoint   ] Safepoint "Cleanup", Time since last: 1001557517 ns, Reaching safepoint: 21912 ns, Cleanup: 16721 ns, At safepoint: 3866 ns, Total: 42499 ns
[2024-01-15T07:25:38.873+0000][7][safepoint   ] Safepoint "Cleanup", Time since last: 2001883220 ns, Reaching safepoint: 21432 ns, Cleanup: 21749 ns, At safepoint: 3262 ns, Total: 46443 ns
[2024-01-15T07:25:39.875+0000][7][safepoint   ] Safepoint "Cleanup", Time since last: 1002044197 ns, Reaching safepoint: 24738 ns, Cleanup: 12685 ns, At safepoint: 4252 ns, Total: 41675 ns
[2024-01-15T07:25:40.877+0000][7][safepoint   ] Safepoint "Cleanup", Time since last: 1001833555 ns, Reaching safepoint: 19922 ns, Cleanup: 10223 ns, At safepoint: 3604 ns, Total: 33749 ns
[2024-01-15T07:25:41.218+0000][7][gc,start    ] GC(24) Pause Young (Concurrent Start) (CodeCache GC Threshold)
[2024-01-15T07:25:41.219+0000][7][gc,task     ] GC(24) Using 8 workers of 8 for evacuation
[2024-01-15T07:25:41.220+0000][7][gc,age      ] GC(24) Desired survivor size 20971520 bytes, new threshold 15 (max threshold 15)
[2024-01-15T07:25:41.251+0000][7][gc,phases   ] GC(24)   Pre Evacuate Collection Set: 0.6ms
[2024-01-15T07:25:41.252+0000][7][gc,phases   ] GC(24)   Merge Heap Roots: 0.2ms
[2024-01-15T07:25:41.254+0000][7][gc,phases   ] GC(24)   Evacuate Collection Set: 25.8ms
[2024-01-15T07:25:41.255+0000][7][gc,phases   ] GC(24)   Post Evacuate Collection Set: 1.9ms
[2024-01-15T07:25:41.256+0000][7][gc,phases   ] GC(24)   Other: 3.3ms
[2024-01-15T07:25:41.257+0000][7][gc,age      ] GC(24) Age table with threshold 15 (max threshold 15)
[2024-01-15T07:25:41.258+0000][7][gc,age      ] GC(24) - age   1:    1921424 bytes,    1921424 total
[2024-01-15T07:25:41.260+0000][7][gc,age      ] GC(24) - age   2:    1864712 bytes,    3786136 total
[2024-01-15T07:25:41.261+0000][7][gc,age      ] GC(24) - age   3:     520656 bytes,    4306792 total
[2024-01-15T07:25:41.262+0000][7][gc,age      ] GC(24) - age   4:    1704360 bytes,    6011152 total
[2024-01-15T07:25:41.263+0000][7][gc,age      ] GC(24) - age   5:    5448240 bytes,   11459392 total
[2024-01-15T07:25:41.265+0000][7][gc,age      ] GC(24) - age   6:    5573072 bytes,   17032464 total
[2024-01-15T07:25:41.266+0000][7][gc,age      ] GC(24) - age   7:     193952 bytes,   17226416 total
[2024-01-15T07:25:41.267+0000][7][gc,heap     ] GC(24) Eden regions: 58->0(71)
[2024-01-15T07:25:41.268+0000][7][gc,heap     ] GC(24) Survivor regions: 5->5(10)
[2024-01-15T07:25:41.269+0000][7][gc,heap     ] GC(24) Old regions: 19->19
[2024-01-15T07:25:41.269+0000][7][gc,heap     ] GC(24) Humongous regions: 2->2
[2024-01-15T07:25:41.270+0000][7][gc,metaspace] GC(24) Metaspace: 120721K(123904K)->120721K(123904K) NonClass: 104155K(105856K)->104155K(105856K) Class: 16566K(18048K)->16566K(18048K)
[2024-01-15T07:25:41.271+0000][7][gc          ] GC(24) Pause Young (Concurrent Start) (CodeCache GC Threshold) 329M->98M(512M) 53.186ms
[2024-01-15T07:25:41.272+0000][7][gc,cpu      ] GC(24) User=0.11s Sys=0.02s Real=0.06s
[2024-01-15T07:25:41.272+0000][7][gc          ] GC(25) Concurrent Mark Cycle
[2024-01-15T07:25:41.275+0000][7][gc,marking  ] GC(25) Concurrent Scan Root Regions
[2024-01-15T07:25:41.273+0000][7][safepoint   ] Safepoint "G1TryInitiateConcMark", Time since last: 340769631 ns, Reaching safepoint: 55345 ns, Cleanup: 12430 ns, At safepoint: 55266543 ns, Total: 55334318 ns
[2024-01-15T07:25:41.288+0000][7][gc,marking  ] GC(25) Concurrent Scan Root Regions 13.384ms
[2024-01-15T07:25:41.290+0000][7][gc,marking  ] GC(25) Concurrent Mark
[2024-01-15T07:25:41.292+0000][7][gc,marking  ] GC(25) Concurrent Mark From Roots
[2024-01-15T07:25:41.295+0000][7][gc,task     ] GC(25) Using 2 workers of 2 for marking
[2024-01-15T07:25:41.360+0000][7][gc,marking  ] GC(25) Concurrent Mark From Roots 67.305ms
[2024-01-15T07:25:41.362+0000][7][gc,marking  ] GC(25) Concurrent Preclean
[2024-01-15T07:25:41.364+0000][7][gc,marking  ] GC(25) Concurrent Preclean 1.863ms
[2024-01-15T07:25:41.366+0000][7][gc,start    ] GC(25) Pause Remark
[2024-01-15T07:25:41.389+0000][7][gc          ] GC(25) Pause Remark 99M->99M(512M) 22.972ms
[2024-01-15T07:25:41.391+0000][7][gc,cpu      ] GC(25) User=0.07s Sys=0.00s Real=0.03s
[2024-01-15T07:25:41.394+0000][7][safepoint   ] Safepoint "G1PauseRemark", Time since last: 92333350 ns, Reaching safepoint: 27831 ns, Cleanup: 5250 ns, At safepoint: 28740832 ns, Total: 28773913 ns
[2024-01-15T07:25:41.397+0000][7][gc,marking  ] GC(25) Concurrent Mark 106.179ms
[2024-01-15T07:25:41.398+0000][7][gc,marking  ] GC(25) Concurrent Rebuild Remembered Sets and Scrub Regions
[2024-01-15T07:25:41.430+0000][7][gc,marking  ] GC(25) Concurrent Rebuild Remembered Sets and Scrub Regions 31.804ms
[2024-01-15T07:25:41.432+0000][7][gc,start    ] GC(25) Pause Cleanup
[2024-01-15T07:25:41.434+0000][7][gc          ] GC(25) Pause Cleanup 99M->99M(512M) 2.013ms
[2024-01-15T07:25:41.435+0000][7][gc,cpu      ] GC(25) User=0.00s Sys=0.00s Real=0.00s
[2024-01-15T07:25:41.437+0000][7][safepoint   ] Safepoint "G1PauseCleanup", Time since last: 37717378 ns, Reaching safepoint: 22862 ns, Cleanup: 41493 ns, At safepoint: 4808523 ns, Total: 4872878 ns
[2024-01-15T07:25:41.439+0000][7][gc,marking  ] GC(25) Concurrent Clear Claimed Marks
[2024-01-15T07:25:41.441+0000][7][gc,marking  ] GC(25) Concurrent Clear Claimed Marks 1.783ms
[2024-01-15T07:25:41.443+0000][7][gc,marking  ] GC(25) Concurrent Cleanup for Next Mark
[2024-01-15T07:25:41.445+0000][7][gc,marking  ] GC(25) Concurrent Cleanup for Next Mark 2.291ms
[2024-01-15T07:25:41.446+0000][7][gc          ] GC(25) Concurrent Mark Cycle 174.269ms
[2024-01-15T07:25:44.216+0000][7][safepoint   ] Safepoint "Cleanup", Time since last: 2779003138 ns, Reaching safepoint: 20563 ns, Cleanup: 17145 ns, At safepoint: 2901 ns, Total: 40609 ns
[2024-01-15T07:25:45.217+0000][7][safepoint   ] Safepoint "Cleanup", Time since last: 1001523754 ns, Reaching safepoint: 19013 ns, Cleanup: 26151 ns, At safepoint: 3087 ns, Total: 48251 ns
[2024-01-15T07:25:46.219+0000][7][safepoint   ] Safepoint "Cleanup", Time since last: 1001693596 ns, Reaching safepoint: 20205 ns, Cleanup: 23798 ns, At safepoint: 3184 ns, Total: 47187 ns
[2024-01-15T07:25:47.221+0000][7][safepoint   ] Safepoint "Cleanup", Time since last: 1001643190 ns, Reaching safepoint: 19333 ns, Cleanup: 16132 ns, At safepoint: 2917 ns, Total: 38382 ns
[2024-01-15T07:25:49.223+0000][7][safepoint   ] Safepoint "Cleanup", Time since last: 2001564411 ns, Reaching safepoint: 28583 ns, Cleanup: 14956 ns, At safepoint: 4456 ns, Total: 47995 ns
[2024-01-15T07:25:50.224+0000][7][safepoint   ] Safepoint "Cleanup", Time since last: 1001789800 ns, Reaching safepoint: 46286 ns, Cleanup: 10794 ns, At safepoint: 3117 ns, Total: 60197 ns
[2024-01-15T07:25:51.226+0000][7][safepoint   ] Safepoint "Cleanup", Time since last: 1001210089 ns, Reaching safepoint: 19570 ns, Cleanup: 54607 ns, At safepoint: 3541 ns, Total: 77718 ns
[2024-01-15T07:25:52.227+0000][7][safepoint   ] Safepoint "Cleanup", Time since last: 1001436471 ns, Reaching safepoint: 20950 ns, Cleanup: 11476 ns, At safepoint: 2914 ns, Total: 35340 ns
[2024-01-15T07:25:53.229+0000][7][safepoint   ] Safepoint "Cleanup", Time since last: 1001407902 ns, Reaching safepoint: 29170 ns, Cleanup: 21532 ns, At safepoint: 5551 ns, Total: 56253 ns
[2024-01-15T07:25:54.231+0000][7][safepoint   ] Safepoint "Cleanup", Time since last: 1002308560 ns, Reaching safepoint: 21771 ns, Cleanup: 11727 ns, At safepoint: 3841 ns, Total: 37339 ns
[2024-01-15T07:25:56.233+0000][7][safepoint   ] Safepoint "Cleanup", Time since last: 2001970692 ns, Reaching safepoint: 262156 ns, Cleanup: 26146 ns, At safepoint: 65708 ns, Total: 354010 ns
[2024-01-15T07:25:57.235+0000][7][safepoint   ] Safepoint "Cleanup", Time since last: 1001364933 ns, Reaching safepoint: 58140 ns, Cleanup: 15228 ns, At safepoint: 3392 ns, Total: 76760 ns
[2024-01-15T07:25:59.240+0000][7][safepoint   ] Safepoint "Cleanup", Time since last: 2005155556 ns, Reaching safepoint: 26596 ns, Cleanup: 22490 ns, At safepoint: 4703 ns, Total: 53789 ns
[2024-01-15T07:26:01.254+0000][7][safepoint   ] Safepoint "Cleanup", Time since last: 2010984991 ns, Reaching safepoint: 2635905 ns, Cleanup: 24530 ns, At safepoint: 53927 ns, Total: 2714362 ns
[2024-01-15T07:26:02.259+0000][7][safepoint   ] Safepoint "Cleanup", Time since last: 1005372620 ns, Reaching safepoint: 22003 ns, Cleanup: 30500 ns, At safepoint: 3121 ns, Total: 55624 ns
[2024-01-15T07:26:03.261+0000][7][safepoint   ] Safepoint "Cleanup", Time since last: 1001572396 ns, Reaching safepoint: 59746 ns, Cleanup: 26306 ns, At safepoint: 3759 ns, Total: 89811 ns
[2024-01-15T07:26:04.263+0000][7][safepoint   ] Safepoint "Cleanup", Time since last: 1001717956 ns, Reaching safepoint: 23763 ns, Cleanup: 14289 ns, At safepoint: 4338 ns, Total: 42390 ns
[2024-01-15T07:26:05.283+0000][7][safepoint   ] Safepoint "Cleanup", Time since last: 1020097253 ns, Reaching safepoint: 20034 ns, Cleanup: 12631 ns, At safepoint: 3151 ns, Total: 35816 ns
[2024-01-15T07:26:06.284+0000][7][safepoint   ] Safepoint "Cleanup", Time since last: 1001427747 ns, Reaching safepoint: 23880 ns, Cleanup: 13229 ns, At safepoint: 3190 ns, Total: 40299 ns
[2024-01-15T07:26:07.286+0000][7][safepoint   ] Safepoint "Cleanup", Time since last: 1001614611 ns, Reaching safepoint: 21094 ns, Cleanup: 21909 ns, At safepoint: 3004 ns, Total: 46007 ns
[2024-01-15T07:26:08.289+0000][7][safepoint   ] Safepoint "Cleanup", Time since last: 1002702240 ns, Reaching safepoint: 183094 ns, Cleanup: 14162 ns, At safepoint: 194516 ns, Total: 391772 ns
[2024-01-15T07:26:09.291+0000][7][safepoint   ] Safepoint "Cleanup", Time since last: 1001313659 ns, Reaching safepoint: 29511 ns, Cleanup: 26634 ns, At safepoint: 5579 ns, Total: 61724 ns
[2024-01-15T07:26:10.293+0000][7][safepoint   ] Safepoint "Cleanup", Time since last: 1001877317 ns, Reaching safepoint: 20657 ns, Cleanup: 37975 ns, At safepoint: 4787 ns, Total: 63419 ns
[2024-01-15T07:26:11.294+0000][7][safepoint   ] Safepoint "Cleanup", Time since last: 1001850776 ns, Reaching safepoint: 20476 ns, Cleanup: 14189 ns, At safepoint: 2884 ns, Total: 37549 ns
[2024-01-15T07:26:13.303+0000][7][safepoint   ] Safepoint "Cleanup", Time since last: 2008801757 ns, Reaching safepoint: 65513 ns, Cleanup: 22224 ns, At safepoint: 7717 ns, Total: 95454 ns
[2024-01-15T07:26:14.307+0000][7][safepoint   ] Safepoint "Cleanup", Time since last: 1003898275 ns, Reaching safepoint: 33729 ns, Cleanup: 48507 ns, At safepoint: 7343 ns, Total: 89579 ns
[2024-01-15T07:26:15.313+0000][7][safepoint   ] Safepoint "Cleanup", Time since last: 1004882355 ns, Reaching safepoint: 306203 ns, Cleanup: 148721 ns, At safepoint: 72953 ns, Total: 527877 ns
[2024-01-15T07:26:16.314+0000][7][safepoint   ] Safepoint "Cleanup", Time since last: 1001616080 ns, Reaching safepoint: 23919 ns, Cleanup: 21032 ns, At safepoint: 3636 ns, Total: 48587 ns
[2024-01-15T07:26:17.316+0000][7][safepoint   ] Safepoint "Cleanup", Time since last: 1001684878 ns, Reaching safepoint: 33304 ns, Cleanup: 15620 ns, At safepoint: 3343 ns, Total: 52267 ns
[2024-01-15T07:26:19.318+0000][7][safepoint   ] Safepoint "Cleanup", Time since last: 2001942631 ns, Reaching safepoint: 31468 ns, Cleanup: 15398 ns, At safepoint: 4347 ns, Total: 51213 ns
[2024-01-15T07:26:20.320+0000][7][safepoint   ] Safepoint "Cleanup", Time since last: 1002016876 ns, Reaching safepoint: 31311 ns, Cleanup: 15438 ns, At safepoint: 4575 ns, Total: 51324 ns
[2024-01-15T07:26:23.322+0000][7][safepoint   ] Safepoint "Cleanup", Time since last: 3001974167 ns, Reaching safepoint: 60381 ns, Cleanup: 13950 ns, At safepoint: 3988 ns, Total: 78319 ns
[2024-01-15T07:26:25.324+0000][7][safepoint   ] Safepoint "Cleanup", Time since last: 2001907248 ns, Reaching safepoint: 30613 ns, Cleanup: 31812 ns, At safepoint: 3977 ns, Total: 66402 ns
[2024-01-15T07:26:26.326+0000][7][safepoint   ] Safepoint "Cleanup", Time since last: 1001593637 ns, Reaching safepoint: 28003 ns, Cleanup: 16292 ns, At safepoint: 5215 ns, Total: 49510 ns
[2024-01-15T07:26:27.328+0000][7][safepoint   ] Safepoint "Cleanup", Time since last: 1002014104 ns, Reaching safepoint: 26552 ns, Cleanup: 13833 ns, At safepoint: 2915 ns, Total: 43300 ns
[2024-01-15T07:26:29.330+0000][7][safepoint   ] Safepoint "Cleanup", Time since last: 2002189655 ns, Reaching safepoint: 30021 ns, Cleanup: 15288 ns, At safepoint: 4241 ns, Total: 49550 ns
[2024-01-15T07:26:30.332+0000][7][safepoint   ] Safepoint "Cleanup", Time since last: 1002029077 ns, Reaching safepoint: 29217 ns, Cleanup: 13196 ns, At safepoint: 3964 ns, Total: 46377 ns
[2024-01-15T07:26:31.334+0000][7][safepoint   ] Safepoint "Cleanup", Time since last: 1001821787 ns, Reaching safepoint: 25505 ns, Cleanup: 12523 ns, At safepoint: 3027 ns, Total: 41055 ns
[2024-01-15T07:26:32.336+0000][7][safepoint   ] Safepoint "Cleanup", Time since last: 1001596286 ns, Reaching safepoint: 29834 ns, Cleanup: 29457 ns, At safepoint: 3737 ns, Total: 63028 ns
[2024-01-15T07:26:33.337+0000][7][safepoint   ] Safepoint "Cleanup", Time since last: 1001344411 ns, Reaching safepoint: 30006 ns, Cleanup: 23565 ns, At safepoint: 5987 ns, Total: 59558 ns
[2024-01-15T07:26:34.339+0000][7][safepoint   ] Safepoint "Cleanup", Time since last: 1001745702 ns, Reaching safepoint: 29616 ns, Cleanup: 15265 ns, At safepoint: 3217 ns, Total: 48098 ns
[2024-01-15T07:26:35.343+0000][7][safepoint   ] Safepoint "Cleanup", Time since last: 1003338390 ns, Reaching safepoint: 27658 ns, Cleanup: 14624 ns, At safepoint: 2831 ns, Total: 45113 ns
[2024-01-15T07:26:39.345+0000][7][safepoint   ] Safepoint "Cleanup", Time since last: 4002557426 ns, Reaching safepoint: 27925 ns, Cleanup: 23717 ns, At safepoint: 4270 ns, Total: 55912 ns
[2024-01-15T07:26:40.061+0000][7][gc,start    ] GC(26) Pause Young (Prepare Mixed) (G1 Evacuation Pause)
[2024-01-15T07:26:40.063+0000][7][gc,task     ] GC(26) Using 8 workers of 8 for evacuation
[2024-01-15T07:26:40.065+0000][7][gc,age      ] GC(26) Desired survivor size 20971520 bytes, new threshold 15 (max threshold 15)
[2024-01-15T07:26:40.108+0000][7][gc,phases   ] GC(26)   Pre Evacuate Collection Set: 0.8ms
[2024-01-15T07:26:40.109+0000][7][gc,phases   ] GC(26)   Merge Heap Roots: 0.2ms
[2024-01-15T07:26:40.110+0000][7][gc,phases   ] GC(26)   Evacuate Collection Set: 38.3ms
[2024-01-15T07:26:40.111+0000][7][gc,phases   ] GC(26)   Post Evacuate Collection Set: 2.4ms
[2024-01-15T07:26:40.112+0000][7][gc,phases   ] GC(26)   Other: 3.0ms
[2024-01-15T07:26:40.113+0000][7][gc,age      ] GC(26) Age table with threshold 15 (max threshold 15)
[2024-01-15T07:26:40.115+0000][7][gc,age      ] GC(26) - age   1:    2279568 bytes,    2279568 total
[2024-01-15T07:26:40.116+0000][7][gc,age      ] GC(26) - age   2:     535264 bytes,    2814832 total
[2024-01-15T07:26:40.117+0000][7][gc,age      ] GC(26) - age   3:    1833000 bytes,    4647832 total
[2024-01-15T07:26:40.118+0000][7][gc,age      ] GC(26) - age   4:     444384 bytes,    5092216 total
[2024-01-15T07:26:40.120+0000][7][gc,age      ] GC(26) - age   5:    1700376 bytes,    6792592 total
[2024-01-15T07:26:40.121+0000][7][gc,age      ] GC(26) - age   6:    5448152 bytes,   12240744 total
[2024-01-15T07:26:40.122+0000][7][gc,age      ] GC(26) - age   7:    5572976 bytes,   17813720 total
[2024-01-15T07:26:40.123+0000][7][gc,age      ] GC(26) - age   8:     193952 bytes,   18007672 total
[2024-01-15T07:26:40.124+0000][7][gc,heap     ] GC(26) Eden regions: 71->0(71)
[2024-01-15T07:26:40.125+0000][7][gc,heap     ] GC(26) Survivor regions: 5->5(10)
[2024-01-15T07:26:40.126+0000][7][gc,heap     ] GC(26) Old regions: 19->19
[2024-01-15T07:26:40.127+0000][7][gc,heap     ] GC(26) Humongous regions: 2->2
[2024-01-15T07:26:40.128+0000][7][gc,metaspace] GC(26) Metaspace: 121139K(124352K)->121139K(124352K) NonClass: 104571K(106304K)->104571K(106304K) Class: 16568K(18048K)->16568K(18048K)
[2024-01-15T07:26:40.129+0000][7][gc          ] GC(26) Pause Young (Prepare Mixed) (G1 Evacuation Pause) 382M->100M(512M) 68.225ms
[2024-01-15T07:26:40.131+0000][7][gc,cpu      ] GC(26) User=0.13s Sys=0.03s Real=0.07s
[2024-01-15T07:26:40.132+0000][7][safepoint   ] Safepoint "G1CollectForAllocation", Time since last: 715733735 ns, Reaching safepoint: 20399 ns, Cleanup: 15204 ns, At safepoint: 70855783 ns, Total: 70891386 ns
[2024-01-15T07:26:42.134+0000][7][safepoint   ] Safepoint "Cleanup", Time since last: 2001808912 ns, Reaching safepoint: 20939 ns, Cleanup: 30389 ns, At safepoint: 3527 ns, Total: 54855 ns
[2024-01-15T07:26:44.268+0000][7][safepoint   ] Safepoint "Cleanup", Time since last: 2133840689 ns, Reaching safepoint: 28986 ns, Cleanup: 37008 ns, At safepoint: 7209 ns, Total: 73203 ns
[2024-01-15T07:26:45.281+0000][7][safepoint   ] Safepoint "Cleanup", Time since last: 1013313146 ns, Reaching safepoint: 22826 ns, Cleanup: 15311 ns, At safepoint: 3591 ns, Total: 41728 ns
[2024-01-15T07:26:46.283+0000][7][safepoint   ] Safepoint "Cleanup", Time since last: 1001897741 ns, Reaching safepoint: 20406 ns, Cleanup: 13128 ns, At safepoint: 2929 ns, Total: 36463 ns
[2024-01-15T07:26:47.285+0000][7][safepoint   ] Safepoint "Cleanup", Time since last: 1001672358 ns, Reaching safepoint: 19754 ns, Cleanup: 13024 ns, At safepoint: 3378 ns, Total: 36156 ns
[2024-01-15T07:26:50.287+0000][7][safepoint   ] Safepoint "Cleanup", Time since last: 3001967310 ns, Reaching safepoint: 19490 ns, Cleanup: 11064 ns, At safepoint: 2636 ns, Total: 33190 ns
[2024-01-15T07:26:53.290+0000][7][safepoint   ] Safepoint "Cleanup", Time since last: 3002789311 ns, Reaching safepoint: 50441 ns, Cleanup: 12691 ns, At safepoint: 3730 ns, Total: 66862 ns
[2024-01-15T07:26:56.292+0000][7][safepoint   ] Safepoint "Cleanup", Time since last: 3002186180 ns, Reaching safepoint: 20850 ns, Cleanup: 11328 ns, At safepoint: 2688 ns, Total: 34866 ns
[2024-01-15T07:26:57.293+0000][7][safepoint   ] Safepoint "Cleanup", Time since last: 1001135127 ns, Reaching safepoint: 19476 ns, Cleanup: 13579 ns, At safepoint: 3087 ns, Total: 36142 ns
[2024-01-15T07:26:59.295+0000][7][safepoint   ] Safepoint "Cleanup", Time since last: 2001654436 ns, Reaching safepoint: 27638 ns, Cleanup: 13073 ns, At safepoint: 3741 ns, Total: 44452 ns
[2024-01-15T07:27:01.297+0000][7][safepoint   ] Safepoint "Cleanup", Time since last: 2001701643 ns, Reaching safepoint: 18979 ns, Cleanup: 25972 ns, At safepoint: 111226 ns, Total: 156177 ns
[2024-01-15T07:27:02.300+0000][7][safepoint   ] Safepoint "Cleanup", Time since last: 1003319869 ns, Reaching safepoint: 18126 ns, Cleanup: 24773 ns, At safepoint: 2578 ns, Total: 45477 ns
[2024-01-15T07:27:03.302+0000][7][safepoint   ] Safepoint "Cleanup", Time since last: 1001293554 ns, Reaching safepoint: 17725 ns, Cleanup: 27852 ns, At safepoint: 42504 ns, Total: 88081 ns
[2024-01-15T07:27:04.303+0000][7][safepoint   ] Safepoint "Cleanup", Time since last: 1001141851 ns, Reaching safepoint: 23066 ns, Cleanup: 10270 ns, At safepoint: 2411 ns, Total: 35747 ns
[2024-01-15T07:27:05.304+0000][7][safepoint   ] Safepoint "Cleanup", Time since last: 1001375743 ns, Reaching safepoint: 23220 ns, Cleanup: 15334 ns, At safepoint: 3682 ns, Total: 42236 ns
[2024-01-15T07:27:08.306+0000][7][safepoint   ] Safepoint "Cleanup", Time since last: 3002060195 ns, Reaching safepoint: 20381 ns, Cleanup: 10312 ns, At safepoint: 2576 ns, Total: 33269 ns
[2024-01-15T07:27:09.308+0000][7][safepoint   ] Safepoint "Cleanup", Time since last: 1001150515 ns, Reaching safepoint: 26041 ns, Cleanup: 17304 ns, At safepoint: 3115 ns, Total: 46460 ns
[2024-01-15T07:27:10.309+0000][7][safepoint   ] Safepoint "Cleanup", Time since last: 1001813500 ns, Reaching safepoint: 20625 ns, Cleanup: 23933 ns, At safepoint: 2958 ns, Total: 47516 ns
[2024-01-15T07:27:11.311+0000][7][safepoint   ] Safepoint "Cleanup", Time since last: 1001430292 ns, Reaching safepoint: 41240 ns, Cleanup: 17630 ns, At safepoint: 4567 ns, Total: 63437 ns
[2024-01-15T07:27:14.314+0000][7][safepoint   ] Safepoint "Cleanup", Time since last: 3002567493 ns, Reaching safepoint: 20444 ns, Cleanup: 12159 ns, At safepoint: 3045 ns, Total: 35648 ns
[2024-01-15T07:27:15.315+0000][7][safepoint   ] Safepoint "Cleanup", Time since last: 1001117523 ns, Reaching safepoint: 26099 ns, Cleanup: 33076 ns, At safepoint: 3436 ns, Total: 62611 ns
[2024-01-15T07:27:16.316+0000][7][safepoint   ] Safepoint "Cleanup", Time since last: 1001229419 ns, Reaching safepoint: 39364 ns, Cleanup: 11425 ns, At safepoint: 31846 ns, Total: 82635 ns
[2024-01-15T07:27:17.317+0000][7][safepoint   ] Safepoint "Cleanup", Time since last: 1001381819 ns, Reaching safepoint: 19450 ns, Cleanup: 30584 ns, At safepoint: 3193 ns, Total: 53227 ns
[2024-01-15T07:27:20.319+0000][7][safepoint   ] Safepoint "Cleanup", Time since last: 3001733050 ns, Reaching safepoint: 17801 ns, Cleanup: 12580 ns, At safepoint: 2603 ns, Total: 32984 ns
[2024-01-15T07:27:21.320+0000][7][safepoint   ] Safepoint "Cleanup", Time since last: 1001201045 ns, Reaching safepoint: 21066 ns, Cleanup: 16122 ns, At safepoint: 3472 ns, Total: 40660 ns
[2024-01-15T07:27:25.323+0000][7][safepoint   ] Safepoint "Cleanup", Time since last: 4001934422 ns, Reaching safepoint: 207653 ns, Cleanup: 104261 ns, At safepoint: 24613 ns, Total: 336527 ns
[2024-01-15T07:27:26.223+0000][7][safepoint   ] Safepoint "ICBufferFull", Time since last: 899418090 ns, Reaching safepoint: 136976 ns, Cleanup: 116673 ns, At safepoint: 77419 ns, Total: 331068 ns
[2024-01-15T07:27:26.318+0000][7][gc,start    ] GC(27) Pause Young (Mixed) (G1 Evacuation Pause)
[2024-01-15T07:27:26.320+0000][7][gc,task     ] GC(27) Using 8 workers of 8 for evacuation
[2024-01-15T07:27:26.321+0000][7][gc,age      ] GC(27) Desired survivor size 20971520 bytes, new threshold 15 (max threshold 15)
[2024-01-15T07:27:26.361+0000][7][gc,phases   ] GC(27)   Pre Evacuate Collection Set: 0.5ms
[2024-01-15T07:27:26.363+0000][7][gc,phases   ] GC(27)   Merge Heap Roots: 0.3ms
[2024-01-15T07:27:26.364+0000][7][gc,phases   ] GC(27)   Evacuate Collection Set: 36.1ms
[2024-01-15T07:27:26.365+0000][7][gc,phases   ] GC(27)   Post Evacuate Collection Set: 2.7ms
[2024-01-15T07:27:26.366+0000][7][gc,phases   ] GC(27)   Other: 2.1ms
[2024-01-15T07:27:26.367+0000][7][gc,age      ] GC(27) Age table with threshold 15 (max threshold 15)
[2024-01-15T07:27:26.368+0000][7][gc,age      ] GC(27) - age   1:    3512304 bytes,    3512304 total
[2024-01-15T07:27:26.369+0000][7][gc,age      ] GC(27) - age   2:     368544 bytes,    3880848 total
[2024-01-15T07:27:26.370+0000][7][gc,age      ] GC(27) - age   3:     517680 bytes,    4398528 total
[2024-01-15T07:27:26.371+0000][7][gc,age      ] GC(27) - age   4:    1786864 bytes,    6185392 total
[2024-01-15T07:27:26.372+0000][7][gc,age      ] GC(27) - age   5:     304592 bytes,    6489984 total
[2024-01-15T07:27:26.372+0000][7][gc,age      ] GC(27) - age   6:    1699008 bytes,    8188992 total
[2024-01-15T07:27:26.373+0000][7][gc,age      ] GC(27) - age   7:    5416336 bytes,   13605328 total
[2024-01-15T07:27:26.374+0000][7][gc,age      ] GC(27) - age   8:    5520288 bytes,   19125616 total
[2024-01-15T07:27:26.375+0000][7][gc,age      ] GC(27) - age   9:     193592 bytes,   19319208 total
[2024-01-15T07:27:26.376+0000][7][gc,heap     ] GC(27) Eden regions: 71->0(70)
[2024-01-15T07:27:26.376+0000][7][gc,heap     ] GC(27) Survivor regions: 5->6(10)
[2024-01-15T07:27:26.377+0000][7][gc,heap     ] GC(27) Old regions: 19->18
[2024-01-15T07:27:26.378+0000][7][gc,heap     ] GC(27) Humongous regions: 2->2
[2024-01-15T07:27:26.379+0000][7][gc,metaspace] GC(27) Metaspace: 123020K(126208K)->123020K(126208K) NonClass: 106184K(107904K)->106184K(107904K) Class: 16836K(18304K)->16836K(18304K)
[2024-01-15T07:27:26.379+0000][7][gc          ] GC(27) Pause Young (Mixed) (G1 Evacuation Pause) 384M->100M(512M) 61.492ms
[2024-01-15T07:27:26.380+0000][7][gc,cpu      ] GC(27) User=0.13s Sys=0.03s Real=0.06s
[2024-01-15T07:27:26.381+0000][7][safepoint   ] Safepoint "G1CollectForAllocation", Time since last: 95391779 ns, Reaching safepoint: 17145 ns, Cleanup: 32265 ns, At safepoint: 63246058 ns, Total: 63295468 ns
[2024-01-15T07:27:27.383+0000][7][safepoint   ] Safepoint "Cleanup", Time since last: 1001434921 ns, Reaching safepoint: 16852 ns, Cleanup: 29643 ns, At safepoint: 3274 ns, Total: 49769 ns
[2024-01-15T07:27:28.384+0000][7][safepoint   ] Safepoint "Cleanup", Time since last: 1001229273 ns, Reaching safepoint: 17969 ns, Cleanup: 11647 ns, At safepoint: 2887 ns, Total: 32503 ns
[2024-01-15T07:27:29.385+0000][7][safepoint   ] Safepoint "Cleanup", Time since last: 1001403671 ns, Reaching safepoint: 18610 ns, Cleanup: 24455 ns, At safepoint: 2805 ns, Total: 45870 ns
[2024-01-15T07:27:31.387+0000][7][safepoint   ] Safepoint "Cleanup", Time since last: 2001662086 ns, Reaching safepoint: 22578 ns, Cleanup: 20264 ns, At safepoint: 3805 ns, Total: 46647 ns
[2024-01-15T07:27:33.389+0000][7][safepoint   ] Safepoint "Cleanup", Time since last: 2001774388 ns, Reaching safepoint: 18915 ns, Cleanup: 12209 ns, At safepoint: 2655 ns, Total: 33779 ns
[2024-01-15T07:27:34.391+0000][7][safepoint   ] Safepoint "Cleanup", Time since last: 1001335573 ns, Reaching safepoint: 18548 ns, Cleanup: 11840 ns, At safepoint: 2829 ns, Total: 33217 ns
[2024-01-15T07:27:38.393+0000][7][safepoint   ] Safepoint "Cleanup", Time since last: 4002073856 ns, Reaching safepoint: 28263 ns, Cleanup: 20382 ns, At safepoint: 4085 ns, Total: 52730 ns
[2024-01-15T07:27:39.394+0000][7][safepoint   ] Safepoint "Cleanup", Time since last: 1001254136 ns, Reaching safepoint: 20213 ns, Cleanup: 15792 ns, At safepoint: 2750 ns, Total: 38755 ns
[2024-01-15T07:27:40.396+0000][7][safepoint   ] Safepoint "Cleanup", Time since last: 1002334225 ns, Reaching safepoint: 27079 ns, Cleanup: 20019 ns, At safepoint: 4066 ns, Total: 51164 ns
[2024-01-15T07:27:41.398+0000][7][safepoint   ] Safepoint "Cleanup", Time since last: 1001908235 ns, Reaching safepoint: 20322 ns, Cleanup: 42520 ns, At safepoint: 2987 ns, Total: 65829 ns
[2024-01-15T07:27:44.315+0000][7][safepoint   ] Safepoint "Cleanup", Time since last: 2916877820 ns, Reaching safepoint: 20476 ns, Cleanup: 8863 ns, At safepoint: 3873 ns, Total: 33212 ns
[2024-01-15T07:27:45.317+0000][7][safepoint   ] Safepoint "Cleanup", Time since last: 1001513825 ns, Reaching safepoint: 24981 ns, Cleanup: 16143 ns, At safepoint: 3778 ns, Total: 44902 ns
[2024-01-15T07:27:46.319+0000][7][safepoint   ] Safepoint "Cleanup", Time since last: 1001784893 ns, Reaching safepoint: 21731 ns, Cleanup: 13867 ns, At safepoint: 3209 ns, Total: 38807 ns
[2024-01-15T07:27:47.321+0000][7][safepoint   ] Safepoint "Cleanup", Time since last: 1001762898 ns, Reaching safepoint: 21124 ns, Cleanup: 17511 ns, At safepoint: 3814 ns, Total: 42449 ns
[2024-01-15T07:27:50.323+0000][7][safepoint   ] Safepoint "Cleanup", Time since last: 3002273193 ns, Reaching safepoint: 18689 ns, Cleanup: 18460 ns, At safepoint: 2917 ns, Total: 40066 ns
[2024-01-15T07:27:53.325+0000][7][safepoint   ] Safepoint "Cleanup", Time since last: 3001699177 ns, Reaching safepoint: 23968 ns, Cleanup: 13698 ns, At safepoint: 3820 ns, Total: 41486 ns
[2024-01-15T07:27:56.329+0000][7][safepoint   ] Safepoint "Cleanup", Time since last: 3004120588 ns, Reaching safepoint: 19572 ns, Cleanup: 13996 ns, At safepoint: 3234 ns, Total: 36802 ns
[2024-01-15T07:27:57.330+0000][7][safepoint   ] Safepoint "Cleanup", Time since last: 1001262426 ns, Reaching safepoint: 18311 ns, Cleanup: 30181 ns, At safepoint: 3336 ns, Total: 51828 ns
[2024-01-15T07:27:59.331+0000][7][safepoint   ] Safepoint "Cleanup", Time since last: 2001104353 ns, Reaching safepoint: 20442 ns, Cleanup: 12921 ns, At safepoint: 3211 ns, Total: 36574 ns
[2024-01-15T07:28:01.334+0000][7][safepoint   ] Safepoint "Cleanup", Time since last: 2001985856 ns, Reaching safepoint: 29244 ns, Cleanup: 85956 ns, At safepoint: 11756 ns, Total: 126956 ns
[2024-01-15T07:28:02.335+0000][7][safepoint   ] Safepoint "Cleanup", Time since last: 1001380259 ns, Reaching safepoint: 29254 ns, Cleanup: 30040 ns, At safepoint: 5070 ns, Total: 64364 ns
[2024-01-15T07:28:03.337+0000][7][safepoint   ] Safepoint "Cleanup", Time since last: 1001386528 ns, Reaching safepoint: 20379 ns, Cleanup: 38595 ns, At safepoint: 5210 ns, Total: 64184 ns
[2024-01-15T07:28:04.338+0000][7][safepoint   ] Safepoint "Cleanup", Time since last: 1001601982 ns, Reaching safepoint: 24674 ns, Cleanup: 15847 ns, At safepoint: 3908 ns, Total: 44429 ns
[2024-01-15T07:28:05.340+0000][7][safepoint   ] Safepoint "Cleanup", Time since last: 1001876643 ns, Reaching safepoint: 20112 ns, Cleanup: 11300 ns, At safepoint: 3322 ns, Total: 34734 ns
[2024-01-15T07:28:06.342+0000][7][safepoint   ] Safepoint "Cleanup", Time since last: 1001359253 ns, Reaching safepoint: 24959 ns, Cleanup: 15655 ns, At safepoint: 3779 ns, Total: 44393 ns
[2024-01-15T07:28:07.344+0000][7][safepoint   ] Safepoint "Cleanup", Time since last: 1002288390 ns, Reaching safepoint: 49334 ns, Cleanup: 58768 ns, At safepoint: 5890 ns, Total: 113992 ns
[2024-01-15T07:28:08.347+0000][7][safepoint   ] Safepoint "Cleanup", Time since last: 1002395930 ns, Reaching safepoint: 20420 ns, Cleanup: 30276 ns, At safepoint: 2940 ns, Total: 53636 ns
[2024-01-15T07:28:09.348+0000][7][safepoint   ] Safepoint "Cleanup", Time since last: 1001668850 ns, Reaching safepoint: 21506 ns, Cleanup: 21194 ns, At safepoint: 4467 ns, Total: 47167 ns
[2024-01-15T07:28:10.351+0000][7][safepoint   ] Safepoint "Cleanup", Time since last: 1002311576 ns, Reaching safepoint: 21092 ns, Cleanup: 17008 ns, At safepoint: 3060 ns, Total: 41160 ns
[2024-01-15T07:28:11.353+0000][7][safepoint   ] Safepoint "Cleanup", Time since last: 1001938274 ns, Reaching safepoint: 31982 ns, Cleanup: 24407 ns, At safepoint: 5290 ns, Total: 61679 ns
[2024-01-15T07:28:15.357+0000][7][safepoint   ] Safepoint "Cleanup", Time since last: 4004673634 ns, Reaching safepoint: 21182 ns, Cleanup: 19037 ns, At safepoint: 3900 ns, Total: 44119 ns
[2024-01-15T07:28:19.359+0000][7][safepoint   ] Safepoint "Cleanup", Time since last: 4001617582 ns, Reaching safepoint: 21295 ns, Cleanup: 12050 ns, At safepoint: 3406 ns, Total: 36751 ns
[2024-01-15T07:28:20.361+0000][7][safepoint   ] Safepoint "Cleanup", Time since last: 1001718624 ns, Reaching safepoint: 17941 ns, Cleanup: 18395 ns, At safepoint: 2760 ns, Total: 39096 ns
[2024-01-15T07:28:22.362+0000][7][safepoint   ] Safepoint "Cleanup", Time since last: 2001217966 ns, Reaching safepoint: 18040 ns, Cleanup: 46902 ns, At safepoint: 3063 ns, Total: 68005 ns
[2024-01-15T07:28:23.364+0000][7][safepoint   ] Safepoint "Cleanup", Time since last: 1001463664 ns, Reaching safepoint: 20351 ns, Cleanup: 14695 ns, At safepoint: 3440 ns, Total: 38486 ns
[2024-01-15T07:28:24.365+0000][7][safepoint   ] Safepoint "Cleanup", Time since last: 1001812855 ns, Reaching safepoint: 47774 ns, Cleanup: 31855 ns, At safepoint: 3649 ns, Total: 83278 ns
[2024-01-15T07:28:25.151+0000][7][gc,start    ] GC(28) Pause Young (Normal) (G1 Evacuation Pause)
[2024-01-15T07:28:25.153+0000][7][gc,task     ] GC(28) Using 8 workers of 8 for evacuation
[2024-01-15T07:28:25.154+0000][7][gc,age      ] GC(28) Desired survivor size 20971520 bytes, new threshold 15 (max threshold 15)
[2024-01-15T07:28:25.201+0000][7][gc,phases   ] GC(28)   Pre Evacuate Collection Set: 0.8ms
[2024-01-15T07:28:25.202+0000][7][gc,phases   ] GC(28)   Merge Heap Roots: 0.2ms
[2024-01-15T07:28:25.203+0000][7][gc,phases   ] GC(28)   Evacuate Collection Set: 42.4ms
[2024-01-15T07:28:25.204+0000][7][gc,phases   ] GC(28)   Post Evacuate Collection Set: 2.0ms
[2024-01-15T07:28:25.205+0000][7][gc,phases   ] GC(28)   Other: 2.6ms
[2024-01-15T07:28:25.206+0000][7][gc,age      ] GC(28) Age table with threshold 15 (max threshold 15)
[2024-01-15T07:28:25.208+0000][7][gc,age      ] GC(28) - age   1:    3925984 bytes,    3925984 total
[2024-01-15T07:28:25.208+0000][7][gc,age      ] GC(28) - age   2:    1120512 bytes,    5046496 total
[2024-01-15T07:28:25.210+0000][7][gc,age      ] GC(28) - age   3:     106384 bytes,    5152880 total
[2024-01-15T07:28:25.211+0000][7][gc,age      ] GC(28) - age   4:     206424 bytes,    5359304 total
[2024-01-15T07:28:25.211+0000][7][gc,age      ] GC(28) - age   5:    1783968 bytes,    7143272 total
[2024-01-15T07:28:25.212+0000][7][gc,age      ] GC(28) - age   6:     304064 bytes,    7447336 total
[2024-01-15T07:28:25.213+0000][7][gc,age      ] GC(28) - age   7:    1685152 bytes,    9132488 total
[2024-01-15T07:28:25.214+0000][7][gc,age      ] GC(28) - age   8:    5353216 bytes,   14485704 total
[2024-01-15T07:28:25.215+0000][7][gc,age      ] GC(28) - age   9:    5520208 bytes,   20005912 total
[2024-01-15T07:28:25.216+0000][7][gc,age      ] GC(28) - age  10:     193592 bytes,   20199504 total
[2024-01-15T07:28:25.217+0000][7][gc,heap     ] GC(28) Eden regions: 70->0(70)
[2024-01-15T07:28:25.217+0000][7][gc,heap     ] GC(28) Survivor regions: 6->6(10)
[2024-01-15T07:28:25.218+0000][7][gc,heap     ] GC(28) Old regions: 18->18
[2024-01-15T07:28:25.219+0000][7][gc,heap     ] GC(28) Humongous regions: 2->2
[2024-01-15T07:28:25.220+0000][7][gc,metaspace] GC(28) Metaspace: 123511K(126656K)->123511K(126656K) NonClass: 106647K(108352K)->106647K(108352K) Class: 16863K(18304K)->16863K(18304K)
[2024-01-15T07:28:25.221+0000][7][gc          ] GC(28) Pause Young (Normal) (G1 Evacuation Pause) 380M->101M(512M) 69.511ms
[2024-01-15T07:28:25.222+0000][7][gc,cpu      ] GC(28) User=0.16s Sys=0.04s Real=0.07s
[2024-01-15T07:28:25.223+0000][7][safepoint   ] Safepoint "G1CollectForAllocation", Time since last: 785752019 ns, Reaching safepoint: 18679 ns, Cleanup: 23565 ns, At safepoint: 71697043 ns, Total: 71739287 ns
[2024-01-15T07:28:26.225+0000][7][safepoint   ] Safepoint "Cleanup", Time since last: 1001468378 ns, Reaching safepoint: 17493 ns, Cleanup: 34256 ns, At safepoint: 70157 ns, Total: 121906 ns
[2024-01-15T07:28:27.227+0000][7][safepoint   ] Safepoint "Cleanup", Time since last: 1002380239 ns, Reaching safepoint: 18770 ns, Cleanup: 53416 ns, At safepoint: 3303 ns, Total: 75489 ns
[2024-01-15T07:28:32.230+0000][7][safepoint   ] Safepoint "Cleanup", Time since last: 5002389816 ns, Reaching safepoint: 18266 ns, Cleanup: 10631 ns, At safepoint: 3256 ns, Total: 32153 ns
[2024-01-15T07:28:33.231+0000][7][safepoint   ] Safepoint "Cleanup", Time since last: 1001198556 ns, Reaching safepoint: 20590 ns, Cleanup: 9395 ns, At safepoint: 2871 ns, Total: 32856 ns
[2024-01-15T07:28:34.232+0000][7][safepoint   ] Safepoint "Cleanup", Time since last: 1001245137 ns, Reaching safepoint: 20719 ns, Cleanup: 11753 ns, At safepoint: 3667 ns, Total: 36139 ns
[2024-01-15T07:28:37.234+0000][7][safepoint   ] Safepoint "Cleanup", Time since last: 3001988120 ns, Reaching safepoint: 20490 ns, Cleanup: 12738 ns, At safepoint: 3333 ns, Total: 36561 ns
[2024-01-15T07:28:39.236+0000][7][safepoint   ] Safepoint "Cleanup", Time since last: 2001735597 ns, Reaching safepoint: 21792 ns, Cleanup: 15090 ns, At safepoint: 2941 ns, Total: 39823 ns
[2024-01-15T07:28:40.238+0000][7][safepoint   ] Safepoint "Cleanup", Time since last: 1001632885 ns, Reaching safepoint: 21220 ns, Cleanup: 11773 ns, At safepoint: 2709 ns, Total: 35702 ns
[2024-01-15T07:28:41.239+0000][7][safepoint   ] Safepoint "Cleanup", Time since last: 1001671832 ns, Reaching safepoint: 19338 ns, Cleanup: 12928 ns, At safepoint: 2928 ns, Total: 35194 ns
[2024-01-15T07:28:44.370+0000][7][safepoint   ] Safepoint "Cleanup", Time since last: 3130759939 ns, Reaching safepoint: 19319 ns, Cleanup: 14392 ns, At safepoint: 2644 ns, Total: 36355 ns
[2024-01-15T07:28:45.371+0000][7][safepoint   ] Safepoint "Cleanup", Time since last: 1001195997 ns, Reaching safepoint: 19855 ns, Cleanup: 13641 ns, At safepoint: 3153 ns, Total: 36649 ns
[2024-01-15T07:28:46.373+0000][7][safepoint   ] Safepoint "Cleanup", Time since last: 1001378521 ns, Reaching safepoint: 18983 ns, Cleanup: 21428 ns, At safepoint: 3816 ns, Total: 44227 ns
[2024-01-15T07:28:47.374+0000][7][safepoint   ] Safepoint "Cleanup", Time since last: 1001606614 ns, Reaching safepoint: 32426 ns, Cleanup: 12235 ns, At safepoint: 2969 ns, Total: 47630 ns
[2024-01-15T07:28:48.376+0000][7][safepoint   ] Safepoint "Cleanup", Time since last: 1001214432 ns, Reaching safepoint: 23637 ns, Cleanup: 121622 ns, At safepoint: 4114 ns, Total: 149373 ns
[2024-01-15T07:28:49.378+0000][7][safepoint   ] Safepoint "Cleanup", Time since last: 1001979853 ns, Reaching safepoint: 26853 ns, Cleanup: 28555 ns, At safepoint: 5037 ns, Total: 60445 ns
[2024-01-15T07:28:50.380+0000][7][safepoint   ] Safepoint "Cleanup", Time since last: 1002468203 ns, Reaching safepoint: 26216 ns, Cleanup: 17360 ns, At safepoint: 33322 ns, Total: 76898 ns
[2024-01-15T07:28:51.382+0000][7][safepoint   ] Safepoint "Cleanup", Time since last: 1001167943 ns, Reaching safepoint: 21206 ns, Cleanup: 11156 ns, At safepoint: 2503 ns, Total: 34865 ns
[2024-01-15T07:28:52.383+0000][7][safepoint   ] Safepoint "Cleanup", Time since last: 1001469617 ns, Reaching safepoint: 23279 ns, Cleanup: 16592 ns, At safepoint: 2572 ns, Total: 42443 ns
[2024-01-15T07:28:53.385+0000][7][safepoint   ] Safepoint "Cleanup", Time since last: 1001734243 ns, Reaching safepoint: 20475 ns, Cleanup: 13103 ns, At safepoint: 3770 ns, Total: 37348 ns
[2024-01-15T07:28:56.387+0000][7][safepoint   ] Safepoint "Cleanup", Time since last: 3002260385 ns, Reaching safepoint: 66905 ns, Cleanup: 19334 ns, At safepoint: 4156 ns, Total: 90395 ns
[2024-01-15T07:28:57.389+0000][7][safepoint   ] Safepoint "Cleanup", Time since last: 1001458682 ns, Reaching safepoint: 22826 ns, Cleanup: 13657 ns, At safepoint: 2884 ns, Total: 39367 ns
[2024-01-15T07:29:01.392+0000][7][safepoint   ] Safepoint "Cleanup", Time since last: 4002583165 ns, Reaching safepoint: 235714 ns, Cleanup: 13718 ns, At safepoint: 65452 ns, Total: 314884 ns
[2024-01-15T07:29:02.394+0000][7][safepoint   ] Safepoint "Cleanup", Time since last: 1002240703 ns, Reaching safepoint: 18986 ns, Cleanup: 33995 ns, At safepoint: 4005 ns, Total: 56986 ns
[2024-01-15T07:29:03.397+0000][7][safepoint   ] Safepoint "Cleanup", Time since last: 1002476814 ns, Reaching safepoint: 19057 ns, Cleanup: 15661 ns, At safepoint: 2807 ns, Total: 37525 ns
[2024-01-15T07:29:04.398+0000][7][safepoint   ] Safepoint "Cleanup", Time since last: 1001079816 ns, Reaching safepoint: 21519 ns, Cleanup: 23532 ns, At safepoint: 2761 ns, Total: 47812 ns
[2024-01-15T07:29:05.123+0000][7][gc,start    ] GC(29) Pause Young (Concurrent Start) (G1 Evacuation Pause)
[2024-01-15T07:29:05.124+0000][7][gc,task     ] GC(29) Using 8 workers of 8 for evacuation
[2024-01-15T07:29:05.125+0000][7][gc,age      ] GC(29) Desired survivor size 20971520 bytes, new threshold 15 (max threshold 15)
[2024-01-15T07:29:05.166+0000][7][gc,phases   ] GC(29)   Pre Evacuate Collection Set: 0.6ms
[2024-01-15T07:29:05.167+0000][7][gc,phases   ] GC(29)   Merge Heap Roots: 0.3ms
[2024-01-15T07:29:05.168+0000][7][gc,phases   ] GC(29)   Evacuate Collection Set: 36.9ms
[2024-01-15T07:29:05.169+0000][7][gc,phases   ] GC(29)   Post Evacuate Collection Set: 1.8ms
[2024-01-15T07:29:05.170+0000][7][gc,phases   ] GC(29)   Other: 2.3ms
[2024-01-15T07:29:05.171+0000][7][gc,age      ] GC(29) Age table with threshold 15 (max threshold 15)
[2024-01-15T07:29:05.172+0000][7][gc,age      ] GC(29) - age   1:    2723296 bytes,    2723296 total
[2024-01-15T07:29:05.173+0000][7][gc,age      ] GC(29) - age   2:     421672 bytes,    3144968 total
[2024-01-15T07:29:05.174+0000][7][gc,age      ] GC(29) - age   3:    1092336 bytes,    4237304 total
[2024-01-15T07:29:05.175+0000][7][gc,age      ] GC(29) - age   4:     105840 bytes,    4343144 total
[2024-01-15T07:29:05.176+0000][7][gc,age      ] GC(29) - age   5:     205680 bytes,    4548824 total
[2024-01-15T07:29:05.176+0000][7][gc,age      ] GC(29) - age   6:    1783856 bytes,    6332680 total
[2024-01-15T07:29:05.177+0000][7][gc,age      ] GC(29) - age   7:     303776 bytes,    6636456 total
[2024-01-15T07:29:05.178+0000][7][gc,age      ] GC(29) - age   8:    1656856 bytes,    8293312 total
[2024-01-15T07:29:05.180+0000][7][gc,age      ] GC(29) - age   9:    5349712 bytes,   13643024 total
[2024-01-15T07:29:05.181+0000][7][gc,age      ] GC(29) - age  10:    5047736 bytes,   18690760 total
[2024-01-15T07:29:05.182+0000][7][gc,age      ] GC(29) - age  11:     193592 bytes,   18884352 total
[2024-01-15T07:29:05.182+0000][7][gc,heap     ] GC(29) Eden regions: 70->0(70)
[2024-01-15T07:29:05.183+0000][7][gc,heap     ] GC(29) Survivor regions: 6->6(10)
[2024-01-15T07:29:05.184+0000][7][gc,heap     ] GC(29) Old regions: 18->18
[2024-01-15T07:29:05.185+0000][7][gc,heap     ] GC(29) Humongous regions: 2->2
[2024-01-15T07:29:05.185+0000][7][gc,metaspace] GC(29) Metaspace: 123867K(126976K)->123867K(126976K) NonClass: 106997K(108672K)->106997K(108672K) Class: 16869K(18304K)->16869K(18304K)
[2024-01-15T07:29:05.186+0000][7][gc          ] GC(29) Pause Young (Concurrent Start) (G1 Evacuation Pause) 381M->100M(512M) 63.255ms
[2024-01-15T07:29:05.187+0000][7][gc          ] GC(30) Concurrent Mark Cycle
[2024-01-15T07:29:05.188+0000][7][gc,marking  ] GC(30) Concurrent Scan Root Regions
[2024-01-15T07:29:05.187+0000][7][gc,cpu      ] GC(29) User=0.13s Sys=0.02s Real=0.06s
[2024-01-15T07:29:05.190+0000][7][safepoint   ] Safepoint "G1CollectForAllocation", Time since last: 724899564 ns, Reaching safepoint: 16861 ns, Cleanup: 3740 ns, At safepoint: 67043711 ns, Total: 67064312 ns
[2024-01-15T07:29:05.195+0000][7][gc,marking  ] GC(30) Concurrent Scan Root Regions 6.899ms
[2024-01-15T07:29:05.196+0000][7][gc,marking  ] GC(30) Concurrent Mark
[2024-01-15T07:29:05.197+0000][7][gc,marking  ] GC(30) Concurrent Mark From Roots
[2024-01-15T07:29:05.197+0000][7][gc,task     ] GC(30) Using 2 workers of 2 for marking
[2024-01-15T07:29:05.247+0000][7][gc,marking  ] GC(30) Concurrent Mark From Roots 50.218ms
[2024-01-15T07:29:05.248+0000][7][gc,marking  ] GC(30) Concurrent Preclean
[2024-01-15T07:29:05.251+0000][7][gc,marking  ] GC(30) Concurrent Preclean 2.520ms
[2024-01-15T07:29:05.252+0000][7][gc,start    ] GC(30) Pause Remark
[2024-01-15T07:29:05.307+0000][7][gc          ] GC(30) Pause Remark 104M->104M(512M) 55.787ms
[2024-01-15T07:29:05.309+0000][7][gc,cpu      ] GC(30) User=0.13s Sys=0.00s Real=0.06s
[2024-01-15T07:29:05.311+0000][7][safepoint   ] Safepoint "G1PauseRemark", Time since last: 61610319 ns, Reaching safepoint: 18719 ns, Cleanup: 14303 ns, At safepoint: 58926140 ns, Total: 58959162 ns
[2024-01-15T07:29:05.312+0000][7][gc,marking  ] GC(30) Concurrent Mark 116.142ms
[2024-01-15T07:29:05.314+0000][7][gc,marking  ] GC(30) Concurrent Rebuild Remembered Sets and Scrub Regions
[2024-01-15T07:29:05.347+0000][7][gc,marking  ] GC(30) Concurrent Rebuild Remembered Sets and Scrub Regions 33.291ms
[2024-01-15T07:29:05.349+0000][7][gc,start    ] GC(30) Pause Cleanup
[2024-01-15T07:29:05.350+0000][7][gc          ] GC(30) Pause Cleanup 104M->104M(512M) 1.586ms
[2024-01-15T07:29:05.352+0000][7][gc,cpu      ] GC(30) User=0.00s Sys=0.00s Real=0.00s
[2024-01-15T07:29:05.353+0000][7][safepoint   ] Safepoint "G1PauseCleanup", Time since last: 38052392 ns, Reaching safepoint: 159271 ns, Cleanup: 44133 ns, At safepoint: 4595208 ns, Total: 4798612 ns
[2024-01-15T07:29:05.355+0000][7][gc,marking  ] GC(30) Concurrent Clear Claimed Marks
[2024-01-15T07:29:05.356+0000][7][gc,marking  ] GC(30) Concurrent Clear Claimed Marks 1.354ms
[2024-01-15T07:29:05.357+0000][7][gc,marking  ] GC(30) Concurrent Cleanup for Next Mark
[2024-01-15T07:29:05.359+0000][7][gc,marking  ] GC(30) Concurrent Cleanup for Next Mark 1.899ms
[2024-01-15T07:29:05.361+0000][7][gc          ] GC(30) Concurrent Mark Cycle 173.229ms
[2024-01-15T07:29:06.355+0000][7][safepoint   ] Safepoint "Cleanup", Time since last: 1001719336 ns, Reaching safepoint: 20471 ns, Cleanup: 11095 ns, At safepoint: 2824 ns, Total: 34390 ns
[2024-01-15T07:29:09.357+0000][7][safepoint   ] Safepoint "Cleanup", Time since last: 3001862378 ns, Reaching safepoint: 22459 ns, Cleanup: 15252 ns, At safepoint: 2776 ns, Total: 40487 ns
[2024-01-15T07:29:10.358+0000][7][safepoint   ] Safepoint "Cleanup", Time since last: 1001057719 ns, Reaching safepoint: 27454 ns, Cleanup: 13389 ns, At safepoint: 3413 ns, Total: 44256 ns
[2024-01-15T07:29:14.360+0000][7][safepoint   ] Safepoint "Cleanup", Time since last: 4002092406 ns, Reaching safepoint: 24993 ns, Cleanup: 17168 ns, At safepoint: 3292 ns, Total: 45453 ns
[2024-01-15T07:29:15.361+0000][7][safepoint   ] Safepoint "Cleanup", Time since last: 1001027547 ns, Reaching safepoint: 26698 ns, Cleanup: 11348 ns, At safepoint: 2628 ns, Total: 40674 ns
[2024-01-15T07:29:17.363+0000][7][safepoint   ] Safepoint "Cleanup", Time since last: 2001858984 ns, Reaching safepoint: 25436 ns, Cleanup: 11202 ns, At safepoint: 3059 ns, Total: 39697 ns
[2024-01-15T07:29:20.365+0000][7][safepoint   ] Safepoint "Cleanup", Time since last: 3001878488 ns, Reaching safepoint: 22712 ns, Cleanup: 13967 ns, At safepoint: 2319 ns, Total: 38998 ns
[2024-01-15T07:29:21.366+0000][7][safepoint   ] Safepoint "Cleanup", Time since last: 1001049460 ns, Reaching safepoint: 46532 ns, Cleanup: 13619 ns, At safepoint: 8962 ns, Total: 69113 ns
[2024-01-15T07:29:23.368+0000][7][safepoint   ] Safepoint "Cleanup", Time since last: 2001720169 ns, Reaching safepoint: 28185 ns, Cleanup: 33449 ns, At safepoint: 3282 ns, Total: 64916 ns
[2024-01-15T07:29:25.370+0000][7][safepoint   ] Safepoint "Cleanup", Time since last: 2001949435 ns, Reaching safepoint: 30201 ns, Cleanup: 45214 ns, At safepoint: 7057 ns, Total: 82472 ns
[2024-01-15T07:29:26.372+0000][7][safepoint   ] Safepoint "Cleanup", Time since last: 1001794939 ns, Reaching safepoint: 17454 ns, Cleanup: 25926 ns, At safepoint: 31650 ns, Total: 75030 ns
[2024-01-15T07:29:27.373+0000][7][safepoint   ] Safepoint "Cleanup", Time since last: 1001140623 ns, Reaching safepoint: 22990 ns, Cleanup: 14200 ns, At safepoint: 3338 ns, Total: 40528 ns
[2024-01-15T07:29:32.376+0000][7][safepoint   ] Safepoint "Cleanup", Time since last: 5002171267 ns, Reaching safepoint: 20941 ns, Cleanup: 10828 ns, At safepoint: 3190 ns, Total: 34959 ns
[2024-01-15T07:29:33.378+0000][7][safepoint   ] Safepoint "Cleanup", Time since last: 1001954910 ns, Reaching safepoint: 22786 ns, Cleanup: 34878 ns, At safepoint: 3451 ns, Total: 61115 ns
[2024-01-15T07:29:35.380+0000][7][safepoint   ] Safepoint "Cleanup", Time since last: 2001964022 ns, Reaching safepoint: 21485 ns, Cleanup: 16150 ns, At safepoint: 3643 ns, Total: 41278 ns
[2024-01-15T07:29:36.382+0000][7][safepoint   ] Safepoint "Cleanup", Time since last: 1001772928 ns, Reaching safepoint: 20296 ns, Cleanup: 19516 ns, At safepoint: 3724 ns, Total: 43536 ns
[2024-01-15T07:29:38.383+0000][7][safepoint   ] Safepoint "Cleanup", Time since last: 2001776871 ns, Reaching safepoint: 21659 ns, Cleanup: 14970 ns, At safepoint: 3082 ns, Total: 39711 ns
[2024-01-15T07:29:40.066+0000][7][safepoint   ] Safepoint "Cleanup", Time since last: 1682522954 ns, Reaching safepoint: 21225 ns, Cleanup: 102038 ns, At safepoint: 57613 ns, Total: 180876 ns
[2024-01-15T07:29:41.068+0000][7][safepoint   ] Safepoint "Cleanup", Time since last: 1001768147 ns, Reaching safepoint: 18125 ns, Cleanup: 23139 ns, At safepoint: 3570 ns, Total: 44834 ns
[2024-01-15T07:29:42.069+0000][7][safepoint   ] Safepoint "Cleanup", Time since last: 1001391923 ns, Reaching safepoint: 22279 ns, Cleanup: 25909 ns, At safepoint: 3028 ns, Total: 51216 ns
[2024-01-15T07:29:44.421+0000][7][safepoint   ] Safepoint "Cleanup", Time since last: 2351606178 ns, Reaching safepoint: 19698 ns, Cleanup: 28981 ns, At safepoint: 2747 ns, Total: 51426 ns
[2024-01-15T07:29:45.378+0000][7][gc,start    ] GC(31) Pause Young (Prepare Mixed) (G1 Evacuation Pause)
[2024-01-15T07:29:45.379+0000][7][gc,task     ] GC(31) Using 8 workers of 8 for evacuation
[2024-01-15T07:29:45.380+0000][7][gc,age      ] GC(31) Desired survivor size 20971520 bytes, new threshold 15 (max threshold 15)
[2024-01-15T07:29:45.421+0000][7][gc,phases   ] GC(31)   Pre Evacuate Collection Set: 0.5ms
[2024-01-15T07:29:45.422+0000][7][gc,phases   ] GC(31)   Merge Heap Roots: 0.2ms
[2024-01-15T07:29:45.423+0000][7][gc,phases   ] GC(31)   Evacuate Collection Set: 37.7ms
[2024-01-15T07:29:45.424+0000][7][gc,phases   ] GC(31)   Post Evacuate Collection Set: 2.0ms
[2024-01-15T07:29:45.426+0000][7][gc,phases   ] GC(31)   Other: 1.8ms
[2024-01-15T07:29:45.427+0000][7][gc,age      ] GC(31) Age table with threshold 15 (max threshold 15)
[2024-01-15T07:29:45.428+0000][7][gc,age      ] GC(31) - age   1:    3349920 bytes,    3349920 total
[2024-01-15T07:29:45.429+0000][7][gc,age      ] GC(31) - age   2:     630824 bytes,    3980744 total
[2024-01-15T07:29:45.431+0000][7][gc,age      ] GC(31) - age   3:     311120 bytes,    4291864 total
[2024-01-15T07:29:45.432+0000][7][gc,age      ] GC(31) - age   4:    1090032 bytes,    5381896 total
[2024-01-15T07:29:45.433+0000][7][gc,age      ] GC(31) - age   5:     105488 bytes,    5487384 total
[2024-01-15T07:29:45.435+0000][7][gc,age      ] GC(31) - age   6:     188208 bytes,    5675592 total
[2024-01-15T07:29:45.436+0000][7][gc,age      ] GC(31) - age   7:    1782160 bytes,    7457752 total
[2024-01-15T07:29:45.437+0000][7][gc,age      ] GC(31) - age   8:     303728 bytes,    7761480 total
[2024-01-15T07:29:45.438+0000][7][gc,age      ] GC(31) - age   9:    1624056 bytes,    9385536 total
[2024-01-15T07:29:45.439+0000][7][gc,age      ] GC(31) - age  10:    5255264 bytes,   14640800 total
[2024-01-15T07:29:45.439+0000][7][gc,age      ] GC(31) - age  11:    4944856 bytes,   19585656 total
[2024-01-15T07:29:45.440+0000][7][gc,age      ] GC(31) - age  12:     190360 bytes,   19776016 total
[2024-01-15T07:29:45.441+0000][7][gc,heap     ] GC(31) Eden regions: 70->0(70)
[2024-01-15T07:29:45.442+0000][7][gc,heap     ] GC(31) Survivor regions: 6->6(10)
[2024-01-15T07:29:45.443+0000][7][gc,heap     ] GC(31) Old regions: 18->18
[2024-01-15T07:29:45.443+0000][7][gc,heap     ] GC(31) Humongous regions: 2->2
[2024-01-15T07:29:45.444+0000][7][gc,metaspace] GC(31) Metaspace: 122393K(126976K)->122393K(126976K) NonClass: 105958K(108672K)->105958K(108672K) Class: 16435K(18304K)->16435K(18304K)
[2024-01-15T07:29:45.446+0000][7][gc          ] GC(31) Pause Young (Prepare Mixed) (G1 Evacuation Pause) 380M->100M(512M) 68.301ms
[2024-01-15T07:29:45.447+0000][7][gc,cpu      ] GC(31) User=0.14s Sys=0.03s Real=0.07s
[2024-01-15T07:29:45.452+0000][7][safepoint   ] Safepoint "G1CollectForAllocation", Time since last: 956557703 ns, Reaching safepoint: 32538 ns, Cleanup: 32983 ns, At safepoint: 74420010 ns, Total: 74485531 ns
[2024-01-15T07:29:46.454+0000][7][safepoint   ] Safepoint "Cleanup", Time since last: 1001513694 ns, Reaching safepoint: 26553 ns, Cleanup: 40843 ns, At safepoint: 4636 ns, Total: 72032 ns
[2024-01-15T07:29:49.456+0000][7][safepoint   ] Safepoint "Cleanup", Time since last: 3002404985 ns, Reaching safepoint: 22426 ns, Cleanup: 19895 ns, At safepoint: 3373 ns, Total: 45694 ns
[2024-01-15T07:29:50.458+0000][7][safepoint   ] Safepoint "Cleanup", Time since last: 1001791800 ns, Reaching safepoint: 47944 ns, Cleanup: 24020 ns, At safepoint: 7356 ns, Total: 79320 ns
[2024-01-15T07:29:51.459+0000][7][safepoint   ] Safepoint "Cleanup", Time since last: 1001451218 ns, Reaching safepoint: 21859 ns, Cleanup: 25586 ns, At safepoint: 2813 ns, Total: 50258 ns
[2024-01-15T07:29:52.461+0000][7][safepoint   ] Safepoint "Cleanup", Time since last: 1001463802 ns, Reaching safepoint: 19636 ns, Cleanup: 13084 ns, At safepoint: 2929 ns, Total: 35649 ns
[2024-01-15T07:29:53.462+0000][7][safepoint   ] Safepoint "Cleanup", Time since last: 1000950100 ns, Reaching safepoint: 20933 ns, Cleanup: 17231 ns, At safepoint: 3300 ns, Total: 41464 ns
[2024-01-15T07:29:54.463+0000][7][safepoint   ] Safepoint "Cleanup", Time since last: 1001456390 ns, Reaching safepoint: 21764 ns, Cleanup: 11413 ns, At safepoint: 2978 ns, Total: 36155 ns
[2024-01-15T07:29:55.465+0000][7][safepoint   ] Safepoint "Cleanup", Time since last: 1001337746 ns, Reaching safepoint: 21702 ns, Cleanup: 13327 ns, At safepoint: 3108 ns, Total: 38137 ns
[2024-01-15T07:29:56.467+0000][7][safepoint   ] Safepoint "Cleanup", Time since last: 1002052146 ns, Reaching safepoint: 20442 ns, Cleanup: 29969 ns, At safepoint: 3147 ns, Total: 53558 ns
[2024-01-15T07:29:57.468+0000][7][safepoint   ] Safepoint "Cleanup", Time since last: 1001392341 ns, Reaching safepoint: 23989 ns, Cleanup: 17905 ns, At safepoint: 3190 ns, Total: 45084 ns
[2024-01-15T07:29:59.470+0000][7][safepoint   ] Safepoint "Cleanup", Time since last: 2001775892 ns, Reaching safepoint: 21958 ns, Cleanup: 17466 ns, At safepoint: 3833 ns, Total: 43257 ns
[2024-01-15T07:30:00.472+0000][7][safepoint   ] Safepoint "Cleanup", Time since last: 1001918453 ns, Reaching safepoint: 25040 ns, Cleanup: 14766 ns, At safepoint: 3215 ns, Total: 43021 ns
[2024-01-15T07:30:01.474+0000][7][safepoint   ] Safepoint "Cleanup", Time since last: 1001406334 ns, Reaching safepoint: 39446 ns, Cleanup: 22671 ns, At safepoint: 4616 ns, Total: 66733 ns
[2024-01-15T07:30:02.476+0000][7][safepoint   ] Safepoint "Cleanup", Time since last: 1002164666 ns, Reaching safepoint: 26857 ns, Cleanup: 23185 ns, At safepoint: 5112 ns, Total: 55154 ns
[2024-01-15T07:30:03.478+0000][7][safepoint   ] Safepoint "Cleanup", Time since last: 1001724414 ns, Reaching safepoint: 389657 ns, Cleanup: 41910 ns, At safepoint: 231355 ns, Total: 662922 ns
[2024-01-15T07:30:04.487+0000][7][safepoint   ] Safepoint "Cleanup", Time since last: 1008826195 ns, Reaching safepoint: 24945 ns, Cleanup: 9998 ns, At safepoint: 3559 ns, Total: 38502 ns
[2024-01-15T07:30:05.500+0000][7][safepoint   ] Safepoint "Cleanup", Time since last: 1011964000 ns, Reaching safepoint: 300764 ns, Cleanup: 65514 ns, At safepoint: 127255 ns, Total: 493533 ns
[2024-01-15T07:30:06.502+0000][7][safepoint   ] Safepoint "Cleanup", Time since last: 1001854848 ns, Reaching safepoint: 29180 ns, Cleanup: 17709 ns, At safepoint: 5874 ns, Total: 52763 ns
[2024-01-15T07:30:07.504+0000][7][safepoint   ] Safepoint "Cleanup", Time since last: 1001912812 ns, Reaching safepoint: 32025 ns, Cleanup: 28931 ns, At safepoint: 28013 ns, Total: 88969 ns
[2024-01-15T07:30:09.509+0000][7][safepoint   ] Safepoint "Cleanup", Time since last: 2005592749 ns, Reaching safepoint: 23684 ns, Cleanup: 14555 ns, At safepoint: 4263 ns, Total: 42502 ns
[2024-01-15T07:30:10.512+0000][7][safepoint   ] Safepoint "Cleanup", Time since last: 1002244485 ns, Reaching safepoint: 30425 ns, Cleanup: 20691 ns, At safepoint: 4801 ns, Total: 55917 ns
[2024-01-15T07:30:11.514+0000][7][safepoint   ] Safepoint "Cleanup", Time since last: 1002133173 ns, Reaching safepoint: 26517 ns, Cleanup: 13114 ns, At safepoint: 3608 ns, Total: 43239 ns
[2024-01-15T07:30:14.432+0000][7][gc,start    ] GC(32) Pause Young (Mixed) (G1 Evacuation Pause)
[2024-01-15T07:30:14.433+0000][7][gc,task     ] GC(32) Using 8 workers of 8 for evacuation
[2024-01-15T07:30:14.434+0000][7][gc,age      ] GC(32) Desired survivor size 20971520 bytes, new threshold 15 (max threshold 15)
[2024-01-15T07:30:14.492+0000][7][gc,phases   ] GC(32)   Pre Evacuate Collection Set: 0.6ms
[2024-01-15T07:30:14.494+0000][7][gc,phases   ] GC(32)   Merge Heap Roots: 0.5ms
[2024-01-15T07:30:14.496+0000][7][gc,phases   ] GC(32)   Evacuate Collection Set: 52.9ms
[2024-01-15T07:30:14.497+0000][7][gc,phases   ] GC(32)   Post Evacuate Collection Set: 2.5ms
[2024-01-15T07:30:14.499+0000][7][gc,phases   ] GC(32)   Other: 2.5ms
[2024-01-15T07:30:14.500+0000][7][gc,age      ] GC(32) Age table with threshold 15 (max threshold 15)
[2024-01-15T07:30:14.502+0000][7][gc,age      ] GC(32) - age   1:    3029800 bytes,    3029800 total
[2024-01-15T07:30:14.503+0000][7][gc,age      ] GC(32) - age   2:    1124248 bytes,    4154048 total
[2024-01-15T07:30:14.504+0000][7][gc,age      ] GC(32) - age   3:     265536 bytes,    4419584 total
[2024-01-15T07:30:14.505+0000][7][gc,age      ] GC(32) - age   4:     216176 bytes,    4635760 total
[2024-01-15T07:30:14.507+0000][7][gc,age      ] GC(32) - age   5:    1085272 bytes,    5721032 total
[2024-01-15T07:30:14.508+0000][7][gc,age      ] GC(32) - age   6:     105488 bytes,    5826520 total
[2024-01-15T07:30:14.509+0000][7][gc,age      ] GC(32) - age   7:     142216 bytes,    5968736 total
[2024-01-15T07:30:14.510+0000][7][gc,age      ] GC(32) - age   8:    1642368 bytes,    7611104 total
[2024-01-15T07:30:14.511+0000][7][gc,age      ] GC(32) - age   9:     303728 bytes,    7914832 total
[2024-01-15T07:30:14.513+0000][7][gc,age      ] GC(32) - age  10:    1611576 bytes,    9526408 total
[2024-01-15T07:30:14.514+0000][7][gc,age      ] GC(32) - age  11:    5253328 bytes,   14779736 total
[2024-01-15T07:30:14.515+0000][7][gc,age      ] GC(32) - age  12:    4936504 bytes,   19716240 total
[2024-01-15T07:30:14.516+0000][7][gc,age      ] GC(32) - age  13:     190144 bytes,   19906384 total
[2024-01-15T07:30:14.517+0000][7][gc,heap     ] GC(32) Eden regions: 70->0(70)
[2024-01-15T07:30:14.518+0000][7][gc,heap     ] GC(32) Survivor regions: 6->6(10)
[2024-01-15T07:30:14.519+0000][7][gc,heap     ] GC(32) Old regions: 18->18
[2024-01-15T07:30:14.520+0000][7][gc,heap     ] GC(32) Humongous regions: 2->2
[2024-01-15T07:30:14.521+0000][7][gc,metaspace] GC(32) Metaspace: 122695K(126976K)->122695K(126976K) NonClass: 106213K(108672K)->106213K(108672K) Class: 16481K(18304K)->16481K(18304K)
[2024-01-15T07:30:14.523+0000][7][gc          ] GC(32) Pause Young (Mixed) (G1 Evacuation Pause) 380M->100M(512M) 90.815ms
[2024-01-15T07:30:14.524+0000][7][gc,cpu      ] GC(32) User=0.20s Sys=0.04s Real=0.10s
[2024-01-15T07:30:14.525+0000][7][safepoint   ] Safepoint "G1CollectForAllocation", Time since last: 2917925957 ns, Reaching safepoint: 29617 ns, Cleanup: 4755 ns, At safepoint: 93595116 ns, Total: 93629488 ns
[2024-01-15T07:30:15.527+0000][7][safepoint   ] Safepoint "Cleanup", Time since last: 1001467991 ns, Reaching safepoint: 228994 ns, Cleanup: 16253 ns, At safepoint: 151985 ns, Total: 397232 ns
[2024-01-15T07:30:20.530+0000][7][safepoint   ] Safepoint "Cleanup", Time since last: 5002874956 ns, Reaching safepoint: 20875 ns, Cleanup: 15046 ns, At safepoint: 3243 ns, Total: 39164 ns
[2024-01-15T07:30:21.531+0000][7][safepoint   ] Safepoint "Cleanup", Time since last: 1001321658 ns, Reaching safepoint: 19610 ns, Cleanup: 19782 ns, At safepoint: 2954 ns, Total: 42346 ns
[2024-01-15T07:30:22.535+0000][7][safepoint   ] Safepoint "Cleanup", Time since last: 1003160001 ns, Reaching safepoint: 26239 ns, Cleanup: 20454 ns, At safepoint: 4254 ns, Total: 50947 ns
[2024-01-15T07:30:23.537+0000][7][safepoint   ] Safepoint "Cleanup", Time since last: 1002472576 ns, Reaching safepoint: 32852 ns, Cleanup: 17369 ns, At safepoint: 5399 ns, Total: 55620 ns
[2024-01-15T07:30:24.540+0000][7][safepoint   ] Safepoint "Cleanup", Time since last: 1002527378 ns, Reaching safepoint: 23364 ns, Cleanup: 12914 ns, At safepoint: 3561 ns, Total: 39839 ns
[2024-01-15T07:30:25.543+0000][7][safepoint   ] Safepoint "Cleanup", Time since last: 1003193374 ns, Reaching safepoint: 30520 ns, Cleanup: 25836 ns, At safepoint: 5223 ns, Total: 61579 ns
[2024-01-15T07:30:26.553+0000][7][safepoint   ] Safepoint "Cleanup", Time since last: 1009807190 ns, Reaching safepoint: 48911 ns, Cleanup: 96325 ns, At safepoint: 37221 ns, Total: 182457 ns
[2024-01-15T07:30:27.555+0000][7][safepoint   ] Safepoint "Cleanup", Time since last: 1001665051 ns, Reaching safepoint: 21220 ns, Cleanup: 11773 ns, At safepoint: 2938 ns, Total: 35931 ns
[2024-01-15T07:30:29.557+0000][7][safepoint   ] Safepoint "Cleanup", Time since last: 2002121607 ns, Reaching safepoint: 20729 ns, Cleanup: 33648 ns, At safepoint: 4894 ns, Total: 59271 ns
[2024-01-15T07:30:30.559+0000][7][safepoint   ] Safepoint "Cleanup", Time since last: 1001211962 ns, Reaching safepoint: 24637 ns, Cleanup: 28388 ns, At safepoint: 4519 ns, Total: 57544 ns
[2024-01-15T07:30:31.561+0000][7][safepoint   ] Safepoint "Cleanup", Time since last: 1001916795 ns, Reaching safepoint: 20551 ns, Cleanup: 14759 ns, At safepoint: 3447 ns, Total: 38757 ns
[2024-01-15T07:30:32.574+0000][7][safepoint   ] Safepoint "Cleanup", Time since last: 1012915872 ns, Reaching safepoint: 27819 ns, Cleanup: 17545 ns, At safepoint: 62418 ns, Total: 107782 ns
[2024-01-15T07:30:33.576+0000][7][safepoint   ] Safepoint "Cleanup", Time since last: 1001607707 ns, Reaching safepoint: 258173 ns, Cleanup: 14315 ns, At safepoint: 161227 ns, Total: 433715 ns
[2024-01-15T07:30:35.578+0000][7][safepoint   ] Safepoint "Cleanup", Time since last: 2002337653 ns, Reaching safepoint: 34609 ns, Cleanup: 23511 ns, At safepoint: 5623 ns, Total: 63743 ns
[2024-01-15T07:30:36.580+0000][7][safepoint   ] Safepoint "Cleanup", Time since last: 1001564815 ns, Reaching safepoint: 44998 ns, Cleanup: 25496 ns, At safepoint: 5963 ns, Total: 76457 ns
[2024-01-15T07:30:38.583+0000][7][safepoint   ] Safepoint "Cleanup", Time since last: 2002918654 ns, Reaching safepoint: 23680 ns, Cleanup: 15522 ns, At safepoint: 4068 ns, Total: 43270 ns
[2024-01-15T07:30:44.477+0000][7][safepoint   ] Safepoint "Cleanup", Time since last: 5894671356 ns, Reaching safepoint: 18986 ns, Cleanup: 13332 ns, At safepoint: 2592 ns, Total: 34910 ns
[2024-01-15T07:30:45.479+0000][7][safepoint   ] Safepoint "Cleanup", Time since last: 1001302234 ns, Reaching safepoint: 17530 ns, Cleanup: 14839 ns, At safepoint: 2788 ns, Total: 35157 ns
[2024-01-15T07:30:46.480+0000][7][safepoint   ] Safepoint "Cleanup", Time since last: 1000962077 ns, Reaching safepoint: 116830 ns, Cleanup: 8507 ns, At safepoint: 27549 ns, Total: 152886 ns
[2024-01-15T07:30:47.482+0000][7][safepoint   ] Safepoint "Cleanup", Time since last: 1001565479 ns, Reaching safepoint: 22477 ns, Cleanup: 17580 ns, At safepoint: 2847 ns, Total: 42904 ns
[2024-01-15T07:30:49.483+0000][7][safepoint   ] Safepoint "Cleanup", Time since last: 2001780631 ns, Reaching safepoint: 23883 ns, Cleanup: 14304 ns, At safepoint: 3349 ns, Total: 41536 ns
[2024-01-15T07:30:50.486+0000][7][safepoint   ] Safepoint "Cleanup", Time since last: 1002506172 ns, Reaching safepoint: 19355 ns, Cleanup: 21973 ns, At safepoint: 2958 ns, Total: 44286 ns
[2024-01-15T07:30:52.487+0000][7][safepoint   ] Safepoint "Cleanup", Time since last: 2001333092 ns, Reaching safepoint: 21630 ns, Cleanup: 17495 ns, At safepoint: 3404 ns, Total: 42529 ns
[2024-01-15T07:30:53.490+0000][7][safepoint   ] Safepoint "Cleanup", Time since last: 1002941647 ns, Reaching safepoint: 27963 ns, Cleanup: 15657 ns, At safepoint: 5791 ns, Total: 49411 ns
[2024-01-15T07:30:54.492+0000][7][safepoint   ] Safepoint "Cleanup", Time since last: 1001580009 ns, Reaching safepoint: 25468 ns, Cleanup: 44812 ns, At safepoint: 9556 ns, Total: 79836 ns
[2024-01-15T07:30:56.494+0000][7][safepoint   ] Safepoint "Cleanup", Time since last: 2001774756 ns, Reaching safepoint: 20523 ns, Cleanup: 13277 ns, At safepoint: 2910 ns, Total: 36710 ns
[2024-01-15T07:30:57.495+0000][7][safepoint   ] Safepoint "Cleanup", Time since last: 1001272375 ns, Reaching safepoint: 395952 ns, Cleanup: 36705 ns, At safepoint: 54238 ns, Total: 486895 ns
[2024-01-15T07:31:00.498+0000][7][safepoint   ] Safepoint "Cleanup", Time since last: 3001929048 ns, Reaching safepoint: 41838 ns, Cleanup: 15702 ns, At safepoint: 39643 ns, Total: 97183 ns
[2024-01-15T07:31:01.021+0000][7][gc,start    ] GC(33) Pause Young (Concurrent Start) (G1 Evacuation Pause)
[2024-01-15T07:31:01.022+0000][7][gc,task     ] GC(33) Using 8 workers of 8 for evacuation
[2024-01-15T07:31:01.023+0000][7][gc,age      ] GC(33) Desired survivor size 20971520 bytes, new threshold 15 (max threshold 15)
[2024-01-15T07:31:01.075+0000][7][gc,phases   ] GC(33)   Pre Evacuate Collection Set: 0.5ms
[2024-01-15T07:31:01.076+0000][7][gc,phases   ] GC(33)   Merge Heap Roots: 0.2ms
[2024-01-15T07:31:01.077+0000][7][gc,phases   ] GC(33)   Evacuate Collection Set: 47.5ms
[2024-01-15T07:31:01.078+0000][7][gc,phases   ] GC(33)   Post Evacuate Collection Set: 2.3ms
[2024-01-15T07:31:01.079+0000][7][gc,phases   ] GC(33)   Other: 2.1ms
[2024-01-15T07:31:01.081+0000][7][gc,age      ] GC(33) Age table with threshold 15 (max threshold 15)
[2024-01-15T07:31:01.081+0000][7][gc,age      ] GC(33) - age   1:    6506840 bytes,    6506840 total
[2024-01-15T07:31:01.082+0000][7][gc,age      ] GC(33) - age   2:     592976 bytes,    7099816 total
[2024-01-15T07:31:01.084+0000][7][gc,age      ] GC(33) - age   3:     979144 bytes,    8078960 total
[2024-01-15T07:31:01.085+0000][7][gc,age      ] GC(33) - age   4:     265312 bytes,    8344272 total
[2024-01-15T07:31:01.086+0000][7][gc,age      ] GC(33) - age   5:     215552 bytes,    8559824 total
[2024-01-15T07:31:01.087+0000][7][gc,age      ] GC(33) - age   6:    1084368 bytes,    9644192 total
[2024-01-15T07:31:01.089+0000][7][gc,age      ] GC(33) - age   7:     105488 bytes,    9749680 total
[2024-01-15T07:31:01.090+0000][7][gc,age      ] GC(33) - age   8:     142088 bytes,    9891768 total
[2024-01-15T07:31:01.091+0000][7][gc,age      ] GC(33) - age   9:    1642160 bytes,   11533928 total
[2024-01-15T07:31:01.093+0000][7][gc,age      ] GC(33) - age  10:     299600 bytes,   11833528 total
[2024-01-15T07:31:01.094+0000][7][gc,age      ] GC(33) - age  11:    1608728 bytes,   13442256 total
[2024-01-15T07:31:01.095+0000][7][gc,age      ] GC(33) - age  12:    5237296 bytes,   18679552 total
[2024-01-15T07:31:01.096+0000][7][gc,age      ] GC(33) - age  13:    4936504 bytes,   23616056 total
[2024-01-15T07:31:01.097+0000][7][gc,age      ] GC(33) - age  14:     190144 bytes,   23806200 total
[2024-01-15T07:31:01.098+0000][7][gc,heap     ] GC(33) Eden regions: 70->0(69)
[2024-01-15T07:31:01.099+0000][7][gc,heap     ] GC(33) Survivor regions: 6->7(10)
[2024-01-15T07:31:01.100+0000][7][gc,heap     ] GC(33) Old regions: 18->18
[2024-01-15T07:31:01.100+0000][7][gc,heap     ] GC(33) Humongous regions: 2->2
[2024-01-15T07:31:01.101+0000][7][gc,metaspace] GC(33) Metaspace: 122864K(126976K)->122864K(126976K) NonClass: 106379K(108672K)->106379K(108672K) Class: 16484K(18304K)->16484K(18304K)
[2024-01-15T07:31:01.102+0000][7][gc          ] GC(33) Pause Young (Concurrent Start) (G1 Evacuation Pause) 380M->104M(512M) 81.049ms
[2024-01-15T07:31:01.103+0000][7][gc          ] GC(34) Concurrent Mark Cycle
[2024-01-15T07:31:01.104+0000][7][gc,marking  ] GC(34) Concurrent Scan Root Regions
[2024-01-15T07:31:01.103+0000][7][gc,cpu      ] GC(33) User=0.19s Sys=0.05s Real=0.08s
[2024-01-15T07:31:01.108+0000][7][safepoint   ] Safepoint "G1CollectForAllocation", Time since last: 523239013 ns, Reaching safepoint: 20245 ns, Cleanup: 27398 ns, At safepoint: 86246020 ns, Total: 86293663 ns
[2024-01-15T07:31:01.113+0000][7][gc,marking  ] GC(34) Concurrent Scan Root Regions 8.557ms
[2024-01-15T07:31:01.114+0000][7][gc,marking  ] GC(34) Concurrent Mark
[2024-01-15T07:31:01.115+0000][7][gc,marking  ] GC(34) Concurrent Mark From Roots
[2024-01-15T07:31:01.116+0000][7][gc,task     ] GC(34) Using 2 workers of 2 for marking
[2024-01-15T07:31:01.175+0000][7][gc,marking  ] GC(34) Concurrent Mark From Roots 59.207ms
[2024-01-15T07:31:01.176+0000][7][gc,marking  ] GC(34) Concurrent Preclean
[2024-01-15T07:31:01.177+0000][7][gc,marking  ] GC(34) Concurrent Preclean 1.124ms
[2024-01-15T07:31:01.178+0000][7][gc,start    ] GC(34) Pause Remark
[2024-01-15T07:31:01.204+0000][7][gc          ] GC(34) Pause Remark 105M->105M(512M) 25.796ms
[2024-01-15T07:31:01.205+0000][7][gc,cpu      ] GC(34) User=0.09s Sys=0.00s Real=0.03s
[2024-01-15T07:31:01.206+0000][7][safepoint   ] Safepoint "G1PauseRemark", Time since last: 70262766 ns, Reaching safepoint: 17998 ns, Cleanup: 3989 ns, At safepoint: 28538723 ns, Total: 28560710 ns
[2024-01-15T07:31:01.208+0000][7][gc,marking  ] GC(34) Concurrent Mark 93.968ms
[2024-01-15T07:31:01.210+0000][7][gc,marking  ] GC(34) Concurrent Rebuild Remembered Sets and Scrub Regions
[2024-01-15T07:31:01.242+0000][7][gc,marking  ] GC(34) Concurrent Rebuild Remembered Sets and Scrub Regions 32.077ms
[2024-01-15T07:31:01.243+0000][7][gc,start    ] GC(34) Pause Cleanup
[2024-01-15T07:31:01.245+0000][7][gc          ] GC(34) Pause Cleanup 105M->105M(512M) 1.401ms
[2024-01-15T07:31:01.246+0000][7][gc,cpu      ] GC(34) User=0.00s Sys=0.00s Real=0.01s
[2024-01-15T07:31:01.247+0000][7][safepoint   ] Safepoint "G1PauseCleanup", Time since last: 36829144 ns, Reaching safepoint: 16097 ns, Cleanup: 25764 ns, At safepoint: 4134757 ns, Total: 4176618 ns
[2024-01-15T07:31:01.249+0000][7][gc,marking  ] GC(34) Concurrent Clear Claimed Marks
[2024-01-15T07:31:01.250+0000][7][gc,marking  ] GC(34) Concurrent Clear Claimed Marks 1.311ms
[2024-01-15T07:31:01.252+0000][7][gc,marking  ] GC(34) Concurrent Cleanup for Next Mark
[2024-01-15T07:31:01.254+0000][7][gc,marking  ] GC(34) Concurrent Cleanup for Next Mark 2.002ms
[2024-01-15T07:31:01.255+0000][7][gc          ] GC(34) Concurrent Mark Cycle 151.744ms
[2024-01-15T07:31:02.249+0000][7][safepoint   ] Safepoint "Cleanup", Time since last: 1001867145 ns, Reaching safepoint: 37238 ns, Cleanup: 17341 ns, At safepoint: 5510 ns, Total: 60089 ns
[2024-01-15T07:31:03.251+0000][7][safepoint   ] Safepoint "Cleanup", Time since last: 1001290449 ns, Reaching safepoint: 40326 ns, Cleanup: 27367 ns, At safepoint: 5768 ns, Total: 73461 ns
[2024-01-15T07:31:06.253+0000][7][safepoint   ] Safepoint "Cleanup", Time since last: 3002185588 ns, Reaching safepoint: 20263 ns, Cleanup: 10956 ns, At safepoint: 3781 ns, Total: 35000 ns
[2024-01-15T07:31:08.255+0000][7][safepoint   ] Safepoint "Cleanup", Time since last: 2001727936 ns, Reaching safepoint: 17330 ns, Cleanup: 8415 ns, At safepoint: 2434 ns, Total: 28179 ns
[2024-01-15T07:31:09.256+0000][7][safepoint   ] Safepoint "Cleanup", Time since last: 1001348562 ns, Reaching safepoint: 28764 ns, Cleanup: 42845 ns, At safepoint: 11130 ns, Total: 82739 ns
[2024-01-15T07:31:10.258+0000][7][safepoint   ] Safepoint "Cleanup", Time since last: 1001708390 ns, Reaching safepoint: 23375 ns, Cleanup: 15646 ns, At safepoint: 4136 ns, Total: 43157 ns
[2024-01-15T07:31:11.260+0000][7][safepoint   ] Safepoint "Cleanup", Time since last: 1001675223 ns, Reaching safepoint: 165777 ns, Cleanup: 23412 ns, At safepoint: 46590 ns, Total: 235779 ns
[2024-01-15T07:31:12.262+0000][7][safepoint   ] Safepoint "Cleanup", Time since last: 1002288185 ns, Reaching safepoint: 22189 ns, Cleanup: 17077 ns, At safepoint: 3294 ns, Total: 42560 ns
[2024-01-15T07:31:13.264+0000][7][safepoint   ] Safepoint "Cleanup", Time since last: 1001920272 ns, Reaching safepoint: 30533 ns, Cleanup: 25866 ns, At safepoint: 7298 ns, Total: 63697 ns
[2024-01-15T07:31:14.271+0000][7][safepoint   ] Safepoint "Cleanup", Time since last: 1006697698 ns, Reaching safepoint: 71779 ns, Cleanup: 22668 ns, At safepoint: 8138 ns, Total: 102585 ns
[2024-01-15T07:31:16.273+0000][7][safepoint   ] Safepoint "Cleanup", Time since last: 2002484757 ns, Reaching safepoint: 22728 ns, Cleanup: 14303 ns, At safepoint: 3538 ns, Total: 40569 ns
[2024-01-15T07:31:19.276+0000][7][safepoint   ] Safepoint "Cleanup", Time since last: 3002634642 ns, Reaching safepoint: 22553 ns, Cleanup: 13410 ns, At safepoint: 4051 ns, Total: 40014 ns
[2024-01-15T07:31:25.281+0000][7][safepoint   ] Safepoint "Cleanup", Time since last: 6004450399 ns, Reaching safepoint: 21951 ns, Cleanup: 38317 ns, At safepoint: 3797 ns, Total: 64065 ns
[2024-01-15T07:31:26.283+0000][7][safepoint   ] Safepoint "Cleanup", Time since last: 1002067793 ns, Reaching safepoint: 29291 ns, Cleanup: 29160 ns, At safepoint: 4537 ns, Total: 62988 ns
[2024-01-15T07:31:27.285+0000][7][safepoint   ] Safepoint "Cleanup", Time since last: 1001594598 ns, Reaching safepoint: 835424 ns, Cleanup: 27794 ns, At safepoint: 60150 ns, Total: 923368 ns
[2024-01-15T07:31:29.289+0000][7][safepoint   ] Safepoint "Cleanup", Time since last: 2003983439 ns, Reaching safepoint: 85536 ns, Cleanup: 17128 ns, At safepoint: 5559 ns, Total: 108223 ns
[2024-01-15T07:31:30.304+0000][7][safepoint   ] Safepoint "Cleanup", Time since last: 1014665872 ns, Reaching safepoint: 22921 ns, Cleanup: 20727 ns, At safepoint: 3554 ns, Total: 47202 ns
[2024-01-15T07:31:31.306+0000][7][safepoint   ] Safepoint "Cleanup", Time since last: 1001873092 ns, Reaching safepoint: 48496 ns, Cleanup: 49318 ns, At safepoint: 10446 ns, Total: 108260 ns
[2024-01-15T07:31:32.308+0000][7][safepoint   ] Safepoint "Cleanup", Time since last: 1001995839 ns, Reaching safepoint: 31523 ns, Cleanup: 22638 ns, At safepoint: 4249 ns, Total: 58410 ns
[2024-01-15T07:31:33.310+0000][7][safepoint   ] Safepoint "Cleanup", Time since last: 1002146669 ns, Reaching safepoint: 24697 ns, Cleanup: 15386 ns, At safepoint: 4409 ns, Total: 44492 ns
[2024-01-15T07:31:35.312+0000][7][safepoint   ] Safepoint "Cleanup", Time since last: 2002018523 ns, Reaching safepoint: 52999 ns, Cleanup: 15602 ns, At safepoint: 6245 ns, Total: 74846 ns
[2024-01-15T07:31:36.314+0000][7][safepoint   ] Safepoint "Cleanup", Time since last: 1001831531 ns, Reaching safepoint: 26304 ns, Cleanup: 17378 ns, At safepoint: 3346 ns, Total: 47028 ns
[2024-01-15T07:31:36.321+0000][7][gc,start    ] GC(35) Pause Young (Prepare Mixed) (G1 Evacuation Pause)
[2024-01-15T07:31:36.322+0000][7][gc,task     ] GC(35) Using 8 workers of 8 for evacuation
[2024-01-15T07:31:36.323+0000][7][gc,age      ] GC(35) Desired survivor size 20971520 bytes, new threshold 13 (max threshold 15)
[2024-01-15T07:31:36.377+0000][7][gc,phases   ] GC(35)   Pre Evacuate Collection Set: 0.5ms
[2024-01-15T07:31:36.380+0000][7][gc,phases   ] GC(35)   Merge Heap Roots: 0.2ms
[2024-01-15T07:31:36.381+0000][7][gc,phases   ] GC(35)   Evacuate Collection Set: 47.4ms
[2024-01-15T07:31:36.382+0000][7][gc,phases   ] GC(35)   Post Evacuate Collection Set: 4.1ms
[2024-01-15T07:31:36.384+0000][7][gc,phases   ] GC(35)   Other: 2.5ms
[2024-01-15T07:31:36.385+0000][7][gc,age      ] GC(35) Age table with threshold 13 (max threshold 15)
[2024-01-15T07:31:36.388+0000][7][gc,age      ] GC(35) - age   1:    1994832 bytes,    1994832 total
[2024-01-15T07:31:36.390+0000][7][gc,age      ] GC(35) - age   2:     987456 bytes,    2982288 total
[2024-01-15T07:31:36.392+0000][7][gc,age      ] GC(35) - age   3:     444840 bytes,    3427128 total
[2024-01-15T07:31:36.394+0000][7][gc,age      ] GC(35) - age   4:     975768 bytes,    4402896 total
[2024-01-15T07:31:36.395+0000][7][gc,age      ] GC(35) - age   5:     225040 bytes,    4627936 total
[2024-01-15T07:31:36.397+0000][7][gc,age      ] GC(35) - age   6:     215456 bytes,    4843392 total
[2024-01-15T07:31:36.398+0000][7][gc,age      ] GC(35) - age   7:    1083936 bytes,    5927328 total
[2024-01-15T07:31:36.400+0000][7][gc,age      ] GC(35) - age   8:     105488 bytes,    6032816 total
[2024-01-15T07:31:36.401+0000][7][gc,age      ] GC(35) - age   9:     141960 bytes,    6174776 total
[2024-01-15T07:31:36.403+0000][7][gc,age      ] GC(35) - age  10:    1638208 bytes,    7812984 total
[2024-01-15T07:31:36.404+0000][7][gc,age      ] GC(35) - age  11:     299296 bytes,    8112280 total
[2024-01-15T07:31:36.406+0000][7][gc,age      ] GC(35) - age  12:    1606136 bytes,    9718416 total
[2024-01-15T07:31:36.412+0000][7][gc,age      ] GC(35) - age  13:    5237296 bytes,   14955712 total
[2024-01-15T07:31:36.413+0000][7][gc,heap     ] GC(35) Eden regions: 69->0(71)
[2024-01-15T07:31:36.415+0000][7][gc,heap     ] GC(35) Survivor regions: 7->5(10)
[2024-01-15T07:31:36.416+0000][7][gc,heap     ] GC(35) Old regions: 18->19
[2024-01-15T07:31:36.417+0000][7][gc,heap     ] GC(35) Humongous regions: 2->2
[2024-01-15T07:31:36.419+0000][7][gc,metaspace] GC(35) Metaspace: 122958K(127040K)->122958K(127040K) NonClass: 106479K(108736K)->106479K(108736K) Class: 16479K(18304K)->16479K(18304K)
[2024-01-15T07:31:36.420+0000][7][gc          ] GC(35) Pause Young (Prepare Mixed) (G1 Evacuation Pause) 380M->101M(512M) 99.254ms
[2024-01-15T07:31:36.421+0000][7][gc,cpu      ] GC(35) User=0.17s Sys=0.03s Real=0.10s
[2024-01-15T07:31:36.423+0000][7][safepoint   ] Safepoint "G1CollectForAllocation", Time since last: 6185917 ns, Reaching safepoint: 20389 ns, Cleanup: 5100 ns, At safepoint: 102300668 ns, Total: 102326157 ns
[2024-01-15T07:31:37.425+0000][7][safepoint   ] Safepoint "Cleanup", Time since last: 1002069770 ns, Reaching safepoint: 22409 ns, Cleanup: 14798 ns, At safepoint: 4203 ns, Total: 41410 ns
[2024-01-15T07:31:38.427+0000][7][safepoint   ] Safepoint "Cleanup", Time since last: 1001910705 ns, Reaching safepoint: 27892 ns, Cleanup: 13400 ns, At safepoint: 4059 ns, Total: 45351 ns
[2024-01-15T07:31:39.429+0000][7][safepoint   ] Safepoint "Cleanup", Time since last: 1002395678 ns, Reaching safepoint: 86029 ns, Cleanup: 19954 ns, At safepoint: 22242 ns, Total: 128225 ns
[2024-01-15T07:31:40.437+0000][7][safepoint   ] Safepoint "Cleanup", Time since last: 1007307342 ns, Reaching safepoint: 27257 ns, Cleanup: 21976 ns, At safepoint: 3304 ns, Total: 52537 ns
[2024-01-15T07:31:48.535+0000][7][safepoint   ] Safepoint "Cleanup", Time since last: 8098172006 ns, Reaching safepoint: 27043 ns, Cleanup: 14438 ns, At safepoint: 3631 ns, Total: 45112 ns
[2024-01-15T07:31:51.537+0000][7][safepoint   ] Safepoint "Cleanup", Time since last: 3002380140 ns, Reaching safepoint: 22546 ns, Cleanup: 23364 ns, At safepoint: 2921 ns, Total: 48831 ns
[2024-01-15T07:31:53.539+0000][7][safepoint   ] Safepoint "Cleanup", Time since last: 2001765713 ns, Reaching safepoint: 29322 ns, Cleanup: 24751 ns, At safepoint: 5193 ns, Total: 59266 ns
[2024-01-15T07:31:54.541+0000][7][safepoint   ] Safepoint "Cleanup", Time since last: 1002086796 ns, Reaching safepoint: 33156 ns, Cleanup: 19866 ns, At safepoint: 3629 ns, Total: 56651 ns
[2024-01-15T07:31:56.543+0000][7][safepoint   ] Safepoint "Cleanup", Time since last: 2001732592 ns, Reaching safepoint: 26452 ns, Cleanup: 17476 ns, At safepoint: 2944 ns, Total: 46872 ns
[2024-01-15T07:31:57.545+0000][7][safepoint   ] Safepoint "Cleanup", Time since last: 1001319023 ns, Reaching safepoint: 23531 ns, Cleanup: 14885 ns, At safepoint: 3352 ns, Total: 41768 ns
[2024-01-15T07:31:58.546+0000][7][safepoint   ] Safepoint "Cleanup", Time since last: 1001520341 ns, Reaching safepoint: 52095 ns, Cleanup: 14683 ns, At safepoint: 7194 ns, Total: 73972 ns
[2024-01-15T07:31:59.548+0000][7][safepoint   ] Safepoint "Cleanup", Time since last: 1001726592 ns, Reaching safepoint: 32525 ns, Cleanup: 15536 ns, At safepoint: 4121 ns, Total: 52182 ns
[2024-01-15T07:32:00.551+0000][7][safepoint   ] Safepoint "Cleanup", Time since last: 1002185010 ns, Reaching safepoint: 30940 ns, Cleanup: 15216 ns, At safepoint: 285705 ns, Total: 331861 ns
[2024-01-15T07:32:01.553+0000][7][safepoint   ] Safepoint "Cleanup", Time since last: 1001437618 ns, Reaching safepoint: 258911 ns, Cleanup: 26376 ns, At safepoint: 130108 ns, Total: 415395 ns
[2024-01-15T07:32:02.555+0000][7][safepoint   ] Safepoint "Cleanup", Time since last: 1002403608 ns, Reaching safepoint: 19544 ns, Cleanup: 16054 ns, At safepoint: 3717 ns, Total: 39315 ns
[2024-01-15T07:32:03.556+0000][7][safepoint   ] Safepoint "Cleanup", Time since last: 1001280160 ns, Reaching safepoint: 28012 ns, Cleanup: 16550 ns, At safepoint: 4101 ns, Total: 48663 ns
[2024-01-15T07:32:04.559+0000][7][safepoint   ] Safepoint "Cleanup", Time since last: 1002315514 ns, Reaching safepoint: 29469 ns, Cleanup: 26827 ns, At safepoint: 5705 ns, Total: 62001 ns
[2024-01-15T07:32:05.578+0000][7][safepoint   ] Safepoint "Cleanup", Time since last: 1019603520 ns, Reaching safepoint: 22192 ns, Cleanup: 13656 ns, At safepoint: 3803 ns, Total: 39651 ns
[2024-01-15T07:32:07.581+0000][7][safepoint   ] Safepoint "Cleanup", Time since last: 2002226570 ns, Reaching safepoint: 27962 ns, Cleanup: 20170 ns, At safepoint: 5568 ns, Total: 53700 ns
[2024-01-15T07:32:08.584+0000][7][safepoint   ] Safepoint "Cleanup", Time since last: 1002711387 ns, Reaching safepoint: 28460 ns, Cleanup: 16457 ns, At safepoint: 4595 ns, Total: 49512 ns
[2024-01-15T07:32:09.589+0000][7][safepoint   ] Safepoint "Cleanup", Time since last: 1004935272 ns, Reaching safepoint: 24841 ns, Cleanup: 16157 ns, At safepoint: 4359 ns, Total: 45357 ns
[2024-01-15T07:32:10.590+0000][7][safepoint   ] Safepoint "Cleanup", Time since last: 1001312513 ns, Reaching safepoint: 21808 ns, Cleanup: 14547 ns, At safepoint: 3707 ns, Total: 40062 ns
[2024-01-15T07:32:10.861+0000][7][gc,start    ] GC(36) Pause Young (Mixed) (G1 Evacuation Pause)
[2024-01-15T07:32:10.863+0000][7][gc,task     ] GC(36) Using 8 workers of 8 for evacuation
[2024-01-15T07:32:10.864+0000][7][gc,age      ] GC(36) Desired survivor size 20971520 bytes, new threshold 15 (max threshold 15)
[2024-01-15T07:32:10.929+0000][7][gc,phases   ] GC(36)   Pre Evacuate Collection Set: 0.6ms
[2024-01-15T07:32:10.931+0000][7][gc,phases   ] GC(36)   Merge Heap Roots: 0.5ms
[2024-01-15T07:32:10.932+0000][7][gc,phases   ] GC(36)   Evacuate Collection Set: 60.2ms
[2024-01-15T07:32:10.934+0000][7][gc,phases   ] GC(36)   Post Evacuate Collection Set: 2.5ms
[2024-01-15T07:32:10.935+0000][7][gc,phases   ] GC(36)   Other: 2.9ms
[2024-01-15T07:32:10.937+0000][7][gc,age      ] GC(36) Age table with threshold 15 (max threshold 15)
[2024-01-15T07:32:10.938+0000][7][gc,age      ] GC(36) - age   1:    3207048 bytes,    3207048 total
[2024-01-15T07:32:10.940+0000][7][gc,age      ] GC(36) - age   2:     241008 bytes,    3448056 total
[2024-01-15T07:32:10.942+0000][7][gc,age      ] GC(36) - age   3:     963128 bytes,    4411184 total
[2024-01-15T07:32:10.943+0000][7][gc,age      ] GC(36) - age   4:     443400 bytes,    4854584 total
[2024-01-15T07:32:10.945+0000][7][gc,age      ] GC(36) - age   5:     973776 bytes,    5828360 total
[2024-01-15T07:32:10.946+0000][7][gc,age      ] GC(36) - age   6:     118968 bytes,    5947328 total
[2024-01-15T07:32:10.947+0000][7][gc,age      ] GC(36) - age   7:     214648 bytes,    6161976 total
[2024-01-15T07:32:10.949+0000][7][gc,age      ] GC(36) - age   8:    1083936 bytes,    7245912 total
[2024-01-15T07:32:10.950+0000][7][gc,age      ] GC(36) - age   9:     105488 bytes,    7351400 total
[2024-01-15T07:32:10.951+0000][7][gc,age      ] GC(36) - age  10:     141928 bytes,    7493328 total
[2024-01-15T07:32:10.953+0000][7][gc,age      ] GC(36) - age  11:    1638096 bytes,    9131424 total
[2024-01-15T07:32:10.954+0000][7][gc,age      ] GC(36) - age  12:     299296 bytes,    9430720 total
[2024-01-15T07:32:10.955+0000][7][gc,age      ] GC(36) - age  13:    1606136 bytes,   11036856 total
[2024-01-15T07:32:10.957+0000][7][gc,age      ] GC(36) - age  14:    5237184 bytes,   16274040 total
[2024-01-15T07:32:10.958+0000][7][gc,heap     ] GC(36) Eden regions: 71->0(71)
[2024-01-15T07:32:10.959+0000][7][gc,heap     ] GC(36) Survivor regions: 5->5(10)
[2024-01-15T07:32:10.960+0000][7][gc,heap     ] GC(36) Old regions: 19->19
[2024-01-15T07:32:10.963+0000][7][gc,heap     ] GC(36) Humongous regions: 2->2
[2024-01-15T07:32:10.964+0000][7][gc,metaspace] GC(36) Metaspace: 123180K(127104K)->123180K(127104K) NonClass: 106664K(108800K)->106664K(108800K) Class: 16515K(18304K)->16515K(18304K)
[2024-01-15T07:32:10.965+0000][7][gc          ] GC(36) Pause Young (Mixed) (G1 Evacuation Pause) 385M->101M(512M) 104.496ms
[2024-01-15T07:32:10.966+0000][7][gc,cpu      ] GC(36) User=0.23s Sys=0.02s Real=0.11s
[2024-01-15T07:32:10.968+0000][7][safepoint   ] Safepoint "G1CollectForAllocation", Time since last: 270702305 ns, Reaching safepoint: 36237 ns, Cleanup: 20111 ns, At safepoint: 107111966 ns, Total: 107168314 ns
[2024-01-15T07:32:13.969+0000][7][safepoint   ] Safepoint "Cleanup", Time since last: 3001598860 ns, Reaching safepoint: 22752 ns, Cleanup: 12020 ns, At safepoint: 3514 ns, Total: 38286 ns
[2024-01-15T07:32:14.972+0000][7][safepoint   ] Safepoint "Cleanup", Time since last: 1002100191 ns, Reaching safepoint: 21097 ns, Cleanup: 14961 ns, At safepoint: 36899 ns, Total: 72957 ns
[2024-01-15T07:32:18.974+0000][7][safepoint   ] Safepoint "Cleanup", Time since last: 4002500863 ns, Reaching safepoint: 204611 ns, Cleanup: 20607 ns, At safepoint: 48075 ns, Total: 273293 ns
[2024-01-15T07:32:20.166+0000][7][safepoint   ] Safepoint "Cleanup", Time since last: 1192084709 ns, Reaching safepoint: 21021 ns, Cleanup: 29734 ns, At safepoint: 3644 ns, Total: 54399 ns
[2024-01-15T07:32:21.168+0000][7][safepoint   ] Safepoint "Cleanup", Time since last: 1001745768 ns, Reaching safepoint: 22232 ns, Cleanup: 19872 ns, At safepoint: 3378 ns, Total: 45482 ns
[2024-01-15T07:32:23.170+0000][7][safepoint   ] Safepoint "Cleanup", Time since last: 2001390049 ns, Reaching safepoint: 22154 ns, Cleanup: 15900 ns, At safepoint: 3459 ns, Total: 41513 ns
[2024-01-15T07:32:24.171+0000][7][safepoint   ] Safepoint "Cleanup", Time since last: 1001671247 ns, Reaching safepoint: 19408 ns, Cleanup: 12656 ns, At safepoint: 2728 ns, Total: 34792 ns
[2024-01-15T07:32:25.173+0000][7][safepoint   ] Safepoint "Cleanup", Time since last: 1001862350 ns, Reaching safepoint: 17922 ns, Cleanup: 15401 ns, At safepoint: 2578 ns, Total: 35901 ns
[2024-01-15T07:32:27.175+0000][7][safepoint   ] Safepoint "Cleanup", Time since last: 2001706885 ns, Reaching safepoint: 23593 ns, Cleanup: 12908 ns, At safepoint: 3079 ns, Total: 39580 ns
[2024-01-15T07:32:33.178+0000][7][safepoint   ] Safepoint "Cleanup", Time since last: 6002757825 ns, Reaching safepoint: 61384 ns, Cleanup: 18732 ns, At safepoint: 3509 ns, Total: 83625 ns
[2024-01-15T07:32:39.181+0000][7][safepoint   ] Safepoint "Cleanup", Time since last: 6002801646 ns, Reaching safepoint: 17599 ns, Cleanup: 9291 ns, At safepoint: 2514 ns, Total: 29404 ns
[2024-01-15T07:32:42.183+0000][7][safepoint   ] Safepoint "Cleanup", Time since last: 3001238202 ns, Reaching safepoint: 20085 ns, Cleanup: 31807 ns, At safepoint: 2956 ns, Total: 54848 ns
[2024-01-15T07:32:43.592+0000][7][safepoint   ] Safepoint "Cleanup", Time since last: 1409416250 ns, Reaching safepoint: 6021 ns, Cleanup: 38316 ns, At safepoint: 3009 ns, Total: 47346 ns
[2024-01-15T07:32:44.594+0000][7][safepoint   ] Safepoint "Cleanup", Time since last: 1002063797 ns, Reaching safepoint: 19344 ns, Cleanup: 11380 ns, At safepoint: 4145 ns, Total: 34869 ns
[2024-01-15T07:32:45.595+0000][7][safepoint   ] Safepoint "Cleanup", Time since last: 1000999572 ns, Reaching safepoint: 19545 ns, Cleanup: 9464 ns, At safepoint: 3078 ns, Total: 32087 ns
[2024-01-15T07:32:46.596+0000][7][safepoint   ] Safepoint "Cleanup", Time since last: 1000988386 ns, Reaching safepoint: 51006 ns, Cleanup: 18012 ns, At safepoint: 3041 ns, Total: 72059 ns
[2024-01-15T07:32:48.598+0000][7][safepoint   ] Safepoint "Cleanup", Time since last: 2001491252 ns, Reaching safepoint: 18929 ns, Cleanup: 9849 ns, At safepoint: 2151 ns, Total: 30929 ns
[2024-01-15T07:32:49.599+0000][7][safepoint   ] Safepoint "Cleanup", Time since last: 1001526717 ns, Reaching safepoint: 21919 ns, Cleanup: 11787 ns, At safepoint: 2989 ns, Total: 36695 ns
[2024-01-15T07:32:50.601+0000][7][safepoint   ] Safepoint "Cleanup", Time since last: 1001997398 ns, Reaching safepoint: 24577 ns, Cleanup: 25671 ns, At safepoint: 5601 ns, Total: 55849 ns
[2024-01-15T07:32:53.604+0000][7][safepoint   ] Safepoint "Cleanup", Time since last: 3002754853 ns, Reaching safepoint: 21152 ns, Cleanup: 15461 ns, At safepoint: 2829 ns, Total: 39442 ns
[2024-01-15T07:32:54.606+0000][7][safepoint   ] Safepoint "Cleanup", Time since last: 1001702653 ns, Reaching safepoint: 21181 ns, Cleanup: 13454 ns, At safepoint: 27798 ns, Total: 62433 ns
[2024-01-15T07:32:55.607+0000][7][safepoint   ] Safepoint "Cleanup", Time since last: 1001185498 ns, Reaching safepoint: 19140 ns, Cleanup: 10694 ns, At safepoint: 2495 ns, Total: 32329 ns
[2024-01-15T07:32:56.608+0000][7][safepoint   ] Safepoint "Cleanup", Time since last: 1001311930 ns, Reaching safepoint: 21361 ns, Cleanup: 20391 ns, At safepoint: 2489 ns, Total: 44241 ns
[2024-01-15T07:32:58.610+0000][7][safepoint   ] Safepoint "Cleanup", Time since last: 2001501370 ns, Reaching safepoint: 21117 ns, Cleanup: 11625 ns, At safepoint: 2884 ns, Total: 35626 ns
[2024-01-15T07:32:59.612+0000][7][safepoint   ] Safepoint "Cleanup", Time since last: 1001551692 ns, Reaching safepoint: 23200 ns, Cleanup: 20016 ns, At safepoint: 2757 ns, Total: 45973 ns
[2024-01-15T07:33:00.516+0000][7][gc,start    ] GC(37) Pause Young (Concurrent Start) (G1 Evacuation Pause)
[2024-01-15T07:33:00.517+0000][7][gc,task     ] GC(37) Using 8 workers of 8 for evacuation
[2024-01-15T07:33:00.518+0000][7][gc,age      ] GC(37) Desired survivor size 20971520 bytes, new threshold 15 (max threshold 15)
[2024-01-15T07:33:00.552+0000][7][gc,phases   ] GC(37)   Pre Evacuate Collection Set: 0.5ms
[2024-01-15T07:33:00.553+0000][7][gc,phases   ] GC(37)   Merge Heap Roots: 0.3ms
[2024-01-15T07:33:00.554+0000][7][gc,phases   ] GC(37)   Evacuate Collection Set: 29.9ms
[2024-01-15T07:33:00.555+0000][7][gc,phases   ] GC(37)   Post Evacuate Collection Set: 1.7ms
[2024-01-15T07:33:00.556+0000][7][gc,phases   ] GC(37)   Other: 2.4ms
[2024-01-15T07:33:00.557+0000][7][gc,age      ] GC(37) Age table with threshold 15 (max threshold 15)
[2024-01-15T07:33:00.558+0000][7][gc,age      ] GC(37) - age   1:    5756512 bytes,    5756512 total
[2024-01-15T07:33:00.558+0000][7][gc,age      ] GC(37) - age   2:     225520 bytes,    5982032 total
[2024-01-15T07:33:00.559+0000][7][gc,age      ] GC(37) - age   3:     102624 bytes,    6084656 total
[2024-01-15T07:33:00.560+0000][7][gc,age      ] GC(37) - age   4:     960696 bytes,    7045352 total
[2024-01-15T07:33:00.561+0000][7][gc,age      ] GC(37) - age   5:     422376 bytes,    7467728 total
[2024-01-15T07:33:00.561+0000][7][gc,age      ] GC(37) - age   6:     972080 bytes,    8439808 total
[2024-01-15T07:33:00.562+0000][7][gc,age      ] GC(37) - age   7:     118712 bytes,    8558520 total
[2024-01-15T07:33:00.563+0000][7][gc,age      ] GC(37) - age   8:     214648 bytes,    8773168 total
[2024-01-15T07:33:00.564+0000][7][gc,age      ] GC(37) - age   9:    1070928 bytes,    9844096 total
[2024-01-15T07:33:00.565+0000][7][gc,age      ] GC(37) - age  10:     105408 bytes,    9949504 total
[2024-01-15T07:33:00.565+0000][7][gc,age      ] GC(37) - age  11:     141928 bytes,   10091432 total
[2024-01-15T07:33:00.566+0000][7][gc,age      ] GC(37) - age  12:    1638016 bytes,   11729448 total
[2024-01-15T07:33:00.567+0000][7][gc,age      ] GC(37) - age  13:     299160 bytes,   12028608 total
[2024-01-15T07:33:00.568+0000][7][gc,age      ] GC(37) - age  14:    1605512 bytes,   13634120 total
[2024-01-15T07:33:00.569+0000][7][gc,age      ] GC(37) - age  15:    5234952 bytes,   18869072 total
[2024-01-15T07:33:00.570+0000][7][gc,heap     ] GC(37) Eden regions: 71->0(71)
[2024-01-15T07:33:00.570+0000][7][gc,heap     ] GC(37) Survivor regions: 5->5(10)
[2024-01-15T07:33:00.571+0000][7][gc,heap     ] GC(37) Old regions: 19->19
[2024-01-15T07:33:00.572+0000][7][gc,heap     ] GC(37) Humongous regions: 2->2
[2024-01-15T07:33:00.573+0000][7][gc,metaspace] GC(37) Metaspace: 123957K(127296K)->123957K(127296K) NonClass: 107313K(108992K)->107313K(108992K) Class: 16644K(18304K)->16644K(18304K)
[2024-01-15T07:33:00.575+0000][7][gc          ] GC(37) Pause Young (Concurrent Start) (G1 Evacuation Pause) 385M->103M(512M) 58.598ms
[2024-01-15T07:33:00.576+0000][7][gc,cpu      ] GC(37) User=0.11s Sys=0.01s Real=0.06s
[2024-01-15T07:33:00.576+0000][7][gc          ] GC(38) Concurrent Mark Cycle
[2024-01-15T07:33:00.578+0000][7][gc,marking  ] GC(38) Concurrent Scan Root Regions
[2024-01-15T07:33:00.577+0000][7][safepoint   ] Safepoint "G1CollectForAllocation", Time since last: 903930932 ns, Reaching safepoint: 25121 ns, Cleanup: 37071 ns, At safepoint: 60887247 ns, Total: 60949439 ns
[2024-01-15T07:33:00.588+0000][7][gc,marking  ] GC(38) Concurrent Scan Root Regions 10.644ms
[2024-01-15T07:33:00.589+0000][7][gc,marking  ] GC(38) Concurrent Mark
[2024-01-15T07:33:00.590+0000][7][gc,marking  ] GC(38) Concurrent Mark From Roots
[2024-01-15T07:33:00.591+0000][7][gc,task     ] GC(38) Using 2 workers of 2 for marking
[2024-01-15T07:33:00.656+0000][7][gc,marking  ] GC(38) Concurrent Mark From Roots 65.524ms
[2024-01-15T07:33:00.657+0000][7][gc,marking  ] GC(38) Concurrent Preclean
[2024-01-15T07:33:00.659+0000][7][gc,marking  ] GC(38) Concurrent Preclean 1.691ms
[2024-01-15T07:33:00.661+0000][7][gc,start    ] GC(38) Pause Remark
[2024-01-15T07:33:00.726+0000][7][gc          ] GC(38) Pause Remark 111M->111M(512M) 65.221ms
[2024-01-15T07:33:00.727+0000][7][gc,cpu      ] GC(38) User=0.15s Sys=0.00s Real=0.07s
[2024-01-15T07:33:00.729+0000][7][safepoint   ] Safepoint "G1PauseRemark", Time since last: 83185020 ns, Reaching safepoint: 453375 ns, Cleanup: 71587 ns, At safepoint: 68496069 ns, Total: 69021031 ns
[2024-01-15T07:33:00.731+0000][7][gc,marking  ] GC(38) Concurrent Mark 141.868ms
[2024-01-15T07:33:00.733+0000][7][gc,marking  ] GC(38) Concurrent Rebuild Remembered Sets and Scrub Regions
[2024-01-15T07:33:00.794+0000][7][gc,marking  ] GC(38) Concurrent Rebuild Remembered Sets and Scrub Regions 60.910ms
[2024-01-15T07:33:00.795+0000][7][gc,start    ] GC(38) Pause Cleanup
[2024-01-15T07:33:00.797+0000][7][gc          ] GC(38) Pause Cleanup 111M->111M(512M) 1.926ms
[2024-01-15T07:33:00.799+0000][7][gc,cpu      ] GC(38) User=0.01s Sys=0.00s Real=0.01s
[2024-01-15T07:33:00.800+0000][7][safepoint   ] Safepoint "G1PauseCleanup", Time since last: 65989763 ns, Reaching safepoint: 114468 ns, Cleanup: 75610 ns, At safepoint: 4805520 ns, Total: 4995598 ns
[2024-01-15T07:33:00.802+0000][7][gc,marking  ] GC(38) Concurrent Clear Claimed Marks
[2024-01-15T07:33:00.805+0000][7][gc,marking  ] GC(38) Concurrent Clear Claimed Marks 3.459ms
[2024-01-15T07:33:00.807+0000][7][gc,marking  ] GC(38) Concurrent Cleanup for Next Mark
[2024-01-15T07:33:00.808+0000][7][gc,marking  ] GC(38) Concurrent Cleanup for Next Mark 1.506ms
[2024-01-15T07:33:00.809+0000][7][gc          ] GC(38) Concurrent Mark Cycle 233.268ms
[2024-01-15T07:33:01.802+0000][7][safepoint   ] Safepoint "Cleanup", Time since last: 1001806923 ns, Reaching safepoint: 31533 ns, Cleanup: 14124 ns, At safepoint: 3801 ns, Total: 49458 ns
[2024-01-15T07:33:02.804+0000][7][safepoint   ] Safepoint "Cleanup", Time since last: 1002355619 ns, Reaching safepoint: 19044 ns, Cleanup: 14479 ns, At safepoint: 2717 ns, Total: 36240 ns
[2024-01-15T07:33:03.806+0000][7][safepoint   ] Safepoint "Cleanup", Time since last: 1001350340 ns, Reaching safepoint: 20520 ns, Cleanup: 12379 ns, At safepoint: 2855 ns, Total: 35754 ns
[2024-01-15T07:33:05.808+0000][7][safepoint   ] Safepoint "Cleanup", Time since last: 2002074675 ns, Reaching safepoint: 22991 ns, Cleanup: 14839 ns, At safepoint: 3422 ns, Total: 41252 ns
[2024-01-15T07:33:08.810+0000][7][safepoint   ] Safepoint "Cleanup", Time since last: 3002436641 ns, Reaching safepoint: 19196 ns, Cleanup: 13515 ns, At safepoint: 3125 ns, Total: 35836 ns
[2024-01-15T07:33:10.812+0000][7][safepoint   ] Safepoint "Cleanup", Time since last: 2001467469 ns, Reaching safepoint: 18503 ns, Cleanup: 13915 ns, At safepoint: 2802 ns, Total: 35220 ns
[2024-01-15T07:33:11.813+0000][7][safepoint   ] Safepoint "Cleanup", Time since last: 1001436587 ns, Reaching safepoint: 18722 ns, Cleanup: 11967 ns, At safepoint: 2586 ns, Total: 33275 ns
[2024-01-15T07:33:14.817+0000][7][safepoint   ] Safepoint "Cleanup", Time since last: 3002628190 ns, Reaching safepoint: 841298 ns, Cleanup: 15501 ns, At safepoint: 86178 ns, Total: 942977 ns
[2024-01-15T07:33:16.818+0000][7][safepoint   ] Safepoint "Cleanup", Time since last: 2001451485 ns, Reaching safepoint: 19725 ns, Cleanup: 11423 ns, At safepoint: 2798 ns, Total: 33946 ns
[2024-01-15T07:33:25.822+0000][7][safepoint   ] Safepoint "Cleanup", Time since last: 9003842091 ns, Reaching safepoint: 19017 ns, Cleanup: 25987 ns, At safepoint: 2467 ns, Total: 47471 ns
[2024-01-15T07:33:26.824+0000][7][safepoint   ] Safepoint "Cleanup", Time since last: 1001513863 ns, Reaching safepoint: 21732 ns, Cleanup: 11882 ns, At safepoint: 2925 ns, Total: 36539 ns
[2024-01-15T07:33:36.829+0000][7][safepoint   ] Safepoint "Cleanup", Time since last: 10004382585 ns, Reaching safepoint: 20701 ns, Cleanup: 10930 ns, At safepoint: 2243 ns, Total: 33874 ns
[2024-01-15T07:33:38.830+0000][7][safepoint   ] Safepoint "Cleanup", Time since last: 2001607516 ns, Reaching safepoint: 22519 ns, Cleanup: 12328 ns, At safepoint: 27061 ns, Total: 61908 ns
[2024-01-15T07:33:39.832+0000][7][safepoint   ] Safepoint "Cleanup", Time since last: 1001391598 ns, Reaching safepoint: 25807 ns, Cleanup: 12723 ns, At safepoint: 4923 ns, Total: 43453 ns
[2024-01-15T07:33:41.834+0000][7][safepoint   ] Safepoint "Cleanup", Time since last: 2002175603 ns, Reaching safepoint: 20160 ns, Cleanup: 13853 ns, At safepoint: 2622 ns, Total: 36635 ns
[2024-01-15T07:33:50.646+0000][7][safepoint   ] Safepoint "Cleanup", Time since last: 8812019115 ns, Reaching safepoint: 70206 ns, Cleanup: 16864 ns, At safepoint: 27115 ns, Total: 114185 ns
[2024-01-15T07:33:56.492+0000][7][gc,start    ] GC(39) Pause Young (Normal) (G1 Evacuation Pause)
[2024-01-15T07:33:56.492+0000][7][gc,task     ] GC(39) Using 8 workers of 8 for evacuation
[2024-01-15T07:33:56.493+0000][7][gc,age      ] GC(39) Desired survivor size 20971520 bytes, new threshold 15 (max threshold 15)
[2024-01-15T07:33:56.519+0000][7][gc,phases   ] GC(39)   Pre Evacuate Collection Set: 0.4ms
[2024-01-15T07:33:56.520+0000][7][gc,phases   ] GC(39)   Merge Heap Roots: 0.1ms
[2024-01-15T07:33:56.521+0000][7][gc,phases   ] GC(39)   Evacuate Collection Set: 19.3ms
[2024-01-15T07:33:56.522+0000][7][gc,phases   ] GC(39)   Post Evacuate Collection Set: 5.1ms
[2024-01-15T07:33:56.523+0000][7][gc,phases   ] GC(39)   Other: 1.3ms
[2024-01-15T07:33:56.524+0000][7][gc,age      ] GC(39) Age table with threshold 15 (max threshold 15)
[2024-01-15T07:33:56.525+0000][7][gc,age      ] GC(39) - age   1:    1957640 bytes,    1957640 total
[2024-01-15T07:33:56.527+0000][7][gc,age      ] GC(39) - age   2:     620800 bytes,    2578440 total
[2024-01-15T07:33:56.528+0000][7][gc,age      ] GC(39) - age   3:     143800 bytes,    2722240 total
[2024-01-15T07:33:56.529+0000][7][gc,age      ] GC(39) - age   4:      87520 bytes,    2809760 total
[2024-01-15T07:33:56.530+0000][7][gc,age      ] GC(39) - age   5:     939512 bytes,    3749272 total
[2024-01-15T07:33:56.531+0000][7][gc,age      ] GC(39) - age   6:     355120 bytes,    4104392 total
[2024-01-15T07:33:56.532+0000][7][gc,age      ] GC(39) - age   7:     951640 bytes,    5056032 total
[2024-01-15T07:33:56.532+0000][7][gc,age      ] GC(39) - age   8:      74320 bytes,    5130352 total
[2024-01-15T07:33:56.533+0000][7][gc,age      ] GC(39) - age   9:     214648 bytes,    5345000 total
[2024-01-15T07:33:56.534+0000][7][gc,age      ] GC(39) - age  10:    1070856 bytes,    6415856 total
[2024-01-15T07:33:56.535+0000][7][gc,age      ] GC(39) - age  11:     105408 bytes,    6521264 total
[2024-01-15T07:33:56.536+0000][7][gc,age      ] GC(39) - age  12:     141928 bytes,    6663192 total
[2024-01-15T07:33:56.536+0000][7][gc,age      ] GC(39) - age  13:    1638016 bytes,    8301208 total
[2024-01-15T07:33:56.537+0000][7][gc,age      ] GC(39) - age  14:     299160 bytes,    8600368 total
[2024-01-15T07:33:56.539+0000][7][gc,age      ] GC(39) - age  15:    1605320 bytes,   10205688 total
[2024-01-15T07:33:56.540+0000][7][gc,heap     ] GC(39) Eden regions: 71->0(73)
[2024-01-15T07:33:56.541+0000][7][gc,heap     ] GC(39) Survivor regions: 5->3(10)
[2024-01-15T07:33:56.542+0000][7][gc,heap     ] GC(39) Old regions: 19->21
[2024-01-15T07:33:56.542+0000][7][gc,heap     ] GC(39) Humongous regions: 2->2
[2024-01-15T07:33:56.543+0000][7][gc,metaspace] GC(39) Metaspace: 124015K(127360K)->124015K(127360K) NonClass: 107373K(109056K)->107373K(109056K) Class: 16642K(18304K)->16642K(18304K)
[2024-01-15T07:33:56.544+0000][7][gc          ] GC(39) Pause Young (Normal) (G1 Evacuation Pause) 387M->100M(512M) 52.521ms
[2024-01-15T07:33:56.545+0000][7][gc,cpu      ] GC(39) User=0.08s Sys=0.02s Real=0.05s
[2024-01-15T07:33:56.546+0000][7][safepoint   ] Safepoint "G1CollectForAllocation", Time since last: 5845461567 ns, Reaching safepoint: 15706 ns, Cleanup: 3129 ns, At safepoint: 54295033 ns, Total: 54313868 ns
[2024-01-15T07:33:58.547+0000][7][safepoint   ] Safepoint "Cleanup", Time since last: 2001210508 ns, Reaching safepoint: 20768 ns, Cleanup: 13301 ns, At safepoint: 3063 ns, Total: 37132 ns
[2024-01-15T07:33:59.549+0000][7][safepoint   ] Safepoint "Cleanup", Time since last: 1001774329 ns, Reaching safepoint: 22960 ns, Cleanup: 14409 ns, At safepoint: 4096 ns, Total: 41465 ns
[2024-01-15T07:34:00.551+0000][7][safepoint   ] Safepoint "Cleanup", Time since last: 1002228921 ns, Reaching safepoint: 19595 ns, Cleanup: 10861 ns, At safepoint: 2764 ns, Total: 33220 ns
[2024-01-15T07:34:02.553+0000][7][safepoint   ] Safepoint "Cleanup", Time since last: 2001493945 ns, Reaching safepoint: 37118 ns, Cleanup: 11145 ns, At safepoint: 2683 ns, Total: 50946 ns
[2024-01-15T07:34:03.554+0000][7][safepoint   ] Safepoint "Cleanup", Time since last: 1001104385 ns, Reaching safepoint: 18911 ns, Cleanup: 14399 ns, At safepoint: 2664 ns, Total: 35974 ns
[2024-01-15T07:34:08.556+0000][7][safepoint   ] Safepoint "Cleanup", Time since last: 5002041423 ns, Reaching safepoint: 17661 ns, Cleanup: 8993 ns, At safepoint: 3396 ns, Total: 30050 ns
[2024-01-15T07:34:09.560+0000][7][safepoint   ] Safepoint "Cleanup", Time since last: 1003213844 ns, Reaching safepoint: 19619 ns, Cleanup: 14427 ns, At safepoint: 3464 ns, Total: 37510 ns
[2024-01-15T07:34:10.561+0000][7][safepoint   ] Safepoint "Cleanup", Time since last: 1001499134 ns, Reaching safepoint: 20085 ns, Cleanup: 11688 ns, At safepoint: 3329 ns, Total: 35102 ns
[2024-01-15T07:34:11.563+0000][7][safepoint   ] Safepoint "Cleanup", Time since last: 1001826427 ns, Reaching safepoint: 19409 ns, Cleanup: 10892 ns, At safepoint: 2673 ns, Total: 32974 ns
[2024-01-15T07:34:14.565+0000][7][safepoint   ] Safepoint "Cleanup", Time since last: 3002141037 ns, Reaching safepoint: 18643 ns, Cleanup: 8943 ns, At safepoint: 2439 ns, Total: 30025 ns
[2024-01-15T07:34:15.566+0000][7][safepoint   ] Safepoint "Cleanup", Time since last: 1001319233 ns, Reaching safepoint: 19293 ns, Cleanup: 11772 ns, At safepoint: 2946 ns, Total: 34011 ns
[2024-01-15T07:34:20.568+0000][7][safepoint   ] Safepoint "Cleanup", Time since last: 5001691159 ns, Reaching safepoint: 24507 ns, Cleanup: 14685 ns, At safepoint: 4313 ns, Total: 43505 ns
[2024-01-15T07:34:21.570+0000][7][safepoint   ] Safepoint "Cleanup", Time since last: 1001972410 ns, Reaching safepoint: 20642 ns, Cleanup: 51750 ns, At safepoint: 3846 ns, Total: 76238 ns
[2024-01-15T07:34:22.572+0000][7][safepoint   ] Safepoint "Cleanup", Time since last: 1002130159 ns, Reaching safepoint: 17894 ns, Cleanup: 14508 ns, At safepoint: 2758 ns, Total: 35160 ns
[2024-01-15T07:34:24.574+0000][7][safepoint   ] Safepoint "Cleanup", Time since last: 2001893397 ns, Reaching safepoint: 18576 ns, Cleanup: 10784 ns, At safepoint: 3002 ns, Total: 32362 ns
[2024-01-15T07:34:25.576+0000][7][safepoint   ] Safepoint "Cleanup", Time since last: 1001324409 ns, Reaching safepoint: 21029 ns, Cleanup: 18406 ns, At safepoint: 2892 ns, Total: 42327 ns
[2024-01-15T07:34:26.577+0000][7][safepoint   ] Safepoint "Cleanup", Time since last: 1001709420 ns, Reaching safepoint: 21559 ns, Cleanup: 28555 ns, At safepoint: 2940 ns, Total: 53054 ns
[2024-01-15T07:34:29.580+0000][7][safepoint   ] Safepoint "Cleanup", Time since last: 3002780407 ns, Reaching safepoint: 19020 ns, Cleanup: 13967 ns, At safepoint: 2937 ns, Total: 35924 ns
[2024-01-15T07:34:32.584+0000][7][safepoint   ] Safepoint "Cleanup", Time since last: 3002744900 ns, Reaching safepoint: 242776 ns, Cleanup: 12551 ns, At safepoint: 152541 ns, Total: 407868 ns
[2024-01-15T07:34:33.586+0000][7][safepoint   ] Safepoint "Cleanup", Time since last: 1001618200 ns, Reaching safepoint: 155503 ns, Cleanup: 13216 ns, At safepoint: 46827 ns, Total: 215546 ns
[2024-01-15T07:34:41.588+0000][7][safepoint   ] Safepoint "Cleanup", Time since last: 8002677017 ns, Reaching safepoint: 19349 ns, Cleanup: 13686 ns, At safepoint: 2722 ns, Total: 35757 ns
[2024-01-15T07:34:44.697+0000][7][safepoint   ] Safepoint "Cleanup", Time since last: 3108763787 ns, Reaching safepoint: 19108 ns, Cleanup: 10761 ns, At safepoint: 2734 ns, Total: 32603 ns
[2024-01-15T07:34:45.699+0000][7][safepoint   ] Safepoint "Cleanup", Time since last: 1001533407 ns, Reaching safepoint: 24531 ns, Cleanup: 12349 ns, At safepoint: 3409 ns, Total: 40289 ns
[2024-01-15T07:34:50.701+0000][7][safepoint   ] Safepoint "Cleanup", Time since last: 5002578854 ns, Reaching safepoint: 14175 ns, Cleanup: 9749 ns, At safepoint: 2393 ns, Total: 26317 ns
[2024-01-15T07:35:00.409+0000][7][gc,start    ] GC(40) Pause Young (Concurrent Start) (G1 Evacuation Pause)
[2024-01-15T07:35:00.411+0000][7][gc,task     ] GC(40) Using 8 workers of 8 for evacuation
[2024-01-15T07:35:00.412+0000][7][gc,age      ] GC(40) Desired survivor size 20971520 bytes, new threshold 15 (max threshold 15)
[2024-01-15T07:35:00.434+0000][7][gc,phases   ] GC(40)   Pre Evacuate Collection Set: 0.8ms
[2024-01-15T07:35:00.435+0000][7][gc,phases   ] GC(40)   Merge Heap Roots: 0.3ms
[2024-01-15T07:35:00.436+0000][7][gc,phases   ] GC(40)   Evacuate Collection Set: 17.5ms
[2024-01-15T07:35:00.437+0000][7][gc,phases   ] GC(40)   Post Evacuate Collection Set: 1.4ms
[2024-01-15T07:35:00.438+0000][7][gc,phases   ] GC(40)   Other: 3.0ms
[2024-01-15T07:35:00.439+0000][7][gc,age      ] GC(40) Age table with threshold 15 (max threshold 15)
[2024-01-15T07:35:00.440+0000][7][gc,age      ] GC(40) - age   1:    5391376 bytes,    5391376 total
[2024-01-15T07:35:00.441+0000][7][gc,age      ] GC(40) - age   2:     520736 bytes,    5912112 total
[2024-01-15T07:35:00.443+0000][7][gc,age      ] GC(40) - age   3:     341912 bytes,    6254024 total
[2024-01-15T07:35:00.444+0000][7][gc,age      ] GC(40) - age   4:     142104 bytes,    6396128 total
[2024-01-15T07:35:00.445+0000][7][gc,age      ] GC(40) - age   5:      87008 bytes,    6483136 total
[2024-01-15T07:35:00.446+0000][7][gc,age      ] GC(40) - age   6:     938488 bytes,    7421624 total
[2024-01-15T07:35:00.447+0000][7][gc,age      ] GC(40) - age   7:     354256 bytes,    7775880 total
[2024-01-15T07:35:00.448+0000][7][gc,age      ] GC(40) - age   8:     932224 bytes,    8708104 total
[2024-01-15T07:35:00.449+0000][7][gc,age      ] GC(40) - age   9:      74224 bytes,    8782328 total
[2024-01-15T07:35:00.450+0000][7][gc,age      ] GC(40) - age  10:     203376 bytes,    8985704 total
[2024-01-15T07:35:00.451+0000][7][gc,age      ] GC(40) - age  11:    1066248 bytes,   10051952 total
[2024-01-15T07:35:00.452+0000][7][gc,age      ] GC(40) - age  12:     105408 bytes,   10157360 total
[2024-01-15T07:35:00.452+0000][7][gc,age      ] GC(40) - age  13:     141928 bytes,   10299288 total
[2024-01-15T07:35:00.453+0000][7][gc,age      ] GC(40) - age  14:    1353176 bytes,   11652464 total
[2024-01-15T07:35:00.454+0000][7][gc,age      ] GC(40) - age  15:     299160 bytes,   11951624 total
[2024-01-15T07:35:00.455+0000][7][gc,heap     ] GC(40) Eden regions: 73->0(72)
[2024-01-15T07:35:00.456+0000][7][gc,heap     ] GC(40) Survivor regions: 3->4(10)
[2024-01-15T07:35:00.458+0000][7][gc,heap     ] GC(40) Old regions: 21->21
[2024-01-15T07:35:00.459+0000][7][gc,heap     ] GC(40) Humongous regions: 2->2
[2024-01-15T07:35:00.462+0000][7][gc,metaspace] GC(40) Metaspace: 124122K(127424K)->124122K(127424K) NonClass: 107473K(109120K)->107473K(109120K) Class: 16648K(18304K)->16648K(18304K)
[2024-01-15T07:35:00.463+0000][7][gc          ] GC(40) Pause Young (Concurrent Start) (G1 Evacuation Pause) 392M->104M(512M) 53.498ms
[2024-01-15T07:35:00.464+0000][7][gc          ] GC(41) Concurrent Mark Cycle
[2024-01-15T07:35:00.465+0000][7][gc,marking  ] GC(41) Concurrent Scan Root Regions
[2024-01-15T07:35:00.464+0000][7][gc,cpu      ] GC(40) User=0.07s Sys=0.01s Real=0.05s
[2024-01-15T07:35:00.467+0000][7][safepoint   ] Safepoint "G1CollectForAllocation", Time since last: 9707474325 ns, Reaching safepoint: 193609 ns, Cleanup: 9462 ns, At safepoint: 57586501 ns, Total: 57789572 ns
[2024-01-15T07:35:00.471+0000][7][gc,marking  ] GC(41) Concurrent Scan Root Regions 5.892ms
[2024-01-15T07:35:00.472+0000][7][gc,marking  ] GC(41) Concurrent Mark
[2024-01-15T07:35:00.473+0000][7][gc,marking  ] GC(41) Concurrent Mark From Roots
[2024-01-15T07:35:00.478+0000][7][gc,task     ] GC(41) Using 2 workers of 2 for marking
[2024-01-15T07:35:00.539+0000][7][gc,marking  ] GC(41) Concurrent Mark From Roots 65.625ms
[2024-01-15T07:35:00.541+0000][7][gc,marking  ] GC(41) Concurrent Preclean
[2024-01-15T07:35:00.543+0000][7][gc,marking  ] GC(41) Concurrent Preclean 1.797ms
[2024-01-15T07:35:00.544+0000][7][gc,start    ] GC(41) Pause Remark
[2024-01-15T07:35:00.572+0000][7][gc          ] GC(41) Pause Remark 106M->106M(512M) 27.489ms
[2024-01-15T07:35:00.573+0000][7][gc,cpu      ] GC(41) User=0.10s Sys=0.00s Real=0.03s
[2024-01-15T07:35:00.575+0000][7][safepoint   ] Safepoint "G1PauseRemark", Time since last: 77058353 ns, Reaching safepoint: 25248 ns, Cleanup: 4794 ns, At safepoint: 30708888 ns, Total: 30738930 ns
[2024-01-15T07:35:00.577+0000][7][gc,marking  ] GC(41) Concurrent Mark 104.928ms
[2024-01-15T07:35:00.578+0000][7][gc,marking  ] GC(41) Concurrent Rebuild Remembered Sets and Scrub Regions
[2024-01-15T07:35:00.610+0000][7][gc,marking  ] GC(41) Concurrent Rebuild Remembered Sets and Scrub Regions 31.893ms
[2024-01-15T07:35:00.612+0000][7][gc,start    ] GC(41) Pause Cleanup
[2024-01-15T07:35:00.613+0000][7][gc          ] GC(41) Pause Cleanup 107M->107M(512M) 1.519ms
[2024-01-15T07:35:00.615+0000][7][gc,cpu      ] GC(41) User=0.00s Sys=0.00s Real=0.00s
[2024-01-15T07:35:00.616+0000][7][safepoint   ] Safepoint "G1PauseCleanup", Time since last: 36691791 ns, Reaching safepoint: 16218 ns, Cleanup: 11117 ns, At safepoint: 4456505 ns, Total: 4483840 ns
[2024-01-15T07:35:00.618+0000][7][gc,marking  ] GC(41) Concurrent Clear Claimed Marks
[2024-01-15T07:35:00.620+0000][7][gc,marking  ] GC(41) Concurrent Clear Claimed Marks 1.727ms
[2024-01-15T07:35:00.621+0000][7][gc,marking  ] GC(41) Concurrent Cleanup for Next Mark
[2024-01-15T07:35:00.623+0000][7][gc,marking  ] GC(41) Concurrent Cleanup for Next Mark 1.913ms
[2024-01-15T07:35:00.624+0000][7][gc          ] GC(41) Concurrent Mark Cycle 160.557ms
[2024-01-15T07:35:03.618+0000][7][safepoint   ] Safepoint "Cleanup", Time since last: 3002429764 ns, Reaching safepoint: 50257 ns, Cleanup: 12154 ns, At safepoint: 3789 ns, Total: 66200 ns
[2024-01-15T07:35:05.620+0000][7][safepoint   ] Safepoint "Cleanup", Time since last: 2001605737 ns, Reaching safepoint: 21179 ns, Cleanup: 29286 ns, At safepoint: 3335 ns, Total: 53800 ns
[2024-01-15T07:35:06.621+0000][7][safepoint   ] Safepoint "Cleanup", Time since last: 1001139570 ns, Reaching safepoint: 19304 ns, Cleanup: 14753 ns, At safepoint: 2661 ns, Total: 36718 ns
[2024-01-15T07:35:07.623+0000][7][safepoint   ] Safepoint "Cleanup", Time since last: 1001359629 ns, Reaching safepoint: 20025 ns, Cleanup: 9094 ns, At safepoint: 3462 ns, Total: 32581 ns
[2024-01-15T07:35:08.624+0000][7][safepoint   ] Safepoint "Cleanup", Time since last: 1001157177 ns, Reaching safepoint: 20951 ns, Cleanup: 10802 ns, At safepoint: 2874 ns, Total: 34627 ns
[2024-01-15T07:35:09.626+0000][7][safepoint   ] Safepoint "Cleanup", Time since last: 1001617577 ns, Reaching safepoint: 22086 ns, Cleanup: 10498 ns, At safepoint: 2554 ns, Total: 35138 ns
[2024-01-15T07:35:10.628+0000][7][safepoint   ] Safepoint "Cleanup", Time since last: 1002426926 ns, Reaching safepoint: 20823 ns, Cleanup: 13134 ns, At safepoint: 3010 ns, Total: 36967 ns
[2024-01-15T07:35:11.630+0000][7][safepoint   ] Safepoint "Cleanup", Time since last: 1001552556 ns, Reaching safepoint: 23263 ns, Cleanup: 12833 ns, At safepoint: 2917 ns, Total: 39013 ns
[2024-01-15T07:35:14.631+0000][7][safepoint   ] Safepoint "Cleanup", Time since last: 3001769337 ns, Reaching safepoint: 16796 ns, Cleanup: 10093 ns, At safepoint: 2415 ns, Total: 29304 ns
[2024-01-15T07:35:16.633+0000][7][safepoint   ] Safepoint "Cleanup", Time since last: 2001432941 ns, Reaching safepoint: 27562 ns, Cleanup: 13941 ns, At safepoint: 3860 ns, Total: 45363 ns
[2024-01-15T07:35:17.635+0000][7][safepoint   ] Safepoint "Cleanup", Time since last: 1001648073 ns, Reaching safepoint: 22072 ns, Cleanup: 11857 ns, At safepoint: 2708 ns, Total: 36637 ns
[2024-01-15T07:35:20.637+0000][7][safepoint   ] Safepoint "Cleanup", Time since last: 3001981283 ns, Reaching safepoint: 21995 ns, Cleanup: 12604 ns, At safepoint: 2328 ns, Total: 36927 ns
[2024-01-15T07:35:25.639+0000][7][safepoint   ] Safepoint "Cleanup", Time since last: 5002215573 ns, Reaching safepoint: 67070 ns, Cleanup: 29363 ns, At safepoint: 7082 ns, Total: 103515 ns
[2024-01-15T07:35:26.641+0000][7][safepoint   ] Safepoint "Cleanup", Time since last: 1002264587 ns, Reaching safepoint: 25634 ns, Cleanup: 14671 ns, At safepoint: 3092 ns, Total: 43397 ns
[2024-01-15T07:35:29.643+0000][7][safepoint   ] Safepoint "Cleanup", Time since last: 3002210640 ns, Reaching safepoint: 24174 ns, Cleanup: 13379 ns, At safepoint: 3120 ns, Total: 40673 ns
[2024-01-15T07:35:32.646+0000][7][safepoint   ] Safepoint "Cleanup", Time since last: 3002403175 ns, Reaching safepoint: 29761 ns, Cleanup: 20640 ns, At safepoint: 4922 ns, Total: 55323 ns
[2024-01-15T07:35:33.648+0000][7][safepoint   ] Safepoint "Cleanup", Time since last: 1001791919 ns, Reaching safepoint: 45585 ns, Cleanup: 12490 ns, At safepoint: 5692 ns, Total: 63767 ns
[2024-01-15T07:35:38.651+0000][7][safepoint   ] Safepoint "Cleanup", Time since last: 5002407306 ns, Reaching safepoint: 20725 ns, Cleanup: 14667 ns, At safepoint: 3121 ns, Total: 38513 ns
[2024-01-15T07:35:39.652+0000][7][safepoint   ] Safepoint "Cleanup", Time since last: 1001869715 ns, Reaching safepoint: 25255 ns, Cleanup: 14121 ns, At safepoint: 2979 ns, Total: 42355 ns
[2024-01-15T07:35:41.654+0000][7][safepoint   ] Safepoint "Cleanup", Time since last: 2001937468 ns, Reaching safepoint: 17729 ns, Cleanup: 14889 ns, At safepoint: 3031 ns, Total: 35649 ns
[2024-01-15T07:35:44.745+0000][7][safepoint   ] Safepoint "Cleanup", Time since last: 3090642054 ns, Reaching safepoint: 23697 ns, Cleanup: 11276 ns, At safepoint: 3359 ns, Total: 38332 ns
[2024-01-15T07:35:50.748+0000][7][safepoint   ] Safepoint "Cleanup", Time since last: 6002636577 ns, Reaching safepoint: 25748 ns, Cleanup: 20170 ns, At safepoint: 3371 ns, Total: 49289 ns
[2024-01-15T07:35:56.751+0000][7][safepoint   ] Safepoint "Cleanup", Time since last: 6003002551 ns, Reaching safepoint: 21665 ns, Cleanup: 17035 ns, At safepoint: 2770 ns, Total: 41470 ns
[2024-01-15T07:35:57.752+0000][7][safepoint   ] Safepoint "Cleanup", Time since last: 1001451679 ns, Reaching safepoint: 21028 ns, Cleanup: 12294 ns, At safepoint: 2818 ns, Total: 36140 ns
[2024-01-15T07:35:58.782+0000][7][gc,start    ] GC(42) Pause Young (Normal) (G1 Evacuation Pause)
[2024-01-15T07:35:58.784+0000][7][gc,task     ] GC(42) Using 8 workers of 8 for evacuation
[2024-01-15T07:35:58.785+0000][7][gc,age      ] GC(42) Desired survivor size 20971520 bytes, new threshold 15 (max threshold 15)
[2024-01-15T07:35:58.806+0000][7][gc,phases   ] GC(42)   Pre Evacuate Collection Set: 0.5ms
[2024-01-15T07:35:58.807+0000][7][gc,phases   ] GC(42)   Merge Heap Roots: 0.4ms
[2024-01-15T07:35:58.808+0000][7][gc,phases   ] GC(42)   Evacuate Collection Set: 17.2ms
[2024-01-15T07:35:58.810+0000][7][gc,phases   ] GC(42)   Post Evacuate Collection Set: 1.7ms
[2024-01-15T07:35:58.811+0000][7][gc,phases   ] GC(42)   Other: 2.2ms
[2024-01-15T07:35:58.812+0000][7][gc,age      ] GC(42) Age table with threshold 15 (max threshold 15)
[2024-01-15T07:35:58.813+0000][7][gc,age      ] GC(42) - age   1:    1228304 bytes,    1228304 total
[2024-01-15T07:35:58.814+0000][7][gc,age      ] GC(42) - age   2:    3771272 bytes,    4999576 total
[2024-01-15T07:35:58.815+0000][7][gc,age      ] GC(42) - age   3:     349840 bytes,    5349416 total
[2024-01-15T07:35:58.815+0000][7][gc,age      ] GC(42) - age   4:     336992 bytes,    5686408 total
[2024-01-15T07:35:58.816+0000][7][gc,age      ] GC(42) - age   5:     141912 bytes,    5828320 total
[2024-01-15T07:35:58.817+0000][7][gc,age      ] GC(42) - age   6:      87008 bytes,    5915328 total
[2024-01-15T07:35:58.818+0000][7][gc,age      ] GC(42) - age   7:     934720 bytes,    6850048 total
[2024-01-15T07:35:58.818+0000][7][gc,age      ] GC(42) - age   8:     351920 bytes,    7201968 total
[2024-01-15T07:35:58.819+0000][7][gc,age      ] GC(42) - age   9:     931064 bytes,    8133032 total
[2024-01-15T07:35:58.820+0000][7][gc,age      ] GC(42) - age  10:      74224 bytes,    8207256 total
[2024-01-15T07:35:58.821+0000][7][gc,age      ] GC(42) - age  11:     203248 bytes,    8410504 total
[2024-01-15T07:35:58.822+0000][7][gc,age      ] GC(42) - age  12:    1066184 bytes,    9476688 total
[2024-01-15T07:35:58.823+0000][7][gc,age      ] GC(42) - age  13:     105408 bytes,    9582096 total
[2024-01-15T07:35:58.823+0000][7][gc,age      ] GC(42) - age  14:     141928 bytes,    9724024 total
[2024-01-15T07:35:58.824+0000][7][gc,age      ] GC(42) - age  15:    1352904 bytes,   11076928 total
[2024-01-15T07:35:58.825+0000][7][gc,heap     ] GC(42) Eden regions: 72->0(73)
[2024-01-15T07:35:58.826+0000][7][gc,heap     ] GC(42) Survivor regions: 4->3(10)
[2024-01-15T07:35:58.827+0000][7][gc,heap     ] GC(42) Old regions: 21->21
[2024-01-15T07:35:58.828+0000][7][gc,heap     ] GC(42) Humongous regions: 2->2
[2024-01-15T07:35:58.828+0000][7][gc,metaspace] GC(42) Metaspace: 124254K(127424K)->124254K(127424K) NonClass: 107590K(109120K)->107590K(109120K) Class: 16663K(18304K)->16663K(18304K)
[2024-01-15T07:35:58.829+0000][7][gc          ] GC(42) Pause Young (Normal) (G1 Evacuation Pause) 392M->103M(512M) 47.450ms
[2024-01-15T07:35:58.830+0000][7][gc,cpu      ] GC(42) User=0.07s Sys=0.01s Real=0.05s
[2024-01-15T07:35:58.831+0000][7][safepoint   ] Safepoint "G1CollectForAllocation", Time since last: 1029493703 ns, Reaching safepoint: 19963 ns, Cleanup: 5149 ns, At safepoint: 48880612 ns, Total: 48905724 ns
[2024-01-15T07:36:00.832+0000][7][safepoint   ] Safepoint "Cleanup", Time since last: 2001137412 ns, Reaching safepoint: 22060 ns, Cleanup: 10867 ns, At safepoint: 2808 ns, Total: 35735 ns
[2024-01-15T07:36:02.834+0000][7][safepoint   ] Safepoint "Cleanup", Time since last: 2001473328 ns, Reaching safepoint: 20343 ns, Cleanup: 20258 ns, At safepoint: 2792 ns, Total: 43393 ns
[2024-01-15T07:36:05.836+0000][7][safepoint   ] Safepoint "Cleanup", Time since last: 3002070786 ns, Reaching safepoint: 47544 ns, Cleanup: 12751 ns, At safepoint: 3053 ns, Total: 63348 ns
[2024-01-15T07:36:08.838+0000][7][safepoint   ] Safepoint "Cleanup", Time since last: 3001989351 ns, Reaching safepoint: 20434 ns, Cleanup: 71048 ns, At safepoint: 6195 ns, Total: 97677 ns
[2024-01-15T07:36:09.840+0000][7][safepoint   ] Safepoint "Cleanup", Time since last: 1001239778 ns, Reaching safepoint: 20724 ns, Cleanup: 15895 ns, At safepoint: 2741 ns, Total: 39360 ns
[2024-01-15T07:36:10.841+0000][7][safepoint   ] Safepoint "Cleanup", Time since last: 1001543267 ns, Reaching safepoint: 27063 ns, Cleanup: 16610 ns, At safepoint: 5134 ns, Total: 48807 ns
[2024-01-15T07:36:14.844+0000][7][safepoint   ] Safepoint "Cleanup", Time since last: 4002467327 ns, Reaching safepoint: 26812 ns, Cleanup: 55922 ns, At safepoint: 37920 ns, Total: 120654 ns
[2024-01-15T07:36:16.845+0000][7][safepoint   ] Safepoint "Cleanup", Time since last: 2001709696 ns, Reaching safepoint: 28242 ns, Cleanup: 34560 ns, At safepoint: 16000 ns, Total: 78802 ns
[2024-01-15T07:36:21.849+0000][7][safepoint   ] Safepoint "Cleanup", Time since last: 5003712706 ns, Reaching safepoint: 20924 ns, Cleanup: 11244 ns, At safepoint: 4127 ns, Total: 36295 ns
[2024-01-15T07:36:25.852+0000][7][safepoint   ] Safepoint "Cleanup", Time since last: 4002259215 ns, Reaching safepoint: 20168 ns, Cleanup: 11837 ns, At safepoint: 3306 ns, Total: 35311 ns
[2024-01-15T07:36:26.853+0000][7][safepoint   ] Safepoint "Cleanup", Time since last: 1001593832 ns, Reaching safepoint: 20808 ns, Cleanup: 12590 ns, At safepoint: 3354 ns, Total: 36752 ns
[2024-01-15T07:36:29.855+0000][7][safepoint   ] Safepoint "Cleanup", Time since last: 3001945138 ns, Reaching safepoint: 20769 ns, Cleanup: 12033 ns, At safepoint: 2948 ns, Total: 35750 ns
[2024-01-15T07:36:32.857+0000][7][safepoint   ] Safepoint "Cleanup", Time since last: 3002078262 ns, Reaching safepoint: 47344 ns, Cleanup: 12709 ns, At safepoint: 3972 ns, Total: 64025 ns
[2024-01-15T07:36:33.859+0000][7][safepoint   ] Safepoint "Cleanup", Time since last: 1001464477 ns, Reaching safepoint: 21833 ns, Cleanup: 13078 ns, At safepoint: 2788 ns, Total: 37699 ns
[2024-01-15T07:36:35.861+0000][7][safepoint   ] Safepoint "Cleanup", Time since last: 2002018405 ns, Reaching safepoint: 50132 ns, Cleanup: 11033 ns, At safepoint: 3020 ns, Total: 64185 ns
[2024-01-15T07:36:36.863+0000][7][safepoint   ] Safepoint "Cleanup", Time since last: 1001552612 ns, Reaching safepoint: 20248 ns, Cleanup: 10521 ns, At safepoint: 31101 ns, Total: 61870 ns
[2024-01-15T07:36:39.865+0000][7][safepoint   ] Safepoint "Cleanup", Time since last: 3001936348 ns, Reaching safepoint: 20349 ns, Cleanup: 10739 ns, At safepoint: 2631 ns, Total: 33719 ns
[2024-01-15T07:36:40.866+0000][7][safepoint   ] Safepoint "Cleanup", Time since last: 1001436743 ns, Reaching safepoint: 20072 ns, Cleanup: 14332 ns, At safepoint: 3210 ns, Total: 37614 ns
