[2024-01-16T11:52:48.452+0000][7][gc,init] CardTable entry size: 512
[2024-01-16T11:52:48.453+0000][7][gc     ] Using G1
[2024-01-16T11:52:48.532+0000][7][gc,init] Version: 21.0.1+12-29 (release)
[2024-01-16T11:52:48.533+0000][7][gc,init] CPUs: 16 total, 16 available
[2024-01-16T11:52:48.533+0000][7][gc,init] Memory: 12259M
[2024-01-16T11:52:48.533+0000][7][gc,init] Large Page Support: Disabled
[2024-01-16T11:52:48.533+0000][7][gc,init] NUMA Support: Disabled
[2024-01-16T11:52:48.533+0000][7][gc,init] Compressed Oops: Enabled (32-bit)
[2024-01-16T11:52:48.533+0000][7][gc,init] Heap Region Size: 4M
[2024-01-16T11:52:48.534+0000][7][gc,init] Heap Min Capacity: 512M
[2024-01-16T11:52:48.534+0000][7][gc,init] Heap Initial Capacity: 512M
[2024-01-16T11:52:48.534+0000][7][gc,init] Heap Max Capacity: 512M
[2024-01-16T11:52:48.534+0000][7][gc,init] Pre-touch: Enabled
[2024-01-16T11:52:48.534+0000][7][gc,init] Parallel Workers: 13
[2024-01-16T11:52:48.534+0000][7][gc,init] Concurrent Workers: 3
[2024-01-16T11:52:48.535+0000][7][gc,init] Concurrent Refinement Workers: 13
[2024-01-16T11:52:48.535+0000][7][gc,init] Periodic GC: Disabled
[2024-01-16T11:52:48.540+0000][7][gc,metaspace] CDS archive(s) mapped at: [0x00007f21e3000000-0x00007f21e3ca5000-0x00007f21e3ca5000), size 13258752, SharedBaseAddress: 0x00007f21e3000000, ArchiveRelocationMode: 1.
[2024-01-16T11:52:48.540+0000][7][gc,metaspace] Compressed class space mapped at: 0x00007f21e4000000-0x00007f2224000000, reserved size: 1073741824
[2024-01-16T11:52:48.540+0000][7][gc,metaspace] Narrow klass base: 0x00007f21e3000000, Narrow klass shift: 0, Narrow klass range: 0x100000000
[2024-01-16T11:52:48.917+0000][7][safepoint   ] Safepoint "ICBufferFull", Time since last: 373274155 ns, Reaching safepoint: 3347 ns, Cleanup: 91034 ns, At safepoint: 1392 ns, Total: 95773 ns
[2024-01-16T11:52:49.083+0000][7][gc,start    ] GC(0) Pause Young (Normal) (G1 Evacuation Pause)
[2024-01-16T11:52:49.084+0000][7][gc,task     ] GC(0) Using 12 workers of 13 for evacuation
[2024-01-16T11:52:49.084+0000][7][gc,age      ] GC(0) Desired survivor size 2097152 bytes, new threshold 15 (max threshold 15)
[2024-01-16T11:52:49.087+0000][7][gc,phases   ] GC(0)   Pre Evacuate Collection Set: 0.2ms
[2024-01-16T11:52:49.087+0000][7][gc,phases   ] GC(0)   Merge Heap Roots: 0.1ms
[2024-01-16T11:52:49.087+0000][7][gc,phases   ] GC(0)   Evacuate Collection Set: 1.7ms
[2024-01-16T11:52:49.087+0000][7][gc,phases   ] GC(0)   Post Evacuate Collection Set: 0.6ms
[2024-01-16T11:52:49.087+0000][7][gc,phases   ] GC(0)   Other: 0.4ms
[2024-01-16T11:52:49.087+0000][7][gc,age      ] GC(0) Age table with threshold 15 (max threshold 15)
[2024-01-16T11:52:49.087+0000][7][gc,age      ] GC(0) - age   1:    4140240 bytes,    4140240 total
[2024-01-16T11:52:49.087+0000][7][gc,heap     ] GC(0) Eden regions: 6->0(5)
[2024-01-16T11:52:49.088+0000][7][gc,heap     ] GC(0) Survivor regions: 0->1(1)
[2024-01-16T11:52:49.088+0000][7][gc,heap     ] GC(0) Old regions: 1->2
[2024-01-16T11:52:49.088+0000][7][gc,heap     ] GC(0) Humongous regions: 0->0
[2024-01-16T11:52:49.088+0000][7][gc,metaspace] GC(0) Metaspace: 9086K(9280K)->9086K(9280K) NonClass: 8068K(8192K)->8068K(8192K) Class: 1017K(1088K)->1017K(1088K)
[2024-01-16T11:52:49.088+0000][7][gc          ] GC(0) Pause Young (Normal) (G1 Evacuation Pause) 25M->5M(512M) 4.808ms
[2024-01-16T11:52:49.088+0000][7][gc,cpu      ] GC(0) User=0.01s Sys=0.01s Real=0.00s
[2024-01-16T11:52:49.088+0000][7][safepoint   ] Safepoint "G1CollectForAllocation", Time since last: 166108456 ns, Reaching safepoint: 4749 ns, Cleanup: 76206 ns, At safepoint: 5077775 ns, Total: 5158730 ns
[2024-01-16T11:52:49.385+0000][7][gc,start    ] GC(1) Pause Young (Normal) (G1 Evacuation Pause)
[2024-01-16T11:52:49.385+0000][7][gc,task     ] GC(1) Using 12 workers of 13 for evacuation
[2024-01-16T11:52:49.385+0000][7][gc,age      ] GC(1) Desired survivor size 2097152 bytes, new threshold 1 (max threshold 15)
[2024-01-16T11:52:49.389+0000][7][gc,phases   ] GC(1)   Pre Evacuate Collection Set: 0.2ms
[2024-01-16T11:52:49.389+0000][7][gc,phases   ] GC(1)   Merge Heap Roots: 0.1ms
[2024-01-16T11:52:49.389+0000][7][gc,phases   ] GC(1)   Evacuate Collection Set: 2.5ms
[2024-01-16T11:52:49.390+0000][7][gc,phases   ] GC(1)   Post Evacuate Collection Set: 0.5ms
[2024-01-16T11:52:49.390+0000][7][gc,phases   ] GC(1)   Other: 0.4ms
[2024-01-16T11:52:49.390+0000][7][gc,age      ] GC(1) Age table with threshold 1 (max threshold 15)
[2024-01-16T11:52:49.390+0000][7][gc,age      ] GC(1) - age   1:    1884680 bytes,    1884680 total
[2024-01-16T11:52:49.390+0000][7][gc,heap     ] GC(1) Eden regions: 5->0(11)
[2024-01-16T11:52:49.390+0000][7][gc,heap     ] GC(1) Survivor regions: 1->1(1)
[2024-01-16T11:52:49.390+0000][7][gc,heap     ] GC(1) Old regions: 2->3
[2024-01-16T11:52:49.391+0000][7][gc,heap     ] GC(1) Humongous regions: 0->0
[2024-01-16T11:52:49.391+0000][7][gc,metaspace] GC(1) Metaspace: 12127K(12352K)->12127K(12352K) NonClass: 10680K(10816K)->10680K(10816K) Class: 1446K(1536K)->1446K(1536K)
[2024-01-16T11:52:49.391+0000][7][gc          ] GC(1) Pause Young (Normal) (G1 Evacuation Pause) 25M->7M(512M) 5.960ms
[2024-01-16T11:52:49.391+0000][7][gc,cpu      ] GC(1) User=0.05s Sys=0.01s Real=0.01s
[2024-01-16T11:52:49.391+0000][7][safepoint   ] Safepoint "G1CollectForAllocation", Time since last: 296751476 ns, Reaching safepoint: 5270 ns, Cleanup: 102756 ns, At safepoint: 6390695 ns, Total: 6498721 ns
[2024-01-16T11:52:49.902+0000][7][safepoint   ] Safepoint "ICBufferFull", Time since last: 510815100 ns, Reaching safepoint: 5050 ns, Cleanup: 202201 ns, At safepoint: 3667 ns, Total: 210918 ns
[2024-01-16T11:52:50.248+0000][7][gc,start    ] GC(2) Pause Young (Normal) (G1 Evacuation Pause)
[2024-01-16T11:52:50.250+0000][7][gc,task     ] GC(2) Using 12 workers of 13 for evacuation
[2024-01-16T11:52:50.253+0000][7][gc,age      ] GC(2) Desired survivor size 4194304 bytes, new threshold 15 (max threshold 15)
[2024-01-16T11:52:50.259+0000][7][gc,phases   ] GC(2)   Pre Evacuate Collection Set: 0.4ms
[2024-01-16T11:52:50.260+0000][7][gc,phases   ] GC(2)   Merge Heap Roots: 0.3ms
[2024-01-16T11:52:50.260+0000][7][gc,phases   ] GC(2)   Evacuate Collection Set: 3.5ms
[2024-01-16T11:52:50.261+0000][7][gc,phases   ] GC(2)   Post Evacuate Collection Set: 1.3ms
[2024-01-16T11:52:50.261+0000][7][gc,phases   ] GC(2)   Other: 3.7ms
[2024-01-16T11:52:50.261+0000][7][gc,age      ] GC(2) Age table with threshold 15 (max threshold 15)
[2024-01-16T11:52:50.261+0000][7][gc,age      ] GC(2) - age   1:    1487072 bytes,    1487072 total
[2024-01-16T11:52:50.261+0000][7][gc,age      ] GC(2) - age   2:    1861784 bytes,    3348856 total
[2024-01-16T11:52:50.261+0000][7][gc,heap     ] GC(2) Eden regions: 11->0(54)
[2024-01-16T11:52:50.262+0000][7][gc,heap     ] GC(2) Survivor regions: 1->1(2)
[2024-01-16T11:52:50.262+0000][7][gc,heap     ] GC(2) Old regions: 3->3
[2024-01-16T11:52:50.262+0000][7][gc,heap     ] GC(2) Humongous regions: 0->0
[2024-01-16T11:52:50.262+0000][7][gc,metaspace] GC(2) Metaspace: 15756K(16064K)->15756K(16064K) NonClass: 13956K(14144K)->13956K(14144K) Class: 1800K(1920K)->1800K(1920K)
[2024-01-16T11:52:50.262+0000][7][gc          ] GC(2) Pause Young (Normal) (G1 Evacuation Pause) 51M->8M(512M) 14.715ms
[2024-01-16T11:52:50.263+0000][7][gc,cpu      ] GC(2) User=0.07s Sys=0.01s Real=0.02s
[2024-01-16T11:52:50.263+0000][7][safepoint   ] Safepoint "G1CollectForAllocation", Time since last: 345352043 ns, Reaching safepoint: 8466 ns, Cleanup: 84602 ns, At safepoint: 15810724 ns, Total: 15903792 ns
[2024-01-16T11:52:50.899+0000][7][safepoint   ] Safepoint "ICBufferFull", Time since last: 635536337 ns, Reaching safepoint: 96955 ns, Cleanup: 136120 ns, At safepoint: 45377 ns, Total: 278452 ns
[2024-01-16T11:52:50.964+0000][7][gc,start    ] GC(3) Pause Young (Normal) (G1 Evacuation Pause)
[2024-01-16T11:52:50.965+0000][7][gc,task     ] GC(3) Using 12 workers of 13 for evacuation
[2024-01-16T11:52:50.965+0000][7][gc,age      ] GC(3) Desired survivor size 14680064 bytes, new threshold 15 (max threshold 15)
[2024-01-16T11:52:50.969+0000][7][gc,phases   ] GC(3)   Pre Evacuate Collection Set: 0.2ms
[2024-01-16T11:52:50.970+0000][7][gc,phases   ] GC(3)   Merge Heap Roots: 0.2ms
[2024-01-16T11:52:50.970+0000][7][gc,phases   ] GC(3)   Evacuate Collection Set: 3.0ms
[2024-01-16T11:52:50.970+0000][7][gc,phases   ] GC(3)   Post Evacuate Collection Set: 1.0ms
[2024-01-16T11:52:50.970+0000][7][gc,phases   ] GC(3)   Other: 0.3ms
[2024-01-16T11:52:50.970+0000][7][gc,age      ] GC(3) Age table with threshold 15 (max threshold 15)
[2024-01-16T11:52:50.970+0000][7][gc,age      ] GC(3) - age   1:    5294664 bytes,    5294664 total
[2024-01-16T11:52:50.970+0000][7][gc,age      ] GC(3) - age   2:    1450848 bytes,    6745512 total
[2024-01-16T11:52:50.971+0000][7][gc,age      ] GC(3) - age   3:    1860240 bytes,    8605752 total
[2024-01-16T11:52:50.971+0000][7][gc,heap     ] GC(3) Eden regions: 54->0(73)
[2024-01-16T11:52:50.971+0000][7][gc,heap     ] GC(3) Survivor regions: 1->3(7)
[2024-01-16T11:52:50.971+0000][7][gc,heap     ] GC(3) Old regions: 3->3
[2024-01-16T11:52:50.971+0000][7][gc,heap     ] GC(3) Humongous regions: 0->0
[2024-01-16T11:52:50.971+0000][7][gc,metaspace] GC(3) Metaspace: 18703K(19072K)->18703K(19072K) NonClass: 16518K(16704K)->16518K(16704K) Class: 2184K(2368K)->2184K(2368K)
[2024-01-16T11:52:50.971+0000][7][gc          ] GC(3) Pause Young (Normal) (G1 Evacuation Pause) 224M->14M(512M) 6.874ms
[2024-01-16T11:52:50.971+0000][7][gc,cpu      ] GC(3) User=0.07s Sys=0.00s Real=0.01s
[2024-01-16T11:52:50.972+0000][7][safepoint   ] Safepoint "G1CollectForAllocation", Time since last: 65069879 ns, Reaching safepoint: 9108 ns, Cleanup: 23004 ns, At safepoint: 7269023 ns, Total: 7301135 ns
[2024-01-16T11:52:51.407+0000][7][gc,start    ] GC(4) Pause Young (Normal) (G1 Evacuation Pause)
[2024-01-16T11:52:51.408+0000][7][gc,task     ] GC(4) Using 12 workers of 13 for evacuation
[2024-01-16T11:52:51.408+0000][7][gc,age      ] GC(4) Desired survivor size 20971520 bytes, new threshold 15 (max threshold 15)
[2024-01-16T11:52:51.413+0000][7][gc,phases   ] GC(4)   Pre Evacuate Collection Set: 0.3ms
[2024-01-16T11:52:51.413+0000][7][gc,phases   ] GC(4)   Merge Heap Roots: 0.1ms
[2024-01-16T11:52:51.413+0000][7][gc,phases   ] GC(4)   Evacuate Collection Set: 3.2ms
[2024-01-16T11:52:51.414+0000][7][gc,phases   ] GC(4)   Post Evacuate Collection Set: 1.1ms
[2024-01-16T11:52:51.414+0000][7][gc,phases   ] GC(4)   Other: 0.5ms
[2024-01-16T11:52:51.414+0000][7][gc,age      ] GC(4) Age table with threshold 15 (max threshold 15)
[2024-01-16T11:52:51.414+0000][7][gc,age      ] GC(4) - age   1:    3591872 bytes,    3591872 total
[2024-01-16T11:52:51.414+0000][7][gc,age      ] GC(4) - age   2:    3504296 bytes,    7096168 total
[2024-01-16T11:52:51.414+0000][7][gc,age      ] GC(4) - age   3:    1450632 bytes,    8546800 total
[2024-01-16T11:52:51.415+0000][7][gc,age      ] GC(4) - age   4:    1860240 bytes,   10407040 total
[2024-01-16T11:52:51.415+0000][7][gc,heap     ] GC(4) Eden regions: 73->0(73)
[2024-01-16T11:52:51.415+0000][7][gc,heap     ] GC(4) Survivor regions: 3->3(10)
[2024-01-16T11:52:51.415+0000][7][gc,heap     ] GC(4) Old regions: 3->3
[2024-01-16T11:52:51.415+0000][7][gc,heap     ] GC(4) Humongous regions: 0->0
[2024-01-16T11:52:51.415+0000][7][gc,metaspace] GC(4) Metaspace: 19623K(20096K)->19623K(20096K) NonClass: 17310K(17536K)->17310K(17536K) Class: 2312K(2560K)->2312K(2560K)
[2024-01-16T11:52:51.416+0000][7][gc          ] GC(4) Pause Young (Normal) (G1 Evacuation Pause) 306M->16M(512M) 8.401ms
[2024-01-16T11:52:51.416+0000][7][gc,cpu      ] GC(4) User=0.05s Sys=0.00s Real=0.01s
[2024-01-16T11:52:51.416+0000][7][safepoint   ] Safepoint "G1CollectForAllocation", Time since last: 435304776 ns, Reaching safepoint: 9107 ns, Cleanup: 276455 ns, At safepoint: 8804757 ns, Total: 9090319 ns
[2024-01-16T11:52:51.846+0000][7][gc,start    ] GC(5) Pause Young (Normal) (G1 Evacuation Pause)
[2024-01-16T11:52:51.846+0000][7][gc,task     ] GC(5) Using 12 workers of 13 for evacuation
[2024-01-16T11:52:51.847+0000][7][gc,age      ] GC(5) Desired survivor size 20971520 bytes, new threshold 15 (max threshold 15)
[2024-01-16T11:52:51.853+0000][7][gc,phases   ] GC(5)   Pre Evacuate Collection Set: 0.3ms
[2024-01-16T11:52:51.853+0000][7][gc,phases   ] GC(5)   Merge Heap Roots: 0.1ms
[2024-01-16T11:52:51.854+0000][7][gc,phases   ] GC(5)   Evacuate Collection Set: 4.3ms
[2024-01-16T11:52:51.854+0000][7][gc,phases   ] GC(5)   Post Evacuate Collection Set: 1.2ms
[2024-01-16T11:52:51.854+0000][7][gc,phases   ] GC(5)   Other: 0.7ms
[2024-01-16T11:52:51.854+0000][7][gc,age      ] GC(5) Age table with threshold 15 (max threshold 15)
[2024-01-16T11:52:51.854+0000][7][gc,age      ] GC(5) - age   1:    1456808 bytes,    1456808 total
[2024-01-16T11:52:51.854+0000][7][gc,age      ] GC(5) - age   2:    3398984 bytes,    4855792 total
[2024-01-16T11:52:51.855+0000][7][gc,age      ] GC(5) - age   3:    3503784 bytes,    8359576 total
[2024-01-16T11:52:51.855+0000][7][gc,age      ] GC(5) - age   4:    1450328 bytes,    9809904 total
[2024-01-16T11:52:51.855+0000][7][gc,age      ] GC(5) - age   5:    1860176 bytes,   11670080 total
[2024-01-16T11:52:51.855+0000][7][gc,heap     ] GC(5) Eden regions: 73->0(73)
[2024-01-16T11:52:51.855+0000][7][gc,heap     ] GC(5) Survivor regions: 3->3(10)
[2024-01-16T11:52:51.855+0000][7][gc,heap     ] GC(5) Old regions: 3->3
[2024-01-16T11:52:51.856+0000][7][gc,heap     ] GC(5) Humongous regions: 0->0
[2024-01-16T11:52:51.856+0000][7][gc,metaspace] GC(5) Metaspace: 20449K(20928K)->20449K(20928K) NonClass: 18021K(18304K)->18021K(18304K) Class: 2428K(2624K)->2428K(2624K)
[2024-01-16T11:52:51.856+0000][7][gc          ] GC(5) Pause Young (Normal) (G1 Evacuation Pause) 308M->17M(512M) 10.189ms
[2024-01-16T11:52:51.856+0000][7][gc,cpu      ] GC(5) User=0.06s Sys=0.01s Real=0.01s
[2024-01-16T11:52:51.856+0000][7][safepoint   ] Safepoint "G1CollectForAllocation", Time since last: 429565131 ns, Reaching safepoint: 10360 ns, Cleanup: 97326 ns, At safepoint: 10630438 ns, Total: 10738124 ns
[2024-01-16T11:52:52.193+0000][7][gc,start    ] GC(6) Pause Young (Concurrent Start) (Metadata GC Threshold)
[2024-01-16T11:52:52.193+0000][7][gc,task     ] GC(6) Using 12 workers of 13 for evacuation
[2024-01-16T11:52:52.193+0000][7][gc,age      ] GC(6) Desired survivor size 20971520 bytes, new threshold 15 (max threshold 15)
[2024-01-16T11:52:52.214+0000][7][gc,phases   ] GC(6)   Pre Evacuate Collection Set: 0.3ms
[2024-01-16T11:52:52.215+0000][7][gc,phases   ] GC(6)   Merge Heap Roots: 0.1ms
[2024-01-16T11:52:52.215+0000][7][gc,phases   ] GC(6)   Evacuate Collection Set: 16.1ms
[2024-01-16T11:52:52.215+0000][7][gc,phases   ] GC(6)   Post Evacuate Collection Set: 3.8ms
[2024-01-16T11:52:52.215+0000][7][gc,phases   ] GC(6)   Other: 0.7ms
[2024-01-16T11:52:52.215+0000][7][gc,age      ] GC(6) Age table with threshold 15 (max threshold 15)
[2024-01-16T11:52:52.215+0000][7][gc,age      ] GC(6) - age   1:    1606816 bytes,    1606816 total
[2024-01-16T11:52:52.216+0000][7][gc,age      ] GC(6) - age   2:    1245064 bytes,    2851880 total
[2024-01-16T11:52:52.216+0000][7][gc,age      ] GC(6) - age   3:    3394808 bytes,    6246688 total
[2024-01-16T11:52:52.216+0000][7][gc,age      ] GC(6) - age   4:    3502696 bytes,    9749384 total
[2024-01-16T11:52:52.216+0000][7][gc,age      ] GC(6) - age   5:    1450328 bytes,   11199712 total
[2024-01-16T11:52:52.216+0000][7][gc,age      ] GC(6) - age   6:    1860176 bytes,   13059888 total
[2024-01-16T11:52:52.216+0000][7][gc,heap     ] GC(6) Eden regions: 58->0(72)
[2024-01-16T11:52:52.217+0000][7][gc,heap     ] GC(6) Survivor regions: 3->4(10)
[2024-01-16T11:52:52.217+0000][7][gc,heap     ] GC(6) Old regions: 3->3
[2024-01-16T11:52:52.217+0000][7][gc,heap     ] GC(6) Humongous regions: 0->0
[2024-01-16T11:52:52.217+0000][7][gc,metaspace] GC(6) Metaspace: 20889K(21504K)->20889K(21504K) NonClass: 18388K(18752K)->18388K(18752K) Class: 2501K(2752K)->2501K(2752K)
[2024-01-16T11:52:52.217+0000][7][gc          ] GC(6) Pause Young (Concurrent Start) (Metadata GC Threshold) 247M->18M(512M) 24.611ms
[2024-01-16T11:52:52.217+0000][7][gc,cpu      ] GC(6) User=0.06s Sys=0.00s Real=0.02s
[2024-01-16T11:52:52.217+0000][7][gc          ] GC(7) Concurrent Mark Cycle
[2024-01-16T11:52:52.218+0000][7][gc,marking  ] GC(7) Concurrent Scan Root Regions
[2024-01-16T11:52:52.218+0000][7][safepoint   ] Safepoint "CollectForMetadataAllocation", Time since last: 336099119 ns, Reaching safepoint: 10720 ns, Cleanup: 55216 ns, At safepoint: 25069736 ns, Total: 25135672 ns
[2024-01-16T11:52:52.221+0000][7][gc,marking  ] GC(7) Concurrent Scan Root Regions 2.912ms
[2024-01-16T11:52:52.221+0000][7][gc,marking  ] GC(7) Concurrent Mark
[2024-01-16T11:52:52.221+0000][7][gc,marking  ] GC(7) Concurrent Mark From Roots
[2024-01-16T11:52:52.222+0000][7][gc,task     ] GC(7) Using 3 workers of 3 for marking
[2024-01-16T11:52:52.226+0000][7][gc,marking  ] GC(7) Concurrent Mark From Roots 4.530ms
[2024-01-16T11:52:52.226+0000][7][gc,marking  ] GC(7) Concurrent Preclean
[2024-01-16T11:52:52.227+0000][7][gc,marking  ] GC(7) Concurrent Preclean 0.238ms
[2024-01-16T11:52:52.227+0000][7][gc,start    ] GC(7) Pause Remark
[2024-01-16T11:52:52.230+0000][7][gc          ] GC(7) Pause Remark 20M->20M(512M) 3.210ms
[2024-01-16T11:52:52.230+0000][7][gc,cpu      ] GC(7) User=0.02s Sys=0.00s Real=0.01s
[2024-01-16T11:52:52.231+0000][7][safepoint   ] Safepoint "G1PauseRemark", Time since last: 9206074 ns, Reaching safepoint: 11382 ns, Cleanup: 17193 ns, At safepoint: 3885211 ns, Total: 3913786 ns
[2024-01-16T11:52:52.231+0000][7][gc,marking  ] GC(7) Concurrent Mark 9.753ms
[2024-01-16T11:52:52.231+0000][7][gc,marking  ] GC(7) Concurrent Rebuild Remembered Sets and Scrub Regions
[2024-01-16T11:52:52.233+0000][7][gc,marking  ] GC(7) Concurrent Rebuild Remembered Sets and Scrub Regions 1.957ms
[2024-01-16T11:52:52.234+0000][7][gc,start    ] GC(7) Pause Cleanup
[2024-01-16T11:52:52.234+0000][7][gc          ] GC(7) Pause Cleanup 20M->20M(512M) 0.364ms
[2024-01-16T11:52:52.234+0000][7][gc,cpu      ] GC(7) User=0.00s Sys=0.00s Real=0.00s
[2024-01-16T11:52:52.235+0000][7][safepoint   ] Safepoint "G1PauseCleanup", Time since last: 2776015 ns, Reaching safepoint: 102982 ns, Cleanup: 4278 ns, At safepoint: 1201231 ns, Total: 1308491 ns
[2024-01-16T11:52:52.235+0000][7][gc,marking  ] GC(7) Concurrent Clear Claimed Marks
[2024-01-16T11:52:52.235+0000][7][gc,marking  ] GC(7) Concurrent Clear Claimed Marks 0.257ms
[2024-01-16T11:52:52.235+0000][7][gc,marking  ] GC(7) Concurrent Cleanup for Next Mark
[2024-01-16T11:52:52.237+0000][7][gc,marking  ] GC(7) Concurrent Cleanup for Next Mark 1.906ms
[2024-01-16T11:52:52.238+0000][7][gc          ] GC(7) Concurrent Mark Cycle 20.721ms
[2024-01-16T11:52:52.694+0000][7][gc,start    ] GC(8) Pause Young (Prepare Mixed) (G1 Evacuation Pause)
[2024-01-16T11:52:52.694+0000][7][gc,task     ] GC(8) Using 12 workers of 13 for evacuation
[2024-01-16T11:52:52.694+0000][7][gc,age      ] GC(8) Desired survivor size 20971520 bytes, new threshold 15 (max threshold 15)
[2024-01-16T11:52:52.702+0000][7][gc,phases   ] GC(8)   Pre Evacuate Collection Set: 0.3ms
[2024-01-16T11:52:52.702+0000][7][gc,phases   ] GC(8)   Merge Heap Roots: 0.1ms
[2024-01-16T11:52:52.703+0000][7][gc,phases   ] GC(8)   Evacuate Collection Set: 5.3ms
[2024-01-16T11:52:52.703+0000][7][gc,phases   ] GC(8)   Post Evacuate Collection Set: 1.3ms
[2024-01-16T11:52:52.703+0000][7][gc,phases   ] GC(8)   Other: 0.6ms
[2024-01-16T11:52:52.703+0000][7][gc,age      ] GC(8) Age table with threshold 15 (max threshold 15)
[2024-01-16T11:52:52.704+0000][7][gc,age      ] GC(8) - age   1:    1017904 bytes,    1017904 total
[2024-01-16T11:52:52.704+0000][7][gc,age      ] GC(8) - age   2:    1557400 bytes,    2575304 total
[2024-01-16T11:52:52.704+0000][7][gc,age      ] GC(8) - age   3:    1243880 bytes,    3819184 total
[2024-01-16T11:52:52.704+0000][7][gc,age      ] GC(8) - age   4:    3394592 bytes,    7213776 total
[2024-01-16T11:52:52.704+0000][7][gc,age      ] GC(8) - age   5:    3500024 bytes,   10713800 total
[2024-01-16T11:52:52.704+0000][7][gc,age      ] GC(8) - age   6:    1449176 bytes,   12162976 total
[2024-01-16T11:52:52.705+0000][7][gc,age      ] GC(8) - age   7:    1858896 bytes,   14021872 total
[2024-01-16T11:52:52.705+0000][7][gc,heap     ] GC(8) Eden regions: 72->0(72)
[2024-01-16T11:52:52.705+0000][7][gc,heap     ] GC(8) Survivor regions: 4->4(10)
[2024-01-16T11:52:52.705+0000][7][gc,heap     ] GC(8) Old regions: 3->3
[2024-01-16T11:52:52.705+0000][7][gc,heap     ] GC(8) Humongous regions: 0->0
[2024-01-16T11:52:52.705+0000][7][gc,metaspace] GC(8) Metaspace: 21839K(22528K)->21839K(22528K) NonClass: 19220K(19648K)->19220K(19648K) Class: 2618K(2880K)->2618K(2880K)
[2024-01-16T11:52:52.705+0000][7][gc          ] GC(8) Pause Young (Prepare Mixed) (G1 Evacuation Pause) 306M->20M(512M) 11.578ms
[2024-01-16T11:52:52.705+0000][7][gc,cpu      ] GC(8) User=0.04s Sys=0.00s Real=0.01s
[2024-01-16T11:52:52.706+0000][7][safepoint   ] Safepoint "G1CollectForAllocation", Time since last: 458854106 ns, Reaching safepoint: 10671 ns, Cleanup: 50436 ns, At safepoint: 11899601 ns, Total: 11960708 ns
[2024-01-16T11:52:54.144+0000][7][safepoint   ] Safepoint "ICBufferFull", Time since last: 1438165730 ns, Reaching safepoint: 7214 ns, Cleanup: 239458 ns, At safepoint: 6633 ns, Total: 253305 ns
[2024-01-16T11:52:54.790+0000][7][safepoint   ] Safepoint "ICBufferFull", Time since last: 645934355 ns, Reaching safepoint: 10631 ns, Cleanup: 146780 ns, At safepoint: 2876 ns, Total: 160287 ns
[2024-01-16T11:52:54.905+0000][7][gc,start    ] GC(9) Pause Young (Mixed) (G1 Evacuation Pause)
[2024-01-16T11:52:54.905+0000][7][gc,task     ] GC(9) Using 12 workers of 13 for evacuation
[2024-01-16T11:52:54.905+0000][7][gc,age      ] GC(9) Desired survivor size 20971520 bytes, new threshold 15 (max threshold 15)
[2024-01-16T11:52:54.917+0000][7][gc,phases   ] GC(9)   Pre Evacuate Collection Set: 0.2ms
[2024-01-16T11:52:54.917+0000][7][gc,phases   ] GC(9)   Merge Heap Roots: 0.1ms
[2024-01-16T11:52:54.917+0000][7][gc,phases   ] GC(9)   Evacuate Collection Set: 9.4ms
[2024-01-16T11:52:54.917+0000][7][gc,phases   ] GC(9)   Post Evacuate Collection Set: 1.6ms
[2024-01-16T11:52:54.918+0000][7][gc,phases   ] GC(9)   Other: 0.3ms
[2024-01-16T11:52:54.918+0000][7][gc,age      ] GC(9) Age table with threshold 15 (max threshold 15)
[2024-01-16T11:52:54.918+0000][7][gc,age      ] GC(9) - age   1:   10432272 bytes,   10432272 total
[2024-01-16T11:52:54.918+0000][7][gc,age      ] GC(9) - age   2:     984696 bytes,   11416968 total
[2024-01-16T11:52:54.918+0000][7][gc,age      ] GC(9) - age   3:    1538512 bytes,   12955480 total
[2024-01-16T11:52:54.918+0000][7][gc,age      ] GC(9) - age   4:    1230664 bytes,   14186144 total
[2024-01-16T11:52:54.918+0000][7][gc,age      ] GC(9) - age   5:    3375944 bytes,   17562088 total
[2024-01-16T11:52:54.918+0000][7][gc,age      ] GC(9) - age   6:    3415736 bytes,   20977824 total
[2024-01-16T11:52:54.918+0000][7][gc,age      ] GC(9) - age   7:    1415304 bytes,   22393128 total
[2024-01-16T11:52:54.918+0000][7][gc,age      ] GC(9) - age   8:    1852536 bytes,   24245664 total
[2024-01-16T11:52:54.919+0000][7][gc,heap     ] GC(9) Eden regions: 72->0(69)
[2024-01-16T11:52:54.919+0000][7][gc,heap     ] GC(9) Survivor regions: 4->7(10)
[2024-01-16T11:52:54.919+0000][7][gc,heap     ] GC(9) Old regions: 3->2
[2024-01-16T11:52:54.919+0000][7][gc,heap     ] GC(9) Humongous regions: 0->0
[2024-01-16T11:52:54.919+0000][7][gc,metaspace] GC(9) Metaspace: 31408K(32384K)->31408K(32384K) NonClass: 27493K(28096K)->27493K(28096K) Class: 3915K(4288K)->3915K(4288K)
[2024-01-16T11:52:54.919+0000][7][gc          ] GC(9) Pause Young (Mixed) (G1 Evacuation Pause) 308M->30M(512M) 14.016ms
[2024-01-16T11:52:54.919+0000][7][gc,cpu      ] GC(9) User=0.11s Sys=0.00s Real=0.01s
[2024-01-16T11:52:54.919+0000][7][safepoint   ] Safepoint "G1CollectForAllocation", Time since last: 114888573 ns, Reaching safepoint: 6242 ns, Cleanup: 22012 ns, At safepoint: 14490917 ns, Total: 14519171 ns
[2024-01-16T11:52:55.920+0000][7][safepoint   ] Safepoint "Cleanup", Time since last: 1000313654 ns, Reaching safepoint: 104919 ns, Cleanup: 102015 ns, At safepoint: 42161 ns, Total: 249095 ns
[2024-01-16T11:52:56.318+0000][7][gc,start    ] GC(10) Pause Young (Concurrent Start) (Metadata GC Threshold)
[2024-01-16T11:52:56.318+0000][7][gc,task     ] GC(10) Using 12 workers of 13 for evacuation
[2024-01-16T11:52:56.319+0000][7][gc,age      ] GC(10) Desired survivor size 20971520 bytes, new threshold 6 (max threshold 15)
[2024-01-16T11:52:56.339+0000][7][gc,phases   ] GC(10)   Pre Evacuate Collection Set: 0.3ms
[2024-01-16T11:52:56.339+0000][7][gc,phases   ] GC(10)   Merge Heap Roots: 0.4ms
[2024-01-16T11:52:56.339+0000][7][gc,phases   ] GC(10)   Evacuate Collection Set: 18.0ms
[2024-01-16T11:52:56.340+0000][7][gc,phases   ] GC(10)   Post Evacuate Collection Set: 1.4ms
[2024-01-16T11:52:56.340+0000][7][gc,phases   ] GC(10)   Other: 0.4ms
[2024-01-16T11:52:56.340+0000][7][gc,age      ] GC(10) Age table with threshold 6 (max threshold 15)
[2024-01-16T11:52:56.340+0000][7][gc,age      ] GC(10) - age   1:   17521328 bytes,   17521328 total
[2024-01-16T11:52:56.340+0000][7][gc,age      ] GC(10) - age   2:    9766144 bytes,   27287472 total
[2024-01-16T11:52:56.340+0000][7][gc,age      ] GC(10) - age   3:     984288 bytes,   28271760 total
[2024-01-16T11:52:56.341+0000][7][gc,age      ] GC(10) - age   4:    1538512 bytes,   29810272 total
[2024-01-16T11:52:56.341+0000][7][gc,age      ] GC(10) - age   5:    1230664 bytes,   31040936 total
[2024-01-16T11:52:56.341+0000][7][gc,age      ] GC(10) - age   6:    3374144 bytes,   34415080 total
[2024-01-16T11:52:56.341+0000][7][gc,heap     ] GC(10) Eden regions: 47->0(67)
[2024-01-16T11:52:56.341+0000][7][gc,heap     ] GC(10) Survivor regions: 7->9(10)
[2024-01-16T11:52:56.341+0000][7][gc,heap     ] GC(10) Old regions: 2->3
[2024-01-16T11:52:56.341+0000][7][gc,heap     ] GC(10) Humongous regions: 0->0
[2024-01-16T11:52:56.342+0000][7][gc,metaspace] GC(10) Metaspace: 35107K(36096K)->35107K(36096K) NonClass: 30571K(31168K)->30571K(31168K) Class: 4535K(4928K)->4535K(4928K)
[2024-01-16T11:52:56.342+0000][7][gc          ] GC(10) Pause Young (Concurrent Start) (Metadata GC Threshold) 216M->47M(512M) 23.919ms
[2024-01-16T11:52:56.342+0000][7][gc,cpu      ] GC(10) User=0.15s Sys=0.01s Real=0.03s
[2024-01-16T11:52:56.342+0000][7][gc          ] GC(11) Concurrent Mark Cycle
[2024-01-16T11:52:56.342+0000][7][safepoint   ] Safepoint "CollectForMetadataAllocation", Time since last: 397649305 ns, Reaching safepoint: 9087 ns, Cleanup: 76507 ns, At safepoint: 24514949 ns, Total: 24600543 ns
[2024-01-16T11:52:56.342+0000][7][gc,marking  ] GC(11) Concurrent Scan Root Regions
[2024-01-16T11:52:56.353+0000][7][gc,marking  ] GC(11) Concurrent Scan Root Regions 10.208ms
[2024-01-16T11:52:56.353+0000][7][gc,marking  ] GC(11) Concurrent Mark
[2024-01-16T11:52:56.353+0000][7][gc,marking  ] GC(11) Concurrent Mark From Roots
[2024-01-16T11:52:56.353+0000][7][gc,task     ] GC(11) Using 3 workers of 3 for marking
[2024-01-16T11:52:56.357+0000][7][gc,marking  ] GC(11) Concurrent Mark From Roots 4.021ms
[2024-01-16T11:52:56.358+0000][7][gc,marking  ] GC(11) Concurrent Preclean
[2024-01-16T11:52:56.358+0000][7][gc,marking  ] GC(11) Concurrent Preclean 0.264ms
[2024-01-16T11:52:56.358+0000][7][gc,start    ] GC(11) Pause Remark
[2024-01-16T11:52:56.365+0000][7][gc          ] GC(11) Pause Remark 49M->49M(512M) 6.297ms
[2024-01-16T11:52:56.365+0000][7][gc,cpu      ] GC(11) User=0.03s Sys=0.00s Real=0.01s
[2024-01-16T11:52:56.365+0000][7][safepoint   ] Safepoint "G1PauseRemark", Time since last: 15846323 ns, Reaching safepoint: 100015 ns, Cleanup: 3357 ns, At safepoint: 6856204 ns, Total: 6959576 ns
[2024-01-16T11:52:56.365+0000][7][gc,marking  ] GC(11) Concurrent Mark 12.302ms
[2024-01-16T11:52:56.365+0000][7][gc,marking  ] GC(11) Concurrent Rebuild Remembered Sets and Scrub Regions
[2024-01-16T11:52:56.367+0000][7][gc,marking  ] GC(11) Concurrent Rebuild Remembered Sets and Scrub Regions 1.554ms
[2024-01-16T11:52:56.368+0000][7][gc,start    ] GC(11) Pause Cleanup
[2024-01-16T11:52:56.368+0000][7][gc          ] GC(11) Pause Cleanup 49M->49M(512M) 0.248ms
[2024-01-16T11:52:56.368+0000][7][gc,cpu      ] GC(11) User=0.00s Sys=0.00s Real=0.00s
[2024-01-16T11:52:56.368+0000][7][safepoint   ] Safepoint "G1PauseCleanup", Time since last: 2445921 ns, Reaching safepoint: 13145 ns, Cleanup: 22112 ns, At safepoint: 573140 ns, Total: 608397 ns
[2024-01-16T11:52:56.368+0000][7][gc,marking  ] GC(11) Concurrent Clear Claimed Marks
[2024-01-16T11:52:56.369+0000][7][gc,marking  ] GC(11) Concurrent Clear Claimed Marks 0.247ms
[2024-01-16T11:52:56.369+0000][7][gc,marking  ] GC(11) Concurrent Cleanup for Next Mark
[2024-01-16T11:52:56.370+0000][7][gc,marking  ] GC(11) Concurrent Cleanup for Next Mark 1.463ms
[2024-01-16T11:52:56.371+0000][7][gc          ] GC(11) Concurrent Mark Cycle 28.711ms
[2024-01-16T11:52:57.923+0000][7][safepoint   ] Safepoint "Cleanup", Time since last: 1554965413 ns, Reaching safepoint: 5230 ns, Cleanup: 146019 ns, At safepoint: 15781 ns, Total: 167030 ns
[2024-01-16T11:52:58.628+0000][7][gc,start    ] GC(12) Pause Young (Normal) (G1 Evacuation Pause)
[2024-01-16T11:52:58.629+0000][7][gc,task     ] GC(12) Using 12 workers of 13 for evacuation
[2024-01-16T11:52:58.629+0000][7][gc,age      ] GC(12) Desired survivor size 20971520 bytes, new threshold 2 (max threshold 15)
[2024-01-16T11:52:58.648+0000][7][gc,phases   ] GC(12)   Pre Evacuate Collection Set: 0.3ms
[2024-01-16T11:52:58.648+0000][7][gc,phases   ] GC(12)   Merge Heap Roots: 0.1ms
[2024-01-16T11:52:58.648+0000][7][gc,phases   ] GC(12)   Evacuate Collection Set: 15.6ms
[2024-01-16T11:52:58.648+0000][7][gc,phases   ] GC(12)   Post Evacuate Collection Set: 2.3ms
[2024-01-16T11:52:58.649+0000][7][gc,phases   ] GC(12)   Other: 0.5ms
[2024-01-16T11:52:58.649+0000][7][gc,age      ] GC(12) Age table with threshold 2 (max threshold 15)
[2024-01-16T11:52:58.649+0000][7][gc,age      ] GC(12) - age   1:    6414720 bytes,    6414720 total
[2024-01-16T11:52:58.649+0000][7][gc,age      ] GC(12) - age   2:   17444896 bytes,   23859616 total
[2024-01-16T11:52:58.649+0000][7][gc,heap     ] GC(12) Eden regions: 67->0(69)
[2024-01-16T11:52:58.650+0000][7][gc,heap     ] GC(12) Survivor regions: 9->7(10)
[2024-01-16T11:52:58.650+0000][7][gc,heap     ] GC(12) Old regions: 3->8
[2024-01-16T11:52:58.650+0000][7][gc,heap     ] GC(12) Humongous regions: 0->0
[2024-01-16T11:52:58.650+0000][7][gc,metaspace] GC(12) Metaspace: 53406K(54656K)->53406K(54656K) NonClass: 46345K(47104K)->46345K(47104K) Class: 7061K(7552K)->7061K(7552K)
[2024-01-16T11:52:58.651+0000][7][gc          ] GC(12) Pause Young (Normal) (G1 Evacuation Pause) 315M->54M(512M) 22.215ms
[2024-01-16T11:52:58.651+0000][7][gc,cpu      ] GC(12) User=0.20s Sys=0.02s Real=0.03s
[2024-01-16T11:52:58.651+0000][7][safepoint   ] Safepoint "G1CollectForAllocation", Time since last: 704859881 ns, Reaching safepoint: 14938 ns, Cleanup: 194051 ns, At safepoint: 22686141 ns, Total: 22895130 ns
[2024-01-16T11:52:59.349+0000][7][gc,start    ] GC(13) Pause Young (Concurrent Start) (Metadata GC Threshold)
[2024-01-16T11:52:59.349+0000][7][gc,task     ] GC(13) Using 12 workers of 13 for evacuation
[2024-01-16T11:52:59.349+0000][7][gc,age      ] GC(13) Desired survivor size 20971520 bytes, new threshold 2 (max threshold 15)
[2024-01-16T11:52:59.363+0000][7][gc,phases   ] GC(13)   Pre Evacuate Collection Set: 0.3ms
[2024-01-16T11:52:59.363+0000][7][gc,phases   ] GC(13)   Merge Heap Roots: 0.2ms
[2024-01-16T11:52:59.363+0000][7][gc,phases   ] GC(13)   Evacuate Collection Set: 11.0ms
[2024-01-16T11:52:59.364+0000][7][gc,phases   ] GC(13)   Post Evacuate Collection Set: 1.5ms
[2024-01-16T11:52:59.364+0000][7][gc,phases   ] GC(13)   Other: 0.7ms
[2024-01-16T11:52:59.364+0000][7][gc,age      ] GC(13) Age table with threshold 2 (max threshold 15)
[2024-01-16T11:52:59.364+0000][7][gc,age      ] GC(13) - age   1:    3352040 bytes,    3352040 total
[2024-01-16T11:52:59.364+0000][7][gc,age      ] GC(13) - age   2:    6159312 bytes,    9511352 total
[2024-01-16T11:52:59.364+0000][7][gc,heap     ] GC(13) Eden regions: 28->0(73)
[2024-01-16T11:52:59.365+0000][7][gc,heap     ] GC(13) Survivor regions: 7->3(10)
[2024-01-16T11:52:59.365+0000][7][gc,heap     ] GC(13) Old regions: 8->12
[2024-01-16T11:52:59.365+0000][7][gc,heap     ] GC(13) Humongous regions: 0->0
[2024-01-16T11:52:59.365+0000][7][gc,metaspace] GC(13) Metaspace: 58990K(60288K)->58990K(60288K) NonClass: 51115K(51904K)->51115K(51904K) Class: 7874K(8384K)->7874K(8384K)
[2024-01-16T11:52:59.365+0000][7][gc          ] GC(13) Pause Young (Concurrent Start) (Metadata GC Threshold) 166M->57M(512M) 16.452ms
[2024-01-16T11:52:59.366+0000][7][gc          ] GC(14) Concurrent Mark Cycle
[2024-01-16T11:52:59.366+0000][7][gc,marking  ] GC(14) Concurrent Scan Root Regions
[2024-01-16T11:52:59.366+0000][7][gc,cpu      ] GC(13) User=0.13s Sys=0.00s Real=0.02s
[2024-01-16T11:52:59.366+0000][7][safepoint   ] Safepoint "CollectForMetadataAllocation", Time since last: 697585297 ns, Reaching safepoint: 96314 ns, Cleanup: 144446 ns, At safepoint: 17407722 ns, Total: 17648482 ns
[2024-01-16T11:52:59.374+0000][7][gc,marking  ] GC(14) Concurrent Scan Root Regions 8.262ms
[2024-01-16T11:52:59.375+0000][7][gc,marking  ] GC(14) Concurrent Mark
[2024-01-16T11:52:59.375+0000][7][gc,marking  ] GC(14) Concurrent Mark From Roots
[2024-01-16T11:52:59.375+0000][7][gc,task     ] GC(14) Using 3 workers of 3 for marking
[2024-01-16T11:52:59.390+0000][7][gc,marking  ] GC(14) Concurrent Mark From Roots 14.942ms
[2024-01-16T11:52:59.391+0000][7][gc,marking  ] GC(14) Concurrent Preclean
[2024-01-16T11:52:59.391+0000][7][gc,marking  ] GC(14) Concurrent Preclean 0.431ms
[2024-01-16T11:52:59.391+0000][7][gc,start    ] GC(14) Pause Remark
[2024-01-16T11:52:59.396+0000][7][gc          ] GC(14) Pause Remark 60M->60M(512M) 4.678ms
[2024-01-16T11:52:59.396+0000][7][gc,cpu      ] GC(14) User=0.02s Sys=0.01s Real=0.00s
[2024-01-16T11:52:59.397+0000][7][safepoint   ] Safepoint "G1PauseRemark", Time since last: 24974334 ns, Reaching safepoint: 90062 ns, Cleanup: 19277 ns, At safepoint: 5191803 ns, Total: 5301142 ns
[2024-01-16T11:52:59.397+0000][7][gc,marking  ] GC(14) Concurrent Mark 22.017ms
[2024-01-16T11:52:59.397+0000][7][gc,marking  ] GC(14) Concurrent Rebuild Remembered Sets and Scrub Regions
[2024-01-16T11:52:59.403+0000][7][gc,marking  ] GC(14) Concurrent Rebuild Remembered Sets and Scrub Regions 6.316ms
[2024-01-16T11:52:59.404+0000][7][gc,start    ] GC(14) Pause Cleanup
[2024-01-16T11:52:59.404+0000][7][gc          ] GC(14) Pause Cleanup 60M->60M(512M) 0.261ms
[2024-01-16T11:52:59.404+0000][7][gc,cpu      ] GC(14) User=0.00s Sys=0.00s Real=0.00s
[2024-01-16T11:52:59.404+0000][7][safepoint   ] Safepoint "G1PauseCleanup", Time since last: 6970974 ns, Reaching safepoint: 7093 ns, Cleanup: 7324 ns, At safepoint: 519779 ns, Total: 534196 ns
[2024-01-16T11:52:59.404+0000][7][gc,marking  ] GC(14) Concurrent Clear Claimed Marks
[2024-01-16T11:52:59.405+0000][7][gc,marking  ] GC(14) Concurrent Clear Claimed Marks 0.257ms
[2024-01-16T11:52:59.405+0000][7][gc,marking  ] GC(14) Concurrent Cleanup for Next Mark
[2024-01-16T11:52:59.406+0000][7][gc,marking  ] GC(14) Concurrent Cleanup for Next Mark 1.014ms
[2024-01-16T11:52:59.406+0000][7][gc          ] GC(14) Concurrent Mark Cycle 40.395ms
[2024-01-16T11:53:00.455+0000][7][safepoint   ] Safepoint "Cleanup", Time since last: 1048699062 ns, Reaching safepoint: 2117182 ns, Cleanup: 167099 ns, At safepoint: 30799 ns, Total: 2315080 ns
[2024-01-16T11:53:01.493+0000][7][safepoint   ] Safepoint "Cleanup", Time since last: 1038157073 ns, Reaching safepoint: 5811 ns, Cleanup: 127574 ns, At safepoint: 11772 ns, Total: 145157 ns
[2024-01-16T11:53:02.125+0000][7][safepoint   ] Safepoint "ICBufferFull", Time since last: 631842352 ns, Reaching safepoint: 6923 ns, Cleanup: 128125 ns, At safepoint: 2595 ns, Total: 137643 ns
[2024-01-16T11:53:02.747+0000][7][gc,start    ] GC(15) Pause Young (Normal) (G1 Evacuation Pause)
[2024-01-16T11:53:02.747+0000][7][gc,task     ] GC(15) Using 12 workers of 13 for evacuation
[2024-01-16T11:53:02.748+0000][7][gc,age      ] GC(15) Desired survivor size 20971520 bytes, new threshold 15 (max threshold 15)
[2024-01-16T11:53:02.763+0000][7][gc,phases   ] GC(15)   Pre Evacuate Collection Set: 0.4ms
[2024-01-16T11:53:02.763+0000][7][gc,phases   ] GC(15)   Merge Heap Roots: 0.1ms
[2024-01-16T11:53:02.764+0000][7][gc,phases   ] GC(15)   Evacuate Collection Set: 12.6ms
[2024-01-16T11:53:02.764+0000][7][gc,phases   ] GC(15)   Post Evacuate Collection Set: 1.8ms
[2024-01-16T11:53:02.764+0000][7][gc,phases   ] GC(15)   Other: 0.8ms
[2024-01-16T11:53:02.764+0000][7][gc,age      ] GC(15) Age table with threshold 15 (max threshold 15)
[2024-01-16T11:53:02.764+0000][7][gc,age      ] GC(15) - age   1:   13590184 bytes,   13590184 total
[2024-01-16T11:53:02.765+0000][7][gc,age      ] GC(15) - age   2:    3167272 bytes,   16757456 total
[2024-01-16T11:53:02.765+0000][7][gc,age      ] GC(15) - age   3:    6046064 bytes,   22803520 total
[2024-01-16T11:53:02.765+0000][7][gc,heap     ] GC(15) Eden regions: 73->0(70)
[2024-01-16T11:53:02.765+0000][7][gc,heap     ] GC(15) Survivor regions: 3->6(10)
[2024-01-16T11:53:02.765+0000][7][gc,heap     ] GC(15) Old regions: 12->12
[2024-01-16T11:53:02.765+0000][7][gc,heap     ] GC(15) Humongous regions: 0->0
[2024-01-16T11:53:02.765+0000][7][gc,metaspace] GC(15) Metaspace: 87403K(90176K)->87403K(90176K) NonClass: 75272K(76736K)->75272K(76736K) Class: 12131K(13440K)->12131K(13440K)
[2024-01-16T11:53:02.766+0000][7][gc          ] GC(15) Pause Young (Normal) (G1 Evacuation Pause) 349M->70M(512M) 18.651ms
[2024-01-16T11:53:02.766+0000][7][gc,cpu      ] GC(15) User=0.13s Sys=0.02s Real=0.02s
[2024-01-16T11:53:02.766+0000][7][safepoint   ] Safepoint "G1CollectForAllocation", Time since last: 621233004 ns, Reaching safepoint: 17163 ns, Cleanup: 200533 ns, At safepoint: 19072874 ns, Total: 19290570 ns
[2024-01-16T11:53:03.332+0000][7][safepoint   ] Safepoint "ICBufferFull", Time since last: 566386410 ns, Reaching safepoint: 5030 ns, Cleanup: 108818 ns, At safepoint: 1543 ns, Total: 115391 ns
[2024-01-16T11:53:03.445+0000][7][safepoint   ] Safepoint "ICBufferFull", Time since last: 112766106 ns, Reaching safepoint: 12003 ns, Cleanup: 158283 ns, At safepoint: 16571 ns, Total: 186857 ns
[2024-01-16T11:53:03.928+0000][7][safepoint   ] Safepoint "ICBufferFull", Time since last: 481752642 ns, Reaching safepoint: 758210 ns, Cleanup: 108998 ns, At safepoint: 64724 ns, Total: 931932 ns
[2024-01-16T11:53:04.060+0000][7][gc,start    ] GC(16) Pause Young (Concurrent Start) (Metadata GC Threshold)
[2024-01-16T11:53:04.060+0000][7][gc,task     ] GC(16) Using 12 workers of 13 for evacuation
[2024-01-16T11:53:04.060+0000][7][gc,age      ] GC(16) Desired survivor size 20971520 bytes, new threshold 3 (max threshold 15)
[2024-01-16T11:53:04.072+0000][7][gc,phases   ] GC(16)   Pre Evacuate Collection Set: 0.2ms
[2024-01-16T11:53:04.073+0000][7][gc,phases   ] GC(16)   Merge Heap Roots: 0.1ms
[2024-01-16T11:53:04.073+0000][7][gc,phases   ] GC(16)   Evacuate Collection Set: 10.3ms
[2024-01-16T11:53:04.073+0000][7][gc,phases   ] GC(16)   Post Evacuate Collection Set: 1.3ms
[2024-01-16T11:53:04.073+0000][7][gc,phases   ] GC(16)   Other: 0.4ms
[2024-01-16T11:53:04.073+0000][7][gc,age      ] GC(16) Age table with threshold 3 (max threshold 15)
[2024-01-16T11:53:04.073+0000][7][gc,age      ] GC(16) - age   1:    4198160 bytes,    4198160 total
[2024-01-16T11:53:04.073+0000][7][gc,age      ] GC(16) - age   2:   13172416 bytes,   17370576 total
[2024-01-16T11:53:04.073+0000][7][gc,age      ] GC(16) - age   3:    3158216 bytes,   20528792 total
[2024-01-16T11:53:04.073+0000][7][gc,heap     ] GC(16) Eden regions: 23->0(70)
[2024-01-16T11:53:04.073+0000][7][gc,heap     ] GC(16) Survivor regions: 6->6(10)
[2024-01-16T11:53:04.074+0000][7][gc,heap     ] GC(16) Old regions: 12->14
[2024-01-16T11:53:04.074+0000][7][gc,heap     ] GC(16) Humongous regions: 0->0
[2024-01-16T11:53:04.074+0000][7][gc,metaspace] GC(16) Metaspace: 98278K(101056K)->98278K(101056K) NonClass: 84558K(86016K)->84558K(86016K) Class: 13720K(15040K)->13720K(15040K)
[2024-01-16T11:53:04.074+0000][7][gc          ] GC(16) Pause Young (Concurrent Start) (Metadata GC Threshold) 161M->74M(512M) 14.211ms
[2024-01-16T11:53:04.074+0000][7][gc,cpu      ] GC(16) User=0.12s Sys=0.01s Real=0.01s
[2024-01-16T11:53:04.074+0000][7][gc          ] GC(17) Concurrent Mark Cycle
[2024-01-16T11:53:04.074+0000][7][gc,marking  ] GC(17) Concurrent Scan Root Regions
[2024-01-16T11:53:04.074+0000][7][safepoint   ] Safepoint "CollectForMetadataAllocation", Time since last: 131564892 ns, Reaching safepoint: 10009 ns, Cleanup: 42061 ns, At safepoint: 14530167 ns, Total: 14582237 ns
[2024-01-16T11:53:04.082+0000][7][gc,marking  ] GC(17) Concurrent Scan Root Regions 7.499ms
[2024-01-16T11:53:04.082+0000][7][gc,marking  ] GC(17) Concurrent Mark
[2024-01-16T11:53:04.082+0000][7][gc,marking  ] GC(17) Concurrent Mark From Roots
[2024-01-16T11:53:04.083+0000][7][gc,task     ] GC(17) Using 3 workers of 3 for marking
[2024-01-16T11:53:04.100+0000][7][gc,marking  ] GC(17) Concurrent Mark From Roots 17.648ms
[2024-01-16T11:53:04.100+0000][7][gc,marking  ] GC(17) Concurrent Preclean
[2024-01-16T11:53:04.101+0000][7][gc,marking  ] GC(17) Concurrent Preclean 0.249ms
[2024-01-16T11:53:04.101+0000][7][gc,start    ] GC(17) Pause Remark
[2024-01-16T11:53:04.105+0000][7][gc          ] GC(17) Pause Remark 78M->78M(512M) 4.125ms
[2024-01-16T11:53:04.105+0000][7][gc,cpu      ] GC(17) User=0.03s Sys=0.00s Real=0.00s
[2024-01-16T11:53:04.105+0000][7][safepoint   ] Safepoint "G1PauseRemark", Time since last: 26506752 ns, Reaching safepoint: 89442 ns, Cleanup: 31510 ns, At safepoint: 4547416 ns, Total: 4668368 ns
[2024-01-16T11:53:04.106+0000][7][gc,marking  ] GC(17) Concurrent Mark 23.315ms
[2024-01-16T11:53:04.106+0000][7][gc,marking  ] GC(17) Concurrent Rebuild Remembered Sets and Scrub Regions
[2024-01-16T11:53:04.114+0000][7][gc,marking  ] GC(17) Concurrent Rebuild Remembered Sets and Scrub Regions 7.928ms
[2024-01-16T11:53:04.114+0000][7][gc,start    ] GC(17) Pause Cleanup
[2024-01-16T11:53:04.114+0000][7][gc          ] GC(17) Pause Cleanup 78M->78M(512M) 0.284ms
[2024-01-16T11:53:04.114+0000][7][gc,cpu      ] GC(17) User=0.00s Sys=0.00s Real=0.00s
[2024-01-16T11:53:04.114+0000][7][safepoint   ] Safepoint "G1PauseCleanup", Time since last: 8567495 ns, Reaching safepoint: 7124 ns, Cleanup: 7474 ns, At safepoint: 559840 ns, Total: 574438 ns
[2024-01-16T11:53:04.115+0000][7][gc,marking  ] GC(17) Concurrent Clear Claimed Marks
[2024-01-16T11:53:04.115+0000][7][gc,marking  ] GC(17) Concurrent Clear Claimed Marks 0.336ms
[2024-01-16T11:53:04.115+0000][7][gc,marking  ] GC(17) Concurrent Cleanup for Next Mark
[2024-01-16T11:53:04.116+0000][7][gc,marking  ] GC(17) Concurrent Cleanup for Next Mark 0.795ms
[2024-01-16T11:53:04.116+0000][7][gc          ] GC(17) Concurrent Mark Cycle 42.069ms
[2024-01-16T11:53:04.698+0000][7][safepoint   ] Safepoint "ICBufferFull", Time since last: 583015799 ns, Reaching safepoint: 6432 ns, Cleanup: 117184 ns, At safepoint: 1894 ns, Total: 125510 ns
[2024-01-16T11:53:04.976+0000][7][safepoint   ] Safepoint "ICBufferFull", Time since last: 276010393 ns, Reaching safepoint: 2122963 ns, Cleanup: 113427 ns, At safepoint: 38824 ns, Total: 2275214 ns
[2024-01-16T11:53:05.178+0000][7][safepoint   ] Safepoint "ICBufferFull", Time since last: 201908096 ns, Reaching safepoint: 9758 ns, Cleanup: 117906 ns, At safepoint: 47270 ns, Total: 174934 ns
[2024-01-16T11:53:05.349+0000][7][safepoint   ] Safepoint "ICBufferFull", Time since last: 170603958 ns, Reaching safepoint: 349889 ns, Cleanup: 129898 ns, At safepoint: 80263 ns, Total: 560050 ns
[2024-01-16T11:53:05.500+0000][7][safepoint   ] Safepoint "ICBufferFull", Time since last: 147134882 ns, Reaching safepoint: 3155371 ns, Cleanup: 162821 ns, At safepoint: 56849 ns, Total: 3375041 ns
[2024-01-16T11:53:05.754+0000][7][safepoint   ] Safepoint "ICBufferFull", Time since last: 254017318 ns, Reaching safepoint: 11682 ns, Cleanup: 120641 ns, At safepoint: 21822 ns, Total: 154145 ns
[2024-01-16T11:53:06.192+0000][7][safepoint   ] Safepoint "ICBufferFull", Time since last: 438370074 ns, Reaching safepoint: 13756 ns, Cleanup: 190860 ns, At safepoint: 28915 ns, Total: 233531 ns
[2024-01-16T11:53:06.418+0000][7][safepoint   ] Safepoint "ICBufferFull", Time since last: 224934086 ns, Reaching safepoint: 102551 ns, Cleanup: 97677 ns, At safepoint: 59904 ns, Total: 260132 ns
[2024-01-16T11:53:06.555+0000][7][gc,start    ] GC(18) Pause Young (Prepare Mixed) (G1 Evacuation Pause)
[2024-01-16T11:53:06.555+0000][7][gc,task     ] GC(18) Using 12 workers of 13 for evacuation
[2024-01-16T11:53:06.555+0000][7][gc,age      ] GC(18) Desired survivor size 20971520 bytes, new threshold 15 (max threshold 15)
[2024-01-16T11:53:06.571+0000][7][gc,phases   ] GC(18)   Pre Evacuate Collection Set: 0.2ms
[2024-01-16T11:53:06.572+0000][7][gc,phases   ] GC(18)   Merge Heap Roots: 0.1ms
[2024-01-16T11:53:06.572+0000][7][gc,phases   ] GC(18)   Evacuate Collection Set: 14.2ms
[2024-01-16T11:53:06.572+0000][7][gc,phases   ] GC(18)   Post Evacuate Collection Set: 1.3ms
[2024-01-16T11:53:06.572+0000][7][gc,phases   ] GC(18)   Other: 0.3ms
[2024-01-16T11:53:06.572+0000][7][gc,age      ] GC(18) Age table with threshold 15 (max threshold 15)
[2024-01-16T11:53:06.572+0000][7][gc,age      ] GC(18) - age   1:    9444832 bytes,    9444832 total
[2024-01-16T11:53:06.573+0000][7][gc,age      ] GC(18) - age   2:    3786912 bytes,   13231744 total
[2024-01-16T11:53:06.573+0000][7][gc,age      ] GC(18) - age   3:   13095224 bytes,   26326968 total
[2024-01-16T11:53:06.573+0000][7][gc,age      ] GC(18) - age   4:    3153472 bytes,   29480440 total
[2024-01-16T11:53:06.573+0000][7][gc,heap     ] GC(18) Eden regions: 70->0(68)
[2024-01-16T11:53:06.573+0000][7][gc,heap     ] GC(18) Survivor regions: 6->8(10)
[2024-01-16T11:53:06.573+0000][7][gc,heap     ] GC(18) Old regions: 14->14
[2024-01-16T11:53:06.573+0000][7][gc,heap     ] GC(18) Humongous regions: 2->2
[2024-01-16T11:53:06.573+0000][7][gc,metaspace] GC(18) Metaspace: 109508K(112384K)->109508K(112384K) NonClass: 94284K(95872K)->94284K(95872K) Class: 15224K(16512K)->15224K(16512K)
[2024-01-16T11:53:06.573+0000][7][gc          ] GC(18) Pause Young (Prepare Mixed) (G1 Evacuation Pause) 362M->91M(512M) 18.346ms
[2024-01-16T11:53:06.574+0000][7][gc,cpu      ] GC(18) User=0.12s Sys=0.01s Real=0.02s
[2024-01-16T11:53:06.574+0000][7][safepoint   ] Safepoint "G1CollectForAllocation", Time since last: 137358741 ns, Reaching safepoint: 8867 ns, Cleanup: 100042 ns, At safepoint: 18685914 ns, Total: 18794823 ns
[2024-01-16T11:53:06.793+0000][7][safepoint   ] Safepoint "ICBufferFull", Time since last: 219275986 ns, Reaching safepoint: 13216 ns, Cleanup: 127483 ns, At safepoint: 48142 ns, Total: 188841 ns
[2024-01-16T11:53:06.985+0000][7][safepoint   ] Safepoint "ICBufferFull", Time since last: 191411694 ns, Reaching safepoint: 16061 ns, Cleanup: 125479 ns, At safepoint: 21992 ns, Total: 163532 ns
[2024-01-16T11:53:08.091+0000][7][safepoint   ] Safepoint "Cleanup", Time since last: 1106023848 ns, Reaching safepoint: 16722 ns, Cleanup: 104740 ns, At safepoint: 2776 ns, Total: 124238 ns
[2024-01-16T11:53:08.597+0000][7][safepoint   ] Safepoint "ICBufferFull", Time since last: 505669215 ns, Reaching safepoint: 105496 ns, Cleanup: 165938 ns, At safepoint: 13285 ns, Total: 284719 ns
[2024-01-16T11:53:08.928+0000][7][safepoint   ] Safepoint "ICBufferFull", Time since last: 330569183 ns, Reaching safepoint: 95001 ns, Cleanup: 120631 ns, At safepoint: 26440 ns, Total: 242072 ns
[2024-01-16T11:53:09.970+0000][7][safepoint   ] Safepoint "Cleanup", Time since last: 1042173150 ns, Reaching safepoint: 18816 ns, Cleanup: 105401 ns, At safepoint: 3477 ns, Total: 127694 ns
[2024-01-16T11:53:10.970+0000][7][safepoint   ] Safepoint "Cleanup", Time since last: 1000384132 ns, Reaching safepoint: 12544 ns, Cleanup: 17824 ns, At safepoint: 2424 ns, Total: 32792 ns
[2024-01-16T11:53:11.789+0000][7][safepoint   ] Safepoint "ICBufferFull", Time since last: 818606307 ns, Reaching safepoint: 100522 ns, Cleanup: 115922 ns, At safepoint: 36901 ns, Total: 253345 ns
[2024-01-16T11:53:11.791+0000][7][gc,start    ] GC(19) Pause Young (Mixed) (G1 Evacuation Pause)
[2024-01-16T11:53:11.792+0000][7][gc,task     ] GC(19) Using 12 workers of 13 for evacuation
[2024-01-16T11:53:11.792+0000][7][gc,age      ] GC(19) Desired survivor size 20971520 bytes, new threshold 3 (max threshold 15)
[2024-01-16T11:53:11.811+0000][7][gc,phases   ] GC(19)   Pre Evacuate Collection Set: 0.2ms
[2024-01-16T11:53:11.811+0000][7][gc,phases   ] GC(19)   Merge Heap Roots: 0.1ms
[2024-01-16T11:53:11.811+0000][7][gc,phases   ] GC(19)   Evacuate Collection Set: 17.6ms
[2024-01-16T11:53:11.811+0000][7][gc,phases   ] GC(19)   Post Evacuate Collection Set: 1.1ms
[2024-01-16T11:53:11.811+0000][7][gc,phases   ] GC(19)   Other: 0.3ms
[2024-01-16T11:53:11.812+0000][7][gc,age      ] GC(19) Age table with threshold 3 (max threshold 15)
[2024-01-16T11:53:11.812+0000][7][gc,age      ] GC(19) - age   1:    6497592 bytes,    6497592 total
[2024-01-16T11:53:11.812+0000][7][gc,age      ] GC(19) - age   2:    6570304 bytes,   13067896 total
[2024-01-16T11:53:11.812+0000][7][gc,age      ] GC(19) - age   3:    3775480 bytes,   16843376 total
[2024-01-16T11:53:11.812+0000][7][gc,heap     ] GC(19) Eden regions: 68->0(71)
[2024-01-16T11:53:11.812+0000][7][gc,heap     ] GC(19) Survivor regions: 8->5(10)
[2024-01-16T11:53:11.812+0000][7][gc,heap     ] GC(19) Old regions: 14->18
[2024-01-16T11:53:11.812+0000][7][gc,heap     ] GC(19) Humongous regions: 2->2
[2024-01-16T11:53:11.812+0000][7][gc,metaspace] GC(19) Metaspace: 114145K(117312K)->114145K(117312K) NonClass: 98264K(99968K)->98264K(99968K) Class: 15880K(17344K)->15880K(17344K)
[2024-01-16T11:53:11.812+0000][7][gc          ] GC(19) Pause Young (Mixed) (G1 Evacuation Pause) 363M->95M(512M) 21.128ms
[2024-01-16T11:53:11.813+0000][7][gc,cpu      ] GC(19) User=0.15s Sys=0.01s Real=0.02s
[2024-01-16T11:53:11.813+0000][7][safepoint   ] Safepoint "G1CollectForAllocation", Time since last: 1958312 ns, Reaching safepoint: 10851 ns, Cleanup: 5360 ns, At safepoint: 21445319 ns, Total: 21461530 ns
[2024-01-16T11:53:12.813+0000][7][safepoint   ] Safepoint "Cleanup", Time since last: 1000246179 ns, Reaching safepoint: 16110 ns, Cleanup: 80725 ns, At safepoint: 3276 ns, Total: 100111 ns
[2024-01-16T11:53:13.814+0000][7][safepoint   ] Safepoint "Cleanup", Time since last: 1000426734 ns, Reaching safepoint: 13806 ns, Cleanup: 24166 ns, At safepoint: 2475 ns, Total: 40447 ns
[2024-01-16T11:53:14.814+0000][7][safepoint   ] Safepoint "Cleanup", Time since last: 1000332588 ns, Reaching safepoint: 15530 ns, Cleanup: 40467 ns, At safepoint: 3036 ns, Total: 59033 ns
[2024-01-16T11:53:16.814+0000][7][safepoint   ] Safepoint "Cleanup", Time since last: 2000470781 ns, Reaching safepoint: 14838 ns, Cleanup: 21341 ns, At safepoint: 2314 ns, Total: 38493 ns
[2024-01-16T11:53:17.815+0000][7][safepoint   ] Safepoint "Cleanup", Time since last: 1000379694 ns, Reaching safepoint: 20389 ns, Cleanup: 32131 ns, At safepoint: 2916 ns, Total: 55436 ns
[2024-01-16T11:53:18.815+0000][7][safepoint   ] Safepoint "Cleanup", Time since last: 1000441772 ns, Reaching safepoint: 12895 ns, Cleanup: 14678 ns, At safepoint: 2886 ns, Total: 30459 ns
[2024-01-16T11:53:20.816+0000][7][safepoint   ] Safepoint "Cleanup", Time since last: 2000521417 ns, Reaching safepoint: 14718 ns, Cleanup: 28043 ns, At safepoint: 2475 ns, Total: 45236 ns
[2024-01-16T11:53:21.817+0000][7][safepoint   ] Safepoint "Cleanup", Time since last: 1000352327 ns, Reaching safepoint: 15629 ns, Cleanup: 27964 ns, At safepoint: 2895 ns, Total: 46488 ns
[2024-01-16T11:53:22.817+0000][7][safepoint   ] Safepoint "Cleanup", Time since last: 1000415613 ns, Reaching safepoint: 37211 ns, Cleanup: 15590 ns, At safepoint: 2875 ns, Total: 55676 ns
[2024-01-16T11:53:23.818+0000][7][safepoint   ] Safepoint "Cleanup", Time since last: 1000362300 ns, Reaching safepoint: 13326 ns, Cleanup: 145979 ns, At safepoint: 2435 ns, Total: 161740 ns
[2024-01-16T11:53:24.818+0000][7][safepoint   ] Safepoint "Cleanup", Time since last: 1000375545 ns, Reaching safepoint: 15370 ns, Cleanup: 18625 ns, At safepoint: 2725 ns, Total: 36720 ns
[2024-01-16T11:53:26.818+0000][7][safepoint   ] Safepoint "Cleanup", Time since last: 2000454515 ns, Reaching safepoint: 15710 ns, Cleanup: 31420 ns, At safepoint: 2645 ns, Total: 49775 ns
[2024-01-16T11:53:28.819+0000][7][safepoint   ] Safepoint "Cleanup", Time since last: 2000445768 ns, Reaching safepoint: 19918 ns, Cleanup: 13155 ns, At safepoint: 2435 ns, Total: 35508 ns
[2024-01-16T11:53:29.819+0000][7][safepoint   ] Safepoint "Cleanup", Time since last: 1000480446 ns, Reaching safepoint: 15469 ns, Cleanup: 30258 ns, At safepoint: 2505 ns, Total: 48232 ns
[2024-01-16T11:53:30.820+0000][7][safepoint   ] Safepoint "Cleanup", Time since last: 1000376848 ns, Reaching safepoint: 15540 ns, Cleanup: 12744 ns, At safepoint: 2535 ns, Total: 30819 ns
[2024-01-16T11:53:31.820+0000][7][safepoint   ] Safepoint "Cleanup", Time since last: 1000397688 ns, Reaching safepoint: 14688 ns, Cleanup: 67700 ns, At safepoint: 2695 ns, Total: 85083 ns
[2024-01-16T11:53:32.821+0000][7][safepoint   ] Safepoint "Cleanup", Time since last: 1000370877 ns, Reaching safepoint: 14417 ns, Cleanup: 23004 ns, At safepoint: 2635 ns, Total: 40056 ns
[2024-01-16T11:53:33.821+0000][7][safepoint   ] Safepoint "Cleanup", Time since last: 1000380285 ns, Reaching safepoint: 13596 ns, Cleanup: 11372 ns, At safepoint: 2394 ns, Total: 27362 ns
[2024-01-16T11:53:34.822+0000][7][safepoint   ] Safepoint "Cleanup", Time since last: 1000381477 ns, Reaching safepoint: 15690 ns, Cleanup: 44034 ns, At safepoint: 2716 ns, Total: 62440 ns
[2024-01-16T11:53:35.822+0000][7][safepoint   ] Safepoint "Cleanup", Time since last: 1000361568 ns, Reaching safepoint: 21061 ns, Cleanup: 85107 ns, At safepoint: 10400 ns, Total: 116568 ns
[2024-01-16T11:53:36.823+0000][7][safepoint   ] Safepoint "Cleanup", Time since last: 1000409095 ns, Reaching safepoint: 15720 ns, Cleanup: 23475 ns, At safepoint: 3016 ns, Total: 42211 ns
[2024-01-16T11:53:38.823+0000][7][safepoint   ] Safepoint "Cleanup", Time since last: 2000432552 ns, Reaching safepoint: 13436 ns, Cleanup: 15229 ns, At safepoint: 2445 ns, Total: 31110 ns
[2024-01-16T11:53:41.824+0000][7][safepoint   ] Safepoint "Cleanup", Time since last: 3000638183 ns, Reaching safepoint: 26581 ns, Cleanup: 42531 ns, At safepoint: 3707 ns, Total: 72819 ns
[2024-01-16T11:53:43.824+0000][7][safepoint   ] Safepoint "Cleanup", Time since last: 2000761652 ns, Reaching safepoint: 13636 ns, Cleanup: 8386 ns, At safepoint: 2435 ns, Total: 24457 ns
[2024-01-16T11:53:44.825+0000][7][safepoint   ] Safepoint "Cleanup", Time since last: 1000412606 ns, Reaching safepoint: 16001 ns, Cleanup: 22974 ns, At safepoint: 2735 ns, Total: 41710 ns
[2024-01-16T11:53:46.825+0000][7][safepoint   ] Safepoint "Cleanup", Time since last: 2000482698 ns, Reaching safepoint: 14969 ns, Cleanup: 20439 ns, At safepoint: 2986 ns, Total: 38394 ns
[2024-01-16T11:53:47.826+0000][7][safepoint   ] Safepoint "Cleanup", Time since last: 1000411173 ns, Reaching safepoint: 12695 ns, Cleanup: 28715 ns, At safepoint: 2524 ns, Total: 43934 ns
[2024-01-16T11:53:49.580+0000][7][safepoint   ] Safepoint "Cleanup", Time since last: 1754098981 ns, Reaching safepoint: 14798 ns, Cleanup: 21882 ns, At safepoint: 2745 ns, Total: 39425 ns
[2024-01-16T11:53:50.581+0000][7][safepoint   ] Safepoint "Cleanup", Time since last: 1000373051 ns, Reaching safepoint: 12134 ns, Cleanup: 15439 ns, At safepoint: 2305 ns, Total: 29878 ns
[2024-01-16T11:53:53.581+0000][7][safepoint   ] Safepoint "Cleanup", Time since last: 3000522171 ns, Reaching safepoint: 11693 ns, Cleanup: 10329 ns, At safepoint: 1854 ns, Total: 23876 ns
[2024-01-16T11:53:56.582+0000][7][safepoint   ] Safepoint "Cleanup", Time since last: 3000499278 ns, Reaching safepoint: 12484 ns, Cleanup: 17623 ns, At safepoint: 2545 ns, Total: 32652 ns
[2024-01-16T11:53:58.582+0000][7][safepoint   ] Safepoint "Cleanup", Time since last: 2000453588 ns, Reaching safepoint: 44836 ns, Cleanup: 13736 ns, At safepoint: 2865 ns, Total: 61437 ns
[2024-01-16T11:53:59.583+0000][7][safepoint   ] Safepoint "Cleanup", Time since last: 1000381683 ns, Reaching safepoint: 11181 ns, Cleanup: 16512 ns, At safepoint: 1853 ns, Total: 29546 ns
[2024-01-16T11:54:00.583+0000][7][safepoint   ] Safepoint "Cleanup", Time since last: 1000204198 ns, Reaching safepoint: 15079 ns, Cleanup: 139196 ns, At safepoint: 2675 ns, Total: 156950 ns
[2024-01-16T11:54:02.000+0000][7][safepoint   ] Safepoint "Cleanup", Time since last: 1417074480 ns, Reaching safepoint: 11262 ns, Cleanup: 139256 ns, At safepoint: 28815 ns, Total: 179333 ns
[2024-01-16T11:54:03.001+0000][7][safepoint   ] Safepoint "Cleanup", Time since last: 1000355838 ns, Reaching safepoint: 16552 ns, Cleanup: 92096 ns, At safepoint: 2765 ns, Total: 111413 ns
[2024-01-16T11:54:04.001+0000][7][safepoint   ] Safepoint "Cleanup", Time since last: 1000350628 ns, Reaching safepoint: 22052 ns, Cleanup: 29667 ns, At safepoint: 2445 ns, Total: 54164 ns
[2024-01-16T11:54:06.002+0000][7][safepoint   ] Safepoint "Cleanup", Time since last: 2000437662 ns, Reaching safepoint: 16652 ns, Cleanup: 66497 ns, At safepoint: 2555 ns, Total: 85704 ns
[2024-01-16T11:54:07.002+0000][7][safepoint   ] Safepoint "Cleanup", Time since last: 1000382489 ns, Reaching safepoint: 16742 ns, Cleanup: 19367 ns, At safepoint: 2825 ns, Total: 38934 ns
[2024-01-16T11:54:08.003+0000][7][safepoint   ] Safepoint "Cleanup", Time since last: 1000393119 ns, Reaching safepoint: 16873 ns, Cleanup: 19036 ns, At safepoint: 2785 ns, Total: 38694 ns
[2024-01-16T11:54:09.003+0000][7][safepoint   ] Safepoint "Cleanup", Time since last: 1000389964 ns, Reaching safepoint: 16070 ns, Cleanup: 52511 ns, At safepoint: 2905 ns, Total: 71486 ns
[2024-01-16T11:54:12.004+0000][7][safepoint   ] Safepoint "Cleanup", Time since last: 3000596274 ns, Reaching safepoint: 17343 ns, Cleanup: 34796 ns, At safepoint: 2785 ns, Total: 54924 ns
[2024-01-16T11:54:13.004+0000][7][safepoint   ] Safepoint "Cleanup", Time since last: 1000399783 ns, Reaching safepoint: 17202 ns, Cleanup: 93108 ns, At safepoint: 2585 ns, Total: 112895 ns
[2024-01-16T11:54:14.005+0000][7][safepoint   ] Safepoint "Cleanup", Time since last: 1000420452 ns, Reaching safepoint: 17423 ns, Cleanup: 15390 ns, At safepoint: 2885 ns, Total: 35698 ns
[2024-01-16T11:54:15.005+0000][7][safepoint   ] Safepoint "Cleanup", Time since last: 1000410412 ns, Reaching safepoint: 16692 ns, Cleanup: 59334 ns, At safepoint: 3216 ns, Total: 79242 ns
[2024-01-16T11:54:16.006+0000][7][safepoint   ] Safepoint "Cleanup", Time since last: 1000403439 ns, Reaching safepoint: 16071 ns, Cleanup: 12323 ns, At safepoint: 2765 ns, Total: 31159 ns
[2024-01-16T11:54:17.006+0000][7][safepoint   ] Safepoint "Cleanup", Time since last: 1000346506 ns, Reaching safepoint: 16000 ns, Cleanup: 12765 ns, At safepoint: 2554 ns, Total: 31319 ns
[2024-01-16T11:54:18.006+0000][7][safepoint   ] Safepoint "Cleanup", Time since last: 1000343881 ns, Reaching safepoint: 16611 ns, Cleanup: 11623 ns, At safepoint: 2885 ns, Total: 31119 ns
[2024-01-16T11:54:19.007+0000][7][safepoint   ] Safepoint "Cleanup", Time since last: 1000381106 ns, Reaching safepoint: 18947 ns, Cleanup: 14517 ns, At safepoint: 2906 ns, Total: 36370 ns
[2024-01-16T11:54:20.007+0000][7][safepoint   ] Safepoint "Cleanup", Time since last: 1000350537 ns, Reaching safepoint: 19147 ns, Cleanup: 14016 ns, At safepoint: 3066 ns, Total: 36229 ns
[2024-01-16T11:54:21.007+0000][7][safepoint   ] Safepoint "Cleanup", Time since last: 1000454607 ns, Reaching safepoint: 16772 ns, Cleanup: 18375 ns, At safepoint: 3036 ns, Total: 38183 ns
[2024-01-16T11:54:22.008+0000][7][safepoint   ] Safepoint "Cleanup", Time since last: 1000405017 ns, Reaching safepoint: 19367 ns, Cleanup: 14047 ns, At safepoint: 2996 ns, Total: 36410 ns
[2024-01-16T11:54:24.008+0000][7][safepoint   ] Safepoint "Cleanup", Time since last: 2000520771 ns, Reaching safepoint: 16992 ns, Cleanup: 59063 ns, At safepoint: 21331 ns, Total: 97386 ns
[2024-01-16T11:54:25.009+0000][7][safepoint   ] Safepoint "Cleanup", Time since last: 1000286290 ns, Reaching safepoint: 17113 ns, Cleanup: 14868 ns, At safepoint: 2846 ns, Total: 34827 ns
[2024-01-16T11:54:27.009+0000][7][safepoint   ] Safepoint "Cleanup", Time since last: 2000489651 ns, Reaching safepoint: 17554 ns, Cleanup: 34947 ns, At safepoint: 2584 ns, Total: 55085 ns
[2024-01-16T11:54:29.010+0000][7][safepoint   ] Safepoint "Cleanup", Time since last: 2000451860 ns, Reaching safepoint: 37391 ns, Cleanup: 32502 ns, At safepoint: 3457 ns, Total: 73350 ns
[2024-01-16T11:54:30.010+0000][7][safepoint   ] Safepoint "Cleanup", Time since last: 1000414390 ns, Reaching safepoint: 31220 ns, Cleanup: 25789 ns, At safepoint: 10931 ns, Total: 67940 ns
[2024-01-16T11:54:32.011+0000][7][safepoint   ] Safepoint "Cleanup", Time since last: 2000482728 ns, Reaching safepoint: 17925 ns, Cleanup: 27202 ns, At safepoint: 2615 ns, Total: 47742 ns
[2024-01-16T11:54:33.011+0000][7][safepoint   ] Safepoint "Cleanup", Time since last: 1000421954 ns, Reaching safepoint: 17113 ns, Cleanup: 20349 ns, At safepoint: 2675 ns, Total: 40137 ns
[2024-01-16T11:54:34.012+0000][7][safepoint   ] Safepoint "Cleanup", Time since last: 1000344797 ns, Reaching safepoint: 16030 ns, Cleanup: 12594 ns, At safepoint: 2555 ns, Total: 31179 ns
[2024-01-16T11:54:35.012+0000][7][safepoint   ] Safepoint "Cleanup", Time since last: 1000315120 ns, Reaching safepoint: 25699 ns, Cleanup: 15660 ns, At safepoint: 3477 ns, Total: 44836 ns
[2024-01-16T11:54:35.727+0000][7][gc,start    ] GC(20) Pause Young (Normal) (G1 Evacuation Pause)
[2024-01-16T11:54:35.727+0000][7][gc,task     ] GC(20) Using 12 workers of 13 for evacuation
[2024-01-16T11:54:35.727+0000][7][gc,age      ] GC(20) Desired survivor size 20971520 bytes, new threshold 15 (max threshold 15)
[2024-01-16T11:54:35.750+0000][7][gc,phases   ] GC(20)   Pre Evacuate Collection Set: 0.4ms
[2024-01-16T11:54:35.750+0000][7][gc,phases   ] GC(20)   Merge Heap Roots: 0.2ms
[2024-01-16T11:54:35.750+0000][7][gc,phases   ] GC(20)   Evacuate Collection Set: 17.5ms
[2024-01-16T11:54:35.751+0000][7][gc,phases   ] GC(20)   Post Evacuate Collection Set: 1.1ms
[2024-01-16T11:54:35.751+0000][7][gc,phases   ] GC(20)   Other: 4.0ms
[2024-01-16T11:54:35.751+0000][7][gc,age      ] GC(20) Age table with threshold 15 (max threshold 15)
[2024-01-16T11:54:35.751+0000][7][gc,age      ] GC(20) - age   1:    3038176 bytes,    3038176 total
[2024-01-16T11:54:35.751+0000][7][gc,age      ] GC(20) - age   2:    5326296 bytes,    8364472 total
[2024-01-16T11:54:35.751+0000][7][gc,age      ] GC(20) - age   3:    6552584 bytes,   14917056 total
[2024-01-16T11:54:35.751+0000][7][gc,age      ] GC(20) - age   4:    3771760 bytes,   18688816 total
[2024-01-16T11:54:35.751+0000][7][gc,heap     ] GC(20) Eden regions: 71->0(70)
[2024-01-16T11:54:35.751+0000][7][gc,heap     ] GC(20) Survivor regions: 5->6(10)
[2024-01-16T11:54:35.751+0000][7][gc,heap     ] GC(20) Old regions: 18->18
[2024-01-16T11:54:35.752+0000][7][gc,heap     ] GC(20) Humongous regions: 2->2
[2024-01-16T11:54:35.752+0000][7][gc,metaspace] GC(20) Metaspace: 116321K(119552K)->116321K(119552K) NonClass: 100319K(102080K)->100319K(102080K) Class: 16002K(17472K)->16002K(17472K)
[2024-01-16T11:54:35.752+0000][7][gc          ] GC(20) Pause Young (Normal) (G1 Evacuation Pause) 379M->96M(512M) 25.197ms
[2024-01-16T11:54:35.752+0000][7][gc,cpu      ] GC(20) User=0.06s Sys=0.02s Real=0.03s
[2024-01-16T11:54:35.752+0000][7][safepoint   ] Safepoint "G1CollectForAllocation", Time since last: 714413702 ns, Reaching safepoint: 31710 ns, Cleanup: 20580 ns, At safepoint: 25492690 ns, Total: 25544980 ns
[2024-01-16T11:54:36.752+0000][7][safepoint   ] Safepoint "Cleanup", Time since last: 1000249018 ns, Reaching safepoint: 24757 ns, Cleanup: 24808 ns, At safepoint: 3086 ns, Total: 52651 ns
[2024-01-16T11:54:38.753+0000][7][safepoint   ] Safepoint "Cleanup", Time since last: 2000458562 ns, Reaching safepoint: 17183 ns, Cleanup: 21150 ns, At safepoint: 2395 ns, Total: 40728 ns
[2024-01-16T11:54:39.753+0000][7][safepoint   ] Safepoint "Cleanup", Time since last: 1000355577 ns, Reaching safepoint: 16883 ns, Cleanup: 11061 ns, At safepoint: 3056 ns, Total: 31000 ns
[2024-01-16T11:54:40.754+0000][7][safepoint   ] Safepoint "Cleanup", Time since last: 1000402562 ns, Reaching safepoint: 17824 ns, Cleanup: 12384 ns, At safepoint: 2905 ns, Total: 33113 ns
[2024-01-16T11:54:41.754+0000][7][safepoint   ] Safepoint "Cleanup", Time since last: 1000390449 ns, Reaching safepoint: 17845 ns, Cleanup: 21551 ns, At safepoint: 3617 ns, Total: 43013 ns
[2024-01-16T11:54:42.754+0000][7][safepoint   ] Safepoint "Cleanup", Time since last: 1000384803 ns, Reaching safepoint: 17453 ns, Cleanup: 13877 ns, At safepoint: 3146 ns, Total: 34476 ns
[2024-01-16T11:54:43.755+0000][7][safepoint   ] Safepoint "Cleanup", Time since last: 1000426804 ns, Reaching safepoint: 17543 ns, Cleanup: 16932 ns, At safepoint: 2906 ns, Total: 37381 ns
[2024-01-16T11:54:44.755+0000][7][safepoint   ] Safepoint "Cleanup", Time since last: 1000419610 ns, Reaching safepoint: 15249 ns, Cleanup: 27933 ns, At safepoint: 2145 ns, Total: 45327 ns
[2024-01-16T11:54:45.756+0000][7][safepoint   ] Safepoint "Cleanup", Time since last: 1000339556 ns, Reaching safepoint: 18185 ns, Cleanup: 53072 ns, At safepoint: 3176 ns, Total: 74433 ns
[2024-01-16T11:54:46.756+0000][7][safepoint   ] Safepoint "Cleanup", Time since last: 1000411344 ns, Reaching safepoint: 18706 ns, Cleanup: 13045 ns, At safepoint: 3286 ns, Total: 35037 ns
[2024-01-16T11:54:47.757+0000][7][safepoint   ] Safepoint "Cleanup", Time since last: 1000383952 ns, Reaching safepoint: 15409 ns, Cleanup: 25008 ns, At safepoint: 2655 ns, Total: 43072 ns
[2024-01-16T11:54:49.602+0000][7][safepoint   ] Safepoint "Cleanup", Time since last: 1845062179 ns, Reaching safepoint: 15540 ns, Cleanup: 16462 ns, At safepoint: 2755 ns, Total: 34757 ns
[2024-01-16T11:54:50.602+0000][7][safepoint   ] Safepoint "Cleanup", Time since last: 1000361799 ns, Reaching safepoint: 14338 ns, Cleanup: 11592 ns, At safepoint: 1934 ns, Total: 27864 ns
[2024-01-16T11:54:51.602+0000][7][safepoint   ] Safepoint "Cleanup", Time since last: 1000227217 ns, Reaching safepoint: 16601 ns, Cleanup: 15851 ns, At safepoint: 3276 ns, Total: 35728 ns
[2024-01-16T11:54:53.603+0000][7][safepoint   ] Safepoint "Cleanup", Time since last: 2000431811 ns, Reaching safepoint: 18836 ns, Cleanup: 14237 ns, At safepoint: 2605 ns, Total: 35678 ns
[2024-01-16T11:54:56.603+0000][7][safepoint   ] Safepoint "Cleanup", Time since last: 3000562184 ns, Reaching safepoint: 15860 ns, Cleanup: 23815 ns, At safepoint: 2756 ns, Total: 42431 ns
[2024-01-16T11:54:57.604+0000][7][safepoint   ] Safepoint "Cleanup", Time since last: 1000357150 ns, Reaching safepoint: 16061 ns, Cleanup: 34846 ns, At safepoint: 2505 ns, Total: 53412 ns
[2024-01-16T11:54:58.604+0000][7][safepoint   ] Safepoint "Cleanup", Time since last: 1000352963 ns, Reaching safepoint: 36790 ns, Cleanup: 21151 ns, At safepoint: 2875 ns, Total: 60816 ns
[2024-01-16T11:54:59.605+0000][7][safepoint   ] Safepoint "Cleanup", Time since last: 1000373842 ns, Reaching safepoint: 14528 ns, Cleanup: 43293 ns, At safepoint: 11302 ns, Total: 69123 ns
[2024-01-16T11:55:00.605+0000][7][safepoint   ] Safepoint "Cleanup", Time since last: 1000214758 ns, Reaching safepoint: 16231 ns, Cleanup: 22072 ns, At safepoint: 2565 ns, Total: 40868 ns
[2024-01-16T11:55:01.605+0000][7][safepoint   ] Safepoint "Cleanup", Time since last: 1000358253 ns, Reaching safepoint: 15780 ns, Cleanup: 61618 ns, At safepoint: 2565 ns, Total: 79963 ns
[2024-01-16T11:55:02.606+0000][7][safepoint   ] Safepoint "Cleanup", Time since last: 1000261883 ns, Reaching safepoint: 13546 ns, Cleanup: 20840 ns, At safepoint: 10961 ns, Total: 45347 ns
[2024-01-16T11:55:03.606+0000][7][safepoint   ] Safepoint "Cleanup", Time since last: 1000231255 ns, Reaching safepoint: 18415 ns, Cleanup: 26070 ns, At safepoint: 3126 ns, Total: 47611 ns
[2024-01-16T11:55:04.606+0000][7][safepoint   ] Safepoint "Cleanup", Time since last: 1000349996 ns, Reaching safepoint: 16241 ns, Cleanup: 17794 ns, At safepoint: 2325 ns, Total: 36360 ns
[2024-01-16T11:55:06.607+0000][7][safepoint   ] Safepoint "Cleanup", Time since last: 2000467910 ns, Reaching safepoint: 16481 ns, Cleanup: 35859 ns, At safepoint: 2926 ns, Total: 55266 ns
[2024-01-16T11:55:08.608+0000][7][safepoint   ] Safepoint "Cleanup", Time since last: 2000761060 ns, Reaching safepoint: 14357 ns, Cleanup: 35588 ns, At safepoint: 2726 ns, Total: 52671 ns
[2024-01-16T11:55:09.608+0000][7][safepoint   ] Safepoint "Cleanup", Time since last: 1000222623 ns, Reaching safepoint: 18475 ns, Cleanup: 33725 ns, At safepoint: 2956 ns, Total: 55156 ns
[2024-01-16T11:55:10.608+0000][7][safepoint   ] Safepoint "Cleanup", Time since last: 1000382028 ns, Reaching safepoint: 17744 ns, Cleanup: 15810 ns, At safepoint: 2575 ns, Total: 36129 ns
[2024-01-16T11:55:11.609+0000][7][safepoint   ] Safepoint "Cleanup", Time since last: 1000398675 ns, Reaching safepoint: 14567 ns, Cleanup: 11993 ns, At safepoint: 2104 ns, Total: 28664 ns
[2024-01-16T11:55:12.609+0000][7][safepoint   ] Safepoint "Cleanup", Time since last: 1000241735 ns, Reaching safepoint: 18235 ns, Cleanup: 18526 ns, At safepoint: 2975 ns, Total: 39736 ns
[2024-01-16T11:55:13.610+0000][7][safepoint   ] Safepoint "Cleanup", Time since last: 1000363112 ns, Reaching safepoint: 18035 ns, Cleanup: 21641 ns, At safepoint: 2535 ns, Total: 42211 ns
[2024-01-16T11:55:14.610+0000][7][safepoint   ] Safepoint "Cleanup", Time since last: 1000353563 ns, Reaching safepoint: 13917 ns, Cleanup: 16431 ns, At safepoint: 2034 ns, Total: 32382 ns
[2024-01-16T11:55:15.610+0000][7][safepoint   ] Safepoint "Cleanup", Time since last: 1000216532 ns, Reaching safepoint: 17303 ns, Cleanup: 58612 ns, At safepoint: 3557 ns, Total: 79472 ns
[2024-01-16T11:55:16.611+0000][7][safepoint   ] Safepoint "Cleanup", Time since last: 1000422165 ns, Reaching safepoint: 17864 ns, Cleanup: 23735 ns, At safepoint: 3156 ns, Total: 44755 ns
[2024-01-16T11:55:17.611+0000][7][safepoint   ] Safepoint "Cleanup", Time since last: 1000395960 ns, Reaching safepoint: 32012 ns, Cleanup: 25979 ns, At safepoint: 2194 ns, Total: 60185 ns
[2024-01-16T11:55:18.611+0000][7][safepoint   ] Safepoint "Cleanup", Time since last: 1000268366 ns, Reaching safepoint: 15179 ns, Cleanup: 56107 ns, At safepoint: 2485 ns, Total: 73771 ns
[2024-01-16T11:55:19.611+0000][7][safepoint   ] Safepoint "Cleanup", Time since last: 1000292777 ns, Reaching safepoint: 16381 ns, Cleanup: 13055 ns, At safepoint: 2455 ns, Total: 31891 ns
[2024-01-16T11:55:20.612+0000][7][safepoint   ] Safepoint "Cleanup", Time since last: 1000341150 ns, Reaching safepoint: 14227 ns, Cleanup: 42261 ns, At safepoint: 2374 ns, Total: 58862 ns
[2024-01-16T11:55:21.612+0000][7][safepoint   ] Safepoint "Cleanup", Time since last: 1000212700 ns, Reaching safepoint: 15610 ns, Cleanup: 18185 ns, At safepoint: 15239 ns, Total: 49034 ns
[2024-01-16T11:55:23.612+0000][7][safepoint   ] Safepoint "Cleanup", Time since last: 2000344008 ns, Reaching safepoint: 14828 ns, Cleanup: 14277 ns, At safepoint: 2235 ns, Total: 31340 ns
[2024-01-16T11:55:24.613+0000][7][safepoint   ] Safepoint "Cleanup", Time since last: 1000240257 ns, Reaching safepoint: 17182 ns, Cleanup: 16793 ns, At safepoint: 2635 ns, Total: 36610 ns
[2024-01-16T11:55:25.613+0000][7][safepoint   ] Safepoint "Cleanup", Time since last: 1000396245 ns, Reaching safepoint: 17383 ns, Cleanup: 14758 ns, At safepoint: 2695 ns, Total: 34836 ns
[2024-01-16T11:55:26.613+0000][7][safepoint   ] Safepoint "Cleanup", Time since last: 1000368438 ns, Reaching safepoint: 17142 ns, Cleanup: 15991 ns, At safepoint: 2685 ns, Total: 35818 ns
[2024-01-16T11:55:27.614+0000][7][safepoint   ] Safepoint "Cleanup", Time since last: 1000235829 ns, Reaching safepoint: 15890 ns, Cleanup: 22613 ns, At safepoint: 2615 ns, Total: 41118 ns
[2024-01-16T11:55:28.614+0000][7][safepoint   ] Safepoint "Cleanup", Time since last: 1000349281 ns, Reaching safepoint: 40006 ns, Cleanup: 16201 ns, At safepoint: 3176 ns, Total: 59383 ns
[2024-01-16T11:55:28.847+0000][7][gc,start    ] GC(21) Pause Young (Normal) (G1 Evacuation Pause)
[2024-01-16T11:55:28.847+0000][7][gc,task     ] GC(21) Using 12 workers of 13 for evacuation
[2024-01-16T11:55:28.847+0000][7][gc,age      ] GC(21) Desired survivor size 20971520 bytes, new threshold 15 (max threshold 15)
[2024-01-16T11:55:28.870+0000][7][gc,phases   ] GC(21)   Pre Evacuate Collection Set: 0.2ms
[2024-01-16T11:55:28.870+0000][7][gc,phases   ] GC(21)   Merge Heap Roots: 0.1ms
[2024-01-16T11:55:28.870+0000][7][gc,phases   ] GC(21)   Evacuate Collection Set: 20.7ms
[2024-01-16T11:55:28.870+0000][7][gc,phases   ] GC(21)   Post Evacuate Collection Set: 1.4ms
[2024-01-16T11:55:28.870+0000][7][gc,phases   ] GC(21)   Other: 0.3ms
[2024-01-16T11:55:28.870+0000][7][gc,age      ] GC(21) Age table with threshold 15 (max threshold 15)
[2024-01-16T11:55:28.870+0000][7][gc,age      ] GC(21) - age   1:    4942048 bytes,    4942048 total
[2024-01-16T11:55:28.871+0000][7][gc,age      ] GC(21) - age   2:    1815016 bytes,    6757064 total
[2024-01-16T11:55:28.871+0000][7][gc,age      ] GC(21) - age   3:    5320992 bytes,   12078056 total
[2024-01-16T11:55:28.871+0000][7][gc,age      ] GC(21) - age   4:    6551792 bytes,   18629848 total
[2024-01-16T11:55:28.871+0000][7][gc,age      ] GC(21) - age   5:    3771496 bytes,   22401344 total
[2024-01-16T11:55:28.871+0000][7][gc,heap     ] GC(21) Eden regions: 70->0(70)
[2024-01-16T11:55:28.871+0000][7][gc,heap     ] GC(21) Survivor regions: 6->6(10)
[2024-01-16T11:55:28.871+0000][7][gc,heap     ] GC(21) Old regions: 18->18
[2024-01-16T11:55:28.871+0000][7][gc,heap     ] GC(21) Humongous regions: 2->2
[2024-01-16T11:55:28.871+0000][7][gc,metaspace] GC(21) Metaspace: 116927K(120128K)->116927K(120128K) NonClass: 100924K(102656K)->100924K(102656K) Class: 16002K(17472K)->16002K(17472K)
[2024-01-16T11:55:28.871+0000][7][gc          ] GC(21) Pause Young (Normal) (G1 Evacuation Pause) 376M->99M(512M) 24.721ms
[2024-01-16T11:55:28.872+0000][7][gc,cpu      ] GC(21) User=0.11s Sys=0.00s Real=0.03s
[2024-01-16T11:55:28.872+0000][7][safepoint   ] Safepoint "G1CollectForAllocation", Time since last: 232521578 ns, Reaching safepoint: 15069 ns, Cleanup: 2795 ns, At safepoint: 24994342 ns, Total: 25012206 ns
[2024-01-16T11:55:29.872+0000][7][safepoint   ] Safepoint "Cleanup", Time since last: 1000197571 ns, Reaching safepoint: 18154 ns, Cleanup: 20429 ns, At safepoint: 2535 ns, Total: 41118 ns
[2024-01-16T11:55:31.872+0000][7][safepoint   ] Safepoint "Cleanup", Time since last: 2000463512 ns, Reaching safepoint: 16491 ns, Cleanup: 18095 ns, At safepoint: 2435 ns, Total: 37021 ns
[2024-01-16T11:55:32.873+0000][7][safepoint   ] Safepoint "Cleanup", Time since last: 1000399100 ns, Reaching safepoint: 18225 ns, Cleanup: 28745 ns, At safepoint: 2525 ns, Total: 49495 ns
[2024-01-16T11:55:33.873+0000][7][safepoint   ] Safepoint "Cleanup", Time since last: 1000422651 ns, Reaching safepoint: 19247 ns, Cleanup: 31720 ns, At safepoint: 15249 ns, Total: 66216 ns
[2024-01-16T11:55:34.874+0000][7][safepoint   ] Safepoint "Cleanup", Time since last: 1000463900 ns, Reaching safepoint: 18815 ns, Cleanup: 14909 ns, At safepoint: 2916 ns, Total: 36640 ns
[2024-01-16T11:55:35.875+0000][7][safepoint   ] Safepoint "Cleanup", Time since last: 1000703903 ns, Reaching safepoint: 18686 ns, Cleanup: 25709 ns, At safepoint: 2535 ns, Total: 46930 ns
[2024-01-16T11:55:38.875+0000][7][safepoint   ] Safepoint "Cleanup", Time since last: 3000578980 ns, Reaching safepoint: 19898 ns, Cleanup: 22463 ns, At safepoint: 15349 ns, Total: 57710 ns
[2024-01-16T11:55:39.876+0000][7][safepoint   ] Safepoint "Cleanup", Time since last: 1000418298 ns, Reaching safepoint: 18284 ns, Cleanup: 15670 ns, At safepoint: 2495 ns, Total: 36449 ns
[2024-01-16T11:55:42.876+0000][7][safepoint   ] Safepoint "Cleanup", Time since last: 3000626131 ns, Reaching safepoint: 17734 ns, Cleanup: 13515 ns, At safepoint: 3066 ns, Total: 34315 ns
[2024-01-16T11:55:43.877+0000][7][safepoint   ] Safepoint "Cleanup", Time since last: 1000412266 ns, Reaching safepoint: 16762 ns, Cleanup: 32382 ns, At safepoint: 13887 ns, Total: 63031 ns
[2024-01-16T11:55:44.877+0000][7][safepoint   ] Safepoint "Cleanup", Time since last: 1000442102 ns, Reaching safepoint: 18315 ns, Cleanup: 13216 ns, At safepoint: 3046 ns, Total: 34577 ns
[2024-01-16T11:55:46.879+0000][7][safepoint   ] Safepoint "Cleanup", Time since last: 2001157407 ns, Reaching safepoint: 18015 ns, Cleanup: 15439 ns, At safepoint: 2976 ns, Total: 36430 ns
[2024-01-16T11:55:47.879+0000][7][safepoint   ] Safepoint "Cleanup", Time since last: 1000349346 ns, Reaching safepoint: 17984 ns, Cleanup: 32091 ns, At safepoint: 3156 ns, Total: 53231 ns
[2024-01-16T11:55:49.623+0000][7][safepoint   ] Safepoint "Cleanup", Time since last: 1744009743 ns, Reaching safepoint: 19757 ns, Cleanup: 26651 ns, At safepoint: 3156 ns, Total: 49564 ns
[2024-01-16T11:55:50.624+0000][7][safepoint   ] Safepoint "Cleanup", Time since last: 1000355207 ns, Reaching safepoint: 14738 ns, Cleanup: 17434 ns, At safepoint: 2585 ns, Total: 34757 ns
[2024-01-16T11:55:51.624+0000][7][safepoint   ] Safepoint "Cleanup", Time since last: 1000245677 ns, Reaching safepoint: 15149 ns, Cleanup: 27272 ns, At safepoint: 2304 ns, Total: 44725 ns
[2024-01-16T11:55:52.624+0000][7][safepoint   ] Safepoint "Cleanup", Time since last: 1000242822 ns, Reaching safepoint: 16883 ns, Cleanup: 13455 ns, At safepoint: 2435 ns, Total: 32773 ns
[2024-01-16T11:55:53.625+0000][7][safepoint   ] Safepoint "Cleanup", Time since last: 1000465528 ns, Reaching safepoint: 27703 ns, Cleanup: 18555 ns, At safepoint: 2896 ns, Total: 49154 ns
[2024-01-16T11:55:56.626+0000][7][safepoint   ] Safepoint "Cleanup", Time since last: 3000670455 ns, Reaching safepoint: 14257 ns, Cleanup: 25298 ns, At safepoint: 2445 ns, Total: 42000 ns
[2024-01-16T11:55:57.626+0000][7][safepoint   ] Safepoint "Cleanup", Time since last: 1000260917 ns, Reaching safepoint: 17263 ns, Cleanup: 17373 ns, At safepoint: 2575 ns, Total: 37211 ns
[2024-01-16T11:55:58.626+0000][7][safepoint   ] Safepoint "Cleanup", Time since last: 1000459666 ns, Reaching safepoint: 35839 ns, Cleanup: 12744 ns, At safepoint: 4699 ns, Total: 53282 ns
[2024-01-16T11:55:59.627+0000][7][safepoint   ] Safepoint "Cleanup", Time since last: 1000374063 ns, Reaching safepoint: 14378 ns, Cleanup: 11452 ns, At safepoint: 12293 ns, Total: 38123 ns
[2024-01-16T11:56:00.627+0000][7][safepoint   ] Safepoint "Cleanup", Time since last: 1000214668 ns, Reaching safepoint: 17794 ns, Cleanup: 34115 ns, At safepoint: 2735 ns, Total: 54644 ns
[2024-01-16T11:56:02.628+0000][7][safepoint   ] Safepoint "Cleanup", Time since last: 2000413487 ns, Reaching safepoint: 14618 ns, Cleanup: 12904 ns, At safepoint: 1994 ns, Total: 29516 ns
[2024-01-16T11:56:03.628+0000][7][safepoint   ] Safepoint "Cleanup", Time since last: 1000228455 ns, Reaching safepoint: 18104 ns, Cleanup: 15480 ns, At safepoint: 2845 ns, Total: 36429 ns
[2024-01-16T11:56:04.628+0000][7][safepoint   ] Safepoint "Cleanup", Time since last: 1000338455 ns, Reaching safepoint: 18205 ns, Cleanup: 28083 ns, At safepoint: 3237 ns, Total: 49525 ns
[2024-01-16T11:56:07.629+0000][7][safepoint   ] Safepoint "Cleanup", Time since last: 3000502774 ns, Reaching safepoint: 17404 ns, Cleanup: 61738 ns, At safepoint: 2735 ns, Total: 81877 ns
[2024-01-16T11:56:08.629+0000][7][safepoint   ] Safepoint "Cleanup", Time since last: 1000364444 ns, Reaching safepoint: 14809 ns, Cleanup: 47520 ns, At safepoint: 2455 ns, Total: 64784 ns
[2024-01-16T11:56:09.630+0000][7][safepoint   ] Safepoint "Cleanup", Time since last: 1000268000 ns, Reaching safepoint: 18345 ns, Cleanup: 40858 ns, At safepoint: 3417 ns, Total: 62620 ns
[2024-01-16T11:56:11.630+0000][7][safepoint   ] Safepoint "Cleanup", Time since last: 2000489291 ns, Reaching safepoint: 14327 ns, Cleanup: 34737 ns, At safepoint: 2264 ns, Total: 51328 ns
[2024-01-16T11:56:12.630+0000][7][safepoint   ] Safepoint "Cleanup", Time since last: 1000276707 ns, Reaching safepoint: 18275 ns, Cleanup: 14598 ns, At safepoint: 2705 ns, Total: 35578 ns
[2024-01-16T11:56:14.631+0000][7][safepoint   ] Safepoint "Cleanup", Time since last: 2000460355 ns, Reaching safepoint: 14548 ns, Cleanup: 7895 ns, At safepoint: 2225 ns, Total: 24668 ns
[2024-01-16T11:56:15.631+0000][7][safepoint   ] Safepoint "Cleanup", Time since last: 1000228835 ns, Reaching safepoint: 16672 ns, Cleanup: 34185 ns, At safepoint: 2545 ns, Total: 53402 ns
[2024-01-16T11:56:17.632+0000][7][safepoint   ] Safepoint "Cleanup", Time since last: 2000469478 ns, Reaching safepoint: 25900 ns, Cleanup: 19156 ns, At safepoint: 4930 ns, Total: 49986 ns
[2024-01-16T11:56:20.632+0000][7][safepoint   ] Safepoint "Cleanup", Time since last: 3000609904 ns, Reaching safepoint: 15910 ns, Cleanup: 23565 ns, At safepoint: 15319 ns, Total: 54794 ns
[2024-01-16T11:56:21.633+0000][7][safepoint   ] Safepoint "Cleanup", Time since last: 1000335504 ns, Reaching safepoint: 18105 ns, Cleanup: 30098 ns, At safepoint: 2534 ns, Total: 50737 ns
[2024-01-16T11:56:23.633+0000][7][safepoint   ] Safepoint "Cleanup", Time since last: 2000416417 ns, Reaching safepoint: 15350 ns, Cleanup: 11632 ns, At safepoint: 3156 ns, Total: 30138 ns
[2024-01-16T11:56:24.536+0000][7][gc,start    ] GC(22) Pause Young (Normal) (G1 Evacuation Pause)
[2024-01-16T11:56:24.536+0000][7][gc,task     ] GC(22) Using 12 workers of 13 for evacuation
[2024-01-16T11:56:24.536+0000][7][gc,age      ] GC(22) Desired survivor size 20971520 bytes, new threshold 5 (max threshold 15)
[2024-01-16T11:56:24.560+0000][7][gc,phases   ] GC(22)   Pre Evacuate Collection Set: 0.2ms
[2024-01-16T11:56:24.560+0000][7][gc,phases   ] GC(22)   Merge Heap Roots: 0.1ms
[2024-01-16T11:56:24.560+0000][7][gc,phases   ] GC(22)   Evacuate Collection Set: 22.3ms
[2024-01-16T11:56:24.561+0000][7][gc,phases   ] GC(22)   Post Evacuate Collection Set: 1.0ms
[2024-01-16T11:56:24.561+0000][7][gc,phases   ] GC(22)   Other: 0.2ms
[2024-01-16T11:56:24.561+0000][7][gc,age      ] GC(22) Age table with threshold 5 (max threshold 15)
[2024-01-16T11:56:24.561+0000][7][gc,age      ] GC(22) - age   1:    1877464 bytes,    1877464 total
[2024-01-16T11:56:24.561+0000][7][gc,age      ] GC(22) - age   2:    3716320 bytes,    5593784 total
[2024-01-16T11:56:24.561+0000][7][gc,age      ] GC(22) - age   3:    1811296 bytes,    7405080 total
[2024-01-16T11:56:24.561+0000][7][gc,age      ] GC(22) - age   4:    5320056 bytes,   12725136 total
[2024-01-16T11:56:24.561+0000][7][gc,age      ] GC(22) - age   5:    6551792 bytes,   19276928 total
[2024-01-16T11:56:24.561+0000][7][gc,heap     ] GC(22) Eden regions: 70->0(70)
[2024-01-16T11:56:24.561+0000][7][gc,heap     ] GC(22) Survivor regions: 6->6(10)
[2024-01-16T11:56:24.562+0000][7][gc,heap     ] GC(22) Old regions: 18->19
[2024-01-16T11:56:24.562+0000][7][gc,heap     ] GC(22) Humongous regions: 2->2
[2024-01-16T11:56:24.562+0000][7][gc,metaspace] GC(22) Metaspace: 117474K(120640K)->117474K(120640K) NonClass: 101471K(103168K)->101471K(103168K) Class: 16002K(17472K)->16002K(17472K)
[2024-01-16T11:56:24.562+0000][7][gc          ] GC(22) Pause Young (Normal) (G1 Evacuation Pause) 379M->100M(512M) 25.744ms
[2024-01-16T11:56:24.562+0000][7][gc,cpu      ] GC(22) User=0.11s Sys=0.00s Real=0.03s
[2024-01-16T11:56:24.562+0000][7][safepoint   ] Safepoint "G1CollectForAllocation", Time since last: 902782339 ns, Reaching safepoint: 13095 ns, Cleanup: 16942 ns, At safepoint: 26010189 ns, Total: 26040226 ns
[2024-01-16T11:56:25.562+0000][7][safepoint   ] Safepoint "Cleanup", Time since last: 1000224352 ns, Reaching safepoint: 18014 ns, Cleanup: 36390 ns, At safepoint: 2855 ns, Total: 57259 ns
[2024-01-16T11:56:26.563+0000][7][safepoint   ] Safepoint "Cleanup", Time since last: 1000461255 ns, Reaching safepoint: 17864 ns, Cleanup: 13917 ns, At safepoint: 22653 ns, Total: 54434 ns
[2024-01-16T11:56:27.563+0000][7][safepoint   ] Safepoint "Cleanup", Time since last: 1000468684 ns, Reaching safepoint: 19978 ns, Cleanup: 42561 ns, At safepoint: 3176 ns, Total: 65715 ns
[2024-01-16T11:56:29.564+0000][7][safepoint   ] Safepoint "Cleanup", Time since last: 2000542147 ns, Reaching safepoint: 35358 ns, Cleanup: 5700 ns, At safepoint: 53082 ns, Total: 94140 ns
[2024-01-16T11:56:30.564+0000][7][safepoint   ] Safepoint "Cleanup", Time since last: 1000370636 ns, Reaching safepoint: 18896 ns, Cleanup: 22834 ns, At safepoint: 3266 ns, Total: 44996 ns
[2024-01-16T11:56:31.565+0000][7][safepoint   ] Safepoint "Cleanup", Time since last: 1000433126 ns, Reaching safepoint: 17343 ns, Cleanup: 14077 ns, At safepoint: 2695 ns, Total: 34115 ns
[2024-01-16T11:56:33.566+0000][7][safepoint   ] Safepoint "Cleanup", Time since last: 2000500648 ns, Reaching safepoint: 19908 ns, Cleanup: 31159 ns, At safepoint: 3247 ns, Total: 54314 ns
[2024-01-16T11:56:34.566+0000][7][safepoint   ] Safepoint "Cleanup", Time since last: 1000570298 ns, Reaching safepoint: 19176 ns, Cleanup: 16091 ns, At safepoint: 3196 ns, Total: 38463 ns
[2024-01-16T11:56:36.567+0000][7][safepoint   ] Safepoint "Cleanup", Time since last: 2000660839 ns, Reaching safepoint: 20018 ns, Cleanup: 32242 ns, At safepoint: 3496 ns, Total: 55756 ns
[2024-01-16T11:56:38.567+0000][7][safepoint   ] Safepoint "Cleanup", Time since last: 2000500738 ns, Reaching safepoint: 13506 ns, Cleanup: 7264 ns, At safepoint: 12023 ns, Total: 32793 ns
[2024-01-16T11:56:39.568+0000][7][safepoint   ] Safepoint "Cleanup", Time since last: 1000392558 ns, Reaching safepoint: 25569 ns, Cleanup: 36770 ns, At safepoint: 2485 ns, Total: 64824 ns
[2024-01-16T11:56:41.568+0000][7][safepoint   ] Safepoint "Cleanup", Time since last: 2000514940 ns, Reaching safepoint: 15760 ns, Cleanup: 9328 ns, At safepoint: 14678 ns, Total: 39766 ns
[2024-01-16T11:56:44.569+0000][7][safepoint   ] Safepoint "Cleanup", Time since last: 3000536454 ns, Reaching safepoint: 15961 ns, Cleanup: 9438 ns, At safepoint: 12093 ns, Total: 37492 ns
[2024-01-16T11:56:45.569+0000][7][safepoint   ] Safepoint "Cleanup", Time since last: 1000394191 ns, Reaching safepoint: 21481 ns, Cleanup: 54003 ns, At safepoint: 3287 ns, Total: 78771 ns
[2024-01-16T11:56:46.570+0000][7][safepoint   ] Safepoint "Cleanup", Time since last: 1000398589 ns, Reaching safepoint: 18446 ns, Cleanup: 21781 ns, At safepoint: 3267 ns, Total: 43494 ns
[2024-01-16T11:56:47.570+0000][7][safepoint   ] Safepoint "Cleanup", Time since last: 1000360336 ns, Reaching safepoint: 14428 ns, Cleanup: 62309 ns, At safepoint: 2405 ns, Total: 79142 ns
[2024-01-16T11:56:48.571+0000][7][safepoint   ] Safepoint "Cleanup", Time since last: 1000248357 ns, Reaching safepoint: 14918 ns, Cleanup: 32122 ns, At safepoint: 2956 ns, Total: 49996 ns
[2024-01-16T11:56:50.644+0000][7][safepoint   ] Safepoint "Cleanup", Time since last: 2073446339 ns, Reaching safepoint: 35994 ns, Cleanup: 16581 ns, At safepoint: 13596 ns, Total: 66171 ns
[2024-01-16T11:56:51.644+0000][7][safepoint   ] Safepoint "Cleanup", Time since last: 1000307231 ns, Reaching safepoint: 17954 ns, Cleanup: 16111 ns, At safepoint: 2966 ns, Total: 37031 ns
[2024-01-16T11:56:52.645+0000][7][safepoint   ] Safepoint "Cleanup", Time since last: 1000482805 ns, Reaching safepoint: 18986 ns, Cleanup: 17023 ns, At safepoint: 2414 ns, Total: 38423 ns
[2024-01-16T11:56:56.646+0000][7][safepoint   ] Safepoint "Cleanup", Time since last: 4000797331 ns, Reaching safepoint: 35087 ns, Cleanup: 33674 ns, At safepoint: 4269 ns, Total: 73030 ns
[2024-01-16T11:56:59.646+0000][7][safepoint   ] Safepoint "Cleanup", Time since last: 3000521901 ns, Reaching safepoint: 40698 ns, Cleanup: 9328 ns, At safepoint: 2965 ns, Total: 52991 ns
[2024-01-16T11:57:00.647+0000][7][safepoint   ] Safepoint "Cleanup", Time since last: 1000275279 ns, Reaching safepoint: 21020 ns, Cleanup: 20730 ns, At safepoint: 12684 ns, Total: 54434 ns
[2024-01-16T11:57:01.647+0000][7][safepoint   ] Safepoint "Cleanup", Time since last: 1000258141 ns, Reaching safepoint: 18786 ns, Cleanup: 34987 ns, At safepoint: 3106 ns, Total: 56879 ns
[2024-01-16T11:57:02.609+0000][7][gc,start    ] GC(23) Pause Young (Normal) (G1 Evacuation Pause)
[2024-01-16T11:57:02.610+0000][7][gc,task     ] GC(23) Using 12 workers of 13 for evacuation
[2024-01-16T11:57:02.610+0000][7][gc,age      ] GC(23) Desired survivor size 20971520 bytes, new threshold 15 (max threshold 15)
[2024-01-16T11:57:02.630+0000][7][gc,phases   ] GC(23)   Pre Evacuate Collection Set: 0.2ms
[2024-01-16T11:57:02.631+0000][7][gc,phases   ] GC(23)   Merge Heap Roots: 0.1ms
[2024-01-16T11:57:02.631+0000][7][gc,phases   ] GC(23)   Evacuate Collection Set: 19.2ms
[2024-01-16T11:57:02.631+0000][7][gc,phases   ] GC(23)   Post Evacuate Collection Set: 0.9ms
[2024-01-16T11:57:02.631+0000][7][gc,phases   ] GC(23)   Other: 0.3ms
[2024-01-16T11:57:02.631+0000][7][gc,age      ] GC(23) Age table with threshold 15 (max threshold 15)
[2024-01-16T11:57:02.631+0000][7][gc,age      ] GC(23) - age   1:    1024920 bytes,    1024920 total
[2024-01-16T11:57:02.631+0000][7][gc,age      ] GC(23) - age   2:      95368 bytes,    1120288 total
[2024-01-16T11:57:02.631+0000][7][gc,age      ] GC(23) - age   3:     761216 bytes,    1881504 total
[2024-01-16T11:57:02.631+0000][7][gc,age      ] GC(23) - age   4:    1632208 bytes,    3513712 total
[2024-01-16T11:57:02.631+0000][7][gc,age      ] GC(23) - age   5:    5315840 bytes,    8829552 total
[2024-01-16T11:57:02.632+0000][7][gc,age      ] GC(23) - age   6:    6551792 bytes,   15381344 total
[2024-01-16T11:57:02.632+0000][7][gc,heap     ] GC(23) Eden regions: 70->0(71)
[2024-01-16T11:57:02.632+0000][7][gc,heap     ] GC(23) Survivor regions: 6->5(10)
[2024-01-16T11:57:02.632+0000][7][gc,heap     ] GC(23) Old regions: 19->19
[2024-01-16T11:57:02.632+0000][7][gc,heap     ] GC(23) Humongous regions: 2->2
[2024-01-16T11:57:02.632+0000][7][gc,metaspace] GC(23) Metaspace: 117807K(120960K)->117807K(120960K) NonClass: 101799K(103488K)->101799K(103488K) Class: 16008K(17472K)->16008K(17472K)
[2024-01-16T11:57:02.632+0000][7][gc          ] GC(23) Pause Young (Normal) (G1 Evacuation Pause) 380M->97M(512M) 22.689ms
[2024-01-16T11:57:02.632+0000][7][gc,cpu      ] GC(23) User=0.07s Sys=0.01s Real=0.03s
[2024-01-16T11:57:02.632+0000][7][safepoint   ] Safepoint "G1CollectForAllocation", Time since last: 962420216 ns, Reaching safepoint: 14167 ns, Cleanup: 6302 ns, At safepoint: 22981044 ns, Total: 23001513 ns
[2024-01-16T11:57:03.633+0000][7][safepoint   ] Safepoint "Cleanup", Time since last: 1000222533 ns, Reaching safepoint: 27132 ns, Cleanup: 23044 ns, At safepoint: 2946 ns, Total: 53122 ns
[2024-01-16T11:57:04.633+0000][7][safepoint   ] Safepoint "Cleanup", Time since last: 1000356063 ns, Reaching safepoint: 17514 ns, Cleanup: 12454 ns, At safepoint: 2925 ns, Total: 32893 ns
[2024-01-16T11:57:06.211+0000][7][gc,start    ] GC(24) Pause Young (Concurrent Start) (CodeCache GC Threshold)
[2024-01-16T11:57:06.212+0000][7][gc,task     ] GC(24) Using 12 workers of 13 for evacuation
[2024-01-16T11:57:06.212+0000][7][gc,age      ] GC(24) Desired survivor size 20971520 bytes, new threshold 15 (max threshold 15)
[2024-01-16T11:57:06.232+0000][7][gc,phases   ] GC(24)   Pre Evacuate Collection Set: 0.2ms
[2024-01-16T11:57:06.233+0000][7][gc,phases   ] GC(24)   Merge Heap Roots: 0.1ms
[2024-01-16T11:57:06.233+0000][7][gc,phases   ] GC(24)   Evacuate Collection Set: 19.2ms
[2024-01-16T11:57:06.233+0000][7][gc,phases   ] GC(24)   Post Evacuate Collection Set: 0.9ms
[2024-01-16T11:57:06.233+0000][7][gc,phases   ] GC(24)   Other: 0.3ms
[2024-01-16T11:57:06.233+0000][7][gc,age      ] GC(24) Age table with threshold 15 (max threshold 15)
[2024-01-16T11:57:06.233+0000][7][gc,age      ] GC(24) - age   1:     317392 bytes,     317392 total
[2024-01-16T11:57:06.233+0000][7][gc,age      ] GC(24) - age   2:     618552 bytes,     935944 total
[2024-01-16T11:57:06.233+0000][7][gc,age      ] GC(24) - age   3:      94360 bytes,    1030304 total
[2024-01-16T11:57:06.234+0000][7][gc,age      ] GC(24) - age   4:     760968 bytes,    1791272 total
[2024-01-16T11:57:06.234+0000][7][gc,age      ] GC(24) - age   5:    1631856 bytes,    3423128 total
[2024-01-16T11:57:06.234+0000][7][gc,age      ] GC(24) - age   6:    5315840 bytes,    8738968 total
[2024-01-16T11:57:06.234+0000][7][gc,age      ] GC(24) - age   7:    6551792 bytes,   15290760 total
[2024-01-16T11:57:06.234+0000][7][gc,heap     ] GC(24) Eden regions: 5->0(72)
[2024-01-16T11:57:06.234+0000][7][gc,heap     ] GC(24) Survivor regions: 5->4(10)
[2024-01-16T11:57:06.234+0000][7][gc,heap     ] GC(24) Old regions: 19->19
[2024-01-16T11:57:06.234+0000][7][gc,heap     ] GC(24) Humongous regions: 2->2
[2024-01-16T11:57:06.234+0000][7][gc,metaspace] GC(24) Metaspace: 117818K(121024K)->117818K(121024K) NonClass: 101809K(103552K)->101809K(103552K) Class: 16008K(17472K)->16008K(17472K)
[2024-01-16T11:57:06.235+0000][7][gc          ] GC(24) Pause Young (Concurrent Start) (CodeCache GC Threshold) 113M->96M(512M) 23.177ms
[2024-01-16T11:57:06.235+0000][7][gc          ] GC(25) Concurrent Mark Cycle
[2024-01-16T11:57:06.235+0000][7][gc,marking  ] GC(25) Concurrent Scan Root Regions
[2024-01-16T11:57:06.235+0000][7][gc,cpu      ] GC(24) User=0.08s Sys=0.00s Real=0.02s
[2024-01-16T11:57:06.235+0000][7][safepoint   ] Safepoint "G1TryInitiateConcMark", Time since last: 1578319957 ns, Reaching safepoint: 12934 ns, Cleanup: 6092 ns, At safepoint: 23813330 ns, Total: 23832356 ns
[2024-01-16T11:57:06.239+0000][7][gc,marking  ] GC(25) Concurrent Scan Root Regions 3.738ms
[2024-01-16T11:57:06.239+0000][7][gc,marking  ] GC(25) Concurrent Mark
[2024-01-16T11:57:06.239+0000][7][gc,marking  ] GC(25) Concurrent Mark From Roots
[2024-01-16T11:57:06.239+0000][7][gc,task     ] GC(25) Using 3 workers of 3 for marking
[2024-01-16T11:57:06.261+0000][7][gc,marking  ] GC(25) Concurrent Mark From Roots 22.418ms
[2024-01-16T11:57:06.262+0000][7][gc,marking  ] GC(25) Concurrent Preclean
[2024-01-16T11:57:06.262+0000][7][gc,marking  ] GC(25) Concurrent Preclean 0.251ms
[2024-01-16T11:57:06.262+0000][7][gc,start    ] GC(25) Pause Remark
[2024-01-16T11:57:06.273+0000][7][gc          ] GC(25) Pause Remark 97M->97M(512M) 10.579ms
[2024-01-16T11:57:06.273+0000][7][gc,cpu      ] GC(25) User=0.05s Sys=0.01s Real=0.01s
[2024-01-16T11:57:06.273+0000][7][safepoint   ] Safepoint "G1PauseRemark", Time since last: 26855679 ns, Reaching safepoint: 16141 ns, Cleanup: 3447 ns, At safepoint: 10986734 ns, Total: 11006322 ns
[2024-01-16T11:57:06.273+0000][7][gc,marking  ] GC(25) Concurrent Mark 34.357ms
[2024-01-16T11:57:06.273+0000][7][gc,marking  ] GC(25) Concurrent Rebuild Remembered Sets and Scrub Regions
[2024-01-16T11:57:06.284+0000][7][gc,marking  ] GC(25) Concurrent Rebuild Remembered Sets and Scrub Regions 10.680ms
[2024-01-16T11:57:06.284+0000][7][gc,start    ] GC(25) Pause Cleanup
[2024-01-16T11:57:06.285+0000][7][gc          ] GC(25) Pause Cleanup 97M->97M(512M) 0.310ms
[2024-01-16T11:57:06.285+0000][7][gc,cpu      ] GC(25) User=0.00s Sys=0.00s Real=0.00s
[2024-01-16T11:57:06.285+0000][7][safepoint   ] Safepoint "G1PauseCleanup", Time since last: 11225390 ns, Reaching safepoint: 12735 ns, Cleanup: 14788 ns, At safepoint: 747624 ns, Total: 775147 ns
[2024-01-16T11:57:06.285+0000][7][gc,marking  ] GC(25) Concurrent Clear Claimed Marks
[2024-01-16T11:57:06.286+0000][7][gc,marking  ] GC(25) Concurrent Clear Claimed Marks 0.409ms
[2024-01-16T11:57:06.286+0000][7][gc,marking  ] GC(25) Concurrent Cleanup for Next Mark
[2024-01-16T11:57:06.286+0000][7][gc,marking  ] GC(25) Concurrent Cleanup for Next Mark 0.441ms
[2024-01-16T11:57:06.286+0000][7][gc          ] GC(25) Concurrent Mark Cycle 51.576ms
[2024-01-16T11:57:09.286+0000][7][safepoint   ] Safepoint "Cleanup", Time since last: 3000483989 ns, Reaching safepoint: 24827 ns, Cleanup: 48994 ns, At safepoint: 3396 ns, Total: 77217 ns
[2024-01-16T11:57:10.286+0000][7][safepoint   ] Safepoint "Cleanup", Time since last: 1000399191 ns, Reaching safepoint: 19959 ns, Cleanup: 13024 ns, At safepoint: 3016 ns, Total: 35999 ns
[2024-01-16T11:57:12.287+0000][7][safepoint   ] Safepoint "Cleanup", Time since last: 2000448573 ns, Reaching safepoint: 27663 ns, Cleanup: 37311 ns, At safepoint: 3086 ns, Total: 68060 ns
[2024-01-16T11:57:13.287+0000][7][safepoint   ] Safepoint "Cleanup", Time since last: 1000341897 ns, Reaching safepoint: 14868 ns, Cleanup: 18886 ns, At safepoint: 10931 ns, Total: 44685 ns
[2024-01-16T11:57:14.287+0000][7][safepoint   ] Safepoint "Cleanup", Time since last: 1000234892 ns, Reaching safepoint: 18405 ns, Cleanup: 25368 ns, At safepoint: 3317 ns, Total: 47090 ns
[2024-01-16T11:57:15.288+0000][7][safepoint   ] Safepoint "Cleanup", Time since last: 1000349355 ns, Reaching safepoint: 17654 ns, Cleanup: 35438 ns, At safepoint: 2956 ns, Total: 56048 ns
[2024-01-16T11:57:21.289+0000][7][safepoint   ] Safepoint "Cleanup", Time since last: 6000883575 ns, Reaching safepoint: 15850 ns, Cleanup: 15850 ns, At safepoint: 2465 ns, Total: 34165 ns
[2024-01-16T11:57:22.289+0000][7][safepoint   ] Safepoint "Cleanup", Time since last: 1000296690 ns, Reaching safepoint: 19367 ns, Cleanup: 20008 ns, At safepoint: 3196 ns, Total: 42571 ns
[2024-01-16T11:57:24.289+0000][7][safepoint   ] Safepoint "Cleanup", Time since last: 2000462866 ns, Reaching safepoint: 18415 ns, Cleanup: 24567 ns, At safepoint: 3266 ns, Total: 46248 ns
[2024-01-16T11:57:25.290+0000][7][safepoint   ] Safepoint "Cleanup", Time since last: 1000341240 ns, Reaching safepoint: 20109 ns, Cleanup: 13746 ns, At safepoint: 3216 ns, Total: 37071 ns
[2024-01-16T11:57:27.290+0000][7][safepoint   ] Safepoint "Cleanup", Time since last: 2000460136 ns, Reaching safepoint: 32882 ns, Cleanup: 20580 ns, At safepoint: 3857 ns, Total: 57319 ns
[2024-01-16T11:57:29.291+0000][7][safepoint   ] Safepoint "Cleanup", Time since last: 2000403597 ns, Reaching safepoint: 38133 ns, Cleanup: 13526 ns, At safepoint: 3787 ns, Total: 55446 ns
[2024-01-16T11:57:30.291+0000][7][safepoint   ] Safepoint "Cleanup", Time since last: 1000376207 ns, Reaching safepoint: 18526 ns, Cleanup: 11111 ns, At safepoint: 2865 ns, Total: 32502 ns
[2024-01-16T11:57:33.292+0000][7][safepoint   ] Safepoint "Cleanup", Time since last: 3000567679 ns, Reaching safepoint: 18966 ns, Cleanup: 24016 ns, At safepoint: 3146 ns, Total: 46128 ns
[2024-01-16T11:57:34.292+0000][7][safepoint   ] Safepoint "Cleanup", Time since last: 1000413033 ns, Reaching safepoint: 18525 ns, Cleanup: 11742 ns, At safepoint: 2455 ns, Total: 32722 ns
[2024-01-16T11:57:35.293+0000][7][safepoint   ] Safepoint "Cleanup", Time since last: 1000407652 ns, Reaching safepoint: 19327 ns, Cleanup: 12414 ns, At safepoint: 3006 ns, Total: 34747 ns
[2024-01-16T11:57:36.293+0000][7][safepoint   ] Safepoint "Cleanup", Time since last: 1000447252 ns, Reaching safepoint: 18436 ns, Cleanup: 18876 ns, At safepoint: 2715 ns, Total: 40027 ns
[2024-01-16T11:57:37.294+0000][7][safepoint   ] Safepoint "Cleanup", Time since last: 1000410061 ns, Reaching safepoint: 17213 ns, Cleanup: 26341 ns, At safepoint: 2474 ns, Total: 46028 ns
[2024-01-16T11:57:39.294+0000][7][safepoint   ] Safepoint "Cleanup", Time since last: 2000493239 ns, Reaching safepoint: 17183 ns, Cleanup: 18806 ns, At safepoint: 6161 ns, Total: 42150 ns
[2024-01-16T11:57:41.295+0000][7][safepoint   ] Safepoint "Cleanup", Time since last: 2000514720 ns, Reaching safepoint: 17684 ns, Cleanup: 11342 ns, At safepoint: 2815 ns, Total: 31841 ns
[2024-01-16T11:57:42.295+0000][7][safepoint   ] Safepoint "Cleanup", Time since last: 1000397247 ns, Reaching safepoint: 18455 ns, Cleanup: 14318 ns, At safepoint: 2495 ns, Total: 35268 ns
[2024-01-16T11:57:44.296+0000][7][safepoint   ] Safepoint "Cleanup", Time since last: 2000478620 ns, Reaching safepoint: 19337 ns, Cleanup: 12965 ns, At safepoint: 2955 ns, Total: 35257 ns
[2024-01-16T11:57:48.296+0000][7][safepoint   ] Safepoint "Cleanup", Time since last: 4000704083 ns, Reaching safepoint: 20980 ns, Cleanup: 30448 ns, At safepoint: 3346 ns, Total: 54774 ns
[2024-01-16T11:57:50.665+0000][7][safepoint   ] Safepoint "Cleanup", Time since last: 2368420494 ns, Reaching safepoint: 15530 ns, Cleanup: 8186 ns, At safepoint: 11612 ns, Total: 35328 ns
[2024-01-16T11:57:51.665+0000][7][safepoint   ] Safepoint "Cleanup", Time since last: 1000351495 ns, Reaching safepoint: 18745 ns, Cleanup: 29617 ns, At safepoint: 3757 ns, Total: 52119 ns
[2024-01-16T11:57:53.666+0000][7][safepoint   ] Safepoint "Cleanup", Time since last: 2000463512 ns, Reaching safepoint: 18255 ns, Cleanup: 12203 ns, At safepoint: 2835 ns, Total: 33293 ns
[2024-01-16T11:57:56.666+0000][7][safepoint   ] Safepoint "Cleanup", Time since last: 3000546519 ns, Reaching safepoint: 15289 ns, Cleanup: 12654 ns, At safepoint: 2555 ns, Total: 30498 ns
[2024-01-16T11:57:57.667+0000][7][safepoint   ] Safepoint "Cleanup", Time since last: 1000293584 ns, Reaching safepoint: 17544 ns, Cleanup: 24617 ns, At safepoint: 2795 ns, Total: 44956 ns
[2024-01-16T11:57:59.667+0000][7][safepoint   ] Safepoint "Cleanup", Time since last: 2000428560 ns, Reaching safepoint: 30168 ns, Cleanup: 9758 ns, At safepoint: 12354 ns, Total: 52280 ns
[2024-01-16T11:58:00.229+0000][7][gc,start    ] GC(26) Pause Young (Prepare Mixed) (G1 Evacuation Pause)
[2024-01-16T11:58:00.229+0000][7][gc,task     ] GC(26) Using 12 workers of 13 for evacuation
[2024-01-16T11:58:00.229+0000][7][gc,age      ] GC(26) Desired survivor size 20971520 bytes, new threshold 15 (max threshold 15)
[2024-01-16T11:58:00.260+0000][7][gc,phases   ] GC(26)   Pre Evacuate Collection Set: 0.2ms
[2024-01-16T11:58:00.260+0000][7][gc,phases   ] GC(26)   Merge Heap Roots: 0.1ms
[2024-01-16T11:58:00.260+0000][7][gc,phases   ] GC(26)   Evacuate Collection Set: 29.3ms
[2024-01-16T11:58:00.261+0000][7][gc,phases   ] GC(26)   Post Evacuate Collection Set: 1.3ms
[2024-01-16T11:58:00.261+0000][7][gc,phases   ] GC(26)   Other: 0.3ms
[2024-01-16T11:58:00.261+0000][7][gc,age      ] GC(26) Age table with threshold 15 (max threshold 15)
[2024-01-16T11:58:00.261+0000][7][gc,age      ] GC(26) - age   1:    2073176 bytes,    2073176 total
[2024-01-16T11:58:00.261+0000][7][gc,age      ] GC(26) - age   2:      10080 bytes,    2083256 total
[2024-01-16T11:58:00.261+0000][7][gc,age      ] GC(26) - age   3:     342120 bytes,    2425376 total
[2024-01-16T11:58:00.261+0000][7][gc,age      ] GC(26) - age   4:      83248 bytes,    2508624 total
[2024-01-16T11:58:00.261+0000][7][gc,age      ] GC(26) - age   5:     309840 bytes,    2818464 total
[2024-01-16T11:58:00.262+0000][7][gc,age      ] GC(26) - age   6:    1476816 bytes,    4295280 total
[2024-01-16T11:58:00.262+0000][7][gc,age      ] GC(26) - age   7:    5165040 bytes,    9460320 total
[2024-01-16T11:58:00.262+0000][7][gc,age      ] GC(26) - age   8:    6551112 bytes,   16011432 total
[2024-01-16T11:58:00.262+0000][7][gc,heap     ] GC(26) Eden regions: 72->0(71)
[2024-01-16T11:58:00.262+0000][7][gc,heap     ] GC(26) Survivor regions: 4->5(10)
[2024-01-16T11:58:00.262+0000][7][gc,heap     ] GC(26) Old regions: 19->19
[2024-01-16T11:58:00.262+0000][7][gc,heap     ] GC(26) Humongous regions: 2->2
[2024-01-16T11:58:00.262+0000][7][gc,metaspace] GC(26) Metaspace: 118222K(121408K)->118222K(121408K) NonClass: 102214K(103936K)->102214K(103936K) Class: 16008K(17472K)->16008K(17472K)
[2024-01-16T11:58:00.263+0000][7][gc          ] GC(26) Pause Young (Prepare Mixed) (G1 Evacuation Pause) 384M->97M(512M) 33.942ms
[2024-01-16T11:58:00.263+0000][7][gc,cpu      ] GC(26) User=0.10s Sys=0.02s Real=0.04s
[2024-01-16T11:58:00.263+0000][7][safepoint   ] Safepoint "G1CollectForAllocation", Time since last: 561265298 ns, Reaching safepoint: 35471 ns, Cleanup: 23084 ns, At safepoint: 34487422 ns, Total: 34545977 ns
[2024-01-16T11:58:01.263+0000][7][safepoint   ] Safepoint "Cleanup", Time since last: 1000332879 ns, Reaching safepoint: 18826 ns, Cleanup: 29115 ns, At safepoint: 2996 ns, Total: 50937 ns
[2024-01-16T11:58:02.264+0000][7][safepoint   ] Safepoint "Cleanup", Time since last: 1000492459 ns, Reaching safepoint: 18806 ns, Cleanup: 22974 ns, At safepoint: 3096 ns, Total: 44876 ns
[2024-01-16T11:58:03.264+0000][7][safepoint   ] Safepoint "Cleanup", Time since last: 1000354626 ns, Reaching safepoint: 18645 ns, Cleanup: 27813 ns, At safepoint: 2635 ns, Total: 49093 ns
[2024-01-16T11:58:05.265+0000][7][safepoint   ] Safepoint "Cleanup", Time since last: 2000428681 ns, Reaching safepoint: 18255 ns, Cleanup: 12894 ns, At safepoint: 3286 ns, Total: 34435 ns
[2024-01-16T11:58:08.644+0000][7][safepoint   ] Safepoint "Cleanup", Time since last: 3378580647 ns, Reaching safepoint: 172124 ns, Cleanup: 58993 ns, At safepoint: 127334 ns, Total: 358451 ns
[2024-01-16T11:58:08.871+0000][7][safepoint   ] Safepoint "ICBufferFull", Time since last: 227308914 ns, Reaching safepoint: 95077 ns, Cleanup: 137031 ns, At safepoint: 49124 ns, Total: 281232 ns
[2024-01-16T11:58:09.872+0000][7][safepoint   ] Safepoint "Cleanup", Time since last: 1000373793 ns, Reaching safepoint: 18585 ns, Cleanup: 138034 ns, At safepoint: 3246 ns, Total: 159865 ns
[2024-01-16T11:58:10.872+0000][7][safepoint   ] Safepoint "Cleanup", Time since last: 1000370366 ns, Reaching safepoint: 18355 ns, Cleanup: 13396 ns, At safepoint: 2805 ns, Total: 34556 ns
[2024-01-16T11:58:11.873+0000][7][safepoint   ] Safepoint "Cleanup", Time since last: 1000385795 ns, Reaching safepoint: 15570 ns, Cleanup: 62049 ns, At safepoint: 2575 ns, Total: 80194 ns
[2024-01-16T11:58:12.873+0000][7][safepoint   ] Safepoint "Cleanup", Time since last: 1000249554 ns, Reaching safepoint: 18185 ns, Cleanup: 28334 ns, At safepoint: 3076 ns, Total: 49595 ns
[2024-01-16T11:58:13.873+0000][7][safepoint   ] Safepoint "Cleanup", Time since last: 1000368943 ns, Reaching safepoint: 17474 ns, Cleanup: 26591 ns, At safepoint: 2374 ns, Total: 46439 ns
[2024-01-16T11:58:14.874+0000][7][safepoint   ] Safepoint "Cleanup", Time since last: 1000390053 ns, Reaching safepoint: 18486 ns, Cleanup: 21411 ns, At safepoint: 2835 ns, Total: 42732 ns
[2024-01-16T11:58:15.875+0000][7][safepoint   ] Safepoint "Cleanup", Time since last: 1000594444 ns, Reaching safepoint: 25208 ns, Cleanup: 12444 ns, At safepoint: 3387 ns, Total: 41039 ns
[2024-01-16T11:58:20.875+0000][7][safepoint   ] Safepoint "Cleanup", Time since last: 5000759891 ns, Reaching safepoint: 18967 ns, Cleanup: 19347 ns, At safepoint: 2955 ns, Total: 41269 ns
[2024-01-16T11:58:21.876+0000][7][safepoint   ] Safepoint "Cleanup", Time since last: 1000373492 ns, Reaching safepoint: 16913 ns, Cleanup: 13786 ns, At safepoint: 2495 ns, Total: 33194 ns
[2024-01-16T11:58:23.876+0000][7][safepoint   ] Safepoint "Cleanup", Time since last: 2000427492 ns, Reaching safepoint: 20019 ns, Cleanup: 67418 ns, At safepoint: 3447 ns, Total: 90884 ns
[2024-01-16T11:58:24.877+0000][7][safepoint   ] Safepoint "Cleanup", Time since last: 1000337643 ns, Reaching safepoint: 19467 ns, Cleanup: 13005 ns, At safepoint: 3016 ns, Total: 35488 ns
[2024-01-16T11:58:26.877+0000][7][safepoint   ] Safepoint "Cleanup", Time since last: 2000468101 ns, Reaching safepoint: 19918 ns, Cleanup: 30177 ns, At safepoint: 3727 ns, Total: 53822 ns
[2024-01-16T11:58:27.878+0000][7][safepoint   ] Safepoint "Cleanup", Time since last: 1000405654 ns, Reaching safepoint: 18074 ns, Cleanup: 12915 ns, At safepoint: 2745 ns, Total: 33734 ns
[2024-01-16T11:58:29.878+0000][7][safepoint   ] Safepoint "Cleanup", Time since last: 2000490714 ns, Reaching safepoint: 40016 ns, Cleanup: 13246 ns, At safepoint: 3246 ns, Total: 56508 ns
[2024-01-16T11:58:31.879+0000][7][safepoint   ] Safepoint "Cleanup", Time since last: 2000714261 ns, Reaching safepoint: 31530 ns, Cleanup: 12945 ns, At safepoint: 3476 ns, Total: 47951 ns
[2024-01-16T11:58:32.880+0000][7][safepoint   ] Safepoint "Cleanup", Time since last: 1000595086 ns, Reaching safepoint: 18656 ns, Cleanup: 36900 ns, At safepoint: 3036 ns, Total: 58592 ns
[2024-01-16T11:58:33.880+0000][7][safepoint   ] Safepoint "Cleanup", Time since last: 1000363472 ns, Reaching safepoint: 18957 ns, Cleanup: 16922 ns, At safepoint: 2946 ns, Total: 38825 ns
[2024-01-16T11:58:34.880+0000][7][safepoint   ] Safepoint "Cleanup", Time since last: 1000376788 ns, Reaching safepoint: 19517 ns, Cleanup: 15419 ns, At safepoint: 2665 ns, Total: 37601 ns
[2024-01-16T11:58:35.881+0000][7][safepoint   ] Safepoint "Cleanup", Time since last: 1000401676 ns, Reaching safepoint: 18586 ns, Cleanup: 22593 ns, At safepoint: 2685 ns, Total: 43864 ns
[2024-01-16T11:58:36.881+0000][7][safepoint   ] Safepoint "Cleanup", Time since last: 1000350668 ns, Reaching safepoint: 18606 ns, Cleanup: 17253 ns, At safepoint: 2765 ns, Total: 38624 ns
[2024-01-16T11:58:38.882+0000][7][safepoint   ] Safepoint "Cleanup", Time since last: 2000504926 ns, Reaching safepoint: 111869 ns, Cleanup: 14127 ns, At safepoint: 23014 ns, Total: 149010 ns
[2024-01-16T11:58:39.882+0000][7][safepoint   ] Safepoint "Cleanup", Time since last: 1000409660 ns, Reaching safepoint: 18907 ns, Cleanup: 17062 ns, At safepoint: 3076 ns, Total: 39045 ns
[2024-01-16T11:58:41.883+0000][7][safepoint   ] Safepoint "Cleanup", Time since last: 2000441214 ns, Reaching safepoint: 17814 ns, Cleanup: 14247 ns, At safepoint: 2696 ns, Total: 34757 ns
[2024-01-16T11:58:44.883+0000][7][safepoint   ] Safepoint "Cleanup", Time since last: 3000600987 ns, Reaching safepoint: 17473 ns, Cleanup: 8457 ns, At safepoint: 14487 ns, Total: 40417 ns
[2024-01-16T11:58:46.884+0000][7][safepoint   ] Safepoint "Cleanup", Time since last: 2000337912 ns, Reaching safepoint: 18686 ns, Cleanup: 13946 ns, At safepoint: 2715 ns, Total: 35347 ns
[2024-01-16T11:58:47.612+0000][7][gc,start    ] GC(27) Pause Young (Mixed) (G1 Evacuation Pause)
[2024-01-16T11:58:47.612+0000][7][gc,task     ] GC(27) Using 12 workers of 13 for evacuation
[2024-01-16T11:58:47.612+0000][7][gc,age      ] GC(27) Desired survivor size 20971520 bytes, new threshold 15 (max threshold 15)
[2024-01-16T11:58:47.644+0000][7][gc,phases   ] GC(27)   Pre Evacuate Collection Set: 0.2ms
[2024-01-16T11:58:47.644+0000][7][gc,phases   ] GC(27)   Merge Heap Roots: 0.1ms
[2024-01-16T11:58:47.644+0000][7][gc,phases   ] GC(27)   Evacuate Collection Set: 30.2ms
[2024-01-16T11:58:47.644+0000][7][gc,phases   ] GC(27)   Post Evacuate Collection Set: 1.2ms
[2024-01-16T11:58:47.644+0000][7][gc,phases   ] GC(27)   Other: 0.3ms
[2024-01-16T11:58:47.644+0000][7][gc,age      ] GC(27) Age table with threshold 15 (max threshold 15)
[2024-01-16T11:58:47.645+0000][7][gc,age      ] GC(27) - age   1:    6190016 bytes,    6190016 total
[2024-01-16T11:58:47.645+0000][7][gc,age      ] GC(27) - age   2:     916472 bytes,    7106488 total
[2024-01-16T11:58:47.645+0000][7][gc,age      ] GC(27) - age   3:        880 bytes,    7107368 total
[2024-01-16T11:58:47.645+0000][7][gc,age      ] GC(27) - age   4:     339488 bytes,    7446856 total
[2024-01-16T11:58:47.645+0000][7][gc,age      ] GC(27) - age   5:      82568 bytes,    7529424 total
[2024-01-16T11:58:47.645+0000][7][gc,age      ] GC(27) - age   6:     201944 bytes,    7731368 total
[2024-01-16T11:58:47.645+0000][7][gc,age      ] GC(27) - age   7:    1436120 bytes,    9167488 total
[2024-01-16T11:58:47.645+0000][7][gc,age      ] GC(27) - age   8:    5116056 bytes,   14283544 total
[2024-01-16T11:58:47.645+0000][7][gc,age      ] GC(27) - age   9:    6536720 bytes,   20820264 total
[2024-01-16T11:58:47.646+0000][7][gc,heap     ] GC(27) Eden regions: 71->0(70)
[2024-01-16T11:58:47.646+0000][7][gc,heap     ] GC(27) Survivor regions: 5->6(10)
[2024-01-16T11:58:47.646+0000][7][gc,heap     ] GC(27) Old regions: 19->18
[2024-01-16T11:58:47.646+0000][7][gc,heap     ] GC(27) Humongous regions: 2->2
[2024-01-16T11:58:47.646+0000][7][gc,metaspace] GC(27) Metaspace: 120096K(123264K)->120096K(123264K) NonClass: 103807K(105472K)->103807K(105472K) Class: 16288K(17792K)->16288K(17792K)
[2024-01-16T11:58:47.646+0000][7][gc          ] GC(27) Pause Young (Mixed) (G1 Evacuation Pause) 381M->101M(512M) 34.701ms
[2024-01-16T11:58:47.646+0000][7][gc,cpu      ] GC(27) User=0.12s Sys=0.01s Real=0.03s
[2024-01-16T11:58:47.647+0000][7][safepoint   ] Safepoint "G1CollectForAllocation", Time since last: 727781613 ns, Reaching safepoint: 19607 ns, Cleanup: 10971 ns, At safepoint: 35109621 ns, Total: 35140199 ns
[2024-01-16T11:58:48.647+0000][7][safepoint   ] Safepoint "Cleanup", Time since last: 1000410943 ns, Reaching safepoint: 21271 ns, Cleanup: 45857 ns, At safepoint: 2785 ns, Total: 69913 ns
[2024-01-16T11:58:50.686+0000][7][safepoint   ] Safepoint "Cleanup", Time since last: 2039020651 ns, Reaching safepoint: 97592 ns, Cleanup: 6893 ns, At safepoint: 17363 ns, Total: 121848 ns
[2024-01-16T11:58:56.687+0000][7][safepoint   ] Safepoint "Cleanup", Time since last: 6000796350 ns, Reaching safepoint: 14447 ns, Cleanup: 8416 ns, At safepoint: 14508 ns, Total: 37371 ns
[2024-01-16T11:58:57.688+0000][7][safepoint   ] Safepoint "Cleanup", Time since last: 1000334848 ns, Reaching safepoint: 19076 ns, Cleanup: 14458 ns, At safepoint: 3166 ns, Total: 36700 ns
[2024-01-16T11:58:59.688+0000][7][safepoint   ] Safepoint "Cleanup", Time since last: 2000430439 ns, Reaching safepoint: 32191 ns, Cleanup: 12554 ns, At safepoint: 2054 ns, Total: 46799 ns
[2024-01-16T11:59:00.688+0000][7][safepoint   ] Safepoint "Cleanup", Time since last: 1000314018 ns, Reaching safepoint: 21461 ns, Cleanup: 16962 ns, At safepoint: 3006 ns, Total: 41429 ns
[2024-01-16T11:59:01.689+0000][7][safepoint   ] Safepoint "Cleanup", Time since last: 1000396581 ns, Reaching safepoint: 21872 ns, Cleanup: 14799 ns, At safepoint: 2915 ns, Total: 39586 ns
[2024-01-16T11:59:02.689+0000][7][safepoint   ] Safepoint "Cleanup", Time since last: 1000354229 ns, Reaching safepoint: 15019 ns, Cleanup: 15309 ns, At safepoint: 2665 ns, Total: 32993 ns
[2024-01-16T11:59:03.690+0000][7][safepoint   ] Safepoint "Cleanup", Time since last: 1000326432 ns, Reaching safepoint: 21952 ns, Cleanup: 58031 ns, At safepoint: 3908 ns, Total: 83891 ns
[2024-01-16T11:59:05.690+0000][7][safepoint   ] Safepoint "Cleanup", Time since last: 2000493389 ns, Reaching safepoint: 15630 ns, Cleanup: 10580 ns, At safepoint: 2214 ns, Total: 28424 ns
[2024-01-16T11:59:06.691+0000][7][safepoint   ] Safepoint "Cleanup", Time since last: 1000401375 ns, Reaching safepoint: 17834 ns, Cleanup: 45678 ns, At safepoint: 2354 ns, Total: 65866 ns
[2024-01-16T11:59:08.691+0000][7][safepoint   ] Safepoint "Cleanup", Time since last: 2000390041 ns, Reaching safepoint: 14408 ns, Cleanup: 37371 ns, At safepoint: 2074 ns, Total: 53853 ns
[2024-01-16T11:59:10.692+0000][7][safepoint   ] Safepoint "Cleanup", Time since last: 2000434366 ns, Reaching safepoint: 18696 ns, Cleanup: 12624 ns, At safepoint: 3146 ns, Total: 34466 ns
[2024-01-16T11:59:11.692+0000][7][safepoint   ] Safepoint "Cleanup", Time since last: 1000348083 ns, Reaching safepoint: 15660 ns, Cleanup: 10690 ns, At safepoint: 2104 ns, Total: 28454 ns
[2024-01-16T11:59:13.692+0000][7][safepoint   ] Safepoint "Cleanup", Time since last: 2000452531 ns, Reaching safepoint: 17734 ns, Cleanup: 13426 ns, At safepoint: 2885 ns, Total: 34045 ns
[2024-01-16T11:59:14.693+0000][7][safepoint   ] Safepoint "Cleanup", Time since last: 1000358373 ns, Reaching safepoint: 14278 ns, Cleanup: 18164 ns, At safepoint: 2295 ns, Total: 34737 ns
[2024-01-16T11:59:15.693+0000][7][safepoint   ] Safepoint "Cleanup", Time since last: 1000296765 ns, Reaching safepoint: 17323 ns, Cleanup: 22212 ns, At safepoint: 2635 ns, Total: 42170 ns
[2024-01-16T11:59:16.693+0000][7][safepoint   ] Safepoint "Cleanup", Time since last: 1000336381 ns, Reaching safepoint: 18145 ns, Cleanup: 13275 ns, At safepoint: 2776 ns, Total: 34196 ns
[2024-01-16T11:59:18.694+0000][7][safepoint   ] Safepoint "Cleanup", Time since last: 2000408947 ns, Reaching safepoint: 15580 ns, Cleanup: 10219 ns, At safepoint: 2585 ns, Total: 28384 ns
[2024-01-16T11:59:20.694+0000][7][safepoint   ] Safepoint "Cleanup", Time since last: 2000451549 ns, Reaching safepoint: 13976 ns, Cleanup: 15049 ns, At safepoint: 2485 ns, Total: 31510 ns
[2024-01-16T11:59:21.695+0000][7][safepoint   ] Safepoint "Cleanup", Time since last: 1000320671 ns, Reaching safepoint: 27883 ns, Cleanup: 64163 ns, At safepoint: 3627 ns, Total: 95673 ns
[2024-01-16T11:59:24.695+0000][7][safepoint   ] Safepoint "Cleanup", Time since last: 3000588839 ns, Reaching safepoint: 29696 ns, Cleanup: 41139 ns, At safepoint: 3717 ns, Total: 74552 ns
[2024-01-16T11:59:26.696+0000][7][safepoint   ] Safepoint "Cleanup", Time since last: 2000520080 ns, Reaching safepoint: 19537 ns, Cleanup: 13386 ns, At safepoint: 2635 ns, Total: 35558 ns
[2024-01-16T11:59:28.696+0000][7][safepoint   ] Safepoint "Cleanup", Time since last: 2000400942 ns, Reaching safepoint: 17794 ns, Cleanup: 13255 ns, At safepoint: 2655 ns, Total: 33704 ns
[2024-01-16T11:59:30.697+0000][7][safepoint   ] Safepoint "Cleanup", Time since last: 2000458563 ns, Reaching safepoint: 38614 ns, Cleanup: 18485 ns, At safepoint: 3166 ns, Total: 60265 ns
[2024-01-16T11:59:31.697+0000][7][safepoint   ] Safepoint "Cleanup", Time since last: 1000420331 ns, Reaching safepoint: 17343 ns, Cleanup: 12665 ns, At safepoint: 3146 ns, Total: 33154 ns
[2024-01-16T11:59:34.698+0000][7][safepoint   ] Safepoint "Cleanup", Time since last: 3000518564 ns, Reaching safepoint: 17584 ns, Cleanup: 15369 ns, At safepoint: 2485 ns, Total: 35438 ns
[2024-01-16T11:59:36.698+0000][7][safepoint   ] Safepoint "Cleanup", Time since last: 2000398202 ns, Reaching safepoint: 15640 ns, Cleanup: 8406 ns, At safepoint: 2435 ns, Total: 26481 ns
[2024-01-16T11:59:37.699+0000][7][safepoint   ] Safepoint "Cleanup", Time since last: 1000206397 ns, Reaching safepoint: 20118 ns, Cleanup: 13907 ns, At safepoint: 2405 ns, Total: 36430 ns
[2024-01-16T11:59:38.591+0000][7][gc,start    ] GC(28) Pause Young (Normal) (G1 Evacuation Pause)
[2024-01-16T11:59:38.591+0000][7][gc,task     ] GC(28) Using 12 workers of 13 for evacuation
[2024-01-16T11:59:38.591+0000][7][gc,age      ] GC(28) Desired survivor size 20971520 bytes, new threshold 15 (max threshold 15)
[2024-01-16T11:59:38.622+0000][7][gc,phases   ] GC(28)   Pre Evacuate Collection Set: 0.2ms
[2024-01-16T11:59:38.623+0000][7][gc,phases   ] GC(28)   Merge Heap Roots: 0.1ms
[2024-01-16T11:59:38.623+0000][7][gc,phases   ] GC(28)   Evacuate Collection Set: 29.9ms
[2024-01-16T11:59:38.623+0000][7][gc,phases   ] GC(28)   Post Evacuate Collection Set: 1.1ms
[2024-01-16T11:59:38.623+0000][7][gc,phases   ] GC(28)   Other: 0.2ms
[2024-01-16T11:59:38.623+0000][7][gc,age      ] GC(28) Age table with threshold 15 (max threshold 15)
[2024-01-16T11:59:38.623+0000][7][gc,age      ] GC(28) - age   1:    1109200 bytes,    1109200 total
[2024-01-16T11:59:38.623+0000][7][gc,age      ] GC(28) - age   2:    4425776 bytes,    5534976 total
[2024-01-16T11:59:38.623+0000][7][gc,age      ] GC(28) - age   3:     913560 bytes,    6448536 total
[2024-01-16T11:59:38.623+0000][7][gc,age      ] GC(28) - age   4:        632 bytes,    6449168 total
[2024-01-16T11:59:38.623+0000][7][gc,age      ] GC(28) - age   5:     338944 bytes,    6788112 total
[2024-01-16T11:59:38.624+0000][7][gc,age      ] GC(28) - age   6:      82504 bytes,    6870616 total
[2024-01-16T11:59:38.624+0000][7][gc,age      ] GC(28) - age   7:     201560 bytes,    7072176 total
[2024-01-16T11:59:38.624+0000][7][gc,age      ] GC(28) - age   8:    1435904 bytes,    8508080 total
[2024-01-16T11:59:38.624+0000][7][gc,age      ] GC(28) - age   9:    5115976 bytes,   13624056 total
[2024-01-16T11:59:38.624+0000][7][gc,age      ] GC(28) - age  10:    6536608 bytes,   20160664 total
[2024-01-16T11:59:38.624+0000][7][gc,heap     ] GC(28) Eden regions: 70->0(70)
[2024-01-16T11:59:38.624+0000][7][gc,heap     ] GC(28) Survivor regions: 6->6(10)
[2024-01-16T11:59:38.624+0000][7][gc,heap     ] GC(28) Old regions: 18->18
[2024-01-16T11:59:38.624+0000][7][gc,heap     ] GC(28) Humongous regions: 2->2
[2024-01-16T11:59:38.624+0000][7][gc,metaspace] GC(28) Metaspace: 120501K(123712K)->120501K(123712K) NonClass: 104211K(105920K)->104211K(105920K) Class: 16289K(17792K)->16289K(17792K)
[2024-01-16T11:59:38.625+0000][7][gc          ] GC(28) Pause Young (Normal) (G1 Evacuation Pause) 381M->101M(512M) 33.759ms
[2024-01-16T11:59:38.625+0000][7][gc,cpu      ] GC(28) User=0.09s Sys=0.03s Real=0.03s
[2024-01-16T11:59:38.625+0000][7][safepoint   ] Safepoint "G1CollectForAllocation", Time since last: 892186397 ns, Reaching safepoint: 16000 ns, Cleanup: 12885 ns, At safepoint: 34029155 ns, Total: 34058040 ns
[2024-01-16T11:59:39.625+0000][7][safepoint   ] Safepoint "Cleanup", Time since last: 1000215029 ns, Reaching safepoint: 16632 ns, Cleanup: 16952 ns, At safepoint: 12494 ns, Total: 46078 ns
[2024-01-16T11:59:42.626+0000][7][safepoint   ] Safepoint "Cleanup", Time since last: 3000518535 ns, Reaching safepoint: 32753 ns, Cleanup: 16661 ns, At safepoint: 35809 ns, Total: 85223 ns
[2024-01-16T11:59:44.626+0000][7][safepoint   ] Safepoint "Cleanup", Time since last: 2000387035 ns, Reaching safepoint: 18365 ns, Cleanup: 11462 ns, At safepoint: 2415 ns, Total: 32242 ns
[2024-01-16T11:59:47.627+0000][7][safepoint   ] Safepoint "Cleanup", Time since last: 3000402804 ns, Reaching safepoint: 15409 ns, Cleanup: 7174 ns, At safepoint: 26681 ns, Total: 49264 ns
[2024-01-16T11:59:48.627+0000][7][safepoint   ] Safepoint "Cleanup", Time since last: 1000238308 ns, Reaching safepoint: 16181 ns, Cleanup: 16902 ns, At safepoint: 3206 ns, Total: 36289 ns
[2024-01-16T11:59:50.708+0000][7][safepoint   ] Safepoint "Cleanup", Time since last: 2081454346 ns, Reaching safepoint: 17663 ns, Cleanup: 11212 ns, At safepoint: 2454 ns, Total: 31329 ns
[2024-01-16T11:59:51.709+0000][7][safepoint   ] Safepoint "Cleanup", Time since last: 1000269353 ns, Reaching safepoint: 18445 ns, Cleanup: 31631 ns, At safepoint: 2986 ns, Total: 53062 ns
[2024-01-16T11:59:53.709+0000][7][safepoint   ] Safepoint "Cleanup", Time since last: 2000464428 ns, Reaching safepoint: 18906 ns, Cleanup: 21091 ns, At safepoint: 2955 ns, Total: 42952 ns
[2024-01-16T11:59:56.710+0000][7][safepoint   ] Safepoint "Cleanup", Time since last: 3000583053 ns, Reaching safepoint: 16291 ns, Cleanup: 11292 ns, At safepoint: 2404 ns, Total: 29987 ns
[2024-01-16T12:00:00.710+0000][7][safepoint   ] Safepoint "Cleanup", Time since last: 4000574470 ns, Reaching safepoint: 27913 ns, Cleanup: 24197 ns, At safepoint: 4799 ns, Total: 56909 ns
[2024-01-16T12:00:01.711+0000][7][safepoint   ] Safepoint "Cleanup", Time since last: 1000356269 ns, Reaching safepoint: 18194 ns, Cleanup: 16131 ns, At safepoint: 2615 ns, Total: 36940 ns
[2024-01-16T12:00:02.711+0000][7][safepoint   ] Safepoint "Cleanup", Time since last: 1000332694 ns, Reaching safepoint: 17604 ns, Cleanup: 15319 ns, At safepoint: 2635 ns, Total: 35558 ns
[2024-01-16T12:00:03.712+0000][7][safepoint   ] Safepoint "Cleanup", Time since last: 1000346590 ns, Reaching safepoint: 17774 ns, Cleanup: 13506 ns, At safepoint: 2966 ns, Total: 34246 ns
[2024-01-16T12:00:05.712+0000][7][safepoint   ] Safepoint "Cleanup", Time since last: 2000421631 ns, Reaching safepoint: 26712 ns, Cleanup: 14147 ns, At safepoint: 3837 ns, Total: 44696 ns
[2024-01-16T12:00:08.713+0000][7][safepoint   ] Safepoint "Cleanup", Time since last: 3000543497 ns, Reaching safepoint: 18596 ns, Cleanup: 40648 ns, At safepoint: 3366 ns, Total: 62610 ns
[2024-01-16T12:00:10.713+0000][7][safepoint   ] Safepoint "Cleanup", Time since last: 2000417539 ns, Reaching safepoint: 18525 ns, Cleanup: 20219 ns, At safepoint: 2946 ns, Total: 41690 ns
[2024-01-16T12:00:11.714+0000][7][safepoint   ] Safepoint "Cleanup", Time since last: 1000361268 ns, Reaching safepoint: 17674 ns, Cleanup: 16561 ns, At safepoint: 4138 ns, Total: 38373 ns
[2024-01-16T12:00:12.714+0000][7][safepoint   ] Safepoint "Cleanup", Time since last: 1000328576 ns, Reaching safepoint: 18115 ns, Cleanup: 12925 ns, At safepoint: 2955 ns, Total: 33995 ns
[2024-01-16T12:00:14.714+0000][7][safepoint   ] Safepoint "Cleanup", Time since last: 2000411723 ns, Reaching safepoint: 18435 ns, Cleanup: 19568 ns, At safepoint: 2635 ns, Total: 40638 ns
[2024-01-16T12:00:15.715+0000][7][safepoint   ] Safepoint "Cleanup", Time since last: 1000361398 ns, Reaching safepoint: 18526 ns, Cleanup: 18064 ns, At safepoint: 2605 ns, Total: 39195 ns
[2024-01-16T12:00:16.715+0000][7][safepoint   ] Safepoint "Cleanup", Time since last: 1000335509 ns, Reaching safepoint: 19207 ns, Cleanup: 20890 ns, At safepoint: 3306 ns, Total: 43403 ns
[2024-01-16T12:00:17.716+0000][7][safepoint   ] Safepoint "Cleanup", Time since last: 1000473814 ns, Reaching safepoint: 18886 ns, Cleanup: 16061 ns, At safepoint: 2785 ns, Total: 37732 ns
[2024-01-16T12:00:20.716+0000][7][safepoint   ] Safepoint "Cleanup", Time since last: 3000596007 ns, Reaching safepoint: 19337 ns, Cleanup: 29266 ns, At safepoint: 3237 ns, Total: 51840 ns
[2024-01-16T12:00:21.717+0000][7][safepoint   ] Safepoint "Cleanup", Time since last: 1000371412 ns, Reaching safepoint: 18385 ns, Cleanup: 13196 ns, At safepoint: 2885 ns, Total: 34466 ns
[2024-01-16T12:00:23.717+0000][7][safepoint   ] Safepoint "Cleanup", Time since last: 2000524569 ns, Reaching safepoint: 17303 ns, Cleanup: 14958 ns, At safepoint: 2445 ns, Total: 34706 ns
[2024-01-16T12:00:24.718+0000][7][safepoint   ] Safepoint "Cleanup", Time since last: 1000374333 ns, Reaching safepoint: 18486 ns, Cleanup: 16782 ns, At safepoint: 2875 ns, Total: 38143 ns
[2024-01-16T12:00:26.718+0000][7][safepoint   ] Safepoint "Cleanup", Time since last: 2000435183 ns, Reaching safepoint: 21040 ns, Cleanup: 17503 ns, At safepoint: 21602 ns, Total: 60145 ns
[2024-01-16T12:00:33.719+0000][7][safepoint   ] Safepoint "Cleanup", Time since last: 7000718934 ns, Reaching safepoint: 33985 ns, Cleanup: 14738 ns, At safepoint: 2936 ns, Total: 51659 ns
[2024-01-16T12:00:34.719+0000][7][safepoint   ] Safepoint "Cleanup", Time since last: 1000327484 ns, Reaching safepoint: 16331 ns, Cleanup: 13616 ns, At safepoint: 2374 ns, Total: 32321 ns
[2024-01-16T12:00:35.588+0000][7][gc,start    ] GC(29) Pause Young (Concurrent Start) (G1 Evacuation Pause)
[2024-01-16T12:00:35.588+0000][7][gc,task     ] GC(29) Using 12 workers of 13 for evacuation
[2024-01-16T12:00:35.588+0000][7][gc,age      ] GC(29) Desired survivor size 20971520 bytes, new threshold 15 (max threshold 15)
[2024-01-16T12:00:35.618+0000][7][gc,phases   ] GC(29)   Pre Evacuate Collection Set: 0.2ms
[2024-01-16T12:00:35.619+0000][7][gc,phases   ] GC(29)   Merge Heap Roots: 0.1ms
[2024-01-16T12:00:35.619+0000][7][gc,phases   ] GC(29)   Evacuate Collection Set: 28.9ms
[2024-01-16T12:00:35.619+0000][7][gc,phases   ] GC(29)   Post Evacuate Collection Set: 0.9ms
[2024-01-16T12:00:35.619+0000][7][gc,phases   ] GC(29)   Other: 0.4ms
[2024-01-16T12:00:35.619+0000][7][gc,age      ] GC(29) Age table with threshold 15 (max threshold 15)
[2024-01-16T12:00:35.619+0000][7][gc,age      ] GC(29) - age   1:    1257320 bytes,    1257320 total
[2024-01-16T12:00:35.619+0000][7][gc,age      ] GC(29) - age   2:     168768 bytes,    1426088 total
[2024-01-16T12:00:35.619+0000][7][gc,age      ] GC(29) - age   3:    4416912 bytes,    5843000 total
[2024-01-16T12:00:35.619+0000][7][gc,age      ] GC(29) - age   4:     912864 bytes,    6755864 total
[2024-01-16T12:00:35.620+0000][7][gc,age      ] GC(29) - age   5:        632 bytes,    6756496 total
[2024-01-16T12:00:35.620+0000][7][gc,age      ] GC(29) - age   6:     338880 bytes,    7095376 total
[2024-01-16T12:00:35.620+0000][7][gc,age      ] GC(29) - age   7:      82504 bytes,    7177880 total
[2024-01-16T12:00:35.620+0000][7][gc,age      ] GC(29) - age   8:     201496 bytes,    7379376 total
[2024-01-16T12:00:35.620+0000][7][gc,age      ] GC(29) - age   9:    1435744 bytes,    8815120 total
[2024-01-16T12:00:35.620+0000][7][gc,age      ] GC(29) - age  10:    5115976 bytes,   13931096 total
[2024-01-16T12:00:35.620+0000][7][gc,age      ] GC(29) - age  11:    6536608 bytes,   20467704 total
[2024-01-16T12:00:35.620+0000][7][gc,heap     ] GC(29) Eden regions: 70->0(70)
[2024-01-16T12:00:35.620+0000][7][gc,heap     ] GC(29) Survivor regions: 6->6(10)
[2024-01-16T12:00:35.620+0000][7][gc,heap     ] GC(29) Old regions: 18->18
[2024-01-16T12:00:35.620+0000][7][gc,heap     ] GC(29) Humongous regions: 2->2
[2024-01-16T12:00:35.621+0000][7][gc,metaspace] GC(29) Metaspace: 120720K(123904K)->120720K(123904K) NonClass: 104429K(106112K)->104429K(106112K) Class: 16290K(17792K)->16290K(17792K)
[2024-01-16T12:00:35.621+0000][7][gc          ] GC(29) Pause Young (Concurrent Start) (G1 Evacuation Pause) 381M->101M(512M) 32.895ms
[2024-01-16T12:00:35.621+0000][7][gc          ] GC(30) Concurrent Mark Cycle
[2024-01-16T12:00:35.621+0000][7][gc,marking  ] GC(30) Concurrent Scan Root Regions
[2024-01-16T12:00:35.621+0000][7][gc,cpu      ] GC(29) User=0.12s Sys=0.00s Real=0.04s
[2024-01-16T12:00:35.621+0000][7][safepoint   ] Safepoint "G1CollectForAllocation", Time since last: 868414602 ns, Reaching safepoint: 30769 ns, Cleanup: 7724 ns, At safepoint: 33381628 ns, Total: 33420121 ns
[2024-01-16T12:00:35.624+0000][7][gc,marking  ] GC(30) Concurrent Scan Root Regions 3.379ms
[2024-01-16T12:00:35.624+0000][7][gc,marking  ] GC(30) Concurrent Mark
[2024-01-16T12:00:35.625+0000][7][gc,marking  ] GC(30) Concurrent Mark From Roots
[2024-01-16T12:00:35.625+0000][7][gc,task     ] GC(30) Using 3 workers of 3 for marking
[2024-01-16T12:00:35.646+0000][7][gc,marking  ] GC(30) Concurrent Mark From Roots 21.090ms
[2024-01-16T12:00:35.646+0000][7][gc,marking  ] GC(30) Concurrent Preclean
[2024-01-16T12:00:35.647+0000][7][gc,marking  ] GC(30) Concurrent Preclean 0.813ms
[2024-01-16T12:00:35.647+0000][7][gc,start    ] GC(30) Pause Remark
[2024-01-16T12:00:35.683+0000][7][gc          ] GC(30) Pause Remark 104M->104M(512M) 36.584ms
[2024-01-16T12:00:35.684+0000][7][gc,cpu      ] GC(30) User=0.13s Sys=0.00s Real=0.04s
[2024-01-16T12:00:35.684+0000][7][safepoint   ] Safepoint "G1PauseRemark", Time since last: 25738730 ns, Reaching safepoint: 29717 ns, Cleanup: 8626 ns, At safepoint: 37065800 ns, Total: 37104143 ns
[2024-01-16T12:00:35.684+0000][7][gc,marking  ] GC(30) Concurrent Mark 59.784ms
[2024-01-16T12:00:35.684+0000][7][gc,marking  ] GC(30) Concurrent Rebuild Remembered Sets and Scrub Regions
[2024-01-16T12:00:35.693+0000][7][gc,marking  ] GC(30) Concurrent Rebuild Remembered Sets and Scrub Regions 8.885ms
[2024-01-16T12:00:35.694+0000][7][gc,start    ] GC(30) Pause Cleanup
[2024-01-16T12:00:35.694+0000][7][gc          ] GC(30) Pause Cleanup 107M->107M(512M) 0.252ms
[2024-01-16T12:00:35.694+0000][7][gc,cpu      ] GC(30) User=0.00s Sys=0.00s Real=0.00s
[2024-01-16T12:00:35.694+0000][7][safepoint   ] Safepoint "G1PauseCleanup", Time since last: 9440994 ns, Reaching safepoint: 98394 ns, Cleanup: 45437 ns, At safepoint: 535388 ns, Total: 679219 ns
[2024-01-16T12:00:35.694+0000][7][gc,marking  ] GC(30) Concurrent Clear Claimed Marks
[2024-01-16T12:00:35.695+0000][7][gc,marking  ] GC(30) Concurrent Clear Claimed Marks 0.293ms
[2024-01-16T12:00:35.695+0000][7][gc,marking  ] GC(30) Concurrent Cleanup for Next Mark
[2024-01-16T12:00:35.695+0000][7][gc,marking  ] GC(30) Concurrent Cleanup for Next Mark 0.583ms
[2024-01-16T12:00:35.695+0000][7][gc          ] GC(30) Concurrent Mark Cycle 74.720ms
[2024-01-16T12:00:36.694+0000][7][safepoint   ] Safepoint "Cleanup", Time since last: 1000241710 ns, Reaching safepoint: 27913 ns, Cleanup: 30007 ns, At safepoint: 2685 ns, Total: 60605 ns
[2024-01-16T12:00:38.695+0000][7][safepoint   ] Safepoint "Cleanup", Time since last: 2000423806 ns, Reaching safepoint: 15871 ns, Cleanup: 19377 ns, At safepoint: 2534 ns, Total: 37782 ns
[2024-01-16T12:00:46.696+0000][7][safepoint   ] Safepoint "Cleanup", Time since last: 8000941202 ns, Reaching safepoint: 18145 ns, Cleanup: 15019 ns, At safepoint: 2935 ns, Total: 36099 ns
[2024-01-16T12:00:48.696+0000][7][safepoint   ] Safepoint "Cleanup", Time since last: 2000474964 ns, Reaching safepoint: 17694 ns, Cleanup: 14558 ns, At safepoint: 2875 ns, Total: 35127 ns
[2024-01-16T12:00:50.730+0000][7][safepoint   ] Safepoint "Cleanup", Time since last: 2033802082 ns, Reaching safepoint: 12814 ns, Cleanup: 6393 ns, At safepoint: 11401 ns, Total: 30608 ns
[2024-01-16T12:00:54.731+0000][7][safepoint   ] Safepoint "Cleanup", Time since last: 4000666406 ns, Reaching safepoint: 26100 ns, Cleanup: 16070 ns, At safepoint: 3988 ns, Total: 46158 ns
[2024-01-16T12:00:56.731+0000][7][safepoint   ] Safepoint "Cleanup", Time since last: 2000584824 ns, Reaching safepoint: 16541 ns, Cleanup: 15680 ns, At safepoint: 2455 ns, Total: 34676 ns
[2024-01-16T12:00:57.732+0000][7][safepoint   ] Safepoint "Cleanup", Time since last: 1000393129 ns, Reaching safepoint: 16852 ns, Cleanup: 13356 ns, At safepoint: 3046 ns, Total: 33254 ns
[2024-01-16T12:00:59.732+0000][7][safepoint   ] Safepoint "Cleanup", Time since last: 2000465625 ns, Reaching safepoint: 17554 ns, Cleanup: 12293 ns, At safepoint: 2996 ns, Total: 32843 ns
[2024-01-16T12:01:00.733+0000][7][safepoint   ] Safepoint "Cleanup", Time since last: 1000357161 ns, Reaching safepoint: 36780 ns, Cleanup: 10690 ns, At safepoint: 4529 ns, Total: 51999 ns
[2024-01-16T12:01:01.733+0000][7][safepoint   ] Safepoint "Cleanup", Time since last: 1000353103 ns, Reaching safepoint: 18034 ns, Cleanup: 15059 ns, At safepoint: 2816 ns, Total: 35909 ns
[2024-01-16T12:01:02.734+0000][7][safepoint   ] Safepoint "Cleanup", Time since last: 1000312084 ns, Reaching safepoint: 17243 ns, Cleanup: 11713 ns, At safepoint: 1963 ns, Total: 30919 ns
[2024-01-16T12:01:03.734+0000][7][safepoint   ] Safepoint "Cleanup", Time since last: 1000249034 ns, Reaching safepoint: 16361 ns, Cleanup: 10901 ns, At safepoint: 2605 ns, Total: 29867 ns
[2024-01-16T12:01:04.734+0000][7][safepoint   ] Safepoint "Cleanup", Time since last: 1000352382 ns, Reaching safepoint: 15900 ns, Cleanup: 10139 ns, At safepoint: 2485 ns, Total: 28524 ns
[2024-01-16T12:01:08.735+0000][7][safepoint   ] Safepoint "Cleanup", Time since last: 4000578102 ns, Reaching safepoint: 17523 ns, Cleanup: 26671 ns, At safepoint: 2515 ns, Total: 46709 ns
[2024-01-16T12:01:09.735+0000][7][safepoint   ] Safepoint "Cleanup", Time since last: 1000273185 ns, Reaching safepoint: 17573 ns, Cleanup: 21311 ns, At safepoint: 7204 ns, Total: 46088 ns
[2024-01-16T12:01:11.736+0000][7][safepoint   ] Safepoint "Cleanup", Time since last: 2000518487 ns, Reaching safepoint: 31610 ns, Cleanup: 19818 ns, At safepoint: 2355 ns, Total: 53783 ns
[2024-01-16T12:01:12.736+0000][7][safepoint   ] Safepoint "Cleanup", Time since last: 1000281375 ns, Reaching safepoint: 17143 ns, Cleanup: 13355 ns, At safepoint: 2395 ns, Total: 32893 ns
[2024-01-16T12:01:14.736+0000][7][safepoint   ] Safepoint "Cleanup", Time since last: 2000425729 ns, Reaching safepoint: 16221 ns, Cleanup: 21151 ns, At safepoint: 3156 ns, Total: 40528 ns
[2024-01-16T12:01:15.737+0000][7][safepoint   ] Safepoint "Cleanup", Time since last: 1000314599 ns, Reaching safepoint: 15039 ns, Cleanup: 6863 ns, At safepoint: 1784 ns, Total: 23686 ns
[2024-01-16T12:01:16.737+0000][7][safepoint   ] Safepoint "Cleanup", Time since last: 1000235728 ns, Reaching safepoint: 36760 ns, Cleanup: 13275 ns, At safepoint: 2776 ns, Total: 52811 ns
[2024-01-16T12:01:18.738+0000][7][safepoint   ] Safepoint "Cleanup", Time since last: 2000734580 ns, Reaching safepoint: 15700 ns, Cleanup: 12854 ns, At safepoint: 2635 ns, Total: 31189 ns
[2024-01-16T12:01:20.738+0000][7][safepoint   ] Safepoint "Cleanup", Time since last: 2000491936 ns, Reaching safepoint: 14939 ns, Cleanup: 11792 ns, At safepoint: 2796 ns, Total: 29527 ns
[2024-01-16T12:01:21.739+0000][7][safepoint   ] Safepoint "Cleanup", Time since last: 1000314979 ns, Reaching safepoint: 17554 ns, Cleanup: 16301 ns, At safepoint: 2755 ns, Total: 36610 ns
[2024-01-16T12:01:22.739+0000][7][safepoint   ] Safepoint "Cleanup", Time since last: 1000378291 ns, Reaching safepoint: 16792 ns, Cleanup: 12665 ns, At safepoint: 2575 ns, Total: 32032 ns
[2024-01-16T12:01:23.740+0000][7][safepoint   ] Safepoint "Cleanup", Time since last: 1000400072 ns, Reaching safepoint: 17514 ns, Cleanup: 10831 ns, At safepoint: 2444 ns, Total: 30789 ns
[2024-01-16T12:01:26.740+0000][7][safepoint   ] Safepoint "Cleanup", Time since last: 3000424214 ns, Reaching safepoint: 398061 ns, Cleanup: 6663 ns, At safepoint: 14297 ns, Total: 419021 ns
[2024-01-16T12:01:31.741+0000][7][safepoint   ] Safepoint "Cleanup", Time since last: 5000625375 ns, Reaching safepoint: 16963 ns, Cleanup: 12994 ns, At safepoint: 2615 ns, Total: 32572 ns
[2024-01-16T12:01:32.672+0000][7][gc,start    ] GC(31) Pause Young (Prepare Mixed) (G1 Evacuation Pause)
[2024-01-16T12:01:32.672+0000][7][gc,task     ] GC(31) Using 12 workers of 13 for evacuation
[2024-01-16T12:01:32.673+0000][7][gc,age      ] GC(31) Desired survivor size 20971520 bytes, new threshold 15 (max threshold 15)
[2024-01-16T12:01:32.699+0000][7][gc,phases   ] GC(31)   Pre Evacuate Collection Set: 0.2ms
[2024-01-16T12:01:32.699+0000][7][gc,phases   ] GC(31)   Merge Heap Roots: 0.1ms
[2024-01-16T12:01:32.700+0000][7][gc,phases   ] GC(31)   Evacuate Collection Set: 25.3ms
[2024-01-16T12:01:32.700+0000][7][gc,phases   ] GC(31)   Post Evacuate Collection Set: 1.0ms
[2024-01-16T12:01:32.700+0000][7][gc,phases   ] GC(31)   Other: 0.2ms
[2024-01-16T12:01:32.700+0000][7][gc,age      ] GC(31) Age table with threshold 15 (max threshold 15)
[2024-01-16T12:01:32.700+0000][7][gc,age      ] GC(31) - age   1:    1280584 bytes,    1280584 total
[2024-01-16T12:01:32.700+0000][7][gc,age      ] GC(31) - age   2:      41632 bytes,    1322216 total
[2024-01-16T12:01:32.700+0000][7][gc,age      ] GC(31) - age   3:     164848 bytes,    1487064 total
[2024-01-16T12:01:32.700+0000][7][gc,age      ] GC(31) - age   4:    4414160 bytes,    5901224 total
[2024-01-16T12:01:32.700+0000][7][gc,age      ] GC(31) - age   5:     912768 bytes,    6813992 total
[2024-01-16T12:01:32.701+0000][7][gc,age      ] GC(31) - age   6:        632 bytes,    6814624 total
[2024-01-16T12:01:32.701+0000][7][gc,age      ] GC(31) - age   7:     338880 bytes,    7153504 total
[2024-01-16T12:01:32.701+0000][7][gc,age      ] GC(31) - age   8:      82208 bytes,    7235712 total
[2024-01-16T12:01:32.701+0000][7][gc,age      ] GC(31) - age   9:     201432 bytes,    7437144 total
[2024-01-16T12:01:32.701+0000][7][gc,age      ] GC(31) - age  10:    1401456 bytes,    8838600 total
[2024-01-16T12:01:32.701+0000][7][gc,age      ] GC(31) - age  11:    5019800 bytes,   13858400 total
[2024-01-16T12:01:32.701+0000][7][gc,age      ] GC(31) - age  12:    6350056 bytes,   20208456 total
[2024-01-16T12:01:32.701+0000][7][gc,heap     ] GC(31) Eden regions: 70->0(70)
[2024-01-16T12:01:32.701+0000][7][gc,heap     ] GC(31) Survivor regions: 6->6(10)
[2024-01-16T12:01:32.701+0000][7][gc,heap     ] GC(31) Old regions: 18->18
[2024-01-16T12:01:32.702+0000][7][gc,heap     ] GC(31) Humongous regions: 2->2
[2024-01-16T12:01:32.702+0000][7][gc,metaspace] GC(31) Metaspace: 118805K(123968K)->118805K(123968K) NonClass: 103015K(106176K)->103015K(106176K) Class: 15790K(17792K)->15790K(17792K)
[2024-01-16T12:01:32.702+0000][7][gc          ] GC(31) Pause Young (Prepare Mixed) (G1 Evacuation Pause) 381M->102M(512M) 29.467ms
[2024-01-16T12:01:32.702+0000][7][gc,cpu      ] GC(31) User=0.08s Sys=0.02s Real=0.03s
[2024-01-16T12:01:32.702+0000][7][safepoint   ] Safepoint "G1CollectForAllocation", Time since last: 931135627 ns, Reaching safepoint: 13936 ns, Cleanup: 3517 ns, At safepoint: 29771007 ns, Total: 29788460 ns
[2024-01-16T12:01:34.702+0000][7][safepoint   ] Safepoint "Cleanup", Time since last: 2000288342 ns, Reaching safepoint: 17974 ns, Cleanup: 15520 ns, At safepoint: 2755 ns, Total: 36249 ns
[2024-01-16T12:01:35.703+0000][7][safepoint   ] Safepoint "Cleanup", Time since last: 1000364945 ns, Reaching safepoint: 16121 ns, Cleanup: 9308 ns, At safepoint: 2655 ns, Total: 28084 ns
[2024-01-16T12:01:36.703+0000][7][safepoint   ] Safepoint "Cleanup", Time since last: 1000345138 ns, Reaching safepoint: 19136 ns, Cleanup: 30178 ns, At safepoint: 2946 ns, Total: 52260 ns
[2024-01-16T12:01:38.704+0000][7][safepoint   ] Safepoint "Cleanup", Time since last: 2000423495 ns, Reaching safepoint: 17193 ns, Cleanup: 14167 ns, At safepoint: 2965 ns, Total: 34325 ns
[2024-01-16T12:01:41.704+0000][7][safepoint   ] Safepoint "Cleanup", Time since last: 3000514397 ns, Reaching safepoint: 19377 ns, Cleanup: 17474 ns, At safepoint: 3126 ns, Total: 39977 ns
[2024-01-16T12:01:44.705+0000][7][safepoint   ] Safepoint "Cleanup", Time since last: 3000503646 ns, Reaching safepoint: 16441 ns, Cleanup: 9188 ns, At safepoint: 2395 ns, Total: 28024 ns
[2024-01-16T12:01:47.705+0000][7][safepoint   ] Safepoint "Cleanup", Time since last: 3000506131 ns, Reaching safepoint: 16722 ns, Cleanup: 18966 ns, At safepoint: 2946 ns, Total: 38634 ns
[2024-01-16T12:01:51.751+0000][7][safepoint   ] Safepoint "Cleanup", Time since last: 4046114701 ns, Reaching safepoint: 54334 ns, Cleanup: 13315 ns, At safepoint: 4198 ns, Total: 71847 ns
[2024-01-16T12:01:53.752+0000][7][safepoint   ] Safepoint "Cleanup", Time since last: 2000494812 ns, Reaching safepoint: 19256 ns, Cleanup: 13386 ns, At safepoint: 2996 ns, Total: 35638 ns
[2024-01-16T12:01:56.753+0000][7][safepoint   ] Safepoint "Cleanup", Time since last: 3000583318 ns, Reaching safepoint: 16762 ns, Cleanup: 18456 ns, At safepoint: 2254 ns, Total: 37472 ns
[2024-01-16T12:01:58.753+0000][7][safepoint   ] Safepoint "Cleanup", Time since last: 2000331179 ns, Reaching safepoint: 17524 ns, Cleanup: 13656 ns, At safepoint: 2655 ns, Total: 33835 ns
[2024-01-16T12:01:59.753+0000][7][safepoint   ] Safepoint "Cleanup", Time since last: 1000424023 ns, Reaching safepoint: 22012 ns, Cleanup: 20259 ns, At safepoint: 2685 ns, Total: 44956 ns
[2024-01-16T12:02:00.754+0000][7][safepoint   ] Safepoint "Cleanup", Time since last: 1000367666 ns, Reaching safepoint: 18485 ns, Cleanup: 13516 ns, At safepoint: 2795 ns, Total: 34796 ns
[2024-01-16T12:02:02.754+0000][7][safepoint   ] Safepoint "Cleanup", Time since last: 2000431020 ns, Reaching safepoint: 20429 ns, Cleanup: 9538 ns, At safepoint: 3286 ns, Total: 33253 ns
[2024-01-16T12:02:04.755+0000][7][safepoint   ] Safepoint "Cleanup", Time since last: 2000437843 ns, Reaching safepoint: 19808 ns, Cleanup: 12514 ns, At safepoint: 3406 ns, Total: 35728 ns
[2024-01-16T12:02:08.755+0000][7][safepoint   ] Safepoint "Cleanup", Time since last: 4000689049 ns, Reaching safepoint: 16481 ns, Cleanup: 27122 ns, At safepoint: 2615 ns, Total: 46218 ns
[2024-01-16T12:02:11.756+0000][7][safepoint   ] Safepoint "Cleanup", Time since last: 3000575995 ns, Reaching safepoint: 16401 ns, Cleanup: 13937 ns, At safepoint: 2585 ns, Total: 32923 ns
[2024-01-16T12:02:12.756+0000][7][safepoint   ] Safepoint "Cleanup", Time since last: 1000363803 ns, Reaching safepoint: 18155 ns, Cleanup: 22593 ns, At safepoint: 3456 ns, Total: 44204 ns
[2024-01-16T12:02:13.757+0000][7][safepoint   ] Safepoint "Cleanup", Time since last: 1000381858 ns, Reaching safepoint: 17874 ns, Cleanup: 13025 ns, At safepoint: 2765 ns, Total: 33664 ns
[2024-01-16T12:02:14.757+0000][7][safepoint   ] Safepoint "Cleanup", Time since last: 1000421514 ns, Reaching safepoint: 20359 ns, Cleanup: 13546 ns, At safepoint: 2845 ns, Total: 36750 ns
[2024-01-16T12:02:16.758+0000][7][safepoint   ] Safepoint "Cleanup", Time since last: 2000452791 ns, Reaching safepoint: 20460 ns, Cleanup: 13075 ns, At safepoint: 3136 ns, Total: 36671 ns
[2024-01-16T12:02:20.759+0000][7][safepoint   ] Safepoint "Cleanup", Time since last: 4000677806 ns, Reaching safepoint: 16331 ns, Cleanup: 14678 ns, At safepoint: 2565 ns, Total: 33574 ns
[2024-01-16T12:02:21.759+0000][7][safepoint   ] Safepoint "Cleanup", Time since last: 1000334528 ns, Reaching safepoint: 32822 ns, Cleanup: 8767 ns, At safepoint: 2194 ns, Total: 43783 ns
[2024-01-16T12:02:22.759+0000][7][safepoint   ] Safepoint "Cleanup", Time since last: 1000244986 ns, Reaching safepoint: 20620 ns, Cleanup: 29035 ns, At safepoint: 2856 ns, Total: 52511 ns
[2024-01-16T12:02:23.760+0000][7][safepoint   ] Safepoint "Cleanup", Time since last: 1000335549 ns, Reaching safepoint: 17463 ns, Cleanup: 10931 ns, At safepoint: 2154 ns, Total: 30548 ns
[2024-01-16T12:02:24.760+0000][7][safepoint   ] Safepoint "Cleanup", Time since last: 1000352131 ns, Reaching safepoint: 18947 ns, Cleanup: 12053 ns, At safepoint: 3146 ns, Total: 34146 ns
[2024-01-16T12:02:27.761+0000][7][safepoint   ] Safepoint "Cleanup", Time since last: 3000535106 ns, Reaching safepoint: 24266 ns, Cleanup: 15029 ns, At safepoint: 2826 ns, Total: 42121 ns
[2024-01-16T12:02:28.999+0000][7][gc,start    ] GC(32) Pause Young (Mixed) (G1 Evacuation Pause)
[2024-01-16T12:02:29.000+0000][7][gc,task     ] GC(32) Using 12 workers of 13 for evacuation
[2024-01-16T12:02:29.000+0000][7][gc,age      ] GC(32) Desired survivor size 20971520 bytes, new threshold 15 (max threshold 15)
[2024-01-16T12:02:29.030+0000][7][gc,phases   ] GC(32)   Pre Evacuate Collection Set: 0.2ms
[2024-01-16T12:02:29.030+0000][7][gc,phases   ] GC(32)   Merge Heap Roots: 0.2ms
[2024-01-16T12:02:29.030+0000][7][gc,phases   ] GC(32)   Evacuate Collection Set: 28.4ms
[2024-01-16T12:02:29.030+0000][7][gc,phases   ] GC(32)   Post Evacuate Collection Set: 1.0ms
[2024-01-16T12:02:29.030+0000][7][gc,phases   ] GC(32)   Other: 0.4ms
[2024-01-16T12:02:29.030+0000][7][gc,age      ] GC(32) Age table with threshold 15 (max threshold 15)
[2024-01-16T12:02:29.031+0000][7][gc,age      ] GC(32) - age   1:    1412048 bytes,    1412048 total
[2024-01-16T12:02:29.031+0000][7][gc,age      ] GC(32) - age   2:     110112 bytes,    1522160 total
[2024-01-16T12:02:29.031+0000][7][gc,age      ] GC(32) - age   3:      37912 bytes,    1560072 total
[2024-01-16T12:02:29.031+0000][7][gc,age      ] GC(32) - age   4:     164664 bytes,    1724736 total
[2024-01-16T12:02:29.031+0000][7][gc,age      ] GC(32) - age   5:    4412696 bytes,    6137432 total
[2024-01-16T12:02:29.031+0000][7][gc,age      ] GC(32) - age   6:     912768 bytes,    7050200 total
[2024-01-16T12:02:29.031+0000][7][gc,age      ] GC(32) - age   7:        632 bytes,    7050832 total
[2024-01-16T12:02:29.031+0000][7][gc,age      ] GC(32) - age   8:     338880 bytes,    7389712 total
[2024-01-16T12:02:29.031+0000][7][gc,age      ] GC(32) - age   9:      82208 bytes,    7471920 total
[2024-01-16T12:02:29.031+0000][7][gc,age      ] GC(32) - age  10:     201432 bytes,    7673352 total
[2024-01-16T12:02:29.032+0000][7][gc,age      ] GC(32) - age  11:    1401456 bytes,    9074808 total
[2024-01-16T12:02:29.032+0000][7][gc,age      ] GC(32) - age  12:    5019720 bytes,   14094528 total
[2024-01-16T12:02:29.032+0000][7][gc,age      ] GC(32) - age  13:    6350056 bytes,   20444584 total
[2024-01-16T12:02:29.032+0000][7][gc,heap     ] GC(32) Eden regions: 70->0(70)
[2024-01-16T12:02:29.032+0000][7][gc,heap     ] GC(32) Survivor regions: 6->6(10)
[2024-01-16T12:02:29.032+0000][7][gc,heap     ] GC(32) Old regions: 18->18
[2024-01-16T12:02:29.032+0000][7][gc,heap     ] GC(32) Humongous regions: 2->2
[2024-01-16T12:02:29.032+0000][7][gc,metaspace] GC(32) Metaspace: 118901K(123968K)->118901K(123968K) NonClass: 103111K(106176K)->103111K(106176K) Class: 15790K(17792K)->15790K(17792K)
[2024-01-16T12:02:29.032+0000][7][gc          ] GC(32) Pause Young (Mixed) (G1 Evacuation Pause) 382M->101M(512M) 33.042ms
[2024-01-16T12:02:29.032+0000][7][gc,cpu      ] GC(32) User=0.09s Sys=0.04s Real=0.04s
[2024-01-16T12:02:29.033+0000][7][safepoint   ] Safepoint "G1CollectForAllocation", Time since last: 1238691543 ns, Reaching safepoint: 16241 ns, Cleanup: 3296 ns, At safepoint: 33353289 ns, Total: 33372826 ns
[2024-01-16T12:02:33.033+0000][7][safepoint   ] Safepoint "Cleanup", Time since last: 4000454430 ns, Reaching safepoint: 19367 ns, Cleanup: 18956 ns, At safepoint: 2826 ns, Total: 41149 ns
[2024-01-16T12:02:35.034+0000][7][safepoint   ] Safepoint "Cleanup", Time since last: 2000484812 ns, Reaching safepoint: 17864 ns, Cleanup: 24447 ns, At safepoint: 2475 ns, Total: 44786 ns
[2024-01-16T12:02:36.034+0000][7][safepoint   ] Safepoint "Cleanup", Time since last: 1000390584 ns, Reaching safepoint: 53137 ns, Cleanup: 21240 ns, At safepoint: 6322 ns, Total: 80699 ns
[2024-01-16T12:02:39.035+0000][7][safepoint   ] Safepoint "Cleanup", Time since last: 3000526391 ns, Reaching safepoint: 18876 ns, Cleanup: 21701 ns, At safepoint: 17363 ns, Total: 57940 ns
[2024-01-16T12:02:42.036+0000][7][safepoint   ] Safepoint "Cleanup", Time since last: 3001758500 ns, Reaching safepoint: 17613 ns, Cleanup: 10170 ns, At safepoint: 2324 ns, Total: 30107 ns
[2024-01-16T12:02:45.037+0000][7][safepoint   ] Safepoint "Cleanup", Time since last: 3000566517 ns, Reaching safepoint: 19597 ns, Cleanup: 16111 ns, At safepoint: 2775 ns, Total: 38483 ns
[2024-01-16T12:02:48.773+0000][7][safepoint   ] Safepoint "Cleanup", Time since last: 3735626796 ns, Reaching safepoint: 9017 ns, Cleanup: 15700 ns, At safepoint: 12704 ns, Total: 37421 ns
[2024-01-16T12:02:50.773+0000][7][safepoint   ] Safepoint "Cleanup", Time since last: 2000525715 ns, Reaching safepoint: 18435 ns, Cleanup: 12364 ns, At safepoint: 2745 ns, Total: 33544 ns
[2024-01-16T12:02:51.774+0000][7][safepoint   ] Safepoint "Cleanup", Time since last: 1000300743 ns, Reaching safepoint: 33594 ns, Cleanup: 8266 ns, At safepoint: 2204 ns, Total: 44064 ns
[2024-01-16T12:02:56.774+0000][7][safepoint   ] Safepoint "Cleanup", Time since last: 5000653038 ns, Reaching safepoint: 17663 ns, Cleanup: 15490 ns, At safepoint: 2535 ns, Total: 35688 ns
[2024-01-16T12:02:58.775+0000][7][safepoint   ] Safepoint "Cleanup", Time since last: 2000457380 ns, Reaching safepoint: 18014 ns, Cleanup: 11983 ns, At safepoint: 2415 ns, Total: 32412 ns
[2024-01-16T12:02:59.775+0000][7][safepoint   ] Safepoint "Cleanup", Time since last: 1000415227 ns, Reaching safepoint: 20559 ns, Cleanup: 14258 ns, At safepoint: 3566 ns, Total: 38383 ns
[2024-01-16T12:03:00.776+0000][7][safepoint   ] Safepoint "Cleanup", Time since last: 1000377173 ns, Reaching safepoint: 20019 ns, Cleanup: 15109 ns, At safepoint: 3196 ns, Total: 38324 ns
[2024-01-16T12:03:02.776+0000][7][safepoint   ] Safepoint "Cleanup", Time since last: 2000548664 ns, Reaching safepoint: 18786 ns, Cleanup: 15019 ns, At safepoint: 2755 ns, Total: 36560 ns
[2024-01-16T12:03:03.777+0000][7][safepoint   ] Safepoint "Cleanup", Time since last: 1000339266 ns, Reaching safepoint: 18275 ns, Cleanup: 12675 ns, At safepoint: 2855 ns, Total: 33805 ns
[2024-01-16T12:03:04.777+0000][7][safepoint   ] Safepoint "Cleanup", Time since last: 1000339527 ns, Reaching safepoint: 19177 ns, Cleanup: 140528 ns, At safepoint: 3336 ns, Total: 163041 ns
[2024-01-16T12:03:05.778+0000][7][safepoint   ] Safepoint "Cleanup", Time since last: 1000347232 ns, Reaching safepoint: 18926 ns, Cleanup: 12234 ns, At safepoint: 3166 ns, Total: 34326 ns
[2024-01-16T12:03:06.778+0000][7][safepoint   ] Safepoint "Cleanup", Time since last: 1000421584 ns, Reaching safepoint: 22843 ns, Cleanup: 15239 ns, At safepoint: 3046 ns, Total: 41128 ns
[2024-01-16T12:03:08.779+0000][7][safepoint   ] Safepoint "Cleanup", Time since last: 2000455582 ns, Reaching safepoint: 16351 ns, Cleanup: 30058 ns, At safepoint: 2615 ns, Total: 49024 ns
[2024-01-16T12:03:09.779+0000][7][safepoint   ] Safepoint "Cleanup", Time since last: 1000332237 ns, Reaching safepoint: 17784 ns, Cleanup: 20319 ns, At safepoint: 2765 ns, Total: 40868 ns
[2024-01-16T12:03:11.780+0000][7][safepoint   ] Safepoint "Cleanup", Time since last: 2000503619 ns, Reaching safepoint: 18465 ns, Cleanup: 17433 ns, At safepoint: 2856 ns, Total: 38754 ns
[2024-01-16T12:03:12.780+0000][7][safepoint   ] Safepoint "Cleanup", Time since last: 1000361849 ns, Reaching safepoint: 19367 ns, Cleanup: 13546 ns, At safepoint: 2896 ns, Total: 35809 ns
[2024-01-16T12:03:14.780+0000][7][safepoint   ] Safepoint "Cleanup", Time since last: 2000502817 ns, Reaching safepoint: 19156 ns, Cleanup: 31911 ns, At safepoint: 3176 ns, Total: 54243 ns
[2024-01-16T12:03:17.781+0000][7][safepoint   ] Safepoint "Cleanup", Time since last: 3000528424 ns, Reaching safepoint: 18505 ns, Cleanup: 17303 ns, At safepoint: 3357 ns, Total: 39165 ns
[2024-01-16T12:03:23.608+0000][7][gc,start    ] GC(33) Pause Young (Concurrent Start) (G1 Evacuation Pause)
[2024-01-16T12:03:23.609+0000][7][gc,task     ] GC(33) Using 12 workers of 13 for evacuation
[2024-01-16T12:03:23.609+0000][7][gc,age      ] GC(33) Desired survivor size 20971520 bytes, new threshold 15 (max threshold 15)
[2024-01-16T12:03:23.641+0000][7][gc,phases   ] GC(33)   Pre Evacuate Collection Set: 0.2ms
[2024-01-16T12:03:23.641+0000][7][gc,phases   ] GC(33)   Merge Heap Roots: 0.1ms
[2024-01-16T12:03:23.641+0000][7][gc,phases   ] GC(33)   Evacuate Collection Set: 30.4ms
[2024-01-16T12:03:23.641+0000][7][gc,phases   ] GC(33)   Post Evacuate Collection Set: 1.0ms
[2024-01-16T12:03:23.641+0000][7][gc,phases   ] GC(33)   Other: 0.3ms
[2024-01-16T12:03:23.641+0000][7][gc,age      ] GC(33) Age table with threshold 15 (max threshold 15)
[2024-01-16T12:03:23.641+0000][7][gc,age      ] GC(33) - age   1:    2092936 bytes,    2092936 total
[2024-01-16T12:03:23.641+0000][7][gc,age      ] GC(33) - age   2:      48976 bytes,    2141912 total
[2024-01-16T12:03:23.642+0000][7][gc,age      ] GC(33) - age   3:     103496 bytes,    2245408 total
[2024-01-16T12:03:23.642+0000][7][gc,age      ] GC(33) - age   4:      25728 bytes,    2271136 total
[2024-01-16T12:03:23.642+0000][7][gc,age      ] GC(33) - age   5:     108544 bytes,    2379680 total
[2024-01-16T12:03:23.642+0000][7][gc,age      ] GC(33) - age   6:    4258664 bytes,    6638344 total
[2024-01-16T12:03:23.642+0000][7][gc,age      ] GC(33) - age   7:     912528 bytes,    7550872 total
[2024-01-16T12:03:23.642+0000][7][gc,age      ] GC(33) - age   8:        632 bytes,    7551504 total
[2024-01-16T12:03:23.642+0000][7][gc,age      ] GC(33) - age   9:     338880 bytes,    7890384 total
[2024-01-16T12:03:23.642+0000][7][gc,age      ] GC(33) - age  10:      82208 bytes,    7972592 total
[2024-01-16T12:03:23.642+0000][7][gc,age      ] GC(33) - age  11:     201272 bytes,    8173864 total
[2024-01-16T12:03:23.642+0000][7][gc,age      ] GC(33) - age  12:    1097184 bytes,    9271048 total
[2024-01-16T12:03:23.642+0000][7][gc,age      ] GC(33) - age  13:    4942064 bytes,   14213112 total
[2024-01-16T12:03:23.642+0000][7][gc,age      ] GC(33) - age  14:    6333312 bytes,   20546424 total
[2024-01-16T12:03:23.643+0000][7][gc,heap     ] GC(33) Eden regions: 70->0(70)
[2024-01-16T12:03:23.643+0000][7][gc,heap     ] GC(33) Survivor regions: 6->6(10)
[2024-01-16T12:03:23.643+0000][7][gc,heap     ] GC(33) Old regions: 18->18
[2024-01-16T12:03:23.643+0000][7][gc,heap     ] GC(33) Humongous regions: 2->2
[2024-01-16T12:03:23.643+0000][7][gc,metaspace] GC(33) Metaspace: 119137K(123968K)->119137K(123968K) NonClass: 103309K(106176K)->103309K(106176K) Class: 15827K(17792K)->15827K(17792K)
[2024-01-16T12:03:23.643+0000][7][gc          ] GC(33) Pause Young (Concurrent Start) (G1 Evacuation Pause) 381M->101M(512M) 34.626ms
[2024-01-16T12:03:23.643+0000][7][gc          ] GC(34) Concurrent Mark Cycle
[2024-01-16T12:03:23.643+0000][7][gc,marking  ] GC(34) Concurrent Scan Root Regions
[2024-01-16T12:03:23.643+0000][7][gc,cpu      ] GC(33) User=0.08s Sys=0.04s Real=0.04s
[2024-01-16T12:03:23.644+0000][7][safepoint   ] Safepoint "G1CollectForAllocation", Time since last: 5827435170 ns, Reaching safepoint: 19047 ns, Cleanup: 14688 ns, At safepoint: 35159321 ns, Total: 35193056 ns
[2024-01-16T12:03:23.647+0000][7][gc,marking  ] GC(34) Concurrent Scan Root Regions 3.815ms
[2024-01-16T12:03:23.647+0000][7][gc,marking  ] GC(34) Concurrent Mark
[2024-01-16T12:03:23.647+0000][7][gc,marking  ] GC(34) Concurrent Mark From Roots
[2024-01-16T12:03:23.647+0000][7][gc,task     ] GC(34) Using 3 workers of 3 for marking
[2024-01-16T12:03:23.669+0000][7][gc,marking  ] GC(34) Concurrent Mark From Roots 22.012ms
[2024-01-16T12:03:23.669+0000][7][gc,marking  ] GC(34) Concurrent Preclean
[2024-01-16T12:03:23.670+0000][7][gc,marking  ] GC(34) Concurrent Preclean 0.328ms
[2024-01-16T12:03:23.670+0000][7][gc,start    ] GC(34) Pause Remark
[2024-01-16T12:03:23.688+0000][7][gc          ] GC(34) Pause Remark 104M->104M(512M) 17.439ms
[2024-01-16T12:03:23.688+0000][7][gc,cpu      ] GC(34) User=0.10s Sys=0.01s Real=0.01s
[2024-01-16T12:03:23.688+0000][7][safepoint   ] Safepoint "G1PauseRemark", Time since last: 26436914 ns, Reaching safepoint: 96515 ns, Cleanup: 9257 ns, At safepoint: 17897423 ns, Total: 18003195 ns
[2024-01-16T12:03:23.688+0000][7][gc,marking  ] GC(34) Concurrent Mark 40.932ms
[2024-01-16T12:03:23.688+0000][7][gc,marking  ] GC(34) Concurrent Rebuild Remembered Sets and Scrub Regions
[2024-01-16T12:03:23.697+0000][7][gc,marking  ] GC(34) Concurrent Rebuild Remembered Sets and Scrub Regions 8.451ms
[2024-01-16T12:03:23.697+0000][7][gc,start    ] GC(34) Pause Cleanup
[2024-01-16T12:03:23.697+0000][7][gc          ] GC(34) Pause Cleanup 104M->104M(512M) 0.262ms
[2024-01-16T12:03:23.697+0000][7][gc,cpu      ] GC(34) User=0.00s Sys=0.00s Real=0.00s
[2024-01-16T12:03:23.697+0000][7][safepoint   ] Safepoint "G1PauseCleanup", Time since last: 8929923 ns, Reaching safepoint: 13205 ns, Cleanup: 15269 ns, At safepoint: 536390 ns, Total: 564864 ns
[2024-01-16T12:03:23.698+0000][7][gc,marking  ] GC(34) Concurrent Clear Claimed Marks
[2024-01-16T12:03:23.698+0000][7][gc,marking  ] GC(34) Concurrent Clear Claimed Marks 0.252ms
[2024-01-16T12:03:23.698+0000][7][gc,marking  ] GC(34) Concurrent Cleanup for Next Mark
[2024-01-16T12:03:23.699+0000][7][gc,marking  ] GC(34) Concurrent Cleanup for Next Mark 0.643ms
[2024-01-16T12:03:23.699+0000][7][gc          ] GC(34) Concurrent Mark Cycle 55.601ms
[2024-01-16T12:03:24.698+0000][7][safepoint   ] Safepoint "Cleanup", Time since last: 1000197441 ns, Reaching safepoint: 15700 ns, Cleanup: 7584 ns, At safepoint: 2275 ns, Total: 25559 ns
[2024-01-16T12:03:25.698+0000][7][safepoint   ] Safepoint "Cleanup", Time since last: 1000226961 ns, Reaching safepoint: 18726 ns, Cleanup: 41940 ns, At safepoint: 2896 ns, Total: 63562 ns
[2024-01-16T12:03:26.698+0000][7][safepoint   ] Safepoint "Cleanup", Time since last: 1000375951 ns, Reaching safepoint: 16011 ns, Cleanup: 12444 ns, At safepoint: 2865 ns, Total: 31320 ns
[2024-01-16T12:03:31.699+0000][7][safepoint   ] Safepoint "Cleanup", Time since last: 5000734874 ns, Reaching safepoint: 20590 ns, Cleanup: 11952 ns, At safepoint: 3437 ns, Total: 35979 ns
[2024-01-16T12:03:32.700+0000][7][safepoint   ] Safepoint "Cleanup", Time since last: 1000342052 ns, Reaching safepoint: 17022 ns, Cleanup: 10781 ns, At safepoint: 2264 ns, Total: 30067 ns
[2024-01-16T12:03:35.700+0000][7][safepoint   ] Safepoint "Cleanup", Time since last: 3000498887 ns, Reaching safepoint: 16081 ns, Cleanup: 14548 ns, At safepoint: 2124 ns, Total: 32753 ns
[2024-01-16T12:03:38.701+0000][7][safepoint   ] Safepoint "Cleanup", Time since last: 3000511080 ns, Reaching safepoint: 20720 ns, Cleanup: 20138 ns, At safepoint: 2756 ns, Total: 43614 ns
[2024-01-16T12:03:39.701+0000][7][safepoint   ] Safepoint "Cleanup", Time since last: 1000342282 ns, Reaching safepoint: 19217 ns, Cleanup: 16351 ns, At safepoint: 3016 ns, Total: 38584 ns
[2024-01-16T12:03:41.702+0000][7][safepoint   ] Safepoint "Cleanup", Time since last: 2000563803 ns, Reaching safepoint: 14468 ns, Cleanup: 12614 ns, At safepoint: 2024 ns, Total: 29106 ns
[2024-01-16T12:03:42.702+0000][7][safepoint   ] Safepoint "Cleanup", Time since last: 1000247831 ns, Reaching safepoint: 18876 ns, Cleanup: 39546 ns, At safepoint: 3206 ns, Total: 61628 ns
[2024-01-16T12:03:45.703+0000][7][safepoint   ] Safepoint "Cleanup", Time since last: 3000559062 ns, Reaching safepoint: 19157 ns, Cleanup: 16161 ns, At safepoint: 3076 ns, Total: 38394 ns
[2024-01-16T12:03:46.703+0000][7][safepoint   ] Safepoint "Cleanup", Time since last: 1000377018 ns, Reaching safepoint: 20048 ns, Cleanup: 13426 ns, At safepoint: 3346 ns, Total: 36820 ns
[2024-01-16T12:03:50.795+0000][7][safepoint   ] Safepoint "Cleanup", Time since last: 4091707634 ns, Reaching safepoint: 32943 ns, Cleanup: 16853 ns, At safepoint: 5109 ns, Total: 54905 ns
[2024-01-16T12:03:53.795+0000][7][safepoint   ] Safepoint "Cleanup", Time since last: 3000572558 ns, Reaching safepoint: 17584 ns, Cleanup: 15990 ns, At safepoint: 16953 ns, Total: 50527 ns
[2024-01-16T12:03:54.796+0000][7][safepoint   ] Safepoint "Cleanup", Time since last: 1000418858 ns, Reaching safepoint: 18436 ns, Cleanup: 35037 ns, At safepoint: 2725 ns, Total: 56198 ns
[2024-01-16T12:03:56.796+0000][7][safepoint   ] Safepoint "Cleanup", Time since last: 2000504289 ns, Reaching safepoint: 20299 ns, Cleanup: 17624 ns, At safepoint: 2655 ns, Total: 40578 ns
[2024-01-16T12:03:58.797+0000][7][safepoint   ] Safepoint "Cleanup", Time since last: 2000456719 ns, Reaching safepoint: 16391 ns, Cleanup: 10711 ns, At safepoint: 2604 ns, Total: 29706 ns
[2024-01-16T12:04:03.798+0000][7][safepoint   ] Safepoint "Cleanup", Time since last: 5000753620 ns, Reaching safepoint: 18125 ns, Cleanup: 18836 ns, At safepoint: 3186 ns, Total: 40147 ns
[2024-01-16T12:04:04.798+0000][7][safepoint   ] Safepoint "Cleanup", Time since last: 1000354044 ns, Reaching safepoint: 16281 ns, Cleanup: 8767 ns, At safepoint: 2074 ns, Total: 27122 ns
[2024-01-16T12:04:08.798+0000][7][safepoint   ] Safepoint "Cleanup", Time since last: 4000460983 ns, Reaching safepoint: 15199 ns, Cleanup: 9448 ns, At safepoint: 2255 ns, Total: 26902 ns
[2024-01-16T12:04:11.799+0000][7][safepoint   ] Safepoint "Cleanup", Time since last: 3000426769 ns, Reaching safepoint: 16281 ns, Cleanup: 20760 ns, At safepoint: 2555 ns, Total: 39596 ns
[2024-01-16T12:04:14.665+0000][7][gc,start    ] GC(35) Pause Young (Normal) (G1 Evacuation Pause)
[2024-01-16T12:04:14.665+0000][7][gc,task     ] GC(35) Using 12 workers of 13 for evacuation
[2024-01-16T12:04:14.665+0000][7][gc,age      ] GC(35) Desired survivor size 20971520 bytes, new threshold 15 (max threshold 15)
[2024-01-16T12:04:14.693+0000][7][gc,phases   ] GC(35)   Pre Evacuate Collection Set: 0.2ms
[2024-01-16T12:04:14.693+0000][7][gc,phases   ] GC(35)   Merge Heap Roots: 0.1ms
[2024-01-16T12:04:14.693+0000][7][gc,phases   ] GC(35)   Evacuate Collection Set: 26.2ms
[2024-01-16T12:04:14.693+0000][7][gc,phases   ] GC(35)   Post Evacuate Collection Set: 1.0ms
[2024-01-16T12:04:14.693+0000][7][gc,phases   ] GC(35)   Other: 0.2ms
[2024-01-16T12:04:14.693+0000][7][gc,age      ] GC(35) Age table with threshold 15 (max threshold 15)
[2024-01-16T12:04:14.693+0000][7][gc,age      ] GC(35) - age   1:    1806224 bytes,    1806224 total
[2024-01-16T12:04:14.694+0000][7][gc,age      ] GC(35) - age   2:     549296 bytes,    2355520 total
[2024-01-16T12:04:14.694+0000][7][gc,age      ] GC(35) - age   3:      42976 bytes,    2398496 total
[2024-01-16T12:04:14.694+0000][7][gc,age      ] GC(35) - age   4:     101504 bytes,    2500000 total
[2024-01-16T12:04:14.694+0000][7][gc,age      ] GC(35) - age   5:      23584 bytes,    2523584 total
[2024-01-16T12:04:14.694+0000][7][gc,age      ] GC(35) - age   6:     106240 bytes,    2629824 total
[2024-01-16T12:04:14.694+0000][7][gc,age      ] GC(35) - age   7:    4250184 bytes,    6880008 total
[2024-01-16T12:04:14.694+0000][7][gc,age      ] GC(35) - age   8:     837248 bytes,    7717256 total
[2024-01-16T12:04:14.694+0000][7][gc,age      ] GC(35) - age   9:        632 bytes,    7717888 total
[2024-01-16T12:04:14.694+0000][7][gc,age      ] GC(35) - age  10:     314296 bytes,    8032184 total
[2024-01-16T12:04:14.694+0000][7][gc,age      ] GC(35) - age  11:      82208 bytes,    8114392 total
[2024-01-16T12:04:14.695+0000][7][gc,age      ] GC(35) - age  12:     201272 bytes,    8315664 total
[2024-01-16T12:04:14.695+0000][7][gc,age      ] GC(35) - age  13:    1096992 bytes,    9412656 total
[2024-01-16T12:04:14.695+0000][7][gc,age      ] GC(35) - age  14:    4940504 bytes,   14353160 total
[2024-01-16T12:04:14.695+0000][7][gc,age      ] GC(35) - age  15:    6326488 bytes,   20679648 total
[2024-01-16T12:04:14.695+0000][7][gc,heap     ] GC(35) Eden regions: 70->0(70)
[2024-01-16T12:04:14.695+0000][7][gc,heap     ] GC(35) Survivor regions: 6->6(10)
[2024-01-16T12:04:14.695+0000][7][gc,heap     ] GC(35) Old regions: 18->18
[2024-01-16T12:04:14.695+0000][7][gc,heap     ] GC(35) Humongous regions: 2->2
[2024-01-16T12:04:14.695+0000][7][gc,metaspace] GC(35) Metaspace: 119233K(123968K)->119233K(123968K) NonClass: 103405K(106176K)->103405K(106176K) Class: 15828K(17792K)->15828K(17792K)
[2024-01-16T12:04:14.696+0000][7][gc          ] GC(35) Pause Young (Normal) (G1 Evacuation Pause) 381M->102M(512M) 30.909ms
[2024-01-16T12:04:14.696+0000][7][gc,cpu      ] GC(35) User=0.10s Sys=0.01s Real=0.03s
[2024-01-16T12:04:14.696+0000][7][safepoint   ] Safepoint "G1CollectForAllocation", Time since last: 2865705243 ns, Reaching safepoint: 14207 ns, Cleanup: 2996 ns, At safepoint: 31195314 ns, Total: 31212517 ns
[2024-01-16T12:04:15.696+0000][7][safepoint   ] Safepoint "Cleanup", Time since last: 1000208246 ns, Reaching safepoint: 18165 ns, Cleanup: 33274 ns, At safepoint: 54574 ns, Total: 106013 ns
[2024-01-16T12:04:18.697+0000][7][safepoint   ] Safepoint "Cleanup", Time since last: 3000616111 ns, Reaching safepoint: 28595 ns, Cleanup: 12133 ns, At safepoint: 2615 ns, Total: 43343 ns
[2024-01-16T12:04:24.698+0000][7][safepoint   ] Safepoint "Cleanup", Time since last: 6000793183 ns, Reaching safepoint: 32122 ns, Cleanup: 8937 ns, At safepoint: 12724 ns, Total: 53783 ns
[2024-01-16T12:04:26.698+0000][7][safepoint   ] Safepoint "Cleanup", Time since last: 2000341569 ns, Reaching safepoint: 15459 ns, Cleanup: 9749 ns, At safepoint: 2896 ns, Total: 28104 ns
[2024-01-16T12:04:27.698+0000][7][safepoint   ] Safepoint "Cleanup", Time since last: 1000324027 ns, Reaching safepoint: 16421 ns, Cleanup: 9158 ns, At safepoint: 2655 ns, Total: 28234 ns
[2024-01-16T12:04:33.699+0000][7][safepoint   ] Safepoint "Cleanup", Time since last: 6000652279 ns, Reaching safepoint: 17483 ns, Cleanup: 14808 ns, At safepoint: 15610 ns, Total: 47901 ns
[2024-01-16T12:04:34.699+0000][7][safepoint   ] Safepoint "Cleanup", Time since last: 1000323782 ns, Reaching safepoint: 34656 ns, Cleanup: 9999 ns, At safepoint: 3006 ns, Total: 47661 ns
[2024-01-16T12:04:35.700+0000][7][safepoint   ] Safepoint "Cleanup", Time since last: 1000301008 ns, Reaching safepoint: 16422 ns, Cleanup: 10550 ns, At safepoint: 2936 ns, Total: 29908 ns
[2024-01-16T12:04:38.700+0000][7][safepoint   ] Safepoint "Cleanup", Time since last: 3000515699 ns, Reaching safepoint: 15760 ns, Cleanup: 8546 ns, At safepoint: 2736 ns, Total: 27042 ns
[2024-01-16T12:04:44.701+0000][7][safepoint   ] Safepoint "Cleanup", Time since last: 6000762840 ns, Reaching safepoint: 13786 ns, Cleanup: 6683 ns, At safepoint: 1924 ns, Total: 22393 ns
[2024-01-16T12:04:48.702+0000][7][safepoint   ] Safepoint "Cleanup", Time since last: 4000557853 ns, Reaching safepoint: 16802 ns, Cleanup: 13225 ns, At safepoint: 19297 ns, Total: 49324 ns
[2024-01-16T12:04:50.817+0000][7][safepoint   ] Safepoint "Cleanup", Time since last: 2115409820 ns, Reaching safepoint: 18075 ns, Cleanup: 24466 ns, At safepoint: 2946 ns, Total: 45487 ns
[2024-01-16T12:04:51.818+0000][7][safepoint   ] Safepoint "Cleanup", Time since last: 1000340809 ns, Reaching safepoint: 18055 ns, Cleanup: 13125 ns, At safepoint: 2625 ns, Total: 33805 ns
[2024-01-16T12:04:56.818+0000][7][safepoint   ] Safepoint "Cleanup", Time since last: 5000662476 ns, Reaching safepoint: 36580 ns, Cleanup: 12413 ns, At safepoint: 3287 ns, Total: 52280 ns
[2024-01-16T12:04:58.819+0000][7][safepoint   ] Safepoint "Cleanup", Time since last: 2000400170 ns, Reaching safepoint: 18446 ns, Cleanup: 12273 ns, At safepoint: 2765 ns, Total: 33484 ns
[2024-01-16T12:04:59.819+0000][7][safepoint   ] Safepoint "Cleanup", Time since last: 1000370306 ns, Reaching safepoint: 17053 ns, Cleanup: 10289 ns, At safepoint: 2775 ns, Total: 30117 ns
[2024-01-16T12:05:00.819+0000][7][safepoint   ] Safepoint "Cleanup", Time since last: 1000271147 ns, Reaching safepoint: 16311 ns, Cleanup: 8646 ns, At safepoint: 2415 ns, Total: 27372 ns
[2024-01-16T12:05:02.820+0000][7][safepoint   ] Safepoint "Cleanup", Time since last: 2000418591 ns, Reaching safepoint: 15960 ns, Cleanup: 9218 ns, At safepoint: 5330 ns, Total: 30508 ns
[2024-01-16T12:05:04.820+0000][7][safepoint   ] Safepoint "Cleanup", Time since last: 2000272512 ns, Reaching safepoint: 17924 ns, Cleanup: 12955 ns, At safepoint: 3006 ns, Total: 33885 ns
[2024-01-16T12:05:08.821+0000][7][safepoint   ] Safepoint "Cleanup", Time since last: 4000693366 ns, Reaching safepoint: 17103 ns, Cleanup: 36530 ns, At safepoint: 2795 ns, Total: 56428 ns
[2024-01-16T12:05:09.074+0000][7][gc,start    ] GC(36) Pause Young (Concurrent Start) (G1 Evacuation Pause)
[2024-01-16T12:05:09.074+0000][7][gc,task     ] GC(36) Using 12 workers of 13 for evacuation
[2024-01-16T12:05:09.074+0000][7][gc,age      ] GC(36) Desired survivor size 20971520 bytes, new threshold 15 (max threshold 15)
[2024-01-16T12:05:09.102+0000][7][gc,phases   ] GC(36)   Pre Evacuate Collection Set: 0.3ms
[2024-01-16T12:05:09.102+0000][7][gc,phases   ] GC(36)   Merge Heap Roots: 0.1ms
[2024-01-16T12:05:09.102+0000][7][gc,phases   ] GC(36)   Evacuate Collection Set: 26.5ms
[2024-01-16T12:05:09.102+0000][7][gc,phases   ] GC(36)   Post Evacuate Collection Set: 0.9ms
[2024-01-16T12:05:09.102+0000][7][gc,phases   ] GC(36)   Other: 0.3ms
[2024-01-16T12:05:09.103+0000][7][gc,age      ] GC(36) Age table with threshold 15 (max threshold 15)
[2024-01-16T12:05:09.103+0000][7][gc,age      ] GC(36) - age   1:    1030200 bytes,    1030200 total
[2024-01-16T12:05:09.103+0000][7][gc,age      ] GC(36) - age   2:     420080 bytes,    1450280 total
[2024-01-16T12:05:09.103+0000][7][gc,age      ] GC(36) - age   3:     397416 bytes,    1847696 total
[2024-01-16T12:05:09.103+0000][7][gc,age      ] GC(36) - age   4:      41848 bytes,    1889544 total
[2024-01-16T12:05:09.103+0000][7][gc,age      ] GC(36) - age   5:     101440 bytes,    1990984 total
[2024-01-16T12:05:09.103+0000][7][gc,age      ] GC(36) - age   6:      22512 bytes,    2013496 total
[2024-01-16T12:05:09.103+0000][7][gc,age      ] GC(36) - age   7:     105904 bytes,    2119400 total
[2024-01-16T12:05:09.103+0000][7][gc,age      ] GC(36) - age   8:    4247336 bytes,    6366736 total
[2024-01-16T12:05:09.103+0000][7][gc,age      ] GC(36) - age   9:     812664 bytes,    7179400 total
[2024-01-16T12:05:09.103+0000][7][gc,age      ] GC(36) - age  10:        632 bytes,    7180032 total
[2024-01-16T12:05:09.103+0000][7][gc,age      ] GC(36) - age  11:     314296 bytes,    7494328 total
[2024-01-16T12:05:09.103+0000][7][gc,age      ] GC(36) - age  12:      82208 bytes,    7576536 total
[2024-01-16T12:05:09.104+0000][7][gc,age      ] GC(36) - age  13:     201272 bytes,    7777808 total
[2024-01-16T12:05:09.104+0000][7][gc,age      ] GC(36) - age  14:    1096992 bytes,    8874800 total
[2024-01-16T12:05:09.104+0000][7][gc,age      ] GC(36) - age  15:    4940424 bytes,   13815224 total
[2024-01-16T12:05:09.104+0000][7][gc,heap     ] GC(36) Eden regions: 70->0(72)
[2024-01-16T12:05:09.104+0000][7][gc,heap     ] GC(36) Survivor regions: 6->4(10)
[2024-01-16T12:05:09.104+0000][7][gc,heap     ] GC(36) Old regions: 18->20
[2024-01-16T12:05:09.104+0000][7][gc,heap     ] GC(36) Humongous regions: 2->2
[2024-01-16T12:05:09.104+0000][7][gc,metaspace] GC(36) Metaspace: 119307K(123968K)->119307K(123968K) NonClass: 103479K(106176K)->103479K(106176K) Class: 15828K(17792K)->15828K(17792K)
[2024-01-16T12:05:09.104+0000][7][gc          ] GC(36) Pause Young (Concurrent Start) (G1 Evacuation Pause) 382M->100M(512M) 30.459ms
[2024-01-16T12:05:09.104+0000][7][gc          ] GC(37) Concurrent Mark Cycle
[2024-01-16T12:05:09.104+0000][7][gc,marking  ] GC(37) Concurrent Scan Root Regions
[2024-01-16T12:05:09.104+0000][7][gc,cpu      ] GC(36) User=0.10s Sys=0.01s Real=0.03s
[2024-01-16T12:05:09.107+0000][7][gc,marking  ] GC(37) Concurrent Scan Root Regions 3.114ms
[2024-01-16T12:05:09.108+0000][7][gc,marking  ] GC(37) Concurrent Mark
[2024-01-16T12:05:09.108+0000][7][gc,marking  ] GC(37) Concurrent Mark From Roots
[2024-01-16T12:05:09.108+0000][7][gc,task     ] GC(37) Using 3 workers of 3 for marking
[2024-01-16T12:05:09.108+0000][7][safepoint   ] Safepoint "G1CollectForAllocation", Time since last: 252623294 ns, Reaching safepoint: 16782 ns, Cleanup: 3266 ns, At safepoint: 33865763 ns, Total: 33885811 ns
[2024-01-16T12:05:09.129+0000][7][gc,marking  ] GC(37) Concurrent Mark From Roots 20.987ms
[2024-01-16T12:05:09.129+0000][7][gc,marking  ] GC(37) Concurrent Preclean
[2024-01-16T12:05:09.129+0000][7][gc,marking  ] GC(37) Concurrent Preclean 0.308ms
[2024-01-16T12:05:09.129+0000][7][gc,start    ] GC(37) Pause Remark
[2024-01-16T12:05:09.172+0000][7][gc          ] GC(37) Pause Remark 104M->104M(512M) 42.923ms
[2024-01-16T12:05:09.173+0000][7][gc,cpu      ] GC(37) User=0.07s Sys=0.02s Real=0.05s
[2024-01-16T12:05:09.173+0000][7][safepoint   ] Safepoint "G1PauseRemark", Time since last: 21805072 ns, Reaching safepoint: 18254 ns, Cleanup: 2796 ns, At safepoint: 43379903 ns, Total: 43400953 ns
[2024-01-16T12:05:09.173+0000][7][gc,marking  ] GC(37) Concurrent Mark 65.346ms
[2024-01-16T12:05:09.173+0000][7][gc,marking  ] GC(37) Concurrent Rebuild Remembered Sets and Scrub Regions
[2024-01-16T12:05:09.182+0000][7][gc,marking  ] GC(37) Concurrent Rebuild Remembered Sets and Scrub Regions 8.432ms
[2024-01-16T12:05:09.182+0000][7][gc,start    ] GC(37) Pause Cleanup
[2024-01-16T12:05:09.182+0000][7][gc          ] GC(37) Pause Cleanup 104M->104M(512M) 0.258ms
[2024-01-16T12:05:09.182+0000][7][gc,cpu      ] GC(37) User=0.00s Sys=0.00s Real=0.00s
[2024-01-16T12:05:09.182+0000][7][safepoint   ] Safepoint "G1PauseCleanup", Time since last: 9046390 ns, Reaching safepoint: 17964 ns, Cleanup: 49776 ns, At safepoint: 514869 ns, Total: 582609 ns
[2024-01-16T12:05:09.182+0000][7][gc,marking  ] GC(37) Concurrent Clear Claimed Marks
[2024-01-16T12:05:09.183+0000][7][gc,marking  ] GC(37) Concurrent Clear Claimed Marks 0.304ms
[2024-01-16T12:05:09.183+0000][7][gc,marking  ] GC(37) Concurrent Cleanup for Next Mark
[2024-01-16T12:05:09.183+0000][7][gc,marking  ] GC(37) Concurrent Cleanup for Next Mark 0.464ms
[2024-01-16T12:05:09.184+0000][7][gc          ] GC(37) Concurrent Mark Cycle 79.264ms
[2024-01-16T12:05:12.183+0000][7][safepoint   ] Safepoint "Cleanup", Time since last: 3000380501 ns, Reaching safepoint: 19106 ns, Cleanup: 21812 ns, At safepoint: 2795 ns, Total: 43713 ns
[2024-01-16T12:05:13.183+0000][7][safepoint   ] Safepoint "Cleanup", Time since last: 1000342247 ns, Reaching safepoint: 18856 ns, Cleanup: 12705 ns, At safepoint: 2965 ns, Total: 34526 ns
[2024-01-16T12:05:24.184+0000][7][safepoint   ] Safepoint "Cleanup", Time since last: 11001187156 ns, Reaching safepoint: 20128 ns, Cleanup: 20880 ns, At safepoint: 3577 ns, Total: 44585 ns
[2024-01-16T12:05:27.185+0000][7][safepoint   ] Safepoint "Cleanup", Time since last: 3000507223 ns, Reaching safepoint: 19478 ns, Cleanup: 13265 ns, At safepoint: 2805 ns, Total: 35548 ns
[2024-01-16T12:05:35.186+0000][7][safepoint   ] Safepoint "Cleanup", Time since last: 8000925547 ns, Reaching safepoint: 18947 ns, Cleanup: 12784 ns, At safepoint: 2886 ns, Total: 34617 ns
[2024-01-16T12:05:36.186+0000][7][safepoint   ] Safepoint "Cleanup", Time since last: 1000391721 ns, Reaching safepoint: 22363 ns, Cleanup: 14919 ns, At safepoint: 3076 ns, Total: 40358 ns
[2024-01-16T12:05:39.187+0000][7][safepoint   ] Safepoint "Cleanup", Time since last: 3000538587 ns, Reaching safepoint: 15410 ns, Cleanup: 11281 ns, At safepoint: 12314 ns, Total: 39005 ns
[2024-01-16T12:05:42.187+0000][7][safepoint   ] Safepoint "Cleanup", Time since last: 3000460875 ns, Reaching safepoint: 18795 ns, Cleanup: 14328 ns, At safepoint: 3096 ns, Total: 36219 ns
[2024-01-16T12:05:52.839+0000][7][safepoint   ] Safepoint "Cleanup", Time since last: 10651409820 ns, Reaching safepoint: 17894 ns, Cleanup: 12173 ns, At safepoint: 2735 ns, Total: 32802 ns
[2024-01-16T12:05:57.839+0000][7][safepoint   ] Safepoint "Cleanup", Time since last: 5000687324 ns, Reaching safepoint: 19096 ns, Cleanup: 11813 ns, At safepoint: 3146 ns, Total: 34055 ns
[2024-01-16T12:05:59.840+0000][7][safepoint   ] Safepoint "Cleanup", Time since last: 2000477508 ns, Reaching safepoint: 19087 ns, Cleanup: 12924 ns, At safepoint: 3086 ns, Total: 35097 ns
[2024-01-16T12:06:00.840+0000][7][safepoint   ] Safepoint "Cleanup", Time since last: 1000408995 ns, Reaching safepoint: 18175 ns, Cleanup: 13636 ns, At safepoint: 3196 ns, Total: 35007 ns
[2024-01-16T12:06:01.841+0000][7][safepoint   ] Safepoint "Cleanup", Time since last: 1000342457 ns, Reaching safepoint: 17624 ns, Cleanup: 11021 ns, At safepoint: 2555 ns, Total: 31200 ns
[2024-01-16T12:06:05.841+0000][7][safepoint   ] Safepoint "Cleanup", Time since last: 4000604276 ns, Reaching safepoint: 17494 ns, Cleanup: 19818 ns, At safepoint: 2895 ns, Total: 40207 ns
[2024-01-16T12:06:08.589+0000][7][gc,start    ] GC(38) Pause Young (Normal) (G1 Evacuation Pause)
[2024-01-16T12:06:08.589+0000][7][gc,task     ] GC(38) Using 12 workers of 13 for evacuation
[2024-01-16T12:06:08.589+0000][7][gc,age      ] GC(38) Desired survivor size 20971520 bytes, new threshold 15 (max threshold 15)
[2024-01-16T12:06:08.600+0000][7][gc,phases   ] GC(38)   Pre Evacuate Collection Set: 0.2ms
[2024-01-16T12:06:08.600+0000][7][gc,phases   ] GC(38)   Merge Heap Roots: 0.1ms
[2024-01-16T12:06:08.600+0000][7][gc,phases   ] GC(38)   Evacuate Collection Set: 9.5ms
[2024-01-16T12:06:08.601+0000][7][gc,phases   ] GC(38)   Post Evacuate Collection Set: 0.8ms
[2024-01-16T12:06:08.601+0000][7][gc,phases   ] GC(38)   Other: 0.3ms
[2024-01-16T12:06:08.601+0000][7][gc,age      ] GC(38) Age table with threshold 15 (max threshold 15)
[2024-01-16T12:06:08.601+0000][7][gc,age      ] GC(38) - age   1:    1304232 bytes,    1304232 total
[2024-01-16T12:06:08.601+0000][7][gc,age      ] GC(38) - age   2:     204560 bytes,    1508792 total
[2024-01-16T12:06:08.601+0000][7][gc,age      ] GC(38) - age   3:     415664 bytes,    1924456 total
[2024-01-16T12:06:08.601+0000][7][gc,age      ] GC(38) - age   4:     396544 bytes,    2321000 total
[2024-01-16T12:06:08.601+0000][7][gc,age      ] GC(38) - age   5:      41848 bytes,    2362848 total
[2024-01-16T12:06:08.601+0000][7][gc,age      ] GC(38) - age   6:      99664 bytes,    2462512 total
[2024-01-16T12:06:08.601+0000][7][gc,age      ] GC(38) - age   7:      20368 bytes,    2482880 total
[2024-01-16T12:06:08.601+0000][7][gc,age      ] GC(38) - age   8:     105712 bytes,    2588592 total
[2024-01-16T12:06:08.602+0000][7][gc,age      ] GC(38) - age   9:    4244560 bytes,    6833152 total
[2024-01-16T12:06:08.602+0000][7][gc,age      ] GC(38) - age  10:     812664 bytes,    7645816 total
[2024-01-16T12:06:08.602+0000][7][gc,age      ] GC(38) - age  11:        632 bytes,    7646448 total
[2024-01-16T12:06:08.602+0000][7][gc,age      ] GC(38) - age  12:     314296 bytes,    7960744 total
[2024-01-16T12:06:08.602+0000][7][gc,age      ] GC(38) - age  13:      82208 bytes,    8042952 total
[2024-01-16T12:06:08.602+0000][7][gc,age      ] GC(38) - age  14:     201272 bytes,    8244224 total
[2024-01-16T12:06:08.602+0000][7][gc,age      ] GC(38) - age  15:    1096992 bytes,    9341216 total
[2024-01-16T12:06:08.602+0000][7][gc,heap     ] GC(38) Eden regions: 72->0(73)
[2024-01-16T12:06:08.602+0000][7][gc,heap     ] GC(38) Survivor regions: 4->3(10)
[2024-01-16T12:06:08.603+0000][7][gc,heap     ] GC(38) Old regions: 20->21
[2024-01-16T12:06:08.603+0000][7][gc,heap     ] GC(38) Humongous regions: 2->2
[2024-01-16T12:06:08.603+0000][7][gc,metaspace] GC(38) Metaspace: 119385K(123968K)->119385K(123968K) NonClass: 103556K(106176K)->103556K(106176K) Class: 15828K(17792K)->15828K(17792K)
[2024-01-16T12:06:08.603+0000][7][gc          ] GC(38) Pause Young (Normal) (G1 Evacuation Pause) 388M->101M(512M) 13.884ms
[2024-01-16T12:06:08.603+0000][7][gc,cpu      ] GC(38) User=0.05s Sys=0.00s Real=0.02s
[2024-01-16T12:06:08.603+0000][7][safepoint   ] Safepoint "G1CollectForAllocation", Time since last: 2747502220 ns, Reaching safepoint: 13646 ns, Cleanup: 20820 ns, At safepoint: 14192497 ns, Total: 14226963 ns
[2024-01-16T12:06:09.603+0000][7][safepoint   ] Safepoint "Cleanup", Time since last: 1000233954 ns, Reaching safepoint: 19387 ns, Cleanup: 13376 ns, At safepoint: 3387 ns, Total: 36150 ns
[2024-01-16T12:06:12.604+0000][7][safepoint   ] Safepoint "Cleanup", Time since last: 3000533533 ns, Reaching safepoint: 18996 ns, Cleanup: 15660 ns, At safepoint: 2806 ns, Total: 37462 ns
[2024-01-16T12:06:21.605+0000][7][safepoint   ] Safepoint "Cleanup", Time since last: 9001349439 ns, Reaching safepoint: 18726 ns, Cleanup: 15209 ns, At safepoint: 3266 ns, Total: 37201 ns
[2024-01-16T12:06:27.606+0000][7][safepoint   ] Safepoint "Cleanup", Time since last: 6000740403 ns, Reaching safepoint: 31620 ns, Cleanup: 9488 ns, At safepoint: 2585 ns, Total: 43693 ns
[2024-01-16T12:06:31.607+0000][7][safepoint   ] Safepoint "Cleanup", Time since last: 4000529193 ns, Reaching safepoint: 16141 ns, Cleanup: 13135 ns, At safepoint: 2696 ns, Total: 31972 ns
[2024-01-16T12:06:32.607+0000][7][safepoint   ] Safepoint "Cleanup", Time since last: 1000433376 ns, Reaching safepoint: 16020 ns, Cleanup: 8196 ns, At safepoint: 2274 ns, Total: 26490 ns
[2024-01-16T12:06:33.607+0000][7][safepoint   ] Safepoint "Cleanup", Time since last: 1000247201 ns, Reaching safepoint: 18535 ns, Cleanup: 13947 ns, At safepoint: 2865 ns, Total: 35347 ns
[2024-01-16T12:06:34.608+0000][7][safepoint   ] Safepoint "Cleanup", Time since last: 1000370056 ns, Reaching safepoint: 19026 ns, Cleanup: 12494 ns, At safepoint: 3106 ns, Total: 34626 ns
[2024-01-16T12:06:35.608+0000][7][safepoint   ] Safepoint "Cleanup", Time since last: 1000471749 ns, Reaching safepoint: 14027 ns, Cleanup: 9288 ns, At safepoint: 2374 ns, Total: 25689 ns
[2024-01-16T12:06:44.609+0000][7][safepoint   ] Safepoint "Cleanup", Time since last: 9001008168 ns, Reaching safepoint: 15530 ns, Cleanup: 6853 ns, At safepoint: 2796 ns, Total: 25179 ns
[2024-01-16T12:06:45.610+0000][7][safepoint   ] Safepoint "Cleanup", Time since last: 1000262860 ns, Reaching safepoint: 19227 ns, Cleanup: 14387 ns, At safepoint: 2986 ns, Total: 36600 ns
[2024-01-16T12:06:47.610+0000][7][safepoint   ] Safepoint "Cleanup", Time since last: 2000475114 ns, Reaching safepoint: 15099 ns, Cleanup: 9668 ns, At safepoint: 2164 ns, Total: 26931 ns
[2024-01-16T12:06:48.610+0000][7][safepoint   ] Safepoint "Cleanup", Time since last: 1000217384 ns, Reaching safepoint: 18385 ns, Cleanup: 23475 ns, At safepoint: 2885 ns, Total: 44745 ns
[2024-01-16T12:06:50.862+0000][7][safepoint   ] Safepoint "Cleanup", Time since last: 2251922950 ns, Reaching safepoint: 18836 ns, Cleanup: 14218 ns, At safepoint: 2845 ns, Total: 35899 ns
[2024-01-16T12:06:52.863+0000][7][safepoint   ] Safepoint "Cleanup", Time since last: 2000454645 ns, Reaching safepoint: 19136 ns, Cleanup: 15590 ns, At safepoint: 2956 ns, Total: 37682 ns
[2024-01-16T12:06:53.863+0000][7][safepoint   ] Safepoint "Cleanup", Time since last: 1000405813 ns, Reaching safepoint: 42962 ns, Cleanup: 13326 ns, At safepoint: 2865 ns, Total: 59153 ns
[2024-01-16T12:06:56.864+0000][7][safepoint   ] Safepoint "Cleanup", Time since last: 3000479150 ns, Reaching safepoint: 19257 ns, Cleanup: 14167 ns, At safepoint: 2435 ns, Total: 35859 ns
[2024-01-16T12:06:59.864+0000][7][safepoint   ] Safepoint "Cleanup", Time since last: 3000560715 ns, Reaching safepoint: 18836 ns, Cleanup: 18686 ns, At safepoint: 3406 ns, Total: 40928 ns
[2024-01-16T12:07:00.865+0000][7][safepoint   ] Safepoint "Cleanup", Time since last: 1000394422 ns, Reaching safepoint: 19868 ns, Cleanup: 14508 ns, At safepoint: 3006 ns, Total: 37382 ns
[2024-01-16T12:07:05.866+0000][7][safepoint   ] Safepoint "Cleanup", Time since last: 5000711810 ns, Reaching safepoint: 20038 ns, Cleanup: 12844 ns, At safepoint: 2996 ns, Total: 35878 ns
[2024-01-16T12:07:08.581+0000][7][gc,start    ] GC(39) Pause Young (Concurrent Start) (G1 Evacuation Pause)
[2024-01-16T12:07:08.581+0000][7][gc,task     ] GC(39) Using 12 workers of 13 for evacuation
[2024-01-16T12:07:08.582+0000][7][gc,age      ] GC(39) Desired survivor size 20971520 bytes, new threshold 15 (max threshold 15)
[2024-01-16T12:07:08.591+0000][7][gc,phases   ] GC(39)   Pre Evacuate Collection Set: 0.3ms
[2024-01-16T12:07:08.591+0000][7][gc,phases   ] GC(39)   Merge Heap Roots: 0.2ms
[2024-01-16T12:07:08.591+0000][7][gc,phases   ] GC(39)   Evacuate Collection Set: 7.3ms
[2024-01-16T12:07:08.591+0000][7][gc,phases   ] GC(39)   Post Evacuate Collection Set: 0.9ms
[2024-01-16T12:07:08.591+0000][7][gc,phases   ] GC(39)   Other: 0.4ms
[2024-01-16T12:07:08.591+0000][7][gc,age      ] GC(39) Age table with threshold 15 (max threshold 15)
[2024-01-16T12:07:08.592+0000][7][gc,age      ] GC(39) - age   1:    1526872 bytes,    1526872 total
[2024-01-16T12:07:08.592+0000][7][gc,age      ] GC(39) - age   2:      67288 bytes,    1594160 total
[2024-01-16T12:07:08.592+0000][7][gc,age      ] GC(39) - age   3:     200272 bytes,    1794432 total
[2024-01-16T12:07:08.592+0000][7][gc,age      ] GC(39) - age   4:     415280 bytes,    2209712 total
[2024-01-16T12:07:08.592+0000][7][gc,age      ] GC(39) - age   5:     396288 bytes,    2606000 total
[2024-01-16T12:07:08.592+0000][7][gc,age      ] GC(39) - age   6:      41848 bytes,    2647848 total
[2024-01-16T12:07:08.592+0000][7][gc,age      ] GC(39) - age   7:      99664 bytes,    2747512 total
[2024-01-16T12:07:08.593+0000][7][gc,age      ] GC(39) - age   8:      20368 bytes,    2767880 total
[2024-01-16T12:07:08.593+0000][7][gc,age      ] GC(39) - age   9:     105712 bytes,    2873592 total
[2024-01-16T12:07:08.593+0000][7][gc,age      ] GC(39) - age  10:    4243880 bytes,    7117472 total
[2024-01-16T12:07:08.593+0000][7][gc,age      ] GC(39) - age  11:     812664 bytes,    7930136 total
[2024-01-16T12:07:08.593+0000][7][gc,age      ] GC(39) - age  12:        632 bytes,    7930768 total
[2024-01-16T12:07:08.593+0000][7][gc,age      ] GC(39) - age  13:     314296 bytes,    8245064 total
[2024-01-16T12:07:08.593+0000][7][gc,age      ] GC(39) - age  14:      82208 bytes,    8327272 total
[2024-01-16T12:07:08.593+0000][7][gc,age      ] GC(39) - age  15:     201272 bytes,    8528544 total
[2024-01-16T12:07:08.593+0000][7][gc,heap     ] GC(39) Eden regions: 73->0(73)
[2024-01-16T12:07:08.593+0000][7][gc,heap     ] GC(39) Survivor regions: 3->3(10)
[2024-01-16T12:07:08.594+0000][7][gc,heap     ] GC(39) Old regions: 21->21
[2024-01-16T12:07:08.594+0000][7][gc,heap     ] GC(39) Humongous regions: 2->2
[2024-01-16T12:07:08.594+0000][7][gc,metaspace] GC(39) Metaspace: 119456K(123968K)->119456K(123968K) NonClass: 103627K(106176K)->103627K(106176K) Class: 15828K(17792K)->15828K(17792K)
[2024-01-16T12:07:08.594+0000][7][gc          ] GC(39) Pause Young (Concurrent Start) (G1 Evacuation Pause) 393M->101M(512M) 12.789ms
[2024-01-16T12:07:08.594+0000][7][gc          ] GC(40) Concurrent Mark Cycle
[2024-01-16T12:07:08.594+0000][7][gc,marking  ] GC(40) Concurrent Scan Root Regions
[2024-01-16T12:07:08.594+0000][7][gc,cpu      ] GC(39) User=0.01s Sys=0.02s Real=0.01s
[2024-01-16T12:07:08.594+0000][7][safepoint   ] Safepoint "G1CollectForAllocation", Time since last: 2715459316 ns, Reaching safepoint: 14227 ns, Cleanup: 10700 ns, At safepoint: 13365927 ns, Total: 13390854 ns
[2024-01-16T12:07:08.596+0000][7][gc,marking  ] GC(40) Concurrent Scan Root Regions 2.061ms
[2024-01-16T12:07:08.596+0000][7][gc,marking  ] GC(40) Concurrent Mark
[2024-01-16T12:07:08.597+0000][7][gc,marking  ] GC(40) Concurrent Mark From Roots
[2024-01-16T12:07:08.597+0000][7][gc,task     ] GC(40) Using 3 workers of 3 for marking
[2024-01-16T12:07:08.625+0000][7][gc,marking  ] GC(40) Concurrent Mark From Roots 28.098ms
[2024-01-16T12:07:08.625+0000][7][gc,marking  ] GC(40) Concurrent Preclean
[2024-01-16T12:07:08.625+0000][7][gc,marking  ] GC(40) Concurrent Preclean 0.419ms
[2024-01-16T12:07:08.626+0000][7][gc,start    ] GC(40) Pause Remark
[2024-01-16T12:07:08.638+0000][7][gc          ] GC(40) Pause Remark 105M->105M(512M) 12.633ms
[2024-01-16T12:07:08.638+0000][7][gc,cpu      ] GC(40) User=0.10s Sys=0.00s Real=0.01s
[2024-01-16T12:07:08.639+0000][7][safepoint   ] Safepoint "G1PauseRemark", Time since last: 31045007 ns, Reaching safepoint: 17263 ns, Cleanup: 2996 ns, At safepoint: 13122742 ns, Total: 13143001 ns
[2024-01-16T12:07:08.639+0000][7][gc,marking  ] GC(40) Concurrent Mark 42.329ms
[2024-01-16T12:07:08.639+0000][7][gc,marking  ] GC(40) Concurrent Rebuild Remembered Sets and Scrub Regions
[2024-01-16T12:07:08.648+0000][7][gc,marking  ] GC(40) Concurrent Rebuild Remembered Sets and Scrub Regions 9.378ms
[2024-01-16T12:07:08.649+0000][7][gc,start    ] GC(40) Pause Cleanup
[2024-01-16T12:07:08.649+0000][7][gc          ] GC(40) Pause Cleanup 105M->105M(512M) 0.262ms
[2024-01-16T12:07:08.649+0000][7][gc,cpu      ] GC(40) User=0.00s Sys=0.00s Real=0.00s
[2024-01-16T12:07:08.649+0000][7][safepoint   ] Safepoint "G1PauseCleanup", Time since last: 9847677 ns, Reaching safepoint: 13756 ns, Cleanup: 4489 ns, At safepoint: 543203 ns, Total: 561448 ns
[2024-01-16T12:07:08.649+0000][7][gc,marking  ] GC(40) Concurrent Clear Claimed Marks
[2024-01-16T12:07:08.650+0000][7][gc,marking  ] GC(40) Concurrent Clear Claimed Marks 0.318ms
[2024-01-16T12:07:08.650+0000][7][gc,marking  ] GC(40) Concurrent Cleanup for Next Mark
[2024-01-16T12:07:08.650+0000][7][gc,marking  ] GC(40) Concurrent Cleanup for Next Mark 0.705ms
[2024-01-16T12:07:08.651+0000][7][gc          ] GC(40) Concurrent Mark Cycle 56.473ms
[2024-01-16T12:07:09.649+0000][7][safepoint   ] Safepoint "Cleanup", Time since last: 1000240327 ns, Reaching safepoint: 20639 ns, Cleanup: 17744 ns, At safepoint: 2655 ns, Total: 41038 ns
[2024-01-16T12:07:11.650+0000][7][safepoint   ] Safepoint "Cleanup", Time since last: 2000424583 ns, Reaching safepoint: 104925 ns, Cleanup: 10841 ns, At safepoint: 19247 ns, Total: 135013 ns
[2024-01-16T12:07:12.650+0000][7][safepoint   ] Safepoint "Cleanup", Time since last: 1000272929 ns, Reaching safepoint: 22664 ns, Cleanup: 14698 ns, At safepoint: 2715 ns, Total: 40077 ns
[2024-01-16T12:07:14.651+0000][7][safepoint   ] Safepoint "Cleanup", Time since last: 2000444625 ns, Reaching safepoint: 22603 ns, Cleanup: 11492 ns, At safepoint: 12314 ns, Total: 46409 ns
[2024-01-16T12:07:15.651+0000][7][safepoint   ] Safepoint "Cleanup", Time since last: 1000277018 ns, Reaching safepoint: 19407 ns, Cleanup: 14057 ns, At safepoint: 2985 ns, Total: 36449 ns
[2024-01-16T12:07:21.652+0000][7][safepoint   ] Safepoint "Cleanup", Time since last: 6000864810 ns, Reaching safepoint: 19006 ns, Cleanup: 17534 ns, At safepoint: 3446 ns, Total: 39986 ns
[2024-01-16T12:07:22.652+0000][7][safepoint   ] Safepoint "Cleanup", Time since last: 1000383932 ns, Reaching safepoint: 19808 ns, Cleanup: 12965 ns, At safepoint: 2975 ns, Total: 35748 ns
[2024-01-16T12:07:23.653+0000][7][safepoint   ] Safepoint "Cleanup", Time since last: 1000429810 ns, Reaching safepoint: 16522 ns, Cleanup: 11532 ns, At safepoint: 2304 ns, Total: 30358 ns
[2024-01-16T12:07:24.653+0000][7][safepoint   ] Safepoint "Cleanup", Time since last: 1000251057 ns, Reaching safepoint: 20099 ns, Cleanup: 18495 ns, At safepoint: 3186 ns, Total: 41780 ns
[2024-01-16T12:07:31.654+0000][7][safepoint   ] Safepoint "Cleanup", Time since last: 7001007982 ns, Reaching safepoint: 20800 ns, Cleanup: 19076 ns, At safepoint: 2595 ns, Total: 42471 ns
[2024-01-16T12:07:35.655+0000][7][safepoint   ] Safepoint "Cleanup", Time since last: 4000736560 ns, Reaching safepoint: 17002 ns, Cleanup: 11382 ns, At safepoint: 2235 ns, Total: 30619 ns
[2024-01-16T12:07:44.656+0000][7][safepoint   ] Safepoint "Cleanup", Time since last: 9001373285 ns, Reaching safepoint: 16902 ns, Cleanup: 7625 ns, At safepoint: 2445 ns, Total: 26972 ns
[2024-01-16T12:07:45.657+0000][7][safepoint   ] Safepoint "Cleanup", Time since last: 1000231370 ns, Reaching safepoint: 17704 ns, Cleanup: 11692 ns, At safepoint: 2946 ns, Total: 32342 ns
[2024-01-16T12:07:48.657+0000][7][safepoint   ] Safepoint "Cleanup", Time since last: 3000572928 ns, Reaching safepoint: 15159 ns, Cleanup: 8887 ns, At safepoint: 2224 ns, Total: 26270 ns
[2024-01-16T12:07:50.885+0000][7][safepoint   ] Safepoint "Cleanup", Time since last: 2227580043 ns, Reaching safepoint: 18516 ns, Cleanup: 12333 ns, At safepoint: 2796 ns, Total: 33645 ns
[2024-01-16T12:07:52.885+0000][7][safepoint   ] Safepoint "Cleanup", Time since last: 2000548654 ns, Reaching safepoint: 17874 ns, Cleanup: 13276 ns, At safepoint: 2765 ns, Total: 33915 ns
[2024-01-16T12:07:56.886+0000][7][safepoint   ] Safepoint "Cleanup", Time since last: 4000602994 ns, Reaching safepoint: 23155 ns, Cleanup: 29556 ns, At safepoint: 3276 ns, Total: 55987 ns
[2024-01-16T12:07:59.887+0000][7][safepoint   ] Safepoint "Cleanup", Time since last: 3000677819 ns, Reaching safepoint: 17744 ns, Cleanup: 12875 ns, At safepoint: 2645 ns, Total: 33264 ns
[2024-01-16T12:08:00.600+0000][7][gc,start    ] GC(41) Pause Young (Normal) (G1 Evacuation Pause)
[2024-01-16T12:08:00.600+0000][7][gc,task     ] GC(41) Using 12 workers of 13 for evacuation
[2024-01-16T12:08:00.600+0000][7][gc,age      ] GC(41) Desired survivor size 20971520 bytes, new threshold 15 (max threshold 15)
[2024-01-16T12:08:00.607+0000][7][gc,phases   ] GC(41)   Pre Evacuate Collection Set: 0.2ms
[2024-01-16T12:08:00.607+0000][7][gc,phases   ] GC(41)   Merge Heap Roots: 0.1ms
[2024-01-16T12:08:00.607+0000][7][gc,phases   ] GC(41)   Evacuate Collection Set: 5.8ms
[2024-01-16T12:08:00.607+0000][7][gc,phases   ] GC(41)   Post Evacuate Collection Set: 0.7ms
[2024-01-16T12:08:00.608+0000][7][gc,phases   ] GC(41)   Other: 0.3ms
[2024-01-16T12:08:00.608+0000][7][gc,age      ] GC(41) Age table with threshold 15 (max threshold 15)
[2024-01-16T12:08:00.608+0000][7][gc,age      ] GC(41) - age   1:     758880 bytes,     758880 total
[2024-01-16T12:08:00.608+0000][7][gc,age      ] GC(41) - age   2:      58200 bytes,     817080 total
[2024-01-16T12:08:00.608+0000][7][gc,age      ] GC(41) - age   3:      62568 bytes,     879648 total
[2024-01-16T12:08:00.608+0000][7][gc,age      ] GC(41) - age   4:     198312 bytes,    1077960 total
[2024-01-16T12:08:00.608+0000][7][gc,age      ] GC(41) - age   5:     415016 bytes,    1492976 total
[2024-01-16T12:08:00.608+0000][7][gc,age      ] GC(41) - age   6:     396288 bytes,    1889264 total
[2024-01-16T12:08:00.608+0000][7][gc,age      ] GC(41) - age   7:      41848 bytes,    1931112 total
[2024-01-16T12:08:00.608+0000][7][gc,age      ] GC(41) - age   8:      99664 bytes,    2030776 total
[2024-01-16T12:08:00.609+0000][7][gc,age      ] GC(41) - age   9:      20368 bytes,    2051144 total
[2024-01-16T12:08:00.609+0000][7][gc,age      ] GC(41) - age  10:     105712 bytes,    2156856 total
[2024-01-16T12:08:00.609+0000][7][gc,age      ] GC(41) - age  11:    4243880 bytes,    6400736 total
[2024-01-16T12:08:00.609+0000][7][gc,age      ] GC(41) - age  12:     812664 bytes,    7213400 total
[2024-01-16T12:08:00.609+0000][7][gc,age      ] GC(41) - age  13:        632 bytes,    7214032 total
[2024-01-16T12:08:00.609+0000][7][gc,age      ] GC(41) - age  14:     314296 bytes,    7528328 total
[2024-01-16T12:08:00.609+0000][7][gc,age      ] GC(41) - age  15:      82208 bytes,    7610536 total
[2024-01-16T12:08:00.609+0000][7][gc,heap     ] GC(41) Eden regions: 73->0(73)
[2024-01-16T12:08:00.609+0000][7][gc,heap     ] GC(41) Survivor regions: 3->3(10)
[2024-01-16T12:08:00.609+0000][7][gc,heap     ] GC(41) Old regions: 21->22
[2024-01-16T12:08:00.609+0000][7][gc,heap     ] GC(41) Humongous regions: 2->2
[2024-01-16T12:08:00.610+0000][7][gc,metaspace] GC(41) Metaspace: 119251K(123968K)->119251K(123968K) NonClass: 103484K(106176K)->103484K(106176K) Class: 15766K(17792K)->15766K(17792K)
[2024-01-16T12:08:00.610+0000][7][gc          ] GC(41) Pause Young (Normal) (G1 Evacuation Pause) 393M->100M(512M) 9.975ms
[2024-01-16T12:08:00.610+0000][7][gc,cpu      ] GC(41) User=0.03s Sys=0.00s Real=0.01s
[2024-01-16T12:08:00.610+0000][7][safepoint   ] Safepoint "G1CollectForAllocation", Time since last: 712911886 ns, Reaching safepoint: 14278 ns, Cleanup: 2685 ns, At safepoint: 10243724 ns, Total: 10260687 ns
[2024-01-16T12:08:01.610+0000][7][safepoint   ] Safepoint "Cleanup", Time since last: 1000185648 ns, Reaching safepoint: 18425 ns, Cleanup: 12073 ns, At safepoint: 3106 ns, Total: 33604 ns
[2024-01-16T12:08:02.611+0000][7][safepoint   ] Safepoint "Cleanup", Time since last: 1000334257 ns, Reaching safepoint: 15960 ns, Cleanup: 9108 ns, At safepoint: 16020 ns, Total: 41088 ns
[2024-01-16T12:08:03.611+0000][7][safepoint   ] Safepoint "Cleanup", Time since last: 1000239536 ns, Reaching safepoint: 18185 ns, Cleanup: 16341 ns, At safepoint: 15700 ns, Total: 50226 ns
[2024-01-16T12:08:08.612+0000][7][safepoint   ] Safepoint "Cleanup", Time since last: 5000695228 ns, Reaching safepoint: 178927 ns, Cleanup: 13787 ns, At safepoint: 15359 ns, Total: 208073 ns
[2024-01-16T12:08:09.612+0000][7][safepoint   ] Safepoint "Cleanup", Time since last: 1000243052 ns, Reaching safepoint: 27393 ns, Cleanup: 15780 ns, At safepoint: 3336 ns, Total: 46509 ns
[2024-01-16T12:08:12.613+0000][7][safepoint   ] Safepoint "Cleanup", Time since last: 3000529376 ns, Reaching safepoint: 19026 ns, Cleanup: 15450 ns, At safepoint: 3186 ns, Total: 37662 ns
[2024-01-16T12:08:15.613+0000][7][safepoint   ] Safepoint "Cleanup", Time since last: 3000552549 ns, Reaching safepoint: 28715 ns, Cleanup: 20960 ns, At safepoint: 3026 ns, Total: 52701 ns
[2024-01-16T12:08:21.614+0000][7][safepoint   ] Safepoint "Cleanup", Time since last: 6000896847 ns, Reaching safepoint: 18916 ns, Cleanup: 11963 ns, At safepoint: 2845 ns, Total: 33724 ns
[2024-01-16T12:08:27.615+0000][7][safepoint   ] Safepoint "Cleanup", Time since last: 6000790163 ns, Reaching safepoint: 36760 ns, Cleanup: 22443 ns, At safepoint: 3256 ns, Total: 62459 ns
[2024-01-16T12:08:29.615+0000][7][safepoint   ] Safepoint "Cleanup", Time since last: 2000469303 ns, Reaching safepoint: 14959 ns, Cleanup: 8716 ns, At safepoint: 2505 ns, Total: 26180 ns
[2024-01-16T12:08:31.616+0000][7][safepoint   ] Safepoint "Cleanup", Time since last: 2000409789 ns, Reaching safepoint: 16131 ns, Cleanup: 9438 ns, At safepoint: 2465 ns, Total: 28034 ns
[2024-01-16T12:08:34.616+0000][7][safepoint   ] Safepoint "Cleanup", Time since last: 3000553451 ns, Reaching safepoint: 19427 ns, Cleanup: 15109 ns, At safepoint: 3056 ns, Total: 37592 ns
[2024-01-16T12:08:35.617+0000][7][safepoint   ] Safepoint "Cleanup", Time since last: 1000419966 ns, Reaching safepoint: 16812 ns, Cleanup: 8265 ns, At safepoint: 2365 ns, Total: 27442 ns
[2024-01-16T12:08:36.617+0000][7][safepoint   ] Safepoint "Cleanup", Time since last: 1000220675 ns, Reaching safepoint: 16201 ns, Cleanup: 7404 ns, At safepoint: 2525 ns, Total: 26130 ns
[2024-01-16T12:08:39.618+0000][7][safepoint   ] Safepoint "Cleanup", Time since last: 3000450865 ns, Reaching safepoint: 19117 ns, Cleanup: 12233 ns, At safepoint: 2986 ns, Total: 34336 ns
[2024-01-16T12:08:42.619+0000][7][safepoint   ] Safepoint "Cleanup", Time since last: 3001022828 ns, Reaching safepoint: 19147 ns, Cleanup: 13335 ns, At safepoint: 2666 ns, Total: 35148 ns
[2024-01-16T12:08:44.619+0000][7][safepoint   ] Safepoint "Cleanup", Time since last: 2000575445 ns, Reaching safepoint: 15730 ns, Cleanup: 7004 ns, At safepoint: 1913 ns, Total: 24647 ns
[2024-01-16T12:08:45.620+0000][7][safepoint   ] Safepoint "Cleanup", Time since last: 1000241019 ns, Reaching safepoint: 20098 ns, Cleanup: 13085 ns, At safepoint: 2936 ns, Total: 36119 ns
[2024-01-16T12:08:48.620+0000][7][safepoint   ] Safepoint "Cleanup", Time since last: 3000552810 ns, Reaching safepoint: 19027 ns, Cleanup: 23925 ns, At safepoint: 3086 ns, Total: 46038 ns
[2024-01-16T12:08:53.906+0000][7][safepoint   ] Safepoint "Cleanup", Time since last: 5286165351 ns, Reaching safepoint: 20640 ns, Cleanup: 13065 ns, At safepoint: 3186 ns, Total: 36891 ns
[2024-01-16T12:08:56.907+0000][7][safepoint   ] Safepoint "Cleanup", Time since last: 3000704951 ns, Reaching safepoint: 38584 ns, Cleanup: 15460 ns, At safepoint: 3436 ns, Total: 57480 ns
[2024-01-16T12:08:59.908+0000][7][safepoint   ] Safepoint "Cleanup", Time since last: 3000512944 ns, Reaching safepoint: 18686 ns, Cleanup: 13806 ns, At safepoint: 2655 ns, Total: 35147 ns
[2024-01-16T12:09:00.330+0000][7][gc,start    ] GC(42) Pause Young (Concurrent Start) (G1 Evacuation Pause)
[2024-01-16T12:09:00.331+0000][7][gc,task     ] GC(42) Using 12 workers of 13 for evacuation
[2024-01-16T12:09:00.331+0000][7][gc,age      ] GC(42) Desired survivor size 20971520 bytes, new threshold 15 (max threshold 15)
[2024-01-16T12:09:00.337+0000][7][gc,phases   ] GC(42)   Pre Evacuate Collection Set: 0.2ms
[2024-01-16T12:09:00.338+0000][7][gc,phases   ] GC(42)   Merge Heap Roots: 0.1ms
[2024-01-16T12:09:00.338+0000][7][gc,phases   ] GC(42)   Evacuate Collection Set: 5.5ms
[2024-01-16T12:09:00.338+0000][7][gc,phases   ] GC(42)   Post Evacuate Collection Set: 0.7ms
[2024-01-16T12:09:00.338+0000][7][gc,phases   ] GC(42)   Other: 0.3ms
[2024-01-16T12:09:00.338+0000][7][gc,age      ] GC(42) Age table with threshold 15 (max threshold 15)
[2024-01-16T12:09:00.338+0000][7][gc,age      ] GC(42) - age   1:    1369488 bytes,    1369488 total
[2024-01-16T12:09:00.338+0000][7][gc,age      ] GC(42) - age   2:     170832 bytes,    1540320 total
[2024-01-16T12:09:00.338+0000][7][gc,age      ] GC(42) - age   3:      49904 bytes,    1590224 total
[2024-01-16T12:09:00.339+0000][7][gc,age      ] GC(42) - age   4:      57776 bytes,    1648000 total
[2024-01-16T12:09:00.339+0000][7][gc,age      ] GC(42) - age   5:      61560 bytes,    1709560 total
[2024-01-16T12:09:00.339+0000][7][gc,age      ] GC(42) - age   6:     332504 bytes,    2042064 total
[2024-01-16T12:09:00.339+0000][7][gc,age      ] GC(42) - age   7:     359928 bytes,    2401992 total
[2024-01-16T12:09:00.339+0000][7][gc,age      ] GC(42) - age   8:      41848 bytes,    2443840 total
[2024-01-16T12:09:00.339+0000][7][gc,age      ] GC(42) - age   9:      99664 bytes,    2543504 total
[2024-01-16T12:09:00.339+0000][7][gc,age      ] GC(42) - age  10:      20368 bytes,    2563872 total
[2024-01-16T12:09:00.339+0000][7][gc,age      ] GC(42) - age  11:     105712 bytes,    2669584 total
[2024-01-16T12:09:00.339+0000][7][gc,age      ] GC(42) - age  12:    4243816 bytes,    6913400 total
[2024-01-16T12:09:00.339+0000][7][gc,age      ] GC(42) - age  13:     811112 bytes,    7724512 total
[2024-01-16T12:09:00.339+0000][7][gc,age      ] GC(42) - age  14:        632 bytes,    7725144 total
[2024-01-16T12:09:00.340+0000][7][gc,age      ] GC(42) - age  15:     314296 bytes,    8039440 total
[2024-01-16T12:09:00.340+0000][7][gc,heap     ] GC(42) Eden regions: 73->0(73)
[2024-01-16T12:09:00.340+0000][7][gc,heap     ] GC(42) Survivor regions: 3->3(10)
[2024-01-16T12:09:00.340+0000][7][gc,heap     ] GC(42) Old regions: 22->22
[2024-01-16T12:09:00.340+0000][7][gc,heap     ] GC(42) Humongous regions: 2->2
[2024-01-16T12:09:00.340+0000][7][gc,metaspace] GC(42) Metaspace: 119348K(124032K)->119348K(124032K) NonClass: 103578K(106240K)->103578K(106240K) Class: 15769K(17792K)->15769K(17792K)
[2024-01-16T12:09:00.340+0000][7][gc          ] GC(42) Pause Young (Concurrent Start) (G1 Evacuation Pause) 392M->100M(512M) 9.687ms
[2024-01-16T12:09:00.340+0000][7][gc          ] GC(43) Concurrent Mark Cycle
[2024-01-16T12:09:00.340+0000][7][gc,marking  ] GC(43) Concurrent Scan Root Regions
[2024-01-16T12:09:00.340+0000][7][gc,cpu      ] GC(42) User=0.03s Sys=0.00s Real=0.01s
[2024-01-16T12:09:00.341+0000][7][safepoint   ] Safepoint "G1CollectForAllocation", Time since last: 422709793 ns, Reaching safepoint: 25769 ns, Cleanup: 3156 ns, At safepoint: 10225745 ns, Total: 10254670 ns
[2024-01-16T12:09:00.342+0000][7][gc,marking  ] GC(43) Concurrent Scan Root Regions 1.934ms
[2024-01-16T12:09:00.342+0000][7][gc,marking  ] GC(43) Concurrent Mark
[2024-01-16T12:09:00.343+0000][7][gc,marking  ] GC(43) Concurrent Mark From Roots
[2024-01-16T12:09:00.343+0000][7][gc,task     ] GC(43) Using 3 workers of 3 for marking
[2024-01-16T12:09:00.368+0000][7][gc,marking  ] GC(43) Concurrent Mark From Roots 25.423ms
[2024-01-16T12:09:00.368+0000][7][gc,marking  ] GC(43) Concurrent Preclean
[2024-01-16T12:09:00.369+0000][7][gc,marking  ] GC(43) Concurrent Preclean 0.459ms
[2024-01-16T12:09:00.369+0000][7][gc,start    ] GC(43) Pause Remark
[2024-01-16T12:09:00.404+0000][7][gc          ] GC(43) Pause Remark 103M->103M(512M) 35.071ms
[2024-01-16T12:09:00.404+0000][7][gc,cpu      ] GC(43) User=0.05s Sys=0.02s Real=0.04s
[2024-01-16T12:09:00.404+0000][7][safepoint   ] Safepoint "G1PauseRemark", Time since last: 28102382 ns, Reaching safepoint: 16021 ns, Cleanup: 2946 ns, At safepoint: 35582189 ns, Total: 35601156 ns
[2024-01-16T12:09:00.405+0000][7][gc,marking  ] GC(43) Concurrent Mark 62.170ms
[2024-01-16T12:09:00.405+0000][7][gc,marking  ] GC(43) Concurrent Rebuild Remembered Sets and Scrub Regions
[2024-01-16T12:09:00.418+0000][7][gc,marking  ] GC(43) Concurrent Rebuild Remembered Sets and Scrub Regions 12.808ms
[2024-01-16T12:09:00.418+0000][7][gc,start    ] GC(43) Pause Cleanup
[2024-01-16T12:09:00.418+0000][7][gc          ] GC(43) Pause Cleanup 105M->105M(512M) 0.253ms
[2024-01-16T12:09:00.418+0000][7][gc,cpu      ] GC(43) User=0.00s Sys=0.00s Real=0.00s
[2024-01-16T12:09:00.418+0000][7][safepoint   ] Safepoint "G1PauseCleanup", Time since last: 13426662 ns, Reaching safepoint: 13496 ns, Cleanup: 19898 ns, At safepoint: 503723 ns, Total: 537117 ns
[2024-01-16T12:09:00.418+0000][7][gc,marking  ] GC(43) Concurrent Clear Claimed Marks
[2024-01-16T12:09:00.419+0000][7][gc,marking  ] GC(43) Concurrent Clear Claimed Marks 0.308ms
[2024-01-16T12:09:00.419+0000][7][gc,marking  ] GC(43) Concurrent Cleanup for Next Mark
[2024-01-16T12:09:00.419+0000][7][gc,marking  ] GC(43) Concurrent Cleanup for Next Mark 0.576ms
[2024-01-16T12:09:00.420+0000][7][gc          ] GC(43) Concurrent Mark Cycle 79.315ms
[2024-01-16T12:09:01.419+0000][7][safepoint   ] Safepoint "Cleanup", Time since last: 1000202505 ns, Reaching safepoint: 17774 ns, Cleanup: 16030 ns, At safepoint: 2816 ns, Total: 36620 ns
[2024-01-16T12:09:02.419+0000][7][safepoint   ] Safepoint "Cleanup", Time since last: 1000387398 ns, Reaching safepoint: 18265 ns, Cleanup: 11412 ns, At safepoint: 2475 ns, Total: 32152 ns
[2024-01-16T12:09:03.420+0000][7][safepoint   ] Safepoint "Cleanup", Time since last: 1000722970 ns, Reaching safepoint: 27141 ns, Cleanup: 11192 ns, At safepoint: 3507 ns, Total: 41840 ns
[2024-01-16T12:09:05.420+0000][7][safepoint   ] Safepoint "Cleanup", Time since last: 2000531211 ns, Reaching safepoint: 17804 ns, Cleanup: 14237 ns, At safepoint: 2665 ns, Total: 34706 ns
[2024-01-16T12:09:06.421+0000][7][safepoint   ] Safepoint "Cleanup", Time since last: 1000393214 ns, Reaching safepoint: 19227 ns, Cleanup: 11562 ns, At safepoint: 2986 ns, Total: 33775 ns
[2024-01-16T12:09:09.421+0000][7][safepoint   ] Safepoint "Cleanup", Time since last: 3000562714 ns, Reaching safepoint: 18766 ns, Cleanup: 40618 ns, At safepoint: 2915 ns, Total: 62299 ns
[2024-01-16T12:09:11.422+0000][7][safepoint   ] Safepoint "Cleanup", Time since last: 2000568292 ns, Reaching safepoint: 17183 ns, Cleanup: 10701 ns, At safepoint: 2414 ns, Total: 30298 ns
[2024-01-16T12:09:12.422+0000][7][safepoint   ] Safepoint "Cleanup", Time since last: 1000414560 ns, Reaching safepoint: 17293 ns, Cleanup: 12695 ns, At safepoint: 2464 ns, Total: 32452 ns
[2024-01-16T12:09:19.423+0000][7][safepoint   ] Safepoint "Cleanup", Time since last: 7000940463 ns, Reaching safepoint: 17553 ns, Cleanup: 10230 ns, At safepoint: 2425 ns, Total: 30208 ns
[2024-01-16T12:09:24.424+0000][7][safepoint   ] Safepoint "Cleanup", Time since last: 5000724083 ns, Reaching safepoint: 17012 ns, Cleanup: 15330 ns, At safepoint: 2585 ns, Total: 34927 ns
[2024-01-16T12:09:26.425+0000][7][safepoint   ] Safepoint "Cleanup", Time since last: 2000743146 ns, Reaching safepoint: 38914 ns, Cleanup: 12945 ns, At safepoint: 4709 ns, Total: 56568 ns
[2024-01-16T12:09:27.425+0000][7][safepoint   ] Safepoint "Cleanup", Time since last: 1000373742 ns, Reaching safepoint: 17363 ns, Cleanup: 17524 ns, At safepoint: 2885 ns, Total: 37772 ns
[2024-01-16T12:09:31.426+0000][7][safepoint   ] Safepoint "Cleanup", Time since last: 4000583557 ns, Reaching safepoint: 16903 ns, Cleanup: 11221 ns, At safepoint: 2625 ns, Total: 30749 ns
[2024-01-16T12:09:39.427+0000][7][safepoint   ] Safepoint "Cleanup", Time since last: 8000862492 ns, Reaching safepoint: 18165 ns, Cleanup: 14026 ns, At safepoint: 2876 ns, Total: 35067 ns
[2024-01-16T12:09:42.427+0000][7][safepoint   ] Safepoint "Cleanup", Time since last: 3000520669 ns, Reaching safepoint: 17934 ns, Cleanup: 11572 ns, At safepoint: 4228 ns, Total: 33734 ns
[2024-01-16T12:09:44.428+0000][7][safepoint   ] Safepoint "Cleanup", Time since last: 2000448894 ns, Reaching safepoint: 18195 ns, Cleanup: 11933 ns, At safepoint: 2594 ns, Total: 32722 ns
[2024-01-16T12:09:45.428+0000][7][safepoint   ] Safepoint "Cleanup", Time since last: 1000342122 ns, Reaching safepoint: 17424 ns, Cleanup: 13345 ns, At safepoint: 2615 ns, Total: 33384 ns
[2024-01-16T12:09:53.929+0000][7][safepoint   ] Safepoint "Cleanup", Time since last: 8500227817 ns, Reaching safepoint: 18295 ns, Cleanup: 12654 ns, At safepoint: 2525 ns, Total: 33474 ns
[2024-01-16T12:09:56.731+0000][7][gc,start    ] GC(44) Pause Young (Prepare Mixed) (G1 Evacuation Pause)
[2024-01-16T12:09:56.731+0000][7][gc,task     ] GC(44) Using 12 workers of 13 for evacuation
[2024-01-16T12:09:56.731+0000][7][gc,age      ] GC(44) Desired survivor size 20971520 bytes, new threshold 15 (max threshold 15)
[2024-01-16T12:09:56.738+0000][7][gc,phases   ] GC(44)   Pre Evacuate Collection Set: 0.2ms
[2024-01-16T12:09:56.738+0000][7][gc,phases   ] GC(44)   Merge Heap Roots: 0.1ms
[2024-01-16T12:09:56.739+0000][7][gc,phases   ] GC(44)   Evacuate Collection Set: 5.6ms
[2024-01-16T12:09:56.739+0000][7][gc,phases   ] GC(44)   Post Evacuate Collection Set: 0.7ms
[2024-01-16T12:09:56.739+0000][7][gc,phases   ] GC(44)   Other: 0.2ms
[2024-01-16T12:09:56.739+0000][7][gc,age      ] GC(44) Age table with threshold 15 (max threshold 15)
[2024-01-16T12:09:56.739+0000][7][gc,age      ] GC(44) - age   1:    1903808 bytes,    1903808 total
[2024-01-16T12:09:56.739+0000][7][gc,age      ] GC(44) - age   2:     105424 bytes,    2009232 total
[2024-01-16T12:09:56.739+0000][7][gc,age      ] GC(44) - age   3:      25536 bytes,    2034768 total
[2024-01-16T12:09:56.739+0000][7][gc,age      ] GC(44) - age   4:      44336 bytes,    2079104 total
[2024-01-16T12:09:56.739+0000][7][gc,age      ] GC(44) - age   5:      55600 bytes,    2134704 total
[2024-01-16T12:09:56.739+0000][7][gc,age      ] GC(44) - age   6:      59016 bytes,    2193720 total
[2024-01-16T12:09:56.740+0000][7][gc,age      ] GC(44) - age   7:     330472 bytes,    2524192 total
[2024-01-16T12:09:56.740+0000][7][gc,age      ] GC(44) - age   8:     359344 bytes,    2883536 total
[2024-01-16T12:09:56.740+0000][7][gc,age      ] GC(44) - age   9:      40776 bytes,    2924312 total
[2024-01-16T12:09:56.740+0000][7][gc,age      ] GC(44) - age  10:      99504 bytes,    3023816 total
[2024-01-16T12:09:56.740+0000][7][gc,age      ] GC(44) - age  11:      20368 bytes,    3044184 total
[2024-01-16T12:09:56.740+0000][7][gc,age      ] GC(44) - age  12:     105712 bytes,    3149896 total
[2024-01-16T12:09:56.740+0000][7][gc,age      ] GC(44) - age  13:    4243736 bytes,    7393632 total
[2024-01-16T12:09:56.740+0000][7][gc,age      ] GC(44) - age  14:     811112 bytes,    8204744 total
[2024-01-16T12:09:56.740+0000][7][gc,age      ] GC(44) - age  15:        632 bytes,    8205376 total
[2024-01-16T12:09:56.740+0000][7][gc,heap     ] GC(44) Eden regions: 73->0(73)
[2024-01-16T12:09:56.741+0000][7][gc,heap     ] GC(44) Survivor regions: 3->3(10)
[2024-01-16T12:09:56.741+0000][7][gc,heap     ] GC(44) Old regions: 22->22
[2024-01-16T12:09:56.741+0000][7][gc,heap     ] GC(44) Humongous regions: 2->2
[2024-01-16T12:09:56.741+0000][7][gc,metaspace] GC(44) Metaspace: 119385K(124032K)->119385K(124032K) NonClass: 103616K(106240K)->103616K(106240K) Class: 15769K(17792K)->15769K(17792K)
[2024-01-16T12:09:56.741+0000][7][gc          ] GC(44) Pause Young (Prepare Mixed) (G1 Evacuation Pause) 392M->101M(512M) 9.799ms
[2024-01-16T12:09:56.741+0000][7][gc,cpu      ] GC(44) User=0.03s Sys=0.00s Real=0.01s
[2024-01-16T12:09:56.741+0000][7][safepoint   ] Safepoint "G1CollectForAllocation", Time since last: 2802460202 ns, Reaching safepoint: 19668 ns, Cleanup: 19266 ns, At safepoint: 10099880 ns, Total: 10138814 ns
[2024-01-16T12:09:57.741+0000][7][safepoint   ] Safepoint "Cleanup", Time since last: 1000213325 ns, Reaching safepoint: 19457 ns, Cleanup: 16382 ns, At safepoint: 3306 ns, Total: 39145 ns
[2024-01-16T12:09:58.742+0000][7][safepoint   ] Safepoint "Cleanup", Time since last: 1000422335 ns, Reaching safepoint: 41830 ns, Cleanup: 12925 ns, At safepoint: 3076 ns, Total: 57831 ns
[2024-01-16T12:09:59.742+0000][7][safepoint   ] Safepoint "Cleanup", Time since last: 1000318897 ns, Reaching safepoint: 17774 ns, Cleanup: 26240 ns, At safepoint: 3136 ns, Total: 47150 ns
[2024-01-16T12:10:00.743+0000][7][safepoint   ] Safepoint "Cleanup", Time since last: 1000466214 ns, Reaching safepoint: 18746 ns, Cleanup: 14117 ns, At safepoint: 3286 ns, Total: 36149 ns
[2024-01-16T12:10:05.744+0000][7][safepoint   ] Safepoint "Cleanup", Time since last: 5000763113 ns, Reaching safepoint: 16552 ns, Cleanup: 14297 ns, At safepoint: 2545 ns, Total: 33394 ns
[2024-01-16T12:10:08.744+0000][7][safepoint   ] Safepoint "Cleanup", Time since last: 3000624157 ns, Reaching safepoint: 16682 ns, Cleanup: 19266 ns, At safepoint: 2665 ns, Total: 38613 ns
[2024-01-16T12:10:11.745+0000][7][safepoint   ] Safepoint "Cleanup", Time since last: 3000541780 ns, Reaching safepoint: 33143 ns, Cleanup: 10300 ns, At safepoint: 18656 ns, Total: 62099 ns
[2024-01-16T12:10:12.745+0000][7][safepoint   ] Safepoint "Cleanup", Time since last: 1000458789 ns, Reaching safepoint: 33364 ns, Cleanup: 35728 ns, At safepoint: 4769 ns, Total: 73861 ns
[2024-01-16T12:10:14.746+0000][7][safepoint   ] Safepoint "Cleanup", Time since last: 2000627335 ns, Reaching safepoint: 18786 ns, Cleanup: 12143 ns, At safepoint: 2615 ns, Total: 33544 ns
[2024-01-16T12:10:15.746+0000][7][safepoint   ] Safepoint "Cleanup", Time since last: 1000323025 ns, Reaching safepoint: 16742 ns, Cleanup: 11733 ns, At safepoint: 1993 ns, Total: 30468 ns
[2024-01-16T12:10:16.747+0000][7][safepoint   ] Safepoint "Cleanup", Time since last: 1000300733 ns, Reaching safepoint: 29477 ns, Cleanup: 16261 ns, At safepoint: 2936 ns, Total: 48674 ns
[2024-01-16T12:10:17.747+0000][7][safepoint   ] Safepoint "Cleanup", Time since last: 1000411995 ns, Reaching safepoint: 18455 ns, Cleanup: 11753 ns, At safepoint: 2575 ns, Total: 32783 ns
[2024-01-16T12:10:20.748+0000][7][safepoint   ] Safepoint "Cleanup", Time since last: 3000526519 ns, Reaching safepoint: 17614 ns, Cleanup: 14527 ns, At safepoint: 2525 ns, Total: 34666 ns
[2024-01-16T12:10:21.748+0000][7][safepoint   ] Safepoint "Cleanup", Time since last: 1000369404 ns, Reaching safepoint: 18105 ns, Cleanup: 12373 ns, At safepoint: 3036 ns, Total: 33514 ns
[2024-01-16T12:10:27.749+0000][7][safepoint   ] Safepoint "Cleanup", Time since last: 6000971254 ns, Reaching safepoint: 19167 ns, Cleanup: 15589 ns, At safepoint: 3758 ns, Total: 38514 ns
[2024-01-16T12:10:32.750+0000][7][safepoint   ] Safepoint "Cleanup", Time since last: 5000752683 ns, Reaching safepoint: 17012 ns, Cleanup: 11893 ns, At safepoint: 21932 ns, Total: 50837 ns
[2024-01-16T12:10:35.750+0000][7][safepoint   ] Safepoint "Cleanup", Time since last: 3000483493 ns, Reaching safepoint: 18776 ns, Cleanup: 15649 ns, At safepoint: 3337 ns, Total: 37762 ns
[2024-01-16T12:10:36.751+0000][7][safepoint   ] Safepoint "Cleanup", Time since last: 1000459456 ns, Reaching safepoint: 19237 ns, Cleanup: 15529 ns, At safepoint: 2625 ns, Total: 37391 ns
[2024-01-16T12:10:44.752+0000][7][safepoint   ] Safepoint "Cleanup", Time since last: 8001118671 ns, Reaching safepoint: 19568 ns, Cleanup: 17113 ns, At safepoint: 2584 ns, Total: 39265 ns
[2024-01-16T12:10:45.753+0000][7][safepoint   ] Safepoint "Cleanup", Time since last: 1000452524 ns, Reaching safepoint: 20298 ns, Cleanup: 14358 ns, At safepoint: 2304 ns, Total: 36960 ns
[2024-01-16T12:10:47.753+0000][7][safepoint   ] Safepoint "Cleanup", Time since last: 2000525997 ns, Reaching safepoint: 17363 ns, Cleanup: 9809 ns, At safepoint: 2554 ns, Total: 29726 ns
[2024-01-16T12:10:50.951+0000][7][safepoint   ] Safepoint "Cleanup", Time since last: 3198333898 ns, Reaching safepoint: 19026 ns, Cleanup: 14257 ns, At safepoint: 3066 ns, Total: 36349 ns
[2024-01-16T12:10:52.952+0000][7][safepoint   ] Safepoint "Cleanup", Time since last: 2000455166 ns, Reaching safepoint: 19708 ns, Cleanup: 19497 ns, At safepoint: 2725 ns, Total: 41930 ns
[2024-01-16T12:10:56.592+0000][7][gc,start    ] GC(45) Pause Young (Mixed) (G1 Evacuation Pause)
[2024-01-16T12:10:56.593+0000][7][gc,task     ] GC(45) Using 12 workers of 13 for evacuation
[2024-01-16T12:10:56.593+0000][7][gc,age      ] GC(45) Desired survivor size 20971520 bytes, new threshold 15 (max threshold 15)
[2024-01-16T12:10:56.602+0000][7][gc,phases   ] GC(45)   Pre Evacuate Collection Set: 0.2ms
[2024-01-16T12:10:56.603+0000][7][gc,phases   ] GC(45)   Merge Heap Roots: 0.1ms
[2024-01-16T12:10:56.603+0000][7][gc,phases   ] GC(45)   Evacuate Collection Set: 7.8ms
[2024-01-16T12:10:56.603+0000][7][gc,phases   ] GC(45)   Post Evacuate Collection Set: 0.8ms
[2024-01-16T12:10:56.603+0000][7][gc,phases   ] GC(45)   Other: 0.4ms
[2024-01-16T12:10:56.603+0000][7][gc,age      ] GC(45) Age table with threshold 15 (max threshold 15)
[2024-01-16T12:10:56.603+0000][7][gc,age      ] GC(45) - age   1:    1024576 bytes,    1024576 total
[2024-01-16T12:10:56.603+0000][7][gc,age      ] GC(45) - age   2:     228592 bytes,    1253168 total
[2024-01-16T12:10:56.603+0000][7][gc,age      ] GC(45) - age   3:     103232 bytes,    1356400 total
[2024-01-16T12:10:56.603+0000][7][gc,age      ] GC(45) - age   4:      24168 bytes,    1380568 total
[2024-01-16T12:10:56.604+0000][7][gc,age      ] GC(45) - age   5:      44336 bytes,    1424904 total
[2024-01-16T12:10:56.604+0000][7][gc,age      ] GC(45) - age   6:      55600 bytes,    1480504 total
[2024-01-16T12:10:56.604+0000][7][gc,age      ] GC(45) - age   7:      58112 bytes,    1538616 total
[2024-01-16T12:10:56.604+0000][7][gc,age      ] GC(45) - age   8:     330408 bytes,    1869024 total
[2024-01-16T12:10:56.604+0000][7][gc,age      ] GC(45) - age   9:     264320 bytes,    2133344 total
[2024-01-16T12:10:56.604+0000][7][gc,age      ] GC(45) - age  10:      40776 bytes,    2174120 total
[2024-01-16T12:10:56.604+0000][7][gc,age      ] GC(45) - age  11:      99248 bytes,    2273368 total
[2024-01-16T12:10:56.604+0000][7][gc,age      ] GC(45) - age  12:      20368 bytes,    2293736 total
[2024-01-16T12:10:56.604+0000][7][gc,age      ] GC(45) - age  13:     105712 bytes,    2399448 total
[2024-01-16T12:10:56.604+0000][7][gc,age      ] GC(45) - age  14:    4242616 bytes,    6642064 total
[2024-01-16T12:10:56.605+0000][7][gc,age      ] GC(45) - age  15:     810952 bytes,    7453016 total
[2024-01-16T12:10:56.605+0000][7][gc,heap     ] GC(45) Eden regions: 73->0(74)
[2024-01-16T12:10:56.605+0000][7][gc,heap     ] GC(45) Survivor regions: 3->2(10)
[2024-01-16T12:10:56.605+0000][7][gc,heap     ] GC(45) Old regions: 22->22
[2024-01-16T12:10:56.605+0000][7][gc,heap     ] GC(45) Humongous regions: 2->2
[2024-01-16T12:10:56.605+0000][7][gc,metaspace] GC(45) Metaspace: 119441K(124032K)->119441K(124032K) NonClass: 103671K(106240K)->103671K(106240K) Class: 15770K(17792K)->15770K(17792K)
[2024-01-16T12:10:56.605+0000][7][gc          ] GC(45) Pause Young (Mixed) (G1 Evacuation Pause) 393M->99M(512M) 12.833ms
[2024-01-16T12:10:56.605+0000][7][gc,cpu      ] GC(45) User=0.04s Sys=0.00s Real=0.01s
[2024-01-16T12:10:56.606+0000][7][safepoint   ] Safepoint "G1CollectForAllocation", Time since last: 3640473082 ns, Reaching safepoint: 17954 ns, Cleanup: 2545 ns, At safepoint: 13184134 ns, Total: 13204633 ns
[2024-01-16T12:10:57.606+0000][7][safepoint   ] Safepoint "Cleanup", Time since last: 1000255481 ns, Reaching safepoint: 19177 ns, Cleanup: 12213 ns, At safepoint: 3336 ns, Total: 34726 ns
[2024-01-16T12:11:02.607+0000][7][safepoint   ] Safepoint "Cleanup", Time since last: 5000732750 ns, Reaching safepoint: 16422 ns, Cleanup: 8386 ns, At safepoint: 2535 ns, Total: 27343 ns
[2024-01-16T12:11:03.607+0000][7][safepoint   ] Safepoint "Cleanup", Time since last: 1000255175 ns, Reaching safepoint: 19357 ns, Cleanup: 14869 ns, At safepoint: 2945 ns, Total: 37171 ns
[2024-01-16T12:11:08.608+0000][7][safepoint   ] Safepoint "Cleanup", Time since last: 5000767226 ns, Reaching safepoint: 15310 ns, Cleanup: 16701 ns, At safepoint: 2736 ns, Total: 34747 ns
[2024-01-16T12:11:15.609+0000][7][safepoint   ] Safepoint "Cleanup", Time since last: 7000742975 ns, Reaching safepoint: 15620 ns, Cleanup: 8686 ns, At safepoint: 2355 ns, Total: 26661 ns
[2024-01-16T12:11:21.609+0000][7][safepoint   ] Safepoint "Cleanup", Time since last: 6000695757 ns, Reaching safepoint: 18646 ns, Cleanup: 12674 ns, At safepoint: 2705 ns, Total: 34025 ns
[2024-01-16T12:11:32.611+0000][7][safepoint   ] Safepoint "Cleanup", Time since last: 11001442414 ns, Reaching safepoint: 36039 ns, Cleanup: 9949 ns, At safepoint: 13746 ns, Total: 59734 ns
[2024-01-16T12:11:35.611+0000][7][safepoint   ] Safepoint "Cleanup", Time since last: 3000409887 ns, Reaching safepoint: 18335 ns, Cleanup: 15500 ns, At safepoint: 2555 ns, Total: 36390 ns
[2024-01-16T12:11:36.611+0000][7][safepoint   ] Safepoint "Cleanup", Time since last: 1000246929 ns, Reaching safepoint: 18295 ns, Cleanup: 13666 ns, At safepoint: 2656 ns, Total: 34617 ns
[2024-01-16T12:11:38.612+0000][7][safepoint   ] Safepoint "Cleanup", Time since last: 2000485123 ns, Reaching safepoint: 17313 ns, Cleanup: 11231 ns, At safepoint: 3437 ns, Total: 31981 ns
[2024-01-16T12:11:39.612+0000][7][safepoint   ] Safepoint "Cleanup", Time since last: 1000269543 ns, Reaching safepoint: 19307 ns, Cleanup: 12303 ns, At safepoint: 3276 ns, Total: 34886 ns
[2024-01-16T12:11:45.613+0000][7][safepoint   ] Safepoint "Cleanup", Time since last: 6000755061 ns, Reaching safepoint: 25238 ns, Cleanup: 14708 ns, At safepoint: 2956 ns, Total: 42902 ns
[2024-01-16T12:11:46.614+0000][7][safepoint   ] Safepoint "Cleanup", Time since last: 1000363633 ns, Reaching safepoint: 18696 ns, Cleanup: 12964 ns, At safepoint: 2385 ns, Total: 34045 ns
[2024-01-16T12:11:47.614+0000][7][safepoint   ] Safepoint "Cleanup", Time since last: 1000357752 ns, Reaching safepoint: 16451 ns, Cleanup: 9318 ns, At safepoint: 3026 ns, Total: 28795 ns
[2024-01-16T12:11:48.974+0000][7][safepoint   ] Safepoint "Cleanup", Time since last: 1359828850 ns, Reaching safepoint: 9368 ns, Cleanup: 10109 ns, At safepoint: 12704 ns, Total: 32181 ns
[2024-01-16T12:11:50.974+0000][7][safepoint   ] Safepoint "Cleanup", Time since last: 2000561083 ns, Reaching safepoint: 18756 ns, Cleanup: 15810 ns, At safepoint: 3436 ns, Total: 38002 ns
[2024-01-16T12:11:56.611+0000][7][gc,start    ] GC(46) Pause Young (Concurrent Start) (G1 Evacuation Pause)
[2024-01-16T12:11:56.611+0000][7][gc,task     ] GC(46) Using 12 workers of 13 for evacuation
[2024-01-16T12:11:56.611+0000][7][gc,age      ] GC(46) Desired survivor size 20971520 bytes, new threshold 15 (max threshold 15)
[2024-01-16T12:11:56.617+0000][7][gc,phases   ] GC(46)   Pre Evacuate Collection Set: 0.2ms
[2024-01-16T12:11:56.618+0000][7][gc,phases   ] GC(46)   Merge Heap Roots: 0.1ms
[2024-01-16T12:11:56.618+0000][7][gc,phases   ] GC(46)   Evacuate Collection Set: 4.6ms
[2024-01-16T12:11:56.618+0000][7][gc,phases   ] GC(46)   Post Evacuate Collection Set: 0.7ms
[2024-01-16T12:11:56.618+0000][7][gc,phases   ] GC(46)   Other: 0.6ms
[2024-01-16T12:11:56.618+0000][7][gc,age      ] GC(46) Age table with threshold 15 (max threshold 15)
[2024-01-16T12:11:56.618+0000][7][gc,age      ] GC(46) - age   1:    1856592 bytes,    1856592 total
[2024-01-16T12:11:56.618+0000][7][gc,age      ] GC(46) - age   2:      77312 bytes,    1933904 total
[2024-01-16T12:11:56.618+0000][7][gc,age      ] GC(46) - age   3:     220688 bytes,    2154592 total
[2024-01-16T12:11:56.618+0000][7][gc,age      ] GC(46) - age   4:     102400 bytes,    2256992 total
[2024-01-16T12:11:56.618+0000][7][gc,age      ] GC(46) - age   5:      23976 bytes,    2280968 total
[2024-01-16T12:11:56.619+0000][7][gc,age      ] GC(46) - age   6:      44336 bytes,    2325304 total
[2024-01-16T12:11:56.619+0000][7][gc,age      ] GC(46) - age   7:      55440 bytes,    2380744 total
[2024-01-16T12:11:56.619+0000][7][gc,age      ] GC(46) - age   8:      57040 bytes,    2437784 total
[2024-01-16T12:11:56.619+0000][7][gc,age      ] GC(46) - age   9:     330408 bytes,    2768192 total
[2024-01-16T12:11:56.619+0000][7][gc,age      ] GC(46) - age  10:     264320 bytes,    3032512 total
[2024-01-16T12:11:56.619+0000][7][gc,age      ] GC(46) - age  11:      40776 bytes,    3073288 total
[2024-01-16T12:11:56.619+0000][7][gc,age      ] GC(46) - age  12:      99248 bytes,    3172536 total
[2024-01-16T12:11:56.619+0000][7][gc,age      ] GC(46) - age  13:      20368 bytes,    3192904 total
[2024-01-16T12:11:56.619+0000][7][gc,age      ] GC(46) - age  14:     105712 bytes,    3298616 total
[2024-01-16T12:11:56.619+0000][7][gc,age      ] GC(46) - age  15:    4242536 bytes,    7541152 total
[2024-01-16T12:11:56.619+0000][7][gc,heap     ] GC(46) Eden regions: 74->0(74)
[2024-01-16T12:11:56.620+0000][7][gc,heap     ] GC(46) Survivor regions: 2->2(10)
[2024-01-16T12:11:56.620+0000][7][gc,heap     ] GC(46) Old regions: 22->22
[2024-01-16T12:11:56.620+0000][7][gc,heap     ] GC(46) Humongous regions: 2->2
[2024-01-16T12:11:56.620+0000][7][gc,metaspace] GC(46) Metaspace: 119467K(124032K)->119467K(124032K) NonClass: 103696K(106240K)->103696K(106240K) Class: 15770K(17792K)->15770K(17792K)
[2024-01-16T12:11:56.620+0000][7][gc          ] GC(46) Pause Young (Concurrent Start) (G1 Evacuation Pause) 395M->100M(512M) 9.032ms
[2024-01-16T12:11:56.620+0000][7][gc          ] GC(47) Concurrent Mark Cycle
[2024-01-16T12:11:56.620+0000][7][gc,marking  ] GC(47) Concurrent Scan Root Regions
[2024-01-16T12:11:56.620+0000][7][gc,cpu      ] GC(46) User=0.03s Sys=0.00s Real=0.01s
[2024-01-16T12:11:56.620+0000][7][safepoint   ] Safepoint "G1CollectForAllocation", Time since last: 5636542530 ns, Reaching safepoint: 19638 ns, Cleanup: 8756 ns, At safepoint: 9531834 ns, Total: 9560228 ns
[2024-01-16T12:11:56.622+0000][7][gc,marking  ] GC(47) Concurrent Scan Root Regions 2.068ms
[2024-01-16T12:11:56.622+0000][7][gc,marking  ] GC(47) Concurrent Mark
[2024-01-16T12:11:56.623+0000][7][gc,marking  ] GC(47) Concurrent Mark From Roots
[2024-01-16T12:11:56.623+0000][7][gc,task     ] GC(47) Using 3 workers of 3 for marking
[2024-01-16T12:11:56.647+0000][7][gc,marking  ] GC(47) Concurrent Mark From Roots 24.477ms
[2024-01-16T12:11:56.647+0000][7][gc,marking  ] GC(47) Concurrent Preclean
[2024-01-16T12:11:56.648+0000][7][gc,marking  ] GC(47) Concurrent Preclean 0.545ms
[2024-01-16T12:11:56.648+0000][7][gc,start    ] GC(47) Pause Remark
[2024-01-16T12:11:56.653+0000][7][gc          ] GC(47) Pause Remark 104M->104M(512M) 5.227ms
[2024-01-16T12:11:56.653+0000][7][gc,cpu      ] GC(47) User=0.03s Sys=0.00s Real=0.01s
[2024-01-16T12:11:56.654+0000][7][safepoint   ] Safepoint "G1PauseRemark", Time since last: 27546655 ns, Reaching safepoint: 15670 ns, Cleanup: 2996 ns, At safepoint: 5702609 ns, Total: 5721275 ns
[2024-01-16T12:11:56.654+0000][7][gc,marking  ] GC(47) Concurrent Mark 31.453ms
[2024-01-16T12:11:56.654+0000][7][gc,marking  ] GC(47) Concurrent Rebuild Remembered Sets and Scrub Regions
[2024-01-16T12:11:56.663+0000][7][gc,marking  ] GC(47) Concurrent Rebuild Remembered Sets and Scrub Regions 8.931ms
[2024-01-16T12:11:56.663+0000][7][gc,start    ] GC(47) Pause Cleanup
[2024-01-16T12:11:56.663+0000][7][gc          ] GC(47) Pause Cleanup 104M->104M(512M) 0.238ms
[2024-01-16T12:11:56.664+0000][7][gc,cpu      ] GC(47) User=0.00s Sys=0.00s Real=0.00s
[2024-01-16T12:11:56.664+0000][7][safepoint   ] Safepoint "G1PauseCleanup", Time since last: 9488927 ns, Reaching safepoint: 12924 ns, Cleanup: 7956 ns, At safepoint: 508857 ns, Total: 529737 ns
[2024-01-16T12:11:56.664+0000][7][gc,marking  ] GC(47) Concurrent Clear Claimed Marks
[2024-01-16T12:11:56.664+0000][7][gc,marking  ] GC(47) Concurrent Clear Claimed Marks 0.276ms
[2024-01-16T12:11:56.664+0000][7][gc,marking  ] GC(47) Concurrent Cleanup for Next Mark
[2024-01-16T12:11:56.665+0000][7][gc,marking  ] GC(47) Concurrent Cleanup for Next Mark 0.494ms
[2024-01-16T12:11:56.665+0000][7][gc          ] GC(47) Concurrent Mark Cycle 44.775ms
[2024-01-16T12:11:57.664+0000][7][safepoint   ] Safepoint "Cleanup", Time since last: 1000202836 ns, Reaching safepoint: 19176 ns, Cleanup: 19548 ns, At safepoint: 2765 ns, Total: 41489 ns
[2024-01-16T12:11:58.664+0000][7][safepoint   ] Safepoint "Cleanup", Time since last: 1000333746 ns, Reaching safepoint: 16612 ns, Cleanup: 8997 ns, At safepoint: 2825 ns, Total: 28434 ns
[2024-01-16T12:12:06.665+0000][7][safepoint   ] Safepoint "Cleanup", Time since last: 8000939063 ns, Reaching safepoint: 20680 ns, Cleanup: 17493 ns, At safepoint: 3056 ns, Total: 41229 ns
[2024-01-16T12:12:08.666+0000][7][safepoint   ] Safepoint "Cleanup", Time since last: 2000436811 ns, Reaching safepoint: 16611 ns, Cleanup: 20109 ns, At safepoint: 2224 ns, Total: 38944 ns
[2024-01-16T12:12:15.667+0000][7][safepoint   ] Safepoint "Cleanup", Time since last: 7000732370 ns, Reaching safepoint: 17834 ns, Cleanup: 11622 ns, At safepoint: 2485 ns, Total: 31941 ns
[2024-01-16T12:12:18.667+0000][7][safepoint   ] Safepoint "Cleanup", Time since last: 3000610360 ns, Reaching safepoint: 16652 ns, Cleanup: 6142 ns, At safepoint: 2264 ns, Total: 25058 ns
[2024-01-16T12:12:35.669+0000][7][safepoint   ] Safepoint "Cleanup", Time since last: 17001697088 ns, Reaching safepoint: 17153 ns, Cleanup: 10590 ns, At safepoint: 2154 ns, Total: 29897 ns
[2024-01-16T12:12:48.673+0000][7][gc,start    ] GC(48) Pause Young (Prepare Mixed) (G1 Evacuation Pause)
[2024-01-16T12:12:48.674+0000][7][gc,task     ] GC(48) Using 12 workers of 13 for evacuation
[2024-01-16T12:12:48.674+0000][7][gc,age      ] GC(48) Desired survivor size 20971520 bytes, new threshold 15 (max threshold 15)
[2024-01-16T12:12:48.679+0000][7][gc,phases   ] GC(48)   Pre Evacuate Collection Set: 0.2ms
[2024-01-16T12:12:48.680+0000][7][gc,phases   ] GC(48)   Merge Heap Roots: 0.2ms
[2024-01-16T12:12:48.680+0000][7][gc,phases   ] GC(48)   Evacuate Collection Set: 4.2ms
[2024-01-16T12:12:48.680+0000][7][gc,phases   ] GC(48)   Post Evacuate Collection Set: 0.8ms
[2024-01-16T12:12:48.680+0000][7][gc,phases   ] GC(48)   Other: 0.4ms
[2024-01-16T12:12:48.680+0000][7][gc,age      ] GC(48) Age table with threshold 15 (max threshold 15)
[2024-01-16T12:12:48.680+0000][7][gc,age      ] GC(48) - age   1:     762352 bytes,     762352 total
[2024-01-16T12:12:48.680+0000][7][gc,age      ] GC(48) - age   2:      15136 bytes,     777488 total
[2024-01-16T12:12:48.681+0000][7][gc,age      ] GC(48) - age   3:      72576 bytes,     850064 total
[2024-01-16T12:12:48.681+0000][7][gc,age      ] GC(48) - age   4:     219840 bytes,    1069904 total
[2024-01-16T12:12:48.681+0000][7][gc,age      ] GC(48) - age   5:     102272 bytes,    1172176 total
[2024-01-16T12:12:48.681+0000][7][gc,age      ] GC(48) - age   6:      23976 bytes,    1196152 total
[2024-01-16T12:12:48.681+0000][7][gc,age      ] GC(48) - age   7:      44336 bytes,    1240488 total
[2024-01-16T12:12:48.681+0000][7][gc,age      ] GC(48) - age   8:      55440 bytes,    1295928 total
[2024-01-16T12:12:48.681+0000][7][gc,age      ] GC(48) - age   9:      57040 bytes,    1352968 total
[2024-01-16T12:12:48.681+0000][7][gc,age      ] GC(48) - age  10:     330408 bytes,    1683376 total
[2024-01-16T12:12:48.681+0000][7][gc,age      ] GC(48) - age  11:     264320 bytes,    1947696 total
[2024-01-16T12:12:48.682+0000][7][gc,age      ] GC(48) - age  12:      40776 bytes,    1988472 total
[2024-01-16T12:12:48.682+0000][7][gc,age      ] GC(48) - age  13:      98312 bytes,    2086784 total
[2024-01-16T12:12:48.682+0000][7][gc,age      ] GC(48) - age  14:      19648 bytes,    2106432 total
[2024-01-16T12:12:48.682+0000][7][gc,age      ] GC(48) - age  15:     105712 bytes,    2212144 total
[2024-01-16T12:12:48.682+0000][7][gc,heap     ] GC(48) Eden regions: 74->0(75)
[2024-01-16T12:12:48.682+0000][7][gc,heap     ] GC(48) Survivor regions: 2->1(10)
[2024-01-16T12:12:48.682+0000][7][gc,heap     ] GC(48) Old regions: 22->23
[2024-01-16T12:12:48.682+0000][7][gc,heap     ] GC(48) Humongous regions: 2->2
[2024-01-16T12:12:48.682+0000][7][gc,metaspace] GC(48) Metaspace: 119518K(124032K)->119518K(124032K) NonClass: 103746K(106240K)->103746K(106240K) Class: 15771K(17792K)->15771K(17792K)
[2024-01-16T12:12:48.682+0000][7][gc          ] GC(48) Pause Young (Prepare Mixed) (G1 Evacuation Pause) 396M->100M(512M) 8.917ms
[2024-01-16T12:12:48.682+0000][7][gc,cpu      ] GC(48) User=0.01s Sys=0.01s Real=0.01s
[2024-01-16T12:12:48.683+0000][7][safepoint   ] Safepoint "G1CollectForAllocation", Time since last: 13004507523 ns, Reaching safepoint: 16321 ns, Cleanup: 3026 ns, At safepoint: 9174621 ns, Total: 9193968 ns
[2024-01-16T12:12:50.996+0000][7][safepoint   ] Safepoint "Cleanup", Time since last: 2313640436 ns, Reaching safepoint: 18916 ns, Cleanup: 13326 ns, At safepoint: 3025 ns, Total: 35267 ns
[2024-01-16T12:12:51.997+0000][7][safepoint   ] Safepoint "Cleanup", Time since last: 1000375245 ns, Reaching safepoint: 28445 ns, Cleanup: 15409 ns, At safepoint: 3467 ns, Total: 47321 ns
[2024-01-16T12:12:56.998+0000][7][safepoint   ] Safepoint "Cleanup", Time since last: 5000861481 ns, Reaching safepoint: 38063 ns, Cleanup: 15229 ns, At safepoint: 3206 ns, Total: 56498 ns
[2024-01-16T12:12:57.998+0000][7][safepoint   ] Safepoint "Cleanup", Time since last: 1000344065 ns, Reaching safepoint: 16452 ns, Cleanup: 11291 ns, At safepoint: 2976 ns, Total: 30719 ns
[2024-01-16T12:12:59.999+0000][7][safepoint   ] Safepoint "Cleanup", Time since last: 2000482598 ns, Reaching safepoint: 16943 ns, Cleanup: 7815 ns, At safepoint: 2524 ns, Total: 27282 ns
[2024-01-16T12:13:01.999+0000][7][safepoint   ] Safepoint "Cleanup", Time since last: 2000322923 ns, Reaching safepoint: 19548 ns, Cleanup: 13776 ns, At safepoint: 2415 ns, Total: 35739 ns
[2024-01-16T12:13:04.999+0000][7][safepoint   ] Safepoint "Cleanup", Time since last: 3000521450 ns, Reaching safepoint: 19357 ns, Cleanup: 17474 ns, At safepoint: 2955 ns, Total: 39786 ns
[2024-01-16T12:13:09.000+0000][7][safepoint   ] Safepoint "Cleanup", Time since last: 4000635997 ns, Reaching safepoint: 17514 ns, Cleanup: 11231 ns, At safepoint: 3106 ns, Total: 31851 ns
[2024-01-16T12:13:10.001+0000][7][safepoint   ] Safepoint "Cleanup", Time since last: 1000396070 ns, Reaching safepoint: 19137 ns, Cleanup: 17523 ns, At safepoint: 2906 ns, Total: 39566 ns
[2024-01-16T12:13:12.001+0000][7][safepoint   ] Safepoint "Cleanup", Time since last: 2000484657 ns, Reaching safepoint: 19597 ns, Cleanup: 18205 ns, At safepoint: 3357 ns, Total: 41159 ns
[2024-01-16T12:13:15.002+0000][7][safepoint   ] Safepoint "Cleanup", Time since last: 3000627613 ns, Reaching safepoint: 18786 ns, Cleanup: 13666 ns, At safepoint: 2525 ns, Total: 34977 ns
[2024-01-16T12:13:18.002+0000][7][safepoint   ] Safepoint "Cleanup", Time since last: 3000542099 ns, Reaching safepoint: 18907 ns, Cleanup: 12754 ns, At safepoint: 2385 ns, Total: 34046 ns
[2024-01-16T12:13:19.003+0000][7][safepoint   ] Safepoint "Cleanup", Time since last: 1000356709 ns, Reaching safepoint: 19518 ns, Cleanup: 13535 ns, At safepoint: 2535 ns, Total: 35588 ns
[2024-01-16T12:13:21.003+0000][7][safepoint   ] Safepoint "Cleanup", Time since last: 2000530089 ns, Reaching safepoint: 19647 ns, Cleanup: 22874 ns, At safepoint: 3286 ns, Total: 45807 ns
[2024-01-16T12:13:24.004+0000][7][safepoint   ] Safepoint "Cleanup", Time since last: 3000622794 ns, Reaching safepoint: 21542 ns, Cleanup: 16221 ns, At safepoint: 2845 ns, Total: 40608 ns
[2024-01-16T12:13:25.004+0000][7][safepoint   ] Safepoint "Cleanup", Time since last: 1000356229 ns, Reaching safepoint: 19467 ns, Cleanup: 12534 ns, At safepoint: 3296 ns, Total: 35297 ns
[2024-01-16T12:13:33.005+0000][7][safepoint   ] Safepoint "Cleanup", Time since last: 8001019051 ns, Reaching safepoint: 33835 ns, Cleanup: 8636 ns, At safepoint: 3227 ns, Total: 45698 ns
[2024-01-16T12:13:35.006+0000][7][safepoint   ] Safepoint "Cleanup", Time since last: 2000344965 ns, Reaching safepoint: 18635 ns, Cleanup: 12644 ns, At safepoint: 2726 ns, Total: 34005 ns
[2024-01-16T12:13:36.006+0000][7][safepoint   ] Safepoint "Cleanup", Time since last: 1000396996 ns, Reaching safepoint: 18536 ns, Cleanup: 15740 ns, At safepoint: 3096 ns, Total: 37372 ns
[2024-01-16T12:13:39.007+0000][7][safepoint   ] Safepoint "Cleanup", Time since last: 3000510730 ns, Reaching safepoint: 19317 ns, Cleanup: 13535 ns, At safepoint: 3307 ns, Total: 36159 ns
[2024-01-16T12:13:49.259+0000][7][gc,start    ] GC(49) Pause Young (Mixed) (G1 Evacuation Pause)
[2024-01-16T12:13:49.259+0000][7][gc,task     ] GC(49) Using 12 workers of 13 for evacuation
[2024-01-16T12:13:49.260+0000][7][gc,age      ] GC(49) Desired survivor size 20971520 bytes, new threshold 15 (max threshold 15)
[2024-01-16T12:13:49.267+0000][7][gc,phases   ] GC(49)   Pre Evacuate Collection Set: 0.3ms
[2024-01-16T12:13:49.268+0000][7][gc,phases   ] GC(49)   Merge Heap Roots: 0.1ms
[2024-01-16T12:13:49.268+0000][7][gc,phases   ] GC(49)   Evacuate Collection Set: 6.5ms
[2024-01-16T12:13:49.268+0000][7][gc,phases   ] GC(49)   Post Evacuate Collection Set: 0.7ms
[2024-01-16T12:13:49.268+0000][7][gc,phases   ] GC(49)   Other: 0.4ms
[2024-01-16T12:13:49.268+0000][7][gc,age      ] GC(49) Age table with threshold 15 (max threshold 15)
[2024-01-16T12:13:49.268+0000][7][gc,age      ] GC(49) - age   1:    1416528 bytes,    1416528 total
[2024-01-16T12:13:49.268+0000][7][gc,age      ] GC(49) - age   2:      43528 bytes,    1460056 total
[2024-01-16T12:13:49.268+0000][7][gc,age      ] GC(49) - age   3:      11840 bytes,    1471896 total
[2024-01-16T12:13:49.268+0000][7][gc,age      ] GC(49) - age   4:      71392 bytes,    1543288 total
[2024-01-16T12:13:49.269+0000][7][gc,age      ] GC(49) - age   5:     219840 bytes,    1763128 total
[2024-01-16T12:13:49.269+0000][7][gc,age      ] GC(49) - age   6:     102272 bytes,    1865400 total
[2024-01-16T12:13:49.269+0000][7][gc,age      ] GC(49) - age   7:      23976 bytes,    1889376 total
[2024-01-16T12:13:49.269+0000][7][gc,age      ] GC(49) - age   8:      44336 bytes,    1933712 total
[2024-01-16T12:13:49.269+0000][7][gc,age      ] GC(49) - age   9:      55440 bytes,    1989152 total
[2024-01-16T12:13:49.269+0000][7][gc,age      ] GC(49) - age  10:      56264 bytes,    2045416 total
[2024-01-16T12:13:49.269+0000][7][gc,age      ] GC(49) - age  11:     330408 bytes,    2375824 total
[2024-01-16T12:13:49.269+0000][7][gc,age      ] GC(49) - age  12:     262144 bytes,    2637968 total
[2024-01-16T12:13:49.269+0000][7][gc,age      ] GC(49) - age  13:      40776 bytes,    2678744 total
[2024-01-16T12:13:49.270+0000][7][gc,age      ] GC(49) - age  14:      98312 bytes,    2777056 total
[2024-01-16T12:13:49.270+0000][7][gc,age      ] GC(49) - age  15:      19648 bytes,    2796704 total
[2024-01-16T12:13:49.270+0000][7][gc,heap     ] GC(49) Eden regions: 75->0(75)
[2024-01-16T12:13:49.270+0000][7][gc,heap     ] GC(49) Survivor regions: 1->1(10)
[2024-01-16T12:13:49.270+0000][7][gc,heap     ] GC(49) Old regions: 23->23
[2024-01-16T12:13:49.270+0000][7][gc,heap     ] GC(49) Humongous regions: 2->2
[2024-01-16T12:13:49.270+0000][7][gc,metaspace] GC(49) Metaspace: 119552K(124032K)->119552K(124032K) NonClass: 103780K(106240K)->103780K(106240K) Class: 15771K(17792K)->15771K(17792K)
[2024-01-16T12:13:49.270+0000][7][gc          ] GC(49) Pause Young (Mixed) (G1 Evacuation Pause) 400M->100M(512M) 11.222ms
[2024-01-16T12:13:49.270+0000][7][gc,cpu      ] GC(49) User=0.04s Sys=0.00s Real=0.02s
[2024-01-16T12:13:49.271+0000][7][safepoint   ] Safepoint "G1CollectForAllocation", Time since last: 10251830190 ns, Reaching safepoint: 19107 ns, Cleanup: 3917 ns, At safepoint: 11539506 ns, Total: 11562530 ns
[2024-01-16T12:13:51.271+0000][7][safepoint   ] Safepoint "Cleanup", Time since last: 2000275357 ns, Reaching safepoint: 18876 ns, Cleanup: 18596 ns, At safepoint: 2535 ns, Total: 40007 ns
[2024-01-16T12:14:00.272+0000][7][safepoint   ] Safepoint "Cleanup", Time since last: 9001077149 ns, Reaching safepoint: 39606 ns, Cleanup: 13466 ns, At safepoint: 3176 ns, Total: 56248 ns
[2024-01-16T12:14:02.273+0000][7][safepoint   ] Safepoint "Cleanup", Time since last: 2000489642 ns, Reaching safepoint: 21060 ns, Cleanup: 18365 ns, At safepoint: 7624 ns, Total: 47049 ns
[2024-01-16T12:14:03.273+0000][7][safepoint   ] Safepoint "Cleanup", Time since last: 1000415953 ns, Reaching safepoint: 20219 ns, Cleanup: 14388 ns, At safepoint: 3125 ns, Total: 37732 ns
[2024-01-16T12:14:06.274+0000][7][safepoint   ] Safepoint "Cleanup", Time since last: 3000574773 ns, Reaching safepoint: 19357 ns, Cleanup: 13175 ns, At safepoint: 11682 ns, Total: 44214 ns
[2024-01-16T12:14:09.274+0000][7][safepoint   ] Safepoint "Cleanup", Time since last: 3000623215 ns, Reaching safepoint: 19598 ns, Cleanup: 29847 ns, At safepoint: 3065 ns, Total: 52510 ns
[2024-01-16T12:14:12.275+0000][7][safepoint   ] Safepoint "Cleanup", Time since last: 3000567684 ns, Reaching safepoint: 16592 ns, Cleanup: 10440 ns, At safepoint: 2826 ns, Total: 29858 ns
[2024-01-16T12:14:14.275+0000][7][safepoint   ] Safepoint "Cleanup", Time since last: 2000366831 ns, Reaching safepoint: 20249 ns, Cleanup: 13696 ns, At safepoint: 2655 ns, Total: 36600 ns
[2024-01-16T12:14:15.276+0000][7][safepoint   ] Safepoint "Cleanup", Time since last: 1000392894 ns, Reaching safepoint: 18976 ns, Cleanup: 13125 ns, At safepoint: 3176 ns, Total: 35277 ns
[2024-01-16T12:14:25.277+0000][7][safepoint   ] Safepoint "Cleanup", Time since last: 10001219019 ns, Reaching safepoint: 18405 ns, Cleanup: 16782 ns, At safepoint: 3136 ns, Total: 38323 ns
[2024-01-16T12:14:42.278+0000][7][safepoint   ] Safepoint "Cleanup", Time since last: 17001788908 ns, Reaching safepoint: 30539 ns, Cleanup: 12774 ns, At safepoint: 3026 ns, Total: 46339 ns
[2024-01-16T12:14:45.279+0000][7][safepoint   ] Safepoint "Cleanup", Time since last: 3000640012 ns, Reaching safepoint: 17774 ns, Cleanup: 10891 ns, At safepoint: 2705 ns, Total: 31370 ns
[2024-01-16T12:14:47.716+0000][7][gc,start    ] GC(50) Pause Young (Concurrent Start) (G1 Evacuation Pause)
[2024-01-16T12:14:47.717+0000][7][gc,task     ] GC(50) Using 12 workers of 13 for evacuation
[2024-01-16T12:14:47.717+0000][7][gc,age      ] GC(50) Desired survivor size 20971520 bytes, new threshold 15 (max threshold 15)
[2024-01-16T12:14:47.721+0000][7][gc,phases   ] GC(50)   Pre Evacuate Collection Set: 0.2ms
[2024-01-16T12:14:47.721+0000][7][gc,phases   ] GC(50)   Merge Heap Roots: 0.1ms
[2024-01-16T12:14:47.721+0000][7][gc,phases   ] GC(50)   Evacuate Collection Set: 2.9ms
[2024-01-16T12:14:47.721+0000][7][gc,phases   ] GC(50)   Post Evacuate Collection Set: 0.6ms
[2024-01-16T12:14:47.721+0000][7][gc,phases   ] GC(50)   Other: 0.3ms
[2024-01-16T12:14:47.721+0000][7][gc,age      ] GC(50) Age table with threshold 15 (max threshold 15)
[2024-01-16T12:14:47.721+0000][7][gc,age      ] GC(50) - age   1:     824536 bytes,     824536 total
[2024-01-16T12:14:47.722+0000][7][gc,age      ] GC(50) - age   2:      41000 bytes,     865536 total
[2024-01-16T12:14:47.722+0000][7][gc,age      ] GC(50) - age   3:      35928 bytes,     901464 total
[2024-01-16T12:14:47.722+0000][7][gc,age      ] GC(50) - age   4:      10040 bytes,     911504 total
[2024-01-16T12:14:47.722+0000][7][gc,age      ] GC(50) - age   5:      69112 bytes,     980616 total
[2024-01-16T12:14:47.722+0000][7][gc,age      ] GC(50) - age   6:     219840 bytes,    1200456 total
[2024-01-16T12:14:47.722+0000][7][gc,age      ] GC(50) - age   7:     102272 bytes,    1302728 total
[2024-01-16T12:14:47.722+0000][7][gc,age      ] GC(50) - age   8:      23976 bytes,    1326704 total
[2024-01-16T12:14:47.722+0000][7][gc,age      ] GC(50) - age   9:      44336 bytes,    1371040 total
[2024-01-16T12:14:47.722+0000][7][gc,age      ] GC(50) - age  10:      55440 bytes,    1426480 total
[2024-01-16T12:14:47.722+0000][7][gc,age      ] GC(50) - age  11:      56104 bytes,    1482584 total
[2024-01-16T12:14:47.722+0000][7][gc,age      ] GC(50) - age  12:     330216 bytes,    1812800 total
[2024-01-16T12:14:47.723+0000][7][gc,age      ] GC(50) - age  13:     261368 bytes,    2074168 total
[2024-01-16T12:14:47.723+0000][7][gc,age      ] GC(50) - age  14:      40776 bytes,    2114944 total
[2024-01-16T12:14:47.723+0000][7][gc,age      ] GC(50) - age  15:      98152 bytes,    2213096 total
[2024-01-16T12:14:47.723+0000][7][gc,heap     ] GC(50) Eden regions: 75->0(75)
[2024-01-16T12:14:47.723+0000][7][gc,heap     ] GC(50) Survivor regions: 1->1(10)
[2024-01-16T12:14:47.723+0000][7][gc,heap     ] GC(50) Old regions: 23->23
[2024-01-16T12:14:47.723+0000][7][gc,heap     ] GC(50) Humongous regions: 2->2
[2024-01-16T12:14:47.723+0000][7][gc,metaspace] GC(50) Metaspace: 119582K(124096K)->119582K(124096K) NonClass: 103810K(106304K)->103810K(106304K) Class: 15771K(17792K)->15771K(17792K)
[2024-01-16T12:14:47.723+0000][7][gc          ] GC(50) Pause Young (Concurrent Start) (G1 Evacuation Pause) 400M->100M(512M) 6.946ms
[2024-01-16T12:14:47.723+0000][7][gc          ] GC(51) Concurrent Mark Cycle
[2024-01-16T12:14:47.723+0000][7][gc,marking  ] GC(51) Concurrent Scan Root Regions
[2024-01-16T12:14:47.723+0000][7][gc,cpu      ] GC(50) User=0.02s Sys=0.00s Real=0.01s
[2024-01-16T12:14:47.724+0000][7][safepoint   ] Safepoint "G1CollectForAllocation", Time since last: 2437253271 ns, Reaching safepoint: 14708 ns, Cleanup: 3126 ns, At safepoint: 7439294 ns, Total: 7457128 ns
[2024-01-16T12:14:47.725+0000][7][gc,marking  ] GC(51) Concurrent Scan Root Regions 1.284ms
[2024-01-16T12:14:47.725+0000][7][gc,marking  ] GC(51) Concurrent Mark
[2024-01-16T12:14:47.725+0000][7][gc,marking  ] GC(51) Concurrent Mark From Roots
[2024-01-16T12:14:47.725+0000][7][gc,task     ] GC(51) Using 3 workers of 3 for marking
[2024-01-16T12:14:47.750+0000][7][gc,marking  ] GC(51) Concurrent Mark From Roots 24.472ms
[2024-01-16T12:14:47.750+0000][7][gc,marking  ] GC(51) Concurrent Preclean
[2024-01-16T12:14:47.750+0000][7][gc,marking  ] GC(51) Concurrent Preclean 0.265ms
[2024-01-16T12:14:47.751+0000][7][gc,start    ] GC(51) Pause Remark
[2024-01-16T12:14:47.767+0000][7][gc          ] GC(51) Pause Remark 101M->101M(512M) 16.101ms
[2024-01-16T12:14:47.767+0000][7][gc,cpu      ] GC(51) User=0.09s Sys=0.01s Real=0.01s
[2024-01-16T12:14:47.767+0000][7][safepoint   ] Safepoint "G1PauseRemark", Time since last: 26753509 ns, Reaching safepoint: 16722 ns, Cleanup: 3146 ns, At safepoint: 16852526 ns, Total: 16872394 ns
[2024-01-16T12:14:47.768+0000][7][gc,marking  ] GC(51) Concurrent Mark 42.319ms
[2024-01-16T12:14:47.768+0000][7][gc,marking  ] GC(51) Concurrent Rebuild Remembered Sets and Scrub Regions
[2024-01-16T12:14:47.777+0000][7][gc,marking  ] GC(51) Concurrent Rebuild Remembered Sets and Scrub Regions 8.960ms
[2024-01-16T12:14:47.777+0000][7][gc,start    ] GC(51) Pause Cleanup
[2024-01-16T12:14:47.777+0000][7][gc          ] GC(51) Pause Cleanup 102M->102M(512M) 0.269ms
[2024-01-16T12:14:47.778+0000][7][gc,cpu      ] GC(51) User=0.00s Sys=0.00s Real=0.00s
[2024-01-16T12:14:47.778+0000][7][safepoint   ] Safepoint "G1PauseCleanup", Time since last: 9664076 ns, Reaching safepoint: 15880 ns, Cleanup: 13836 ns, At safepoint: 605603 ns, Total: 635319 ns
[2024-01-16T12:14:47.778+0000][7][gc,marking  ] GC(51) Concurrent Clear Claimed Marks
[2024-01-16T12:14:47.778+0000][7][gc,marking  ] GC(51) Concurrent Clear Claimed Marks 0.245ms
[2024-01-16T12:14:47.778+0000][7][gc,marking  ] GC(51) Concurrent Cleanup for Next Mark
[2024-01-16T12:14:47.779+0000][7][gc,marking  ] GC(51) Concurrent Cleanup for Next Mark 0.591ms
[2024-01-16T12:14:47.779+0000][7][gc          ] GC(51) Concurrent Mark Cycle 55.514ms
[2024-01-16T12:14:54.040+0000][7][safepoint   ] Safepoint "Cleanup", Time since last: 6262372524 ns, Reaching safepoint: 19237 ns, Cleanup: 12393 ns, At safepoint: 2605 ns, Total: 34235 ns
[2024-01-16T12:14:57.041+0000][7][safepoint   ] Safepoint "Cleanup", Time since last: 3000621151 ns, Reaching safepoint: 19938 ns, Cleanup: 26491 ns, At safepoint: 5060 ns, Total: 51489 ns
[2024-01-16T12:15:03.042+0000][7][safepoint   ] Safepoint "Cleanup", Time since last: 6000889818 ns, Reaching safepoint: 18245 ns, Cleanup: 9428 ns, At safepoint: 2715 ns, Total: 30388 ns
[2024-01-16T12:15:09.042+0000][7][safepoint   ] Safepoint "Cleanup", Time since last: 6000779036 ns, Reaching safepoint: 17203 ns, Cleanup: 16071 ns, At safepoint: 3236 ns, Total: 36510 ns
[2024-01-16T12:15:15.043+0000][7][safepoint   ] Safepoint "Cleanup", Time since last: 6000605485 ns, Reaching safepoint: 27352 ns, Cleanup: 12804 ns, At safepoint: 3547 ns, Total: 43703 ns
[2024-01-16T12:15:21.044+0000][7][safepoint   ] Safepoint "Cleanup", Time since last: 6000774748 ns, Reaching safepoint: 20139 ns, Cleanup: 12754 ns, At safepoint: 2905 ns, Total: 35798 ns
[2024-01-16T12:15:29.045+0000][7][safepoint   ] Safepoint "Cleanup", Time since last: 8001148083 ns, Reaching safepoint: 56588 ns, Cleanup: 24036 ns, At safepoint: 5260 ns, Total: 85884 ns
[2024-01-16T12:15:34.046+0000][7][safepoint   ] Safepoint "Cleanup", Time since last: 5000902214 ns, Reaching safepoint: 19638 ns, Cleanup: 14607 ns, At safepoint: 2776 ns, Total: 37021 ns
[2024-01-16T12:15:35.047+0000][7][safepoint   ] Safepoint "Cleanup", Time since last: 1000405488 ns, Reaching safepoint: 19737 ns, Cleanup: 11903 ns, At safepoint: 3046 ns, Total: 34686 ns
[2024-01-16T12:15:36.047+0000][7][safepoint   ] Safepoint "Cleanup", Time since last: 1000356750 ns, Reaching safepoint: 19046 ns, Cleanup: 12925 ns, At safepoint: 3316 ns, Total: 35287 ns
[2024-01-16T12:15:42.048+0000][7][safepoint   ] Safepoint "Cleanup", Time since last: 6000761102 ns, Reaching safepoint: 27182 ns, Cleanup: 14849 ns, At safepoint: 3276 ns, Total: 45307 ns
[2024-01-16T12:15:43.048+0000][7][safepoint   ] Safepoint "Cleanup", Time since last: 1000369724 ns, Reaching safepoint: 19237 ns, Cleanup: 13246 ns, At safepoint: 3176 ns, Total: 35659 ns
[2024-01-16T12:15:47.774+0000][7][gc,start    ] GC(52) Pause Young (Normal) (G1 Evacuation Pause)
[2024-01-16T12:15:47.774+0000][7][gc,task     ] GC(52) Using 12 workers of 13 for evacuation
[2024-01-16T12:15:47.774+0000][7][gc,age      ] GC(52) Desired survivor size 20971520 bytes, new threshold 15 (max threshold 15)
[2024-01-16T12:15:47.778+0000][7][gc,phases   ] GC(52)   Pre Evacuate Collection Set: 0.2ms
[2024-01-16T12:15:47.779+0000][7][gc,phases   ] GC(52)   Merge Heap Roots: 0.2ms
[2024-01-16T12:15:47.779+0000][7][gc,phases   ] GC(52)   Evacuate Collection Set: 2.9ms
[2024-01-16T12:15:47.779+0000][7][gc,phases   ] GC(52)   Post Evacuate Collection Set: 0.6ms
[2024-01-16T12:15:47.779+0000][7][gc,phases   ] GC(52)   Other: 0.3ms
[2024-01-16T12:15:47.779+0000][7][gc,age      ] GC(52) Age table with threshold 15 (max threshold 15)
[2024-01-16T12:15:47.779+0000][7][gc,age      ] GC(52) - age   1:    1349848 bytes,    1349848 total
[2024-01-16T12:15:47.779+0000][7][gc,age      ] GC(52) - age   2:      32544 bytes,    1382392 total
[2024-01-16T12:15:47.779+0000][7][gc,age      ] GC(52) - age   3:      37192 bytes,    1419584 total
[2024-01-16T12:15:47.779+0000][7][gc,age      ] GC(52) - age   4:      34456 bytes,    1454040 total
[2024-01-16T12:15:47.780+0000][7][gc,age      ] GC(52) - age   5:       9488 bytes,    1463528 total
[2024-01-16T12:15:47.780+0000][7][gc,age      ] GC(52) - age   6:      67728 bytes,    1531256 total
[2024-01-16T12:15:47.780+0000][7][gc,age      ] GC(52) - age   7:     219648 bytes,    1750904 total
[2024-01-16T12:15:47.780+0000][7][gc,age      ] GC(52) - age   8:     102272 bytes,    1853176 total
[2024-01-16T12:15:47.780+0000][7][gc,age      ] GC(52) - age   9:      23976 bytes,    1877152 total
[2024-01-16T12:15:47.780+0000][7][gc,age      ] GC(52) - age  10:      44336 bytes,    1921488 total
[2024-01-16T12:15:47.780+0000][7][gc,age      ] GC(52) - age  11:      55440 bytes,    1976928 total
[2024-01-16T12:15:47.780+0000][7][gc,age      ] GC(52) - age  12:      56104 bytes,    2033032 total
[2024-01-16T12:15:47.780+0000][7][gc,age      ] GC(52) - age  13:     330216 bytes,    2363248 total
[2024-01-16T12:15:47.781+0000][7][gc,age      ] GC(52) - age  14:     261368 bytes,    2624616 total
[2024-01-16T12:15:47.781+0000][7][gc,age      ] GC(52) - age  15:      40776 bytes,    2665392 total
[2024-01-16T12:15:47.781+0000][7][gc,heap     ] GC(52) Eden regions: 75->0(75)
[2024-01-16T12:15:47.781+0000][7][gc,heap     ] GC(52) Survivor regions: 1->1(10)
[2024-01-16T12:15:47.781+0000][7][gc,heap     ] GC(52) Old regions: 23->23
[2024-01-16T12:15:47.781+0000][7][gc,heap     ] GC(52) Humongous regions: 2->2
[2024-01-16T12:15:47.781+0000][7][gc,metaspace] GC(52) Metaspace: 119585K(124096K)->119585K(124096K) NonClass: 103815K(106304K)->103815K(106304K) Class: 15769K(17792K)->15769K(17792K)
[2024-01-16T12:15:47.781+0000][7][gc          ] GC(52) Pause Young (Normal) (G1 Evacuation Pause) 400M->100M(512M) 7.582ms
[2024-01-16T12:15:47.782+0000][7][gc,cpu      ] GC(52) User=0.02s Sys=0.00s Real=0.01s
[2024-01-16T12:15:47.782+0000][7][safepoint   ] Safepoint "G1CollectForAllocation", Time since last: 4725720900 ns, Reaching safepoint: 15579 ns, Cleanup: 3136 ns, At safepoint: 7932747 ns, Total: 7951462 ns
[2024-01-16T12:15:51.061+0000][7][safepoint   ] Safepoint "Cleanup", Time since last: 3279061649 ns, Reaching safepoint: 24176 ns, Cleanup: 16662 ns, At safepoint: 2945 ns, Total: 43783 ns
[2024-01-16T12:15:54.061+0000][7][safepoint   ] Safepoint "Cleanup", Time since last: 3000588033 ns, Reaching safepoint: 19858 ns, Cleanup: 12834 ns, At safepoint: 2956 ns, Total: 35648 ns
[2024-01-16T12:15:57.062+0000][7][safepoint   ] Safepoint "Cleanup", Time since last: 3000637642 ns, Reaching safepoint: 19838 ns, Cleanup: 12494 ns, At safepoint: 2796 ns, Total: 35128 ns
[2024-01-16T12:16:02.063+0000][7][safepoint   ] Safepoint "Cleanup", Time since last: 5001161559 ns, Reaching safepoint: 19077 ns, Cleanup: 21431 ns, At safepoint: 2725 ns, Total: 43233 ns
[2024-01-16T12:16:03.064+0000][7][safepoint   ] Safepoint "Cleanup", Time since last: 1000368973 ns, Reaching safepoint: 19517 ns, Cleanup: 13015 ns, At safepoint: 2675 ns, Total: 35207 ns
[2024-01-16T12:16:06.064+0000][7][safepoint   ] Safepoint "Cleanup", Time since last: 3000566953 ns, Reaching safepoint: 23936 ns, Cleanup: 18986 ns, At safepoint: 3577 ns, Total: 46499 ns
[2024-01-16T12:16:09.065+0000][7][safepoint   ] Safepoint "Cleanup", Time since last: 3000606557 ns, Reaching safepoint: 17213 ns, Cleanup: 16552 ns, At safepoint: 2585 ns, Total: 36350 ns
[2024-01-16T12:16:18.066+0000][7][safepoint   ] Safepoint "Cleanup", Time since last: 9001060703 ns, Reaching safepoint: 20910 ns, Cleanup: 14057 ns, At safepoint: 3246 ns, Total: 38213 ns
[2024-01-16T12:16:21.067+0000][7][safepoint   ] Safepoint "Cleanup", Time since last: 3000502033 ns, Reaching safepoint: 18385 ns, Cleanup: 12163 ns, At safepoint: 3026 ns, Total: 33574 ns
[2024-01-16T12:16:22.067+0000][7][safepoint   ] Safepoint "Cleanup", Time since last: 1000372841 ns, Reaching safepoint: 19407 ns, Cleanup: 23354 ns, At safepoint: 3146 ns, Total: 45907 ns
[2024-01-16T12:16:24.068+0000][7][safepoint   ] Safepoint "Cleanup", Time since last: 2000459204 ns, Reaching safepoint: 20359 ns, Cleanup: 14167 ns, At safepoint: 3577 ns, Total: 38103 ns
[2024-01-16T12:16:36.069+0000][7][safepoint   ] Safepoint "Cleanup", Time since last: 12001407515 ns, Reaching safepoint: 47220 ns, Cleanup: 20549 ns, At safepoint: 3617 ns, Total: 71386 ns
[2024-01-16T12:16:37.069+0000][7][safepoint   ] Safepoint "Cleanup", Time since last: 1000364655 ns, Reaching safepoint: 17684 ns, Cleanup: 11622 ns, At safepoint: 2124 ns, Total: 31430 ns
[2024-01-16T12:16:39.070+0000][7][safepoint   ] Safepoint "Cleanup", Time since last: 2000495012 ns, Reaching safepoint: 30869 ns, Cleanup: 15630 ns, At safepoint: 2925 ns, Total: 49424 ns
[2024-01-16T12:16:44.645+0000][7][gc,start    ] GC(53) Pause Young (Concurrent Start) (G1 Evacuation Pause)
[2024-01-16T12:16:44.645+0000][7][gc,task     ] GC(53) Using 12 workers of 13 for evacuation
[2024-01-16T12:16:44.646+0000][7][gc,age      ] GC(53) Desired survivor size 20971520 bytes, new threshold 15 (max threshold 15)
[2024-01-16T12:16:44.650+0000][7][gc,phases   ] GC(53)   Pre Evacuate Collection Set: 0.2ms
[2024-01-16T12:16:44.650+0000][7][gc,phases   ] GC(53)   Merge Heap Roots: 0.1ms
[2024-01-16T12:16:44.650+0000][7][gc,phases   ] GC(53)   Evacuate Collection Set: 3.0ms
[2024-01-16T12:16:44.650+0000][7][gc,phases   ] GC(53)   Post Evacuate Collection Set: 0.6ms
[2024-01-16T12:16:44.650+0000][7][gc,phases   ] GC(53)   Other: 0.4ms
[2024-01-16T12:16:44.650+0000][7][gc,age      ] GC(53) Age table with threshold 15 (max threshold 15)
[2024-01-16T12:16:44.650+0000][7][gc,age      ] GC(53) - age   1:    1159664 bytes,    1159664 total
[2024-01-16T12:16:44.650+0000][7][gc,age      ] GC(53) - age   2:      76304 bytes,    1235968 total
[2024-01-16T12:16:44.650+0000][7][gc,age      ] GC(53) - age   3:      25728 bytes,    1261696 total
[2024-01-16T12:16:44.651+0000][7][gc,age      ] GC(53) - age   4:      36360 bytes,    1298056 total
[2024-01-16T12:16:44.651+0000][7][gc,age      ] GC(53) - age   5:      34328 bytes,    1332384 total
[2024-01-16T12:16:44.651+0000][7][gc,age      ] GC(53) - age   6:       9424 bytes,    1341808 total
[2024-01-16T12:16:44.651+0000][7][gc,age      ] GC(53) - age   7:      67728 bytes,    1409536 total
[2024-01-16T12:16:44.651+0000][7][gc,age      ] GC(53) - age   8:     219568 bytes,    1629104 total
[2024-01-16T12:16:44.651+0000][7][gc,age      ] GC(53) - age   9:      99760 bytes,    1728864 total
[2024-01-16T12:16:44.651+0000][7][gc,age      ] GC(53) - age  10:      23976 bytes,    1752840 total
[2024-01-16T12:16:44.651+0000][7][gc,age      ] GC(53) - age  11:      44336 bytes,    1797176 total
[2024-01-16T12:16:44.651+0000][7][gc,age      ] GC(53) - age  12:      55440 bytes,    1852616 total
[2024-01-16T12:16:44.651+0000][7][gc,age      ] GC(53) - age  13:      56104 bytes,    1908720 total
[2024-01-16T12:16:44.651+0000][7][gc,age      ] GC(53) - age  14:     330216 bytes,    2238936 total
[2024-01-16T12:16:44.652+0000][7][gc,age      ] GC(53) - age  15:     261368 bytes,    2500304 total
[2024-01-16T12:16:44.652+0000][7][gc,heap     ] GC(53) Eden regions: 75->0(75)
[2024-01-16T12:16:44.652+0000][7][gc,heap     ] GC(53) Survivor regions: 1->1(10)
[2024-01-16T12:16:44.652+0000][7][gc,heap     ] GC(53) Old regions: 23->23
[2024-01-16T12:16:44.652+0000][7][gc,heap     ] GC(53) Humongous regions: 2->2
[2024-01-16T12:16:44.652+0000][7][gc,metaspace] GC(53) Metaspace: 119618K(124096K)->119618K(124096K) NonClass: 103849K(106304K)->103849K(106304K) Class: 15769K(17792K)->15769K(17792K)
[2024-01-16T12:16:44.652+0000][7][gc          ] GC(53) Pause Young (Concurrent Start) (G1 Evacuation Pause) 400M->100M(512M) 6.997ms
[2024-01-16T12:16:44.652+0000][7][gc          ] GC(54) Concurrent Mark Cycle
[2024-01-16T12:16:44.653+0000][7][gc,marking  ] GC(54) Concurrent Scan Root Regions
[2024-01-16T12:16:44.652+0000][7][gc,cpu      ] GC(53) User=0.02s Sys=0.00s Real=0.01s
[2024-01-16T12:16:44.654+0000][7][gc,marking  ] GC(54) Concurrent Scan Root Regions 1.292ms
[2024-01-16T12:16:44.654+0000][7][gc,marking  ] GC(54) Concurrent Mark
[2024-01-16T12:16:44.654+0000][7][gc,marking  ] GC(54) Concurrent Mark From Roots
[2024-01-16T12:16:44.654+0000][7][gc,task     ] GC(54) Using 3 workers of 3 for marking
[2024-01-16T12:16:44.654+0000][7][safepoint   ] Safepoint "G1CollectForAllocation", Time since last: 5575017466 ns, Reaching safepoint: 30829 ns, Cleanup: 5080 ns, At safepoint: 8786123 ns, Total: 8822032 ns
[2024-01-16T12:16:44.679+0000][7][gc,marking  ] GC(54) Concurrent Mark From Roots 24.866ms
[2024-01-16T12:16:44.679+0000][7][gc,marking  ] GC(54) Concurrent Preclean
[2024-01-16T12:16:44.679+0000][7][gc,marking  ] GC(54) Concurrent Preclean 0.255ms
[2024-01-16T12:16:44.680+0000][7][gc,start    ] GC(54) Pause Remark
[2024-01-16T12:16:44.685+0000][7][gc          ] GC(54) Pause Remark 102M->102M(512M) 5.177ms
[2024-01-16T12:16:44.685+0000][7][gc,cpu      ] GC(54) User=0.03s Sys=0.00s Real=0.00s
[2024-01-16T12:16:44.685+0000][7][safepoint   ] Safepoint "G1PauseRemark", Time since last: 25648963 ns, Reaching safepoint: 15640 ns, Cleanup: 2595 ns, At safepoint: 5627771 ns, Total: 5646006 ns
[2024-01-16T12:16:44.685+0000][7][gc,marking  ] GC(54) Concurrent Mark 31.382ms
[2024-01-16T12:16:44.686+0000][7][gc,marking  ] GC(54) Concurrent Rebuild Remembered Sets and Scrub Regions
[2024-01-16T12:16:44.695+0000][7][gc,marking  ] GC(54) Concurrent Rebuild Remembered Sets and Scrub Regions 9.225ms
[2024-01-16T12:16:44.695+0000][7][gc,start    ] GC(54) Pause Cleanup
[2024-01-16T12:16:44.695+0000][7][gc          ] GC(54) Pause Cleanup 102M->102M(512M) 0.280ms
[2024-01-16T12:16:44.695+0000][7][gc,cpu      ] GC(54) User=0.00s Sys=0.00s Real=0.00s
[2024-01-16T12:16:44.695+0000][7][safepoint   ] Safepoint "G1PauseCleanup", Time since last: 9726115 ns, Reaching safepoint: 15510 ns, Cleanup: 10710 ns, At safepoint: 557090 ns, Total: 583310 ns
[2024-01-16T12:16:44.696+0000][7][gc,marking  ] GC(54) Concurrent Clear Claimed Marks
[2024-01-16T12:16:44.696+0000][7][gc,marking  ] GC(54) Concurrent Clear Claimed Marks 0.287ms
[2024-01-16T12:16:44.696+0000][7][gc,marking  ] GC(54) Concurrent Cleanup for Next Mark
[2024-01-16T12:16:44.697+0000][7][gc,marking  ] GC(54) Concurrent Cleanup for Next Mark 0.498ms
[2024-01-16T12:16:44.697+0000][7][gc          ] GC(54) Concurrent Mark Cycle 44.235ms
[2024-01-16T12:16:52.081+0000][7][safepoint   ] Safepoint "Cleanup", Time since last: 7385589920 ns, Reaching safepoint: 20189 ns, Cleanup: 12664 ns, At safepoint: 3376 ns, Total: 36229 ns
[2024-01-16T12:16:55.082+0000][7][safepoint   ] Safepoint "Cleanup", Time since last: 3000534385 ns, Reaching safepoint: 20079 ns, Cleanup: 13195 ns, At safepoint: 2905 ns, Total: 36179 ns
[2024-01-16T12:16:57.082+0000][7][safepoint   ] Safepoint "Cleanup", Time since last: 2000556610 ns, Reaching safepoint: 20309 ns, Cleanup: 21842 ns, At safepoint: 2895 ns, Total: 45046 ns
[2024-01-16T12:16:58.083+0000][7][safepoint   ] Safepoint "Cleanup", Time since last: 1000558435 ns, Reaching safepoint: 19077 ns, Cleanup: 12854 ns, At safepoint: 2966 ns, Total: 34897 ns
[2024-01-16T12:17:01.083+0000][7][safepoint   ] Safepoint "Cleanup", Time since last: 3000529556 ns, Reaching safepoint: 18295 ns, Cleanup: 12203 ns, At safepoint: 3046 ns, Total: 33544 ns
[2024-01-16T12:17:02.084+0000][7][safepoint   ] Safepoint "Cleanup", Time since last: 1000355808 ns, Reaching safepoint: 19287 ns, Cleanup: 12754 ns, At safepoint: 2746 ns, Total: 34787 ns
[2024-01-16T12:17:06.084+0000][7][safepoint   ] Safepoint "Cleanup", Time since last: 4000617642 ns, Reaching safepoint: 18876 ns, Cleanup: 13115 ns, At safepoint: 3186 ns, Total: 35177 ns
[2024-01-16T12:17:09.085+0000][7][safepoint   ] Safepoint "Cleanup", Time since last: 3000599219 ns, Reaching safepoint: 20188 ns, Cleanup: 18806 ns, At safepoint: 3197 ns, Total: 42191 ns
[2024-01-16T12:17:12.086+0000][7][safepoint   ] Safepoint "Cleanup", Time since last: 3000610710 ns, Reaching safepoint: 16412 ns, Cleanup: 8636 ns, At safepoint: 2966 ns, Total: 28014 ns
[2024-01-16T12:17:13.086+0000][7][safepoint   ] Safepoint "Cleanup", Time since last: 1000210741 ns, Reaching safepoint: 16501 ns, Cleanup: 8837 ns, At safepoint: 2184 ns, Total: 27522 ns
[2024-01-16T12:17:15.086+0000][7][safepoint   ] Safepoint "Cleanup", Time since last: 2000330673 ns, Reaching safepoint: 19898 ns, Cleanup: 13356 ns, At safepoint: 3186 ns, Total: 36440 ns
[2024-01-16T12:17:21.087+0000][7][safepoint   ] Safepoint "Cleanup", Time since last: 6000854475 ns, Reaching safepoint: 21371 ns, Cleanup: 26551 ns, At safepoint: 2815 ns, Total: 50737 ns
[2024-01-16T12:17:22.088+0000][7][safepoint   ] Safepoint "Cleanup", Time since last: 1000419340 ns, Reaching safepoint: 18495 ns, Cleanup: 18215 ns, At safepoint: 2955 ns, Total: 39665 ns
[2024-01-16T12:17:24.088+0000][7][safepoint   ] Safepoint "Cleanup", Time since last: 2000457380 ns, Reaching safepoint: 19979 ns, Cleanup: 12944 ns, At safepoint: 2856 ns, Total: 35779 ns
[2024-01-16T12:17:44.703+0000][7][gc,start    ] GC(55) Pause Young (Normal) (G1 Evacuation Pause)
[2024-01-16T12:17:44.703+0000][7][gc,task     ] GC(55) Using 12 workers of 13 for evacuation
[2024-01-16T12:17:44.703+0000][7][gc,age      ] GC(55) Desired survivor size 20971520 bytes, new threshold 15 (max threshold 15)
[2024-01-16T12:17:44.707+0000][7][gc,phases   ] GC(55)   Pre Evacuate Collection Set: 0.2ms
[2024-01-16T12:17:44.707+0000][7][gc,phases   ] GC(55)   Merge Heap Roots: 0.1ms
[2024-01-16T12:17:44.707+0000][7][gc,phases   ] GC(55)   Evacuate Collection Set: 2.3ms
[2024-01-16T12:17:44.707+0000][7][gc,phases   ] GC(55)   Post Evacuate Collection Set: 0.6ms
[2024-01-16T12:17:44.707+0000][7][gc,phases   ] GC(55)   Other: 0.3ms
[2024-01-16T12:17:44.707+0000][7][gc,age      ] GC(55) Age table with threshold 15 (max threshold 15)
[2024-01-16T12:17:44.707+0000][7][gc,age      ] GC(55) - age   1:    1329720 bytes,    1329720 total
[2024-01-16T12:17:44.707+0000][7][gc,age      ] GC(55) - age   2:      17480 bytes,    1347200 total
[2024-01-16T12:17:44.707+0000][7][gc,age      ] GC(55) - age   3:      71680 bytes,    1418880 total
[2024-01-16T12:17:44.707+0000][7][gc,age      ] GC(55) - age   4:      21416 bytes,    1440296 total
[2024-01-16T12:17:44.708+0000][7][gc,age      ] GC(55) - age   5:      36232 bytes,    1476528 total
[2024-01-16T12:17:44.708+0000][7][gc,age      ] GC(55) - age   6:      34328 bytes,    1510856 total
[2024-01-16T12:17:44.708+0000][7][gc,age      ] GC(55) - age   7:       9424 bytes,    1520280 total
[2024-01-16T12:17:44.708+0000][7][gc,age      ] GC(55) - age   8:      67640 bytes,    1587920 total
[2024-01-16T12:17:44.708+0000][7][gc,age      ] GC(55) - age   9:     219568 bytes,    1807488 total
[2024-01-16T12:17:44.708+0000][7][gc,age      ] GC(55) - age  10:      99760 bytes,    1907248 total
[2024-01-16T12:17:44.708+0000][7][gc,age      ] GC(55) - age  11:      23976 bytes,    1931224 total
[2024-01-16T12:17:44.708+0000][7][gc,age      ] GC(55) - age  12:      44336 bytes,    1975560 total
[2024-01-16T12:17:44.708+0000][7][gc,age      ] GC(55) - age  13:      55440 bytes,    2031000 total
[2024-01-16T12:17:44.708+0000][7][gc,age      ] GC(55) - age  14:      56104 bytes,    2087104 total
[2024-01-16T12:17:44.709+0000][7][gc,age      ] GC(55) - age  15:     330216 bytes,    2417320 total
[2024-01-16T12:17:44.709+0000][7][gc,heap     ] GC(55) Eden regions: 75->0(75)
[2024-01-16T12:17:44.709+0000][7][gc,heap     ] GC(55) Survivor regions: 1->1(10)
[2024-01-16T12:17:44.709+0000][7][gc,heap     ] GC(55) Old regions: 23->23
[2024-01-16T12:17:44.709+0000][7][gc,heap     ] GC(55) Humongous regions: 2->2
[2024-01-16T12:17:44.709+0000][7][gc,metaspace] GC(55) Metaspace: 119627K(124096K)->119627K(124096K) NonClass: 103856K(106304K)->103856K(106304K) Class: 15770K(17792K)->15770K(17792K)
[2024-01-16T12:17:44.709+0000][7][gc          ] GC(55) Pause Young (Normal) (G1 Evacuation Pause) 400M->100M(512M) 6.314ms
[2024-01-16T12:17:44.709+0000][7][gc,cpu      ] GC(55) User=0.01s Sys=0.00s Real=0.00s
[2024-01-16T12:17:44.709+0000][7][safepoint   ] Safepoint "G1CollectForAllocation", Time since last: 20614518042 ns, Reaching safepoint: 15029 ns, Cleanup: 2725 ns, At safepoint: 6569070 ns, Total: 6586824 ns
[2024-01-16T12:18:00.103+0000][7][safepoint   ] Safepoint "Cleanup", Time since last: 15393567632 ns, Reaching safepoint: 43012 ns, Cleanup: 22874 ns, At safepoint: 3025 ns, Total: 68911 ns
[2024-01-16T12:18:02.103+0000][7][safepoint   ] Safepoint "Cleanup", Time since last: 2000444606 ns, Reaching safepoint: 21892 ns, Cleanup: 13455 ns, At safepoint: 2886 ns, Total: 38233 ns
[2024-01-16T12:18:03.104+0000][7][safepoint   ] Safepoint "Cleanup", Time since last: 1000362260 ns, Reaching safepoint: 17734 ns, Cleanup: 11282 ns, At safepoint: 2324 ns, Total: 31340 ns
[2024-01-16T12:18:07.104+0000][7][safepoint   ] Safepoint "Cleanup", Time since last: 4000618624 ns, Reaching safepoint: 19548 ns, Cleanup: 13646 ns, At safepoint: 3045 ns, Total: 36239 ns
[2024-01-16T12:18:09.105+0000][7][safepoint   ] Safepoint "Cleanup", Time since last: 2000472965 ns, Reaching safepoint: 18506 ns, Cleanup: 21651 ns, At safepoint: 3296 ns, Total: 43453 ns
[2024-01-16T12:18:22.107+0000][7][safepoint   ] Safepoint "Cleanup", Time since last: 13001668035 ns, Reaching safepoint: 19067 ns, Cleanup: 14648 ns, At safepoint: 2925 ns, Total: 36640 ns
[2024-01-16T12:18:24.107+0000][7][safepoint   ] Safepoint "Cleanup", Time since last: 2000512145 ns, Reaching safepoint: 18175 ns, Cleanup: 15339 ns, At safepoint: 3417 ns, Total: 36931 ns
[2024-01-16T12:18:27.108+0000][7][safepoint   ] Safepoint "Cleanup", Time since last: 3000582677 ns, Reaching safepoint: 18616 ns, Cleanup: 14477 ns, At safepoint: 2956 ns, Total: 36049 ns
[2024-01-16T12:18:33.109+0000][7][safepoint   ] Safepoint "Cleanup", Time since last: 6000825315 ns, Reaching safepoint: 35598 ns, Cleanup: 20639 ns, At safepoint: 3377 ns, Total: 59614 ns
[2024-01-16T12:18:36.109+0000][7][safepoint   ] Safepoint "Cleanup", Time since last: 3000507243 ns, Reaching safepoint: 20189 ns, Cleanup: 13255 ns, At safepoint: 3006 ns, Total: 36450 ns
[2024-01-16T12:18:44.643+0000][7][gc,start    ] GC(56) Pause Young (Concurrent Start) (G1 Evacuation Pause)
[2024-01-16T12:18:44.643+0000][7][gc,task     ] GC(56) Using 12 workers of 13 for evacuation
[2024-01-16T12:18:44.643+0000][7][gc,age      ] GC(56) Desired survivor size 20971520 bytes, new threshold 15 (max threshold 15)
[2024-01-16T12:18:44.647+0000][7][gc,phases   ] GC(56)   Pre Evacuate Collection Set: 0.2ms
[2024-01-16T12:18:44.648+0000][7][gc,phases   ] GC(56)   Merge Heap Roots: 0.1ms
[2024-01-16T12:18:44.648+0000][7][gc,phases   ] GC(56)   Evacuate Collection Set: 3.0ms
[2024-01-16T12:18:44.648+0000][7][gc,phases   ] GC(56)   Post Evacuate Collection Set: 0.6ms
[2024-01-16T12:18:44.648+0000][7][gc,phases   ] GC(56)   Other: 0.3ms
[2024-01-16T12:18:44.648+0000][7][gc,age      ] GC(56) Age table with threshold 15 (max threshold 15)
[2024-01-16T12:18:44.648+0000][7][gc,age      ] GC(56) - age   1:    1012616 bytes,    1012616 total
[2024-01-16T12:18:44.648+0000][7][gc,age      ] GC(56) - age   2:      53752 bytes,    1066368 total
[2024-01-16T12:18:44.648+0000][7][gc,age      ] GC(56) - age   3:      14752 bytes,    1081120 total
[2024-01-16T12:18:44.648+0000][7][gc,age      ] GC(56) - age   4:      67936 bytes,    1149056 total
[2024-01-16T12:18:44.649+0000][7][gc,age      ] GC(56) - age   5:      19784 bytes,    1168840 total
[2024-01-16T12:18:44.649+0000][7][gc,age      ] GC(56) - age   6:      36232 bytes,    1205072 total
[2024-01-16T12:18:44.649+0000][7][gc,age      ] GC(56) - age   7:      34328 bytes,    1239400 total
[2024-01-16T12:18:44.649+0000][7][gc,age      ] GC(56) - age   8:       9424 bytes,    1248824 total
[2024-01-16T12:18:44.649+0000][7][gc,age      ] GC(56) - age   9:      67640 bytes,    1316464 total
[2024-01-16T12:18:44.649+0000][7][gc,age      ] GC(56) - age  10:     219568 bytes,    1536032 total
[2024-01-16T12:18:44.649+0000][7][gc,age      ] GC(56) - age  11:      99760 bytes,    1635792 total
[2024-01-16T12:18:44.649+0000][7][gc,age      ] GC(56) - age  12:      23976 bytes,    1659768 total
[2024-01-16T12:18:44.649+0000][7][gc,age      ] GC(56) - age  13:      44336 bytes,    1704104 total
[2024-01-16T12:18:44.649+0000][7][gc,age      ] GC(56) - age  14:      55440 bytes,    1759544 total
[2024-01-16T12:18:44.649+0000][7][gc,age      ] GC(56) - age  15:      56104 bytes,    1815648 total
[2024-01-16T12:18:44.649+0000][7][gc,heap     ] GC(56) Eden regions: 75->0(75)
[2024-01-16T12:18:44.650+0000][7][gc,heap     ] GC(56) Survivor regions: 1->1(10)
[2024-01-16T12:18:44.650+0000][7][gc,heap     ] GC(56) Old regions: 23->23
[2024-01-16T12:18:44.650+0000][7][gc,heap     ] GC(56) Humongous regions: 2->2
[2024-01-16T12:18:44.650+0000][7][gc,metaspace] GC(56) Metaspace: 119638K(124096K)->119638K(124096K) NonClass: 103866K(106304K)->103866K(106304K) Class: 15771K(17792K)->15771K(17792K)
[2024-01-16T12:18:44.650+0000][7][gc          ] GC(56) Pause Young (Concurrent Start) (G1 Evacuation Pause) 400M->100M(512M) 6.887ms
[2024-01-16T12:18:44.650+0000][7][gc          ] GC(57) Concurrent Mark Cycle
[2024-01-16T12:18:44.650+0000][7][gc,marking  ] GC(57) Concurrent Scan Root Regions
[2024-01-16T12:18:44.650+0000][7][gc,cpu      ] GC(56) User=0.01s Sys=0.00s Real=0.01s
[2024-01-16T12:18:44.651+0000][7][safepoint   ] Safepoint "G1CollectForAllocation", Time since last: 8533870689 ns, Reaching safepoint: 23636 ns, Cleanup: 3166 ns, At safepoint: 7438106 ns, Total: 7464908 ns
[2024-01-16T12:18:44.652+0000][7][gc,marking  ] GC(57) Concurrent Scan Root Regions 1.240ms
[2024-01-16T12:18:44.652+0000][7][gc,marking  ] GC(57) Concurrent Mark
[2024-01-16T12:18:44.652+0000][7][gc,marking  ] GC(57) Concurrent Mark From Roots
[2024-01-16T12:18:44.652+0000][7][gc,task     ] GC(57) Using 3 workers of 3 for marking
[2024-01-16T12:18:44.679+0000][7][gc,marking  ] GC(57) Concurrent Mark From Roots 27.518ms
[2024-01-16T12:18:44.680+0000][7][gc,marking  ] GC(57) Concurrent Preclean
[2024-01-16T12:18:44.680+0000][7][gc,marking  ] GC(57) Concurrent Preclean 0.259ms
[2024-01-16T12:18:44.680+0000][7][gc,start    ] GC(57) Pause Remark
[2024-01-16T12:18:44.690+0000][7][gc          ] GC(57) Pause Remark 102M->102M(512M) 9.550ms
[2024-01-16T12:18:44.690+0000][7][gc,cpu      ] GC(57) User=0.03s Sys=0.00s Real=0.01s
[2024-01-16T12:18:44.690+0000][7][safepoint   ] Safepoint "G1PauseRemark", Time since last: 29377876 ns, Reaching safepoint: 15670 ns, Cleanup: 5791 ns, At safepoint: 9989663 ns, Total: 10011124 ns
[2024-01-16T12:18:44.690+0000][7][gc,marking  ] GC(57) Concurrent Mark 38.435ms
[2024-01-16T12:18:44.690+0000][7][gc,marking  ] GC(57) Concurrent Rebuild Remembered Sets and Scrub Regions
[2024-01-16T12:18:44.699+0000][7][gc,marking  ] GC(57) Concurrent Rebuild Remembered Sets and Scrub Regions 8.625ms
[2024-01-16T12:18:44.699+0000][7][gc,start    ] GC(57) Pause Cleanup
[2024-01-16T12:18:44.699+0000][7][gc          ] GC(57) Pause Cleanup 102M->102M(512M) 0.256ms
[2024-01-16T12:18:44.700+0000][7][gc,cpu      ] GC(57) User=0.00s Sys=0.00s Real=0.00s
[2024-01-16T12:18:44.700+0000][7][safepoint   ] Safepoint "G1PauseCleanup", Time since last: 9167031 ns, Reaching safepoint: 50276 ns, Cleanup: 14508 ns, At safepoint: 546660 ns, Total: 611444 ns
[2024-01-16T12:18:44.700+0000][7][gc,marking  ] GC(57) Concurrent Clear Claimed Marks
[2024-01-16T12:18:44.700+0000][7][gc,marking  ] GC(57) Concurrent Clear Claimed Marks 0.299ms
[2024-01-16T12:18:44.700+0000][7][gc,marking  ] GC(57) Concurrent Cleanup for Next Mark
[2024-01-16T12:18:44.701+0000][7][gc,marking  ] GC(57) Concurrent Cleanup for Next Mark 0.644ms
[2024-01-16T12:18:44.701+0000][7][gc          ] GC(57) Concurrent Mark Cycle 50.908ms
[2024-01-16T12:19:06.125+0000][7][safepoint   ] Safepoint "Cleanup", Time since last: 21424766840 ns, Reaching safepoint: 18235 ns, Cleanup: 11342 ns, At safepoint: 3256 ns, Total: 32833 ns
[2024-01-16T12:19:09.125+0000][7][safepoint   ] Safepoint "Cleanup", Time since last: 3000478222 ns, Reaching safepoint: 18857 ns, Cleanup: 17784 ns, At safepoint: 2755 ns, Total: 39396 ns
[2024-01-16T12:19:13.126+0000][7][safepoint   ] Safepoint "Cleanup", Time since last: 4000627451 ns, Reaching safepoint: 18615 ns, Cleanup: 14318 ns, At safepoint: 3326 ns, Total: 36259 ns
[2024-01-16T12:19:21.127+0000][7][safepoint   ] Safepoint "Cleanup", Time since last: 8000867501 ns, Reaching safepoint: 17653 ns, Cleanup: 11723 ns, At safepoint: 3076 ns, Total: 32452 ns
[2024-01-16T12:19:24.127+0000][7][safepoint   ] Safepoint "Cleanup", Time since last: 3000531930 ns, Reaching safepoint: 19527 ns, Cleanup: 8907 ns, At safepoint: 10290 ns, Total: 38724 ns
[2024-01-16T12:19:27.128+0000][7][safepoint   ] Safepoint "Cleanup", Time since last: 3000524091 ns, Reaching safepoint: 19697 ns, Cleanup: 16722 ns, At safepoint: 3316 ns, Total: 39735 ns
[2024-01-16T12:19:30.128+0000][7][safepoint   ] Safepoint "Cleanup", Time since last: 3000572744 ns, Reaching safepoint: 40347 ns, Cleanup: 12103 ns, At safepoint: 4098 ns, Total: 56548 ns
[2024-01-16T12:19:36.129+0000][7][safepoint   ] Safepoint "Cleanup", Time since last: 6000712960 ns, Reaching safepoint: 19216 ns, Cleanup: 13877 ns, At safepoint: 3206 ns, Total: 36299 ns
[2024-01-16T12:19:44.673+0000][7][gc,start    ] GC(58) Pause Young (Normal) (G1 Evacuation Pause)
[2024-01-16T12:19:44.674+0000][7][gc,task     ] GC(58) Using 12 workers of 13 for evacuation
[2024-01-16T12:19:44.674+0000][7][gc,age      ] GC(58) Desired survivor size 20971520 bytes, new threshold 15 (max threshold 15)
[2024-01-16T12:19:44.677+0000][7][gc,phases   ] GC(58)   Pre Evacuate Collection Set: 0.2ms
[2024-01-16T12:19:44.678+0000][7][gc,phases   ] GC(58)   Merge Heap Roots: 0.1ms
[2024-01-16T12:19:44.678+0000][7][gc,phases   ] GC(58)   Evacuate Collection Set: 2.7ms
[2024-01-16T12:19:44.678+0000][7][gc,phases   ] GC(58)   Post Evacuate Collection Set: 0.5ms
[2024-01-16T12:19:44.678+0000][7][gc,phases   ] GC(58)   Other: 0.3ms
[2024-01-16T12:19:44.678+0000][7][gc,age      ] GC(58) Age table with threshold 15 (max threshold 15)
[2024-01-16T12:19:44.678+0000][7][gc,age      ] GC(58) - age   1:    1494712 bytes,    1494712 total
[2024-01-16T12:19:44.678+0000][7][gc,age      ] GC(58) - age   2:      16168 bytes,    1510880 total
[2024-01-16T12:19:44.678+0000][7][gc,age      ] GC(58) - age   3:      48088 bytes,    1558968 total
[2024-01-16T12:19:44.678+0000][7][gc,age      ] GC(58) - age   4:       7856 bytes,    1566824 total
[2024-01-16T12:19:44.678+0000][7][gc,age      ] GC(58) - age   5:      66528 bytes,    1633352 total
[2024-01-16T12:19:44.678+0000][7][gc,age      ] GC(58) - age   6:      19784 bytes,    1653136 total
[2024-01-16T12:19:44.679+0000][7][gc,age      ] GC(58) - age   7:      36232 bytes,    1689368 total
[2024-01-16T12:19:44.679+0000][7][gc,age      ] GC(58) - age   8:      34328 bytes,    1723696 total
[2024-01-16T12:19:44.679+0000][7][gc,age      ] GC(58) - age   9:       9424 bytes,    1733120 total
[2024-01-16T12:19:44.679+0000][7][gc,age      ] GC(58) - age  10:      67640 bytes,    1800760 total
[2024-01-16T12:19:44.679+0000][7][gc,age      ] GC(58) - age  11:     219568 bytes,    2020328 total
[2024-01-16T12:19:44.679+0000][7][gc,age      ] GC(58) - age  12:      99760 bytes,    2120088 total
[2024-01-16T12:19:44.679+0000][7][gc,age      ] GC(58) - age  13:      23200 bytes,    2143288 total
[2024-01-16T12:19:44.679+0000][7][gc,age      ] GC(58) - age  14:      44336 bytes,    2187624 total
[2024-01-16T12:19:44.679+0000][7][gc,age      ] GC(58) - age  15:      55280 bytes,    2242904 total
[2024-01-16T12:19:44.679+0000][7][gc,heap     ] GC(58) Eden regions: 75->0(75)
[2024-01-16T12:19:44.680+0000][7][gc,heap     ] GC(58) Survivor regions: 1->1(10)
[2024-01-16T12:19:44.680+0000][7][gc,heap     ] GC(58) Old regions: 23->23
[2024-01-16T12:19:44.680+0000][7][gc,heap     ] GC(58) Humongous regions: 2->2
[2024-01-16T12:19:44.680+0000][7][gc,metaspace] GC(58) Metaspace: 119652K(124096K)->119652K(124096K) NonClass: 103880K(106304K)->103880K(106304K) Class: 15771K(17792K)->15771K(17792K)
[2024-01-16T12:19:44.680+0000][7][gc          ] GC(58) Pause Young (Normal) (G1 Evacuation Pause) 400M->101M(512M) 6.575ms
[2024-01-16T12:19:44.680+0000][7][gc,cpu      ] GC(58) User=0.01s Sys=0.00s Real=0.01s
[2024-01-16T12:19:44.680+0000][7][safepoint   ] Safepoint "G1CollectForAllocation", Time since last: 8544272000 ns, Reaching safepoint: 16492 ns, Cleanup: 2946 ns, At safepoint: 6852997 ns, Total: 6872435 ns
[2024-01-16T12:19:51.143+0000][7][safepoint   ] Safepoint "Cleanup", Time since last: 6462858507 ns, Reaching safepoint: 18676 ns, Cleanup: 12734 ns, At safepoint: 2765 ns, Total: 34175 ns
[2024-01-16T12:19:57.144+0000][7][safepoint   ] Safepoint "Cleanup", Time since last: 6000862131 ns, Reaching safepoint: 20690 ns, Cleanup: 10189 ns, At safepoint: 3006 ns, Total: 33885 ns
[2024-01-16T12:20:00.145+0000][7][safepoint   ] Safepoint "Cleanup", Time since last: 3000549935 ns, Reaching safepoint: 17844 ns, Cleanup: 10360 ns, At safepoint: 2805 ns, Total: 31009 ns
[2024-01-16T12:20:03.145+0000][7][safepoint   ] Safepoint "Cleanup", Time since last: 3000474936 ns, Reaching safepoint: 25709 ns, Cleanup: 25469 ns, At safepoint: 3306 ns, Total: 54484 ns
[2024-01-16T12:20:04.146+0000][7][safepoint   ] Safepoint "Cleanup", Time since last: 1000505173 ns, Reaching safepoint: 18696 ns, Cleanup: 11061 ns, At safepoint: 2625 ns, Total: 32382 ns
[2024-01-16T12:20:09.147+0000][7][safepoint   ] Safepoint "Cleanup", Time since last: 5000817923 ns, Reaching safepoint: 19327 ns, Cleanup: 21842 ns, At safepoint: 10590 ns, Total: 51759 ns
[2024-01-16T12:20:27.148+0000][7][safepoint   ] Safepoint "Cleanup", Time since last: 18001798930 ns, Reaching safepoint: 17534 ns, Cleanup: 11392 ns, At safepoint: 2514 ns, Total: 31440 ns
[2024-01-16T12:20:30.149+0000][7][safepoint   ] Safepoint "Cleanup", Time since last: 3000483207 ns, Reaching safepoint: 35298 ns, Cleanup: 18395 ns, At safepoint: 5030 ns, Total: 58723 ns
[2024-01-16T12:20:31.149+0000][7][safepoint   ] Safepoint "Cleanup", Time since last: 1000265154 ns, Reaching safepoint: 18756 ns, Cleanup: 13536 ns, At safepoint: 3046 ns, Total: 35338 ns
[2024-01-16T12:20:33.150+0000][7][safepoint   ] Safepoint "Cleanup", Time since last: 2000438273 ns, Reaching safepoint: 20690 ns, Cleanup: 16782 ns, At safepoint: 2935 ns, Total: 40407 ns
[2024-01-16T12:20:36.150+0000][7][safepoint   ] Safepoint "Cleanup", Time since last: 3000611684 ns, Reaching safepoint: 19276 ns, Cleanup: 12975 ns, At safepoint: 2916 ns, Total: 35167 ns
[2024-01-16T12:20:38.646+0000][7][gc,start    ] GC(59) Pause Young (Concurrent Start) (G1 Evacuation Pause)
[2024-01-16T12:20:38.646+0000][7][gc,task     ] GC(59) Using 12 workers of 13 for evacuation
[2024-01-16T12:20:38.646+0000][7][gc,age      ] GC(59) Desired survivor size 20971520 bytes, new threshold 15 (max threshold 15)
[2024-01-16T12:20:38.649+0000][7][gc,phases   ] GC(59)   Pre Evacuate Collection Set: 0.2ms
[2024-01-16T12:20:38.650+0000][7][gc,phases   ] GC(59)   Merge Heap Roots: 0.1ms
[2024-01-16T12:20:38.650+0000][7][gc,phases   ] GC(59)   Evacuate Collection Set: 2.5ms
[2024-01-16T12:20:38.650+0000][7][gc,phases   ] GC(59)   Post Evacuate Collection Set: 0.5ms
[2024-01-16T12:20:38.650+0000][7][gc,phases   ] GC(59)   Other: 0.4ms
[2024-01-16T12:20:38.650+0000][7][gc,age      ] GC(59) Age table with threshold 15 (max threshold 15)
[2024-01-16T12:20:38.650+0000][7][gc,age      ] GC(59) - age   1:    1040608 bytes,    1040608 total
[2024-01-16T12:20:38.650+0000][7][gc,age      ] GC(59) - age   2:      24512 bytes,    1065120 total
[2024-01-16T12:20:38.650+0000][7][gc,age      ] GC(59) - age   3:      12952 bytes,    1078072 total
[2024-01-16T12:20:38.650+0000][7][gc,age      ] GC(59) - age   4:      46000 bytes,    1124072 total
[2024-01-16T12:20:38.651+0000][7][gc,age      ] GC(59) - age   5:       6416 bytes,    1130488 total
[2024-01-16T12:20:38.651+0000][7][gc,age      ] GC(59) - age   6:      64976 bytes,    1195464 total
[2024-01-16T12:20:38.651+0000][7][gc,age      ] GC(59) - age   7:      16976 bytes,    1212440 total
[2024-01-16T12:20:38.651+0000][7][gc,age      ] GC(59) - age   8:      10312 bytes,    1222752 total
[2024-01-16T12:20:38.651+0000][7][gc,age      ] GC(59) - age   9:      31672 bytes,    1254424 total
[2024-01-16T12:20:38.651+0000][7][gc,age      ] GC(59) - age  10:       7984 bytes,    1262408 total
[2024-01-16T12:20:38.651+0000][7][gc,age      ] GC(59) - age  11:      66200 bytes,    1328608 total
[2024-01-16T12:20:38.651+0000][7][gc,age      ] GC(59) - age  12:     217464 bytes,    1546072 total
[2024-01-16T12:20:38.651+0000][7][gc,age      ] GC(59) - age  13:      99760 bytes,    1645832 total
[2024-01-16T12:20:38.652+0000][7][gc,age      ] GC(59) - age  14:      23200 bytes,    1669032 total
[2024-01-16T12:20:38.652+0000][7][gc,age      ] GC(59) - age  15:      44336 bytes,    1713368 total
[2024-01-16T12:20:38.652+0000][7][gc,heap     ] GC(59) Eden regions: 75->0(75)
[2024-01-16T12:20:38.652+0000][7][gc,heap     ] GC(59) Survivor regions: 1->1(10)
[2024-01-16T12:20:38.652+0000][7][gc,heap     ] GC(59) Old regions: 23->23
[2024-01-16T12:20:38.652+0000][7][gc,heap     ] GC(59) Humongous regions: 2->2
[2024-01-16T12:20:38.652+0000][7][gc,metaspace] GC(59) Metaspace: 119662K(124160K)->119662K(124160K) NonClass: 103889K(106368K)->103889K(106368K) Class: 15772K(17792K)->15772K(17792K)
[2024-01-16T12:20:38.652+0000][7][gc          ] GC(59) Pause Young (Concurrent Start) (G1 Evacuation Pause) 401M->100M(512M) 6.695ms
[2024-01-16T12:20:38.652+0000][7][gc          ] GC(60) Concurrent Mark Cycle
[2024-01-16T12:20:38.652+0000][7][gc,marking  ] GC(60) Concurrent Scan Root Regions
[2024-01-16T12:20:38.652+0000][7][gc,cpu      ] GC(59) User=0.01s Sys=0.00s Real=0.01s
[2024-01-16T12:20:38.653+0000][7][safepoint   ] Safepoint "G1CollectForAllocation", Time since last: 2495100099 ns, Reaching safepoint: 16392 ns, Cleanup: 3436 ns, At safepoint: 7187342 ns, Total: 7207170 ns
[2024-01-16T12:20:38.654+0000][7][gc,marking  ] GC(60) Concurrent Scan Root Regions 1.086ms
[2024-01-16T12:20:38.654+0000][7][gc,marking  ] GC(60) Concurrent Mark
[2024-01-16T12:20:38.654+0000][7][gc,marking  ] GC(60) Concurrent Mark From Roots
[2024-01-16T12:20:38.654+0000][7][gc,task     ] GC(60) Using 3 workers of 3 for marking
[2024-01-16T12:20:38.680+0000][7][gc,marking  ] GC(60) Concurrent Mark From Roots 26.645ms
[2024-01-16T12:20:38.681+0000][7][gc,marking  ] GC(60) Concurrent Preclean
[2024-01-16T12:20:38.681+0000][7][gc,marking  ] GC(60) Concurrent Preclean 0.241ms
[2024-01-16T12:20:38.681+0000][7][gc,start    ] GC(60) Pause Remark
[2024-01-16T12:20:38.685+0000][7][gc          ] GC(60) Pause Remark 102M->102M(512M) 4.006ms
[2024-01-16T12:20:38.685+0000][7][gc,cpu      ] GC(60) User=0.03s Sys=0.00s Real=0.00s
[2024-01-16T12:20:38.685+0000][7][safepoint   ] Safepoint "G1PauseRemark", Time since last: 28276666 ns, Reaching safepoint: 15640 ns, Cleanup: 3026 ns, At safepoint: 4427332 ns, Total: 4445998 ns
[2024-01-16T12:20:38.686+0000][7][gc,marking  ] GC(60) Concurrent Mark 31.864ms
[2024-01-16T12:20:38.686+0000][7][gc,marking  ] GC(60) Concurrent Rebuild Remembered Sets and Scrub Regions
[2024-01-16T12:20:38.695+0000][7][gc,marking  ] GC(60) Concurrent Rebuild Remembered Sets and Scrub Regions 8.994ms
[2024-01-16T12:20:38.695+0000][7][gc,start    ] GC(60) Pause Cleanup
[2024-01-16T12:20:38.695+0000][7][gc          ] GC(60) Pause Cleanup 102M->102M(512M) 0.235ms
[2024-01-16T12:20:38.695+0000][7][gc,cpu      ] GC(60) User=0.00s Sys=0.00s Real=0.00s
[2024-01-16T12:20:38.695+0000][7][safepoint   ] Safepoint "G1PauseCleanup", Time since last: 9460833 ns, Reaching safepoint: 12654 ns, Cleanup: 4859 ns, At safepoint: 564669 ns, Total: 582182 ns
[2024-01-16T12:20:38.696+0000][7][gc,marking  ] GC(60) Concurrent Clear Claimed Marks
[2024-01-16T12:20:38.696+0000][7][gc,marking  ] GC(60) Concurrent Clear Claimed Marks 0.297ms
[2024-01-16T12:20:38.696+0000][7][gc,marking  ] GC(60) Concurrent Cleanup for Next Mark
[2024-01-16T12:20:38.696+0000][7][gc,marking  ] GC(60) Concurrent Cleanup for Next Mark 0.505ms
[2024-01-16T12:20:38.697+0000][7][gc          ] GC(60) Concurrent Mark Cycle 44.284ms
[2024-01-16T12:20:42.696+0000][7][safepoint   ] Safepoint "Cleanup", Time since last: 4000423606 ns, Reaching safepoint: 18586 ns, Cleanup: 12754 ns, At safepoint: 2565 ns, Total: 33905 ns
[2024-01-16T12:20:45.696+0000][7][safepoint   ] Safepoint "Cleanup", Time since last: 3000560415 ns, Reaching safepoint: 17163 ns, Cleanup: 12624 ns, At safepoint: 2815 ns, Total: 32602 ns
[2024-01-16T12:21:00.163+0000][7][safepoint   ] Safepoint "Cleanup", Time since last: 14467419292 ns, Reaching safepoint: 19257 ns, Cleanup: 12093 ns, At safepoint: 2806 ns, Total: 34156 ns
[2024-01-16T12:21:01.164+0000][7][safepoint   ] Safepoint "Cleanup", Time since last: 1000356208 ns, Reaching safepoint: 17925 ns, Cleanup: 11061 ns, At safepoint: 2445 ns, Total: 31431 ns
[2024-01-16T12:21:09.165+0000][7][safepoint   ] Safepoint "Cleanup", Time since last: 8000912617 ns, Reaching safepoint: 18706 ns, Cleanup: 18956 ns, At safepoint: 3266 ns, Total: 40928 ns
[2024-01-16T12:21:21.166+0000][7][safepoint   ] Safepoint "Cleanup", Time since last: 12001221469 ns, Reaching safepoint: 22403 ns, Cleanup: 13516 ns, At safepoint: 3066 ns, Total: 38985 ns
[2024-01-16T12:21:25.167+0000][7][safepoint   ] Safepoint "Cleanup", Time since last: 4000771050 ns, Reaching safepoint: 19597 ns, Cleanup: 12063 ns, At safepoint: 3287 ns, Total: 34947 ns
[2024-01-16T12:21:27.168+0000][7][safepoint   ] Safepoint "Cleanup", Time since last: 2000477678 ns, Reaching safepoint: 27032 ns, Cleanup: 19427 ns, At safepoint: 2936 ns, Total: 49395 ns
[2024-01-16T12:21:33.169+0000][7][safepoint   ] Safepoint "Cleanup", Time since last: 6000804400 ns, Reaching safepoint: 33394 ns, Cleanup: 6803 ns, At safepoint: 12914 ns, Total: 53111 ns
[2024-01-16T12:21:36.169+0000][7][safepoint   ] Safepoint "Cleanup", Time since last: 3000368027 ns, Reaching safepoint: 17804 ns, Cleanup: 23706 ns, At safepoint: 2665 ns, Total: 44175 ns
[2024-01-16T12:21:39.301+0000][7][gc,start    ] GC(61) Pause Young (Normal) (G1 Evacuation Pause)
[2024-01-16T12:21:39.301+0000][7][gc,task     ] GC(61) Using 12 workers of 13 for evacuation
[2024-01-16T12:21:39.301+0000][7][gc,age      ] GC(61) Desired survivor size 20971520 bytes, new threshold 15 (max threshold 15)
[2024-01-16T12:21:39.305+0000][7][gc,phases   ] GC(61)   Pre Evacuate Collection Set: 0.2ms
[2024-01-16T12:21:39.305+0000][7][gc,phases   ] GC(61)   Merge Heap Roots: 0.1ms
[2024-01-16T12:21:39.305+0000][7][gc,phases   ] GC(61)   Evacuate Collection Set: 2.3ms
[2024-01-16T12:21:39.305+0000][7][gc,phases   ] GC(61)   Post Evacuate Collection Set: 0.6ms
[2024-01-16T12:21:39.305+0000][7][gc,phases   ] GC(61)   Other: 0.3ms
[2024-01-16T12:21:39.305+0000][7][gc,age      ] GC(61) Age table with threshold 15 (max threshold 15)
[2024-01-16T12:21:39.305+0000][7][gc,age      ] GC(61) - age   1:    1250800 bytes,    1250800 total
[2024-01-16T12:21:39.306+0000][7][gc,age      ] GC(61) - age   2:     165200 bytes,    1416000 total
[2024-01-16T12:21:39.306+0000][7][gc,age      ] GC(61) - age   3:      17720 bytes,    1433720 total
[2024-01-16T12:21:39.306+0000][7][gc,age      ] GC(61) - age   4:       8144 bytes,    1441864 total
[2024-01-16T12:21:39.306+0000][7][gc,age      ] GC(61) - age   5:      45936 bytes,    1487800 total
[2024-01-16T12:21:39.306+0000][7][gc,age      ] GC(61) - age   6:       6352 bytes,    1494152 total
[2024-01-16T12:21:39.306+0000][7][gc,age      ] GC(61) - age   7:      64976 bytes,    1559128 total
[2024-01-16T12:21:39.306+0000][7][gc,age      ] GC(61) - age   8:      16976 bytes,    1576104 total
[2024-01-16T12:21:39.306+0000][7][gc,age      ] GC(61) - age   9:      10312 bytes,    1586416 total
[2024-01-16T12:21:39.306+0000][7][gc,age      ] GC(61) - age  10:      31672 bytes,    1618088 total
[2024-01-16T12:21:39.306+0000][7][gc,age      ] GC(61) - age  11:       7984 bytes,    1626072 total
[2024-01-16T12:21:39.306+0000][7][gc,age      ] GC(61) - age  12:      66200 bytes,    1692272 total
[2024-01-16T12:21:39.307+0000][7][gc,age      ] GC(61) - age  13:     217464 bytes,    1909736 total
[2024-01-16T12:21:39.307+0000][7][gc,age      ] GC(61) - age  14:      99760 bytes,    2009496 total
[2024-01-16T12:21:39.307+0000][7][gc,age      ] GC(61) - age  15:      23200 bytes,    2032696 total
[2024-01-16T12:21:39.307+0000][7][gc,heap     ] GC(61) Eden regions: 75->0(75)
[2024-01-16T12:21:39.307+0000][7][gc,heap     ] GC(61) Survivor regions: 1->1(10)
[2024-01-16T12:21:39.307+0000][7][gc,heap     ] GC(61) Old regions: 23->23
[2024-01-16T12:21:39.307+0000][7][gc,heap     ] GC(61) Humongous regions: 2->2
[2024-01-16T12:21:39.307+0000][7][gc,metaspace] GC(61) Metaspace: 119681K(124160K)->119681K(124160K) NonClass: 103909K(106368K)->103909K(106368K) Class: 15772K(17792K)->15772K(17792K)
[2024-01-16T12:21:39.307+0000][7][gc          ] GC(61) Pause Young (Normal) (G1 Evacuation Pause) 400M->100M(512M) 6.402ms
[2024-01-16T12:21:39.308+0000][7][gc,cpu      ] GC(61) User=0.01s Sys=0.00s Real=0.00s
[2024-01-16T12:21:39.308+0000][7][safepoint   ] Safepoint "G1CollectForAllocation", Time since last: 3131874282 ns, Reaching safepoint: 17754 ns, Cleanup: 3296 ns, At safepoint: 6686445 ns, Total: 6707495 ns
[2024-01-16T12:21:46.308+0000][7][safepoint   ] Safepoint "Cleanup", Time since last: 7000789635 ns, Reaching safepoint: 19567 ns, Cleanup: 12945 ns, At safepoint: 2805 ns, Total: 35317 ns
[2024-01-16T12:21:51.185+0000][7][safepoint   ] Safepoint "Cleanup", Time since last: 4876484753 ns, Reaching safepoint: 19427 ns, Cleanup: 11873 ns, At safepoint: 3005 ns, Total: 34305 ns
[2024-01-16T12:22:07.187+0000][7][safepoint   ] Safepoint "Cleanup", Time since last: 16002062278 ns, Reaching safepoint: 30098 ns, Cleanup: 10740 ns, At safepoint: 2696 ns, Total: 43534 ns
[2024-01-16T12:22:09.188+0000][7][safepoint   ] Safepoint "Cleanup", Time since last: 2000412043 ns, Reaching safepoint: 15700 ns, Cleanup: 9829 ns, At safepoint: 2324 ns, Total: 27853 ns
[2024-01-16T12:22:19.189+0000][7][safepoint   ] Safepoint "Cleanup", Time since last: 10000941028 ns, Reaching safepoint: 18866 ns, Cleanup: 19026 ns, At safepoint: 3066 ns, Total: 40958 ns
[2024-01-16T12:22:31.190+0000][7][safepoint   ] Safepoint "Cleanup", Time since last: 12001418871 ns, Reaching safepoint: 32522 ns, Cleanup: 12033 ns, At safepoint: 4148 ns, Total: 48703 ns
[2024-01-16T12:22:33.191+0000][7][safepoint   ] Safepoint "Cleanup", Time since last: 2000465090 ns, Reaching safepoint: 19116 ns, Cleanup: 14177 ns, At safepoint: 2736 ns, Total: 36029 ns
[2024-01-16T12:22:36.191+0000][7][safepoint   ] Safepoint "Cleanup", Time since last: 3000578529 ns, Reaching safepoint: 18696 ns, Cleanup: 17473 ns, At safepoint: 3106 ns, Total: 39275 ns
[2024-01-16T12:22:38.655+0000][7][gc,start    ] GC(62) Pause Young (Concurrent Start) (G1 Evacuation Pause)
[2024-01-16T12:22:38.655+0000][7][gc,task     ] GC(62) Using 12 workers of 13 for evacuation
[2024-01-16T12:22:38.655+0000][7][gc,age      ] GC(62) Desired survivor size 20971520 bytes, new threshold 15 (max threshold 15)
[2024-01-16T12:22:38.658+0000][7][gc,phases   ] GC(62)   Pre Evacuate Collection Set: 0.3ms
[2024-01-16T12:22:38.659+0000][7][gc,phases   ] GC(62)   Merge Heap Roots: 0.1ms
[2024-01-16T12:22:38.659+0000][7][gc,phases   ] GC(62)   Evacuate Collection Set: 2.4ms
[2024-01-16T12:22:38.659+0000][7][gc,phases   ] GC(62)   Post Evacuate Collection Set: 0.5ms
[2024-01-16T12:22:38.659+0000][7][gc,phases   ] GC(62)   Other: 0.3ms
[2024-01-16T12:22:38.659+0000][7][gc,age      ] GC(62) Age table with threshold 15 (max threshold 15)
[2024-01-16T12:22:38.659+0000][7][gc,age      ] GC(62) - age   1:     843912 bytes,     843912 total
[2024-01-16T12:22:38.659+0000][7][gc,age      ] GC(62) - age   2:      26936 bytes,     870848 total
[2024-01-16T12:22:38.659+0000][7][gc,age      ] GC(62) - age   3:      14168 bytes,     885016 total
[2024-01-16T12:22:38.659+0000][7][gc,age      ] GC(62) - age   4:      13168 bytes,     898184 total
[2024-01-16T12:22:38.660+0000][7][gc,age      ] GC(62) - age   5:       5488 bytes,     903672 total
[2024-01-16T12:22:38.660+0000][7][gc,age      ] GC(62) - age   6:      45936 bytes,     949608 total
[2024-01-16T12:22:38.660+0000][7][gc,age      ] GC(62) - age   7:       6352 bytes,     955960 total
[2024-01-16T12:22:38.660+0000][7][gc,age      ] GC(62) - age   8:      64976 bytes,    1020936 total
[2024-01-16T12:22:38.660+0000][7][gc,age      ] GC(62) - age   9:      16976 bytes,    1037912 total
[2024-01-16T12:22:38.660+0000][7][gc,age      ] GC(62) - age  10:      10312 bytes,    1048224 total
[2024-01-16T12:22:38.660+0000][7][gc,age      ] GC(62) - age  11:      31672 bytes,    1079896 total
[2024-01-16T12:22:38.660+0000][7][gc,age      ] GC(62) - age  12:       7984 bytes,    1087880 total
[2024-01-16T12:22:38.660+0000][7][gc,age      ] GC(62) - age  13:      66200 bytes,    1154080 total
[2024-01-16T12:22:38.660+0000][7][gc,age      ] GC(62) - age  14:     217464 bytes,    1371544 total
[2024-01-16T12:22:38.661+0000][7][gc,age      ] GC(62) - age  15:      99760 bytes,    1471304 total
[2024-01-16T12:22:38.661+0000][7][gc,heap     ] GC(62) Eden regions: 75->0(75)
[2024-01-16T12:22:38.661+0000][7][gc,heap     ] GC(62) Survivor regions: 1->1(10)
[2024-01-16T12:22:38.661+0000][7][gc,heap     ] GC(62) Old regions: 23->23
[2024-01-16T12:22:38.661+0000][7][gc,heap     ] GC(62) Humongous regions: 2->2
[2024-01-16T12:22:38.661+0000][7][gc,metaspace] GC(62) Metaspace: 119695K(124160K)->119695K(124160K) NonClass: 103923K(106368K)->103923K(106368K) Class: 15772K(17792K)->15772K(17792K)
[2024-01-16T12:22:38.661+0000][7][gc          ] GC(62) Pause Young (Concurrent Start) (G1 Evacuation Pause) 400M->100M(512M) 6.644ms
[2024-01-16T12:22:38.661+0000][7][gc          ] GC(63) Concurrent Mark Cycle
[2024-01-16T12:22:38.662+0000][7][gc,marking  ] GC(63) Concurrent Scan Root Regions
[2024-01-16T12:22:38.661+0000][7][gc,cpu      ] GC(62) User=0.01s Sys=0.00s Real=0.01s
[2024-01-16T12:22:38.662+0000][7][safepoint   ] Safepoint "G1CollectForAllocation", Time since last: 2463436581 ns, Reaching safepoint: 16481 ns, Cleanup: 4138 ns, At safepoint: 7199596 ns, Total: 7220215 ns
[2024-01-16T12:22:38.663+0000][7][gc,marking  ] GC(63) Concurrent Scan Root Regions 1.147ms
[2024-01-16T12:22:38.663+0000][7][gc,marking  ] GC(63) Concurrent Mark
[2024-01-16T12:22:38.663+0000][7][gc,marking  ] GC(63) Concurrent Mark From Roots
[2024-01-16T12:22:38.663+0000][7][gc,task     ] GC(63) Using 3 workers of 3 for marking
[2024-01-16T12:22:38.689+0000][7][gc,marking  ] GC(63) Concurrent Mark From Roots 25.857ms
[2024-01-16T12:22:38.689+0000][7][gc,marking  ] GC(63) Concurrent Preclean
[2024-01-16T12:22:38.689+0000][7][gc,marking  ] GC(63) Concurrent Preclean 0.265ms
[2024-01-16T12:22:38.690+0000][7][gc,start    ] GC(63) Pause Remark
[2024-01-16T12:22:38.697+0000][7][gc          ] GC(63) Pause Remark 104M->104M(512M) 7.366ms
[2024-01-16T12:22:38.697+0000][7][gc,cpu      ] GC(63) User=0.03s Sys=0.01s Real=0.00s
[2024-01-16T12:22:38.697+0000][7][safepoint   ] Safepoint "G1PauseRemark", Time since last: 27577103 ns, Reaching safepoint: 163002 ns, Cleanup: 3336 ns, At safepoint: 7833057 ns, Total: 7999395 ns
[2024-01-16T12:22:38.698+0000][7][gc,marking  ] GC(63) Concurrent Mark 34.769ms
[2024-01-16T12:22:38.698+0000][7][gc,marking  ] GC(63) Concurrent Rebuild Remembered Sets and Scrub Regions
[2024-01-16T12:22:38.707+0000][7][gc,marking  ] GC(63) Concurrent Rebuild Remembered Sets and Scrub Regions 9.770ms
[2024-01-16T12:22:38.708+0000][7][gc,start    ] GC(63) Pause Cleanup
[2024-01-16T12:22:38.708+0000][7][gc          ] GC(63) Pause Cleanup 104M->104M(512M) 0.260ms
[2024-01-16T12:22:38.708+0000][7][gc,cpu      ] GC(63) User=0.00s Sys=0.00s Real=0.00s
[2024-01-16T12:22:38.708+0000][7][safepoint   ] Safepoint "G1PauseCleanup", Time since last: 10298423 ns, Reaching safepoint: 13776 ns, Cleanup: 6583 ns, At safepoint: 596430 ns, Total: 616789 ns
[2024-01-16T12:22:38.708+0000][7][gc,marking  ] GC(63) Concurrent Clear Claimed Marks
[2024-01-16T12:22:38.709+0000][7][gc,marking  ] GC(63) Concurrent Clear Claimed Marks 0.308ms
[2024-01-16T12:22:38.709+0000][7][gc,marking  ] GC(63) Concurrent Cleanup for Next Mark
[2024-01-16T12:22:38.710+0000][7][gc,marking  ] GC(63) Concurrent Cleanup for Next Mark 0.679ms
[2024-01-16T12:22:38.710+0000][7][gc          ] GC(63) Concurrent Mark Cycle 48.269ms
[2024-01-16T12:22:45.709+0000][7][safepoint   ] Safepoint "Cleanup", Time since last: 7000668698 ns, Reaching safepoint: 19227 ns, Cleanup: 14127 ns, At safepoint: 3236 ns, Total: 36590 ns
[2024-01-16T12:22:52.209+0000][7][safepoint   ] Safepoint "Cleanup", Time since last: 6500220517 ns, Reaching safepoint: 18516 ns, Cleanup: 16151 ns, At safepoint: 3085 ns, Total: 37752 ns
[2024-01-16T12:22:53.210+0000][7][safepoint   ] Safepoint "Cleanup", Time since last: 1000385635 ns, Reaching safepoint: 18846 ns, Cleanup: 12474 ns, At safepoint: 2906 ns, Total: 34226 ns
[2024-01-16T12:22:57.210+0000][7][safepoint   ] Safepoint "Cleanup", Time since last: 4000618233 ns, Reaching safepoint: 19217 ns, Cleanup: 12704 ns, At safepoint: 3146 ns, Total: 35067 ns
[2024-01-16T12:23:01.211+0000][7][safepoint   ] Safepoint "Cleanup", Time since last: 4000805105 ns, Reaching safepoint: 16833 ns, Cleanup: 10059 ns, At safepoint: 3096 ns, Total: 29988 ns
[2024-01-16T12:23:02.212+0000][7][safepoint   ] Safepoint "Cleanup", Time since last: 1000404175 ns, Reaching safepoint: 43133 ns, Cleanup: 13285 ns, At safepoint: 4428 ns, Total: 60846 ns
[2024-01-16T12:23:04.212+0000][7][safepoint   ] Safepoint "Cleanup", Time since last: 2000460196 ns, Reaching safepoint: 20028 ns, Cleanup: 13486 ns, At safepoint: 3497 ns, Total: 37011 ns
[2024-01-16T12:23:06.213+0000][7][safepoint   ] Safepoint "Cleanup", Time since last: 2000492692 ns, Reaching safepoint: 16091 ns, Cleanup: 9879 ns, At safepoint: 2514 ns, Total: 28484 ns
[2024-01-16T12:23:09.213+0000][7][safepoint   ] Safepoint "Cleanup", Time since last: 3000547300 ns, Reaching safepoint: 18846 ns, Cleanup: 19518 ns, At safepoint: 2905 ns, Total: 41269 ns
[2024-01-16T12:23:22.215+0000][7][safepoint   ] Safepoint "Cleanup", Time since last: 13001510419 ns, Reaching safepoint: 18275 ns, Cleanup: 14247 ns, At safepoint: 2746 ns, Total: 35268 ns
[2024-01-16T12:23:24.215+0000][7][safepoint   ] Safepoint "Cleanup", Time since last: 2000475835 ns, Reaching safepoint: 32412 ns, Cleanup: 19086 ns, At safepoint: 2936 ns, Total: 54434 ns
[2024-01-16T12:23:27.216+0000][7][safepoint   ] Safepoint "Cleanup", Time since last: 3000614378 ns, Reaching safepoint: 27703 ns, Cleanup: 17153 ns, At safepoint: 3787 ns, Total: 48643 ns
[2024-01-16T12:23:28.216+0000][7][safepoint   ] Safepoint "Cleanup", Time since last: 1000439488 ns, Reaching safepoint: 20789 ns, Cleanup: 16011 ns, At safepoint: 3487 ns, Total: 40287 ns
[2024-01-16T12:23:32.217+0000][7][safepoint   ] Safepoint "Cleanup", Time since last: 4000690992 ns, Reaching safepoint: 49855 ns, Cleanup: 15991 ns, At safepoint: 5961 ns, Total: 71807 ns
[2024-01-16T12:23:36.218+0000][7][safepoint   ] Safepoint "Cleanup", Time since last: 4000596482 ns, Reaching safepoint: 15760 ns, Cleanup: 13245 ns, At safepoint: 2575 ns, Total: 31580 ns
[2024-01-16T12:23:37.218+0000][7][safepoint   ] Safepoint "Cleanup", Time since last: 1000396286 ns, Reaching safepoint: 21020 ns, Cleanup: 13596 ns, At safepoint: 3226 ns, Total: 37842 ns
[2024-01-16T12:23:38.665+0000][7][gc,start    ] GC(64) Pause Young (Normal) (G1 Evacuation Pause)
[2024-01-16T12:23:38.665+0000][7][gc,task     ] GC(64) Using 12 workers of 13 for evacuation
[2024-01-16T12:23:38.665+0000][7][gc,age      ] GC(64) Desired survivor size 20971520 bytes, new threshold 15 (max threshold 15)
[2024-01-16T12:23:38.668+0000][7][gc,phases   ] GC(64)   Pre Evacuate Collection Set: 0.2ms
[2024-01-16T12:23:38.668+0000][7][gc,phases   ] GC(64)   Merge Heap Roots: 0.1ms
[2024-01-16T12:23:38.669+0000][7][gc,phases   ] GC(64)   Evacuate Collection Set: 2.3ms
[2024-01-16T12:23:38.669+0000][7][gc,phases   ] GC(64)   Post Evacuate Collection Set: 0.5ms
[2024-01-16T12:23:38.669+0000][7][gc,phases   ] GC(64)   Other: 0.2ms
[2024-01-16T12:23:38.669+0000][7][gc,age      ] GC(64) Age table with threshold 15 (max threshold 15)
[2024-01-16T12:23:38.669+0000][7][gc,age      ] GC(64) - age   1:    1429360 bytes,    1429360 total
[2024-01-16T12:23:38.669+0000][7][gc,age      ] GC(64) - age   2:      15448 bytes,    1444808 total
[2024-01-16T12:23:38.669+0000][7][gc,age      ] GC(64) - age   3:      20688 bytes,    1465496 total
[2024-01-16T12:23:38.669+0000][7][gc,age      ] GC(64) - age   4:      13720 bytes,    1479216 total
[2024-01-16T12:23:38.669+0000][7][gc,age      ] GC(64) - age   5:      13072 bytes,    1492288 total
[2024-01-16T12:23:38.670+0000][7][gc,age      ] GC(64) - age   6:       5488 bytes,    1497776 total
[2024-01-16T12:23:38.670+0000][7][gc,age      ] GC(64) - age   7:      45936 bytes,    1543712 total
[2024-01-16T12:23:38.670+0000][7][gc,age      ] GC(64) - age   8:       6352 bytes,    1550064 total
[2024-01-16T12:23:38.670+0000][7][gc,age      ] GC(64) - age   9:      64976 bytes,    1615040 total
[2024-01-16T12:23:38.670+0000][7][gc,age      ] GC(64) - age  10:      15408 bytes,    1630448 total
[2024-01-16T12:23:38.670+0000][7][gc,age      ] GC(64) - age  11:       8320 bytes,    1638768 total
[2024-01-16T12:23:38.670+0000][7][gc,age      ] GC(64) - age  12:      31672 bytes,    1670440 total
[2024-01-16T12:23:38.670+0000][7][gc,age      ] GC(64) - age  13:       7984 bytes,    1678424 total
[2024-01-16T12:23:38.670+0000][7][gc,age      ] GC(64) - age  14:      66200 bytes,    1744624 total
[2024-01-16T12:23:38.670+0000][7][gc,age      ] GC(64) - age  15:     217464 bytes,    1962088 total
[2024-01-16T12:23:38.671+0000][7][gc,heap     ] GC(64) Eden regions: 75->0(75)
[2024-01-16T12:23:38.671+0000][7][gc,heap     ] GC(64) Survivor regions: 1->1(10)
[2024-01-16T12:23:38.671+0000][7][gc,heap     ] GC(64) Old regions: 23->23
[2024-01-16T12:23:38.671+0000][7][gc,heap     ] GC(64) Humongous regions: 2->2
[2024-01-16T12:23:38.671+0000][7][gc,metaspace] GC(64) Metaspace: 119717K(124160K)->119717K(124160K) NonClass: 103945K(106368K)->103945K(106368K) Class: 15772K(17792K)->15772K(17792K)
[2024-01-16T12:23:38.671+0000][7][gc          ] GC(64) Pause Young (Normal) (G1 Evacuation Pause) 400M->100M(512M) 6.212ms
[2024-01-16T12:23:38.671+0000][7][gc,cpu      ] GC(64) User=0.00s Sys=0.01s Real=0.01s
[2024-01-16T12:23:38.671+0000][7][safepoint   ] Safepoint "G1CollectForAllocation", Time since last: 1446587939 ns, Reaching safepoint: 17534 ns, Cleanup: 8917 ns, At safepoint: 6466264 ns, Total: 6492715 ns
[2024-01-16T12:23:41.689+0000][7][safepoint   ] Safepoint "Cleanup", Time since last: 3018115258 ns, Reaching safepoint: 22874 ns, Cleanup: 13425 ns, At safepoint: 2705 ns, Total: 39004 ns
[2024-01-16T12:24:00.231+0000][7][safepoint   ] Safepoint "Cleanup", Time since last: 18541660572 ns, Reaching safepoint: 18736 ns, Cleanup: 28725 ns, At safepoint: 3376 ns, Total: 50837 ns
[2024-01-16T12:24:01.232+0000][7][safepoint   ] Safepoint "Cleanup", Time since last: 1000452734 ns, Reaching safepoint: 20399 ns, Cleanup: 19487 ns, At safepoint: 2865 ns, Total: 42751 ns
[2024-01-16T12:24:09.233+0000][7][safepoint   ] Safepoint "Cleanup", Time since last: 8001055111 ns, Reaching safepoint: 18214 ns, Cleanup: 23185 ns, At safepoint: 2354 ns, Total: 43753 ns
[2024-01-16T12:24:19.234+0000][7][safepoint   ] Safepoint "Cleanup", Time since last: 10001237534 ns, Reaching safepoint: 26411 ns, Cleanup: 14458 ns, At safepoint: 3085 ns, Total: 43954 ns
[2024-01-16T12:24:36.236+0000][7][safepoint   ] Safepoint "Cleanup", Time since last: 17001805745 ns, Reaching safepoint: 14288 ns, Cleanup: 7283 ns, At safepoint: 13256 ns, Total: 34827 ns
[2024-01-16T12:24:38.625+0000][7][gc,start    ] GC(65) Pause Young (Concurrent Start) (G1 Evacuation Pause)
[2024-01-16T12:24:38.626+0000][7][gc,task     ] GC(65) Using 12 workers of 13 for evacuation
[2024-01-16T12:24:38.626+0000][7][gc,age      ] GC(65) Desired survivor size 20971520 bytes, new threshold 15 (max threshold 15)
[2024-01-16T12:24:38.629+0000][7][gc,phases   ] GC(65)   Pre Evacuate Collection Set: 0.2ms
[2024-01-16T12:24:38.629+0000][7][gc,phases   ] GC(65)   Merge Heap Roots: 0.1ms
[2024-01-16T12:24:38.629+0000][7][gc,phases   ] GC(65)   Evacuate Collection Set: 2.1ms
[2024-01-16T12:24:38.629+0000][7][gc,phases   ] GC(65)   Post Evacuate Collection Set: 0.6ms
[2024-01-16T12:24:38.629+0000][7][gc,phases   ] GC(65)   Other: 0.3ms
[2024-01-16T12:24:38.630+0000][7][gc,age      ] GC(65) Age table with threshold 15 (max threshold 15)
[2024-01-16T12:24:38.630+0000][7][gc,age      ] GC(65) - age   1:     556720 bytes,     556720 total
[2024-01-16T12:24:38.630+0000][7][gc,age      ] GC(65) - age   2:      39944 bytes,     596664 total
[2024-01-16T12:24:38.630+0000][7][gc,age      ] GC(65) - age   3:      12456 bytes,     609120 total
[2024-01-16T12:24:38.630+0000][7][gc,age      ] GC(65) - age   4:      17984 bytes,     627104 total
[2024-01-16T12:24:38.630+0000][7][gc,age      ] GC(65) - age   5:      13632 bytes,     640736 total
[2024-01-16T12:24:38.630+0000][7][gc,age      ] GC(65) - age   6:       9696 bytes,     650432 total
[2024-01-16T12:24:38.630+0000][7][gc,age      ] GC(65) - age   7:       5488 bytes,     655920 total
[2024-01-16T12:24:38.631+0000][7][gc,age      ] GC(65) - age   8:      45936 bytes,     701856 total
[2024-01-16T12:24:38.631+0000][7][gc,age      ] GC(65) - age   9:       6352 bytes,     708208 total
[2024-01-16T12:24:38.631+0000][7][gc,age      ] GC(65) - age  10:      64976 bytes,     773184 total
[2024-01-16T12:24:38.631+0000][7][gc,age      ] GC(65) - age  11:      15216 bytes,     788400 total
[2024-01-16T12:24:38.631+0000][7][gc,age      ] GC(65) - age  12:       8320 bytes,     796720 total
[2024-01-16T12:24:38.631+0000][7][gc,age      ] GC(65) - age  13:      31672 bytes,     828392 total
[2024-01-16T12:24:38.631+0000][7][gc,age      ] GC(65) - age  14:       7984 bytes,     836376 total
[2024-01-16T12:24:38.631+0000][7][gc,age      ] GC(65) - age  15:      66200 bytes,     902576 total
[2024-01-16T12:24:38.631+0000][7][gc,heap     ] GC(65) Eden regions: 75->0(75)
[2024-01-16T12:24:38.632+0000][7][gc,heap     ] GC(65) Survivor regions: 1->1(10)
[2024-01-16T12:24:38.632+0000][7][gc,heap     ] GC(65) Old regions: 23->23
[2024-01-16T12:24:38.632+0000][7][gc,heap     ] GC(65) Humongous regions: 2->2
[2024-01-16T12:24:38.632+0000][7][gc,metaspace] GC(65) Metaspace: 119759K(124160K)->119759K(124160K) NonClass: 103982K(106368K)->103982K(106368K) Class: 15776K(17792K)->15776K(17792K)
[2024-01-16T12:24:38.632+0000][7][gc          ] GC(65) Pause Young (Concurrent Start) (G1 Evacuation Pause) 400M->100M(512M) 6.674ms
[2024-01-16T12:24:38.632+0000][7][gc          ] GC(66) Concurrent Mark Cycle
[2024-01-16T12:24:38.632+0000][7][gc,marking  ] GC(66) Concurrent Scan Root Regions
[2024-01-16T12:24:38.632+0000][7][gc,cpu      ] GC(65) User=0.01s Sys=0.01s Real=0.01s
[2024-01-16T12:24:38.633+0000][7][safepoint   ] Safepoint "G1CollectForAllocation", Time since last: 2389516175 ns, Reaching safepoint: 14678 ns, Cleanup: 3006 ns, At safepoint: 7471280 ns, Total: 7488964 ns
[2024-01-16T12:24:38.634+0000][7][gc,marking  ] GC(66) Concurrent Scan Root Regions 1.266ms
[2024-01-16T12:24:38.649+0000][7][gc,marking  ] GC(66) Concurrent Mark
[2024-01-16T12:24:38.650+0000][7][gc,marking  ] GC(66) Concurrent Mark From Roots
[2024-01-16T12:24:38.650+0000][7][gc,task     ] GC(66) Using 3 workers of 3 for marking
[2024-01-16T12:24:38.676+0000][7][gc,marking  ] GC(66) Concurrent Mark From Roots 26.420ms
[2024-01-16T12:24:38.676+0000][7][gc,marking  ] GC(66) Concurrent Preclean
[2024-01-16T12:24:38.676+0000][7][gc,marking  ] GC(66) Concurrent Preclean 0.241ms
[2024-01-16T12:24:38.677+0000][7][gc,start    ] GC(66) Pause Remark
[2024-01-16T12:24:38.681+0000][7][gc          ] GC(66) Pause Remark 103M->103M(512M) 4.214ms
[2024-01-16T12:24:38.681+0000][7][gc,cpu      ] GC(66) User=0.03s Sys=0.00s Real=0.01s
[2024-01-16T12:24:38.681+0000][7][safepoint   ] Safepoint "G1PauseRemark", Time since last: 43639058 ns, Reaching safepoint: 16652 ns, Cleanup: 2434 ns, At safepoint: 4638316 ns, Total: 4657402 ns
[2024-01-16T12:24:38.681+0000][7][gc,marking  ] GC(66) Concurrent Mark 31.929ms
[2024-01-16T12:24:38.681+0000][7][gc,marking  ] GC(66) Concurrent Rebuild Remembered Sets and Scrub Regions
[2024-01-16T12:24:38.691+0000][7][gc,marking  ] GC(66) Concurrent Rebuild Remembered Sets and Scrub Regions 9.468ms
[2024-01-16T12:24:38.691+0000][7][gc,start    ] GC(66) Pause Cleanup
[2024-01-16T12:24:38.691+0000][7][gc          ] GC(66) Pause Cleanup 103M->103M(512M) 0.274ms
[2024-01-16T12:24:38.692+0000][7][gc,cpu      ] GC(66) User=0.00s Sys=0.00s Real=0.00s
[2024-01-16T12:24:38.692+0000][7][safepoint   ] Safepoint "G1PauseCleanup", Time since last: 9971193 ns, Reaching safepoint: 23475 ns, Cleanup: 5070 ns, At safepoint: 616262 ns, Total: 644807 ns
[2024-01-16T12:24:38.692+0000][7][gc,marking  ] GC(66) Concurrent Clear Claimed Marks
[2024-01-16T12:24:38.692+0000][7][gc,marking  ] GC(66) Concurrent Clear Claimed Marks 0.301ms
[2024-01-16T12:24:38.692+0000][7][gc,marking  ] GC(66) Concurrent Cleanup for Next Mark
[2024-01-16T12:24:38.693+0000][7][gc,marking  ] GC(66) Concurrent Cleanup for Next Mark 0.708ms
[2024-01-16T12:24:38.693+0000][7][gc          ] GC(66) Concurrent Mark Cycle 60.858ms
[2024-01-16T12:24:41.692+0000][7][safepoint   ] Safepoint "Cleanup", Time since last: 3000395009 ns, Reaching safepoint: 17022 ns, Cleanup: 8086 ns, At safepoint: 13806 ns, Total: 38914 ns
[2024-01-16T12:24:51.252+0000][7][safepoint   ] Safepoint "Cleanup", Time since last: 9559825705 ns, Reaching safepoint: 20279 ns, Cleanup: 12705 ns, At safepoint: 3146 ns, Total: 36130 ns
[2024-01-16T12:24:57.253+0000][7][safepoint   ] Safepoint "Cleanup", Time since last: 6000826803 ns, Reaching safepoint: 18455 ns, Cleanup: 14037 ns, At safepoint: 2354 ns, Total: 34846 ns
[2024-01-16T12:24:59.253+0000][7][safepoint   ] Safepoint "Cleanup", Time since last: 2000411767 ns, Reaching safepoint: 26792 ns, Cleanup: 15359 ns, At safepoint: 3597 ns, Total: 45748 ns
[2024-01-16T12:25:00.254+0000][7][safepoint   ] Safepoint "Cleanup", Time since last: 1000513549 ns, Reaching safepoint: 20860 ns, Cleanup: 13175 ns, At safepoint: 3487 ns, Total: 37522 ns
[2024-01-16T12:25:01.255+0000][7][safepoint   ] Safepoint "Cleanup", Time since last: 1000595205 ns, Reaching safepoint: 19878 ns, Cleanup: 15280 ns, At safepoint: 3406 ns, Total: 38564 ns
[2024-01-16T12:25:09.256+0000][7][safepoint   ] Safepoint "Cleanup", Time since last: 8001079066 ns, Reaching safepoint: 19788 ns, Cleanup: 24236 ns, At safepoint: 2915 ns, Total: 46939 ns
[2024-01-16T12:25:21.257+0000][7][safepoint   ] Safepoint "Cleanup", Time since last: 12001411393 ns, Reaching safepoint: 20419 ns, Cleanup: 13375 ns, At safepoint: 3397 ns, Total: 37191 ns
[2024-01-16T12:25:24.258+0000][7][safepoint   ] Safepoint "Cleanup", Time since last: 3000547710 ns, Reaching safepoint: 20029 ns, Cleanup: 16030 ns, At safepoint: 3046 ns, Total: 39105 ns
[2024-01-16T12:25:28.258+0000][7][safepoint   ] Safepoint "Cleanup", Time since last: 4000651316 ns, Reaching safepoint: 23515 ns, Cleanup: 14147 ns, At safepoint: 3457 ns, Total: 41119 ns
[2024-01-16T12:25:29.259+0000][7][safepoint   ] Safepoint "Cleanup", Time since last: 1000409230 ns, Reaching safepoint: 20640 ns, Cleanup: 15890 ns, At safepoint: 3647 ns, Total: 40177 ns
[2024-01-16T12:25:30.259+0000][7][safepoint   ] Safepoint "Cleanup", Time since last: 1000368101 ns, Reaching safepoint: 20389 ns, Cleanup: 12875 ns, At safepoint: 3216 ns, Total: 36480 ns
[2024-01-16T12:25:35.835+0000][7][gc,start    ] GC(67) Pause Young (Normal) (G1 Evacuation Pause)
[2024-01-16T12:25:35.835+0000][7][gc,task     ] GC(67) Using 12 workers of 13 for evacuation
[2024-01-16T12:25:35.835+0000][7][gc,age      ] GC(67) Desired survivor size 20971520 bytes, new threshold 15 (max threshold 15)
[2024-01-16T12:25:35.839+0000][7][gc,phases   ] GC(67)   Pre Evacuate Collection Set: 0.2ms
[2024-01-16T12:25:35.840+0000][7][gc,phases   ] GC(67)   Merge Heap Roots: 0.1ms
[2024-01-16T12:25:35.840+0000][7][gc,phases   ] GC(67)   Evacuate Collection Set: 3.1ms
[2024-01-16T12:25:35.840+0000][7][gc,phases   ] GC(67)   Post Evacuate Collection Set: 0.6ms
[2024-01-16T12:25:35.840+0000][7][gc,phases   ] GC(67)   Other: 0.3ms
[2024-01-16T12:25:35.840+0000][7][gc,age      ] GC(67) Age table with threshold 15 (max threshold 15)
[2024-01-16T12:25:35.840+0000][7][gc,age      ] GC(67) - age   1:    1503352 bytes,    1503352 total
[2024-01-16T12:25:35.840+0000][7][gc,age      ] GC(67) - age   2:      17360 bytes,    1520712 total
[2024-01-16T12:25:35.840+0000][7][gc,age      ] GC(67) - age   3:      37392 bytes,    1558104 total
[2024-01-16T12:25:35.840+0000][7][gc,age      ] GC(67) - age   4:       4304 bytes,    1562408 total
[2024-01-16T12:25:35.840+0000][7][gc,age      ] GC(67) - age   5:      11192 bytes,    1573600 total
[2024-01-16T12:25:35.840+0000][7][gc,age      ] GC(67) - age   6:      13360 bytes,    1586960 total
[2024-01-16T12:25:35.841+0000][7][gc,age      ] GC(67) - age   7:       9664 bytes,    1596624 total
[2024-01-16T12:25:35.841+0000][7][gc,age      ] GC(67) - age   8:       5488 bytes,    1602112 total
[2024-01-16T12:25:35.841+0000][7][gc,age      ] GC(67) - age   9:      45936 bytes,    1648048 total
[2024-01-16T12:25:35.841+0000][7][gc,age      ] GC(67) - age  10:       6352 bytes,    1654400 total
[2024-01-16T12:25:35.841+0000][7][gc,age      ] GC(67) - age  11:      64976 bytes,    1719376 total
[2024-01-16T12:25:35.841+0000][7][gc,age      ] GC(67) - age  12:      15216 bytes,    1734592 total
[2024-01-16T12:25:35.841+0000][7][gc,age      ] GC(67) - age  13:       8320 bytes,    1742912 total
[2024-01-16T12:25:35.841+0000][7][gc,age      ] GC(67) - age  14:      31672 bytes,    1774584 total
[2024-01-16T12:25:35.841+0000][7][gc,age      ] GC(67) - age  15:       7984 bytes,    1782568 total
[2024-01-16T12:25:35.841+0000][7][gc,heap     ] GC(67) Eden regions: 75->0(75)
[2024-01-16T12:25:35.841+0000][7][gc,heap     ] GC(67) Survivor regions: 1->1(10)
[2024-01-16T12:25:35.841+0000][7][gc,heap     ] GC(67) Old regions: 23->23
[2024-01-16T12:25:35.842+0000][7][gc,heap     ] GC(67) Humongous regions: 2->2
[2024-01-16T12:25:35.842+0000][7][gc,metaspace] GC(67) Metaspace: 119773K(124160K)->119773K(124160K) NonClass: 103996K(106368K)->103996K(106368K) Class: 15776K(17792K)->15776K(17792K)
[2024-01-16T12:25:35.842+0000][7][gc          ] GC(67) Pause Young (Normal) (G1 Evacuation Pause) 400M->101M(512M) 6.935ms
[2024-01-16T12:25:35.842+0000][7][gc,cpu      ] GC(67) User=0.01s Sys=0.01s Real=0.01s
[2024-01-16T12:25:35.842+0000][7][safepoint   ] Safepoint "G1CollectForAllocation", Time since last: 5575447418 ns, Reaching safepoint: 17573 ns, Cleanup: 9639 ns, At safepoint: 7210211 ns, Total: 7237423 ns
[2024-01-16T12:25:39.843+0000][7][safepoint   ] Safepoint "Cleanup", Time since last: 4000616971 ns, Reaching safepoint: 21370 ns, Cleanup: 28555 ns, At safepoint: 3647 ns, Total: 53572 ns
[2024-01-16T12:25:44.843+0000][7][safepoint   ] Safepoint "Cleanup", Time since last: 5000700669 ns, Reaching safepoint: 19928 ns, Cleanup: 21280 ns, At safepoint: 3337 ns, Total: 44545 ns
[2024-01-16T12:25:47.844+0000][7][safepoint   ] Safepoint "Cleanup", Time since last: 3000570053 ns, Reaching safepoint: 21802 ns, Cleanup: 14267 ns, At safepoint: 2976 ns, Total: 39045 ns
[2024-01-16T12:25:51.275+0000][7][safepoint   ] Safepoint "Cleanup", Time since last: 3431468436 ns, Reaching safepoint: 19507 ns, Cleanup: 26691 ns, At safepoint: 2846 ns, Total: 49044 ns
[2024-01-16T12:25:53.276+0000][7][safepoint   ] Safepoint "Cleanup", Time since last: 2000508798 ns, Reaching safepoint: 20149 ns, Cleanup: 16541 ns, At safepoint: 2976 ns, Total: 39666 ns
[2024-01-16T12:25:54.276+0000][7][safepoint   ] Safepoint "Cleanup", Time since last: 1000373502 ns, Reaching safepoint: 20659 ns, Cleanup: 17534 ns, At safepoint: 3937 ns, Total: 42130 ns
[2024-01-16T12:25:57.277+0000][7][safepoint   ] Safepoint "Cleanup", Time since last: 3000481755 ns, Reaching safepoint: 18615 ns, Cleanup: 12865 ns, At safepoint: 2986 ns, Total: 34466 ns
[2024-01-16T12:26:00.278+0000][7][safepoint   ] Safepoint "Cleanup", Time since last: 3000541113 ns, Reaching safepoint: 40021 ns, Cleanup: 13446 ns, At safepoint: 9738 ns, Total: 63205 ns
[2024-01-16T12:26:01.278+0000][7][safepoint   ] Safepoint "Cleanup", Time since last: 1000324909 ns, Reaching safepoint: 19447 ns, Cleanup: 18315 ns, At safepoint: 3176 ns, Total: 40938 ns
[2024-01-16T12:26:03.278+0000][7][safepoint   ] Safepoint "Cleanup", Time since last: 2000407325 ns, Reaching safepoint: 40066 ns, Cleanup: 16652 ns, At safepoint: 3387 ns, Total: 60105 ns
[2024-01-16T12:26:04.279+0000][7][safepoint   ] Safepoint "Cleanup", Time since last: 1000335088 ns, Reaching safepoint: 20139 ns, Cleanup: 15679 ns, At safepoint: 3187 ns, Total: 39005 ns
[2024-01-16T12:26:06.279+0000][7][safepoint   ] Safepoint "Cleanup", Time since last: 2000416772 ns, Reaching safepoint: 19237 ns, Cleanup: 12303 ns, At safepoint: 3196 ns, Total: 34736 ns
[2024-01-16T12:26:09.280+0000][7][safepoint   ] Safepoint "Cleanup", Time since last: 3000565956 ns, Reaching safepoint: 19397 ns, Cleanup: 18044 ns, At safepoint: 2936 ns, Total: 40377 ns
[2024-01-16T12:26:15.281+0000][7][safepoint   ] Safepoint "Cleanup", Time since last: 6000775920 ns, Reaching safepoint: 19347 ns, Cleanup: 8256 ns, At safepoint: 3126 ns, Total: 30729 ns
[2024-01-16T12:26:24.282+0000][7][safepoint   ] Safepoint "Cleanup", Time since last: 9000992177 ns, Reaching safepoint: 19477 ns, Cleanup: 16612 ns, At safepoint: 3226 ns, Total: 39315 ns
[2024-01-16T12:26:27.282+0000][7][safepoint   ] Safepoint "Cleanup", Time since last: 3000546188 ns, Reaching safepoint: 18495 ns, Cleanup: 12965 ns, At safepoint: 3677 ns, Total: 35137 ns
[2024-01-16T12:26:33.283+0000][7][safepoint   ] Safepoint "Cleanup", Time since last: 6000776091 ns, Reaching safepoint: 40397 ns, Cleanup: 23354 ns, At safepoint: 4800 ns, Total: 68551 ns
[2024-01-16T12:26:35.659+0000][7][gc,start    ] GC(68) Pause Young (Concurrent Start) (G1 Evacuation Pause)
[2024-01-16T12:26:35.660+0000][7][gc,task     ] GC(68) Using 12 workers of 13 for evacuation
[2024-01-16T12:26:35.660+0000][7][gc,age      ] GC(68) Desired survivor size 20971520 bytes, new threshold 15 (max threshold 15)
[2024-01-16T12:26:35.663+0000][7][gc,phases   ] GC(68)   Pre Evacuate Collection Set: 0.2ms
[2024-01-16T12:26:35.663+0000][7][gc,phases   ] GC(68)   Merge Heap Roots: 0.1ms
[2024-01-16T12:26:35.663+0000][7][gc,phases   ] GC(68)   Evacuate Collection Set: 2.4ms
[2024-01-16T12:26:35.664+0000][7][gc,phases   ] GC(68)   Post Evacuate Collection Set: 0.6ms
[2024-01-16T12:26:35.664+0000][7][gc,phases   ] GC(68)   Other: 0.3ms
[2024-01-16T12:26:35.664+0000][7][gc,age      ] GC(68) Age table with threshold 15 (max threshold 15)
[2024-01-16T12:26:35.664+0000][7][gc,age      ] GC(68) - age   1:     882472 bytes,     882472 total
[2024-01-16T12:26:35.664+0000][7][gc,age      ] GC(68) - age   2:      27480 bytes,     909952 total
[2024-01-16T12:26:35.664+0000][7][gc,age      ] GC(68) - age   3:      14472 bytes,     924424 total
[2024-01-16T12:26:35.664+0000][7][gc,age      ] GC(68) - age   4:      34656 bytes,     959080 total
[2024-01-16T12:26:35.664+0000][7][gc,age      ] GC(68) - age   5:       3944 bytes,     963024 total
[2024-01-16T12:26:35.664+0000][7][gc,age      ] GC(68) - age   6:       9784 bytes,     972808 total
[2024-01-16T12:26:35.665+0000][7][gc,age      ] GC(68) - age   7:      13360 bytes,     986168 total
[2024-01-16T12:26:35.665+0000][7][gc,age      ] GC(68) - age   8:       9664 bytes,     995832 total
[2024-01-16T12:26:35.665+0000][7][gc,age      ] GC(68) - age   9:       5488 bytes,    1001320 total
[2024-01-16T12:26:35.665+0000][7][gc,age      ] GC(68) - age  10:      45936 bytes,    1047256 total
[2024-01-16T12:26:35.665+0000][7][gc,age      ] GC(68) - age  11:       6352 bytes,    1053608 total
[2024-01-16T12:26:35.665+0000][7][gc,age      ] GC(68) - age  12:      64976 bytes,    1118584 total
[2024-01-16T12:26:35.665+0000][7][gc,age      ] GC(68) - age  13:      15216 bytes,    1133800 total
[2024-01-16T12:26:35.665+0000][7][gc,age      ] GC(68) - age  14:       8320 bytes,    1142120 total
[2024-01-16T12:26:35.665+0000][7][gc,age      ] GC(68) - age  15:      31672 bytes,    1173792 total
[2024-01-16T12:26:35.665+0000][7][gc,heap     ] GC(68) Eden regions: 75->0(75)
[2024-01-16T12:26:35.665+0000][7][gc,heap     ] GC(68) Survivor regions: 1->1(10)
[2024-01-16T12:26:35.666+0000][7][gc,heap     ] GC(68) Old regions: 23->23
[2024-01-16T12:26:35.666+0000][7][gc,heap     ] GC(68) Humongous regions: 2->2
[2024-01-16T12:26:35.666+0000][7][gc,metaspace] GC(68) Metaspace: 119784K(124160K)->119784K(124160K) NonClass: 104008K(106368K)->104008K(106368K) Class: 15776K(17792K)->15776K(17792K)
[2024-01-16T12:26:35.666+0000][7][gc          ] GC(68) Pause Young (Concurrent Start) (G1 Evacuation Pause) 400M->100M(512M) 6.498ms
[2024-01-16T12:26:35.666+0000][7][gc          ] GC(69) Concurrent Mark Cycle
[2024-01-16T12:26:35.666+0000][7][gc,marking  ] GC(69) Concurrent Scan Root Regions
[2024-01-16T12:26:35.666+0000][7][gc,cpu      ] GC(68) User=0.01s Sys=0.00s Real=0.00s
[2024-01-16T12:26:35.666+0000][7][safepoint   ] Safepoint "G1CollectForAllocation", Time since last: 2376202543 ns, Reaching safepoint: 16451 ns, Cleanup: 3807 ns, At safepoint: 7090638 ns, Total: 7110896 ns
[2024-01-16T12:26:35.667+0000][7][gc,marking  ] GC(69) Concurrent Scan Root Regions 0.926ms
[2024-01-16T12:26:35.679+0000][7][gc,marking  ] GC(69) Concurrent Mark
[2024-01-16T12:26:35.679+0000][7][gc,marking  ] GC(69) Concurrent Mark From Roots
[2024-01-16T12:26:35.680+0000][7][gc,task     ] GC(69) Using 3 workers of 3 for marking
[2024-01-16T12:26:35.706+0000][7][gc,marking  ] GC(69) Concurrent Mark From Roots 26.814ms
[2024-01-16T12:26:35.706+0000][7][gc,marking  ] GC(69) Concurrent Preclean
[2024-01-16T12:26:35.707+0000][7][gc,marking  ] GC(69) Concurrent Preclean 0.252ms
[2024-01-16T12:26:35.707+0000][7][gc,start    ] GC(69) Pause Remark
[2024-01-16T12:26:35.713+0000][7][gc          ] GC(69) Pause Remark 105M->105M(512M) 5.711ms
[2024-01-16T12:26:35.713+0000][7][gc,cpu      ] GC(69) User=0.04s Sys=0.00s Real=0.01s
[2024-01-16T12:26:35.713+0000][7][safepoint   ] Safepoint "G1PauseRemark", Time since last: 40419469 ns, Reaching safepoint: 16682 ns, Cleanup: 3036 ns, At safepoint: 6169572 ns, Total: 6189290 ns
[2024-01-16T12:26:35.713+0000][7][gc,marking  ] GC(69) Concurrent Mark 33.891ms
[2024-01-16T12:26:35.713+0000][7][gc,marking  ] GC(69) Concurrent Rebuild Remembered Sets and Scrub Regions
[2024-01-16T12:26:35.724+0000][7][gc,marking  ] GC(69) Concurrent Rebuild Remembered Sets and Scrub Regions 10.518ms
[2024-01-16T12:26:35.724+0000][7][gc,start    ] GC(69) Pause Cleanup
[2024-01-16T12:26:35.724+0000][7][gc          ] GC(69) Pause Cleanup 105M->105M(512M) 0.276ms
[2024-01-16T12:26:35.725+0000][7][gc,cpu      ] GC(69) User=0.00s Sys=0.00s Real=0.00s
[2024-01-16T12:26:35.725+0000][7][safepoint   ] Safepoint "G1PauseCleanup", Time since last: 11029441 ns, Reaching safepoint: 15820 ns, Cleanup: 6092 ns, At safepoint: 553708 ns, Total: 575620 ns
[2024-01-16T12:26:35.725+0000][7][gc,marking  ] GC(69) Concurrent Clear Claimed Marks
[2024-01-16T12:26:35.725+0000][7][gc,marking  ] GC(69) Concurrent Clear Claimed Marks 0.281ms
[2024-01-16T12:26:35.725+0000][7][gc,marking  ] GC(69) Concurrent Cleanup for Next Mark
[2024-01-16T12:26:35.726+0000][7][gc,marking  ] GC(69) Concurrent Cleanup for Next Mark 0.723ms
[2024-01-16T12:26:35.726+0000][7][gc          ] GC(69) Concurrent Mark Cycle 60.038ms
[2024-01-16T12:26:43.725+0000][7][safepoint   ] Safepoint "Cleanup", Time since last: 8000826814 ns, Reaching safepoint: 16732 ns, Cleanup: 9909 ns, At safepoint: 3336 ns, Total: 29977 ns
[2024-01-16T12:26:44.726+0000][7][safepoint   ] Safepoint "Cleanup", Time since last: 1000429248 ns, Reaching safepoint: 16632 ns, Cleanup: 8767 ns, At safepoint: 13836 ns, Total: 39235 ns
[2024-01-16T12:26:57.295+0000][7][safepoint   ] Safepoint "Cleanup", Time since last: 12570143850 ns, Reaching safepoint: 17754 ns, Cleanup: 12103 ns, At safepoint: 2495 ns, Total: 32352 ns
[2024-01-16T12:27:01.296+0000][7][safepoint   ] Safepoint "Cleanup", Time since last: 4000596572 ns, Reaching safepoint: 18475 ns, Cleanup: 17704 ns, At safepoint: 2956 ns, Total: 39135 ns
[2024-01-16T12:27:12.297+0000][7][safepoint   ] Safepoint "Cleanup", Time since last: 11001216872 ns, Reaching safepoint: 17093 ns, Cleanup: 12634 ns, At safepoint: 2335 ns, Total: 32062 ns
[2024-01-16T12:27:35.716+0000][7][gc,start    ] GC(70) Pause Young (Normal) (G1 Evacuation Pause)
[2024-01-16T12:27:35.716+0000][7][gc,task     ] GC(70) Using 12 workers of 13 for evacuation
[2024-01-16T12:27:35.717+0000][7][gc,age      ] GC(70) Desired survivor size 20971520 bytes, new threshold 15 (max threshold 15)
[2024-01-16T12:27:35.720+0000][7][gc,phases   ] GC(70)   Pre Evacuate Collection Set: 0.3ms
[2024-01-16T12:27:35.720+0000][7][gc,phases   ] GC(70)   Merge Heap Roots: 0.1ms
[2024-01-16T12:27:35.720+0000][7][gc,phases   ] GC(70)   Evacuate Collection Set: 2.0ms
[2024-01-16T12:27:35.720+0000][7][gc,phases   ] GC(70)   Post Evacuate Collection Set: 0.6ms
[2024-01-16T12:27:35.720+0000][7][gc,phases   ] GC(70)   Other: 0.3ms
[2024-01-16T12:27:35.721+0000][7][gc,age      ] GC(70) Age table with threshold 15 (max threshold 15)
[2024-01-16T12:27:35.721+0000][7][gc,age      ] GC(70) - age   1:    1265320 bytes,    1265320 total
[2024-01-16T12:27:35.721+0000][7][gc,age      ] GC(70) - age   2:      17424 bytes,    1282744 total
[2024-01-16T12:27:35.721+0000][7][gc,age      ] GC(70) - age   3:      24912 bytes,    1307656 total
[2024-01-16T12:27:35.721+0000][7][gc,age      ] GC(70) - age   4:      12392 bytes,    1320048 total
[2024-01-16T12:27:35.721+0000][7][gc,age      ] GC(70) - age   5:      30384 bytes,    1350432 total
[2024-01-16T12:27:35.721+0000][7][gc,age      ] GC(70) - age   6:       3944 bytes,    1354376 total
[2024-01-16T12:27:35.721+0000][7][gc,age      ] GC(70) - age   7:       7824 bytes,    1362200 total
[2024-01-16T12:27:35.721+0000][7][gc,age      ] GC(70) - age   8:      13360 bytes,    1375560 total
[2024-01-16T12:27:35.722+0000][7][gc,age      ] GC(70) - age   9:       9664 bytes,    1385224 total
[2024-01-16T12:27:35.722+0000][7][gc,age      ] GC(70) - age  10:       5488 bytes,    1390712 total
[2024-01-16T12:27:35.722+0000][7][gc,age      ] GC(70) - age  11:      45936 bytes,    1436648 total
[2024-01-16T12:27:35.722+0000][7][gc,age      ] GC(70) - age  12:       6352 bytes,    1443000 total
[2024-01-16T12:27:35.722+0000][7][gc,age      ] GC(70) - age  13:      64976 bytes,    1507976 total
[2024-01-16T12:27:35.722+0000][7][gc,age      ] GC(70) - age  14:      15216 bytes,    1523192 total
[2024-01-16T12:27:35.722+0000][7][gc,age      ] GC(70) - age  15:       8320 bytes,    1531512 total
[2024-01-16T12:27:35.722+0000][7][gc,heap     ] GC(70) Eden regions: 75->0(75)
[2024-01-16T12:27:35.722+0000][7][gc,heap     ] GC(70) Survivor regions: 1->1(10)
[2024-01-16T12:27:35.722+0000][7][gc,heap     ] GC(70) Old regions: 23->23
[2024-01-16T12:27:35.722+0000][7][gc,heap     ] GC(70) Humongous regions: 2->2
[2024-01-16T12:27:35.723+0000][7][gc,metaspace] GC(70) Metaspace: 119798K(124160K)->119798K(124160K) NonClass: 104021K(106368K)->104021K(106368K) Class: 15776K(17792K)->15776K(17792K)
[2024-01-16T12:27:35.723+0000][7][gc          ] GC(70) Pause Young (Normal) (G1 Evacuation Pause) 400M->100M(512M) 6.428ms
[2024-01-16T12:27:35.723+0000][7][gc,cpu      ] GC(70) User=0.01s Sys=0.00s Real=0.01s
[2024-01-16T12:27:35.723+0000][7][safepoint   ] Safepoint "G1CollectForAllocation", Time since last: 23418215213 ns, Reaching safepoint: 32653 ns, Cleanup: 2945 ns, At safepoint: 6711578 ns, Total: 6747176 ns
[2024-01-16T12:27:39.723+0000][7][safepoint   ] Safepoint "Cleanup", Time since last: 4000442493 ns, Reaching safepoint: 16161 ns, Cleanup: 10720 ns, At safepoint: 10630 ns, Total: 37511 ns
[2024-01-16T12:27:44.724+0000][7][safepoint   ] Safepoint "Cleanup", Time since last: 5000525825 ns, Reaching safepoint: 15740 ns, Cleanup: 10670 ns, At safepoint: 2405 ns, Total: 28815 ns
[2024-01-16T12:27:45.724+0000][7][safepoint   ] Safepoint "Cleanup", Time since last: 1000249520 ns, Reaching safepoint: 17193 ns, Cleanup: 10630 ns, At safepoint: 3176 ns, Total: 30999 ns
[2024-01-16T12:27:46.725+0000][7][safepoint   ] Safepoint "Cleanup", Time since last: 1000345709 ns, Reaching safepoint: 17914 ns, Cleanup: 12764 ns, At safepoint: 2886 ns, Total: 33564 ns
[2024-01-16T12:27:47.725+0000][7][safepoint   ] Safepoint "Cleanup", Time since last: 1000334512 ns, Reaching safepoint: 15730 ns, Cleanup: 5621 ns, At safepoint: 11652 ns, Total: 33003 ns
[2024-01-16T12:27:48.725+0000][7][safepoint   ] Safepoint "Cleanup", Time since last: 1000297331 ns, Reaching safepoint: 18476 ns, Cleanup: 12764 ns, At safepoint: 2795 ns, Total: 34035 ns
[2024-01-16T12:27:51.317+0000][7][safepoint   ] Safepoint "Cleanup", Time since last: 2591665286 ns, Reaching safepoint: 17865 ns, Cleanup: 11902 ns, At safepoint: 3076 ns, Total: 32843 ns
[2024-01-16T12:28:02.318+0000][7][safepoint   ] Safepoint "Cleanup", Time since last: 11001208206 ns, Reaching safepoint: 17904 ns, Cleanup: 11072 ns, At safepoint: 2414 ns, Total: 31390 ns
[2024-01-16T12:28:03.319+0000][7][safepoint   ] Safepoint "Cleanup", Time since last: 1000408970 ns, Reaching safepoint: 17714 ns, Cleanup: 14447 ns, At safepoint: 2816 ns, Total: 34977 ns
[2024-01-16T12:28:07.319+0000][7][safepoint   ] Safepoint "Cleanup", Time since last: 4000596341 ns, Reaching safepoint: 38534 ns, Cleanup: 11872 ns, At safepoint: 3207 ns, Total: 53613 ns
[2024-01-16T12:28:09.320+0000][7][safepoint   ] Safepoint "Cleanup", Time since last: 2000493368 ns, Reaching safepoint: 18596 ns, Cleanup: 12243 ns, At safepoint: 2906 ns, Total: 33745 ns
[2024-01-16T12:28:16.321+0000][7][safepoint   ] Safepoint "Cleanup", Time since last: 7000963136 ns, Reaching safepoint: 18716 ns, Cleanup: 14127 ns, At safepoint: 2845 ns, Total: 35688 ns
[2024-01-16T12:28:35.764+0000][7][gc,start    ] GC(71) Pause Young (Concurrent Start) (G1 Evacuation Pause)
[2024-01-16T12:28:35.764+0000][7][gc,task     ] GC(71) Using 12 workers of 13 for evacuation
[2024-01-16T12:28:35.764+0000][7][gc,age      ] GC(71) Desired survivor size 20971520 bytes, new threshold 15 (max threshold 15)
[2024-01-16T12:28:35.767+0000][7][gc,phases   ] GC(71)   Pre Evacuate Collection Set: 0.2ms
[2024-01-16T12:28:35.767+0000][7][gc,phases   ] GC(71)   Merge Heap Roots: 0.1ms
[2024-01-16T12:28:35.767+0000][7][gc,phases   ] GC(71)   Evacuate Collection Set: 1.9ms
[2024-01-16T12:28:35.767+0000][7][gc,phases   ] GC(71)   Post Evacuate Collection Set: 0.5ms
[2024-01-16T12:28:35.768+0000][7][gc,phases   ] GC(71)   Other: 0.3ms
[2024-01-16T12:28:35.768+0000][7][gc,age      ] GC(71) Age table with threshold 15 (max threshold 15)
[2024-01-16T12:28:35.768+0000][7][gc,age      ] GC(71) - age   1:    2006816 bytes,    2006816 total
[2024-01-16T12:28:35.768+0000][7][gc,age      ] GC(71) - age   2:      17976 bytes,    2024792 total
[2024-01-16T12:28:35.768+0000][7][gc,age      ] GC(71) - age   3:      13760 bytes,    2038552 total
[2024-01-16T12:28:35.768+0000][7][gc,age      ] GC(71) - age   4:      20112 bytes,    2058664 total
[2024-01-16T12:28:35.768+0000][7][gc,age      ] GC(71) - age   5:      11152 bytes,    2069816 total
[2024-01-16T12:28:35.768+0000][7][gc,age      ] GC(71) - age   6:      30384 bytes,    2100200 total
[2024-01-16T12:28:35.768+0000][7][gc,age      ] GC(71) - age   7:       3944 bytes,    2104144 total
[2024-01-16T12:28:35.768+0000][7][gc,age      ] GC(71) - age   8:       6480 bytes,    2110624 total
[2024-01-16T12:28:35.768+0000][7][gc,age      ] GC(71) - age   9:      13360 bytes,    2123984 total
[2024-01-16T12:28:35.769+0000][7][gc,age      ] GC(71) - age  10:       9664 bytes,    2133648 total
[2024-01-16T12:28:35.769+0000][7][gc,age      ] GC(71) - age  11:       5488 bytes,    2139136 total
[2024-01-16T12:28:35.769+0000][7][gc,age      ] GC(71) - age  12:      45936 bytes,    2185072 total
[2024-01-16T12:28:35.769+0000][7][gc,age      ] GC(71) - age  13:       6352 bytes,    2191424 total
[2024-01-16T12:28:35.769+0000][7][gc,age      ] GC(71) - age  14:      64976 bytes,    2256400 total
[2024-01-16T12:28:35.769+0000][7][gc,age      ] GC(71) - age  15:      15216 bytes,    2271616 total
[2024-01-16T12:28:35.769+0000][7][gc,heap     ] GC(71) Eden regions: 75->0(75)
[2024-01-16T12:28:35.769+0000][7][gc,heap     ] GC(71) Survivor regions: 1->1(10)
[2024-01-16T12:28:35.769+0000][7][gc,heap     ] GC(71) Old regions: 23->23
[2024-01-16T12:28:35.769+0000][7][gc,heap     ] GC(71) Humongous regions: 2->2
[2024-01-16T12:28:35.770+0000][7][gc,metaspace] GC(71) Metaspace: 119807K(124160K)->119807K(124160K) NonClass: 104030K(106368K)->104030K(106368K) Class: 15776K(17792K)->15776K(17792K)
[2024-01-16T12:28:35.770+0000][7][gc          ] GC(71) Pause Young (Concurrent Start) (G1 Evacuation Pause) 400M->101M(512M) 5.853ms
[2024-01-16T12:28:35.770+0000][7][gc          ] GC(72) Concurrent Mark Cycle
[2024-01-16T12:28:35.770+0000][7][gc,marking  ] GC(72) Concurrent Scan Root Regions
[2024-01-16T12:28:35.770+0000][7][gc,cpu      ] GC(71) User=0.02s Sys=0.00s Real=0.01s
[2024-01-16T12:28:35.770+0000][7][safepoint   ] Safepoint "G1CollectForAllocation", Time since last: 19442882083 ns, Reaching safepoint: 16572 ns, Cleanup: 9057 ns, At safepoint: 6332850 ns, Total: 6358479 ns
[2024-01-16T12:28:35.771+0000][7][gc,marking  ] GC(72) Concurrent Scan Root Regions 1.050ms
[2024-01-16T12:28:35.771+0000][7][gc,marking  ] GC(72) Concurrent Mark
[2024-01-16T12:28:35.771+0000][7][gc,marking  ] GC(72) Concurrent Mark From Roots
[2024-01-16T12:28:35.771+0000][7][gc,task     ] GC(72) Using 3 workers of 3 for marking
[2024-01-16T12:28:35.797+0000][7][gc,marking  ] GC(72) Concurrent Mark From Roots 25.472ms
[2024-01-16T12:28:35.797+0000][7][gc,marking  ] GC(72) Concurrent Preclean
[2024-01-16T12:28:35.797+0000][7][gc,marking  ] GC(72) Concurrent Preclean 0.243ms
[2024-01-16T12:28:35.797+0000][7][gc,start    ] GC(72) Pause Remark
[2024-01-16T12:28:35.802+0000][7][gc          ] GC(72) Pause Remark 105M->105M(512M) 4.877ms
[2024-01-16T12:28:35.802+0000][7][gc,cpu      ] GC(72) User=0.03s Sys=0.00s Real=0.01s
[2024-01-16T12:28:35.802+0000][7][safepoint   ] Safepoint "G1PauseRemark", Time since last: 27009148 ns, Reaching safepoint: 15068 ns, Cleanup: 2225 ns, At safepoint: 5312919 ns, Total: 5330212 ns
[2024-01-16T12:28:35.803+0000][7][gc,marking  ] GC(72) Concurrent Mark 31.576ms
[2024-01-16T12:28:35.803+0000][7][gc,marking  ] GC(72) Concurrent Rebuild Remembered Sets and Scrub Regions
[2024-01-16T12:28:35.812+0000][7][gc,marking  ] GC(72) Concurrent Rebuild Remembered Sets and Scrub Regions 9.115ms
[2024-01-16T12:28:35.812+0000][7][gc,start    ] GC(72) Pause Cleanup
[2024-01-16T12:28:35.812+0000][7][gc          ] GC(72) Pause Cleanup 107M->107M(512M) 0.264ms
[2024-01-16T12:28:35.813+0000][7][gc,cpu      ] GC(72) User=0.00s Sys=0.00s Real=0.00s
[2024-01-16T12:28:35.813+0000][7][safepoint   ] Safepoint "G1PauseCleanup", Time since last: 9633503 ns, Reaching safepoint: 12514 ns, Cleanup: 5811 ns, At safepoint: 544501 ns, Total: 562826 ns
[2024-01-16T12:28:35.813+0000][7][gc,marking  ] GC(72) Concurrent Clear Claimed Marks
[2024-01-16T12:28:35.813+0000][7][gc,marking  ] GC(72) Concurrent Clear Claimed Marks 0.277ms
[2024-01-16T12:28:35.813+0000][7][gc,marking  ] GC(72) Concurrent Cleanup for Next Mark
[2024-01-16T12:28:35.814+0000][7][gc,marking  ] GC(72) Concurrent Cleanup for Next Mark 0.521ms
[2024-01-16T12:28:35.814+0000][7][gc          ] GC(72) Concurrent Mark Cycle 44.056ms
[2024-01-16T12:28:36.813+0000][7][safepoint   ] Safepoint "Cleanup", Time since last: 1000230949 ns, Reaching safepoint: 18626 ns, Cleanup: 11401 ns, At safepoint: 2365 ns, Total: 32392 ns
[2024-01-16T12:28:51.339+0000][7][safepoint   ] Safepoint "Cleanup", Time since last: 14525977851 ns, Reaching safepoint: 17854 ns, Cleanup: 23415 ns, At safepoint: 2805 ns, Total: 44074 ns
[2024-01-16T12:29:01.340+0000][7][safepoint   ] Safepoint "Cleanup", Time since last: 10001177219 ns, Reaching safepoint: 17614 ns, Cleanup: 11321 ns, At safepoint: 2846 ns, Total: 31781 ns
[2024-01-16T12:29:07.341+0000][7][safepoint   ] Safepoint "Cleanup", Time since last: 6000986713 ns, Reaching safepoint: 37953 ns, Cleanup: 11592 ns, At safepoint: 2805 ns, Total: 52350 ns
[2024-01-16T12:29:09.342+0000][7][safepoint   ] Safepoint "Cleanup", Time since last: 2000534663 ns, Reaching safepoint: 17183 ns, Cleanup: 8777 ns, At safepoint: 2334 ns, Total: 28294 ns
[2024-01-16T12:29:14.342+0000][7][safepoint   ] Safepoint "Cleanup", Time since last: 5000545106 ns, Reaching safepoint: 19688 ns, Cleanup: 12915 ns, At safepoint: 3015 ns, Total: 35618 ns
[2024-01-16T12:29:15.343+0000][7][safepoint   ] Safepoint "Cleanup", Time since last: 1000344617 ns, Reaching safepoint: 18155 ns, Cleanup: 13044 ns, At safepoint: 2405 ns, Total: 33604 ns
[2024-01-16T12:29:18.343+0000][7][safepoint   ] Safepoint "Cleanup", Time since last: 3000549855 ns, Reaching safepoint: 18856 ns, Cleanup: 12574 ns, At safepoint: 3066 ns, Total: 34496 ns
[2024-01-16T12:29:21.344+0000][7][safepoint   ] Safepoint "Cleanup", Time since last: 3000637872 ns, Reaching safepoint: 18325 ns, Cleanup: 12253 ns, At safepoint: 3447 ns, Total: 34025 ns
[2024-01-16T12:29:35.634+0000][7][gc,start    ] GC(73) Pause Young (Normal) (G1 Evacuation Pause)
[2024-01-16T12:29:35.635+0000][7][gc,task     ] GC(73) Using 12 workers of 13 for evacuation
[2024-01-16T12:29:35.635+0000][7][gc,age      ] GC(73) Desired survivor size 20971520 bytes, new threshold 15 (max threshold 15)
[2024-01-16T12:29:35.638+0000][7][gc,phases   ] GC(73)   Pre Evacuate Collection Set: 0.2ms
[2024-01-16T12:29:35.639+0000][7][gc,phases   ] GC(73)   Merge Heap Roots: 0.1ms
[2024-01-16T12:29:35.639+0000][7][gc,phases   ] GC(73)   Evacuate Collection Set: 2.5ms
[2024-01-16T12:29:35.639+0000][7][gc,phases   ] GC(73)   Post Evacuate Collection Set: 0.6ms
[2024-01-16T12:29:35.639+0000][7][gc,phases   ] GC(73)   Other: 0.4ms
[2024-01-16T12:29:35.639+0000][7][gc,age      ] GC(73) Age table with threshold 15 (max threshold 15)
[2024-01-16T12:29:35.639+0000][7][gc,age      ] GC(73) - age   1:    1305016 bytes,    1305016 total
[2024-01-16T12:29:35.639+0000][7][gc,age      ] GC(73) - age   2:      25072 bytes,    1330088 total
[2024-01-16T12:29:35.640+0000][7][gc,age      ] GC(73) - age   3:      12856 bytes,    1342944 total
[2024-01-16T12:29:35.640+0000][7][gc,age      ] GC(73) - age   4:      13440 bytes,    1356384 total
[2024-01-16T12:29:35.640+0000][7][gc,age      ] GC(73) - age   5:      10128 bytes,    1366512 total
[2024-01-16T12:29:35.640+0000][7][gc,age      ] GC(73) - age   6:       7824 bytes,    1374336 total
[2024-01-16T12:29:35.640+0000][7][gc,age      ] GC(73) - age   7:      30384 bytes,    1404720 total
[2024-01-16T12:29:35.640+0000][7][gc,age      ] GC(73) - age   8:       3944 bytes,    1408664 total
[2024-01-16T12:29:35.640+0000][7][gc,age      ] GC(73) - age   9:       6480 bytes,    1415144 total
[2024-01-16T12:29:35.640+0000][7][gc,age      ] GC(73) - age  10:      13360 bytes,    1428504 total
[2024-01-16T12:29:35.640+0000][7][gc,age      ] GC(73) - age  11:       9664 bytes,    1438168 total
[2024-01-16T12:29:35.641+0000][7][gc,age      ] GC(73) - age  12:       5488 bytes,    1443656 total
[2024-01-16T12:29:35.641+0000][7][gc,age      ] GC(73) - age  13:      45936 bytes,    1489592 total
[2024-01-16T12:29:35.641+0000][7][gc,age      ] GC(73) - age  14:       6352 bytes,    1495944 total
[2024-01-16T12:29:35.641+0000][7][gc,age      ] GC(73) - age  15:      64976 bytes,    1560920 total
[2024-01-16T12:29:35.641+0000][7][gc,heap     ] GC(73) Eden regions: 75->0(75)
[2024-01-16T12:29:35.641+0000][7][gc,heap     ] GC(73) Survivor regions: 1->1(10)
[2024-01-16T12:29:35.641+0000][7][gc,heap     ] GC(73) Old regions: 23->23
[2024-01-16T12:29:35.641+0000][7][gc,heap     ] GC(73) Humongous regions: 2->2
[2024-01-16T12:29:35.641+0000][7][gc,metaspace] GC(73) Metaspace: 119823K(124160K)->119823K(124160K) NonClass: 104046K(106368K)->104046K(106368K) Class: 15776K(17792K)->15776K(17792K)
[2024-01-16T12:29:35.642+0000][7][gc          ] GC(73) Pause Young (Normal) (G1 Evacuation Pause) 401M->100M(512M) 7.191ms
[2024-01-16T12:29:35.642+0000][7][gc,cpu      ] GC(73) User=0.02s Sys=0.00s Real=0.01s
[2024-01-16T12:29:35.642+0000][7][safepoint   ] Safepoint "G1CollectForAllocation", Time since last: 14290347473 ns, Reaching safepoint: 20699 ns, Cleanup: 3276 ns, At safepoint: 7630089 ns, Total: 7654064 ns
[2024-01-16T12:29:48.643+0000][7][safepoint   ] Safepoint "Cleanup", Time since last: 13001241555 ns, Reaching safepoint: 18565 ns, Cleanup: 23335 ns, At safepoint: 2775 ns, Total: 44675 ns
[2024-01-16T12:29:51.362+0000][7][safepoint   ] Safepoint "Cleanup", Time since last: 2718777188 ns, Reaching safepoint: 17673 ns, Cleanup: 31961 ns, At safepoint: 3116 ns, Total: 52750 ns
[2024-01-16T12:30:00.363+0000][7][safepoint   ] Safepoint "Cleanup", Time since last: 9001067332 ns, Reaching safepoint: 19577 ns, Cleanup: 12895 ns, At safepoint: 3096 ns, Total: 35568 ns
[2024-01-16T12:30:01.364+0000][7][safepoint   ] Safepoint "Cleanup", Time since last: 1000326902 ns, Reaching safepoint: 18065 ns, Cleanup: 11902 ns, At safepoint: 2786 ns, Total: 32753 ns
[2024-01-16T12:30:03.364+0000][7][safepoint   ] Safepoint "Cleanup", Time since last: 2000460967 ns, Reaching safepoint: 20729 ns, Cleanup: 12935 ns, At safepoint: 3296 ns, Total: 36960 ns
[2024-01-16T12:30:06.365+0000][7][safepoint   ] Safepoint "Cleanup", Time since last: 3000561738 ns, Reaching safepoint: 40387 ns, Cleanup: 14658 ns, At safepoint: 3216 ns, Total: 58261 ns
[2024-01-16T12:30:09.365+0000][7][safepoint   ] Safepoint "Cleanup", Time since last: 3000503837 ns, Reaching safepoint: 18575 ns, Cleanup: 13225 ns, At safepoint: 2866 ns, Total: 34666 ns
[2024-01-16T12:30:12.366+0000][7][safepoint   ] Safepoint "Cleanup", Time since last: 3000528864 ns, Reaching safepoint: 18967 ns, Cleanup: 11943 ns, At safepoint: 2745 ns, Total: 33655 ns
[2024-01-16T12:30:15.366+0000][7][safepoint   ] Safepoint "Cleanup", Time since last: 3000529906 ns, Reaching safepoint: 15620 ns, Cleanup: 13636 ns, At safepoint: 2295 ns, Total: 31551 ns
[2024-01-16T12:30:21.367+0000][7][safepoint   ] Safepoint "Cleanup", Time since last: 6000661451 ns, Reaching safepoint: 17754 ns, Cleanup: 14768 ns, At safepoint: 2745 ns, Total: 35267 ns
[2024-01-16T12:30:28.368+0000][7][safepoint   ] Safepoint "Cleanup", Time since last: 7000856673 ns, Reaching safepoint: 17634 ns, Cleanup: 12283 ns, At safepoint: 2445 ns, Total: 32362 ns
[2024-01-16T12:30:32.739+0000][7][gc,start    ] GC(74) Pause Young (Concurrent Start) (G1 Evacuation Pause)
[2024-01-16T12:30:32.739+0000][7][gc,task     ] GC(74) Using 12 workers of 13 for evacuation
[2024-01-16T12:30:32.739+0000][7][gc,age      ] GC(74) Desired survivor size 20971520 bytes, new threshold 15 (max threshold 15)
[2024-01-16T12:30:32.742+0000][7][gc,phases   ] GC(74)   Pre Evacuate Collection Set: 0.2ms
[2024-01-16T12:30:32.742+0000][7][gc,phases   ] GC(74)   Merge Heap Roots: 0.1ms
[2024-01-16T12:30:32.742+0000][7][gc,phases   ] GC(74)   Evacuate Collection Set: 1.8ms
[2024-01-16T12:30:32.742+0000][7][gc,phases   ] GC(74)   Post Evacuate Collection Set: 0.6ms
[2024-01-16T12:30:32.742+0000][7][gc,phases   ] GC(74)   Other: 0.3ms
[2024-01-16T12:30:32.742+0000][7][gc,age      ] GC(74) Age table with threshold 15 (max threshold 15)
[2024-01-16T12:30:32.742+0000][7][gc,age      ] GC(74) - age   1:    1531144 bytes,    1531144 total
[2024-01-16T12:30:32.742+0000][7][gc,age      ] GC(74) - age   2:      26560 bytes,    1557704 total
[2024-01-16T12:30:32.742+0000][7][gc,age      ] GC(74) - age   3:      21528 bytes,    1579232 total
[2024-01-16T12:30:32.742+0000][7][gc,age      ] GC(74) - age   4:      10064 bytes,    1589296 total
[2024-01-16T12:30:32.742+0000][7][gc,age      ] GC(74) - age   5:      11680 bytes,    1600976 total
[2024-01-16T12:30:32.743+0000][7][gc,age      ] GC(74) - age   6:       7968 bytes,    1608944 total
[2024-01-16T12:30:32.743+0000][7][gc,age      ] GC(74) - age   7:       7712 bytes,    1616656 total
[2024-01-16T12:30:32.743+0000][7][gc,age      ] GC(74) - age   8:      11008 bytes,    1627664 total
[2024-01-16T12:30:32.743+0000][7][gc,age      ] GC(74) - age   9:       3944 bytes,    1631608 total
[2024-01-16T12:30:32.743+0000][7][gc,age      ] GC(74) - age  10:       6480 bytes,    1638088 total
[2024-01-16T12:30:32.743+0000][7][gc,age      ] GC(74) - age  11:      13224 bytes,    1651312 total
[2024-01-16T12:30:32.743+0000][7][gc,age      ] GC(74) - age  12:       9664 bytes,    1660976 total
[2024-01-16T12:30:32.743+0000][7][gc,age      ] GC(74) - age  13:       5488 bytes,    1666464 total
[2024-01-16T12:30:32.743+0000][7][gc,age      ] GC(74) - age  14:      45936 bytes,    1712400 total
[2024-01-16T12:30:32.743+0000][7][gc,age      ] GC(74) - age  15:       6352 bytes,    1718752 total
[2024-01-16T12:30:32.743+0000][7][gc,heap     ] GC(74) Eden regions: 75->0(75)
[2024-01-16T12:30:32.743+0000][7][gc,heap     ] GC(74) Survivor regions: 1->1(10)
[2024-01-16T12:30:32.743+0000][7][gc,heap     ] GC(74) Old regions: 23->23
[2024-01-16T12:30:32.744+0000][7][gc,heap     ] GC(74) Humongous regions: 2->2
[2024-01-16T12:30:32.744+0000][7][gc,metaspace] GC(74) Metaspace: 119839K(124160K)->119839K(124160K) NonClass: 104061K(106368K)->104061K(106368K) Class: 15777K(17792K)->15777K(17792K)
[2024-01-16T12:30:32.744+0000][7][gc          ] GC(74) Pause Young (Concurrent Start) (G1 Evacuation Pause) 400M->101M(512M) 5.127ms
[2024-01-16T12:30:32.744+0000][7][gc          ] GC(75) Concurrent Mark Cycle
[2024-01-16T12:30:32.744+0000][7][gc,marking  ] GC(75) Concurrent Scan Root Regions
[2024-01-16T12:30:32.744+0000][7][gc,cpu      ] GC(74) User=0.01s Sys=0.00s Real=0.01s
[2024-01-16T12:30:32.744+0000][7][safepoint   ] Safepoint "G1CollectForAllocation", Time since last: 4370713147 ns, Reaching safepoint: 13857 ns, Cleanup: 7564 ns, At safepoint: 5621925 ns, Total: 5643346 ns
[2024-01-16T12:30:32.745+0000][7][gc,marking  ] GC(75) Concurrent Scan Root Regions 1.115ms
[2024-01-16T12:30:32.745+0000][7][gc,marking  ] GC(75) Concurrent Mark
[2024-01-16T12:30:32.745+0000][7][gc,marking  ] GC(75) Concurrent Mark From Roots
[2024-01-16T12:30:32.745+0000][7][gc,task     ] GC(75) Using 3 workers of 3 for marking
[2024-01-16T12:30:32.770+0000][7][gc,marking  ] GC(75) Concurrent Mark From Roots 24.474ms
[2024-01-16T12:30:32.770+0000][7][gc,marking  ] GC(75) Concurrent Preclean
[2024-01-16T12:30:32.770+0000][7][gc,marking  ] GC(75) Concurrent Preclean 0.242ms
[2024-01-16T12:30:32.770+0000][7][gc,start    ] GC(75) Pause Remark
[2024-01-16T12:30:32.774+0000][7][gc          ] GC(75) Pause Remark 101M->101M(512M) 3.691ms
[2024-01-16T12:30:32.774+0000][7][gc,cpu      ] GC(75) User=0.03s Sys=0.00s Real=0.00s
[2024-01-16T12:30:32.774+0000][7][safepoint   ] Safepoint "G1PauseRemark", Time since last: 26236958 ns, Reaching safepoint: 15920 ns, Cleanup: 3006 ns, At safepoint: 4022518 ns, Total: 4041444 ns
[2024-01-16T12:30:32.775+0000][7][gc,marking  ] GC(75) Concurrent Mark 29.388ms
[2024-01-16T12:30:32.775+0000][7][gc,marking  ] GC(75) Concurrent Rebuild Remembered Sets and Scrub Regions
[2024-01-16T12:30:32.783+0000][7][gc,marking  ] GC(75) Concurrent Rebuild Remembered Sets and Scrub Regions 8.570ms
[2024-01-16T12:30:32.784+0000][7][gc,start    ] GC(75) Pause Cleanup
[2024-01-16T12:30:32.784+0000][7][gc          ] GC(75) Pause Cleanup 101M->101M(512M) 0.236ms
[2024-01-16T12:30:32.784+0000][7][gc,cpu      ] GC(75) User=0.00s Sys=0.00s Real=0.00s
[2024-01-16T12:30:32.784+0000][7][safepoint   ] Safepoint "G1PauseCleanup", Time since last: 9041251 ns, Reaching safepoint: 14638 ns, Cleanup: 4168 ns, At safepoint: 450761 ns, Total: 469567 ns
[2024-01-16T12:30:32.784+0000][7][gc,marking  ] GC(75) Concurrent Clear Claimed Marks
[2024-01-16T12:30:32.784+0000][7][gc,marking  ] GC(75) Concurrent Clear Claimed Marks 0.272ms
[2024-01-16T12:30:32.784+0000][7][gc,marking  ] GC(75) Concurrent Cleanup for Next Mark
[2024-01-16T12:30:32.785+0000][7][gc,marking  ] GC(75) Concurrent Cleanup for Next Mark 0.429ms
[2024-01-16T12:30:32.785+0000][7][gc          ] GC(75) Concurrent Mark Cycle 41.159ms
[2024-01-16T12:30:35.784+0000][7][safepoint   ] Safepoint "Cleanup", Time since last: 3000328843 ns, Reaching safepoint: 38724 ns, Cleanup: 8957 ns, At safepoint: 11843 ns, Total: 59524 ns
[2024-01-16T12:30:44.785+0000][7][safepoint   ] Safepoint "Cleanup", Time since last: 9000932002 ns, Reaching safepoint: 15479 ns, Cleanup: 8136 ns, At safepoint: 2475 ns, Total: 26090 ns
[2024-01-16T12:30:51.384+0000][7][safepoint   ] Safepoint "Cleanup", Time since last: 6599017253 ns, Reaching safepoint: 14759 ns, Cleanup: 10229 ns, At safepoint: 2415 ns, Total: 27403 ns
[2024-01-16T12:31:00.385+0000][7][safepoint   ] Safepoint "Cleanup", Time since last: 9000897817 ns, Reaching safepoint: 19096 ns, Cleanup: 15951 ns, At safepoint: 3056 ns, Total: 38103 ns
[2024-01-16T12:31:09.386+0000][7][safepoint   ] Safepoint "Cleanup", Time since last: 9000996395 ns, Reaching safepoint: 18526 ns, Cleanup: 16451 ns, At safepoint: 3056 ns, Total: 38033 ns
[2024-01-16T12:31:15.387+0000][7][safepoint   ] Safepoint "Cleanup", Time since last: 6000761783 ns, Reaching safepoint: 19167 ns, Cleanup: 13295 ns, At safepoint: 3116 ns, Total: 35578 ns
[2024-01-16T12:31:27.389+0000][7][safepoint   ] Safepoint "Cleanup", Time since last: 12001819488 ns, Reaching safepoint: 22743 ns, Cleanup: 21852 ns, At safepoint: 2956 ns, Total: 47551 ns
[2024-01-16T12:31:31.390+0000][7][safepoint   ] Safepoint "Cleanup", Time since last: 4000572600 ns, Reaching safepoint: 15951 ns, Cleanup: 12714 ns, At safepoint: 2314 ns, Total: 30979 ns
[2024-01-16T12:31:32.692+0000][7][gc,start    ] GC(76) Pause Young (Normal) (G1 Evacuation Pause)
[2024-01-16T12:31:32.693+0000][7][gc,task     ] GC(76) Using 12 workers of 13 for evacuation
[2024-01-16T12:31:32.693+0000][7][gc,age      ] GC(76) Desired survivor size 20971520 bytes, new threshold 15 (max threshold 15)
[2024-01-16T12:31:32.696+0000][7][gc,phases   ] GC(76)   Pre Evacuate Collection Set: 0.2ms
[2024-01-16T12:31:32.696+0000][7][gc,phases   ] GC(76)   Merge Heap Roots: 0.1ms
[2024-01-16T12:31:32.696+0000][7][gc,phases   ] GC(76)   Evacuate Collection Set: 2.1ms
[2024-01-16T12:31:32.696+0000][7][gc,phases   ] GC(76)   Post Evacuate Collection Set: 0.5ms
[2024-01-16T12:31:32.696+0000][7][gc,phases   ] GC(76)   Other: 0.3ms
[2024-01-16T12:31:32.696+0000][7][gc,age      ] GC(76) Age table with threshold 15 (max threshold 15)
[2024-01-16T12:31:32.696+0000][7][gc,age      ] GC(76) - age   1:     832912 bytes,     832912 total
[2024-01-16T12:31:32.696+0000][7][gc,age      ] GC(76) - age   2:      27800 bytes,     860712 total
[2024-01-16T12:31:32.697+0000][7][gc,age      ] GC(76) - age   3:      23888 bytes,     884600 total
[2024-01-16T12:31:32.697+0000][7][gc,age      ] GC(76) - age   4:      20600 bytes,     905200 total
[2024-01-16T12:31:32.697+0000][7][gc,age      ] GC(76) - age   5:       7312 bytes,     912512 total
[2024-01-16T12:31:32.697+0000][7][gc,age      ] GC(76) - age   6:      11680 bytes,     924192 total
[2024-01-16T12:31:32.697+0000][7][gc,age      ] GC(76) - age   7:       7968 bytes,     932160 total
[2024-01-16T12:31:32.697+0000][7][gc,age      ] GC(76) - age   8:       7712 bytes,     939872 total
[2024-01-16T12:31:32.697+0000][7][gc,age      ] GC(76) - age   9:      11008 bytes,     950880 total
[2024-01-16T12:31:32.697+0000][7][gc,age      ] GC(76) - age  10:       3944 bytes,     954824 total
[2024-01-16T12:31:32.697+0000][7][gc,age      ] GC(76) - age  11:       6480 bytes,     961304 total
[2024-01-16T12:31:32.697+0000][7][gc,age      ] GC(76) - age  12:      13224 bytes,     974528 total
[2024-01-16T12:31:32.697+0000][7][gc,age      ] GC(76) - age  13:       9664 bytes,     984192 total
[2024-01-16T12:31:32.698+0000][7][gc,age      ] GC(76) - age  14:       5488 bytes,     989680 total
[2024-01-16T12:31:32.698+0000][7][gc,age      ] GC(76) - age  15:      45936 bytes,    1035616 total
[2024-01-16T12:31:32.698+0000][7][gc,heap     ] GC(76) Eden regions: 75->0(75)
[2024-01-16T12:31:32.698+0000][7][gc,heap     ] GC(76) Survivor regions: 1->1(10)
[2024-01-16T12:31:32.698+0000][7][gc,heap     ] GC(76) Old regions: 23->23
[2024-01-16T12:31:32.698+0000][7][gc,heap     ] GC(76) Humongous regions: 2->2
[2024-01-16T12:31:32.698+0000][7][gc,metaspace] GC(76) Metaspace: 119850K(124160K)->119850K(124160K) NonClass: 104072K(106368K)->104072K(106368K) Class: 15778K(17792K)->15778K(17792K)
[2024-01-16T12:31:32.698+0000][7][gc          ] GC(76) Pause Young (Normal) (G1 Evacuation Pause) 401M->100M(512M) 5.757ms
[2024-01-16T12:31:32.698+0000][7][gc,cpu      ] GC(76) User=0.02s Sys=0.00s Real=0.00s
[2024-01-16T12:31:32.698+0000][7][safepoint   ] Safepoint "G1CollectForAllocation", Time since last: 1302737817 ns, Reaching safepoint: 15679 ns, Cleanup: 3247 ns, At safepoint: 6010288 ns, Total: 6029214 ns
[2024-01-16T12:31:39.699+0000][7][safepoint   ] Safepoint "Cleanup", Time since last: 7000697367 ns, Reaching safepoint: 19097 ns, Cleanup: 17734 ns, At safepoint: 2775 ns, Total: 39606 ns
[2024-01-16T12:31:40.700+0000][7][safepoint   ] Safepoint "Cleanup", Time since last: 1000358834 ns, Reaching safepoint: 17944 ns, Cleanup: 10681 ns, At safepoint: 2545 ns, Total: 31170 ns
[2024-01-16T12:31:45.700+0000][7][safepoint   ] Safepoint "Cleanup", Time since last: 5000753038 ns, Reaching safepoint: 18185 ns, Cleanup: 15159 ns, At safepoint: 2996 ns, Total: 36340 ns
[2024-01-16T12:31:57.407+0000][7][safepoint   ] Safepoint "Cleanup", Time since last: 11706247690 ns, Reaching safepoint: 16041 ns, Cleanup: 10740 ns, At safepoint: 2255 ns, Total: 29036 ns
[2024-01-16T12:31:59.407+0000][7][safepoint   ] Safepoint "Cleanup", Time since last: 2000455326 ns, Reaching safepoint: 28735 ns, Cleanup: 11872 ns, At safepoint: 2365 ns, Total: 42972 ns
[2024-01-16T12:32:01.408+0000][7][safepoint   ] Safepoint "Cleanup", Time since last: 2000428004 ns, Reaching safepoint: 17453 ns, Cleanup: 13205 ns, At safepoint: 2545 ns, Total: 33203 ns
[2024-01-16T12:32:03.408+0000][7][safepoint   ] Safepoint "Cleanup", Time since last: 2000483430 ns, Reaching safepoint: 17934 ns, Cleanup: 13175 ns, At safepoint: 2666 ns, Total: 33775 ns
[2024-01-16T12:32:12.409+0000][7][safepoint   ] Safepoint "Cleanup", Time since last: 9001053013 ns, Reaching safepoint: 38253 ns, Cleanup: 12735 ns, At safepoint: 2815 ns, Total: 53803 ns
[2024-01-16T12:32:21.410+0000][7][safepoint   ] Safepoint "Cleanup", Time since last: 9001100354 ns, Reaching safepoint: 18295 ns, Cleanup: 13125 ns, At safepoint: 3216 ns, Total: 34636 ns
[2024-01-16T12:32:33.399+0000][7][gc,start    ] GC(77) Pause Young (Concurrent Start) (G1 Evacuation Pause)
[2024-01-16T12:32:33.399+0000][7][gc,task     ] GC(77) Using 12 workers of 13 for evacuation
[2024-01-16T12:32:33.399+0000][7][gc,age      ] GC(77) Desired survivor size 20971520 bytes, new threshold 15 (max threshold 15)
[2024-01-16T12:32:33.402+0000][7][gc,phases   ] GC(77)   Pre Evacuate Collection Set: 0.2ms
[2024-01-16T12:32:33.402+0000][7][gc,phases   ] GC(77)   Merge Heap Roots: 0.1ms
[2024-01-16T12:32:33.402+0000][7][gc,phases   ] GC(77)   Evacuate Collection Set: 1.7ms
[2024-01-16T12:32:33.403+0000][7][gc,phases   ] GC(77)   Post Evacuate Collection Set: 0.6ms
[2024-01-16T12:32:33.403+0000][7][gc,phases   ] GC(77)   Other: 0.3ms
[2024-01-16T12:32:33.403+0000][7][gc,age      ] GC(77) Age table with threshold 15 (max threshold 15)
[2024-01-16T12:32:33.403+0000][7][gc,age      ] GC(77) - age   1:    1560256 bytes,    1560256 total
[2024-01-16T12:32:33.403+0000][7][gc,age      ] GC(77) - age   2:      20784 bytes,    1581040 total
[2024-01-16T12:32:33.403+0000][7][gc,age      ] GC(77) - age   3:      22312 bytes,    1603352 total
[2024-01-16T12:32:33.403+0000][7][gc,age      ] GC(77) - age   4:      16040 bytes,    1619392 total
[2024-01-16T12:32:33.403+0000][7][gc,age      ] GC(77) - age   5:      14256 bytes,    1633648 total
[2024-01-16T12:32:33.403+0000][7][gc,age      ] GC(77) - age   6:       7248 bytes,    1640896 total
[2024-01-16T12:32:33.403+0000][7][gc,age      ] GC(77) - age   7:       8992 bytes,    1649888 total
[2024-01-16T12:32:33.404+0000][7][gc,age      ] GC(77) - age   8:       7968 bytes,    1657856 total
[2024-01-16T12:32:33.404+0000][7][gc,age      ] GC(77) - age   9:       7712 bytes,    1665568 total
[2024-01-16T12:32:33.404+0000][7][gc,age      ] GC(77) - age  10:      11008 bytes,    1676576 total
[2024-01-16T12:32:33.404+0000][7][gc,age      ] GC(77) - age  11:       3944 bytes,    1680520 total
[2024-01-16T12:32:33.404+0000][7][gc,age      ] GC(77) - age  12:       6480 bytes,    1687000 total
[2024-01-16T12:32:33.404+0000][7][gc,age      ] GC(77) - age  13:      13224 bytes,    1700224 total
[2024-01-16T12:32:33.404+0000][7][gc,age      ] GC(77) - age  14:       9664 bytes,    1709888 total
[2024-01-16T12:32:33.404+0000][7][gc,age      ] GC(77) - age  15:       5488 bytes,    1715376 total
[2024-01-16T12:32:33.404+0000][7][gc,heap     ] GC(77) Eden regions: 75->0(75)
[2024-01-16T12:32:33.404+0000][7][gc,heap     ] GC(77) Survivor regions: 1->1(10)
[2024-01-16T12:32:33.404+0000][7][gc,heap     ] GC(77) Old regions: 23->23
[2024-01-16T12:32:33.405+0000][7][gc,heap     ] GC(77) Humongous regions: 2->2
[2024-01-16T12:32:33.405+0000][7][gc,metaspace] GC(77) Metaspace: 119877K(124160K)->119877K(124160K) NonClass: 104098K(106368K)->104098K(106368K) Class: 15778K(17792K)->15778K(17792K)
[2024-01-16T12:32:33.405+0000][7][gc          ] GC(77) Pause Young (Concurrent Start) (G1 Evacuation Pause) 400M->101M(512M) 5.590ms
[2024-01-16T12:32:33.405+0000][7][gc          ] GC(78) Concurrent Mark Cycle
[2024-01-16T12:32:33.405+0000][7][gc,marking  ] GC(78) Concurrent Scan Root Regions
[2024-01-16T12:32:33.405+0000][7][gc,cpu      ] GC(77) User=0.01s Sys=0.00s Real=0.00s
[2024-01-16T12:32:33.405+0000][7][safepoint   ] Safepoint "G1CollectForAllocation", Time since last: 11988858134 ns, Reaching safepoint: 15480 ns, Cleanup: 3216 ns, At safepoint: 6176245 ns, Total: 6194941 ns
[2024-01-16T12:32:33.406+0000][7][gc,marking  ] GC(78) Concurrent Scan Root Regions 0.977ms
[2024-01-16T12:32:33.406+0000][7][gc,marking  ] GC(78) Concurrent Mark
[2024-01-16T12:32:33.406+0000][7][gc,marking  ] GC(78) Concurrent Mark From Roots
[2024-01-16T12:32:33.406+0000][7][gc,task     ] GC(78) Using 3 workers of 3 for marking
[2024-01-16T12:32:33.432+0000][7][gc,marking  ] GC(78) Concurrent Mark From Roots 25.478ms
[2024-01-16T12:32:33.432+0000][7][gc,marking  ] GC(78) Concurrent Preclean
[2024-01-16T12:32:33.432+0000][7][gc,marking  ] GC(78) Concurrent Preclean 0.240ms
[2024-01-16T12:32:33.432+0000][7][gc,start    ] GC(78) Pause Remark
[2024-01-16T12:32:33.437+0000][7][gc          ] GC(78) Pause Remark 104M->104M(512M) 4.211ms
[2024-01-16T12:32:33.437+0000][7][gc,cpu      ] GC(78) User=0.02s Sys=0.00s Real=0.00s
[2024-01-16T12:32:33.437+0000][7][safepoint   ] Safepoint "G1PauseRemark", Time since last: 26954168 ns, Reaching safepoint: 15640 ns, Cleanup: 2494 ns, At safepoint: 4670137 ns, Total: 4688271 ns
[2024-01-16T12:32:33.437+0000][7][gc,marking  ] GC(78) Concurrent Mark 31.037ms
[2024-01-16T12:32:33.437+0000][7][gc,marking  ] GC(78) Concurrent Rebuild Remembered Sets and Scrub Regions
[2024-01-16T12:32:33.446+0000][7][gc,marking  ] GC(78) Concurrent Rebuild Remembered Sets and Scrub Regions 8.986ms
[2024-01-16T12:32:33.447+0000][7][gc,start    ] GC(78) Pause Cleanup
[2024-01-16T12:32:33.447+0000][7][gc          ] GC(78) Pause Cleanup 104M->104M(512M) 0.230ms
[2024-01-16T12:32:33.447+0000][7][gc,cpu      ] GC(78) User=0.00s Sys=0.00s Real=0.00s
[2024-01-16T12:32:33.447+0000][7][safepoint   ] Safepoint "G1PauseCleanup", Time since last: 9584995 ns, Reaching safepoint: 13916 ns, Cleanup: 5370 ns, At safepoint: 510466 ns, Total: 529752 ns
[2024-01-16T12:32:33.447+0000][7][gc,marking  ] GC(78) Concurrent Clear Claimed Marks
[2024-01-16T12:32:33.448+0000][7][gc,marking  ] GC(78) Concurrent Clear Claimed Marks 0.294ms
[2024-01-16T12:32:33.448+0000][7][gc,marking  ] GC(78) Concurrent Cleanup for Next Mark
[2024-01-16T12:32:33.448+0000][7][gc,marking  ] GC(78) Concurrent Cleanup for Next Mark 0.432ms
[2024-01-16T12:32:33.448+0000][7][gc          ] GC(78) Concurrent Mark Cycle 43.284ms
[2024-01-16T12:32:39.448+0000][7][safepoint   ] Safepoint "Cleanup", Time since last: 6000701138 ns, Reaching safepoint: 20208 ns, Cleanup: 18085 ns, At safepoint: 2935 ns, Total: 41228 ns
[2024-01-16T12:32:40.448+0000][7][safepoint   ] Safepoint "Cleanup", Time since last: 1000364535 ns, Reaching safepoint: 19848 ns, Cleanup: 12664 ns, At safepoint: 3006 ns, Total: 35518 ns
[2024-01-16T12:32:45.449+0000][7][safepoint   ] Safepoint "Cleanup", Time since last: 5000730956 ns, Reaching safepoint: 20059 ns, Cleanup: 14558 ns, At safepoint: 2865 ns, Total: 37482 ns
[2024-01-16T12:33:01.428+0000][7][safepoint   ] Safepoint "Cleanup", Time since last: 15978969240 ns, Reaching safepoint: 19086 ns, Cleanup: 14077 ns, At safepoint: 2625 ns, Total: 35788 ns
[2024-01-16T12:33:03.428+0000][7][safepoint   ] Safepoint "Cleanup", Time since last: 2000438274 ns, Reaching safepoint: 16331 ns, Cleanup: 8546 ns, At safepoint: 2545 ns, Total: 27422 ns
[2024-01-16T12:33:04.429+0000][7][safepoint   ] Safepoint "Cleanup", Time since last: 1000223751 ns, Reaching safepoint: 18475 ns, Cleanup: 12404 ns, At safepoint: 2986 ns, Total: 33865 ns
[2024-01-16T12:33:07.429+0000][7][safepoint   ] Safepoint "Cleanup", Time since last: 3000636274 ns, Reaching safepoint: 21101 ns, Cleanup: 13415 ns, At safepoint: 2745 ns, Total: 37261 ns
[2024-01-16T12:33:09.430+0000][7][safepoint   ] Safepoint "Cleanup", Time since last: 2000447316 ns, Reaching safepoint: 19207 ns, Cleanup: 13566 ns, At safepoint: 3367 ns, Total: 36140 ns
[2024-01-16T12:33:21.431+0000][7][safepoint   ] Safepoint "Cleanup", Time since last: 12001355299 ns, Reaching safepoint: 19377 ns, Cleanup: 13907 ns, At safepoint: 3406 ns, Total: 36690 ns
[2024-01-16T12:33:24.432+0000][7][safepoint   ] Safepoint "Cleanup", Time since last: 3000534616 ns, Reaching safepoint: 29005 ns, Cleanup: 18866 ns, At safepoint: 4659 ns, Total: 52530 ns
[2024-01-16T12:33:27.389+0000][7][gc,start    ] GC(79) Pause Young (Normal) (G1 Evacuation Pause)
[2024-01-16T12:33:27.389+0000][7][gc,task     ] GC(79) Using 12 workers of 13 for evacuation
[2024-01-16T12:33:27.389+0000][7][gc,age      ] GC(79) Desired survivor size 20971520 bytes, new threshold 15 (max threshold 15)
[2024-01-16T12:33:27.392+0000][7][gc,phases   ] GC(79)   Pre Evacuate Collection Set: 0.2ms
[2024-01-16T12:33:27.392+0000][7][gc,phases   ] GC(79)   Merge Heap Roots: 0.1ms
[2024-01-16T12:33:27.393+0000][7][gc,phases   ] GC(79)   Evacuate Collection Set: 1.8ms
[2024-01-16T12:33:27.393+0000][7][gc,phases   ] GC(79)   Post Evacuate Collection Set: 0.6ms
[2024-01-16T12:33:27.393+0000][7][gc,phases   ] GC(79)   Other: 0.3ms
[2024-01-16T12:33:27.393+0000][7][gc,age      ] GC(79) Age table with threshold 15 (max threshold 15)
[2024-01-16T12:33:27.393+0000][7][gc,age      ] GC(79) - age   1:    1077928 bytes,    1077928 total
[2024-01-16T12:33:27.393+0000][7][gc,age      ] GC(79) - age   2:      57616 bytes,    1135544 total
[2024-01-16T12:33:27.393+0000][7][gc,age      ] GC(79) - age   3:      17096 bytes,    1152640 total
[2024-01-16T12:33:27.393+0000][7][gc,age      ] GC(79) - age   4:      20432 bytes,    1173072 total
[2024-01-16T12:33:27.393+0000][7][gc,age      ] GC(79) - age   5:       9328 bytes,    1182400 total
[2024-01-16T12:33:27.393+0000][7][gc,age      ] GC(79) - age   6:       8648 bytes,    1191048 total
[2024-01-16T12:33:27.394+0000][7][gc,age      ] GC(79) - age   7:       5808 bytes,    1196856 total
[2024-01-16T12:33:27.394+0000][7][gc,age      ] GC(79) - age   8:       7552 bytes,    1204408 total
[2024-01-16T12:33:27.394+0000][7][gc,age      ] GC(79) - age   9:       6528 bytes,    1210936 total
[2024-01-16T12:33:27.394+0000][7][gc,age      ] GC(79) - age  10:       6272 bytes,    1217208 total
[2024-01-16T12:33:27.394+0000][7][gc,age      ] GC(79) - age  11:       7584 bytes,    1224792 total
[2024-01-16T12:33:27.394+0000][7][gc,age      ] GC(79) - age  12:       2504 bytes,    1227296 total
[2024-01-16T12:33:27.394+0000][7][gc,age      ] GC(79) - age  13:       5040 bytes,    1232336 total
[2024-01-16T12:33:27.394+0000][7][gc,age      ] GC(79) - age  14:      11784 bytes,    1244120 total
[2024-01-16T12:33:27.394+0000][7][gc,age      ] GC(79) - age  15:       7928 bytes,    1252048 total
[2024-01-16T12:33:27.394+0000][7][gc,heap     ] GC(79) Eden regions: 75->0(75)
[2024-01-16T12:33:27.394+0000][7][gc,heap     ] GC(79) Survivor regions: 1->1(10)
[2024-01-16T12:33:27.395+0000][7][gc,heap     ] GC(79) Old regions: 23->23
[2024-01-16T12:33:27.395+0000][7][gc,heap     ] GC(79) Humongous regions: 2->2
[2024-01-16T12:33:27.395+0000][7][gc,metaspace] GC(79) Metaspace: 119882K(124160K)->119882K(124160K) NonClass: 104103K(106368K)->104103K(106368K) Class: 15778K(17792K)->15778K(17792K)
[2024-01-16T12:33:27.395+0000][7][gc          ] GC(79) Pause Young (Normal) (G1 Evacuation Pause) 401M->100M(512M) 5.648ms
[2024-01-16T12:33:27.395+0000][7][gc,cpu      ] GC(79) User=0.01s Sys=0.00s Real=0.00s
[2024-01-16T12:33:27.395+0000][7][safepoint   ] Safepoint "G1CollectForAllocation", Time since last: 2957267163 ns, Reaching safepoint: 15710 ns, Cleanup: 8005 ns, At safepoint: 5908628 ns, Total: 5932343 ns
[2024-01-16T12:33:36.396+0000][7][safepoint   ] Safepoint "Cleanup", Time since last: 9001278540 ns, Reaching safepoint: 38413 ns, Cleanup: 13586 ns, At safepoint: 4599 ns, Total: 56598 ns
[2024-01-16T12:33:39.397+0000][7][safepoint   ] Safepoint "Cleanup", Time since last: 3000634932 ns, Reaching safepoint: 19428 ns, Cleanup: 14147 ns, At safepoint: 2835 ns, Total: 36410 ns
[2024-01-16T12:33:45.398+0000][7][safepoint   ] Safepoint "Cleanup", Time since last: 6000866298 ns, Reaching safepoint: 19147 ns, Cleanup: 12924 ns, At safepoint: 2886 ns, Total: 34957 ns
[2024-01-16T12:33:48.399+0000][7][safepoint   ] Safepoint "Cleanup", Time since last: 3000517473 ns, Reaching safepoint: 19888 ns, Cleanup: 12634 ns, At safepoint: 2966 ns, Total: 35488 ns
[2024-01-16T12:34:01.449+0000][7][safepoint   ] Safepoint "Cleanup", Time since last: 13050925026 ns, Reaching safepoint: 19757 ns, Cleanup: 18917 ns, At safepoint: 3336 ns, Total: 42010 ns
[2024-01-16T12:34:09.451+0000][7][safepoint   ] Safepoint "Cleanup", Time since last: 8001042716 ns, Reaching safepoint: 41610 ns, Cleanup: 29135 ns, At safepoint: 5280 ns, Total: 76025 ns
[2024-01-16T12:34:27.201+0000][7][gc,start    ] GC(80) Pause Young (Concurrent Start) (G1 Evacuation Pause)
[2024-01-16T12:34:27.201+0000][7][gc,task     ] GC(80) Using 12 workers of 13 for evacuation
[2024-01-16T12:34:27.202+0000][7][gc,age      ] GC(80) Desired survivor size 20971520 bytes, new threshold 15 (max threshold 15)
[2024-01-16T12:34:27.205+0000][7][gc,phases   ] GC(80)   Pre Evacuate Collection Set: 0.2ms
[2024-01-16T12:34:27.205+0000][7][gc,phases   ] GC(80)   Merge Heap Roots: 0.1ms
[2024-01-16T12:34:27.205+0000][7][gc,phases   ] GC(80)   Evacuate Collection Set: 1.9ms
[2024-01-16T12:34:27.205+0000][7][gc,phases   ] GC(80)   Post Evacuate Collection Set: 0.6ms
[2024-01-16T12:34:27.205+0000][7][gc,phases   ] GC(80)   Other: 0.3ms
[2024-01-16T12:34:27.205+0000][7][gc,age      ] GC(80) Age table with threshold 15 (max threshold 15)
[2024-01-16T12:34:27.205+0000][7][gc,age      ] GC(80) - age   1:    1710040 bytes,    1710040 total
[2024-01-16T12:34:27.206+0000][7][gc,age      ] GC(80) - age   2:      43440 bytes,    1753480 total
[2024-01-16T12:34:27.206+0000][7][gc,age      ] GC(80) - age   3:      53664 bytes,    1807144 total
[2024-01-16T12:34:27.206+0000][7][gc,age      ] GC(80) - age   4:      16872 bytes,    1824016 total
[2024-01-16T12:34:27.206+0000][7][gc,age      ] GC(80) - age   5:      20368 bytes,    1844384 total
[2024-01-16T12:34:27.206+0000][7][gc,age      ] GC(80) - age   6:       9328 bytes,    1853712 total
[2024-01-16T12:34:27.206+0000][7][gc,age      ] GC(80) - age   7:       8648 bytes,    1862360 total
[2024-01-16T12:34:27.206+0000][7][gc,age      ] GC(80) - age   8:       5808 bytes,    1868168 total
[2024-01-16T12:34:27.206+0000][7][gc,age      ] GC(80) - age   9:       7552 bytes,    1875720 total
[2024-01-16T12:34:27.206+0000][7][gc,age      ] GC(80) - age  10:       6528 bytes,    1882248 total
[2024-01-16T12:34:27.207+0000][7][gc,age      ] GC(80) - age  11:       6080 bytes,    1888328 total
[2024-01-16T12:34:27.207+0000][7][gc,age      ] GC(80) - age  12:       7584 bytes,    1895912 total
[2024-01-16T12:34:27.207+0000][7][gc,age      ] GC(80) - age  13:       2504 bytes,    1898416 total
[2024-01-16T12:34:27.207+0000][7][gc,age      ] GC(80) - age  14:       5040 bytes,    1903456 total
[2024-01-16T12:34:27.207+0000][7][gc,age      ] GC(80) - age  15:      11784 bytes,    1915240 total
[2024-01-16T12:34:27.207+0000][7][gc,heap     ] GC(80) Eden regions: 75->0(75)
[2024-01-16T12:34:27.207+0000][7][gc,heap     ] GC(80) Survivor regions: 1->1(10)
[2024-01-16T12:34:27.207+0000][7][gc,heap     ] GC(80) Old regions: 23->23
[2024-01-16T12:34:27.207+0000][7][gc,heap     ] GC(80) Humongous regions: 2->2
[2024-01-16T12:34:27.207+0000][7][gc,metaspace] GC(80) Metaspace: 119915K(124224K)->119915K(124224K) NonClass: 104136K(106432K)->104136K(106432K) Class: 15778K(17792K)->15778K(17792K)
[2024-01-16T12:34:27.208+0000][7][gc          ] GC(80) Pause Young (Concurrent Start) (G1 Evacuation Pause) 400M->101M(512M) 6.283ms
[2024-01-16T12:34:27.208+0000][7][gc          ] GC(81) Concurrent Mark Cycle
[2024-01-16T12:34:27.208+0000][7][gc,marking  ] GC(81) Concurrent Scan Root Regions
[2024-01-16T12:34:27.208+0000][7][gc,cpu      ] GC(80) User=0.01s Sys=0.01s Real=0.00s
[2024-01-16T12:34:27.208+0000][7][safepoint   ] Safepoint "G1CollectForAllocation", Time since last: 17750616822 ns, Reaching safepoint: 17463 ns, Cleanup: 11282 ns, At safepoint: 6818276 ns, Total: 6847021 ns
[2024-01-16T12:34:27.209+0000][7][gc,marking  ] GC(81) Concurrent Scan Root Regions 1.077ms
[2024-01-16T12:34:27.209+0000][7][gc,marking  ] GC(81) Concurrent Mark
[2024-01-16T12:34:27.209+0000][7][gc,marking  ] GC(81) Concurrent Mark From Roots
[2024-01-16T12:34:27.209+0000][7][gc,task     ] GC(81) Using 3 workers of 3 for marking
[2024-01-16T12:34:27.234+0000][7][gc,marking  ] GC(81) Concurrent Mark From Roots 24.508ms
[2024-01-16T12:34:27.234+0000][7][gc,marking  ] GC(81) Concurrent Preclean
[2024-01-16T12:34:27.234+0000][7][gc,marking  ] GC(81) Concurrent Preclean 0.233ms
[2024-01-16T12:34:27.234+0000][7][gc,start    ] GC(81) Pause Remark
[2024-01-16T12:34:27.238+0000][7][gc          ] GC(81) Pause Remark 103M->103M(512M) 3.664ms
[2024-01-16T12:34:27.238+0000][7][gc,cpu      ] GC(81) User=0.03s Sys=0.00s Real=0.00s
[2024-01-16T12:34:27.239+0000][7][safepoint   ] Safepoint "G1PauseRemark", Time since last: 26169033 ns, Reaching safepoint: 163933 ns, Cleanup: 3086 ns, At safepoint: 4079041 ns, Total: 4246060 ns
[2024-01-16T12:34:27.239+0000][7][gc,marking  ] GC(81) Concurrent Mark 29.557ms
[2024-01-16T12:34:27.239+0000][7][gc,marking  ] GC(81) Concurrent Rebuild Remembered Sets and Scrub Regions
[2024-01-16T12:34:27.248+0000][7][gc,marking  ] GC(81) Concurrent Rebuild Remembered Sets and Scrub Regions 8.736ms
[2024-01-16T12:34:27.248+0000][7][gc,start    ] GC(81) Pause Cleanup
[2024-01-16T12:34:27.248+0000][7][gc          ] GC(81) Pause Cleanup 103M->103M(512M) 0.244ms
[2024-01-16T12:34:27.248+0000][7][gc,cpu      ] GC(81) User=0.00s Sys=0.00s Real=0.00s
[2024-01-16T12:34:27.248+0000][7][safepoint   ] Safepoint "G1PauseCleanup", Time since last: 9190832 ns, Reaching safepoint: 13446 ns, Cleanup: 4368 ns, At safepoint: 578581 ns, Total: 596395 ns
[2024-01-16T12:34:27.248+0000][7][gc,marking  ] GC(81) Concurrent Clear Claimed Marks
[2024-01-16T12:34:27.249+0000][7][gc,marking  ] GC(81) Concurrent Clear Claimed Marks 0.292ms
[2024-01-16T12:34:27.249+0000][7][gc,marking  ] GC(81) Concurrent Cleanup for Next Mark
[2024-01-16T12:34:27.249+0000][7][gc,marking  ] GC(81) Concurrent Cleanup for Next Mark 0.483ms
[2024-01-16T12:34:27.249+0000][7][gc          ] GC(81) Concurrent Mark Cycle 41.740ms
[2024-01-16T12:34:39.249+0000][7][safepoint   ] Safepoint "Cleanup", Time since last: 12001115752 ns, Reaching safepoint: 37011 ns, Cleanup: 16331 ns, At safepoint: 3517 ns, Total: 56859 ns
[2024-01-16T12:34:48.250+0000][7][safepoint   ] Safepoint "Cleanup", Time since last: 9000994472 ns, Reaching safepoint: 19196 ns, Cleanup: 12785 ns, At safepoint: 2965 ns, Total: 34946 ns
[2024-01-16T12:34:57.471+0000][7][safepoint   ] Safepoint "Cleanup", Time since last: 9220325053 ns, Reaching safepoint: 18846 ns, Cleanup: 12574 ns, At safepoint: 3476 ns, Total: 34896 ns
[2024-01-16T12:35:01.471+0000][7][safepoint   ] Safepoint "Cleanup", Time since last: 4000655545 ns, Reaching safepoint: 18195 ns, Cleanup: 11792 ns, At safepoint: 2886 ns, Total: 32873 ns
[2024-01-16T12:35:02.472+0000][7][safepoint   ] Safepoint "Cleanup", Time since last: 1000402136 ns, Reaching safepoint: 18776 ns, Cleanup: 12444 ns, At safepoint: 3537 ns, Total: 34757 ns
[2024-01-16T12:35:03.472+0000][7][safepoint   ] Safepoint "Cleanup", Time since last: 1000390233 ns, Reaching safepoint: 18355 ns, Cleanup: 12444 ns, At safepoint: 3637 ns, Total: 34436 ns
[2024-01-16T12:35:09.473+0000][7][safepoint   ] Safepoint "Cleanup", Time since last: 6000820456 ns, Reaching safepoint: 16431 ns, Cleanup: 18596 ns, At safepoint: 2675 ns, Total: 37702 ns
[2024-01-16T12:35:26.645+0000][7][gc,start    ] GC(82) Pause Young (Normal) (G1 Evacuation Pause)
[2024-01-16T12:35:26.645+0000][7][gc,task     ] GC(82) Using 12 workers of 13 for evacuation
[2024-01-16T12:35:26.645+0000][7][gc,age      ] GC(82) Desired survivor size 20971520 bytes, new threshold 15 (max threshold 15)
[2024-01-16T12:35:26.648+0000][7][gc,phases   ] GC(82)   Pre Evacuate Collection Set: 0.2ms
[2024-01-16T12:35:26.648+0000][7][gc,phases   ] GC(82)   Merge Heap Roots: 0.1ms
[2024-01-16T12:35:26.648+0000][7][gc,phases   ] GC(82)   Evacuate Collection Set: 1.7ms
[2024-01-16T12:35:26.648+0000][7][gc,phases   ] GC(82)   Post Evacuate Collection Set: 0.6ms
[2024-01-16T12:35:26.649+0000][7][gc,phases   ] GC(82)   Other: 0.3ms
[2024-01-16T12:35:26.649+0000][7][gc,age      ] GC(82) Age table with threshold 15 (max threshold 15)
[2024-01-16T12:35:26.649+0000][7][gc,age      ] GC(82) - age   1:     459536 bytes,     459536 total
[2024-01-16T12:35:26.649+0000][7][gc,age      ] GC(82) - age   2:     116672 bytes,     576208 total
[2024-01-16T12:35:26.649+0000][7][gc,age      ] GC(82) - age   3:      41560 bytes,     617768 total
[2024-01-16T12:35:26.649+0000][7][gc,age      ] GC(82) - age   4:      52928 bytes,     670696 total
[2024-01-16T12:35:26.649+0000][7][gc,age      ] GC(82) - age   5:      13848 bytes,     684544 total
[2024-01-16T12:35:26.649+0000][7][gc,age      ] GC(82) - age   6:      15552 bytes,     700096 total
[2024-01-16T12:35:26.650+0000][7][gc,age      ] GC(82) - age   7:       9328 bytes,     709424 total
[2024-01-16T12:35:26.650+0000][7][gc,age      ] GC(82) - age   8:       8648 bytes,     718072 total
[2024-01-16T12:35:26.650+0000][7][gc,age      ] GC(82) - age   9:       5808 bytes,     723880 total
[2024-01-16T12:35:26.650+0000][7][gc,age      ] GC(82) - age  10:       7552 bytes,     731432 total
[2024-01-16T12:35:26.650+0000][7][gc,age      ] GC(82) - age  11:       6528 bytes,     737960 total
[2024-01-16T12:35:26.650+0000][7][gc,age      ] GC(82) - age  12:       6080 bytes,     744040 total
[2024-01-16T12:35:26.650+0000][7][gc,age      ] GC(82) - age  13:       7584 bytes,     751624 total
[2024-01-16T12:35:26.650+0000][7][gc,age      ] GC(82) - age  14:       2504 bytes,     754128 total
[2024-01-16T12:35:26.650+0000][7][gc,age      ] GC(82) - age  15:       5040 bytes,     759168 total
[2024-01-16T12:35:26.651+0000][7][gc,heap     ] GC(82) Eden regions: 75->0(75)
[2024-01-16T12:35:26.651+0000][7][gc,heap     ] GC(82) Survivor regions: 1->1(10)
[2024-01-16T12:35:26.651+0000][7][gc,heap     ] GC(82) Old regions: 23->23
[2024-01-16T12:35:26.651+0000][7][gc,heap     ] GC(82) Humongous regions: 2->2
[2024-01-16T12:35:26.651+0000][7][gc,metaspace] GC(82) Metaspace: 119966K(124224K)->119966K(124224K) NonClass: 104187K(106432K)->104187K(106432K) Class: 15778K(17792K)->15778K(17792K)
[2024-01-16T12:35:26.651+0000][7][gc          ] GC(82) Pause Young (Normal) (G1 Evacuation Pause) 401M->100M(512M) 6.189ms
[2024-01-16T12:35:26.651+0000][7][gc,cpu      ] GC(82) User=0.01s Sys=0.00s Real=0.01s
[2024-01-16T12:35:26.651+0000][7][safepoint   ] Safepoint "G1CollectForAllocation", Time since last: 17171565349 ns, Reaching safepoint: 14458 ns, Cleanup: 2915 ns, At safepoint: 6511701 ns, Total: 6529074 ns
[2024-01-16T12:35:51.494+0000][7][safepoint   ] Safepoint "Cleanup", Time since last: 24842268417 ns, Reaching safepoint: 19046 ns, Cleanup: 13176 ns, At safepoint: 3346 ns, Total: 35568 ns
[2024-01-16T12:35:56.494+0000][7][safepoint   ] Safepoint "Cleanup", Time since last: 5000762477 ns, Reaching safepoint: 20278 ns, Cleanup: 69002 ns, At safepoint: 3287 ns, Total: 92567 ns
[2024-01-16T12:36:09.496+0000][7][safepoint   ] Safepoint "Cleanup", Time since last: 13001373127 ns, Reaching safepoint: 52851 ns, Cleanup: 19818 ns, At safepoint: 2935 ns, Total: 75604 ns
[2024-01-16T12:36:26.653+0000][7][gc,start    ] GC(83) Pause Young (Concurrent Start) (G1 Evacuation Pause)
[2024-01-16T12:36:26.653+0000][7][gc,task     ] GC(83) Using 12 workers of 13 for evacuation
[2024-01-16T12:36:26.653+0000][7][gc,age      ] GC(83) Desired survivor size 20971520 bytes, new threshold 15 (max threshold 15)
[2024-01-16T12:36:26.656+0000][7][gc,phases   ] GC(83)   Pre Evacuate Collection Set: 0.2ms
[2024-01-16T12:36:26.656+0000][7][gc,phases   ] GC(83)   Merge Heap Roots: 0.1ms
[2024-01-16T12:36:26.657+0000][7][gc,phases   ] GC(83)   Evacuate Collection Set: 1.8ms
[2024-01-16T12:36:26.657+0000][7][gc,phases   ] GC(83)   Post Evacuate Collection Set: 0.6ms
[2024-01-16T12:36:26.657+0000][7][gc,phases   ] GC(83)   Other: 0.3ms
[2024-01-16T12:36:26.657+0000][7][gc,age      ] GC(83) Age table with threshold 15 (max threshold 15)
[2024-01-16T12:36:26.657+0000][7][gc,age      ] GC(83) - age   1:    1451624 bytes,    1451624 total
[2024-01-16T12:36:26.657+0000][7][gc,age      ] GC(83) - age   2:      22072 bytes,    1473696 total
[2024-01-16T12:36:26.657+0000][7][gc,age      ] GC(83) - age   3:     113264 bytes,    1586960 total
[2024-01-16T12:36:26.657+0000][7][gc,age      ] GC(83) - age   4:      35896 bytes,    1622856 total
[2024-01-16T12:36:26.658+0000][7][gc,age      ] GC(83) - age   5:      45632 bytes,    1668488 total
[2024-01-16T12:36:26.658+0000][7][gc,age      ] GC(83) - age   6:      13848 bytes,    1682336 total
[2024-01-16T12:36:26.658+0000][7][gc,age      ] GC(83) - age   7:      15440 bytes,    1697776 total
[2024-01-16T12:36:26.658+0000][7][gc,age      ] GC(83) - age   8:       6976 bytes,    1704752 total
[2024-01-16T12:36:26.658+0000][7][gc,age      ] GC(83) - age   9:       8648 bytes,    1713400 total
[2024-01-16T12:36:26.658+0000][7][gc,age      ] GC(83) - age  10:       5808 bytes,    1719208 total
[2024-01-16T12:36:26.658+0000][7][gc,age      ] GC(83) - age  11:       7552 bytes,    1726760 total
[2024-01-16T12:36:26.658+0000][7][gc,age      ] GC(83) - age  12:       6528 bytes,    1733288 total
[2024-01-16T12:36:26.658+0000][7][gc,age      ] GC(83) - age  13:       6080 bytes,    1739368 total
[2024-01-16T12:36:26.659+0000][7][gc,age      ] GC(83) - age  14:       7584 bytes,    1746952 total
[2024-01-16T12:36:26.659+0000][7][gc,age      ] GC(83) - age  15:       2504 bytes,    1749456 total
[2024-01-16T12:36:26.659+0000][7][gc,heap     ] GC(83) Eden regions: 75->0(75)
[2024-01-16T12:36:26.659+0000][7][gc,heap     ] GC(83) Survivor regions: 1->1(10)
[2024-01-16T12:36:26.659+0000][7][gc,heap     ] GC(83) Old regions: 23->23
[2024-01-16T12:36:26.659+0000][7][gc,heap     ] GC(83) Humongous regions: 2->2
[2024-01-16T12:36:26.659+0000][7][gc,metaspace] GC(83) Metaspace: 119997K(124224K)->119997K(124224K) NonClass: 104218K(106432K)->104218K(106432K) Class: 15779K(17792K)->15779K(17792K)
[2024-01-16T12:36:26.659+0000][7][gc          ] GC(83) Pause Young (Concurrent Start) (G1 Evacuation Pause) 400M->101M(512M) 6.272ms
[2024-01-16T12:36:26.659+0000][7][gc          ] GC(84) Concurrent Mark Cycle
[2024-01-16T12:36:26.660+0000][7][gc,marking  ] GC(84) Concurrent Scan Root Regions
[2024-01-16T12:36:26.659+0000][7][gc,cpu      ] GC(83) User=0.01s Sys=0.00s Real=0.01s
[2024-01-16T12:36:26.660+0000][7][safepoint   ] Safepoint "G1CollectForAllocation", Time since last: 17157259076 ns, Reaching safepoint: 16402 ns, Cleanup: 4108 ns, At safepoint: 6856790 ns, Total: 6877300 ns
[2024-01-16T12:36:26.662+0000][7][gc,marking  ] GC(84) Concurrent Scan Root Regions 1.956ms
[2024-01-16T12:36:26.662+0000][7][gc,marking  ] GC(84) Concurrent Mark
[2024-01-16T12:36:26.662+0000][7][gc,marking  ] GC(84) Concurrent Mark From Roots
[2024-01-16T12:36:26.662+0000][7][gc,task     ] GC(84) Using 3 workers of 3 for marking
[2024-01-16T12:36:26.687+0000][7][gc,marking  ] GC(84) Concurrent Mark From Roots 24.738ms
[2024-01-16T12:36:26.687+0000][7][gc,marking  ] GC(84) Concurrent Preclean
[2024-01-16T12:36:26.687+0000][7][gc,marking  ] GC(84) Concurrent Preclean 0.237ms
[2024-01-16T12:36:26.687+0000][7][gc,start    ] GC(84) Pause Remark
[2024-01-16T12:36:26.691+0000][7][gc          ] GC(84) Pause Remark 105M->105M(512M) 3.646ms
[2024-01-16T12:36:26.691+0000][7][gc,cpu      ] GC(84) User=0.02s Sys=0.00s Real=0.01s
[2024-01-16T12:36:26.691+0000][7][safepoint   ] Safepoint "G1PauseRemark", Time since last: 27221249 ns, Reaching safepoint: 15960 ns, Cleanup: 2655 ns, At safepoint: 4027518 ns, Total: 4046133 ns
[2024-01-16T12:36:26.691+0000][7][gc,marking  ] GC(84) Concurrent Mark 29.674ms
[2024-01-16T12:36:26.692+0000][7][gc,marking  ] GC(84) Concurrent Rebuild Remembered Sets and Scrub Regions
[2024-01-16T12:36:26.701+0000][7][gc,marking  ] GC(84) Concurrent Rebuild Remembered Sets and Scrub Regions 8.980ms
[2024-01-16T12:36:26.701+0000][7][gc,start    ] GC(84) Pause Cleanup
[2024-01-16T12:36:26.701+0000][7][gc          ] GC(84) Pause Cleanup 106M->106M(512M) 0.273ms
[2024-01-16T12:36:26.701+0000][7][gc,cpu      ] GC(84) User=0.00s Sys=0.00s Real=0.00s
[2024-01-16T12:36:26.701+0000][7][safepoint   ] Safepoint "G1PauseCleanup", Time since last: 9573443 ns, Reaching safepoint: 13446 ns, Cleanup: 3747 ns, At safepoint: 553392 ns, Total: 570585 ns
[2024-01-16T12:36:26.701+0000][7][gc,marking  ] GC(84) Concurrent Clear Claimed Marks
[2024-01-16T12:36:26.702+0000][7][gc,marking  ] GC(84) Concurrent Clear Claimed Marks 0.318ms
[2024-01-16T12:36:26.702+0000][7][gc,marking  ] GC(84) Concurrent Cleanup for Next Mark
[2024-01-16T12:36:26.702+0000][7][gc,marking  ] GC(84) Concurrent Cleanup for Next Mark 0.476ms
[2024-01-16T12:36:26.703+0000][7][gc          ] GC(84) Concurrent Mark Cycle 43.015ms
[2024-01-16T12:36:31.702+0000][7][safepoint   ] Safepoint "Cleanup", Time since last: 5000518937 ns, Reaching safepoint: 19056 ns, Cleanup: 12043 ns, At safepoint: 3126 ns, Total: 34225 ns
[2024-01-16T12:36:51.516+0000][7][safepoint   ] Safepoint "Cleanup", Time since last: 19813896575 ns, Reaching safepoint: 17192 ns, Cleanup: 9118 ns, At safepoint: 2625 ns, Total: 28935 ns
[2024-01-16T12:36:57.517+0000][7][safepoint   ] Safepoint "Cleanup", Time since last: 6001085777 ns, Reaching safepoint: 20119 ns, Cleanup: 19016 ns, At safepoint: 2635 ns, Total: 41770 ns
[2024-01-16T12:37:00.518+0000][7][safepoint   ] Safepoint "Cleanup", Time since last: 3000583589 ns, Reaching safepoint: 19818 ns, Cleanup: 13075 ns, At safepoint: 3046 ns, Total: 35939 ns
[2024-01-16T12:37:09.519+0000][7][safepoint   ] Safepoint "Cleanup", Time since last: 9001088742 ns, Reaching safepoint: 18505 ns, Cleanup: 56649 ns, At safepoint: 3917 ns, Total: 79071 ns
[2024-01-16T12:37:12.519+0000][7][safepoint   ] Safepoint "Cleanup", Time since last: 3000613326 ns, Reaching safepoint: 19788 ns, Cleanup: 17764 ns, At safepoint: 3487 ns, Total: 41039 ns
[2024-01-16T12:37:13.520+0000][7][safepoint   ] Safepoint "Cleanup", Time since last: 1000389282 ns, Reaching safepoint: 18846 ns, Cleanup: 12904 ns, At safepoint: 2786 ns, Total: 34536 ns
[2024-01-16T12:37:18.521+0000][7][safepoint   ] Safepoint "Cleanup", Time since last: 5000740464 ns, Reaching safepoint: 25950 ns, Cleanup: 12604 ns, At safepoint: 3196 ns, Total: 41750 ns
[2024-01-16T12:37:21.521+0000][7][safepoint   ] Safepoint "Cleanup", Time since last: 3000534220 ns, Reaching safepoint: 17523 ns, Cleanup: 9999 ns, At safepoint: 2926 ns, Total: 30448 ns
[2024-01-16T12:37:23.687+0000][7][gc,start    ] GC(85) Pause Young (Normal) (G1 Evacuation Pause)
[2024-01-16T12:37:23.687+0000][7][gc,task     ] GC(85) Using 12 workers of 13 for evacuation
[2024-01-16T12:37:23.687+0000][7][gc,age      ] GC(85) Desired survivor size 20971520 bytes, new threshold 15 (max threshold 15)
[2024-01-16T12:37:23.690+0000][7][gc,phases   ] GC(85)   Pre Evacuate Collection Set: 0.2ms
[2024-01-16T12:37:23.690+0000][7][gc,phases   ] GC(85)   Merge Heap Roots: 0.1ms
[2024-01-16T12:37:23.690+0000][7][gc,phases   ] GC(85)   Evacuate Collection Set: 2.2ms
[2024-01-16T12:37:23.691+0000][7][gc,phases   ] GC(85)   Post Evacuate Collection Set: 0.5ms
[2024-01-16T12:37:23.691+0000][7][gc,phases   ] GC(85)   Other: 0.3ms
[2024-01-16T12:37:23.691+0000][7][gc,age      ] GC(85) Age table with threshold 15 (max threshold 15)
[2024-01-16T12:37:23.691+0000][7][gc,age      ] GC(85) - age   1:    2037336 bytes,    2037336 total
[2024-01-16T12:37:23.691+0000][7][gc,age      ] GC(85) - age   2:     358016 bytes,    2395352 total
[2024-01-16T12:37:23.691+0000][7][gc,age      ] GC(85) - age   3:      19640 bytes,    2414992 total
[2024-01-16T12:37:23.691+0000][7][gc,age      ] GC(85) - age   4:     112400 bytes,    2527392 total
[2024-01-16T12:37:23.691+0000][7][gc,age      ] GC(85) - age   5:      30144 bytes,    2557536 total
[2024-01-16T12:37:23.691+0000][7][gc,age      ] GC(85) - age   6:      39904 bytes,    2597440 total
[2024-01-16T12:37:23.691+0000][7][gc,age      ] GC(85) - age   7:      13848 bytes,    2611288 total
[2024-01-16T12:37:23.692+0000][7][gc,age      ] GC(85) - age   8:      12664 bytes,    2623952 total
[2024-01-16T12:37:23.692+0000][7][gc,age      ] GC(85) - age   9:       6976 bytes,    2630928 total
[2024-01-16T12:37:23.692+0000][7][gc,age      ] GC(85) - age  10:       8648 bytes,    2639576 total
[2024-01-16T12:37:23.692+0000][7][gc,age      ] GC(85) - age  11:       5808 bytes,    2645384 total
[2024-01-16T12:37:23.692+0000][7][gc,age      ] GC(85) - age  12:       7552 bytes,    2652936 total
[2024-01-16T12:37:23.692+0000][7][gc,age      ] GC(85) - age  13:       6528 bytes,    2659464 total
[2024-01-16T12:37:23.692+0000][7][gc,age      ] GC(85) - age  14:       6080 bytes,    2665544 total
[2024-01-16T12:37:23.692+0000][7][gc,age      ] GC(85) - age  15:       7584 bytes,    2673128 total
[2024-01-16T12:37:23.692+0000][7][gc,heap     ] GC(85) Eden regions: 75->0(75)
[2024-01-16T12:37:23.692+0000][7][gc,heap     ] GC(85) Survivor regions: 1->1(10)
[2024-01-16T12:37:23.692+0000][7][gc,heap     ] GC(85) Old regions: 23->23
[2024-01-16T12:37:23.693+0000][7][gc,heap     ] GC(85) Humongous regions: 2->2
[2024-01-16T12:37:23.693+0000][7][gc,metaspace] GC(85) Metaspace: 120002K(124224K)->120002K(124224K) NonClass: 104223K(106432K)->104223K(106432K) Class: 15779K(17792K)->15779K(17792K)
[2024-01-16T12:37:23.693+0000][7][gc          ] GC(85) Pause Young (Normal) (G1 Evacuation Pause) 401M->102M(512M) 6.076ms
[2024-01-16T12:37:23.693+0000][7][gc,cpu      ] GC(85) User=0.01s Sys=0.01s Real=0.01s
[2024-01-16T12:37:23.693+0000][7][safepoint   ] Safepoint "G1CollectForAllocation", Time since last: 2165427300 ns, Reaching safepoint: 16171 ns, Cleanup: 2775 ns, At safepoint: 6324929 ns, Total: 6343875 ns
[2024-01-16T12:37:24.693+0000][7][safepoint   ] Safepoint "Cleanup", Time since last: 1000190973 ns, Reaching safepoint: 20409 ns, Cleanup: 9919 ns, At safepoint: 2675 ns, Total: 33003 ns
[2024-01-16T12:37:27.694+0000][7][safepoint   ] Safepoint "Cleanup", Time since last: 3000417397 ns, Reaching safepoint: 18695 ns, Cleanup: 15770 ns, At safepoint: 2475 ns, Total: 36940 ns
[2024-01-16T12:37:36.695+0000][7][safepoint   ] Safepoint "Cleanup", Time since last: 9001032334 ns, Reaching safepoint: 21972 ns, Cleanup: 13496 ns, At safepoint: 3387 ns, Total: 38855 ns
[2024-01-16T12:37:58.538+0000][7][safepoint   ] Safepoint "Cleanup", Time since last: 21843838388 ns, Reaching safepoint: 29126 ns, Cleanup: 31210 ns, At safepoint: 2965 ns, Total: 63301 ns
[2024-01-16T12:38:03.539+0000][7][safepoint   ] Safepoint "Cleanup", Time since last: 5000798897 ns, Reaching safepoint: 19687 ns, Cleanup: 14869 ns, At safepoint: 3196 ns, Total: 37752 ns
[2024-01-16T12:38:09.540+0000][7][safepoint   ] Safepoint "Cleanup", Time since last: 6000787507 ns, Reaching safepoint: 66658 ns, Cleanup: 26060 ns, At safepoint: 3937 ns, Total: 96655 ns
[2024-01-16T12:38:19.542+0000][7][safepoint   ] Safepoint "Cleanup", Time since last: 10001252868 ns, Reaching safepoint: 19657 ns, Cleanup: 13136 ns, At safepoint: 2775 ns, Total: 35568 ns
[2024-01-16T12:38:20.687+0000][7][gc,start    ] GC(86) Pause Young (Concurrent Start) (G1 Evacuation Pause)
[2024-01-16T12:38:20.687+0000][7][gc,task     ] GC(86) Using 12 workers of 13 for evacuation
[2024-01-16T12:38:20.687+0000][7][gc,age      ] GC(86) Desired survivor size 20971520 bytes, new threshold 15 (max threshold 15)
[2024-01-16T12:38:20.690+0000][7][gc,phases   ] GC(86)   Pre Evacuate Collection Set: 0.2ms
[2024-01-16T12:38:20.690+0000][7][gc,phases   ] GC(86)   Merge Heap Roots: 0.1ms
[2024-01-16T12:38:20.690+0000][7][gc,phases   ] GC(86)   Evacuate Collection Set: 2.1ms
[2024-01-16T12:38:20.691+0000][7][gc,phases   ] GC(86)   Post Evacuate Collection Set: 0.6ms
[2024-01-16T12:38:20.691+0000][7][gc,phases   ] GC(86)   Other: 0.3ms
[2024-01-16T12:38:20.691+0000][7][gc,age      ] GC(86) Age table with threshold 15 (max threshold 15)
[2024-01-16T12:38:20.691+0000][7][gc,age      ] GC(86) - age   1:    1465016 bytes,    1465016 total
[2024-01-16T12:38:20.691+0000][7][gc,age      ] GC(86) - age   2:      95616 bytes,    1560632 total
[2024-01-16T12:38:20.691+0000][7][gc,age      ] GC(86) - age   3:     208696 bytes,    1769328 total
[2024-01-16T12:38:20.691+0000][7][gc,age      ] GC(86) - age   4:      19384 bytes,    1788712 total
[2024-01-16T12:38:20.691+0000][7][gc,age      ] GC(86) - age   5:     112400 bytes,    1901112 total
[2024-01-16T12:38:20.691+0000][7][gc,age      ] GC(86) - age   6:      27160 bytes,    1928272 total
[2024-01-16T12:38:20.691+0000][7][gc,age      ] GC(86) - age   7:      37072 bytes,    1965344 total
[2024-01-16T12:38:20.691+0000][7][gc,age      ] GC(86) - age   8:       8200 bytes,    1973544 total
[2024-01-16T12:38:20.692+0000][7][gc,age      ] GC(86) - age   9:      12664 bytes,    1986208 total
[2024-01-16T12:38:20.692+0000][7][gc,age      ] GC(86) - age  10:       6976 bytes,    1993184 total
[2024-01-16T12:38:20.692+0000][7][gc,age      ] GC(86) - age  11:       8648 bytes,    2001832 total
[2024-01-16T12:38:20.692+0000][7][gc,age      ] GC(86) - age  12:       5808 bytes,    2007640 total
[2024-01-16T12:38:20.692+0000][7][gc,age      ] GC(86) - age  13:       7552 bytes,    2015192 total
[2024-01-16T12:38:20.692+0000][7][gc,age      ] GC(86) - age  14:       6528 bytes,    2021720 total
[2024-01-16T12:38:20.692+0000][7][gc,age      ] GC(86) - age  15:       6080 bytes,    2027800 total
[2024-01-16T12:38:20.692+0000][7][gc,heap     ] GC(86) Eden regions: 75->0(75)
[2024-01-16T12:38:20.692+0000][7][gc,heap     ] GC(86) Survivor regions: 1->1(10)
[2024-01-16T12:38:20.692+0000][7][gc,heap     ] GC(86) Old regions: 23->23
[2024-01-16T12:38:20.692+0000][7][gc,heap     ] GC(86) Humongous regions: 2->2
[2024-01-16T12:38:20.693+0000][7][gc,metaspace] GC(86) Metaspace: 120005K(124224K)->120005K(124224K) NonClass: 104226K(106432K)->104226K(106432K) Class: 15779K(17792K)->15779K(17792K)
[2024-01-16T12:38:20.693+0000][7][gc          ] GC(86) Pause Young (Concurrent Start) (G1 Evacuation Pause) 402M->101M(512M) 5.902ms
[2024-01-16T12:38:20.693+0000][7][gc          ] GC(87) Concurrent Mark Cycle
[2024-01-16T12:38:20.693+0000][7][gc,marking  ] GC(87) Concurrent Scan Root Regions
[2024-01-16T12:38:20.693+0000][7][gc,cpu      ] GC(86) User=0.02s Sys=0.00s Real=0.01s
[2024-01-16T12:38:20.693+0000][7][safepoint   ] Safepoint "G1CollectForAllocation", Time since last: 1145047695 ns, Reaching safepoint: 17794 ns, Cleanup: 3176 ns, At safepoint: 6381467 ns, Total: 6402437 ns
[2024-01-16T12:38:20.694+0000][7][gc,marking  ] GC(87) Concurrent Scan Root Regions 1.140ms
[2024-01-16T12:38:20.694+0000][7][gc,marking  ] GC(87) Concurrent Mark
[2024-01-16T12:38:20.694+0000][7][gc,marking  ] GC(87) Concurrent Mark From Roots
[2024-01-16T12:38:20.694+0000][7][gc,task     ] GC(87) Using 3 workers of 3 for marking
[2024-01-16T12:38:20.719+0000][7][gc,marking  ] GC(87) Concurrent Mark From Roots 25.048ms
[2024-01-16T12:38:20.719+0000][7][gc,marking  ] GC(87) Concurrent Preclean
[2024-01-16T12:38:20.720+0000][7][gc,marking  ] GC(87) Concurrent Preclean 0.304ms
[2024-01-16T12:38:20.720+0000][7][gc,start    ] GC(87) Pause Remark
[2024-01-16T12:38:20.724+0000][7][gc          ] GC(87) Pause Remark 102M->102M(512M) 3.900ms
[2024-01-16T12:38:20.724+0000][7][gc,cpu      ] GC(87) User=0.02s Sys=0.00s Real=0.00s
[2024-01-16T12:38:20.724+0000][7][safepoint   ] Safepoint "G1PauseRemark", Time since last: 26901733 ns, Reaching safepoint: 17844 ns, Cleanup: 4098 ns, At safepoint: 4362603 ns, Total: 4384545 ns
[2024-01-16T12:38:20.725+0000][7][gc,marking  ] GC(87) Concurrent Mark 30.404ms
[2024-01-16T12:38:20.725+0000][7][gc,marking  ] GC(87) Concurrent Rebuild Remembered Sets and Scrub Regions
[2024-01-16T12:38:20.735+0000][7][gc,marking  ] GC(87) Concurrent Rebuild Remembered Sets and Scrub Regions 9.865ms
[2024-01-16T12:38:20.735+0000][7][gc,start    ] GC(87) Pause Cleanup
[2024-01-16T12:38:20.735+0000][7][gc          ] GC(87) Pause Cleanup 102M->102M(512M) 0.233ms
[2024-01-16T12:38:20.735+0000][7][gc,cpu      ] GC(87) User=0.00s Sys=0.00s Real=0.00s
[2024-01-16T12:38:20.735+0000][7][safepoint   ] Safepoint "G1PauseCleanup", Time since last: 10334117 ns, Reaching safepoint: 14017 ns, Cleanup: 2384 ns, At safepoint: 491895 ns, Total: 508296 ns
[2024-01-16T12:38:20.735+0000][7][gc,marking  ] GC(87) Concurrent Clear Claimed Marks
[2024-01-16T12:38:20.736+0000][7][gc,marking  ] GC(87) Concurrent Clear Claimed Marks 0.289ms
[2024-01-16T12:38:20.736+0000][7][gc,marking  ] GC(87) Concurrent Cleanup for Next Mark
[2024-01-16T12:38:20.736+0000][7][gc,marking  ] GC(87) Concurrent Cleanup for Next Mark 0.452ms
[2024-01-16T12:38:20.736+0000][7][gc          ] GC(87) Concurrent Mark Cycle 43.590ms
[2024-01-16T12:38:37.737+0000][7][safepoint   ] Safepoint "Cleanup", Time since last: 17001555393 ns, Reaching safepoint: 19006 ns, Cleanup: 13556 ns, At safepoint: 2845 ns, Total: 35407 ns
[2024-01-16T12:38:39.737+0000][7][safepoint   ] Safepoint "Cleanup", Time since last: 2000447922 ns, Reaching safepoint: 40347 ns, Cleanup: 21511 ns, At safepoint: 5040 ns, Total: 66898 ns
[2024-01-16T12:39:04.562+0000][7][safepoint   ] Safepoint "Cleanup", Time since last: 24824444284 ns, Reaching safepoint: 19657 ns, Cleanup: 16021 ns, At safepoint: 2815 ns, Total: 38493 ns
[2024-01-16T12:39:08.562+0000][7][safepoint   ] Safepoint "Cleanup", Time since last: 4000620403 ns, Reaching safepoint: 19317 ns, Cleanup: 9348 ns, At safepoint: 23825 ns, Total: 52490 ns
[2024-01-16T12:39:20.684+0000][7][gc,start    ] GC(88) Pause Young (Normal) (G1 Evacuation Pause)
[2024-01-16T12:39:20.684+0000][7][gc,task     ] GC(88) Using 12 workers of 13 for evacuation
[2024-01-16T12:39:20.684+0000][7][gc,age      ] GC(88) Desired survivor size 20971520 bytes, new threshold 15 (max threshold 15)
[2024-01-16T12:39:20.687+0000][7][gc,phases   ] GC(88)   Pre Evacuate Collection Set: 0.2ms
[2024-01-16T12:39:20.687+0000][7][gc,phases   ] GC(88)   Merge Heap Roots: 0.1ms
[2024-01-16T12:39:20.688+0000][7][gc,phases   ] GC(88)   Evacuate Collection Set: 2.2ms
[2024-01-16T12:39:20.688+0000][7][gc,phases   ] GC(88)   Post Evacuate Collection Set: 0.6ms
[2024-01-16T12:39:20.688+0000][7][gc,phases   ] GC(88)   Other: 0.3ms
[2024-01-16T12:39:20.688+0000][7][gc,age      ] GC(88) Age table with threshold 15 (max threshold 15)
[2024-01-16T12:39:20.688+0000][7][gc,age      ] GC(88) - age   1:    1793360 bytes,    1793360 total
[2024-01-16T12:39:20.688+0000][7][gc,age      ] GC(88) - age   2:     292360 bytes,    2085720 total
[2024-01-16T12:39:20.688+0000][7][gc,age      ] GC(88) - age   3:      91344 bytes,    2177064 total
[2024-01-16T12:39:20.688+0000][7][gc,age      ] GC(88) - age   4:     206288 bytes,    2383352 total
[2024-01-16T12:39:20.688+0000][7][gc,age      ] GC(88) - age   5:      15784 bytes,    2399136 total
[2024-01-16T12:39:20.689+0000][7][gc,age      ] GC(88) - age   6:     112240 bytes,    2511376 total
[2024-01-16T12:39:20.689+0000][7][gc,age      ] GC(88) - age   7:      25080 bytes,    2536456 total
[2024-01-16T12:39:20.689+0000][7][gc,age      ] GC(88) - age   8:      35056 bytes,    2571512 total
[2024-01-16T12:39:20.689+0000][7][gc,age      ] GC(88) - age   9:       8200 bytes,    2579712 total
[2024-01-16T12:39:20.689+0000][7][gc,age      ] GC(88) - age  10:      12664 bytes,    2592376 total
[2024-01-16T12:39:20.689+0000][7][gc,age      ] GC(88) - age  11:       6976 bytes,    2599352 total
[2024-01-16T12:39:20.689+0000][7][gc,age      ] GC(88) - age  12:       8648 bytes,    2608000 total
[2024-01-16T12:39:20.689+0000][7][gc,age      ] GC(88) - age  13:       5808 bytes,    2613808 total
[2024-01-16T12:39:20.689+0000][7][gc,age      ] GC(88) - age  14:       7552 bytes,    2621360 total
[2024-01-16T12:39:20.689+0000][7][gc,age      ] GC(88) - age  15:       6528 bytes,    2627888 total
[2024-01-16T12:39:20.690+0000][7][gc,heap     ] GC(88) Eden regions: 75->0(75)
[2024-01-16T12:39:20.690+0000][7][gc,heap     ] GC(88) Survivor regions: 1->1(10)
[2024-01-16T12:39:20.690+0000][7][gc,heap     ] GC(88) Old regions: 23->23
[2024-01-16T12:39:20.690+0000][7][gc,heap     ] GC(88) Humongous regions: 2->2
[2024-01-16T12:39:20.690+0000][7][gc,metaspace] GC(88) Metaspace: 120008K(124224K)->120008K(124224K) NonClass: 104229K(106432K)->104229K(106432K) Class: 15779K(17792K)->15779K(17792K)
[2024-01-16T12:39:20.690+0000][7][gc          ] GC(88) Pause Young (Normal) (G1 Evacuation Pause) 401M->102M(512M) 6.374ms
[2024-01-16T12:39:20.690+0000][7][gc,cpu      ] GC(88) User=0.02s Sys=0.00s Real=0.01s
[2024-01-16T12:39:20.690+0000][7][safepoint   ] Safepoint "G1CollectForAllocation", Time since last: 12121223446 ns, Reaching safepoint: 35007 ns, Cleanup: 3086 ns, At safepoint: 6707290 ns, Total: 6745383 ns
[2024-01-16T12:39:28.691+0000][7][safepoint   ] Safepoint "Cleanup", Time since last: 8000900299 ns, Reaching safepoint: 19968 ns, Cleanup: 13055 ns, At safepoint: 3377 ns, Total: 36400 ns
[2024-01-16T12:39:29.692+0000][7][safepoint   ] Safepoint "Cleanup", Time since last: 1000332768 ns, Reaching safepoint: 19988 ns, Cleanup: 20850 ns, At safepoint: 3186 ns, Total: 44024 ns
[2024-01-16T12:39:30.692+0000][7][safepoint   ] Safepoint "Cleanup", Time since last: 1000360402 ns, Reaching safepoint: 16512 ns, Cleanup: 32191 ns, At safepoint: 2896 ns, Total: 51599 ns
[2024-01-16T12:39:31.692+0000][7][safepoint   ] Safepoint "Cleanup", Time since last: 1000239821 ns, Reaching safepoint: 19648 ns, Cleanup: 46859 ns, At safepoint: 3958 ns, Total: 70465 ns
[2024-01-16T12:39:57.582+0000][7][safepoint   ] Safepoint "Cleanup", Time since last: 25889838807 ns, Reaching safepoint: 18345 ns, Cleanup: 9358 ns, At safepoint: 2865 ns, Total: 30568 ns
[2024-01-16T12:40:08.583+0000][7][safepoint   ] Safepoint "Cleanup", Time since last: 11001030241 ns, Reaching safepoint: 16552 ns, Cleanup: 9919 ns, At safepoint: 2424 ns, Total: 28895 ns
[2024-01-16T12:40:08.659+0000][7][gc,start    ] GC(89) Pause Young (Concurrent Start) (G1 Evacuation Pause)
[2024-01-16T12:40:08.659+0000][7][gc,task     ] GC(89) Using 12 workers of 13 for evacuation
[2024-01-16T12:40:08.660+0000][7][gc,age      ] GC(89) Desired survivor size 20971520 bytes, new threshold 15 (max threshold 15)
[2024-01-16T12:40:08.664+0000][7][gc,phases   ] GC(89)   Pre Evacuate Collection Set: 0.2ms
[2024-01-16T12:40:08.664+0000][7][gc,phases   ] GC(89)   Merge Heap Roots: 0.1ms
[2024-01-16T12:40:08.664+0000][7][gc,phases   ] GC(89)   Evacuate Collection Set: 2.9ms
[2024-01-16T12:40:08.664+0000][7][gc,phases   ] GC(89)   Post Evacuate Collection Set: 0.7ms
[2024-01-16T12:40:08.665+0000][7][gc,phases   ] GC(89)   Other: 0.4ms
[2024-01-16T12:40:08.665+0000][7][gc,age      ] GC(89) Age table with threshold 15 (max threshold 15)
[2024-01-16T12:40:08.665+0000][7][gc,age      ] GC(89) - age   1:    5793512 bytes,    5793512 total
[2024-01-16T12:40:08.665+0000][7][gc,age      ] GC(89) - age   2:      37816 bytes,    5831328 total
[2024-01-16T12:40:08.665+0000][7][gc,age      ] GC(89) - age   3:     111520 bytes,    5942848 total
[2024-01-16T12:40:08.665+0000][7][gc,age      ] GC(89) - age   4:      89352 bytes,    6032200 total
[2024-01-16T12:40:08.665+0000][7][gc,age      ] GC(89) - age   5:     202424 bytes,    6234624 total
[2024-01-16T12:40:08.665+0000][7][gc,age      ] GC(89) - age   6:      14344 bytes,    6248968 total
[2024-01-16T12:40:08.665+0000][7][gc,age      ] GC(89) - age   7:     110736 bytes,    6359704 total
[2024-01-16T12:40:08.666+0000][7][gc,age      ] GC(89) - age   8:      23768 bytes,    6383472 total
[2024-01-16T12:40:08.666+0000][7][gc,age      ] GC(89) - age   9:      27352 bytes,    6410824 total
[2024-01-16T12:40:08.666+0000][7][gc,age      ] GC(89) - age  10:       7336 bytes,    6418160 total
[2024-01-16T12:40:08.666+0000][7][gc,age      ] GC(89) - age  11:      12664 bytes,    6430824 total
[2024-01-16T12:40:08.666+0000][7][gc,age      ] GC(89) - age  12:       6976 bytes,    6437800 total
[2024-01-16T12:40:08.666+0000][7][gc,age      ] GC(89) - age  13:       8648 bytes,    6446448 total
[2024-01-16T12:40:08.666+0000][7][gc,age      ] GC(89) - age  14:       5808 bytes,    6452256 total
[2024-01-16T12:40:08.667+0000][7][gc,age      ] GC(89) - age  15:       7552 bytes,    6459808 total
[2024-01-16T12:40:08.667+0000][7][gc,heap     ] GC(89) Eden regions: 75->0(74)
[2024-01-16T12:40:08.667+0000][7][gc,heap     ] GC(89) Survivor regions: 1->2(10)
[2024-01-16T12:40:08.667+0000][7][gc,heap     ] GC(89) Old regions: 23->23
[2024-01-16T12:40:08.667+0000][7][gc,heap     ] GC(89) Humongous regions: 2->2
[2024-01-16T12:40:08.667+0000][7][gc,metaspace] GC(89) Metaspace: 120016K(124224K)->120016K(124224K) NonClass: 104237K(106432K)->104237K(106432K) Class: 15779K(17792K)->15779K(17792K)
[2024-01-16T12:40:08.668+0000][7][gc          ] GC(89) Pause Young (Concurrent Start) (G1 Evacuation Pause) 402M->106M(512M) 8.547ms
[2024-01-16T12:40:08.668+0000][7][gc          ] GC(90) Concurrent Mark Cycle
[2024-01-16T12:40:08.668+0000][7][gc,marking  ] GC(90) Concurrent Scan Root Regions
[2024-01-16T12:40:08.668+0000][7][gc,cpu      ] GC(89) User=0.02s Sys=0.01s Real=0.00s
[2024-01-16T12:40:08.668+0000][7][safepoint   ] Safepoint "G1CollectForAllocation", Time since last: 75687062 ns, Reaching safepoint: 23315 ns, Cleanup: 3627 ns, At safepoint: 9111560 ns, Total: 9138502 ns
[2024-01-16T12:40:08.669+0000][7][gc,marking  ] GC(90) Concurrent Scan Root Regions 1.542ms
[2024-01-16T12:40:08.670+0000][7][gc,marking  ] GC(90) Concurrent Mark
[2024-01-16T12:40:08.670+0000][7][gc,marking  ] GC(90) Concurrent Mark From Roots
[2024-01-16T12:40:08.670+0000][7][gc,task     ] GC(90) Using 3 workers of 3 for marking
[2024-01-16T12:40:08.699+0000][7][gc,marking  ] GC(90) Concurrent Mark From Roots 29.585ms
[2024-01-16T12:40:08.699+0000][7][gc,marking  ] GC(90) Concurrent Preclean
[2024-01-16T12:40:08.700+0000][7][gc,marking  ] GC(90) Concurrent Preclean 0.249ms
[2024-01-16T12:40:08.700+0000][7][gc,start    ] GC(90) Pause Remark
[2024-01-16T12:40:08.704+0000][7][gc          ] GC(90) Pause Remark 109M->109M(512M) 3.768ms
[2024-01-16T12:40:08.704+0000][7][gc,cpu      ] GC(90) User=0.02s Sys=0.00s Real=0.00s
[2024-01-16T12:40:08.704+0000][7][safepoint   ] Safepoint "G1PauseRemark", Time since last: 31773043 ns, Reaching safepoint: 163022 ns, Cleanup: 2755 ns, At safepoint: 4173412 ns, Total: 4339189 ns
[2024-01-16T12:40:08.704+0000][7][gc,marking  ] GC(90) Concurrent Mark 34.826ms
[2024-01-16T12:40:08.705+0000][7][gc,marking  ] GC(90) Concurrent Rebuild Remembered Sets and Scrub Regions
[2024-01-16T12:40:08.714+0000][7][gc,marking  ] GC(90) Concurrent Rebuild Remembered Sets and Scrub Regions 9.355ms
[2024-01-16T12:40:08.714+0000][7][gc,start    ] GC(90) Pause Cleanup
[2024-01-16T12:40:08.714+0000][7][gc          ] GC(90) Pause Cleanup 112M->112M(512M) 0.264ms
[2024-01-16T12:40:08.715+0000][7][gc,cpu      ] GC(90) User=0.00s Sys=0.00s Real=0.00s
[2024-01-16T12:40:08.715+0000][7][safepoint   ] Safepoint "G1PauseCleanup", Time since last: 9795848 ns, Reaching safepoint: 13606 ns, Cleanup: 2885 ns, At safepoint: 534998 ns, Total: 551489 ns
[2024-01-16T12:40:08.715+0000][7][gc,marking  ] GC(90) Concurrent Clear Claimed Marks
[2024-01-16T12:40:08.715+0000][7][gc,marking  ] GC(90) Concurrent Clear Claimed Marks 0.320ms
[2024-01-16T12:40:08.715+0000][7][gc,marking  ] GC(90) Concurrent Cleanup for Next Mark
[2024-01-16T12:40:08.716+0000][7][gc,marking  ] GC(90) Concurrent Cleanup for Next Mark 0.472ms
[2024-01-16T12:40:08.716+0000][7][gc          ] GC(90) Concurrent Mark Cycle 48.004ms
[2024-01-16T12:40:09.715+0000][7][safepoint   ] Safepoint "Cleanup", Time since last: 1000208561 ns, Reaching safepoint: 36440 ns, Cleanup: 9258 ns, At safepoint: 4789 ns, Total: 50487 ns
[2024-01-16T12:40:12.716+0000][7][safepoint   ] Safepoint "Cleanup", Time since last: 3000566697 ns, Reaching safepoint: 27442 ns, Cleanup: 26591 ns, At safepoint: 6282 ns, Total: 60315 ns
[2024-01-16T12:40:13.716+0000][7][safepoint   ] Safepoint "Cleanup", Time since last: 1000406876 ns, Reaching safepoint: 16732 ns, Cleanup: 10870 ns, At safepoint: 12304 ns, Total: 39906 ns
[2024-01-16T12:40:14.776+0000][7][safepoint   ] Safepoint "Cleanup", Time since last: 1059907044 ns, Reaching safepoint: 22363 ns, Cleanup: 44575 ns, At safepoint: 2846 ns, Total: 69784 ns
[2024-01-16T12:40:23.777+0000][7][safepoint   ] Safepoint "Cleanup", Time since last: 9001050312 ns, Reaching safepoint: 16572 ns, Cleanup: 12875 ns, At safepoint: 2935 ns, Total: 32382 ns
[2024-01-16T12:40:24.777+0000][7][safepoint   ] Safepoint "Cleanup", Time since last: 1000399021 ns, Reaching safepoint: 18515 ns, Cleanup: 12103 ns, At safepoint: 2976 ns, Total: 33594 ns
[2024-01-16T12:40:27.778+0000][7][safepoint   ] Safepoint "Cleanup", Time since last: 3000522748 ns, Reaching safepoint: 99750 ns, Cleanup: 8827 ns, At safepoint: 19828 ns, Total: 128405 ns
[2024-01-16T12:40:32.779+0000][7][safepoint   ] Safepoint "Cleanup", Time since last: 5000612385 ns, Reaching safepoint: 20750 ns, Cleanup: 12283 ns, At safepoint: 2866 ns, Total: 35899 ns
[2024-01-16T12:40:48.781+0000][7][safepoint   ] Safepoint "Cleanup", Time since last: 16001716893 ns, Reaching safepoint: 17744 ns, Cleanup: 11261 ns, At safepoint: 2846 ns, Total: 31851 ns
[2024-01-16T12:40:57.455+0000][7][gc,start    ] GC(91) Pause Young (Prepare Mixed) (G1 Evacuation Pause)
[2024-01-16T12:40:57.456+0000][7][gc,task     ] GC(91) Using 12 workers of 13 for evacuation
[2024-01-16T12:40:57.456+0000][7][gc,age      ] GC(91) Desired survivor size 20971520 bytes, new threshold 15 (max threshold 15)
[2024-01-16T12:40:57.459+0000][7][gc,phases   ] GC(91)   Pre Evacuate Collection Set: 0.3ms
[2024-01-16T12:40:57.459+0000][7][gc,phases   ] GC(91)   Merge Heap Roots: 0.1ms
[2024-01-16T12:40:57.459+0000][7][gc,phases   ] GC(91)   Evacuate Collection Set: 2.0ms
[2024-01-16T12:40:57.459+0000][7][gc,phases   ] GC(91)   Post Evacuate Collection Set: 0.7ms
[2024-01-16T12:40:57.460+0000][7][gc,phases   ] GC(91)   Other: 0.3ms
[2024-01-16T12:40:57.460+0000][7][gc,age      ] GC(91) Age table with threshold 15 (max threshold 15)
[2024-01-16T12:40:57.460+0000][7][gc,age      ] GC(91) - age   1:    1383032 bytes,    1383032 total
[2024-01-16T12:40:57.460+0000][7][gc,age      ] GC(91) - age   2:     650720 bytes,    2033752 total
[2024-01-16T12:40:57.460+0000][7][gc,age      ] GC(91) - age   3:      25152 bytes,    2058904 total
[2024-01-16T12:40:57.460+0000][7][gc,age      ] GC(91) - age   4:     104024 bytes,    2162928 total
[2024-01-16T12:40:57.460+0000][7][gc,age      ] GC(91) - age   5:      87000 bytes,    2249928 total
[2024-01-16T12:40:57.460+0000][7][gc,age      ] GC(91) - age   6:     189008 bytes,    2438936 total
[2024-01-16T12:40:57.461+0000][7][gc,age      ] GC(91) - age   7:       5680 bytes,    2444616 total
[2024-01-16T12:40:57.461+0000][7][gc,age      ] GC(91) - age   8:     108544 bytes,    2553160 total
[2024-01-16T12:40:57.461+0000][7][gc,age      ] GC(91) - age   9:       5296 bytes,    2558456 total
[2024-01-16T12:40:57.461+0000][7][gc,age      ] GC(91) - age  10:      25160 bytes,    2583616 total
[2024-01-16T12:40:57.461+0000][7][gc,age      ] GC(91) - age  11:       1856 bytes,    2585472 total
[2024-01-16T12:40:57.461+0000][7][gc,age      ] GC(91) - age  12:      10472 bytes,    2595944 total
[2024-01-16T12:40:57.461+0000][7][gc,age      ] GC(91) - age  13:       1336 bytes,    2597280 total
[2024-01-16T12:40:57.461+0000][7][gc,age      ] GC(91) - age  14:       2840 bytes,    2600120 total
[2024-01-16T12:40:57.461+0000][7][gc,age      ] GC(91) - age  15:       2752 bytes,    2602872 total
[2024-01-16T12:40:57.461+0000][7][gc,heap     ] GC(91) Eden regions: 74->0(75)
[2024-01-16T12:40:57.461+0000][7][gc,heap     ] GC(91) Survivor regions: 2->1(10)
[2024-01-16T12:40:57.462+0000][7][gc,heap     ] GC(91) Old regions: 23->23
[2024-01-16T12:40:57.462+0000][7][gc,heap     ] GC(91) Humongous regions: 2->2
[2024-01-16T12:40:57.462+0000][7][gc,metaspace] GC(91) Metaspace: 120022K(124224K)->120022K(124224K) NonClass: 104241K(106432K)->104241K(106432K) Class: 15780K(17792K)->15780K(17792K)
[2024-01-16T12:40:57.462+0000][7][gc          ] GC(91) Pause Young (Prepare Mixed) (G1 Evacuation Pause) 402M->102M(512M) 6.479ms
[2024-01-16T12:40:57.462+0000][7][gc,cpu      ] GC(91) User=0.02s Sys=0.00s Real=0.01s
[2024-01-16T12:40:57.462+0000][7][safepoint   ] Safepoint "G1CollectForAllocation", Time since last: 8674832612 ns, Reaching safepoint: 29948 ns, Cleanup: 6642 ns, At safepoint: 6780340 ns, Total: 6816930 ns
